[2025-12-28T20:00:25.095+0000] {local_task_job_runner.py:120} INFO - ::group::Pre task execution logs
[2025-12-28T20:00:25.152+0000] {taskinstance.py:2073} INFO - Dependencies all met for dep_context=non-requeueable deps ti=<TaskInstance: fetch_and_upsert_weather.transform_weather_data scheduled__2025-12-28T19:45:00+00:00 [queued]>
[2025-12-28T20:00:25.173+0000] {taskinstance.py:2073} INFO - Dependencies all met for dep_context=requeueable deps ti=<TaskInstance: fetch_and_upsert_weather.transform_weather_data scheduled__2025-12-28T19:45:00+00:00 [queued]>
[2025-12-28T20:00:25.176+0000] {taskinstance.py:2303} INFO - Starting attempt 1 of 2
[2025-12-28T20:00:25.232+0000] {taskinstance.py:2327} INFO - Executing <Task(PythonOperator): transform_weather_data> on 2025-12-28 19:45:00+00:00
[2025-12-28T20:00:25.268+0000] {warnings.py:110} WARNING - /home/***/.local/lib/python3.12/site-packages/***/task/task_runner/standard_task_runner.py:61: DeprecationWarning: This process (pid=2616) is multi-threaded, use of fork() may lead to deadlocks in the child.
  pid = os.fork()

[2025-12-28T20:00:25.278+0000] {standard_task_runner.py:63} INFO - Started process 2618 to run task
[2025-12-28T20:00:25.281+0000] {standard_task_runner.py:90} INFO - Running: ['***', 'tasks', 'run', 'fetch_and_upsert_weather', 'transform_weather_data', 'scheduled__2025-12-28T19:45:00+00:00', '--job-id', '118', '--raw', '--subdir', 'DAGS_FOLDER/etl.py', '--cfg-path', '/tmp/tmpr52lwhl7']
[2025-12-28T20:00:25.291+0000] {standard_task_runner.py:91} INFO - Job 118: Subtask transform_weather_data
[2025-12-28T20:00:25.436+0000] {task_command.py:426} INFO - Running <TaskInstance: fetch_and_upsert_weather.transform_weather_data scheduled__2025-12-28T19:45:00+00:00 [running]> on host 0ce276c6d749
[2025-12-28T20:00:25.681+0000] {taskinstance.py:2644} INFO - Exporting env vars: AIRFLOW_CTX_DAG_OWNER='***' AIRFLOW_CTX_DAG_ID='fetch_and_upsert_weather' AIRFLOW_CTX_TASK_ID='transform_weather_data' AIRFLOW_CTX_EXECUTION_DATE='2025-12-28T19:45:00+00:00' AIRFLOW_CTX_TRY_NUMBER='1' AIRFLOW_CTX_DAG_RUN_ID='scheduled__2025-12-28T19:45:00+00:00'
[2025-12-28T20:00:25.685+0000] {taskinstance.py:430} INFO - ::endgroup::
[2025-12-28T20:00:25.712+0000] {logging_mixin.py:188} INFO - No raw data to transform
[2025-12-28T20:00:25.713+0000] {python.py:237} INFO - Done. Returned value was: None
[2025-12-28T20:00:25.714+0000] {taskinstance.py:441} INFO - ::group::Post task execution logs
[2025-12-28T20:00:25.736+0000] {taskinstance.py:1205} INFO - Marking task as SUCCESS. dag_id=fetch_and_upsert_weather, task_id=transform_weather_data, execution_date=20251228T194500, start_date=20251228T200025, end_date=20251228T200025
[2025-12-28T20:00:25.820+0000] {local_task_job_runner.py:240} INFO - Task exited with return code 0
[2025-12-28T20:00:25.867+0000] {taskinstance.py:3482} INFO - 1 downstream tasks scheduled from follow-on schedule check
[2025-12-28T20:00:25.876+0000] {local_task_job_runner.py:222} INFO - ::endgroup::
