[2025-12-28T18:56:00.847+0000] {local_task_job_runner.py:120} INFO - ::group::Pre task execution logs
[2025-12-28T18:56:00.952+0000] {taskinstance.py:2073} INFO - Dependencies all met for dep_context=non-requeueable deps ti=<TaskInstance: fetch_and_upsert_weather.load_weather_data_to_postgres scheduled__2025-12-28T15:30:00+00:00 [queued]>
[2025-12-28T18:56:00.981+0000] {taskinstance.py:2073} INFO - Dependencies all met for dep_context=requeueable deps ti=<TaskInstance: fetch_and_upsert_weather.load_weather_data_to_postgres scheduled__2025-12-28T15:30:00+00:00 [queued]>
[2025-12-28T18:56:00.983+0000] {taskinstance.py:2303} INFO - Starting attempt 5 of 6
[2025-12-28T18:56:01.042+0000] {taskinstance.py:2327} INFO - Executing <Task(PythonOperator): load_weather_data_to_postgres> on 2025-12-28 15:30:00+00:00
[2025-12-28T18:56:01.074+0000] {warnings.py:110} WARNING - /home/***/.local/lib/python3.12/site-packages/***/task/task_runner/standard_task_runner.py:61: DeprecationWarning: This process (pid=1842) is multi-threaded, use of fork() may lead to deadlocks in the child.
  pid = os.fork()

[2025-12-28T18:56:01.134+0000] {standard_task_runner.py:63} INFO - Started process 1851 to run task
[2025-12-28T18:56:01.105+0000] {standard_task_runner.py:90} INFO - Running: ['***', 'tasks', 'run', 'fetch_and_upsert_weather', 'load_weather_data_to_postgres', 'scheduled__2025-12-28T15:30:00+00:00', '--job-id', '99', '--raw', '--subdir', 'DAGS_FOLDER/etl.py', '--cfg-path', '/tmp/tmpgfmarzx6']
[2025-12-28T18:56:01.151+0000] {standard_task_runner.py:91} INFO - Job 99: Subtask load_weather_data_to_postgres
[2025-12-28T18:56:01.750+0000] {task_command.py:426} INFO - Running <TaskInstance: fetch_and_upsert_weather.load_weather_data_to_postgres scheduled__2025-12-28T15:30:00+00:00 [running]> on host 0ce276c6d749
[2025-12-28T18:56:02.251+0000] {taskinstance.py:2644} INFO - Exporting env vars: AIRFLOW_CTX_DAG_OWNER='***' AIRFLOW_CTX_DAG_ID='fetch_and_upsert_weather' AIRFLOW_CTX_TASK_ID='load_weather_data_to_postgres' AIRFLOW_CTX_EXECUTION_DATE='2025-12-28T15:30:00+00:00' AIRFLOW_CTX_TRY_NUMBER='5' AIRFLOW_CTX_DAG_RUN_ID='scheduled__2025-12-28T15:30:00+00:00'
[2025-12-28T18:56:02.258+0000] {taskinstance.py:430} INFO - ::endgroup::
[2025-12-28T18:56:02.294+0000] {logging_mixin.py:188} INFO - No transformed records to load.
[2025-12-28T18:56:02.295+0000] {python.py:237} INFO - Done. Returned value was: None
[2025-12-28T18:56:02.297+0000] {taskinstance.py:441} INFO - ::group::Post task execution logs
[2025-12-28T18:56:02.331+0000] {taskinstance.py:1205} INFO - Marking task as SUCCESS. dag_id=fetch_and_upsert_weather, task_id=load_weather_data_to_postgres, execution_date=20251228T153000, start_date=20251228T185600, end_date=20251228T185602
[2025-12-28T18:56:02.420+0000] {local_task_job_runner.py:240} INFO - Task exited with return code 0
[2025-12-28T18:56:02.493+0000] {taskinstance.py:3482} INFO - 0 downstream tasks scheduled from follow-on schedule check
[2025-12-28T18:56:02.501+0000] {local_task_job_runner.py:222} INFO - ::endgroup::
