[2025-12-28T17:11:01.329+0000] {local_task_job_runner.py:120} INFO - ::group::Pre task execution logs
[2025-12-28T17:11:01.427+0000] {taskinstance.py:2073} INFO - Dependencies all met for dep_context=non-requeueable deps ti=<TaskInstance: fetch_and_upsert_weather.transform_weather_data scheduled__2025-12-28T15:30:00+00:00 [queued]>
[2025-12-28T17:11:01.457+0000] {taskinstance.py:2073} INFO - Dependencies all met for dep_context=requeueable deps ti=<TaskInstance: fetch_and_upsert_weather.transform_weather_data scheduled__2025-12-28T15:30:00+00:00 [queued]>
[2025-12-28T17:11:01.460+0000] {taskinstance.py:2303} INFO - Starting attempt 3 of 4
[2025-12-28T17:11:01.517+0000] {taskinstance.py:2327} INFO - Executing <Task(PythonOperator): transform_weather_data> on 2025-12-28 15:30:00+00:00
[2025-12-28T17:11:01.554+0000] {warnings.py:110} WARNING - /home/***/.local/lib/python3.12/site-packages/***/task/task_runner/standard_task_runner.py:61: DeprecationWarning: This process (pid=625) is multi-threaded, use of fork() may lead to deadlocks in the child.
  pid = os.fork()

[2025-12-28T17:11:01.562+0000] {standard_task_runner.py:63} INFO - Started process 634 to run task
[2025-12-28T17:11:01.566+0000] {standard_task_runner.py:90} INFO - Running: ['***', 'tasks', 'run', 'fetch_and_upsert_weather', 'transform_weather_data', 'scheduled__2025-12-28T15:30:00+00:00', '--job-id', '74', '--raw', '--subdir', 'DAGS_FOLDER/etl.py', '--cfg-path', '/tmp/tmplnfcffvi']
[2025-12-28T17:11:01.577+0000] {standard_task_runner.py:91} INFO - Job 74: Subtask transform_weather_data
[2025-12-28T17:11:01.806+0000] {task_command.py:426} INFO - Running <TaskInstance: fetch_and_upsert_weather.transform_weather_data scheduled__2025-12-28T15:30:00+00:00 [running]> on host 0ce276c6d749
[2025-12-28T17:11:02.160+0000] {taskinstance.py:2644} INFO - Exporting env vars: AIRFLOW_CTX_DAG_OWNER='***' AIRFLOW_CTX_DAG_ID='fetch_and_upsert_weather' AIRFLOW_CTX_TASK_ID='transform_weather_data' AIRFLOW_CTX_EXECUTION_DATE='2025-12-28T15:30:00+00:00' AIRFLOW_CTX_TRY_NUMBER='3' AIRFLOW_CTX_DAG_RUN_ID='scheduled__2025-12-28T15:30:00+00:00'
[2025-12-28T17:11:02.168+0000] {taskinstance.py:430} INFO - ::endgroup::
[2025-12-28T17:11:02.222+0000] {logging_mixin.py:188} INFO - No raw data to transform
[2025-12-28T17:11:02.225+0000] {python.py:237} INFO - Done. Returned value was: None
[2025-12-28T17:11:02.226+0000] {taskinstance.py:441} INFO - ::group::Post task execution logs
[2025-12-28T17:11:02.284+0000] {taskinstance.py:1205} INFO - Marking task as SUCCESS. dag_id=fetch_and_upsert_weather, task_id=transform_weather_data, execution_date=20251228T153000, start_date=20251228T171101, end_date=20251228T171102
[2025-12-28T17:11:02.389+0000] {local_task_job_runner.py:240} INFO - Task exited with return code 0
[2025-12-28T17:11:02.584+0000] {taskinstance.py:3482} INFO - 0 downstream tasks scheduled from follow-on schedule check
[2025-12-28T17:11:02.595+0000] {local_task_job_runner.py:222} INFO - ::endgroup::
