[2025-12-28T17:04:37.073+0000] {local_task_job_runner.py:120} INFO - ::group::Pre task execution logs
[2025-12-28T17:04:37.131+0000] {taskinstance.py:2073} INFO - Dependencies all met for dep_context=non-requeueable deps ti=<TaskInstance: fetch_and_upsert_weather.transform_weather_data scheduled__2025-12-28T15:30:00+00:00 [queued]>
[2025-12-28T17:04:37.158+0000] {taskinstance.py:2073} INFO - Dependencies all met for dep_context=requeueable deps ti=<TaskInstance: fetch_and_upsert_weather.transform_weather_data scheduled__2025-12-28T15:30:00+00:00 [queued]>
[2025-12-28T17:04:37.161+0000] {taskinstance.py:2303} INFO - Starting attempt 1 of 2
[2025-12-28T17:04:37.221+0000] {taskinstance.py:2327} INFO - Executing <Task(PythonOperator): transform_weather_data> on 2025-12-28 15:30:00+00:00
[2025-12-28T17:04:37.259+0000] {warnings.py:110} WARNING - /home/***/.local/lib/python3.12/site-packages/***/task/task_runner/standard_task_runner.py:61: DeprecationWarning: This process (pid=553) is multi-threaded, use of fork() may lead to deadlocks in the child.
  pid = os.fork()

[2025-12-28T17:04:37.285+0000] {standard_task_runner.py:63} INFO - Started process 555 to run task
[2025-12-28T17:04:37.285+0000] {standard_task_runner.py:90} INFO - Running: ['***', 'tasks', 'run', 'fetch_and_upsert_weather', 'transform_weather_data', 'scheduled__2025-12-28T15:30:00+00:00', '--job-id', '71', '--raw', '--subdir', 'DAGS_FOLDER/etl.py', '--cfg-path', '/tmp/tmp1vxmc_qf']
[2025-12-28T17:04:37.297+0000] {standard_task_runner.py:91} INFO - Job 71: Subtask transform_weather_data
[2025-12-28T17:04:37.476+0000] {task_command.py:426} INFO - Running <TaskInstance: fetch_and_upsert_weather.transform_weather_data scheduled__2025-12-28T15:30:00+00:00 [running]> on host 0ce276c6d749
[2025-12-28T17:04:37.694+0000] {taskinstance.py:2644} INFO - Exporting env vars: AIRFLOW_CTX_DAG_OWNER='***' AIRFLOW_CTX_DAG_ID='fetch_and_upsert_weather' AIRFLOW_CTX_TASK_ID='transform_weather_data' AIRFLOW_CTX_EXECUTION_DATE='2025-12-28T15:30:00+00:00' AIRFLOW_CTX_TRY_NUMBER='1' AIRFLOW_CTX_DAG_RUN_ID='scheduled__2025-12-28T15:30:00+00:00'
[2025-12-28T17:04:37.700+0000] {taskinstance.py:430} INFO - ::endgroup::
[2025-12-28T17:04:37.703+0000] {taskinstance.py:441} INFO - ::group::Post task execution logs
[2025-12-28T17:04:37.704+0000] {taskinstance.py:2890} ERROR - Task failed with exception
Traceback (most recent call last):
  File "/home/airflow/.local/lib/python3.12/site-packages/airflow/models/taskinstance.py", line 465, in _execute_task
    result = _execute_callable(context=context, **execute_callable_kwargs)
             ^^^^^^^^^^^^^^^^^^^^^^^^^^^^^^^^^^^^^^^^^^^^^^^^^^^^^^^^^^^^^
  File "/home/airflow/.local/lib/python3.12/site-packages/airflow/models/taskinstance.py", line 432, in _execute_callable
    return execute_callable(context=context, **execute_callable_kwargs)
           ^^^^^^^^^^^^^^^^^^^^^^^^^^^^^^^^^^^^^^^^^^^^^^^^^^^^^^^^^^^^
  File "/home/airflow/.local/lib/python3.12/site-packages/airflow/models/baseoperator.py", line 400, in wrapper
    return func(self, *args, **kwargs)
           ^^^^^^^^^^^^^^^^^^^^^^^^^^^
  File "/home/airflow/.local/lib/python3.12/site-packages/airflow/operators/python.py", line 235, in execute
    return_value = self.execute_callable()
                   ^^^^^^^^^^^^^^^^^^^^^^^
  File "/home/airflow/.local/lib/python3.12/site-packages/airflow/operators/python.py", line 252, in execute_callable
    return self.python_callable(*self.op_args, **self.op_kwargs)
           ^^^^^^^^^^^^^^^^^^^^^^^^^^^^^^^^^^^^^^^^^^^^^^^^^^^^^
  File "/opt/airflow/dags/etl.py", line 30, in transform_task
    transformed = transform_weather_data()
                  ^^^^^^^^^^^^^^^^^^^^^^^^
TypeError: transform_weather_data() missing 1 required positional argument: 'raw'
[2025-12-28T17:04:37.741+0000] {taskinstance.py:1205} INFO - Marking task as UP_FOR_RETRY. dag_id=fetch_and_upsert_weather, task_id=transform_weather_data, execution_date=20251228T153000, start_date=20251228T170437, end_date=20251228T170437
[2025-12-28T17:04:37.772+0000] {standard_task_runner.py:110} ERROR - Failed to execute job 71 for task transform_weather_data (transform_weather_data() missing 1 required positional argument: 'raw'; 555)
[2025-12-28T17:04:37.828+0000] {local_task_job_runner.py:240} INFO - Task exited with return code 1
[2025-12-28T17:04:37.888+0000] {taskinstance.py:3482} INFO - 0 downstream tasks scheduled from follow-on schedule check
[2025-12-28T17:04:37.896+0000] {local_task_job_runner.py:222} INFO - ::endgroup::
