[2025-12-28T17:31:12.425+0000] {local_task_job_runner.py:120} INFO - ::group::Pre task execution logs
[2025-12-28T17:31:12.551+0000] {taskinstance.py:2073} INFO - Dependencies all met for dep_context=non-requeueable deps ti=<TaskInstance: fetch_and_upsert_weather.transform_weather_data scheduled__2025-12-28T17:15:00+00:00 [queued]>
[2025-12-28T17:31:12.600+0000] {taskinstance.py:2073} INFO - Dependencies all met for dep_context=requeueable deps ti=<TaskInstance: fetch_and_upsert_weather.transform_weather_data scheduled__2025-12-28T17:15:00+00:00 [queued]>
[2025-12-28T17:31:12.602+0000] {taskinstance.py:2303} INFO - Starting attempt 1 of 2
[2025-12-28T17:31:12.661+0000] {taskinstance.py:2327} INFO - Executing <Task(PythonOperator): transform_weather_data> on 2025-12-28 17:15:00+00:00
[2025-12-28T17:31:12.703+0000] {warnings.py:110} WARNING - /home/***/.local/lib/python3.12/site-packages/***/task/task_runner/standard_task_runner.py:61: DeprecationWarning: This process (pid=871) is multi-threaded, use of fork() may lead to deadlocks in the child.
  pid = os.fork()

[2025-12-28T17:31:12.715+0000] {standard_task_runner.py:63} INFO - Started process 873 to run task
[2025-12-28T17:31:12.716+0000] {standard_task_runner.py:90} INFO - Running: ['***', 'tasks', 'run', 'fetch_and_upsert_weather', 'transform_weather_data', 'scheduled__2025-12-28T17:15:00+00:00', '--job-id', '85', '--raw', '--subdir', 'DAGS_FOLDER/etl.py', '--cfg-path', '/tmp/tmpajtm7426']
[2025-12-28T17:31:12.730+0000] {standard_task_runner.py:91} INFO - Job 85: Subtask transform_weather_data
[2025-12-28T17:31:13.037+0000] {task_command.py:426} INFO - Running <TaskInstance: fetch_and_upsert_weather.transform_weather_data scheduled__2025-12-28T17:15:00+00:00 [running]> on host 0ce276c6d749
[2025-12-28T17:31:13.566+0000] {taskinstance.py:2644} INFO - Exporting env vars: AIRFLOW_CTX_DAG_OWNER='***' AIRFLOW_CTX_DAG_ID='fetch_and_upsert_weather' AIRFLOW_CTX_TASK_ID='transform_weather_data' AIRFLOW_CTX_EXECUTION_DATE='2025-12-28T17:15:00+00:00' AIRFLOW_CTX_TRY_NUMBER='1' AIRFLOW_CTX_DAG_RUN_ID='scheduled__2025-12-28T17:15:00+00:00'
[2025-12-28T17:31:13.578+0000] {taskinstance.py:430} INFO - ::endgroup::
[2025-12-28T17:31:13.630+0000] {logging_mixin.py:188} INFO - No raw data to transform
[2025-12-28T17:31:13.632+0000] {python.py:237} INFO - Done. Returned value was: None
[2025-12-28T17:31:13.633+0000] {taskinstance.py:441} INFO - ::group::Post task execution logs
[2025-12-28T17:31:13.668+0000] {taskinstance.py:1205} INFO - Marking task as SUCCESS. dag_id=fetch_and_upsert_weather, task_id=transform_weather_data, execution_date=20251228T171500, start_date=20251228T173112, end_date=20251228T173113
[2025-12-28T17:31:13.783+0000] {local_task_job_runner.py:240} INFO - Task exited with return code 0
[2025-12-28T17:31:13.867+0000] {taskinstance.py:3482} INFO - 1 downstream tasks scheduled from follow-on schedule check
[2025-12-28T17:31:13.876+0000] {local_task_job_runner.py:222} INFO - ::endgroup::
