[2025-12-28T20:00:33.011+0000] {local_task_job_runner.py:120} INFO - ::group::Pre task execution logs
[2025-12-28T20:00:33.098+0000] {taskinstance.py:2073} INFO - Dependencies all met for dep_context=non-requeueable deps ti=<TaskInstance: fetch_and_upsert_weather.load_weather_data_to_postgres scheduled__2025-12-28T19:45:00+00:00 [queued]>
[2025-12-28T20:00:33.122+0000] {taskinstance.py:2073} INFO - Dependencies all met for dep_context=requeueable deps ti=<TaskInstance: fetch_and_upsert_weather.load_weather_data_to_postgres scheduled__2025-12-28T19:45:00+00:00 [queued]>
[2025-12-28T20:00:33.124+0000] {taskinstance.py:2303} INFO - Starting attempt 1 of 2
[2025-12-28T20:00:33.174+0000] {taskinstance.py:2327} INFO - Executing <Task(PythonOperator): load_weather_data_to_postgres> on 2025-12-28 19:45:00+00:00
[2025-12-28T20:00:33.197+0000] {warnings.py:110} WARNING - /home/***/.local/lib/python3.12/site-packages/***/task/task_runner/standard_task_runner.py:61: DeprecationWarning: This process (pid=2619) is multi-threaded, use of fork() may lead to deadlocks in the child.
  pid = os.fork()

[2025-12-28T20:00:33.204+0000] {standard_task_runner.py:63} INFO - Started process 2621 to run task
[2025-12-28T20:00:33.205+0000] {standard_task_runner.py:90} INFO - Running: ['***', 'tasks', 'run', 'fetch_and_upsert_weather', 'load_weather_data_to_postgres', 'scheduled__2025-12-28T19:45:00+00:00', '--job-id', '119', '--raw', '--subdir', 'DAGS_FOLDER/etl.py', '--cfg-path', '/tmp/tmpnqdb907b']
[2025-12-28T20:00:33.213+0000] {standard_task_runner.py:91} INFO - Job 119: Subtask load_weather_data_to_postgres
[2025-12-28T20:00:33.385+0000] {task_command.py:426} INFO - Running <TaskInstance: fetch_and_upsert_weather.load_weather_data_to_postgres scheduled__2025-12-28T19:45:00+00:00 [running]> on host 0ce276c6d749
[2025-12-28T20:00:33.656+0000] {taskinstance.py:2644} INFO - Exporting env vars: AIRFLOW_CTX_DAG_OWNER='***' AIRFLOW_CTX_DAG_ID='fetch_and_upsert_weather' AIRFLOW_CTX_TASK_ID='load_weather_data_to_postgres' AIRFLOW_CTX_EXECUTION_DATE='2025-12-28T19:45:00+00:00' AIRFLOW_CTX_TRY_NUMBER='1' AIRFLOW_CTX_DAG_RUN_ID='scheduled__2025-12-28T19:45:00+00:00'
[2025-12-28T20:00:33.664+0000] {taskinstance.py:430} INFO - ::endgroup::
[2025-12-28T20:00:33.704+0000] {logging_mixin.py:188} INFO - No transformed records to load.
[2025-12-28T20:00:33.706+0000] {python.py:237} INFO - Done. Returned value was: None
[2025-12-28T20:00:33.707+0000] {taskinstance.py:441} INFO - ::group::Post task execution logs
[2025-12-28T20:00:33.738+0000] {taskinstance.py:1205} INFO - Marking task as SUCCESS. dag_id=fetch_and_upsert_weather, task_id=load_weather_data_to_postgres, execution_date=20251228T194500, start_date=20251228T200033, end_date=20251228T200033
[2025-12-28T20:00:33.826+0000] {local_task_job_runner.py:240} INFO - Task exited with return code 0
[2025-12-28T20:00:33.882+0000] {taskinstance.py:3482} INFO - 0 downstream tasks scheduled from follow-on schedule check
[2025-12-28T20:00:33.893+0000] {local_task_job_runner.py:222} INFO - ::endgroup::
