[2025-12-28T19:15:11.000+0000] {local_task_job_runner.py:120} INFO - ::group::Pre task execution logs
[2025-12-28T19:15:11.072+0000] {taskinstance.py:2073} INFO - Dependencies all met for dep_context=non-requeueable deps ti=<TaskInstance: fetch_and_upsert_weather.fetch_weather_data_task scheduled__2025-12-28T19:00:00+00:00 [queued]>
[2025-12-28T19:15:11.092+0000] {taskinstance.py:2073} INFO - Dependencies all met for dep_context=requeueable deps ti=<TaskInstance: fetch_and_upsert_weather.fetch_weather_data_task scheduled__2025-12-28T19:00:00+00:00 [queued]>
[2025-12-28T19:15:11.094+0000] {taskinstance.py:2303} INFO - Starting attempt 1 of 2
[2025-12-28T19:15:11.136+0000] {taskinstance.py:2327} INFO - Executing <Task(PythonOperator): fetch_weather_data_task> on 2025-12-28 19:00:00+00:00
[2025-12-28T19:15:11.164+0000] {warnings.py:110} WARNING - /home/***/.local/lib/python3.12/site-packages/***/task/task_runner/standard_task_runner.py:61: DeprecationWarning: This process (pid=2070) is multi-threaded, use of fork() may lead to deadlocks in the child.
  pid = os.fork()

[2025-12-28T19:15:11.171+0000] {standard_task_runner.py:63} INFO - Started process 2072 to run task
[2025-12-28T19:15:11.170+0000] {standard_task_runner.py:90} INFO - Running: ['***', 'tasks', 'run', 'fetch_and_upsert_weather', 'fetch_weather_data_task', 'scheduled__2025-12-28T19:00:00+00:00', '--job-id', '104', '--raw', '--subdir', 'DAGS_FOLDER/etl.py', '--cfg-path', '/tmp/tmpnrbac5z2']
[2025-12-28T19:15:11.178+0000] {standard_task_runner.py:91} INFO - Job 104: Subtask fetch_weather_data_task
[2025-12-28T19:15:11.327+0000] {task_command.py:426} INFO - Running <TaskInstance: fetch_and_upsert_weather.fetch_weather_data_task scheduled__2025-12-28T19:00:00+00:00 [running]> on host 0ce276c6d749
[2025-12-28T19:15:11.616+0000] {taskinstance.py:2644} INFO - Exporting env vars: AIRFLOW_CTX_DAG_OWNER='***' AIRFLOW_CTX_DAG_ID='fetch_and_upsert_weather' AIRFLOW_CTX_TASK_ID='fetch_weather_data_task' AIRFLOW_CTX_EXECUTION_DATE='2025-12-28T19:00:00+00:00' AIRFLOW_CTX_TRY_NUMBER='1' AIRFLOW_CTX_DAG_RUN_ID='scheduled__2025-12-28T19:00:00+00:00'
[2025-12-28T19:15:11.622+0000] {taskinstance.py:430} INFO - ::endgroup::
[2025-12-28T19:15:15.679+0000] {logging_mixin.py:188} INFO - Error fetching weather data: 401
[2025-12-28T19:15:16.540+0000] {logging_mixin.py:188} INFO - Error fetching weather data: 401
[2025-12-28T19:15:17.361+0000] {logging_mixin.py:188} INFO - Error fetching weather data: 401
[2025-12-28T19:15:18.383+0000] {logging_mixin.py:188} INFO - Error fetching weather data: 401
[2025-12-28T19:15:18.388+0000] {python.py:237} INFO - Done. Returned value was: []
[2025-12-28T19:15:18.393+0000] {taskinstance.py:441} INFO - ::group::Post task execution logs
[2025-12-28T19:15:18.491+0000] {taskinstance.py:1205} INFO - Marking task as SUCCESS. dag_id=fetch_and_upsert_weather, task_id=fetch_weather_data_task, execution_date=20251228T190000, start_date=20251228T191511, end_date=20251228T191518
[2025-12-28T19:15:18.589+0000] {local_task_job_runner.py:240} INFO - Task exited with return code 0
[2025-12-28T19:15:18.734+0000] {taskinstance.py:3482} INFO - 1 downstream tasks scheduled from follow-on schedule check
[2025-12-28T19:15:18.741+0000] {local_task_job_runner.py:222} INFO - ::endgroup::
