[2025-12-28T20:45:37.869+0000] {local_task_job_runner.py:120} INFO - ::group::Pre task execution logs
[2025-12-28T20:45:37.932+0000] {taskinstance.py:2073} INFO - Dependencies all met for dep_context=non-requeueable deps ti=<TaskInstance: fetch_and_upsert_weather.load_weather_data_to_postgres scheduled__2025-12-28T20:30:00+00:00 [queued]>
[2025-12-28T20:45:37.956+0000] {taskinstance.py:2073} INFO - Dependencies all met for dep_context=requeueable deps ti=<TaskInstance: fetch_and_upsert_weather.load_weather_data_to_postgres scheduled__2025-12-28T20:30:00+00:00 [queued]>
[2025-12-28T20:45:37.958+0000] {taskinstance.py:2303} INFO - Starting attempt 1 of 2
[2025-12-28T20:45:38.034+0000] {taskinstance.py:2327} INFO - Executing <Task(PythonOperator): load_weather_data_to_postgres> on 2025-12-28 20:30:00+00:00
[2025-12-28T20:45:38.054+0000] {warnings.py:110} WARNING - /home/***/.local/lib/python3.12/site-packages/***/task/task_runner/standard_task_runner.py:61: DeprecationWarning: This process (pid=3163) is multi-threaded, use of fork() may lead to deadlocks in the child.
  pid = os.fork()

[2025-12-28T20:45:38.058+0000] {standard_task_runner.py:63} INFO - Started process 3165 to run task
[2025-12-28T20:45:38.059+0000] {standard_task_runner.py:90} INFO - Running: ['***', 'tasks', 'run', 'fetch_and_upsert_weather', 'load_weather_data_to_postgres', 'scheduled__2025-12-28T20:30:00+00:00', '--job-id', '131', '--raw', '--subdir', 'DAGS_FOLDER/etl.py', '--cfg-path', '/tmp/tmpdno8oqrw']
[2025-12-28T20:45:38.066+0000] {standard_task_runner.py:91} INFO - Job 131: Subtask load_weather_data_to_postgres
[2025-12-28T20:45:38.241+0000] {task_command.py:426} INFO - Running <TaskInstance: fetch_and_upsert_weather.load_weather_data_to_postgres scheduled__2025-12-28T20:30:00+00:00 [running]> on host 0ce276c6d749
[2025-12-28T20:45:38.521+0000] {taskinstance.py:2644} INFO - Exporting env vars: AIRFLOW_CTX_DAG_OWNER='***' AIRFLOW_CTX_DAG_ID='fetch_and_upsert_weather' AIRFLOW_CTX_TASK_ID='load_weather_data_to_postgres' AIRFLOW_CTX_EXECUTION_DATE='2025-12-28T20:30:00+00:00' AIRFLOW_CTX_TRY_NUMBER='1' AIRFLOW_CTX_DAG_RUN_ID='scheduled__2025-12-28T20:30:00+00:00'
[2025-12-28T20:45:38.527+0000] {taskinstance.py:430} INFO - ::endgroup::
[2025-12-28T20:45:38.563+0000] {logging_mixin.py:188} INFO - No transformed records to load.
[2025-12-28T20:45:38.565+0000] {python.py:237} INFO - Done. Returned value was: None
[2025-12-28T20:45:38.566+0000] {taskinstance.py:441} INFO - ::group::Post task execution logs
[2025-12-28T20:45:38.594+0000] {taskinstance.py:1205} INFO - Marking task as SUCCESS. dag_id=fetch_and_upsert_weather, task_id=load_weather_data_to_postgres, execution_date=20251228T203000, start_date=20251228T204537, end_date=20251228T204538
[2025-12-28T20:45:38.679+0000] {local_task_job_runner.py:240} INFO - Task exited with return code 0
[2025-12-28T20:45:38.744+0000] {taskinstance.py:3482} INFO - 0 downstream tasks scheduled from follow-on schedule check
[2025-12-28T20:45:38.752+0000] {local_task_job_runner.py:222} INFO - ::endgroup::
