[2025-12-28T17:03:51.999+0000] {local_task_job_runner.py:120} INFO - ::group::Pre task execution logs
[2025-12-28T17:03:52.085+0000] {taskinstance.py:2073} INFO - Dependencies all met for dep_context=non-requeueable deps ti=<TaskInstance: fetch_and_upsert_weather.upsert_weather_data scheduled__2025-12-28T16:45:00+00:00 [queued]>
[2025-12-28T17:03:52.113+0000] {taskinstance.py:2073} INFO - Dependencies all met for dep_context=requeueable deps ti=<TaskInstance: fetch_and_upsert_weather.upsert_weather_data scheduled__2025-12-28T16:45:00+00:00 [queued]>
[2025-12-28T17:03:52.115+0000] {taskinstance.py:2303} INFO - Starting attempt 2 of 2
[2025-12-28T17:03:52.160+0000] {taskinstance.py:2327} INFO - Executing <Task(PythonOperator): upsert_weather_data> on 2025-12-28 16:45:00+00:00
[2025-12-28T17:03:52.224+0000] {warnings.py:110} WARNING - /home/***/.local/lib/python3.12/site-packages/***/task/task_runner/standard_task_runner.py:61: DeprecationWarning: This process (pid=537) is multi-threaded, use of fork() may lead to deadlocks in the child.
  pid = os.fork()

[2025-12-28T17:03:52.233+0000] {standard_task_runner.py:63} INFO - Started process 539 to run task
[2025-12-28T17:03:52.232+0000] {standard_task_runner.py:90} INFO - Running: ['***', 'tasks', 'run', 'fetch_and_upsert_weather', 'upsert_weather_data', 'scheduled__2025-12-28T16:45:00+00:00', '--job-id', '68', '--raw', '--subdir', 'DAGS_FOLDER/etl.py', '--cfg-path', '/tmp/tmpvg85tuw1']
[2025-12-28T17:03:52.242+0000] {standard_task_runner.py:91} INFO - Job 68: Subtask upsert_weather_data
[2025-12-28T17:03:52.432+0000] {task_command.py:426} INFO - Running <TaskInstance: fetch_and_upsert_weather.upsert_weather_data scheduled__2025-12-28T16:45:00+00:00 [running]> on host 0ce276c6d749
[2025-12-28T17:03:52.690+0000] {taskinstance.py:2644} INFO - Exporting env vars: AIRFLOW_CTX_DAG_OWNER='***' AIRFLOW_CTX_DAG_ID='fetch_and_upsert_weather' AIRFLOW_CTX_TASK_ID='upsert_weather_data' AIRFLOW_CTX_EXECUTION_DATE='2025-12-28T16:45:00+00:00' AIRFLOW_CTX_TRY_NUMBER='2' AIRFLOW_CTX_DAG_RUN_ID='scheduled__2025-12-28T16:45:00+00:00'
[2025-12-28T17:03:52.696+0000] {taskinstance.py:430} INFO - ::endgroup::
[2025-12-28T17:03:52.730+0000] {logging_mixin.py:188} INFO - No weather data to upsert.
[2025-12-28T17:03:52.732+0000] {python.py:237} INFO - Done. Returned value was: None
[2025-12-28T17:03:52.733+0000] {taskinstance.py:441} INFO - ::group::Post task execution logs
[2025-12-28T17:03:52.765+0000] {taskinstance.py:1205} INFO - Marking task as SUCCESS. dag_id=fetch_and_upsert_weather, task_id=upsert_weather_data, execution_date=20251228T164500, start_date=20251228T170352, end_date=20251228T170352
[2025-12-28T17:03:52.856+0000] {local_task_job_runner.py:240} INFO - Task exited with return code 0
[2025-12-28T17:03:52.936+0000] {taskinstance.py:3482} INFO - 1 downstream tasks scheduled from follow-on schedule check
[2025-12-28T17:03:52.943+0000] {local_task_job_runner.py:222} INFO - ::endgroup::
