[2025-12-28T17:00:30.026+0000] {local_task_job_runner.py:120} INFO - ::group::Pre task execution logs
[2025-12-28T17:00:30.080+0000] {taskinstance.py:2073} INFO - Dependencies all met for dep_context=non-requeueable deps ti=<TaskInstance: fetch_and_upsert_weather.upsert_weather_data scheduled__2025-12-28T16:45:00+00:00 [queued]>
[2025-12-28T17:00:30.096+0000] {taskinstance.py:2073} INFO - Dependencies all met for dep_context=requeueable deps ti=<TaskInstance: fetch_and_upsert_weather.upsert_weather_data scheduled__2025-12-28T16:45:00+00:00 [queued]>
[2025-12-28T17:00:30.098+0000] {taskinstance.py:2303} INFO - Starting attempt 1 of 2
[2025-12-28T17:00:30.131+0000] {taskinstance.py:2327} INFO - Executing <Task(PythonOperator): upsert_weather_data> on 2025-12-28 16:45:00+00:00
[2025-12-28T17:00:30.148+0000] {warnings.py:110} WARNING - /home/***/.local/lib/python3.12/site-packages/***/task/task_runner/standard_task_runner.py:61: DeprecationWarning: This process (pid=492) is multi-threaded, use of fork() may lead to deadlocks in the child.
  pid = os.fork()

[2025-12-28T17:00:30.154+0000] {standard_task_runner.py:63} INFO - Started process 494 to run task
[2025-12-28T17:00:30.155+0000] {standard_task_runner.py:90} INFO - Running: ['***', 'tasks', 'run', 'fetch_and_upsert_weather', 'upsert_weather_data', 'scheduled__2025-12-28T16:45:00+00:00', '--job-id', '66', '--raw', '--subdir', 'DAGS_FOLDER/etl.py', '--cfg-path', '/tmp/tmpm_2md2qa']
[2025-12-28T17:00:30.161+0000] {standard_task_runner.py:91} INFO - Job 66: Subtask upsert_weather_data
[2025-12-28T17:00:30.310+0000] {task_command.py:426} INFO - Running <TaskInstance: fetch_and_upsert_weather.upsert_weather_data scheduled__2025-12-28T16:45:00+00:00 [running]> on host 0ce276c6d749
[2025-12-28T17:00:30.527+0000] {taskinstance.py:2644} INFO - Exporting env vars: AIRFLOW_CTX_DAG_OWNER='***' AIRFLOW_CTX_DAG_ID='fetch_and_upsert_weather' AIRFLOW_CTX_TASK_ID='upsert_weather_data' AIRFLOW_CTX_EXECUTION_DATE='2025-12-28T16:45:00+00:00' AIRFLOW_CTX_TRY_NUMBER='1' AIRFLOW_CTX_DAG_RUN_ID='scheduled__2025-12-28T16:45:00+00:00'
[2025-12-28T17:00:30.533+0000] {taskinstance.py:430} INFO - ::endgroup::
[2025-12-28T17:00:30.661+0000] {taskinstance.py:441} INFO - ::group::Post task execution logs
[2025-12-28T17:00:30.667+0000] {taskinstance.py:2890} ERROR - Task failed with exception
Traceback (most recent call last):
  File "/home/airflow/.local/lib/python3.12/site-packages/airflow/models/taskinstance.py", line 465, in _execute_task
    result = _execute_callable(context=context, **execute_callable_kwargs)
             ^^^^^^^^^^^^^^^^^^^^^^^^^^^^^^^^^^^^^^^^^^^^^^^^^^^^^^^^^^^^^
  File "/home/airflow/.local/lib/python3.12/site-packages/airflow/models/taskinstance.py", line 432, in _execute_callable
    return execute_callable(context=context, **execute_callable_kwargs)
           ^^^^^^^^^^^^^^^^^^^^^^^^^^^^^^^^^^^^^^^^^^^^^^^^^^^^^^^^^^^^
  File "/home/airflow/.local/lib/python3.12/site-packages/airflow/models/baseoperator.py", line 400, in wrapper
    return func(self, *args, **kwargs)
           ^^^^^^^^^^^^^^^^^^^^^^^^^^^
  File "/home/airflow/.local/lib/python3.12/site-packages/airflow/operators/python.py", line 235, in execute
    return_value = self.execute_callable()
                   ^^^^^^^^^^^^^^^^^^^^^^^
  File "/home/airflow/.local/lib/python3.12/site-packages/airflow/operators/python.py", line 252, in execute_callable
    return self.python_callable(*self.op_args, **self.op_kwargs)
           ^^^^^^^^^^^^^^^^^^^^^^^^^^^^^^^^^^^^^^^^^^^^^^^^^^^^^
  File "/opt/airflow/dags/etl.py", line 24, in upsert_weather_task
    upsert_weather(weather_data)
  File "/opt/airflow/dags/src/mongo_staging.py", line 17, in upsert_weather
    for record in records:
TypeError: 'NoneType' object is not iterable
[2025-12-28T17:00:30.692+0000] {taskinstance.py:1205} INFO - Marking task as UP_FOR_RETRY. dag_id=fetch_and_upsert_weather, task_id=upsert_weather_data, execution_date=20251228T164500, start_date=20251228T170030, end_date=20251228T170030
[2025-12-28T17:00:30.731+0000] {standard_task_runner.py:110} ERROR - Failed to execute job 66 for task upsert_weather_data ('NoneType' object is not iterable; 494)
[2025-12-28T17:00:30.774+0000] {local_task_job_runner.py:240} INFO - Task exited with return code 1
[2025-12-28T17:00:30.841+0000] {taskinstance.py:3482} INFO - 0 downstream tasks scheduled from follow-on schedule check
[2025-12-28T17:00:30.848+0000] {local_task_job_runner.py:222} INFO - ::endgroup::
