[2025-12-28T20:45:27.982+0000] {local_task_job_runner.py:120} INFO - ::group::Pre task execution logs
[2025-12-28T20:45:28.043+0000] {taskinstance.py:2073} INFO - Dependencies all met for dep_context=non-requeueable deps ti=<TaskInstance: fetch_and_upsert_weather.transform_weather_data scheduled__2025-12-28T20:30:00+00:00 [queued]>
[2025-12-28T20:45:28.063+0000] {taskinstance.py:2073} INFO - Dependencies all met for dep_context=requeueable deps ti=<TaskInstance: fetch_and_upsert_weather.transform_weather_data scheduled__2025-12-28T20:30:00+00:00 [queued]>
[2025-12-28T20:45:28.066+0000] {taskinstance.py:2303} INFO - Starting attempt 1 of 2
[2025-12-28T20:45:28.106+0000] {taskinstance.py:2327} INFO - Executing <Task(PythonOperator): transform_weather_data> on 2025-12-28 20:30:00+00:00
[2025-12-28T20:45:28.131+0000] {warnings.py:110} WARNING - /home/***/.local/lib/python3.12/site-packages/***/task/task_runner/standard_task_runner.py:61: DeprecationWarning: This process (pid=3160) is multi-threaded, use of fork() may lead to deadlocks in the child.
  pid = os.fork()

[2025-12-28T20:45:28.138+0000] {standard_task_runner.py:63} INFO - Started process 3162 to run task
[2025-12-28T20:45:28.137+0000] {standard_task_runner.py:90} INFO - Running: ['***', 'tasks', 'run', 'fetch_and_upsert_weather', 'transform_weather_data', 'scheduled__2025-12-28T20:30:00+00:00', '--job-id', '130', '--raw', '--subdir', 'DAGS_FOLDER/etl.py', '--cfg-path', '/tmp/tmpo1368l9t']
[2025-12-28T20:45:28.145+0000] {standard_task_runner.py:91} INFO - Job 130: Subtask transform_weather_data
[2025-12-28T20:45:28.310+0000] {task_command.py:426} INFO - Running <TaskInstance: fetch_and_upsert_weather.transform_weather_data scheduled__2025-12-28T20:30:00+00:00 [running]> on host 0ce276c6d749
[2025-12-28T20:45:28.572+0000] {taskinstance.py:2644} INFO - Exporting env vars: AIRFLOW_CTX_DAG_OWNER='***' AIRFLOW_CTX_DAG_ID='fetch_and_upsert_weather' AIRFLOW_CTX_TASK_ID='transform_weather_data' AIRFLOW_CTX_EXECUTION_DATE='2025-12-28T20:30:00+00:00' AIRFLOW_CTX_TRY_NUMBER='1' AIRFLOW_CTX_DAG_RUN_ID='scheduled__2025-12-28T20:30:00+00:00'
[2025-12-28T20:45:28.577+0000] {taskinstance.py:430} INFO - ::endgroup::
[2025-12-28T20:45:28.607+0000] {logging_mixin.py:188} INFO - No raw data to transform
[2025-12-28T20:45:28.609+0000] {python.py:237} INFO - Done. Returned value was: None
[2025-12-28T20:45:28.610+0000] {taskinstance.py:441} INFO - ::group::Post task execution logs
[2025-12-28T20:45:28.636+0000] {taskinstance.py:1205} INFO - Marking task as SUCCESS. dag_id=fetch_and_upsert_weather, task_id=transform_weather_data, execution_date=20251228T203000, start_date=20251228T204528, end_date=20251228T204528
[2025-12-28T20:45:28.724+0000] {local_task_job_runner.py:240} INFO - Task exited with return code 0
[2025-12-28T20:45:28.774+0000] {taskinstance.py:3482} INFO - 0 downstream tasks scheduled from follow-on schedule check
[2025-12-28T20:45:28.783+0000] {local_task_job_runner.py:222} INFO - ::endgroup::
