[2025-12-27T14:15:00.695+0000] {processor.py:161} INFO - Started process (PID=111) to work on /home/airflow/.local/lib/python3.12/site-packages/airflow/example_dags/example_python_decorator.py
[2025-12-27T14:15:00.698+0000] {processor.py:830} INFO - Processing file /home/airflow/.local/lib/python3.12/site-packages/airflow/example_dags/example_python_decorator.py for tasks to queue
[2025-12-27T14:15:00.706+0000] {logging_mixin.py:188} INFO - [2025-12-27T14:15:00.705+0000] {dagbag.py:540} INFO - Filling up the DagBag from /home/airflow/.local/lib/python3.12/site-packages/airflow/example_dags/example_python_decorator.py
[2025-12-27T14:15:00.793+0000] {processor.py:840} INFO - DAG(s) 'example_python_decorator' retrieved from /home/airflow/.local/lib/python3.12/site-packages/airflow/example_dags/example_python_decorator.py
[2025-12-27T14:15:01.795+0000] {logging_mixin.py:188} INFO - [2025-12-27T14:15:01.794+0000] {dag.py:3096} INFO - Sync 1 DAGs
[2025-12-27T14:15:01.902+0000] {logging_mixin.py:188} INFO - [2025-12-27T14:15:01.901+0000] {dag.py:3954} INFO - Setting next_dagrun for example_python_decorator to None, run_after=None
[2025-12-27T14:15:02.106+0000] {processor.py:183} INFO - Processing /home/airflow/.local/lib/python3.12/site-packages/airflow/example_dags/example_python_decorator.py took 1.442 seconds
[2025-12-27T14:15:33.862+0000] {processor.py:161} INFO - Started process (PID=168) to work on /home/airflow/.local/lib/python3.12/site-packages/airflow/example_dags/example_python_decorator.py
[2025-12-27T14:15:33.866+0000] {processor.py:830} INFO - Processing file /home/airflow/.local/lib/python3.12/site-packages/airflow/example_dags/example_python_decorator.py for tasks to queue
[2025-12-27T14:15:33.874+0000] {logging_mixin.py:188} INFO - [2025-12-27T14:15:33.872+0000] {dagbag.py:540} INFO - Filling up the DagBag from /home/airflow/.local/lib/python3.12/site-packages/airflow/example_dags/example_python_decorator.py
[2025-12-27T14:15:33.963+0000] {processor.py:840} INFO - DAG(s) 'example_python_decorator' retrieved from /home/airflow/.local/lib/python3.12/site-packages/airflow/example_dags/example_python_decorator.py
[2025-12-27T14:15:34.045+0000] {logging_mixin.py:188} INFO - [2025-12-27T14:15:34.044+0000] {dag.py:3096} INFO - Sync 1 DAGs
[2025-12-27T14:15:34.090+0000] {logging_mixin.py:188} INFO - [2025-12-27T14:15:34.090+0000] {dag.py:3954} INFO - Setting next_dagrun for example_python_decorator to None, run_after=None
[2025-12-27T14:15:34.176+0000] {processor.py:183} INFO - Processing /home/airflow/.local/lib/python3.12/site-packages/airflow/example_dags/example_python_decorator.py took 0.339 seconds
[2025-12-27T14:16:04.341+0000] {processor.py:161} INFO - Started process (PID=227) to work on /home/airflow/.local/lib/python3.12/site-packages/airflow/example_dags/example_python_decorator.py
[2025-12-27T14:16:04.344+0000] {processor.py:830} INFO - Processing file /home/airflow/.local/lib/python3.12/site-packages/airflow/example_dags/example_python_decorator.py for tasks to queue
[2025-12-27T14:16:04.354+0000] {logging_mixin.py:188} INFO - [2025-12-27T14:16:04.353+0000] {dagbag.py:540} INFO - Filling up the DagBag from /home/airflow/.local/lib/python3.12/site-packages/airflow/example_dags/example_python_decorator.py
[2025-12-27T14:16:04.394+0000] {processor.py:840} INFO - DAG(s) 'example_python_decorator' retrieved from /home/airflow/.local/lib/python3.12/site-packages/airflow/example_dags/example_python_decorator.py
[2025-12-27T14:16:04.467+0000] {logging_mixin.py:188} INFO - [2025-12-27T14:16:04.466+0000] {dag.py:3096} INFO - Sync 1 DAGs
[2025-12-27T14:16:04.515+0000] {logging_mixin.py:188} INFO - [2025-12-27T14:16:04.514+0000] {dag.py:3954} INFO - Setting next_dagrun for example_python_decorator to None, run_after=None
[2025-12-27T14:16:04.574+0000] {processor.py:183} INFO - Processing /home/airflow/.local/lib/python3.12/site-packages/airflow/example_dags/example_python_decorator.py took 0.257 seconds
[2025-12-27T14:16:36.680+0000] {processor.py:161} INFO - Started process (PID=285) to work on /home/airflow/.local/lib/python3.12/site-packages/airflow/example_dags/example_python_decorator.py
[2025-12-27T14:16:36.686+0000] {processor.py:830} INFO - Processing file /home/airflow/.local/lib/python3.12/site-packages/airflow/example_dags/example_python_decorator.py for tasks to queue
[2025-12-27T14:16:36.696+0000] {logging_mixin.py:188} INFO - [2025-12-27T14:16:36.693+0000] {dagbag.py:540} INFO - Filling up the DagBag from /home/airflow/.local/lib/python3.12/site-packages/airflow/example_dags/example_python_decorator.py
[2025-12-27T14:16:36.762+0000] {processor.py:840} INFO - DAG(s) 'example_python_decorator' retrieved from /home/airflow/.local/lib/python3.12/site-packages/airflow/example_dags/example_python_decorator.py
[2025-12-27T14:16:36.833+0000] {logging_mixin.py:188} INFO - [2025-12-27T14:16:36.832+0000] {dag.py:3096} INFO - Sync 1 DAGs
[2025-12-27T14:16:36.883+0000] {logging_mixin.py:188} INFO - [2025-12-27T14:16:36.882+0000] {dag.py:3954} INFO - Setting next_dagrun for example_python_decorator to None, run_after=None
[2025-12-27T14:16:37.000+0000] {processor.py:183} INFO - Processing /home/airflow/.local/lib/python3.12/site-packages/airflow/example_dags/example_python_decorator.py took 0.359 seconds
[2025-12-27T14:17:09.974+0000] {processor.py:161} INFO - Started process (PID=341) to work on /home/airflow/.local/lib/python3.12/site-packages/airflow/example_dags/example_python_decorator.py
[2025-12-27T14:17:09.983+0000] {processor.py:830} INFO - Processing file /home/airflow/.local/lib/python3.12/site-packages/airflow/example_dags/example_python_decorator.py for tasks to queue
[2025-12-27T14:17:09.982+0000] {logging_mixin.py:188} INFO - [2025-12-27T14:17:09.981+0000] {dagbag.py:540} INFO - Filling up the DagBag from /home/airflow/.local/lib/python3.12/site-packages/airflow/example_dags/example_python_decorator.py
[2025-12-27T14:17:10.106+0000] {processor.py:840} INFO - DAG(s) 'example_python_decorator' retrieved from /home/airflow/.local/lib/python3.12/site-packages/airflow/example_dags/example_python_decorator.py
[2025-12-27T14:17:10.280+0000] {logging_mixin.py:188} INFO - [2025-12-27T14:17:10.279+0000] {dag.py:3096} INFO - Sync 1 DAGs
[2025-12-27T14:17:10.421+0000] {logging_mixin.py:188} INFO - [2025-12-27T14:17:10.420+0000] {dag.py:3954} INFO - Setting next_dagrun for example_python_decorator to None, run_after=None
[2025-12-27T14:17:10.583+0000] {processor.py:183} INFO - Processing /home/airflow/.local/lib/python3.12/site-packages/airflow/example_dags/example_python_decorator.py took 0.672 seconds
[2025-12-27T14:18:00.485+0000] {processor.py:161} INFO - Started process (PID=404) to work on /home/airflow/.local/lib/python3.12/site-packages/airflow/example_dags/example_python_decorator.py
[2025-12-27T14:18:00.496+0000] {processor.py:830} INFO - Processing file /home/airflow/.local/lib/python3.12/site-packages/airflow/example_dags/example_python_decorator.py for tasks to queue
[2025-12-27T14:18:00.513+0000] {logging_mixin.py:188} INFO - [2025-12-27T14:18:00.502+0000] {dagbag.py:540} INFO - Filling up the DagBag from /home/airflow/.local/lib/python3.12/site-packages/airflow/example_dags/example_python_decorator.py
[2025-12-27T14:18:00.667+0000] {processor.py:840} INFO - DAG(s) 'example_python_decorator' retrieved from /home/airflow/.local/lib/python3.12/site-packages/airflow/example_dags/example_python_decorator.py
[2025-12-27T14:18:00.848+0000] {logging_mixin.py:188} INFO - [2025-12-27T14:18:00.847+0000] {dag.py:3096} INFO - Sync 1 DAGs
[2025-12-27T14:18:00.987+0000] {logging_mixin.py:188} INFO - [2025-12-27T14:18:00.986+0000] {dag.py:3954} INFO - Setting next_dagrun for example_python_decorator to None, run_after=None
[2025-12-27T14:18:01.219+0000] {processor.py:183} INFO - Processing /home/airflow/.local/lib/python3.12/site-packages/airflow/example_dags/example_python_decorator.py took 0.779 seconds
[2025-12-27T14:18:37.122+0000] {processor.py:161} INFO - Started process (PID=456) to work on /home/airflow/.local/lib/python3.12/site-packages/airflow/example_dags/example_python_decorator.py
[2025-12-27T14:18:37.130+0000] {processor.py:830} INFO - Processing file /home/airflow/.local/lib/python3.12/site-packages/airflow/example_dags/example_python_decorator.py for tasks to queue
[2025-12-27T14:18:37.138+0000] {logging_mixin.py:188} INFO - [2025-12-27T14:18:37.137+0000] {dagbag.py:540} INFO - Filling up the DagBag from /home/airflow/.local/lib/python3.12/site-packages/airflow/example_dags/example_python_decorator.py
[2025-12-27T14:18:37.225+0000] {processor.py:840} INFO - DAG(s) 'example_python_decorator' retrieved from /home/airflow/.local/lib/python3.12/site-packages/airflow/example_dags/example_python_decorator.py
[2025-12-27T14:18:37.411+0000] {logging_mixin.py:188} INFO - [2025-12-27T14:18:37.410+0000] {dag.py:3096} INFO - Sync 1 DAGs
[2025-12-27T14:18:37.526+0000] {logging_mixin.py:188} INFO - [2025-12-27T14:18:37.524+0000] {dag.py:3954} INFO - Setting next_dagrun for example_python_decorator to None, run_after=None
[2025-12-27T14:18:37.596+0000] {processor.py:183} INFO - Processing /home/airflow/.local/lib/python3.12/site-packages/airflow/example_dags/example_python_decorator.py took 0.524 seconds
[2025-12-27T14:19:08.225+0000] {processor.py:161} INFO - Started process (PID=514) to work on /home/airflow/.local/lib/python3.12/site-packages/airflow/example_dags/example_python_decorator.py
[2025-12-27T14:19:08.229+0000] {processor.py:830} INFO - Processing file /home/airflow/.local/lib/python3.12/site-packages/airflow/example_dags/example_python_decorator.py for tasks to queue
[2025-12-27T14:19:08.234+0000] {logging_mixin.py:188} INFO - [2025-12-27T14:19:08.233+0000] {dagbag.py:540} INFO - Filling up the DagBag from /home/airflow/.local/lib/python3.12/site-packages/airflow/example_dags/example_python_decorator.py
[2025-12-27T14:19:08.274+0000] {processor.py:840} INFO - DAG(s) 'example_python_decorator' retrieved from /home/airflow/.local/lib/python3.12/site-packages/airflow/example_dags/example_python_decorator.py
[2025-12-27T14:19:08.333+0000] {logging_mixin.py:188} INFO - [2025-12-27T14:19:08.333+0000] {dag.py:3096} INFO - Sync 1 DAGs
[2025-12-27T14:19:08.384+0000] {logging_mixin.py:188} INFO - [2025-12-27T14:19:08.383+0000] {dag.py:3954} INFO - Setting next_dagrun for example_python_decorator to None, run_after=None
[2025-12-27T14:19:08.442+0000] {processor.py:183} INFO - Processing /home/airflow/.local/lib/python3.12/site-packages/airflow/example_dags/example_python_decorator.py took 0.237 seconds
[2025-12-27T14:19:40.486+0000] {processor.py:161} INFO - Started process (PID=570) to work on /home/airflow/.local/lib/python3.12/site-packages/airflow/example_dags/example_python_decorator.py
[2025-12-27T14:19:40.491+0000] {processor.py:830} INFO - Processing file /home/airflow/.local/lib/python3.12/site-packages/airflow/example_dags/example_python_decorator.py for tasks to queue
[2025-12-27T14:19:40.521+0000] {logging_mixin.py:188} INFO - [2025-12-27T14:19:40.514+0000] {dagbag.py:540} INFO - Filling up the DagBag from /home/airflow/.local/lib/python3.12/site-packages/airflow/example_dags/example_python_decorator.py
[2025-12-27T14:19:40.598+0000] {processor.py:840} INFO - DAG(s) 'example_python_decorator' retrieved from /home/airflow/.local/lib/python3.12/site-packages/airflow/example_dags/example_python_decorator.py
[2025-12-27T14:19:40.723+0000] {logging_mixin.py:188} INFO - [2025-12-27T14:19:40.721+0000] {dag.py:3096} INFO - Sync 1 DAGs
[2025-12-27T14:19:40.787+0000] {logging_mixin.py:188} INFO - [2025-12-27T14:19:40.786+0000] {dag.py:3954} INFO - Setting next_dagrun for example_python_decorator to None, run_after=None
[2025-12-27T14:19:40.859+0000] {processor.py:183} INFO - Processing /home/airflow/.local/lib/python3.12/site-packages/airflow/example_dags/example_python_decorator.py took 0.423 seconds
[2025-12-27T14:20:14.478+0000] {processor.py:161} INFO - Started process (PID=626) to work on /home/airflow/.local/lib/python3.12/site-packages/airflow/example_dags/example_python_decorator.py
[2025-12-27T14:20:14.485+0000] {processor.py:830} INFO - Processing file /home/airflow/.local/lib/python3.12/site-packages/airflow/example_dags/example_python_decorator.py for tasks to queue
[2025-12-27T14:20:14.494+0000] {logging_mixin.py:188} INFO - [2025-12-27T14:20:14.493+0000] {dagbag.py:540} INFO - Filling up the DagBag from /home/airflow/.local/lib/python3.12/site-packages/airflow/example_dags/example_python_decorator.py
[2025-12-27T14:20:14.554+0000] {processor.py:840} INFO - DAG(s) 'example_python_decorator' retrieved from /home/airflow/.local/lib/python3.12/site-packages/airflow/example_dags/example_python_decorator.py
[2025-12-27T14:20:14.639+0000] {logging_mixin.py:188} INFO - [2025-12-27T14:20:14.639+0000] {dag.py:3096} INFO - Sync 1 DAGs
[2025-12-27T14:20:14.694+0000] {logging_mixin.py:188} INFO - [2025-12-27T14:20:14.694+0000] {dag.py:3954} INFO - Setting next_dagrun for example_python_decorator to None, run_after=None
[2025-12-27T14:20:14.753+0000] {processor.py:183} INFO - Processing /home/airflow/.local/lib/python3.12/site-packages/airflow/example_dags/example_python_decorator.py took 0.295 seconds
[2025-12-27T14:20:45.387+0000] {processor.py:161} INFO - Started process (PID=684) to work on /home/airflow/.local/lib/python3.12/site-packages/airflow/example_dags/example_python_decorator.py
[2025-12-27T14:20:45.389+0000] {processor.py:830} INFO - Processing file /home/airflow/.local/lib/python3.12/site-packages/airflow/example_dags/example_python_decorator.py for tasks to queue
[2025-12-27T14:20:45.396+0000] {logging_mixin.py:188} INFO - [2025-12-27T14:20:45.395+0000] {dagbag.py:540} INFO - Filling up the DagBag from /home/airflow/.local/lib/python3.12/site-packages/airflow/example_dags/example_python_decorator.py
[2025-12-27T14:20:45.447+0000] {processor.py:840} INFO - DAG(s) 'example_python_decorator' retrieved from /home/airflow/.local/lib/python3.12/site-packages/airflow/example_dags/example_python_decorator.py
[2025-12-27T14:20:45.518+0000] {logging_mixin.py:188} INFO - [2025-12-27T14:20:45.517+0000] {dag.py:3096} INFO - Sync 1 DAGs
[2025-12-27T14:20:45.557+0000] {logging_mixin.py:188} INFO - [2025-12-27T14:20:45.556+0000] {dag.py:3954} INFO - Setting next_dagrun for example_python_decorator to None, run_after=None
[2025-12-27T14:20:45.622+0000] {processor.py:183} INFO - Processing /home/airflow/.local/lib/python3.12/site-packages/airflow/example_dags/example_python_decorator.py took 0.255 seconds
[2025-12-27T14:21:32.739+0000] {processor.py:161} INFO - Started process (PID=746) to work on /home/airflow/.local/lib/python3.12/site-packages/airflow/example_dags/example_python_decorator.py
[2025-12-27T14:21:32.750+0000] {processor.py:830} INFO - Processing file /home/airflow/.local/lib/python3.12/site-packages/airflow/example_dags/example_python_decorator.py for tasks to queue
[2025-12-27T14:21:32.758+0000] {logging_mixin.py:188} INFO - [2025-12-27T14:21:32.757+0000] {dagbag.py:540} INFO - Filling up the DagBag from /home/airflow/.local/lib/python3.12/site-packages/airflow/example_dags/example_python_decorator.py
[2025-12-27T14:21:32.817+0000] {processor.py:840} INFO - DAG(s) 'example_python_decorator' retrieved from /home/airflow/.local/lib/python3.12/site-packages/airflow/example_dags/example_python_decorator.py
[2025-12-27T14:21:32.922+0000] {logging_mixin.py:188} INFO - [2025-12-27T14:21:32.921+0000] {dag.py:3096} INFO - Sync 1 DAGs
[2025-12-27T14:21:33.015+0000] {logging_mixin.py:188} INFO - [2025-12-27T14:21:33.014+0000] {dag.py:3954} INFO - Setting next_dagrun for example_python_decorator to None, run_after=None
[2025-12-27T14:21:33.880+0000] {processor.py:183} INFO - Processing /home/airflow/.local/lib/python3.12/site-packages/airflow/example_dags/example_python_decorator.py took 1.182 seconds
[2025-12-27T14:22:17.496+0000] {processor.py:161} INFO - Started process (PID=806) to work on /home/airflow/.local/lib/python3.12/site-packages/airflow/example_dags/example_python_decorator.py
[2025-12-27T14:22:17.511+0000] {processor.py:830} INFO - Processing file /home/airflow/.local/lib/python3.12/site-packages/airflow/example_dags/example_python_decorator.py for tasks to queue
[2025-12-27T14:22:17.528+0000] {logging_mixin.py:188} INFO - [2025-12-27T14:22:17.526+0000] {dagbag.py:540} INFO - Filling up the DagBag from /home/airflow/.local/lib/python3.12/site-packages/airflow/example_dags/example_python_decorator.py
[2025-12-27T14:22:17.793+0000] {processor.py:840} INFO - DAG(s) 'example_python_decorator' retrieved from /home/airflow/.local/lib/python3.12/site-packages/airflow/example_dags/example_python_decorator.py
[2025-12-27T14:22:18.553+0000] {logging_mixin.py:188} INFO - [2025-12-27T14:22:18.549+0000] {dag.py:3096} INFO - Sync 1 DAGs
[2025-12-27T14:22:19.900+0000] {logging_mixin.py:188} INFO - [2025-12-27T14:22:19.898+0000] {dag.py:3954} INFO - Setting next_dagrun for example_python_decorator to None, run_after=None
[2025-12-27T14:22:20.311+0000] {processor.py:183} INFO - Processing /home/airflow/.local/lib/python3.12/site-packages/airflow/example_dags/example_python_decorator.py took 2.915 seconds
[2025-12-27T14:23:59.290+0000] {processor.py:161} INFO - Started process (PID=889) to work on /home/airflow/.local/lib/python3.12/site-packages/airflow/example_dags/example_python_decorator.py
[2025-12-27T14:23:59.302+0000] {processor.py:830} INFO - Processing file /home/airflow/.local/lib/python3.12/site-packages/airflow/example_dags/example_python_decorator.py for tasks to queue
[2025-12-27T14:23:59.320+0000] {logging_mixin.py:188} INFO - [2025-12-27T14:23:59.319+0000] {dagbag.py:540} INFO - Filling up the DagBag from /home/airflow/.local/lib/python3.12/site-packages/airflow/example_dags/example_python_decorator.py
[2025-12-27T14:23:59.413+0000] {processor.py:840} INFO - DAG(s) 'example_python_decorator' retrieved from /home/airflow/.local/lib/python3.12/site-packages/airflow/example_dags/example_python_decorator.py
[2025-12-27T14:23:59.612+0000] {logging_mixin.py:188} INFO - [2025-12-27T14:23:59.605+0000] {dag.py:3096} INFO - Sync 1 DAGs
[2025-12-27T14:23:59.710+0000] {logging_mixin.py:188} INFO - [2025-12-27T14:23:59.708+0000] {dag.py:3954} INFO - Setting next_dagrun for example_python_decorator to None, run_after=None
[2025-12-27T14:23:59.870+0000] {processor.py:183} INFO - Processing /home/airflow/.local/lib/python3.12/site-packages/airflow/example_dags/example_python_decorator.py took 0.661 seconds
[2025-12-27T14:24:30.101+0000] {processor.py:161} INFO - Started process (PID=947) to work on /home/airflow/.local/lib/python3.12/site-packages/airflow/example_dags/example_python_decorator.py
[2025-12-27T14:24:30.105+0000] {processor.py:830} INFO - Processing file /home/airflow/.local/lib/python3.12/site-packages/airflow/example_dags/example_python_decorator.py for tasks to queue
[2025-12-27T14:24:30.109+0000] {logging_mixin.py:188} INFO - [2025-12-27T14:24:30.108+0000] {dagbag.py:540} INFO - Filling up the DagBag from /home/airflow/.local/lib/python3.12/site-packages/airflow/example_dags/example_python_decorator.py
[2025-12-27T14:24:30.197+0000] {processor.py:840} INFO - DAG(s) 'example_python_decorator' retrieved from /home/airflow/.local/lib/python3.12/site-packages/airflow/example_dags/example_python_decorator.py
[2025-12-27T14:24:30.304+0000] {logging_mixin.py:188} INFO - [2025-12-27T14:24:30.303+0000] {dag.py:3096} INFO - Sync 1 DAGs
[2025-12-27T14:24:30.368+0000] {logging_mixin.py:188} INFO - [2025-12-27T14:24:30.367+0000] {dag.py:3954} INFO - Setting next_dagrun for example_python_decorator to None, run_after=None
[2025-12-27T14:24:30.442+0000] {processor.py:183} INFO - Processing /home/airflow/.local/lib/python3.12/site-packages/airflow/example_dags/example_python_decorator.py took 0.373 seconds
[2025-12-27T14:25:11.198+0000] {processor.py:161} INFO - Started process (PID=1004) to work on /home/airflow/.local/lib/python3.12/site-packages/airflow/example_dags/example_python_decorator.py
[2025-12-27T14:25:11.209+0000] {processor.py:830} INFO - Processing file /home/airflow/.local/lib/python3.12/site-packages/airflow/example_dags/example_python_decorator.py for tasks to queue
[2025-12-27T14:25:11.216+0000] {logging_mixin.py:188} INFO - [2025-12-27T14:25:11.214+0000] {dagbag.py:540} INFO - Filling up the DagBag from /home/airflow/.local/lib/python3.12/site-packages/airflow/example_dags/example_python_decorator.py
[2025-12-27T14:25:11.329+0000] {processor.py:840} INFO - DAG(s) 'example_python_decorator' retrieved from /home/airflow/.local/lib/python3.12/site-packages/airflow/example_dags/example_python_decorator.py
[2025-12-27T14:25:11.514+0000] {logging_mixin.py:188} INFO - [2025-12-27T14:25:11.513+0000] {dag.py:3096} INFO - Sync 1 DAGs
[2025-12-27T14:25:11.619+0000] {logging_mixin.py:188} INFO - [2025-12-27T14:25:11.618+0000] {dag.py:3954} INFO - Setting next_dagrun for example_python_decorator to None, run_after=None
[2025-12-27T14:25:11.746+0000] {processor.py:183} INFO - Processing /home/airflow/.local/lib/python3.12/site-packages/airflow/example_dags/example_python_decorator.py took 0.590 seconds
[2025-12-27T14:26:26.316+0000] {processor.py:161} INFO - Started process (PID=1075) to work on /home/airflow/.local/lib/python3.12/site-packages/airflow/example_dags/example_python_decorator.py
[2025-12-27T14:26:26.320+0000] {processor.py:830} INFO - Processing file /home/airflow/.local/lib/python3.12/site-packages/airflow/example_dags/example_python_decorator.py for tasks to queue
[2025-12-27T14:26:26.324+0000] {logging_mixin.py:188} INFO - [2025-12-27T14:26:26.323+0000] {dagbag.py:540} INFO - Filling up the DagBag from /home/airflow/.local/lib/python3.12/site-packages/airflow/example_dags/example_python_decorator.py
[2025-12-27T14:26:26.423+0000] {processor.py:840} INFO - DAG(s) 'example_python_decorator' retrieved from /home/airflow/.local/lib/python3.12/site-packages/airflow/example_dags/example_python_decorator.py
[2025-12-27T14:26:26.543+0000] {logging_mixin.py:188} INFO - [2025-12-27T14:26:26.542+0000] {dag.py:3096} INFO - Sync 1 DAGs
[2025-12-27T14:26:26.639+0000] {logging_mixin.py:188} INFO - [2025-12-27T14:26:26.638+0000] {dag.py:3954} INFO - Setting next_dagrun for example_python_decorator to None, run_after=None
[2025-12-27T14:26:26.764+0000] {processor.py:183} INFO - Processing /home/airflow/.local/lib/python3.12/site-packages/airflow/example_dags/example_python_decorator.py took 0.474 seconds
[2025-12-27T14:27:40.807+0000] {processor.py:161} INFO - Started process (PID=1150) to work on /home/airflow/.local/lib/python3.12/site-packages/airflow/example_dags/example_python_decorator.py
[2025-12-27T14:27:40.820+0000] {processor.py:830} INFO - Processing file /home/airflow/.local/lib/python3.12/site-packages/airflow/example_dags/example_python_decorator.py for tasks to queue
[2025-12-27T14:27:40.827+0000] {logging_mixin.py:188} INFO - [2025-12-27T14:27:40.826+0000] {dagbag.py:540} INFO - Filling up the DagBag from /home/airflow/.local/lib/python3.12/site-packages/airflow/example_dags/example_python_decorator.py
[2025-12-27T14:27:40.938+0000] {processor.py:840} INFO - DAG(s) 'example_python_decorator' retrieved from /home/airflow/.local/lib/python3.12/site-packages/airflow/example_dags/example_python_decorator.py
[2025-12-27T14:27:41.088+0000] {logging_mixin.py:188} INFO - [2025-12-27T14:27:41.088+0000] {dag.py:3096} INFO - Sync 1 DAGs
[2025-12-27T14:27:41.157+0000] {logging_mixin.py:188} INFO - [2025-12-27T14:27:41.156+0000] {dag.py:3954} INFO - Setting next_dagrun for example_python_decorator to None, run_after=None
[2025-12-27T14:27:41.322+0000] {processor.py:183} INFO - Processing /home/airflow/.local/lib/python3.12/site-packages/airflow/example_dags/example_python_decorator.py took 0.549 seconds
[2025-12-27T14:28:13.240+0000] {processor.py:161} INFO - Started process (PID=1208) to work on /home/airflow/.local/lib/python3.12/site-packages/airflow/example_dags/example_python_decorator.py
[2025-12-27T14:28:13.246+0000] {processor.py:830} INFO - Processing file /home/airflow/.local/lib/python3.12/site-packages/airflow/example_dags/example_python_decorator.py for tasks to queue
[2025-12-27T14:28:13.251+0000] {logging_mixin.py:188} INFO - [2025-12-27T14:28:13.249+0000] {dagbag.py:540} INFO - Filling up the DagBag from /home/airflow/.local/lib/python3.12/site-packages/airflow/example_dags/example_python_decorator.py
[2025-12-27T14:28:13.321+0000] {processor.py:840} INFO - DAG(s) 'example_python_decorator' retrieved from /home/airflow/.local/lib/python3.12/site-packages/airflow/example_dags/example_python_decorator.py
[2025-12-27T14:28:13.464+0000] {logging_mixin.py:188} INFO - [2025-12-27T14:28:13.463+0000] {dag.py:3096} INFO - Sync 1 DAGs
[2025-12-27T14:28:13.522+0000] {logging_mixin.py:188} INFO - [2025-12-27T14:28:13.521+0000] {dag.py:3954} INFO - Setting next_dagrun for example_python_decorator to None, run_after=None
[2025-12-27T14:28:13.606+0000] {processor.py:183} INFO - Processing /home/airflow/.local/lib/python3.12/site-packages/airflow/example_dags/example_python_decorator.py took 0.395 seconds
[2025-12-27T14:28:45.975+0000] {processor.py:161} INFO - Started process (PID=1266) to work on /home/airflow/.local/lib/python3.12/site-packages/airflow/example_dags/example_python_decorator.py
[2025-12-27T14:28:45.979+0000] {processor.py:830} INFO - Processing file /home/airflow/.local/lib/python3.12/site-packages/airflow/example_dags/example_python_decorator.py for tasks to queue
[2025-12-27T14:28:45.983+0000] {logging_mixin.py:188} INFO - [2025-12-27T14:28:45.981+0000] {dagbag.py:540} INFO - Filling up the DagBag from /home/airflow/.local/lib/python3.12/site-packages/airflow/example_dags/example_python_decorator.py
[2025-12-27T14:28:46.055+0000] {processor.py:840} INFO - DAG(s) 'example_python_decorator' retrieved from /home/airflow/.local/lib/python3.12/site-packages/airflow/example_dags/example_python_decorator.py
[2025-12-27T14:28:46.172+0000] {logging_mixin.py:188} INFO - [2025-12-27T14:28:46.172+0000] {dag.py:3096} INFO - Sync 1 DAGs
[2025-12-27T14:28:46.232+0000] {logging_mixin.py:188} INFO - [2025-12-27T14:28:46.232+0000] {dag.py:3954} INFO - Setting next_dagrun for example_python_decorator to None, run_after=None
[2025-12-27T14:28:46.304+0000] {processor.py:183} INFO - Processing /home/airflow/.local/lib/python3.12/site-packages/airflow/example_dags/example_python_decorator.py took 0.362 seconds
[2025-12-27T14:29:17.874+0000] {processor.py:161} INFO - Started process (PID=1323) to work on /home/airflow/.local/lib/python3.12/site-packages/airflow/example_dags/example_python_decorator.py
[2025-12-27T14:29:17.879+0000] {processor.py:830} INFO - Processing file /home/airflow/.local/lib/python3.12/site-packages/airflow/example_dags/example_python_decorator.py for tasks to queue
[2025-12-27T14:29:17.882+0000] {logging_mixin.py:188} INFO - [2025-12-27T14:29:17.881+0000] {dagbag.py:540} INFO - Filling up the DagBag from /home/airflow/.local/lib/python3.12/site-packages/airflow/example_dags/example_python_decorator.py
[2025-12-27T14:29:17.945+0000] {processor.py:840} INFO - DAG(s) 'example_python_decorator' retrieved from /home/airflow/.local/lib/python3.12/site-packages/airflow/example_dags/example_python_decorator.py
[2025-12-27T14:29:18.036+0000] {logging_mixin.py:188} INFO - [2025-12-27T14:29:18.035+0000] {dag.py:3096} INFO - Sync 1 DAGs
[2025-12-27T14:29:18.168+0000] {logging_mixin.py:188} INFO - [2025-12-27T14:29:18.167+0000] {dag.py:3954} INFO - Setting next_dagrun for example_python_decorator to None, run_after=None
[2025-12-27T14:29:18.265+0000] {processor.py:183} INFO - Processing /home/airflow/.local/lib/python3.12/site-packages/airflow/example_dags/example_python_decorator.py took 0.422 seconds
[2025-12-27T14:29:48.478+0000] {processor.py:161} INFO - Started process (PID=1380) to work on /home/airflow/.local/lib/python3.12/site-packages/airflow/example_dags/example_python_decorator.py
[2025-12-27T14:29:48.483+0000] {processor.py:830} INFO - Processing file /home/airflow/.local/lib/python3.12/site-packages/airflow/example_dags/example_python_decorator.py for tasks to queue
[2025-12-27T14:29:48.488+0000] {logging_mixin.py:188} INFO - [2025-12-27T14:29:48.487+0000] {dagbag.py:540} INFO - Filling up the DagBag from /home/airflow/.local/lib/python3.12/site-packages/airflow/example_dags/example_python_decorator.py
[2025-12-27T14:29:48.542+0000] {processor.py:840} INFO - DAG(s) 'example_python_decorator' retrieved from /home/airflow/.local/lib/python3.12/site-packages/airflow/example_dags/example_python_decorator.py
[2025-12-27T14:29:48.637+0000] {logging_mixin.py:188} INFO - [2025-12-27T14:29:48.636+0000] {dag.py:3096} INFO - Sync 1 DAGs
[2025-12-27T14:29:48.682+0000] {logging_mixin.py:188} INFO - [2025-12-27T14:29:48.681+0000] {dag.py:3954} INFO - Setting next_dagrun for example_python_decorator to None, run_after=None
[2025-12-27T14:29:48.816+0000] {processor.py:183} INFO - Processing /home/airflow/.local/lib/python3.12/site-packages/airflow/example_dags/example_python_decorator.py took 0.377 seconds
[2025-12-27T14:30:19.569+0000] {processor.py:161} INFO - Started process (PID=1446) to work on /home/airflow/.local/lib/python3.12/site-packages/airflow/example_dags/example_python_decorator.py
[2025-12-27T14:30:19.573+0000] {processor.py:830} INFO - Processing file /home/airflow/.local/lib/python3.12/site-packages/airflow/example_dags/example_python_decorator.py for tasks to queue
[2025-12-27T14:30:19.577+0000] {logging_mixin.py:188} INFO - [2025-12-27T14:30:19.575+0000] {dagbag.py:540} INFO - Filling up the DagBag from /home/airflow/.local/lib/python3.12/site-packages/airflow/example_dags/example_python_decorator.py
[2025-12-27T14:30:19.715+0000] {processor.py:840} INFO - DAG(s) 'example_python_decorator' retrieved from /home/airflow/.local/lib/python3.12/site-packages/airflow/example_dags/example_python_decorator.py
[2025-12-27T14:30:20.030+0000] {logging_mixin.py:188} INFO - [2025-12-27T14:30:20.029+0000] {dag.py:3096} INFO - Sync 1 DAGs
[2025-12-27T14:30:20.211+0000] {logging_mixin.py:188} INFO - [2025-12-27T14:30:20.210+0000] {dag.py:3954} INFO - Setting next_dagrun for example_python_decorator to None, run_after=None
[2025-12-27T14:30:20.404+0000] {processor.py:183} INFO - Processing /home/airflow/.local/lib/python3.12/site-packages/airflow/example_dags/example_python_decorator.py took 0.869 seconds
[2025-12-27T14:30:50.829+0000] {processor.py:161} INFO - Started process (PID=1504) to work on /home/airflow/.local/lib/python3.12/site-packages/airflow/example_dags/example_python_decorator.py
[2025-12-27T14:30:50.833+0000] {processor.py:830} INFO - Processing file /home/airflow/.local/lib/python3.12/site-packages/airflow/example_dags/example_python_decorator.py for tasks to queue
[2025-12-27T14:30:50.835+0000] {logging_mixin.py:188} INFO - [2025-12-27T14:30:50.834+0000] {dagbag.py:540} INFO - Filling up the DagBag from /home/airflow/.local/lib/python3.12/site-packages/airflow/example_dags/example_python_decorator.py
[2025-12-27T14:30:50.870+0000] {processor.py:840} INFO - DAG(s) 'example_python_decorator' retrieved from /home/airflow/.local/lib/python3.12/site-packages/airflow/example_dags/example_python_decorator.py
[2025-12-27T14:30:50.936+0000] {logging_mixin.py:188} INFO - [2025-12-27T14:30:50.935+0000] {dag.py:3096} INFO - Sync 1 DAGs
[2025-12-27T14:30:50.968+0000] {logging_mixin.py:188} INFO - [2025-12-27T14:30:50.967+0000] {dag.py:3954} INFO - Setting next_dagrun for example_python_decorator to None, run_after=None
[2025-12-27T14:30:51.024+0000] {processor.py:183} INFO - Processing /home/airflow/.local/lib/python3.12/site-packages/airflow/example_dags/example_python_decorator.py took 0.211 seconds
[2025-12-27T14:31:21.296+0000] {processor.py:161} INFO - Started process (PID=1562) to work on /home/airflow/.local/lib/python3.12/site-packages/airflow/example_dags/example_python_decorator.py
[2025-12-27T14:31:21.302+0000] {processor.py:830} INFO - Processing file /home/airflow/.local/lib/python3.12/site-packages/airflow/example_dags/example_python_decorator.py for tasks to queue
[2025-12-27T14:31:21.306+0000] {logging_mixin.py:188} INFO - [2025-12-27T14:31:21.305+0000] {dagbag.py:540} INFO - Filling up the DagBag from /home/airflow/.local/lib/python3.12/site-packages/airflow/example_dags/example_python_decorator.py
[2025-12-27T14:31:21.357+0000] {processor.py:840} INFO - DAG(s) 'example_python_decorator' retrieved from /home/airflow/.local/lib/python3.12/site-packages/airflow/example_dags/example_python_decorator.py
[2025-12-27T14:31:21.446+0000] {logging_mixin.py:188} INFO - [2025-12-27T14:31:21.445+0000] {dag.py:3096} INFO - Sync 1 DAGs
[2025-12-27T14:31:21.514+0000] {logging_mixin.py:188} INFO - [2025-12-27T14:31:21.513+0000] {dag.py:3954} INFO - Setting next_dagrun for example_python_decorator to None, run_after=None
[2025-12-27T14:31:21.594+0000] {processor.py:183} INFO - Processing /home/airflow/.local/lib/python3.12/site-packages/airflow/example_dags/example_python_decorator.py took 0.318 seconds
[2025-12-27T14:31:52.028+0000] {processor.py:161} INFO - Started process (PID=1620) to work on /home/airflow/.local/lib/python3.12/site-packages/airflow/example_dags/example_python_decorator.py
[2025-12-27T14:31:52.032+0000] {processor.py:830} INFO - Processing file /home/airflow/.local/lib/python3.12/site-packages/airflow/example_dags/example_python_decorator.py for tasks to queue
[2025-12-27T14:31:52.034+0000] {logging_mixin.py:188} INFO - [2025-12-27T14:31:52.033+0000] {dagbag.py:540} INFO - Filling up the DagBag from /home/airflow/.local/lib/python3.12/site-packages/airflow/example_dags/example_python_decorator.py
[2025-12-27T14:31:52.075+0000] {processor.py:840} INFO - DAG(s) 'example_python_decorator' retrieved from /home/airflow/.local/lib/python3.12/site-packages/airflow/example_dags/example_python_decorator.py
[2025-12-27T14:31:52.138+0000] {logging_mixin.py:188} INFO - [2025-12-27T14:31:52.137+0000] {dag.py:3096} INFO - Sync 1 DAGs
[2025-12-27T14:31:52.171+0000] {logging_mixin.py:188} INFO - [2025-12-27T14:31:52.170+0000] {dag.py:3954} INFO - Setting next_dagrun for example_python_decorator to None, run_after=None
[2025-12-27T14:31:52.227+0000] {processor.py:183} INFO - Processing /home/airflow/.local/lib/python3.12/site-packages/airflow/example_dags/example_python_decorator.py took 0.220 seconds
[2025-12-27T14:32:22.447+0000] {processor.py:161} INFO - Started process (PID=1678) to work on /home/airflow/.local/lib/python3.12/site-packages/airflow/example_dags/example_python_decorator.py
[2025-12-27T14:32:22.449+0000] {processor.py:830} INFO - Processing file /home/airflow/.local/lib/python3.12/site-packages/airflow/example_dags/example_python_decorator.py for tasks to queue
[2025-12-27T14:32:22.452+0000] {logging_mixin.py:188} INFO - [2025-12-27T14:32:22.451+0000] {dagbag.py:540} INFO - Filling up the DagBag from /home/airflow/.local/lib/python3.12/site-packages/airflow/example_dags/example_python_decorator.py
[2025-12-27T14:32:22.486+0000] {processor.py:840} INFO - DAG(s) 'example_python_decorator' retrieved from /home/airflow/.local/lib/python3.12/site-packages/airflow/example_dags/example_python_decorator.py
[2025-12-27T14:32:22.549+0000] {logging_mixin.py:188} INFO - [2025-12-27T14:32:22.548+0000] {dag.py:3096} INFO - Sync 1 DAGs
[2025-12-27T14:32:22.593+0000] {logging_mixin.py:188} INFO - [2025-12-27T14:32:22.592+0000] {dag.py:3954} INFO - Setting next_dagrun for example_python_decorator to None, run_after=None
[2025-12-27T14:32:22.654+0000] {processor.py:183} INFO - Processing /home/airflow/.local/lib/python3.12/site-packages/airflow/example_dags/example_python_decorator.py took 0.224 seconds
[2025-12-27T14:32:53.338+0000] {processor.py:161} INFO - Started process (PID=1737) to work on /home/airflow/.local/lib/python3.12/site-packages/airflow/example_dags/example_python_decorator.py
[2025-12-27T14:32:53.341+0000] {processor.py:830} INFO - Processing file /home/airflow/.local/lib/python3.12/site-packages/airflow/example_dags/example_python_decorator.py for tasks to queue
[2025-12-27T14:32:53.343+0000] {logging_mixin.py:188} INFO - [2025-12-27T14:32:53.342+0000] {dagbag.py:540} INFO - Filling up the DagBag from /home/airflow/.local/lib/python3.12/site-packages/airflow/example_dags/example_python_decorator.py
[2025-12-27T14:32:53.382+0000] {processor.py:840} INFO - DAG(s) 'example_python_decorator' retrieved from /home/airflow/.local/lib/python3.12/site-packages/airflow/example_dags/example_python_decorator.py
[2025-12-27T14:32:53.449+0000] {logging_mixin.py:188} INFO - [2025-12-27T14:32:53.448+0000] {dag.py:3096} INFO - Sync 1 DAGs
[2025-12-27T14:32:53.486+0000] {logging_mixin.py:188} INFO - [2025-12-27T14:32:53.485+0000] {dag.py:3954} INFO - Setting next_dagrun for example_python_decorator to None, run_after=None
[2025-12-27T14:32:53.540+0000] {processor.py:183} INFO - Processing /home/airflow/.local/lib/python3.12/site-packages/airflow/example_dags/example_python_decorator.py took 0.219 seconds
[2025-12-27T14:33:23.773+0000] {processor.py:161} INFO - Started process (PID=1795) to work on /home/airflow/.local/lib/python3.12/site-packages/airflow/example_dags/example_python_decorator.py
[2025-12-27T14:33:23.776+0000] {processor.py:830} INFO - Processing file /home/airflow/.local/lib/python3.12/site-packages/airflow/example_dags/example_python_decorator.py for tasks to queue
[2025-12-27T14:33:23.780+0000] {logging_mixin.py:188} INFO - [2025-12-27T14:33:23.779+0000] {dagbag.py:540} INFO - Filling up the DagBag from /home/airflow/.local/lib/python3.12/site-packages/airflow/example_dags/example_python_decorator.py
[2025-12-27T14:33:23.823+0000] {processor.py:840} INFO - DAG(s) 'example_python_decorator' retrieved from /home/airflow/.local/lib/python3.12/site-packages/airflow/example_dags/example_python_decorator.py
[2025-12-27T14:33:23.899+0000] {logging_mixin.py:188} INFO - [2025-12-27T14:33:23.899+0000] {dag.py:3096} INFO - Sync 1 DAGs
[2025-12-27T14:33:23.941+0000] {logging_mixin.py:188} INFO - [2025-12-27T14:33:23.940+0000] {dag.py:3954} INFO - Setting next_dagrun for example_python_decorator to None, run_after=None
[2025-12-27T14:33:23.998+0000] {processor.py:183} INFO - Processing /home/airflow/.local/lib/python3.12/site-packages/airflow/example_dags/example_python_decorator.py took 0.246 seconds
[2025-12-27T14:33:54.203+0000] {processor.py:161} INFO - Started process (PID=1853) to work on /home/airflow/.local/lib/python3.12/site-packages/airflow/example_dags/example_python_decorator.py
[2025-12-27T14:33:54.207+0000] {processor.py:830} INFO - Processing file /home/airflow/.local/lib/python3.12/site-packages/airflow/example_dags/example_python_decorator.py for tasks to queue
[2025-12-27T14:33:54.210+0000] {logging_mixin.py:188} INFO - [2025-12-27T14:33:54.209+0000] {dagbag.py:540} INFO - Filling up the DagBag from /home/airflow/.local/lib/python3.12/site-packages/airflow/example_dags/example_python_decorator.py
[2025-12-27T14:33:54.256+0000] {processor.py:840} INFO - DAG(s) 'example_python_decorator' retrieved from /home/airflow/.local/lib/python3.12/site-packages/airflow/example_dags/example_python_decorator.py
[2025-12-27T14:33:54.349+0000] {logging_mixin.py:188} INFO - [2025-12-27T14:33:54.348+0000] {dag.py:3096} INFO - Sync 1 DAGs
[2025-12-27T14:33:54.386+0000] {logging_mixin.py:188} INFO - [2025-12-27T14:33:54.385+0000] {dag.py:3954} INFO - Setting next_dagrun for example_python_decorator to None, run_after=None
[2025-12-27T14:33:54.470+0000] {processor.py:183} INFO - Processing /home/airflow/.local/lib/python3.12/site-packages/airflow/example_dags/example_python_decorator.py took 0.295 seconds
[2025-12-27T14:34:27.385+0000] {processor.py:161} INFO - Started process (PID=1911) to work on /home/airflow/.local/lib/python3.12/site-packages/airflow/example_dags/example_python_decorator.py
[2025-12-27T14:34:27.389+0000] {processor.py:830} INFO - Processing file /home/airflow/.local/lib/python3.12/site-packages/airflow/example_dags/example_python_decorator.py for tasks to queue
[2025-12-27T14:34:27.392+0000] {logging_mixin.py:188} INFO - [2025-12-27T14:34:27.391+0000] {dagbag.py:540} INFO - Filling up the DagBag from /home/airflow/.local/lib/python3.12/site-packages/airflow/example_dags/example_python_decorator.py
[2025-12-27T14:34:27.446+0000] {processor.py:840} INFO - DAG(s) 'example_python_decorator' retrieved from /home/airflow/.local/lib/python3.12/site-packages/airflow/example_dags/example_python_decorator.py
[2025-12-27T14:34:27.539+0000] {logging_mixin.py:188} INFO - [2025-12-27T14:34:27.539+0000] {dag.py:3096} INFO - Sync 1 DAGs
[2025-12-27T14:34:27.637+0000] {logging_mixin.py:188} INFO - [2025-12-27T14:34:27.636+0000] {dag.py:3954} INFO - Setting next_dagrun for example_python_decorator to None, run_after=None
[2025-12-27T14:34:27.722+0000] {processor.py:183} INFO - Processing /home/airflow/.local/lib/python3.12/site-packages/airflow/example_dags/example_python_decorator.py took 0.366 seconds
[2025-12-27T14:34:58.586+0000] {processor.py:161} INFO - Started process (PID=1970) to work on /home/airflow/.local/lib/python3.12/site-packages/airflow/example_dags/example_python_decorator.py
[2025-12-27T14:34:58.590+0000] {processor.py:830} INFO - Processing file /home/airflow/.local/lib/python3.12/site-packages/airflow/example_dags/example_python_decorator.py for tasks to queue
[2025-12-27T14:34:58.594+0000] {logging_mixin.py:188} INFO - [2025-12-27T14:34:58.593+0000] {dagbag.py:540} INFO - Filling up the DagBag from /home/airflow/.local/lib/python3.12/site-packages/airflow/example_dags/example_python_decorator.py
[2025-12-27T14:34:58.652+0000] {processor.py:840} INFO - DAG(s) 'example_python_decorator' retrieved from /home/airflow/.local/lib/python3.12/site-packages/airflow/example_dags/example_python_decorator.py
[2025-12-27T14:34:58.752+0000] {logging_mixin.py:188} INFO - [2025-12-27T14:34:58.752+0000] {dag.py:3096} INFO - Sync 1 DAGs
[2025-12-27T14:34:58.800+0000] {logging_mixin.py:188} INFO - [2025-12-27T14:34:58.799+0000] {dag.py:3954} INFO - Setting next_dagrun for example_python_decorator to None, run_after=None
[2025-12-27T14:34:58.883+0000] {processor.py:183} INFO - Processing /home/airflow/.local/lib/python3.12/site-packages/airflow/example_dags/example_python_decorator.py took 0.321 seconds
[2025-12-27T14:35:29.254+0000] {processor.py:161} INFO - Started process (PID=2026) to work on /home/airflow/.local/lib/python3.12/site-packages/airflow/example_dags/example_python_decorator.py
[2025-12-27T14:35:29.258+0000] {processor.py:830} INFO - Processing file /home/airflow/.local/lib/python3.12/site-packages/airflow/example_dags/example_python_decorator.py for tasks to queue
[2025-12-27T14:35:29.261+0000] {logging_mixin.py:188} INFO - [2025-12-27T14:35:29.260+0000] {dagbag.py:540} INFO - Filling up the DagBag from /home/airflow/.local/lib/python3.12/site-packages/airflow/example_dags/example_python_decorator.py
[2025-12-27T14:35:29.322+0000] {processor.py:840} INFO - DAG(s) 'example_python_decorator' retrieved from /home/airflow/.local/lib/python3.12/site-packages/airflow/example_dags/example_python_decorator.py
[2025-12-27T14:35:29.443+0000] {logging_mixin.py:188} INFO - [2025-12-27T14:35:29.442+0000] {dag.py:3096} INFO - Sync 1 DAGs
[2025-12-27T14:35:29.494+0000] {logging_mixin.py:188} INFO - [2025-12-27T14:35:29.493+0000] {dag.py:3954} INFO - Setting next_dagrun for example_python_decorator to None, run_after=None
[2025-12-27T14:35:29.611+0000] {processor.py:183} INFO - Processing /home/airflow/.local/lib/python3.12/site-packages/airflow/example_dags/example_python_decorator.py took 0.380 seconds
[2025-12-27T14:36:03.380+0000] {processor.py:161} INFO - Started process (PID=2085) to work on /home/airflow/.local/lib/python3.12/site-packages/airflow/example_dags/example_python_decorator.py
[2025-12-27T14:36:03.398+0000] {processor.py:830} INFO - Processing file /home/airflow/.local/lib/python3.12/site-packages/airflow/example_dags/example_python_decorator.py for tasks to queue
[2025-12-27T14:36:03.401+0000] {logging_mixin.py:188} INFO - [2025-12-27T14:36:03.400+0000] {dagbag.py:540} INFO - Filling up the DagBag from /home/airflow/.local/lib/python3.12/site-packages/airflow/example_dags/example_python_decorator.py
[2025-12-27T14:36:03.549+0000] {processor.py:840} INFO - DAG(s) 'example_python_decorator' retrieved from /home/airflow/.local/lib/python3.12/site-packages/airflow/example_dags/example_python_decorator.py
[2025-12-27T14:36:03.700+0000] {logging_mixin.py:188} INFO - [2025-12-27T14:36:03.699+0000] {dag.py:3096} INFO - Sync 1 DAGs
[2025-12-27T14:36:03.813+0000] {logging_mixin.py:188} INFO - [2025-12-27T14:36:03.806+0000] {dag.py:3954} INFO - Setting next_dagrun for example_python_decorator to None, run_after=None
[2025-12-27T14:36:03.987+0000] {processor.py:183} INFO - Processing /home/airflow/.local/lib/python3.12/site-packages/airflow/example_dags/example_python_decorator.py took 0.637 seconds
[2025-12-27T14:36:39.215+0000] {processor.py:161} INFO - Started process (PID=2143) to work on /home/airflow/.local/lib/python3.12/site-packages/airflow/example_dags/example_python_decorator.py
[2025-12-27T14:36:39.221+0000] {processor.py:830} INFO - Processing file /home/airflow/.local/lib/python3.12/site-packages/airflow/example_dags/example_python_decorator.py for tasks to queue
[2025-12-27T14:36:39.225+0000] {logging_mixin.py:188} INFO - [2025-12-27T14:36:39.224+0000] {dagbag.py:540} INFO - Filling up the DagBag from /home/airflow/.local/lib/python3.12/site-packages/airflow/example_dags/example_python_decorator.py
[2025-12-27T14:36:39.275+0000] {processor.py:840} INFO - DAG(s) 'example_python_decorator' retrieved from /home/airflow/.local/lib/python3.12/site-packages/airflow/example_dags/example_python_decorator.py
[2025-12-27T14:36:39.368+0000] {logging_mixin.py:188} INFO - [2025-12-27T14:36:39.367+0000] {dag.py:3096} INFO - Sync 1 DAGs
[2025-12-27T14:36:39.427+0000] {logging_mixin.py:188} INFO - [2025-12-27T14:36:39.426+0000] {dag.py:3954} INFO - Setting next_dagrun for example_python_decorator to None, run_after=None
[2025-12-27T14:36:39.502+0000] {processor.py:183} INFO - Processing /home/airflow/.local/lib/python3.12/site-packages/airflow/example_dags/example_python_decorator.py took 0.305 seconds
[2025-12-27T14:37:09.702+0000] {processor.py:161} INFO - Started process (PID=2202) to work on /home/airflow/.local/lib/python3.12/site-packages/airflow/example_dags/example_python_decorator.py
[2025-12-27T14:37:09.705+0000] {processor.py:830} INFO - Processing file /home/airflow/.local/lib/python3.12/site-packages/airflow/example_dags/example_python_decorator.py for tasks to queue
[2025-12-27T14:37:09.708+0000] {logging_mixin.py:188} INFO - [2025-12-27T14:37:09.707+0000] {dagbag.py:540} INFO - Filling up the DagBag from /home/airflow/.local/lib/python3.12/site-packages/airflow/example_dags/example_python_decorator.py
[2025-12-27T14:37:09.749+0000] {processor.py:840} INFO - DAG(s) 'example_python_decorator' retrieved from /home/airflow/.local/lib/python3.12/site-packages/airflow/example_dags/example_python_decorator.py
[2025-12-27T14:37:09.816+0000] {logging_mixin.py:188} INFO - [2025-12-27T14:37:09.816+0000] {dag.py:3096} INFO - Sync 1 DAGs
[2025-12-27T14:37:09.853+0000] {logging_mixin.py:188} INFO - [2025-12-27T14:37:09.852+0000] {dag.py:3954} INFO - Setting next_dagrun for example_python_decorator to None, run_after=None
[2025-12-27T14:37:09.907+0000] {processor.py:183} INFO - Processing /home/airflow/.local/lib/python3.12/site-packages/airflow/example_dags/example_python_decorator.py took 0.232 seconds
[2025-12-27T14:37:42.022+0000] {processor.py:161} INFO - Started process (PID=2261) to work on /home/airflow/.local/lib/python3.12/site-packages/airflow/example_dags/example_python_decorator.py
[2025-12-27T14:37:42.026+0000] {processor.py:830} INFO - Processing file /home/airflow/.local/lib/python3.12/site-packages/airflow/example_dags/example_python_decorator.py for tasks to queue
[2025-12-27T14:37:42.029+0000] {logging_mixin.py:188} INFO - [2025-12-27T14:37:42.028+0000] {dagbag.py:540} INFO - Filling up the DagBag from /home/airflow/.local/lib/python3.12/site-packages/airflow/example_dags/example_python_decorator.py
[2025-12-27T14:37:42.074+0000] {processor.py:840} INFO - DAG(s) 'example_python_decorator' retrieved from /home/airflow/.local/lib/python3.12/site-packages/airflow/example_dags/example_python_decorator.py
[2025-12-27T14:37:42.150+0000] {logging_mixin.py:188} INFO - [2025-12-27T14:37:42.149+0000] {dag.py:3096} INFO - Sync 1 DAGs
[2025-12-27T14:37:42.202+0000] {logging_mixin.py:188} INFO - [2025-12-27T14:37:42.201+0000] {dag.py:3954} INFO - Setting next_dagrun for example_python_decorator to None, run_after=None
[2025-12-27T14:37:42.264+0000] {processor.py:183} INFO - Processing /home/airflow/.local/lib/python3.12/site-packages/airflow/example_dags/example_python_decorator.py took 0.263 seconds
[2025-12-27T14:38:14.185+0000] {processor.py:161} INFO - Started process (PID=2320) to work on /home/airflow/.local/lib/python3.12/site-packages/airflow/example_dags/example_python_decorator.py
[2025-12-27T14:38:14.188+0000] {processor.py:830} INFO - Processing file /home/airflow/.local/lib/python3.12/site-packages/airflow/example_dags/example_python_decorator.py for tasks to queue
[2025-12-27T14:38:14.191+0000] {logging_mixin.py:188} INFO - [2025-12-27T14:38:14.190+0000] {dagbag.py:540} INFO - Filling up the DagBag from /home/airflow/.local/lib/python3.12/site-packages/airflow/example_dags/example_python_decorator.py
[2025-12-27T14:38:14.230+0000] {processor.py:840} INFO - DAG(s) 'example_python_decorator' retrieved from /home/airflow/.local/lib/python3.12/site-packages/airflow/example_dags/example_python_decorator.py
[2025-12-27T14:38:14.299+0000] {logging_mixin.py:188} INFO - [2025-12-27T14:38:14.298+0000] {dag.py:3096} INFO - Sync 1 DAGs
[2025-12-27T14:38:14.337+0000] {logging_mixin.py:188} INFO - [2025-12-27T14:38:14.337+0000] {dag.py:3954} INFO - Setting next_dagrun for example_python_decorator to None, run_after=None
[2025-12-27T14:38:14.390+0000] {processor.py:183} INFO - Processing /home/airflow/.local/lib/python3.12/site-packages/airflow/example_dags/example_python_decorator.py took 0.221 seconds
[2025-12-27T14:38:46.501+0000] {processor.py:161} INFO - Started process (PID=2378) to work on /home/airflow/.local/lib/python3.12/site-packages/airflow/example_dags/example_python_decorator.py
[2025-12-27T14:38:46.504+0000] {processor.py:830} INFO - Processing file /home/airflow/.local/lib/python3.12/site-packages/airflow/example_dags/example_python_decorator.py for tasks to queue
[2025-12-27T14:38:46.507+0000] {logging_mixin.py:188} INFO - [2025-12-27T14:38:46.506+0000] {dagbag.py:540} INFO - Filling up the DagBag from /home/airflow/.local/lib/python3.12/site-packages/airflow/example_dags/example_python_decorator.py
[2025-12-27T14:38:46.551+0000] {processor.py:840} INFO - DAG(s) 'example_python_decorator' retrieved from /home/airflow/.local/lib/python3.12/site-packages/airflow/example_dags/example_python_decorator.py
[2025-12-27T14:38:46.630+0000] {logging_mixin.py:188} INFO - [2025-12-27T14:38:46.629+0000] {dag.py:3096} INFO - Sync 1 DAGs
[2025-12-27T14:38:46.702+0000] {logging_mixin.py:188} INFO - [2025-12-27T14:38:46.702+0000] {dag.py:3954} INFO - Setting next_dagrun for example_python_decorator to None, run_after=None
[2025-12-27T14:38:46.776+0000] {processor.py:183} INFO - Processing /home/airflow/.local/lib/python3.12/site-packages/airflow/example_dags/example_python_decorator.py took 0.294 seconds
[2025-12-27T14:39:19.433+0000] {processor.py:161} INFO - Started process (PID=2436) to work on /home/airflow/.local/lib/python3.12/site-packages/airflow/example_dags/example_python_decorator.py
[2025-12-27T14:39:19.445+0000] {processor.py:830} INFO - Processing file /home/airflow/.local/lib/python3.12/site-packages/airflow/example_dags/example_python_decorator.py for tasks to queue
[2025-12-27T14:39:19.448+0000] {logging_mixin.py:188} INFO - [2025-12-27T14:39:19.447+0000] {dagbag.py:540} INFO - Filling up the DagBag from /home/airflow/.local/lib/python3.12/site-packages/airflow/example_dags/example_python_decorator.py
[2025-12-27T14:39:19.509+0000] {processor.py:840} INFO - DAG(s) 'example_python_decorator' retrieved from /home/airflow/.local/lib/python3.12/site-packages/airflow/example_dags/example_python_decorator.py
[2025-12-27T14:39:19.631+0000] {logging_mixin.py:188} INFO - [2025-12-27T14:39:19.625+0000] {dag.py:3096} INFO - Sync 1 DAGs
[2025-12-27T14:39:19.680+0000] {logging_mixin.py:188} INFO - [2025-12-27T14:39:19.680+0000] {dag.py:3954} INFO - Setting next_dagrun for example_python_decorator to None, run_after=None
[2025-12-27T14:39:19.802+0000] {processor.py:183} INFO - Processing /home/airflow/.local/lib/python3.12/site-packages/airflow/example_dags/example_python_decorator.py took 0.403 seconds
[2025-12-27T14:39:50.578+0000] {processor.py:161} INFO - Started process (PID=2494) to work on /home/airflow/.local/lib/python3.12/site-packages/airflow/example_dags/example_python_decorator.py
[2025-12-27T14:39:50.585+0000] {processor.py:830} INFO - Processing file /home/airflow/.local/lib/python3.12/site-packages/airflow/example_dags/example_python_decorator.py for tasks to queue
[2025-12-27T14:39:50.595+0000] {logging_mixin.py:188} INFO - [2025-12-27T14:39:50.593+0000] {dagbag.py:540} INFO - Filling up the DagBag from /home/airflow/.local/lib/python3.12/site-packages/airflow/example_dags/example_python_decorator.py
[2025-12-27T14:39:50.716+0000] {processor.py:840} INFO - DAG(s) 'example_python_decorator' retrieved from /home/airflow/.local/lib/python3.12/site-packages/airflow/example_dags/example_python_decorator.py
[2025-12-27T14:39:50.918+0000] {logging_mixin.py:188} INFO - [2025-12-27T14:39:50.917+0000] {dag.py:3096} INFO - Sync 1 DAGs
[2025-12-27T14:39:51.104+0000] {logging_mixin.py:188} INFO - [2025-12-27T14:39:51.103+0000] {dag.py:3954} INFO - Setting next_dagrun for example_python_decorator to None, run_after=None
[2025-12-27T14:39:51.352+0000] {processor.py:183} INFO - Processing /home/airflow/.local/lib/python3.12/site-packages/airflow/example_dags/example_python_decorator.py took 0.818 seconds
[2025-12-27T14:40:21.628+0000] {processor.py:161} INFO - Started process (PID=2552) to work on /home/airflow/.local/lib/python3.12/site-packages/airflow/example_dags/example_python_decorator.py
[2025-12-27T14:40:21.632+0000] {processor.py:830} INFO - Processing file /home/airflow/.local/lib/python3.12/site-packages/airflow/example_dags/example_python_decorator.py for tasks to queue
[2025-12-27T14:40:21.635+0000] {logging_mixin.py:188} INFO - [2025-12-27T14:40:21.634+0000] {dagbag.py:540} INFO - Filling up the DagBag from /home/airflow/.local/lib/python3.12/site-packages/airflow/example_dags/example_python_decorator.py
[2025-12-27T14:40:21.678+0000] {processor.py:840} INFO - DAG(s) 'example_python_decorator' retrieved from /home/airflow/.local/lib/python3.12/site-packages/airflow/example_dags/example_python_decorator.py
[2025-12-27T14:40:21.736+0000] {logging_mixin.py:188} INFO - [2025-12-27T14:40:21.736+0000] {dag.py:3096} INFO - Sync 1 DAGs
[2025-12-27T14:40:21.770+0000] {logging_mixin.py:188} INFO - [2025-12-27T14:40:21.769+0000] {dag.py:3954} INFO - Setting next_dagrun for example_python_decorator to None, run_after=None
[2025-12-27T14:40:21.825+0000] {processor.py:183} INFO - Processing /home/airflow/.local/lib/python3.12/site-packages/airflow/example_dags/example_python_decorator.py took 0.217 seconds
[2025-12-27T14:40:52.002+0000] {processor.py:161} INFO - Started process (PID=2610) to work on /home/airflow/.local/lib/python3.12/site-packages/airflow/example_dags/example_python_decorator.py
[2025-12-27T14:40:52.006+0000] {processor.py:830} INFO - Processing file /home/airflow/.local/lib/python3.12/site-packages/airflow/example_dags/example_python_decorator.py for tasks to queue
[2025-12-27T14:40:52.009+0000] {logging_mixin.py:188} INFO - [2025-12-27T14:40:52.008+0000] {dagbag.py:540} INFO - Filling up the DagBag from /home/airflow/.local/lib/python3.12/site-packages/airflow/example_dags/example_python_decorator.py
[2025-12-27T14:40:52.057+0000] {processor.py:840} INFO - DAG(s) 'example_python_decorator' retrieved from /home/airflow/.local/lib/python3.12/site-packages/airflow/example_dags/example_python_decorator.py
[2025-12-27T14:40:52.116+0000] {logging_mixin.py:188} INFO - [2025-12-27T14:40:52.116+0000] {dag.py:3096} INFO - Sync 1 DAGs
[2025-12-27T14:40:52.152+0000] {logging_mixin.py:188} INFO - [2025-12-27T14:40:52.151+0000] {dag.py:3954} INFO - Setting next_dagrun for example_python_decorator to None, run_after=None
[2025-12-27T14:40:52.213+0000] {processor.py:183} INFO - Processing /home/airflow/.local/lib/python3.12/site-packages/airflow/example_dags/example_python_decorator.py took 0.230 seconds
[2025-12-27T14:41:22.453+0000] {processor.py:161} INFO - Started process (PID=2667) to work on /home/airflow/.local/lib/python3.12/site-packages/airflow/example_dags/example_python_decorator.py
[2025-12-27T14:41:22.456+0000] {processor.py:830} INFO - Processing file /home/airflow/.local/lib/python3.12/site-packages/airflow/example_dags/example_python_decorator.py for tasks to queue
[2025-12-27T14:41:22.459+0000] {logging_mixin.py:188} INFO - [2025-12-27T14:41:22.459+0000] {dagbag.py:540} INFO - Filling up the DagBag from /home/airflow/.local/lib/python3.12/site-packages/airflow/example_dags/example_python_decorator.py
[2025-12-27T14:41:22.496+0000] {processor.py:840} INFO - DAG(s) 'example_python_decorator' retrieved from /home/airflow/.local/lib/python3.12/site-packages/airflow/example_dags/example_python_decorator.py
[2025-12-27T14:41:22.559+0000] {logging_mixin.py:188} INFO - [2025-12-27T14:41:22.558+0000] {dag.py:3096} INFO - Sync 1 DAGs
[2025-12-27T14:41:22.593+0000] {logging_mixin.py:188} INFO - [2025-12-27T14:41:22.593+0000] {dag.py:3954} INFO - Setting next_dagrun for example_python_decorator to None, run_after=None
[2025-12-27T14:41:22.659+0000] {processor.py:183} INFO - Processing /home/airflow/.local/lib/python3.12/site-packages/airflow/example_dags/example_python_decorator.py took 0.226 seconds
[2025-12-27T14:41:52.985+0000] {processor.py:161} INFO - Started process (PID=2724) to work on /home/airflow/.local/lib/python3.12/site-packages/airflow/example_dags/example_python_decorator.py
[2025-12-27T14:41:52.988+0000] {processor.py:830} INFO - Processing file /home/airflow/.local/lib/python3.12/site-packages/airflow/example_dags/example_python_decorator.py for tasks to queue
[2025-12-27T14:41:52.990+0000] {logging_mixin.py:188} INFO - [2025-12-27T14:41:52.990+0000] {dagbag.py:540} INFO - Filling up the DagBag from /home/airflow/.local/lib/python3.12/site-packages/airflow/example_dags/example_python_decorator.py
[2025-12-27T14:41:53.040+0000] {processor.py:840} INFO - DAG(s) 'example_python_decorator' retrieved from /home/airflow/.local/lib/python3.12/site-packages/airflow/example_dags/example_python_decorator.py
[2025-12-27T14:41:53.111+0000] {logging_mixin.py:188} INFO - [2025-12-27T14:41:53.111+0000] {dag.py:3096} INFO - Sync 1 DAGs
[2025-12-27T14:41:53.152+0000] {logging_mixin.py:188} INFO - [2025-12-27T14:41:53.152+0000] {dag.py:3954} INFO - Setting next_dagrun for example_python_decorator to None, run_after=None
[2025-12-27T14:41:53.210+0000] {processor.py:183} INFO - Processing /home/airflow/.local/lib/python3.12/site-packages/airflow/example_dags/example_python_decorator.py took 0.261 seconds
[2025-12-27T14:42:23.931+0000] {processor.py:161} INFO - Started process (PID=2782) to work on /home/airflow/.local/lib/python3.12/site-packages/airflow/example_dags/example_python_decorator.py
[2025-12-27T14:42:23.934+0000] {processor.py:830} INFO - Processing file /home/airflow/.local/lib/python3.12/site-packages/airflow/example_dags/example_python_decorator.py for tasks to queue
[2025-12-27T14:42:23.938+0000] {logging_mixin.py:188} INFO - [2025-12-27T14:42:23.937+0000] {dagbag.py:540} INFO - Filling up the DagBag from /home/airflow/.local/lib/python3.12/site-packages/airflow/example_dags/example_python_decorator.py
[2025-12-27T14:42:24.007+0000] {processor.py:840} INFO - DAG(s) 'example_python_decorator' retrieved from /home/airflow/.local/lib/python3.12/site-packages/airflow/example_dags/example_python_decorator.py
[2025-12-27T14:42:24.113+0000] {logging_mixin.py:188} INFO - [2025-12-27T14:42:24.112+0000] {dag.py:3096} INFO - Sync 1 DAGs
[2025-12-27T14:42:24.197+0000] {logging_mixin.py:188} INFO - [2025-12-27T14:42:24.196+0000] {dag.py:3954} INFO - Setting next_dagrun for example_python_decorator to None, run_after=None
[2025-12-27T14:42:24.264+0000] {processor.py:183} INFO - Processing /home/airflow/.local/lib/python3.12/site-packages/airflow/example_dags/example_python_decorator.py took 0.367 seconds
[2025-12-27T14:42:54.420+0000] {processor.py:161} INFO - Started process (PID=2840) to work on /home/airflow/.local/lib/python3.12/site-packages/airflow/example_dags/example_python_decorator.py
[2025-12-27T14:42:54.422+0000] {processor.py:830} INFO - Processing file /home/airflow/.local/lib/python3.12/site-packages/airflow/example_dags/example_python_decorator.py for tasks to queue
[2025-12-27T14:42:54.425+0000] {logging_mixin.py:188} INFO - [2025-12-27T14:42:54.424+0000] {dagbag.py:540} INFO - Filling up the DagBag from /home/airflow/.local/lib/python3.12/site-packages/airflow/example_dags/example_python_decorator.py
[2025-12-27T14:42:54.460+0000] {processor.py:840} INFO - DAG(s) 'example_python_decorator' retrieved from /home/airflow/.local/lib/python3.12/site-packages/airflow/example_dags/example_python_decorator.py
[2025-12-27T14:42:54.523+0000] {logging_mixin.py:188} INFO - [2025-12-27T14:42:54.523+0000] {dag.py:3096} INFO - Sync 1 DAGs
[2025-12-27T14:42:54.556+0000] {logging_mixin.py:188} INFO - [2025-12-27T14:42:54.556+0000] {dag.py:3954} INFO - Setting next_dagrun for example_python_decorator to None, run_after=None
[2025-12-27T14:42:54.609+0000] {processor.py:183} INFO - Processing /home/airflow/.local/lib/python3.12/site-packages/airflow/example_dags/example_python_decorator.py took 0.205 seconds
[2025-12-27T14:43:25.045+0000] {processor.py:161} INFO - Started process (PID=2898) to work on /home/airflow/.local/lib/python3.12/site-packages/airflow/example_dags/example_python_decorator.py
[2025-12-27T14:43:25.049+0000] {processor.py:830} INFO - Processing file /home/airflow/.local/lib/python3.12/site-packages/airflow/example_dags/example_python_decorator.py for tasks to queue
[2025-12-27T14:43:25.053+0000] {logging_mixin.py:188} INFO - [2025-12-27T14:43:25.051+0000] {dagbag.py:540} INFO - Filling up the DagBag from /home/airflow/.local/lib/python3.12/site-packages/airflow/example_dags/example_python_decorator.py
[2025-12-27T14:43:25.118+0000] {processor.py:840} INFO - DAG(s) 'example_python_decorator' retrieved from /home/airflow/.local/lib/python3.12/site-packages/airflow/example_dags/example_python_decorator.py
[2025-12-27T14:43:25.199+0000] {logging_mixin.py:188} INFO - [2025-12-27T14:43:25.198+0000] {dag.py:3096} INFO - Sync 1 DAGs
[2025-12-27T14:43:25.241+0000] {logging_mixin.py:188} INFO - [2025-12-27T14:43:25.241+0000] {dag.py:3954} INFO - Setting next_dagrun for example_python_decorator to None, run_after=None
[2025-12-27T14:43:25.321+0000] {processor.py:183} INFO - Processing /home/airflow/.local/lib/python3.12/site-packages/airflow/example_dags/example_python_decorator.py took 0.302 seconds
[2025-12-27T14:43:56.006+0000] {processor.py:161} INFO - Started process (PID=2956) to work on /home/airflow/.local/lib/python3.12/site-packages/airflow/example_dags/example_python_decorator.py
[2025-12-27T14:43:56.010+0000] {processor.py:830} INFO - Processing file /home/airflow/.local/lib/python3.12/site-packages/airflow/example_dags/example_python_decorator.py for tasks to queue
[2025-12-27T14:43:56.014+0000] {logging_mixin.py:188} INFO - [2025-12-27T14:43:56.012+0000] {dagbag.py:540} INFO - Filling up the DagBag from /home/airflow/.local/lib/python3.12/site-packages/airflow/example_dags/example_python_decorator.py
[2025-12-27T14:43:56.071+0000] {processor.py:840} INFO - DAG(s) 'example_python_decorator' retrieved from /home/airflow/.local/lib/python3.12/site-packages/airflow/example_dags/example_python_decorator.py
[2025-12-27T14:43:56.144+0000] {logging_mixin.py:188} INFO - [2025-12-27T14:43:56.143+0000] {dag.py:3096} INFO - Sync 1 DAGs
[2025-12-27T14:43:56.183+0000] {logging_mixin.py:188} INFO - [2025-12-27T14:43:56.183+0000] {dag.py:3954} INFO - Setting next_dagrun for example_python_decorator to None, run_after=None
[2025-12-27T14:43:56.243+0000] {processor.py:183} INFO - Processing /home/airflow/.local/lib/python3.12/site-packages/airflow/example_dags/example_python_decorator.py took 0.259 seconds
[2025-12-27T14:44:26.845+0000] {processor.py:161} INFO - Started process (PID=3014) to work on /home/airflow/.local/lib/python3.12/site-packages/airflow/example_dags/example_python_decorator.py
[2025-12-27T14:44:26.848+0000] {processor.py:830} INFO - Processing file /home/airflow/.local/lib/python3.12/site-packages/airflow/example_dags/example_python_decorator.py for tasks to queue
[2025-12-27T14:44:26.851+0000] {logging_mixin.py:188} INFO - [2025-12-27T14:44:26.850+0000] {dagbag.py:540} INFO - Filling up the DagBag from /home/airflow/.local/lib/python3.12/site-packages/airflow/example_dags/example_python_decorator.py
[2025-12-27T14:44:26.891+0000] {processor.py:840} INFO - DAG(s) 'example_python_decorator' retrieved from /home/airflow/.local/lib/python3.12/site-packages/airflow/example_dags/example_python_decorator.py
[2025-12-27T14:44:27.003+0000] {logging_mixin.py:188} INFO - [2025-12-27T14:44:27.002+0000] {dag.py:3096} INFO - Sync 1 DAGs
[2025-12-27T14:44:27.056+0000] {logging_mixin.py:188} INFO - [2025-12-27T14:44:27.055+0000] {dag.py:3954} INFO - Setting next_dagrun for example_python_decorator to None, run_after=None
[2025-12-27T14:44:27.137+0000] {processor.py:183} INFO - Processing /home/airflow/.local/lib/python3.12/site-packages/airflow/example_dags/example_python_decorator.py took 0.314 seconds
[2025-12-27T14:44:57.893+0000] {processor.py:161} INFO - Started process (PID=3073) to work on /home/airflow/.local/lib/python3.12/site-packages/airflow/example_dags/example_python_decorator.py
[2025-12-27T14:44:57.899+0000] {processor.py:830} INFO - Processing file /home/airflow/.local/lib/python3.12/site-packages/airflow/example_dags/example_python_decorator.py for tasks to queue
[2025-12-27T14:44:57.903+0000] {logging_mixin.py:188} INFO - [2025-12-27T14:44:57.902+0000] {dagbag.py:540} INFO - Filling up the DagBag from /home/airflow/.local/lib/python3.12/site-packages/airflow/example_dags/example_python_decorator.py
[2025-12-27T14:44:57.980+0000] {processor.py:840} INFO - DAG(s) 'example_python_decorator' retrieved from /home/airflow/.local/lib/python3.12/site-packages/airflow/example_dags/example_python_decorator.py
[2025-12-27T14:44:58.196+0000] {logging_mixin.py:188} INFO - [2025-12-27T14:44:58.194+0000] {dag.py:3096} INFO - Sync 1 DAGs
[2025-12-27T14:44:58.292+0000] {logging_mixin.py:188} INFO - [2025-12-27T14:44:58.291+0000] {dag.py:3954} INFO - Setting next_dagrun for example_python_decorator to None, run_after=None
[2025-12-27T14:44:58.416+0000] {processor.py:183} INFO - Processing /home/airflow/.local/lib/python3.12/site-packages/airflow/example_dags/example_python_decorator.py took 0.555 seconds
[2025-12-27T14:45:29.135+0000] {processor.py:161} INFO - Started process (PID=3132) to work on /home/airflow/.local/lib/python3.12/site-packages/airflow/example_dags/example_python_decorator.py
[2025-12-27T14:45:29.139+0000] {processor.py:830} INFO - Processing file /home/airflow/.local/lib/python3.12/site-packages/airflow/example_dags/example_python_decorator.py for tasks to queue
[2025-12-27T14:45:29.143+0000] {logging_mixin.py:188} INFO - [2025-12-27T14:45:29.142+0000] {dagbag.py:540} INFO - Filling up the DagBag from /home/airflow/.local/lib/python3.12/site-packages/airflow/example_dags/example_python_decorator.py
[2025-12-27T14:45:29.234+0000] {processor.py:840} INFO - DAG(s) 'example_python_decorator' retrieved from /home/airflow/.local/lib/python3.12/site-packages/airflow/example_dags/example_python_decorator.py
[2025-12-27T14:45:29.443+0000] {logging_mixin.py:188} INFO - [2025-12-27T14:45:29.442+0000] {dag.py:3096} INFO - Sync 1 DAGs
[2025-12-27T14:45:29.490+0000] {logging_mixin.py:188} INFO - [2025-12-27T14:45:29.489+0000] {dag.py:3954} INFO - Setting next_dagrun for example_python_decorator to None, run_after=None
[2025-12-27T14:45:29.555+0000] {processor.py:183} INFO - Processing /home/airflow/.local/lib/python3.12/site-packages/airflow/example_dags/example_python_decorator.py took 0.441 seconds
[2025-12-27T14:46:00.094+0000] {processor.py:161} INFO - Started process (PID=3190) to work on /home/airflow/.local/lib/python3.12/site-packages/airflow/example_dags/example_python_decorator.py
[2025-12-27T14:46:00.097+0000] {processor.py:830} INFO - Processing file /home/airflow/.local/lib/python3.12/site-packages/airflow/example_dags/example_python_decorator.py for tasks to queue
[2025-12-27T14:46:00.103+0000] {logging_mixin.py:188} INFO - [2025-12-27T14:46:00.102+0000] {dagbag.py:540} INFO - Filling up the DagBag from /home/airflow/.local/lib/python3.12/site-packages/airflow/example_dags/example_python_decorator.py
[2025-12-27T14:46:00.163+0000] {processor.py:840} INFO - DAG(s) 'example_python_decorator' retrieved from /home/airflow/.local/lib/python3.12/site-packages/airflow/example_dags/example_python_decorator.py
[2025-12-27T14:46:00.223+0000] {logging_mixin.py:188} INFO - [2025-12-27T14:46:00.223+0000] {dag.py:3096} INFO - Sync 1 DAGs
[2025-12-27T14:46:00.258+0000] {logging_mixin.py:188} INFO - [2025-12-27T14:46:00.258+0000] {dag.py:3954} INFO - Setting next_dagrun for example_python_decorator to None, run_after=None
[2025-12-27T14:46:00.310+0000] {processor.py:183} INFO - Processing /home/airflow/.local/lib/python3.12/site-packages/airflow/example_dags/example_python_decorator.py took 0.243 seconds
[2025-12-27T14:46:30.503+0000] {processor.py:161} INFO - Started process (PID=3248) to work on /home/airflow/.local/lib/python3.12/site-packages/airflow/example_dags/example_python_decorator.py
[2025-12-27T14:46:30.505+0000] {processor.py:830} INFO - Processing file /home/airflow/.local/lib/python3.12/site-packages/airflow/example_dags/example_python_decorator.py for tasks to queue
[2025-12-27T14:46:30.508+0000] {logging_mixin.py:188} INFO - [2025-12-27T14:46:30.507+0000] {dagbag.py:540} INFO - Filling up the DagBag from /home/airflow/.local/lib/python3.12/site-packages/airflow/example_dags/example_python_decorator.py
[2025-12-27T14:46:30.543+0000] {processor.py:840} INFO - DAG(s) 'example_python_decorator' retrieved from /home/airflow/.local/lib/python3.12/site-packages/airflow/example_dags/example_python_decorator.py
[2025-12-27T14:46:30.607+0000] {logging_mixin.py:188} INFO - [2025-12-27T14:46:30.606+0000] {dag.py:3096} INFO - Sync 1 DAGs
[2025-12-27T14:46:30.653+0000] {logging_mixin.py:188} INFO - [2025-12-27T14:46:30.652+0000] {dag.py:3954} INFO - Setting next_dagrun for example_python_decorator to None, run_after=None
[2025-12-27T14:46:30.718+0000] {processor.py:183} INFO - Processing /home/airflow/.local/lib/python3.12/site-packages/airflow/example_dags/example_python_decorator.py took 0.237 seconds
[2025-12-27T14:47:01.123+0000] {processor.py:161} INFO - Started process (PID=3307) to work on /home/airflow/.local/lib/python3.12/site-packages/airflow/example_dags/example_python_decorator.py
[2025-12-27T14:47:01.125+0000] {processor.py:830} INFO - Processing file /home/airflow/.local/lib/python3.12/site-packages/airflow/example_dags/example_python_decorator.py for tasks to queue
[2025-12-27T14:47:01.128+0000] {logging_mixin.py:188} INFO - [2025-12-27T14:47:01.127+0000] {dagbag.py:540} INFO - Filling up the DagBag from /home/airflow/.local/lib/python3.12/site-packages/airflow/example_dags/example_python_decorator.py
[2025-12-27T14:47:01.162+0000] {processor.py:840} INFO - DAG(s) 'example_python_decorator' retrieved from /home/airflow/.local/lib/python3.12/site-packages/airflow/example_dags/example_python_decorator.py
[2025-12-27T14:47:01.219+0000] {logging_mixin.py:188} INFO - [2025-12-27T14:47:01.218+0000] {dag.py:3096} INFO - Sync 1 DAGs
[2025-12-27T14:47:01.253+0000] {logging_mixin.py:188} INFO - [2025-12-27T14:47:01.252+0000] {dag.py:3954} INFO - Setting next_dagrun for example_python_decorator to None, run_after=None
[2025-12-27T14:47:01.307+0000] {processor.py:183} INFO - Processing /home/airflow/.local/lib/python3.12/site-packages/airflow/example_dags/example_python_decorator.py took 0.201 seconds
[2025-12-27T14:47:32.039+0000] {processor.py:161} INFO - Started process (PID=3365) to work on /home/airflow/.local/lib/python3.12/site-packages/airflow/example_dags/example_python_decorator.py
[2025-12-27T14:47:32.042+0000] {processor.py:830} INFO - Processing file /home/airflow/.local/lib/python3.12/site-packages/airflow/example_dags/example_python_decorator.py for tasks to queue
[2025-12-27T14:47:32.045+0000] {logging_mixin.py:188} INFO - [2025-12-27T14:47:32.044+0000] {dagbag.py:540} INFO - Filling up the DagBag from /home/airflow/.local/lib/python3.12/site-packages/airflow/example_dags/example_python_decorator.py
[2025-12-27T14:47:32.079+0000] {processor.py:840} INFO - DAG(s) 'example_python_decorator' retrieved from /home/airflow/.local/lib/python3.12/site-packages/airflow/example_dags/example_python_decorator.py
[2025-12-27T14:47:32.141+0000] {logging_mixin.py:188} INFO - [2025-12-27T14:47:32.141+0000] {dag.py:3096} INFO - Sync 1 DAGs
[2025-12-27T14:47:32.173+0000] {logging_mixin.py:188} INFO - [2025-12-27T14:47:32.172+0000] {dag.py:3954} INFO - Setting next_dagrun for example_python_decorator to None, run_after=None
[2025-12-27T14:47:32.224+0000] {processor.py:183} INFO - Processing /home/airflow/.local/lib/python3.12/site-packages/airflow/example_dags/example_python_decorator.py took 0.201 seconds
[2025-12-27T14:48:02.609+0000] {processor.py:161} INFO - Started process (PID=3423) to work on /home/airflow/.local/lib/python3.12/site-packages/airflow/example_dags/example_python_decorator.py
[2025-12-27T14:48:02.611+0000] {processor.py:830} INFO - Processing file /home/airflow/.local/lib/python3.12/site-packages/airflow/example_dags/example_python_decorator.py for tasks to queue
[2025-12-27T14:48:02.614+0000] {logging_mixin.py:188} INFO - [2025-12-27T14:48:02.613+0000] {dagbag.py:540} INFO - Filling up the DagBag from /home/airflow/.local/lib/python3.12/site-packages/airflow/example_dags/example_python_decorator.py
[2025-12-27T14:48:02.651+0000] {processor.py:840} INFO - DAG(s) 'example_python_decorator' retrieved from /home/airflow/.local/lib/python3.12/site-packages/airflow/example_dags/example_python_decorator.py
[2025-12-27T14:48:02.712+0000] {logging_mixin.py:188} INFO - [2025-12-27T14:48:02.711+0000] {dag.py:3096} INFO - Sync 1 DAGs
[2025-12-27T14:48:02.743+0000] {logging_mixin.py:188} INFO - [2025-12-27T14:48:02.743+0000] {dag.py:3954} INFO - Setting next_dagrun for example_python_decorator to None, run_after=None
[2025-12-27T14:48:02.794+0000] {processor.py:183} INFO - Processing /home/airflow/.local/lib/python3.12/site-packages/airflow/example_dags/example_python_decorator.py took 0.203 seconds
[2025-12-27T14:48:34.796+0000] {processor.py:161} INFO - Started process (PID=3482) to work on /home/airflow/.local/lib/python3.12/site-packages/airflow/example_dags/example_python_decorator.py
[2025-12-27T14:48:34.804+0000] {processor.py:830} INFO - Processing file /home/airflow/.local/lib/python3.12/site-packages/airflow/example_dags/example_python_decorator.py for tasks to queue
[2025-12-27T14:48:34.808+0000] {logging_mixin.py:188} INFO - [2025-12-27T14:48:34.807+0000] {dagbag.py:540} INFO - Filling up the DagBag from /home/airflow/.local/lib/python3.12/site-packages/airflow/example_dags/example_python_decorator.py
[2025-12-27T14:48:34.893+0000] {processor.py:840} INFO - DAG(s) 'example_python_decorator' retrieved from /home/airflow/.local/lib/python3.12/site-packages/airflow/example_dags/example_python_decorator.py
[2025-12-27T14:48:35.022+0000] {logging_mixin.py:188} INFO - [2025-12-27T14:48:35.020+0000] {dag.py:3096} INFO - Sync 1 DAGs
[2025-12-27T14:48:35.104+0000] {logging_mixin.py:188} INFO - [2025-12-27T14:48:35.103+0000] {dag.py:3954} INFO - Setting next_dagrun for example_python_decorator to None, run_after=None
[2025-12-27T14:48:35.192+0000] {processor.py:183} INFO - Processing /home/airflow/.local/lib/python3.12/site-packages/airflow/example_dags/example_python_decorator.py took 0.434 seconds
[2025-12-27T14:49:08.126+0000] {processor.py:161} INFO - Started process (PID=3540) to work on /home/airflow/.local/lib/python3.12/site-packages/airflow/example_dags/example_python_decorator.py
[2025-12-27T14:49:08.131+0000] {processor.py:830} INFO - Processing file /home/airflow/.local/lib/python3.12/site-packages/airflow/example_dags/example_python_decorator.py for tasks to queue
[2025-12-27T14:49:08.136+0000] {logging_mixin.py:188} INFO - [2025-12-27T14:49:08.134+0000] {dagbag.py:540} INFO - Filling up the DagBag from /home/airflow/.local/lib/python3.12/site-packages/airflow/example_dags/example_python_decorator.py
[2025-12-27T14:49:08.200+0000] {processor.py:840} INFO - DAG(s) 'example_python_decorator' retrieved from /home/airflow/.local/lib/python3.12/site-packages/airflow/example_dags/example_python_decorator.py
[2025-12-27T14:49:08.321+0000] {logging_mixin.py:188} INFO - [2025-12-27T14:49:08.320+0000] {dag.py:3096} INFO - Sync 1 DAGs
[2025-12-27T14:49:08.385+0000] {logging_mixin.py:188} INFO - [2025-12-27T14:49:08.384+0000] {dag.py:3954} INFO - Setting next_dagrun for example_python_decorator to None, run_after=None
[2025-12-27T14:49:08.462+0000] {processor.py:183} INFO - Processing /home/airflow/.local/lib/python3.12/site-packages/airflow/example_dags/example_python_decorator.py took 0.362 seconds
[2025-12-27T14:49:38.705+0000] {processor.py:161} INFO - Started process (PID=3598) to work on /home/airflow/.local/lib/python3.12/site-packages/airflow/example_dags/example_python_decorator.py
[2025-12-27T14:49:38.708+0000] {processor.py:830} INFO - Processing file /home/airflow/.local/lib/python3.12/site-packages/airflow/example_dags/example_python_decorator.py for tasks to queue
[2025-12-27T14:49:38.711+0000] {logging_mixin.py:188} INFO - [2025-12-27T14:49:38.710+0000] {dagbag.py:540} INFO - Filling up the DagBag from /home/airflow/.local/lib/python3.12/site-packages/airflow/example_dags/example_python_decorator.py
[2025-12-27T14:49:38.757+0000] {processor.py:840} INFO - DAG(s) 'example_python_decorator' retrieved from /home/airflow/.local/lib/python3.12/site-packages/airflow/example_dags/example_python_decorator.py
[2025-12-27T14:49:38.821+0000] {logging_mixin.py:188} INFO - [2025-12-27T14:49:38.820+0000] {dag.py:3096} INFO - Sync 1 DAGs
[2025-12-27T14:49:38.859+0000] {logging_mixin.py:188} INFO - [2025-12-27T14:49:38.858+0000] {dag.py:3954} INFO - Setting next_dagrun for example_python_decorator to None, run_after=None
[2025-12-27T14:49:38.921+0000] {processor.py:183} INFO - Processing /home/airflow/.local/lib/python3.12/site-packages/airflow/example_dags/example_python_decorator.py took 0.233 seconds
[2025-12-27T14:50:18.473+0000] {processor.py:161} INFO - Started process (PID=3661) to work on /home/airflow/.local/lib/python3.12/site-packages/airflow/example_dags/example_python_decorator.py
[2025-12-27T14:50:18.480+0000] {processor.py:830} INFO - Processing file /home/airflow/.local/lib/python3.12/site-packages/airflow/example_dags/example_python_decorator.py for tasks to queue
[2025-12-27T14:50:18.484+0000] {logging_mixin.py:188} INFO - [2025-12-27T14:50:18.483+0000] {dagbag.py:540} INFO - Filling up the DagBag from /home/airflow/.local/lib/python3.12/site-packages/airflow/example_dags/example_python_decorator.py
[2025-12-27T14:50:18.563+0000] {processor.py:840} INFO - DAG(s) 'example_python_decorator' retrieved from /home/airflow/.local/lib/python3.12/site-packages/airflow/example_dags/example_python_decorator.py
[2025-12-27T14:50:18.681+0000] {logging_mixin.py:188} INFO - [2025-12-27T14:50:18.680+0000] {dag.py:3096} INFO - Sync 1 DAGs
[2025-12-27T14:50:18.747+0000] {logging_mixin.py:188} INFO - [2025-12-27T14:50:18.746+0000] {dag.py:3954} INFO - Setting next_dagrun for example_python_decorator to None, run_after=None
[2025-12-27T14:50:18.832+0000] {processor.py:183} INFO - Processing /home/airflow/.local/lib/python3.12/site-packages/airflow/example_dags/example_python_decorator.py took 0.390 seconds
[2025-12-27T14:50:50.203+0000] {processor.py:161} INFO - Started process (PID=3718) to work on /home/airflow/.local/lib/python3.12/site-packages/airflow/example_dags/example_python_decorator.py
[2025-12-27T14:50:50.207+0000] {processor.py:830} INFO - Processing file /home/airflow/.local/lib/python3.12/site-packages/airflow/example_dags/example_python_decorator.py for tasks to queue
[2025-12-27T14:50:50.210+0000] {logging_mixin.py:188} INFO - [2025-12-27T14:50:50.209+0000] {dagbag.py:540} INFO - Filling up the DagBag from /home/airflow/.local/lib/python3.12/site-packages/airflow/example_dags/example_python_decorator.py
[2025-12-27T14:50:50.272+0000] {processor.py:840} INFO - DAG(s) 'example_python_decorator' retrieved from /home/airflow/.local/lib/python3.12/site-packages/airflow/example_dags/example_python_decorator.py
[2025-12-27T14:50:50.362+0000] {logging_mixin.py:188} INFO - [2025-12-27T14:50:50.361+0000] {dag.py:3096} INFO - Sync 1 DAGs
[2025-12-27T14:50:50.409+0000] {logging_mixin.py:188} INFO - [2025-12-27T14:50:50.408+0000] {dag.py:3954} INFO - Setting next_dagrun for example_python_decorator to None, run_after=None
[2025-12-27T14:50:50.493+0000] {processor.py:183} INFO - Processing /home/airflow/.local/lib/python3.12/site-packages/airflow/example_dags/example_python_decorator.py took 0.313 seconds
[2025-12-27T14:51:27.000+0000] {processor.py:161} INFO - Started process (PID=3777) to work on /home/airflow/.local/lib/python3.12/site-packages/airflow/example_dags/example_python_decorator.py
[2025-12-27T14:51:27.016+0000] {processor.py:830} INFO - Processing file /home/airflow/.local/lib/python3.12/site-packages/airflow/example_dags/example_python_decorator.py for tasks to queue
[2025-12-27T14:51:27.023+0000] {logging_mixin.py:188} INFO - [2025-12-27T14:51:27.021+0000] {dagbag.py:540} INFO - Filling up the DagBag from /home/airflow/.local/lib/python3.12/site-packages/airflow/example_dags/example_python_decorator.py
[2025-12-27T14:51:27.231+0000] {processor.py:840} INFO - DAG(s) 'example_python_decorator' retrieved from /home/airflow/.local/lib/python3.12/site-packages/airflow/example_dags/example_python_decorator.py
[2025-12-27T14:51:27.543+0000] {logging_mixin.py:188} INFO - [2025-12-27T14:51:27.542+0000] {dag.py:3096} INFO - Sync 1 DAGs
[2025-12-27T14:51:27.665+0000] {logging_mixin.py:188} INFO - [2025-12-27T14:51:27.664+0000] {dag.py:3954} INFO - Setting next_dagrun for example_python_decorator to None, run_after=None
[2025-12-27T14:51:27.938+0000] {processor.py:183} INFO - Processing /home/airflow/.local/lib/python3.12/site-packages/airflow/example_dags/example_python_decorator.py took 0.972 seconds
[2025-12-27T14:53:52.105+0000] {processor.py:161} INFO - Started process (PID=3842) to work on /home/airflow/.local/lib/python3.12/site-packages/airflow/example_dags/example_python_decorator.py
[2025-12-27T14:53:52.153+0000] {processor.py:830} INFO - Processing file /home/airflow/.local/lib/python3.12/site-packages/airflow/example_dags/example_python_decorator.py for tasks to queue
[2025-12-27T14:53:52.187+0000] {logging_mixin.py:188} INFO - [2025-12-27T14:53:52.174+0000] {dagbag.py:540} INFO - Filling up the DagBag from /home/airflow/.local/lib/python3.12/site-packages/airflow/example_dags/example_python_decorator.py
[2025-12-27T14:53:52.952+0000] {processor.py:840} INFO - DAG(s) 'example_python_decorator' retrieved from /home/airflow/.local/lib/python3.12/site-packages/airflow/example_dags/example_python_decorator.py
[2025-12-27T14:53:55.512+0000] {logging_mixin.py:188} INFO - [2025-12-27T14:53:55.492+0000] {dag.py:3096} INFO - Sync 1 DAGs
[2025-12-27T14:53:56.618+0000] {logging_mixin.py:188} INFO - [2025-12-27T14:53:56.612+0000] {dag.py:3954} INFO - Setting next_dagrun for example_python_decorator to None, run_after=None
[2025-12-27T14:54:00.169+0000] {processor.py:183} INFO - Processing /home/airflow/.local/lib/python3.12/site-packages/airflow/example_dags/example_python_decorator.py took 8.444 seconds
[2025-12-27T14:56:39.595+0000] {processor.py:161} INFO - Started process (PID=3906) to work on /home/airflow/.local/lib/python3.12/site-packages/airflow/example_dags/example_python_decorator.py
[2025-12-27T14:56:39.622+0000] {processor.py:830} INFO - Processing file /home/airflow/.local/lib/python3.12/site-packages/airflow/example_dags/example_python_decorator.py for tasks to queue
[2025-12-27T14:56:39.639+0000] {logging_mixin.py:188} INFO - [2025-12-27T14:56:39.627+0000] {dagbag.py:540} INFO - Filling up the DagBag from /home/airflow/.local/lib/python3.12/site-packages/airflow/example_dags/example_python_decorator.py
[2025-12-27T14:56:40.088+0000] {processor.py:840} INFO - DAG(s) 'example_python_decorator' retrieved from /home/airflow/.local/lib/python3.12/site-packages/airflow/example_dags/example_python_decorator.py
[2025-12-27T14:56:40.853+0000] {logging_mixin.py:188} INFO - [2025-12-27T14:56:40.837+0000] {dag.py:3096} INFO - Sync 1 DAGs
[2025-12-27T14:56:41.133+0000] {logging_mixin.py:188} INFO - [2025-12-27T14:56:41.131+0000] {dag.py:3954} INFO - Setting next_dagrun for example_python_decorator to None, run_after=None
[2025-12-27T14:56:41.423+0000] {processor.py:183} INFO - Processing /home/airflow/.local/lib/python3.12/site-packages/airflow/example_dags/example_python_decorator.py took 1.903 seconds
