[2025-12-27T14:14:24.832+0000] {processor.py:161} INFO - Started process (PID=85) to work on /home/airflow/.local/lib/python3.12/site-packages/airflow/example_dags/example_branch_operator.py
[2025-12-27T14:14:24.886+0000] {processor.py:830} INFO - Processing file /home/airflow/.local/lib/python3.12/site-packages/airflow/example_dags/example_branch_operator.py for tasks to queue
[2025-12-27T14:14:25.082+0000] {logging_mixin.py:188} INFO - [2025-12-27T14:14:25.073+0000] {dagbag.py:540} INFO - Filling up the DagBag from /home/airflow/.local/lib/python3.12/site-packages/airflow/example_dags/example_branch_operator.py
[2025-12-27T14:14:30.463+0000] {processor.py:840} INFO - DAG(s) 'example_branch_operator' retrieved from /home/airflow/.local/lib/python3.12/site-packages/airflow/example_dags/example_branch_operator.py
[2025-12-27T14:14:32.836+0000] {logging_mixin.py:188} INFO - [2025-12-27T14:14:32.835+0000] {dag.py:3096} INFO - Sync 1 DAGs
[2025-12-27T14:14:33.270+0000] {logging_mixin.py:188} INFO - [2025-12-27T14:14:33.269+0000] {dag.py:3954} INFO - Setting next_dagrun for example_branch_operator to 2025-12-26 00:00:00+00:00, run_after=2025-12-27 00:00:00+00:00
[2025-12-27T14:14:33.498+0000] {processor.py:183} INFO - Processing /home/airflow/.local/lib/python3.12/site-packages/airflow/example_dags/example_branch_operator.py took 9.099 seconds
[2025-12-27T14:15:21.621+0000] {processor.py:161} INFO - Started process (PID=148) to work on /home/airflow/.local/lib/python3.12/site-packages/airflow/example_dags/example_branch_operator.py
[2025-12-27T14:15:21.625+0000] {processor.py:830} INFO - Processing file /home/airflow/.local/lib/python3.12/site-packages/airflow/example_dags/example_branch_operator.py for tasks to queue
[2025-12-27T14:15:21.631+0000] {logging_mixin.py:188} INFO - [2025-12-27T14:15:21.630+0000] {dagbag.py:540} INFO - Filling up the DagBag from /home/airflow/.local/lib/python3.12/site-packages/airflow/example_dags/example_branch_operator.py
[2025-12-27T14:15:21.681+0000] {processor.py:840} INFO - DAG(s) 'example_branch_operator' retrieved from /home/airflow/.local/lib/python3.12/site-packages/airflow/example_dags/example_branch_operator.py
[2025-12-27T14:15:21.806+0000] {logging_mixin.py:188} INFO - [2025-12-27T14:15:21.806+0000] {dag.py:3096} INFO - Sync 1 DAGs
[2025-12-27T14:15:21.907+0000] {logging_mixin.py:188} INFO - [2025-12-27T14:15:21.907+0000] {dag.py:3954} INFO - Setting next_dagrun for example_branch_operator to 2025-12-26 00:00:00+00:00, run_after=2025-12-27 00:00:00+00:00
[2025-12-27T14:15:21.980+0000] {processor.py:183} INFO - Processing /home/airflow/.local/lib/python3.12/site-packages/airflow/example_dags/example_branch_operator.py took 0.377 seconds
[2025-12-27T14:15:52.731+0000] {processor.py:161} INFO - Started process (PID=205) to work on /home/airflow/.local/lib/python3.12/site-packages/airflow/example_dags/example_branch_operator.py
[2025-12-27T14:15:52.735+0000] {processor.py:830} INFO - Processing file /home/airflow/.local/lib/python3.12/site-packages/airflow/example_dags/example_branch_operator.py for tasks to queue
[2025-12-27T14:15:52.742+0000] {logging_mixin.py:188} INFO - [2025-12-27T14:15:52.741+0000] {dagbag.py:540} INFO - Filling up the DagBag from /home/airflow/.local/lib/python3.12/site-packages/airflow/example_dags/example_branch_operator.py
[2025-12-27T14:15:52.794+0000] {processor.py:840} INFO - DAG(s) 'example_branch_operator' retrieved from /home/airflow/.local/lib/python3.12/site-packages/airflow/example_dags/example_branch_operator.py
[2025-12-27T14:15:52.917+0000] {logging_mixin.py:188} INFO - [2025-12-27T14:15:52.916+0000] {dag.py:3096} INFO - Sync 1 DAGs
[2025-12-27T14:15:52.999+0000] {logging_mixin.py:188} INFO - [2025-12-27T14:15:52.998+0000] {dag.py:3954} INFO - Setting next_dagrun for example_branch_operator to 2025-12-26 00:00:00+00:00, run_after=2025-12-27 00:00:00+00:00
[2025-12-27T14:15:53.070+0000] {processor.py:183} INFO - Processing /home/airflow/.local/lib/python3.12/site-packages/airflow/example_dags/example_branch_operator.py took 0.356 seconds
[2025-12-27T14:16:23.540+0000] {processor.py:161} INFO - Started process (PID=263) to work on /home/airflow/.local/lib/python3.12/site-packages/airflow/example_dags/example_branch_operator.py
[2025-12-27T14:16:23.548+0000] {processor.py:830} INFO - Processing file /home/airflow/.local/lib/python3.12/site-packages/airflow/example_dags/example_branch_operator.py for tasks to queue
[2025-12-27T14:16:23.558+0000] {logging_mixin.py:188} INFO - [2025-12-27T14:16:23.556+0000] {dagbag.py:540} INFO - Filling up the DagBag from /home/airflow/.local/lib/python3.12/site-packages/airflow/example_dags/example_branch_operator.py
[2025-12-27T14:16:23.663+0000] {processor.py:840} INFO - DAG(s) 'example_branch_operator' retrieved from /home/airflow/.local/lib/python3.12/site-packages/airflow/example_dags/example_branch_operator.py
[2025-12-27T14:16:23.972+0000] {logging_mixin.py:188} INFO - [2025-12-27T14:16:23.971+0000] {dag.py:3096} INFO - Sync 1 DAGs
[2025-12-27T14:16:24.441+0000] {logging_mixin.py:188} INFO - [2025-12-27T14:16:24.441+0000] {dag.py:3954} INFO - Setting next_dagrun for example_branch_operator to 2025-12-26 00:00:00+00:00, run_after=2025-12-27 00:00:00+00:00
[2025-12-27T14:16:24.808+0000] {processor.py:183} INFO - Processing /home/airflow/.local/lib/python3.12/site-packages/airflow/example_dags/example_branch_operator.py took 1.296 seconds
[2025-12-27T14:16:55.442+0000] {processor.py:161} INFO - Started process (PID=322) to work on /home/airflow/.local/lib/python3.12/site-packages/airflow/example_dags/example_branch_operator.py
[2025-12-27T14:16:55.446+0000] {processor.py:830} INFO - Processing file /home/airflow/.local/lib/python3.12/site-packages/airflow/example_dags/example_branch_operator.py for tasks to queue
[2025-12-27T14:16:55.457+0000] {logging_mixin.py:188} INFO - [2025-12-27T14:16:55.456+0000] {dagbag.py:540} INFO - Filling up the DagBag from /home/airflow/.local/lib/python3.12/site-packages/airflow/example_dags/example_branch_operator.py
[2025-12-27T14:16:55.557+0000] {processor.py:840} INFO - DAG(s) 'example_branch_operator' retrieved from /home/airflow/.local/lib/python3.12/site-packages/airflow/example_dags/example_branch_operator.py
[2025-12-27T14:16:55.814+0000] {logging_mixin.py:188} INFO - [2025-12-27T14:16:55.804+0000] {dag.py:3096} INFO - Sync 1 DAGs
[2025-12-27T14:16:56.018+0000] {logging_mixin.py:188} INFO - [2025-12-27T14:16:56.017+0000] {dag.py:3954} INFO - Setting next_dagrun for example_branch_operator to 2025-12-26 00:00:00+00:00, run_after=2025-12-27 00:00:00+00:00
[2025-12-27T14:16:56.154+0000] {processor.py:183} INFO - Processing /home/airflow/.local/lib/python3.12/site-packages/airflow/example_dags/example_branch_operator.py took 0.744 seconds
[2025-12-27T14:17:42.123+0000] {processor.py:161} INFO - Started process (PID=369) to work on /home/airflow/.local/lib/python3.12/site-packages/airflow/example_dags/example_branch_operator.py
[2025-12-27T14:17:42.148+0000] {processor.py:830} INFO - Processing file /home/airflow/.local/lib/python3.12/site-packages/airflow/example_dags/example_branch_operator.py for tasks to queue
[2025-12-27T14:17:42.171+0000] {logging_mixin.py:188} INFO - [2025-12-27T14:17:42.167+0000] {dagbag.py:540} INFO - Filling up the DagBag from /home/airflow/.local/lib/python3.12/site-packages/airflow/example_dags/example_branch_operator.py
[2025-12-27T14:17:42.400+0000] {processor.py:840} INFO - DAG(s) 'example_branch_operator' retrieved from /home/airflow/.local/lib/python3.12/site-packages/airflow/example_dags/example_branch_operator.py
[2025-12-27T14:17:42.700+0000] {logging_mixin.py:188} INFO - [2025-12-27T14:17:42.699+0000] {dag.py:3096} INFO - Sync 1 DAGs
[2025-12-27T14:17:42.933+0000] {logging_mixin.py:188} INFO - [2025-12-27T14:17:42.932+0000] {dag.py:3954} INFO - Setting next_dagrun for example_branch_operator to 2025-12-26 00:00:00+00:00, run_after=2025-12-27 00:00:00+00:00
[2025-12-27T14:17:43.111+0000] {processor.py:183} INFO - Processing /home/airflow/.local/lib/python3.12/site-packages/airflow/example_dags/example_branch_operator.py took 1.052 seconds
[2025-12-27T14:18:27.788+0000] {processor.py:161} INFO - Started process (PID=430) to work on /home/airflow/.local/lib/python3.12/site-packages/airflow/example_dags/example_branch_operator.py
[2025-12-27T14:18:27.949+0000] {processor.py:830} INFO - Processing file /home/airflow/.local/lib/python3.12/site-packages/airflow/example_dags/example_branch_operator.py for tasks to queue
[2025-12-27T14:18:27.955+0000] {logging_mixin.py:188} INFO - [2025-12-27T14:18:27.954+0000] {dagbag.py:540} INFO - Filling up the DagBag from /home/airflow/.local/lib/python3.12/site-packages/airflow/example_dags/example_branch_operator.py
[2025-12-27T14:18:28.050+0000] {processor.py:840} INFO - DAG(s) 'example_branch_operator' retrieved from /home/airflow/.local/lib/python3.12/site-packages/airflow/example_dags/example_branch_operator.py
[2025-12-27T14:18:28.556+0000] {logging_mixin.py:188} INFO - [2025-12-27T14:18:28.555+0000] {dag.py:3096} INFO - Sync 1 DAGs
[2025-12-27T14:18:28.841+0000] {logging_mixin.py:188} INFO - [2025-12-27T14:18:28.829+0000] {dag.py:3954} INFO - Setting next_dagrun for example_branch_operator to 2025-12-26 00:00:00+00:00, run_after=2025-12-27 00:00:00+00:00
[2025-12-27T14:18:29.091+0000] {processor.py:183} INFO - Processing /home/airflow/.local/lib/python3.12/site-packages/airflow/example_dags/example_branch_operator.py took 1.335 seconds
[2025-12-27T14:19:01.197+0000] {processor.py:161} INFO - Started process (PID=488) to work on /home/airflow/.local/lib/python3.12/site-packages/airflow/example_dags/example_branch_operator.py
[2025-12-27T14:19:01.202+0000] {processor.py:830} INFO - Processing file /home/airflow/.local/lib/python3.12/site-packages/airflow/example_dags/example_branch_operator.py for tasks to queue
[2025-12-27T14:19:01.213+0000] {logging_mixin.py:188} INFO - [2025-12-27T14:19:01.210+0000] {dagbag.py:540} INFO - Filling up the DagBag from /home/airflow/.local/lib/python3.12/site-packages/airflow/example_dags/example_branch_operator.py
[2025-12-27T14:19:01.336+0000] {processor.py:840} INFO - DAG(s) 'example_branch_operator' retrieved from /home/airflow/.local/lib/python3.12/site-packages/airflow/example_dags/example_branch_operator.py
[2025-12-27T14:19:01.537+0000] {logging_mixin.py:188} INFO - [2025-12-27T14:19:01.537+0000] {dag.py:3096} INFO - Sync 1 DAGs
[2025-12-27T14:19:01.683+0000] {logging_mixin.py:188} INFO - [2025-12-27T14:19:01.682+0000] {dag.py:3954} INFO - Setting next_dagrun for example_branch_operator to 2025-12-26 00:00:00+00:00, run_after=2025-12-27 00:00:00+00:00
[2025-12-27T14:19:01.764+0000] {processor.py:183} INFO - Processing /home/airflow/.local/lib/python3.12/site-packages/airflow/example_dags/example_branch_operator.py took 0.601 seconds
[2025-12-27T14:19:34.396+0000] {processor.py:161} INFO - Started process (PID=546) to work on /home/airflow/.local/lib/python3.12/site-packages/airflow/example_dags/example_branch_operator.py
[2025-12-27T14:19:34.400+0000] {processor.py:830} INFO - Processing file /home/airflow/.local/lib/python3.12/site-packages/airflow/example_dags/example_branch_operator.py for tasks to queue
[2025-12-27T14:19:34.407+0000] {logging_mixin.py:188} INFO - [2025-12-27T14:19:34.405+0000] {dagbag.py:540} INFO - Filling up the DagBag from /home/airflow/.local/lib/python3.12/site-packages/airflow/example_dags/example_branch_operator.py
[2025-12-27T14:19:34.475+0000] {processor.py:840} INFO - DAG(s) 'example_branch_operator' retrieved from /home/airflow/.local/lib/python3.12/site-packages/airflow/example_dags/example_branch_operator.py
[2025-12-27T14:19:34.589+0000] {logging_mixin.py:188} INFO - [2025-12-27T14:19:34.587+0000] {dag.py:3096} INFO - Sync 1 DAGs
[2025-12-27T14:19:34.677+0000] {logging_mixin.py:188} INFO - [2025-12-27T14:19:34.677+0000] {dag.py:3954} INFO - Setting next_dagrun for example_branch_operator to 2025-12-26 00:00:00+00:00, run_after=2025-12-27 00:00:00+00:00
[2025-12-27T14:19:34.756+0000] {processor.py:183} INFO - Processing /home/airflow/.local/lib/python3.12/site-packages/airflow/example_dags/example_branch_operator.py took 0.385 seconds
[2025-12-27T14:20:05.793+0000] {processor.py:161} INFO - Started process (PID=603) to work on /home/airflow/.local/lib/python3.12/site-packages/airflow/example_dags/example_branch_operator.py
[2025-12-27T14:20:05.873+0000] {processor.py:830} INFO - Processing file /home/airflow/.local/lib/python3.12/site-packages/airflow/example_dags/example_branch_operator.py for tasks to queue
[2025-12-27T14:20:05.880+0000] {logging_mixin.py:188} INFO - [2025-12-27T14:20:05.879+0000] {dagbag.py:540} INFO - Filling up the DagBag from /home/airflow/.local/lib/python3.12/site-packages/airflow/example_dags/example_branch_operator.py
[2025-12-27T14:20:05.949+0000] {processor.py:840} INFO - DAG(s) 'example_branch_operator' retrieved from /home/airflow/.local/lib/python3.12/site-packages/airflow/example_dags/example_branch_operator.py
[2025-12-27T14:20:06.116+0000] {logging_mixin.py:188} INFO - [2025-12-27T14:20:06.116+0000] {dag.py:3096} INFO - Sync 1 DAGs
[2025-12-27T14:20:06.194+0000] {logging_mixin.py:188} INFO - [2025-12-27T14:20:06.194+0000] {dag.py:3954} INFO - Setting next_dagrun for example_branch_operator to 2025-12-26 00:00:00+00:00, run_after=2025-12-27 00:00:00+00:00
[2025-12-27T14:20:06.355+0000] {processor.py:183} INFO - Processing /home/airflow/.local/lib/python3.12/site-packages/airflow/example_dags/example_branch_operator.py took 0.578 seconds
[2025-12-27T14:20:36.794+0000] {processor.py:161} INFO - Started process (PID=660) to work on /home/airflow/.local/lib/python3.12/site-packages/airflow/example_dags/example_branch_operator.py
[2025-12-27T14:20:36.798+0000] {processor.py:830} INFO - Processing file /home/airflow/.local/lib/python3.12/site-packages/airflow/example_dags/example_branch_operator.py for tasks to queue
[2025-12-27T14:20:36.806+0000] {logging_mixin.py:188} INFO - [2025-12-27T14:20:36.805+0000] {dagbag.py:540} INFO - Filling up the DagBag from /home/airflow/.local/lib/python3.12/site-packages/airflow/example_dags/example_branch_operator.py
[2025-12-27T14:20:36.916+0000] {processor.py:840} INFO - DAG(s) 'example_branch_operator' retrieved from /home/airflow/.local/lib/python3.12/site-packages/airflow/example_dags/example_branch_operator.py
[2025-12-27T14:20:37.029+0000] {logging_mixin.py:188} INFO - [2025-12-27T14:20:37.029+0000] {dag.py:3096} INFO - Sync 1 DAGs
[2025-12-27T14:20:37.108+0000] {logging_mixin.py:188} INFO - [2025-12-27T14:20:37.108+0000] {dag.py:3954} INFO - Setting next_dagrun for example_branch_operator to 2025-12-26 00:00:00+00:00, run_after=2025-12-27 00:00:00+00:00
[2025-12-27T14:20:37.186+0000] {processor.py:183} INFO - Processing /home/airflow/.local/lib/python3.12/site-packages/airflow/example_dags/example_branch_operator.py took 0.418 seconds
[2025-12-27T14:21:07.676+0000] {processor.py:161} INFO - Started process (PID=717) to work on /home/airflow/.local/lib/python3.12/site-packages/airflow/example_dags/example_branch_operator.py
[2025-12-27T14:21:07.684+0000] {processor.py:830} INFO - Processing file /home/airflow/.local/lib/python3.12/site-packages/airflow/example_dags/example_branch_operator.py for tasks to queue
[2025-12-27T14:21:07.700+0000] {logging_mixin.py:188} INFO - [2025-12-27T14:21:07.697+0000] {dagbag.py:540} INFO - Filling up the DagBag from /home/airflow/.local/lib/python3.12/site-packages/airflow/example_dags/example_branch_operator.py
[2025-12-27T14:21:07.773+0000] {processor.py:840} INFO - DAG(s) 'example_branch_operator' retrieved from /home/airflow/.local/lib/python3.12/site-packages/airflow/example_dags/example_branch_operator.py
[2025-12-27T14:21:07.907+0000] {logging_mixin.py:188} INFO - [2025-12-27T14:21:07.906+0000] {dag.py:3096} INFO - Sync 1 DAGs
[2025-12-27T14:21:08.016+0000] {logging_mixin.py:188} INFO - [2025-12-27T14:21:08.015+0000] {dag.py:3954} INFO - Setting next_dagrun for example_branch_operator to 2025-12-26 00:00:00+00:00, run_after=2025-12-27 00:00:00+00:00
[2025-12-27T14:21:08.100+0000] {processor.py:183} INFO - Processing /home/airflow/.local/lib/python3.12/site-packages/airflow/example_dags/example_branch_operator.py took 0.456 seconds
[2025-12-27T14:21:45.388+0000] {processor.py:161} INFO - Started process (PID=775) to work on /home/airflow/.local/lib/python3.12/site-packages/airflow/example_dags/example_branch_operator.py
[2025-12-27T14:21:45.395+0000] {processor.py:830} INFO - Processing file /home/airflow/.local/lib/python3.12/site-packages/airflow/example_dags/example_branch_operator.py for tasks to queue
[2025-12-27T14:21:45.411+0000] {logging_mixin.py:188} INFO - [2025-12-27T14:21:45.401+0000] {dagbag.py:540} INFO - Filling up the DagBag from /home/airflow/.local/lib/python3.12/site-packages/airflow/example_dags/example_branch_operator.py
[2025-12-27T14:21:45.528+0000] {processor.py:840} INFO - DAG(s) 'example_branch_operator' retrieved from /home/airflow/.local/lib/python3.12/site-packages/airflow/example_dags/example_branch_operator.py
[2025-12-27T14:21:45.678+0000] {logging_mixin.py:188} INFO - [2025-12-27T14:21:45.676+0000] {dag.py:3096} INFO - Sync 1 DAGs
[2025-12-27T14:21:45.868+0000] {logging_mixin.py:188} INFO - [2025-12-27T14:21:45.867+0000] {dag.py:3954} INFO - Setting next_dagrun for example_branch_operator to 2025-12-26 00:00:00+00:00, run_after=2025-12-27 00:00:00+00:00
[2025-12-27T14:21:45.999+0000] {processor.py:183} INFO - Processing /home/airflow/.local/lib/python3.12/site-packages/airflow/example_dags/example_branch_operator.py took 0.657 seconds
[2025-12-27T14:22:43.463+0000] {processor.py:161} INFO - Started process (PID=840) to work on /home/airflow/.local/lib/python3.12/site-packages/airflow/example_dags/example_branch_operator.py
[2025-12-27T14:22:43.469+0000] {processor.py:830} INFO - Processing file /home/airflow/.local/lib/python3.12/site-packages/airflow/example_dags/example_branch_operator.py for tasks to queue
[2025-12-27T14:22:43.482+0000] {logging_mixin.py:188} INFO - [2025-12-27T14:22:43.480+0000] {dagbag.py:540} INFO - Filling up the DagBag from /home/airflow/.local/lib/python3.12/site-packages/airflow/example_dags/example_branch_operator.py
[2025-12-27T14:22:43.628+0000] {processor.py:840} INFO - DAG(s) 'example_branch_operator' retrieved from /home/airflow/.local/lib/python3.12/site-packages/airflow/example_dags/example_branch_operator.py
[2025-12-27T14:22:43.871+0000] {logging_mixin.py:188} INFO - [2025-12-27T14:22:43.870+0000] {dag.py:3096} INFO - Sync 1 DAGs
[2025-12-27T14:22:44.103+0000] {logging_mixin.py:188} INFO - [2025-12-27T14:22:44.102+0000] {dag.py:3954} INFO - Setting next_dagrun for example_branch_operator to 2025-12-26 00:00:00+00:00, run_after=2025-12-27 00:00:00+00:00
[2025-12-27T14:22:44.267+0000] {processor.py:183} INFO - Processing /home/airflow/.local/lib/python3.12/site-packages/airflow/example_dags/example_branch_operator.py took 0.840 seconds
[2025-12-27T14:23:42.840+0000] {processor.py:161} INFO - Started process (PID=872) to work on /home/airflow/.local/lib/python3.12/site-packages/airflow/example_dags/example_branch_operator.py
[2025-12-27T14:23:42.847+0000] {processor.py:830} INFO - Processing file /home/airflow/.local/lib/python3.12/site-packages/airflow/example_dags/example_branch_operator.py for tasks to queue
[2025-12-27T14:23:42.858+0000] {logging_mixin.py:188} INFO - [2025-12-27T14:23:42.856+0000] {dagbag.py:540} INFO - Filling up the DagBag from /home/airflow/.local/lib/python3.12/site-packages/airflow/example_dags/example_branch_operator.py
[2025-12-27T14:23:42.986+0000] {processor.py:840} INFO - DAG(s) 'example_branch_operator' retrieved from /home/airflow/.local/lib/python3.12/site-packages/airflow/example_dags/example_branch_operator.py
[2025-12-27T14:23:43.276+0000] {logging_mixin.py:188} INFO - [2025-12-27T14:23:43.274+0000] {dag.py:3096} INFO - Sync 1 DAGs
[2025-12-27T14:23:44.030+0000] {logging_mixin.py:188} INFO - [2025-12-27T14:23:44.021+0000] {dag.py:3954} INFO - Setting next_dagrun for example_branch_operator to 2025-12-26 00:00:00+00:00, run_after=2025-12-27 00:00:00+00:00
[2025-12-27T14:23:44.532+0000] {processor.py:183} INFO - Processing /home/airflow/.local/lib/python3.12/site-packages/airflow/example_dags/example_branch_operator.py took 1.849 seconds
[2025-12-27T14:24:21.582+0000] {processor.py:161} INFO - Started process (PID=920) to work on /home/airflow/.local/lib/python3.12/site-packages/airflow/example_dags/example_branch_operator.py
[2025-12-27T14:24:21.587+0000] {processor.py:830} INFO - Processing file /home/airflow/.local/lib/python3.12/site-packages/airflow/example_dags/example_branch_operator.py for tasks to queue
[2025-12-27T14:24:21.590+0000] {logging_mixin.py:188} INFO - [2025-12-27T14:24:21.589+0000] {dagbag.py:540} INFO - Filling up the DagBag from /home/airflow/.local/lib/python3.12/site-packages/airflow/example_dags/example_branch_operator.py
[2025-12-27T14:24:21.687+0000] {processor.py:840} INFO - DAG(s) 'example_branch_operator' retrieved from /home/airflow/.local/lib/python3.12/site-packages/airflow/example_dags/example_branch_operator.py
[2025-12-27T14:24:21.798+0000] {logging_mixin.py:188} INFO - [2025-12-27T14:24:21.797+0000] {dag.py:3096} INFO - Sync 1 DAGs
[2025-12-27T14:24:21.888+0000] {logging_mixin.py:188} INFO - [2025-12-27T14:24:21.888+0000] {dag.py:3954} INFO - Setting next_dagrun for example_branch_operator to 2025-12-26 00:00:00+00:00, run_after=2025-12-27 00:00:00+00:00
[2025-12-27T14:24:21.969+0000] {processor.py:183} INFO - Processing /home/airflow/.local/lib/python3.12/site-packages/airflow/example_dags/example_branch_operator.py took 0.415 seconds
[2025-12-27T14:24:52.171+0000] {processor.py:161} INFO - Started process (PID=976) to work on /home/airflow/.local/lib/python3.12/site-packages/airflow/example_dags/example_branch_operator.py
[2025-12-27T14:24:52.176+0000] {processor.py:830} INFO - Processing file /home/airflow/.local/lib/python3.12/site-packages/airflow/example_dags/example_branch_operator.py for tasks to queue
[2025-12-27T14:24:52.179+0000] {logging_mixin.py:188} INFO - [2025-12-27T14:24:52.178+0000] {dagbag.py:540} INFO - Filling up the DagBag from /home/airflow/.local/lib/python3.12/site-packages/airflow/example_dags/example_branch_operator.py
[2025-12-27T14:24:52.248+0000] {processor.py:840} INFO - DAG(s) 'example_branch_operator' retrieved from /home/airflow/.local/lib/python3.12/site-packages/airflow/example_dags/example_branch_operator.py
[2025-12-27T14:24:52.360+0000] {logging_mixin.py:188} INFO - [2025-12-27T14:24:52.359+0000] {dag.py:3096} INFO - Sync 1 DAGs
[2025-12-27T14:24:52.859+0000] {logging_mixin.py:188} INFO - [2025-12-27T14:24:52.859+0000] {dag.py:3954} INFO - Setting next_dagrun for example_branch_operator to 2025-12-26 00:00:00+00:00, run_after=2025-12-27 00:00:00+00:00
[2025-12-27T14:24:52.912+0000] {processor.py:183} INFO - Processing /home/airflow/.local/lib/python3.12/site-packages/airflow/example_dags/example_branch_operator.py took 0.764 seconds
[2025-12-27T14:25:29.729+0000] {processor.py:161} INFO - Started process (PID=1034) to work on /home/airflow/.local/lib/python3.12/site-packages/airflow/example_dags/example_branch_operator.py
[2025-12-27T14:25:29.736+0000] {processor.py:830} INFO - Processing file /home/airflow/.local/lib/python3.12/site-packages/airflow/example_dags/example_branch_operator.py for tasks to queue
[2025-12-27T14:25:29.747+0000] {logging_mixin.py:188} INFO - [2025-12-27T14:25:29.745+0000] {dagbag.py:540} INFO - Filling up the DagBag from /home/airflow/.local/lib/python3.12/site-packages/airflow/example_dags/example_branch_operator.py
[2025-12-27T14:25:30.025+0000] {processor.py:840} INFO - DAG(s) 'example_branch_operator' retrieved from /home/airflow/.local/lib/python3.12/site-packages/airflow/example_dags/example_branch_operator.py
[2025-12-27T14:25:31.123+0000] {logging_mixin.py:188} INFO - [2025-12-27T14:25:31.121+0000] {dag.py:3096} INFO - Sync 1 DAGs
[2025-12-27T14:25:35.327+0000] {logging_mixin.py:188} INFO - [2025-12-27T14:25:35.297+0000] {dag.py:3954} INFO - Setting next_dagrun for example_branch_operator to 2025-12-26 00:00:00+00:00, run_after=2025-12-27 00:00:00+00:00
[2025-12-27T14:26:11.324+0000] {processor.py:183} INFO - Processing /home/airflow/.local/lib/python3.12/site-packages/airflow/example_dags/example_branch_operator.py took 41.675 seconds
[2025-12-27T14:26:42.027+0000] {processor.py:161} INFO - Started process (PID=1104) to work on /home/airflow/.local/lib/python3.12/site-packages/airflow/example_dags/example_branch_operator.py
[2025-12-27T14:26:42.041+0000] {processor.py:830} INFO - Processing file /home/airflow/.local/lib/python3.12/site-packages/airflow/example_dags/example_branch_operator.py for tasks to queue
[2025-12-27T14:26:42.051+0000] {logging_mixin.py:188} INFO - [2025-12-27T14:26:42.047+0000] {dagbag.py:540} INFO - Filling up the DagBag from /home/airflow/.local/lib/python3.12/site-packages/airflow/example_dags/example_branch_operator.py
[2025-12-27T14:26:42.309+0000] {processor.py:840} INFO - DAG(s) 'example_branch_operator' retrieved from /home/airflow/.local/lib/python3.12/site-packages/airflow/example_dags/example_branch_operator.py
[2025-12-27T14:26:42.558+0000] {logging_mixin.py:188} INFO - [2025-12-27T14:26:42.557+0000] {dag.py:3096} INFO - Sync 1 DAGs
[2025-12-27T14:26:42.762+0000] {logging_mixin.py:188} INFO - [2025-12-27T14:26:42.761+0000] {dag.py:3954} INFO - Setting next_dagrun for example_branch_operator to 2025-12-26 00:00:00+00:00, run_after=2025-12-27 00:00:00+00:00
[2025-12-27T14:26:48.452+0000] {processor.py:183} INFO - Processing /home/airflow/.local/lib/python3.12/site-packages/airflow/example_dags/example_branch_operator.py took 6.571 seconds
[2025-12-27T14:27:31.946+0000] {processor.py:161} INFO - Started process (PID=1138) to work on /home/airflow/.local/lib/python3.12/site-packages/airflow/example_dags/example_branch_operator.py
[2025-12-27T14:27:32.017+0000] {processor.py:830} INFO - Processing file /home/airflow/.local/lib/python3.12/site-packages/airflow/example_dags/example_branch_operator.py for tasks to queue
[2025-12-27T14:27:32.059+0000] {logging_mixin.py:188} INFO - [2025-12-27T14:27:32.041+0000] {dagbag.py:540} INFO - Filling up the DagBag from /home/airflow/.local/lib/python3.12/site-packages/airflow/example_dags/example_branch_operator.py
[2025-12-27T14:27:32.847+0000] {processor.py:840} INFO - DAG(s) 'example_branch_operator' retrieved from /home/airflow/.local/lib/python3.12/site-packages/airflow/example_dags/example_branch_operator.py
[2025-12-27T14:27:33.494+0000] {logging_mixin.py:188} INFO - [2025-12-27T14:27:33.493+0000] {dag.py:3096} INFO - Sync 1 DAGs
[2025-12-27T14:27:34.454+0000] {logging_mixin.py:188} INFO - [2025-12-27T14:27:34.451+0000] {dag.py:3954} INFO - Setting next_dagrun for example_branch_operator to 2025-12-26 00:00:00+00:00, run_after=2025-12-27 00:00:00+00:00
[2025-12-27T14:27:34.731+0000] {processor.py:183} INFO - Processing /home/airflow/.local/lib/python3.12/site-packages/airflow/example_dags/example_branch_operator.py took 3.120 seconds
[2025-12-27T14:28:05.124+0000] {processor.py:161} INFO - Started process (PID=1194) to work on /home/airflow/.local/lib/python3.12/site-packages/airflow/example_dags/example_branch_operator.py
[2025-12-27T14:28:05.130+0000] {processor.py:830} INFO - Processing file /home/airflow/.local/lib/python3.12/site-packages/airflow/example_dags/example_branch_operator.py for tasks to queue
[2025-12-27T14:28:05.134+0000] {logging_mixin.py:188} INFO - [2025-12-27T14:28:05.133+0000] {dagbag.py:540} INFO - Filling up the DagBag from /home/airflow/.local/lib/python3.12/site-packages/airflow/example_dags/example_branch_operator.py
[2025-12-27T14:28:05.260+0000] {processor.py:840} INFO - DAG(s) 'example_branch_operator' retrieved from /home/airflow/.local/lib/python3.12/site-packages/airflow/example_dags/example_branch_operator.py
[2025-12-27T14:28:05.517+0000] {logging_mixin.py:188} INFO - [2025-12-27T14:28:05.514+0000] {dag.py:3096} INFO - Sync 1 DAGs
[2025-12-27T14:28:05.705+0000] {logging_mixin.py:188} INFO - [2025-12-27T14:28:05.704+0000] {dag.py:3954} INFO - Setting next_dagrun for example_branch_operator to 2025-12-26 00:00:00+00:00, run_after=2025-12-27 00:00:00+00:00
[2025-12-27T14:28:05.832+0000] {processor.py:183} INFO - Processing /home/airflow/.local/lib/python3.12/site-packages/airflow/example_dags/example_branch_operator.py took 0.747 seconds
[2025-12-27T14:28:36.098+0000] {processor.py:161} INFO - Started process (PID=1252) to work on /home/airflow/.local/lib/python3.12/site-packages/airflow/example_dags/example_branch_operator.py
[2025-12-27T14:28:36.102+0000] {processor.py:830} INFO - Processing file /home/airflow/.local/lib/python3.12/site-packages/airflow/example_dags/example_branch_operator.py for tasks to queue
[2025-12-27T14:28:36.105+0000] {logging_mixin.py:188} INFO - [2025-12-27T14:28:36.104+0000] {dagbag.py:540} INFO - Filling up the DagBag from /home/airflow/.local/lib/python3.12/site-packages/airflow/example_dags/example_branch_operator.py
[2025-12-27T14:28:36.163+0000] {processor.py:840} INFO - DAG(s) 'example_branch_operator' retrieved from /home/airflow/.local/lib/python3.12/site-packages/airflow/example_dags/example_branch_operator.py
[2025-12-27T14:28:36.267+0000] {logging_mixin.py:188} INFO - [2025-12-27T14:28:36.266+0000] {dag.py:3096} INFO - Sync 1 DAGs
[2025-12-27T14:28:36.348+0000] {logging_mixin.py:188} INFO - [2025-12-27T14:28:36.348+0000] {dag.py:3954} INFO - Setting next_dagrun for example_branch_operator to 2025-12-26 00:00:00+00:00, run_after=2025-12-27 00:00:00+00:00
[2025-12-27T14:28:36.404+0000] {processor.py:183} INFO - Processing /home/airflow/.local/lib/python3.12/site-packages/airflow/example_dags/example_branch_operator.py took 0.324 seconds
[2025-12-27T14:29:07.377+0000] {processor.py:161} INFO - Started process (PID=1310) to work on /home/airflow/.local/lib/python3.12/site-packages/airflow/example_dags/example_branch_operator.py
[2025-12-27T14:29:07.382+0000] {processor.py:830} INFO - Processing file /home/airflow/.local/lib/python3.12/site-packages/airflow/example_dags/example_branch_operator.py for tasks to queue
[2025-12-27T14:29:07.387+0000] {logging_mixin.py:188} INFO - [2025-12-27T14:29:07.385+0000] {dagbag.py:540} INFO - Filling up the DagBag from /home/airflow/.local/lib/python3.12/site-packages/airflow/example_dags/example_branch_operator.py
[2025-12-27T14:29:07.460+0000] {processor.py:840} INFO - DAG(s) 'example_branch_operator' retrieved from /home/airflow/.local/lib/python3.12/site-packages/airflow/example_dags/example_branch_operator.py
[2025-12-27T14:29:07.566+0000] {logging_mixin.py:188} INFO - [2025-12-27T14:29:07.565+0000] {dag.py:3096} INFO - Sync 1 DAGs
[2025-12-27T14:29:07.640+0000] {logging_mixin.py:188} INFO - [2025-12-27T14:29:07.640+0000] {dag.py:3954} INFO - Setting next_dagrun for example_branch_operator to 2025-12-26 00:00:00+00:00, run_after=2025-12-27 00:00:00+00:00
[2025-12-27T14:29:07.694+0000] {processor.py:183} INFO - Processing /home/airflow/.local/lib/python3.12/site-packages/airflow/example_dags/example_branch_operator.py took 0.353 seconds
[2025-12-27T14:29:38.448+0000] {processor.py:161} INFO - Started process (PID=1368) to work on /home/airflow/.local/lib/python3.12/site-packages/airflow/example_dags/example_branch_operator.py
[2025-12-27T14:29:38.452+0000] {processor.py:830} INFO - Processing file /home/airflow/.local/lib/python3.12/site-packages/airflow/example_dags/example_branch_operator.py for tasks to queue
[2025-12-27T14:29:38.456+0000] {logging_mixin.py:188} INFO - [2025-12-27T14:29:38.455+0000] {dagbag.py:540} INFO - Filling up the DagBag from /home/airflow/.local/lib/python3.12/site-packages/airflow/example_dags/example_branch_operator.py
[2025-12-27T14:29:38.522+0000] {processor.py:840} INFO - DAG(s) 'example_branch_operator' retrieved from /home/airflow/.local/lib/python3.12/site-packages/airflow/example_dags/example_branch_operator.py
[2025-12-27T14:29:38.610+0000] {logging_mixin.py:188} INFO - [2025-12-27T14:29:38.609+0000] {dag.py:3096} INFO - Sync 1 DAGs
[2025-12-27T14:29:38.674+0000] {logging_mixin.py:188} INFO - [2025-12-27T14:29:38.674+0000] {dag.py:3954} INFO - Setting next_dagrun for example_branch_operator to 2025-12-26 00:00:00+00:00, run_after=2025-12-27 00:00:00+00:00
[2025-12-27T14:29:38.727+0000] {processor.py:183} INFO - Processing /home/airflow/.local/lib/python3.12/site-packages/airflow/example_dags/example_branch_operator.py took 0.311 seconds
[2025-12-27T14:30:10.955+0000] {processor.py:161} INFO - Started process (PID=1422) to work on /home/airflow/.local/lib/python3.12/site-packages/airflow/example_dags/example_branch_operator.py
[2025-12-27T14:30:10.960+0000] {processor.py:830} INFO - Processing file /home/airflow/.local/lib/python3.12/site-packages/airflow/example_dags/example_branch_operator.py for tasks to queue
[2025-12-27T14:30:10.963+0000] {logging_mixin.py:188} INFO - [2025-12-27T14:30:10.962+0000] {dagbag.py:540} INFO - Filling up the DagBag from /home/airflow/.local/lib/python3.12/site-packages/airflow/example_dags/example_branch_operator.py
[2025-12-27T14:30:11.129+0000] {processor.py:840} INFO - DAG(s) 'example_branch_operator' retrieved from /home/airflow/.local/lib/python3.12/site-packages/airflow/example_dags/example_branch_operator.py
[2025-12-27T14:30:11.401+0000] {logging_mixin.py:188} INFO - [2025-12-27T14:30:11.396+0000] {dag.py:3096} INFO - Sync 1 DAGs
[2025-12-27T14:30:11.595+0000] {logging_mixin.py:188} INFO - [2025-12-27T14:30:11.594+0000] {dag.py:3954} INFO - Setting next_dagrun for example_branch_operator to 2025-12-26 00:00:00+00:00, run_after=2025-12-27 00:00:00+00:00
[2025-12-27T14:30:11.702+0000] {processor.py:183} INFO - Processing /home/airflow/.local/lib/python3.12/site-packages/airflow/example_dags/example_branch_operator.py took 0.769 seconds
[2025-12-27T14:30:41.960+0000] {processor.py:161} INFO - Started process (PID=1481) to work on /home/airflow/.local/lib/python3.12/site-packages/airflow/example_dags/example_branch_operator.py
[2025-12-27T14:30:41.966+0000] {processor.py:830} INFO - Processing file /home/airflow/.local/lib/python3.12/site-packages/airflow/example_dags/example_branch_operator.py for tasks to queue
[2025-12-27T14:30:41.969+0000] {logging_mixin.py:188} INFO - [2025-12-27T14:30:41.968+0000] {dagbag.py:540} INFO - Filling up the DagBag from /home/airflow/.local/lib/python3.12/site-packages/airflow/example_dags/example_branch_operator.py
[2025-12-27T14:30:42.014+0000] {processor.py:840} INFO - DAG(s) 'example_branch_operator' retrieved from /home/airflow/.local/lib/python3.12/site-packages/airflow/example_dags/example_branch_operator.py
[2025-12-27T14:30:42.144+0000] {logging_mixin.py:188} INFO - [2025-12-27T14:30:42.143+0000] {dag.py:3096} INFO - Sync 1 DAGs
[2025-12-27T14:30:42.234+0000] {logging_mixin.py:188} INFO - [2025-12-27T14:30:42.234+0000] {dag.py:3954} INFO - Setting next_dagrun for example_branch_operator to 2025-12-26 00:00:00+00:00, run_after=2025-12-27 00:00:00+00:00
[2025-12-27T14:30:42.321+0000] {processor.py:183} INFO - Processing /home/airflow/.local/lib/python3.12/site-packages/airflow/example_dags/example_branch_operator.py took 0.385 seconds
[2025-12-27T14:31:12.585+0000] {processor.py:161} INFO - Started process (PID=1539) to work on /home/airflow/.local/lib/python3.12/site-packages/airflow/example_dags/example_branch_operator.py
[2025-12-27T14:31:12.588+0000] {processor.py:830} INFO - Processing file /home/airflow/.local/lib/python3.12/site-packages/airflow/example_dags/example_branch_operator.py for tasks to queue
[2025-12-27T14:31:12.592+0000] {logging_mixin.py:188} INFO - [2025-12-27T14:31:12.590+0000] {dagbag.py:540} INFO - Filling up the DagBag from /home/airflow/.local/lib/python3.12/site-packages/airflow/example_dags/example_branch_operator.py
[2025-12-27T14:31:12.659+0000] {processor.py:840} INFO - DAG(s) 'example_branch_operator' retrieved from /home/airflow/.local/lib/python3.12/site-packages/airflow/example_dags/example_branch_operator.py
[2025-12-27T14:31:12.762+0000] {logging_mixin.py:188} INFO - [2025-12-27T14:31:12.761+0000] {dag.py:3096} INFO - Sync 1 DAGs
[2025-12-27T14:31:12.843+0000] {logging_mixin.py:188} INFO - [2025-12-27T14:31:12.843+0000] {dag.py:3954} INFO - Setting next_dagrun for example_branch_operator to 2025-12-26 00:00:00+00:00, run_after=2025-12-27 00:00:00+00:00
[2025-12-27T14:31:12.910+0000] {processor.py:183} INFO - Processing /home/airflow/.local/lib/python3.12/site-packages/airflow/example_dags/example_branch_operator.py took 0.342 seconds
[2025-12-27T14:31:43.338+0000] {processor.py:161} INFO - Started process (PID=1597) to work on /home/airflow/.local/lib/python3.12/site-packages/airflow/example_dags/example_branch_operator.py
[2025-12-27T14:31:43.342+0000] {processor.py:830} INFO - Processing file /home/airflow/.local/lib/python3.12/site-packages/airflow/example_dags/example_branch_operator.py for tasks to queue
[2025-12-27T14:31:43.346+0000] {logging_mixin.py:188} INFO - [2025-12-27T14:31:43.345+0000] {dagbag.py:540} INFO - Filling up the DagBag from /home/airflow/.local/lib/python3.12/site-packages/airflow/example_dags/example_branch_operator.py
[2025-12-27T14:31:43.400+0000] {processor.py:840} INFO - DAG(s) 'example_branch_operator' retrieved from /home/airflow/.local/lib/python3.12/site-packages/airflow/example_dags/example_branch_operator.py
[2025-12-27T14:31:43.506+0000] {logging_mixin.py:188} INFO - [2025-12-27T14:31:43.505+0000] {dag.py:3096} INFO - Sync 1 DAGs
[2025-12-27T14:31:43.587+0000] {logging_mixin.py:188} INFO - [2025-12-27T14:31:43.586+0000] {dag.py:3954} INFO - Setting next_dagrun for example_branch_operator to 2025-12-26 00:00:00+00:00, run_after=2025-12-27 00:00:00+00:00
[2025-12-27T14:31:43.648+0000] {processor.py:183} INFO - Processing /home/airflow/.local/lib/python3.12/site-packages/airflow/example_dags/example_branch_operator.py took 0.330 seconds
[2025-12-27T14:32:14.024+0000] {processor.py:161} INFO - Started process (PID=1653) to work on /home/airflow/.local/lib/python3.12/site-packages/airflow/example_dags/example_branch_operator.py
[2025-12-27T14:32:14.027+0000] {processor.py:830} INFO - Processing file /home/airflow/.local/lib/python3.12/site-packages/airflow/example_dags/example_branch_operator.py for tasks to queue
[2025-12-27T14:32:14.030+0000] {logging_mixin.py:188} INFO - [2025-12-27T14:32:14.029+0000] {dagbag.py:540} INFO - Filling up the DagBag from /home/airflow/.local/lib/python3.12/site-packages/airflow/example_dags/example_branch_operator.py
[2025-12-27T14:32:14.075+0000] {processor.py:840} INFO - DAG(s) 'example_branch_operator' retrieved from /home/airflow/.local/lib/python3.12/site-packages/airflow/example_dags/example_branch_operator.py
[2025-12-27T14:32:14.152+0000] {logging_mixin.py:188} INFO - [2025-12-27T14:32:14.152+0000] {dag.py:3096} INFO - Sync 1 DAGs
[2025-12-27T14:32:14.210+0000] {logging_mixin.py:188} INFO - [2025-12-27T14:32:14.209+0000] {dag.py:3954} INFO - Setting next_dagrun for example_branch_operator to 2025-12-26 00:00:00+00:00, run_after=2025-12-27 00:00:00+00:00
[2025-12-27T14:32:14.263+0000] {processor.py:183} INFO - Processing /home/airflow/.local/lib/python3.12/site-packages/airflow/example_dags/example_branch_operator.py took 0.257 seconds
[2025-12-27T14:32:44.641+0000] {processor.py:161} INFO - Started process (PID=1711) to work on /home/airflow/.local/lib/python3.12/site-packages/airflow/example_dags/example_branch_operator.py
[2025-12-27T14:32:44.664+0000] {processor.py:830} INFO - Processing file /home/airflow/.local/lib/python3.12/site-packages/airflow/example_dags/example_branch_operator.py for tasks to queue
[2025-12-27T14:32:44.671+0000] {logging_mixin.py:188} INFO - [2025-12-27T14:32:44.669+0000] {dagbag.py:540} INFO - Filling up the DagBag from /home/airflow/.local/lib/python3.12/site-packages/airflow/example_dags/example_branch_operator.py
[2025-12-27T14:32:44.860+0000] {processor.py:840} INFO - DAG(s) 'example_branch_operator' retrieved from /home/airflow/.local/lib/python3.12/site-packages/airflow/example_dags/example_branch_operator.py
[2025-12-27T14:32:45.137+0000] {logging_mixin.py:188} INFO - [2025-12-27T14:32:45.136+0000] {dag.py:3096} INFO - Sync 1 DAGs
[2025-12-27T14:32:45.368+0000] {logging_mixin.py:188} INFO - [2025-12-27T14:32:45.367+0000] {dag.py:3954} INFO - Setting next_dagrun for example_branch_operator to 2025-12-26 00:00:00+00:00, run_after=2025-12-27 00:00:00+00:00
[2025-12-27T14:32:45.448+0000] {processor.py:183} INFO - Processing /home/airflow/.local/lib/python3.12/site-packages/airflow/example_dags/example_branch_operator.py took 0.848 seconds
[2025-12-27T14:33:16.333+0000] {processor.py:161} INFO - Started process (PID=1770) to work on /home/airflow/.local/lib/python3.12/site-packages/airflow/example_dags/example_branch_operator.py
[2025-12-27T14:33:16.338+0000] {processor.py:830} INFO - Processing file /home/airflow/.local/lib/python3.12/site-packages/airflow/example_dags/example_branch_operator.py for tasks to queue
[2025-12-27T14:33:16.341+0000] {logging_mixin.py:188} INFO - [2025-12-27T14:33:16.339+0000] {dagbag.py:540} INFO - Filling up the DagBag from /home/airflow/.local/lib/python3.12/site-packages/airflow/example_dags/example_branch_operator.py
[2025-12-27T14:33:16.425+0000] {processor.py:840} INFO - DAG(s) 'example_branch_operator' retrieved from /home/airflow/.local/lib/python3.12/site-packages/airflow/example_dags/example_branch_operator.py
[2025-12-27T14:33:16.615+0000] {logging_mixin.py:188} INFO - [2025-12-27T14:33:16.614+0000] {dag.py:3096} INFO - Sync 1 DAGs
[2025-12-27T14:33:16.736+0000] {logging_mixin.py:188} INFO - [2025-12-27T14:33:16.735+0000] {dag.py:3954} INFO - Setting next_dagrun for example_branch_operator to 2025-12-26 00:00:00+00:00, run_after=2025-12-27 00:00:00+00:00
[2025-12-27T14:33:16.876+0000] {processor.py:183} INFO - Processing /home/airflow/.local/lib/python3.12/site-packages/airflow/example_dags/example_branch_operator.py took 0.567 seconds
[2025-12-27T14:33:47.219+0000] {processor.py:161} INFO - Started process (PID=1828) to work on /home/airflow/.local/lib/python3.12/site-packages/airflow/example_dags/example_branch_operator.py
[2025-12-27T14:33:47.222+0000] {processor.py:830} INFO - Processing file /home/airflow/.local/lib/python3.12/site-packages/airflow/example_dags/example_branch_operator.py for tasks to queue
[2025-12-27T14:33:47.225+0000] {logging_mixin.py:188} INFO - [2025-12-27T14:33:47.224+0000] {dagbag.py:540} INFO - Filling up the DagBag from /home/airflow/.local/lib/python3.12/site-packages/airflow/example_dags/example_branch_operator.py
[2025-12-27T14:33:47.280+0000] {processor.py:840} INFO - DAG(s) 'example_branch_operator' retrieved from /home/airflow/.local/lib/python3.12/site-packages/airflow/example_dags/example_branch_operator.py
[2025-12-27T14:33:47.415+0000] {logging_mixin.py:188} INFO - [2025-12-27T14:33:47.414+0000] {dag.py:3096} INFO - Sync 1 DAGs
[2025-12-27T14:33:47.491+0000] {logging_mixin.py:188} INFO - [2025-12-27T14:33:47.490+0000] {dag.py:3954} INFO - Setting next_dagrun for example_branch_operator to 2025-12-26 00:00:00+00:00, run_after=2025-12-27 00:00:00+00:00
[2025-12-27T14:33:47.553+0000] {processor.py:183} INFO - Processing /home/airflow/.local/lib/python3.12/site-packages/airflow/example_dags/example_branch_operator.py took 0.356 seconds
[2025-12-27T14:34:17.832+0000] {processor.py:161} INFO - Started process (PID=1886) to work on /home/airflow/.local/lib/python3.12/site-packages/airflow/example_dags/example_branch_operator.py
[2025-12-27T14:34:17.848+0000] {processor.py:830} INFO - Processing file /home/airflow/.local/lib/python3.12/site-packages/airflow/example_dags/example_branch_operator.py for tasks to queue
[2025-12-27T14:34:17.852+0000] {logging_mixin.py:188} INFO - [2025-12-27T14:34:17.850+0000] {dagbag.py:540} INFO - Filling up the DagBag from /home/airflow/.local/lib/python3.12/site-packages/airflow/example_dags/example_branch_operator.py
[2025-12-27T14:34:17.938+0000] {processor.py:840} INFO - DAG(s) 'example_branch_operator' retrieved from /home/airflow/.local/lib/python3.12/site-packages/airflow/example_dags/example_branch_operator.py
[2025-12-27T14:34:18.083+0000] {logging_mixin.py:188} INFO - [2025-12-27T14:34:18.082+0000] {dag.py:3096} INFO - Sync 1 DAGs
[2025-12-27T14:34:18.165+0000] {logging_mixin.py:188} INFO - [2025-12-27T14:34:18.165+0000] {dag.py:3954} INFO - Setting next_dagrun for example_branch_operator to 2025-12-26 00:00:00+00:00, run_after=2025-12-27 00:00:00+00:00
[2025-12-27T14:34:18.276+0000] {processor.py:183} INFO - Processing /home/airflow/.local/lib/python3.12/site-packages/airflow/example_dags/example_branch_operator.py took 0.485 seconds
[2025-12-27T14:34:48.565+0000] {processor.py:161} INFO - Started process (PID=1944) to work on /home/airflow/.local/lib/python3.12/site-packages/airflow/example_dags/example_branch_operator.py
[2025-12-27T14:34:48.570+0000] {processor.py:830} INFO - Processing file /home/airflow/.local/lib/python3.12/site-packages/airflow/example_dags/example_branch_operator.py for tasks to queue
[2025-12-27T14:34:48.574+0000] {logging_mixin.py:188} INFO - [2025-12-27T14:34:48.573+0000] {dagbag.py:540} INFO - Filling up the DagBag from /home/airflow/.local/lib/python3.12/site-packages/airflow/example_dags/example_branch_operator.py
[2025-12-27T14:34:48.659+0000] {processor.py:840} INFO - DAG(s) 'example_branch_operator' retrieved from /home/airflow/.local/lib/python3.12/site-packages/airflow/example_dags/example_branch_operator.py
[2025-12-27T14:34:48.773+0000] {logging_mixin.py:188} INFO - [2025-12-27T14:34:48.773+0000] {dag.py:3096} INFO - Sync 1 DAGs
[2025-12-27T14:34:48.858+0000] {logging_mixin.py:188} INFO - [2025-12-27T14:34:48.857+0000] {dag.py:3954} INFO - Setting next_dagrun for example_branch_operator to 2025-12-26 00:00:00+00:00, run_after=2025-12-27 00:00:00+00:00
[2025-12-27T14:34:48.946+0000] {processor.py:183} INFO - Processing /home/airflow/.local/lib/python3.12/site-packages/airflow/example_dags/example_branch_operator.py took 0.407 seconds
[2025-12-27T14:35:19.645+0000] {processor.py:161} INFO - Started process (PID=2003) to work on /home/airflow/.local/lib/python3.12/site-packages/airflow/example_dags/example_branch_operator.py
[2025-12-27T14:35:19.649+0000] {processor.py:830} INFO - Processing file /home/airflow/.local/lib/python3.12/site-packages/airflow/example_dags/example_branch_operator.py for tasks to queue
[2025-12-27T14:35:19.658+0000] {logging_mixin.py:188} INFO - [2025-12-27T14:35:19.652+0000] {dagbag.py:540} INFO - Filling up the DagBag from /home/airflow/.local/lib/python3.12/site-packages/airflow/example_dags/example_branch_operator.py
[2025-12-27T14:35:19.745+0000] {processor.py:840} INFO - DAG(s) 'example_branch_operator' retrieved from /home/airflow/.local/lib/python3.12/site-packages/airflow/example_dags/example_branch_operator.py
[2025-12-27T14:35:19.926+0000] {logging_mixin.py:188} INFO - [2025-12-27T14:35:19.925+0000] {dag.py:3096} INFO - Sync 1 DAGs
[2025-12-27T14:35:20.038+0000] {logging_mixin.py:188} INFO - [2025-12-27T14:35:20.037+0000] {dag.py:3954} INFO - Setting next_dagrun for example_branch_operator to 2025-12-26 00:00:00+00:00, run_after=2025-12-27 00:00:00+00:00
[2025-12-27T14:35:20.117+0000] {processor.py:183} INFO - Processing /home/airflow/.local/lib/python3.12/site-packages/airflow/example_dags/example_branch_operator.py took 0.533 seconds
[2025-12-27T14:35:50.534+0000] {processor.py:161} INFO - Started process (PID=2061) to work on /home/airflow/.local/lib/python3.12/site-packages/airflow/example_dags/example_branch_operator.py
[2025-12-27T14:35:50.538+0000] {processor.py:830} INFO - Processing file /home/airflow/.local/lib/python3.12/site-packages/airflow/example_dags/example_branch_operator.py for tasks to queue
[2025-12-27T14:35:50.541+0000] {logging_mixin.py:188} INFO - [2025-12-27T14:35:50.540+0000] {dagbag.py:540} INFO - Filling up the DagBag from /home/airflow/.local/lib/python3.12/site-packages/airflow/example_dags/example_branch_operator.py
[2025-12-27T14:35:50.614+0000] {processor.py:840} INFO - DAG(s) 'example_branch_operator' retrieved from /home/airflow/.local/lib/python3.12/site-packages/airflow/example_dags/example_branch_operator.py
[2025-12-27T14:35:50.712+0000] {logging_mixin.py:188} INFO - [2025-12-27T14:35:50.711+0000] {dag.py:3096} INFO - Sync 1 DAGs
[2025-12-27T14:35:50.839+0000] {logging_mixin.py:188} INFO - [2025-12-27T14:35:50.839+0000] {dag.py:3954} INFO - Setting next_dagrun for example_branch_operator to 2025-12-26 00:00:00+00:00, run_after=2025-12-27 00:00:00+00:00
[2025-12-27T14:35:50.949+0000] {processor.py:183} INFO - Processing /home/airflow/.local/lib/python3.12/site-packages/airflow/example_dags/example_branch_operator.py took 0.442 seconds
[2025-12-27T14:36:35.121+0000] {processor.py:161} INFO - Started process (PID=2126) to work on /home/airflow/.local/lib/python3.12/site-packages/airflow/example_dags/example_branch_operator.py
[2025-12-27T14:36:35.136+0000] {processor.py:830} INFO - Processing file /home/airflow/.local/lib/python3.12/site-packages/airflow/example_dags/example_branch_operator.py for tasks to queue
[2025-12-27T14:36:35.140+0000] {logging_mixin.py:188} INFO - [2025-12-27T14:36:35.139+0000] {dagbag.py:540} INFO - Filling up the DagBag from /home/airflow/.local/lib/python3.12/site-packages/airflow/example_dags/example_branch_operator.py
[2025-12-27T14:36:35.261+0000] {processor.py:840} INFO - DAG(s) 'example_branch_operator' retrieved from /home/airflow/.local/lib/python3.12/site-packages/airflow/example_dags/example_branch_operator.py
[2025-12-27T14:36:35.435+0000] {logging_mixin.py:188} INFO - [2025-12-27T14:36:35.433+0000] {dag.py:3096} INFO - Sync 1 DAGs
[2025-12-27T14:36:35.555+0000] {logging_mixin.py:188} INFO - [2025-12-27T14:36:35.554+0000] {dag.py:3954} INFO - Setting next_dagrun for example_branch_operator to 2025-12-26 00:00:00+00:00, run_after=2025-12-27 00:00:00+00:00
[2025-12-27T14:36:35.636+0000] {processor.py:183} INFO - Processing /home/airflow/.local/lib/python3.12/site-packages/airflow/example_dags/example_branch_operator.py took 0.557 seconds
[2025-12-27T14:37:06.248+0000] {processor.py:161} INFO - Started process (PID=2185) to work on /home/airflow/.local/lib/python3.12/site-packages/airflow/example_dags/example_branch_operator.py
[2025-12-27T14:37:06.252+0000] {processor.py:830} INFO - Processing file /home/airflow/.local/lib/python3.12/site-packages/airflow/example_dags/example_branch_operator.py for tasks to queue
[2025-12-27T14:37:06.256+0000] {logging_mixin.py:188} INFO - [2025-12-27T14:37:06.255+0000] {dagbag.py:540} INFO - Filling up the DagBag from /home/airflow/.local/lib/python3.12/site-packages/airflow/example_dags/example_branch_operator.py
[2025-12-27T14:37:06.307+0000] {processor.py:840} INFO - DAG(s) 'example_branch_operator' retrieved from /home/airflow/.local/lib/python3.12/site-packages/airflow/example_dags/example_branch_operator.py
[2025-12-27T14:37:06.398+0000] {logging_mixin.py:188} INFO - [2025-12-27T14:37:06.397+0000] {dag.py:3096} INFO - Sync 1 DAGs
[2025-12-27T14:37:06.463+0000] {logging_mixin.py:188} INFO - [2025-12-27T14:37:06.463+0000] {dag.py:3954} INFO - Setting next_dagrun for example_branch_operator to 2025-12-26 00:00:00+00:00, run_after=2025-12-27 00:00:00+00:00
[2025-12-27T14:37:06.521+0000] {processor.py:183} INFO - Processing /home/airflow/.local/lib/python3.12/site-packages/airflow/example_dags/example_branch_operator.py took 0.297 seconds
[2025-12-27T14:37:37.560+0000] {processor.py:161} INFO - Started process (PID=2243) to work on /home/airflow/.local/lib/python3.12/site-packages/airflow/example_dags/example_branch_operator.py
[2025-12-27T14:37:37.563+0000] {processor.py:830} INFO - Processing file /home/airflow/.local/lib/python3.12/site-packages/airflow/example_dags/example_branch_operator.py for tasks to queue
[2025-12-27T14:37:37.567+0000] {logging_mixin.py:188} INFO - [2025-12-27T14:37:37.565+0000] {dagbag.py:540} INFO - Filling up the DagBag from /home/airflow/.local/lib/python3.12/site-packages/airflow/example_dags/example_branch_operator.py
[2025-12-27T14:37:37.656+0000] {processor.py:840} INFO - DAG(s) 'example_branch_operator' retrieved from /home/airflow/.local/lib/python3.12/site-packages/airflow/example_dags/example_branch_operator.py
[2025-12-27T14:37:37.744+0000] {logging_mixin.py:188} INFO - [2025-12-27T14:37:37.743+0000] {dag.py:3096} INFO - Sync 1 DAGs
[2025-12-27T14:37:37.810+0000] {logging_mixin.py:188} INFO - [2025-12-27T14:37:37.809+0000] {dag.py:3954} INFO - Setting next_dagrun for example_branch_operator to 2025-12-26 00:00:00+00:00, run_after=2025-12-27 00:00:00+00:00
[2025-12-27T14:37:37.858+0000] {processor.py:183} INFO - Processing /home/airflow/.local/lib/python3.12/site-packages/airflow/example_dags/example_branch_operator.py took 0.317 seconds
[2025-12-27T14:38:07.967+0000] {processor.py:161} INFO - Started process (PID=2299) to work on /home/airflow/.local/lib/python3.12/site-packages/airflow/example_dags/example_branch_operator.py
[2025-12-27T14:38:07.970+0000] {processor.py:830} INFO - Processing file /home/airflow/.local/lib/python3.12/site-packages/airflow/example_dags/example_branch_operator.py for tasks to queue
[2025-12-27T14:38:07.972+0000] {logging_mixin.py:188} INFO - [2025-12-27T14:38:07.971+0000] {dagbag.py:540} INFO - Filling up the DagBag from /home/airflow/.local/lib/python3.12/site-packages/airflow/example_dags/example_branch_operator.py
[2025-12-27T14:38:08.019+0000] {processor.py:840} INFO - DAG(s) 'example_branch_operator' retrieved from /home/airflow/.local/lib/python3.12/site-packages/airflow/example_dags/example_branch_operator.py
[2025-12-27T14:38:08.100+0000] {logging_mixin.py:188} INFO - [2025-12-27T14:38:08.100+0000] {dag.py:3096} INFO - Sync 1 DAGs
[2025-12-27T14:38:08.159+0000] {logging_mixin.py:188} INFO - [2025-12-27T14:38:08.159+0000] {dag.py:3954} INFO - Setting next_dagrun for example_branch_operator to 2025-12-26 00:00:00+00:00, run_after=2025-12-27 00:00:00+00:00
[2025-12-27T14:38:08.213+0000] {processor.py:183} INFO - Processing /home/airflow/.local/lib/python3.12/site-packages/airflow/example_dags/example_branch_operator.py took 0.262 seconds
[2025-12-27T14:38:38.579+0000] {processor.py:161} INFO - Started process (PID=2357) to work on /home/airflow/.local/lib/python3.12/site-packages/airflow/example_dags/example_branch_operator.py
[2025-12-27T14:38:38.583+0000] {processor.py:830} INFO - Processing file /home/airflow/.local/lib/python3.12/site-packages/airflow/example_dags/example_branch_operator.py for tasks to queue
[2025-12-27T14:38:38.586+0000] {logging_mixin.py:188} INFO - [2025-12-27T14:38:38.585+0000] {dagbag.py:540} INFO - Filling up the DagBag from /home/airflow/.local/lib/python3.12/site-packages/airflow/example_dags/example_branch_operator.py
[2025-12-27T14:38:38.637+0000] {processor.py:840} INFO - DAG(s) 'example_branch_operator' retrieved from /home/airflow/.local/lib/python3.12/site-packages/airflow/example_dags/example_branch_operator.py
[2025-12-27T14:38:38.734+0000] {logging_mixin.py:188} INFO - [2025-12-27T14:38:38.733+0000] {dag.py:3096} INFO - Sync 1 DAGs
[2025-12-27T14:38:38.839+0000] {logging_mixin.py:188} INFO - [2025-12-27T14:38:38.838+0000] {dag.py:3954} INFO - Setting next_dagrun for example_branch_operator to 2025-12-26 00:00:00+00:00, run_after=2025-12-27 00:00:00+00:00
[2025-12-27T14:38:38.925+0000] {processor.py:183} INFO - Processing /home/airflow/.local/lib/python3.12/site-packages/airflow/example_dags/example_branch_operator.py took 0.375 seconds
[2025-12-27T14:39:09.940+0000] {processor.py:161} INFO - Started process (PID=2415) to work on /home/airflow/.local/lib/python3.12/site-packages/airflow/example_dags/example_branch_operator.py
[2025-12-27T14:39:09.944+0000] {processor.py:830} INFO - Processing file /home/airflow/.local/lib/python3.12/site-packages/airflow/example_dags/example_branch_operator.py for tasks to queue
[2025-12-27T14:39:09.949+0000] {logging_mixin.py:188} INFO - [2025-12-27T14:39:09.947+0000] {dagbag.py:540} INFO - Filling up the DagBag from /home/airflow/.local/lib/python3.12/site-packages/airflow/example_dags/example_branch_operator.py
[2025-12-27T14:39:10.017+0000] {processor.py:840} INFO - DAG(s) 'example_branch_operator' retrieved from /home/airflow/.local/lib/python3.12/site-packages/airflow/example_dags/example_branch_operator.py
[2025-12-27T14:39:10.186+0000] {logging_mixin.py:188} INFO - [2025-12-27T14:39:10.184+0000] {dag.py:3096} INFO - Sync 1 DAGs
[2025-12-27T14:39:10.290+0000] {logging_mixin.py:188} INFO - [2025-12-27T14:39:10.289+0000] {dag.py:3954} INFO - Setting next_dagrun for example_branch_operator to 2025-12-26 00:00:00+00:00, run_after=2025-12-27 00:00:00+00:00
[2025-12-27T14:39:10.387+0000] {processor.py:183} INFO - Processing /home/airflow/.local/lib/python3.12/site-packages/airflow/example_dags/example_branch_operator.py took 0.470 seconds
[2025-12-27T14:39:42.610+0000] {processor.py:161} INFO - Started process (PID=2471) to work on /home/airflow/.local/lib/python3.12/site-packages/airflow/example_dags/example_branch_operator.py
[2025-12-27T14:39:42.617+0000] {processor.py:830} INFO - Processing file /home/airflow/.local/lib/python3.12/site-packages/airflow/example_dags/example_branch_operator.py for tasks to queue
[2025-12-27T14:39:42.621+0000] {logging_mixin.py:188} INFO - [2025-12-27T14:39:42.620+0000] {dagbag.py:540} INFO - Filling up the DagBag from /home/airflow/.local/lib/python3.12/site-packages/airflow/example_dags/example_branch_operator.py
[2025-12-27T14:39:42.720+0000] {processor.py:840} INFO - DAG(s) 'example_branch_operator' retrieved from /home/airflow/.local/lib/python3.12/site-packages/airflow/example_dags/example_branch_operator.py
[2025-12-27T14:39:42.830+0000] {logging_mixin.py:188} INFO - [2025-12-27T14:39:42.830+0000] {dag.py:3096} INFO - Sync 1 DAGs
[2025-12-27T14:39:42.914+0000] {logging_mixin.py:188} INFO - [2025-12-27T14:39:42.913+0000] {dag.py:3954} INFO - Setting next_dagrun for example_branch_operator to 2025-12-26 00:00:00+00:00, run_after=2025-12-27 00:00:00+00:00
[2025-12-27T14:39:42.992+0000] {processor.py:183} INFO - Processing /home/airflow/.local/lib/python3.12/site-packages/airflow/example_dags/example_branch_operator.py took 0.422 seconds
[2025-12-27T14:40:13.866+0000] {processor.py:161} INFO - Started process (PID=2528) to work on /home/airflow/.local/lib/python3.12/site-packages/airflow/example_dags/example_branch_operator.py
[2025-12-27T14:40:13.870+0000] {processor.py:830} INFO - Processing file /home/airflow/.local/lib/python3.12/site-packages/airflow/example_dags/example_branch_operator.py for tasks to queue
[2025-12-27T14:40:13.873+0000] {logging_mixin.py:188} INFO - [2025-12-27T14:40:13.872+0000] {dagbag.py:540} INFO - Filling up the DagBag from /home/airflow/.local/lib/python3.12/site-packages/airflow/example_dags/example_branch_operator.py
[2025-12-27T14:40:13.929+0000] {processor.py:840} INFO - DAG(s) 'example_branch_operator' retrieved from /home/airflow/.local/lib/python3.12/site-packages/airflow/example_dags/example_branch_operator.py
[2025-12-27T14:40:14.034+0000] {logging_mixin.py:188} INFO - [2025-12-27T14:40:14.033+0000] {dag.py:3096} INFO - Sync 1 DAGs
[2025-12-27T14:40:14.115+0000] {logging_mixin.py:188} INFO - [2025-12-27T14:40:14.114+0000] {dag.py:3954} INFO - Setting next_dagrun for example_branch_operator to 2025-12-26 00:00:00+00:00, run_after=2025-12-27 00:00:00+00:00
[2025-12-27T14:40:14.178+0000] {processor.py:183} INFO - Processing /home/airflow/.local/lib/python3.12/site-packages/airflow/example_dags/example_branch_operator.py took 0.335 seconds
[2025-12-27T14:40:44.911+0000] {processor.py:161} INFO - Started process (PID=2586) to work on /home/airflow/.local/lib/python3.12/site-packages/airflow/example_dags/example_branch_operator.py
[2025-12-27T14:40:44.915+0000] {processor.py:830} INFO - Processing file /home/airflow/.local/lib/python3.12/site-packages/airflow/example_dags/example_branch_operator.py for tasks to queue
[2025-12-27T14:40:44.917+0000] {logging_mixin.py:188} INFO - [2025-12-27T14:40:44.917+0000] {dagbag.py:540} INFO - Filling up the DagBag from /home/airflow/.local/lib/python3.12/site-packages/airflow/example_dags/example_branch_operator.py
[2025-12-27T14:40:44.972+0000] {processor.py:840} INFO - DAG(s) 'example_branch_operator' retrieved from /home/airflow/.local/lib/python3.12/site-packages/airflow/example_dags/example_branch_operator.py
[2025-12-27T14:40:45.059+0000] {logging_mixin.py:188} INFO - [2025-12-27T14:40:45.058+0000] {dag.py:3096} INFO - Sync 1 DAGs
[2025-12-27T14:40:45.126+0000] {logging_mixin.py:188} INFO - [2025-12-27T14:40:45.126+0000] {dag.py:3954} INFO - Setting next_dagrun for example_branch_operator to 2025-12-26 00:00:00+00:00, run_after=2025-12-27 00:00:00+00:00
[2025-12-27T14:40:45.185+0000] {processor.py:183} INFO - Processing /home/airflow/.local/lib/python3.12/site-packages/airflow/example_dags/example_branch_operator.py took 0.290 seconds
[2025-12-27T14:41:15.451+0000] {processor.py:161} INFO - Started process (PID=2644) to work on /home/airflow/.local/lib/python3.12/site-packages/airflow/example_dags/example_branch_operator.py
[2025-12-27T14:41:15.453+0000] {processor.py:830} INFO - Processing file /home/airflow/.local/lib/python3.12/site-packages/airflow/example_dags/example_branch_operator.py for tasks to queue
[2025-12-27T14:41:15.456+0000] {logging_mixin.py:188} INFO - [2025-12-27T14:41:15.455+0000] {dagbag.py:540} INFO - Filling up the DagBag from /home/airflow/.local/lib/python3.12/site-packages/airflow/example_dags/example_branch_operator.py
[2025-12-27T14:41:15.500+0000] {processor.py:840} INFO - DAG(s) 'example_branch_operator' retrieved from /home/airflow/.local/lib/python3.12/site-packages/airflow/example_dags/example_branch_operator.py
[2025-12-27T14:41:15.585+0000] {logging_mixin.py:188} INFO - [2025-12-27T14:41:15.584+0000] {dag.py:3096} INFO - Sync 1 DAGs
[2025-12-27T14:41:15.650+0000] {logging_mixin.py:188} INFO - [2025-12-27T14:41:15.649+0000] {dag.py:3954} INFO - Setting next_dagrun for example_branch_operator to 2025-12-26 00:00:00+00:00, run_after=2025-12-27 00:00:00+00:00
[2025-12-27T14:41:15.704+0000] {processor.py:183} INFO - Processing /home/airflow/.local/lib/python3.12/site-packages/airflow/example_dags/example_branch_operator.py took 0.272 seconds
[2025-12-27T14:41:46.001+0000] {processor.py:161} INFO - Started process (PID=2702) to work on /home/airflow/.local/lib/python3.12/site-packages/airflow/example_dags/example_branch_operator.py
[2025-12-27T14:41:46.004+0000] {processor.py:830} INFO - Processing file /home/airflow/.local/lib/python3.12/site-packages/airflow/example_dags/example_branch_operator.py for tasks to queue
[2025-12-27T14:41:46.007+0000] {logging_mixin.py:188} INFO - [2025-12-27T14:41:46.006+0000] {dagbag.py:540} INFO - Filling up the DagBag from /home/airflow/.local/lib/python3.12/site-packages/airflow/example_dags/example_branch_operator.py
[2025-12-27T14:41:46.053+0000] {processor.py:840} INFO - DAG(s) 'example_branch_operator' retrieved from /home/airflow/.local/lib/python3.12/site-packages/airflow/example_dags/example_branch_operator.py
[2025-12-27T14:41:46.135+0000] {logging_mixin.py:188} INFO - [2025-12-27T14:41:46.135+0000] {dag.py:3096} INFO - Sync 1 DAGs
[2025-12-27T14:41:46.195+0000] {logging_mixin.py:188} INFO - [2025-12-27T14:41:46.195+0000] {dag.py:3954} INFO - Setting next_dagrun for example_branch_operator to 2025-12-26 00:00:00+00:00, run_after=2025-12-27 00:00:00+00:00
[2025-12-27T14:41:46.246+0000] {processor.py:183} INFO - Processing /home/airflow/.local/lib/python3.12/site-packages/airflow/example_dags/example_branch_operator.py took 0.261 seconds
[2025-12-27T14:42:16.539+0000] {processor.py:161} INFO - Started process (PID=2760) to work on /home/airflow/.local/lib/python3.12/site-packages/airflow/example_dags/example_branch_operator.py
[2025-12-27T14:42:16.541+0000] {processor.py:830} INFO - Processing file /home/airflow/.local/lib/python3.12/site-packages/airflow/example_dags/example_branch_operator.py for tasks to queue
[2025-12-27T14:42:16.544+0000] {logging_mixin.py:188} INFO - [2025-12-27T14:42:16.543+0000] {dagbag.py:540} INFO - Filling up the DagBag from /home/airflow/.local/lib/python3.12/site-packages/airflow/example_dags/example_branch_operator.py
[2025-12-27T14:42:16.620+0000] {processor.py:840} INFO - DAG(s) 'example_branch_operator' retrieved from /home/airflow/.local/lib/python3.12/site-packages/airflow/example_dags/example_branch_operator.py
[2025-12-27T14:42:16.719+0000] {logging_mixin.py:188} INFO - [2025-12-27T14:42:16.718+0000] {dag.py:3096} INFO - Sync 1 DAGs
[2025-12-27T14:42:16.795+0000] {logging_mixin.py:188} INFO - [2025-12-27T14:42:16.794+0000] {dag.py:3954} INFO - Setting next_dagrun for example_branch_operator to 2025-12-26 00:00:00+00:00, run_after=2025-12-27 00:00:00+00:00
[2025-12-27T14:42:16.887+0000] {processor.py:183} INFO - Processing /home/airflow/.local/lib/python3.12/site-packages/airflow/example_dags/example_branch_operator.py took 0.370 seconds
[2025-12-27T14:42:47.044+0000] {processor.py:161} INFO - Started process (PID=2818) to work on /home/airflow/.local/lib/python3.12/site-packages/airflow/example_dags/example_branch_operator.py
[2025-12-27T14:42:47.047+0000] {processor.py:830} INFO - Processing file /home/airflow/.local/lib/python3.12/site-packages/airflow/example_dags/example_branch_operator.py for tasks to queue
[2025-12-27T14:42:47.050+0000] {logging_mixin.py:188} INFO - [2025-12-27T14:42:47.049+0000] {dagbag.py:540} INFO - Filling up the DagBag from /home/airflow/.local/lib/python3.12/site-packages/airflow/example_dags/example_branch_operator.py
[2025-12-27T14:42:47.096+0000] {processor.py:840} INFO - DAG(s) 'example_branch_operator' retrieved from /home/airflow/.local/lib/python3.12/site-packages/airflow/example_dags/example_branch_operator.py
[2025-12-27T14:42:47.175+0000] {logging_mixin.py:188} INFO - [2025-12-27T14:42:47.174+0000] {dag.py:3096} INFO - Sync 1 DAGs
[2025-12-27T14:42:47.239+0000] {logging_mixin.py:188} INFO - [2025-12-27T14:42:47.239+0000] {dag.py:3954} INFO - Setting next_dagrun for example_branch_operator to 2025-12-26 00:00:00+00:00, run_after=2025-12-27 00:00:00+00:00
[2025-12-27T14:42:47.298+0000] {processor.py:183} INFO - Processing /home/airflow/.local/lib/python3.12/site-packages/airflow/example_dags/example_branch_operator.py took 0.269 seconds
[2025-12-27T14:43:17.993+0000] {processor.py:161} INFO - Started process (PID=2876) to work on /home/airflow/.local/lib/python3.12/site-packages/airflow/example_dags/example_branch_operator.py
[2025-12-27T14:43:17.996+0000] {processor.py:830} INFO - Processing file /home/airflow/.local/lib/python3.12/site-packages/airflow/example_dags/example_branch_operator.py for tasks to queue
[2025-12-27T14:43:17.998+0000] {logging_mixin.py:188} INFO - [2025-12-27T14:43:17.998+0000] {dagbag.py:540} INFO - Filling up the DagBag from /home/airflow/.local/lib/python3.12/site-packages/airflow/example_dags/example_branch_operator.py
[2025-12-27T14:43:18.068+0000] {processor.py:840} INFO - DAG(s) 'example_branch_operator' retrieved from /home/airflow/.local/lib/python3.12/site-packages/airflow/example_dags/example_branch_operator.py
[2025-12-27T14:43:18.150+0000] {logging_mixin.py:188} INFO - [2025-12-27T14:43:18.149+0000] {dag.py:3096} INFO - Sync 1 DAGs
[2025-12-27T14:43:18.225+0000] {logging_mixin.py:188} INFO - [2025-12-27T14:43:18.224+0000] {dag.py:3954} INFO - Setting next_dagrun for example_branch_operator to 2025-12-26 00:00:00+00:00, run_after=2025-12-27 00:00:00+00:00
[2025-12-27T14:43:18.289+0000] {processor.py:183} INFO - Processing /home/airflow/.local/lib/python3.12/site-packages/airflow/example_dags/example_branch_operator.py took 0.312 seconds
[2025-12-27T14:43:48.923+0000] {processor.py:161} INFO - Started process (PID=2934) to work on /home/airflow/.local/lib/python3.12/site-packages/airflow/example_dags/example_branch_operator.py
[2025-12-27T14:43:48.928+0000] {processor.py:830} INFO - Processing file /home/airflow/.local/lib/python3.12/site-packages/airflow/example_dags/example_branch_operator.py for tasks to queue
[2025-12-27T14:43:48.932+0000] {logging_mixin.py:188} INFO - [2025-12-27T14:43:48.931+0000] {dagbag.py:540} INFO - Filling up the DagBag from /home/airflow/.local/lib/python3.12/site-packages/airflow/example_dags/example_branch_operator.py
[2025-12-27T14:43:49.036+0000] {processor.py:840} INFO - DAG(s) 'example_branch_operator' retrieved from /home/airflow/.local/lib/python3.12/site-packages/airflow/example_dags/example_branch_operator.py
[2025-12-27T14:43:49.230+0000] {logging_mixin.py:188} INFO - [2025-12-27T14:43:49.229+0000] {dag.py:3096} INFO - Sync 1 DAGs
[2025-12-27T14:43:49.401+0000] {logging_mixin.py:188} INFO - [2025-12-27T14:43:49.400+0000] {dag.py:3954} INFO - Setting next_dagrun for example_branch_operator to 2025-12-26 00:00:00+00:00, run_after=2025-12-27 00:00:00+00:00
[2025-12-27T14:43:49.497+0000] {processor.py:183} INFO - Processing /home/airflow/.local/lib/python3.12/site-packages/airflow/example_dags/example_branch_operator.py took 0.608 seconds
[2025-12-27T14:44:20.068+0000] {processor.py:161} INFO - Started process (PID=2993) to work on /home/airflow/.local/lib/python3.12/site-packages/airflow/example_dags/example_branch_operator.py
[2025-12-27T14:44:20.071+0000] {processor.py:830} INFO - Processing file /home/airflow/.local/lib/python3.12/site-packages/airflow/example_dags/example_branch_operator.py for tasks to queue
[2025-12-27T14:44:20.075+0000] {logging_mixin.py:188} INFO - [2025-12-27T14:44:20.074+0000] {dagbag.py:540} INFO - Filling up the DagBag from /home/airflow/.local/lib/python3.12/site-packages/airflow/example_dags/example_branch_operator.py
[2025-12-27T14:44:20.129+0000] {processor.py:840} INFO - DAG(s) 'example_branch_operator' retrieved from /home/airflow/.local/lib/python3.12/site-packages/airflow/example_dags/example_branch_operator.py
[2025-12-27T14:44:20.218+0000] {logging_mixin.py:188} INFO - [2025-12-27T14:44:20.217+0000] {dag.py:3096} INFO - Sync 1 DAGs
[2025-12-27T14:44:20.278+0000] {logging_mixin.py:188} INFO - [2025-12-27T14:44:20.277+0000] {dag.py:3954} INFO - Setting next_dagrun for example_branch_operator to 2025-12-26 00:00:00+00:00, run_after=2025-12-27 00:00:00+00:00
[2025-12-27T14:44:20.347+0000] {processor.py:183} INFO - Processing /home/airflow/.local/lib/python3.12/site-packages/airflow/example_dags/example_branch_operator.py took 0.295 seconds
[2025-12-27T14:44:51.327+0000] {processor.py:161} INFO - Started process (PID=3052) to work on /home/airflow/.local/lib/python3.12/site-packages/airflow/example_dags/example_branch_operator.py
[2025-12-27T14:44:51.348+0000] {processor.py:830} INFO - Processing file /home/airflow/.local/lib/python3.12/site-packages/airflow/example_dags/example_branch_operator.py for tasks to queue
[2025-12-27T14:44:51.355+0000] {logging_mixin.py:188} INFO - [2025-12-27T14:44:51.354+0000] {dagbag.py:540} INFO - Filling up the DagBag from /home/airflow/.local/lib/python3.12/site-packages/airflow/example_dags/example_branch_operator.py
[2025-12-27T14:44:51.561+0000] {processor.py:840} INFO - DAG(s) 'example_branch_operator' retrieved from /home/airflow/.local/lib/python3.12/site-packages/airflow/example_dags/example_branch_operator.py
[2025-12-27T14:44:51.963+0000] {logging_mixin.py:188} INFO - [2025-12-27T14:44:51.962+0000] {dag.py:3096} INFO - Sync 1 DAGs
[2025-12-27T14:44:52.130+0000] {logging_mixin.py:188} INFO - [2025-12-27T14:44:52.129+0000] {dag.py:3954} INFO - Setting next_dagrun for example_branch_operator to 2025-12-26 00:00:00+00:00, run_after=2025-12-27 00:00:00+00:00
[2025-12-27T14:44:52.273+0000] {processor.py:183} INFO - Processing /home/airflow/.local/lib/python3.12/site-packages/airflow/example_dags/example_branch_operator.py took 1.004 seconds
[2025-12-27T14:45:23.029+0000] {processor.py:161} INFO - Started process (PID=3111) to work on /home/airflow/.local/lib/python3.12/site-packages/airflow/example_dags/example_branch_operator.py
[2025-12-27T14:45:23.035+0000] {processor.py:830} INFO - Processing file /home/airflow/.local/lib/python3.12/site-packages/airflow/example_dags/example_branch_operator.py for tasks to queue
[2025-12-27T14:45:23.038+0000] {logging_mixin.py:188} INFO - [2025-12-27T14:45:23.037+0000] {dagbag.py:540} INFO - Filling up the DagBag from /home/airflow/.local/lib/python3.12/site-packages/airflow/example_dags/example_branch_operator.py
[2025-12-27T14:45:23.120+0000] {processor.py:840} INFO - DAG(s) 'example_branch_operator' retrieved from /home/airflow/.local/lib/python3.12/site-packages/airflow/example_dags/example_branch_operator.py
[2025-12-27T14:45:23.245+0000] {logging_mixin.py:188} INFO - [2025-12-27T14:45:23.244+0000] {dag.py:3096} INFO - Sync 1 DAGs
[2025-12-27T14:45:23.336+0000] {logging_mixin.py:188} INFO - [2025-12-27T14:45:23.333+0000] {dag.py:3954} INFO - Setting next_dagrun for example_branch_operator to 2025-12-26 00:00:00+00:00, run_after=2025-12-27 00:00:00+00:00
[2025-12-27T14:45:23.411+0000] {processor.py:183} INFO - Processing /home/airflow/.local/lib/python3.12/site-packages/airflow/example_dags/example_branch_operator.py took 0.408 seconds
[2025-12-27T14:45:53.524+0000] {processor.py:161} INFO - Started process (PID=3170) to work on /home/airflow/.local/lib/python3.12/site-packages/airflow/example_dags/example_branch_operator.py
[2025-12-27T14:45:53.530+0000] {processor.py:830} INFO - Processing file /home/airflow/.local/lib/python3.12/site-packages/airflow/example_dags/example_branch_operator.py for tasks to queue
[2025-12-27T14:45:53.532+0000] {logging_mixin.py:188} INFO - [2025-12-27T14:45:53.532+0000] {dagbag.py:540} INFO - Filling up the DagBag from /home/airflow/.local/lib/python3.12/site-packages/airflow/example_dags/example_branch_operator.py
[2025-12-27T14:45:53.596+0000] {processor.py:840} INFO - DAG(s) 'example_branch_operator' retrieved from /home/airflow/.local/lib/python3.12/site-packages/airflow/example_dags/example_branch_operator.py
[2025-12-27T14:45:53.683+0000] {logging_mixin.py:188} INFO - [2025-12-27T14:45:53.682+0000] {dag.py:3096} INFO - Sync 1 DAGs
[2025-12-27T14:45:53.755+0000] {logging_mixin.py:188} INFO - [2025-12-27T14:45:53.754+0000] {dag.py:3954} INFO - Setting next_dagrun for example_branch_operator to 2025-12-26 00:00:00+00:00, run_after=2025-12-27 00:00:00+00:00
[2025-12-27T14:45:53.810+0000] {processor.py:183} INFO - Processing /home/airflow/.local/lib/python3.12/site-packages/airflow/example_dags/example_branch_operator.py took 0.307 seconds
[2025-12-27T14:46:24.081+0000] {processor.py:161} INFO - Started process (PID=3227) to work on /home/airflow/.local/lib/python3.12/site-packages/airflow/example_dags/example_branch_operator.py
[2025-12-27T14:46:24.083+0000] {processor.py:830} INFO - Processing file /home/airflow/.local/lib/python3.12/site-packages/airflow/example_dags/example_branch_operator.py for tasks to queue
[2025-12-27T14:46:24.086+0000] {logging_mixin.py:188} INFO - [2025-12-27T14:46:24.085+0000] {dagbag.py:540} INFO - Filling up the DagBag from /home/airflow/.local/lib/python3.12/site-packages/airflow/example_dags/example_branch_operator.py
[2025-12-27T14:46:24.129+0000] {processor.py:840} INFO - DAG(s) 'example_branch_operator' retrieved from /home/airflow/.local/lib/python3.12/site-packages/airflow/example_dags/example_branch_operator.py
[2025-12-27T14:46:24.202+0000] {logging_mixin.py:188} INFO - [2025-12-27T14:46:24.201+0000] {dag.py:3096} INFO - Sync 1 DAGs
[2025-12-27T14:46:24.258+0000] {logging_mixin.py:188} INFO - [2025-12-27T14:46:24.258+0000] {dag.py:3954} INFO - Setting next_dagrun for example_branch_operator to 2025-12-26 00:00:00+00:00, run_after=2025-12-27 00:00:00+00:00
[2025-12-27T14:46:24.318+0000] {processor.py:183} INFO - Processing /home/airflow/.local/lib/python3.12/site-packages/airflow/example_dags/example_branch_operator.py took 0.253 seconds
[2025-12-27T14:46:54.786+0000] {processor.py:161} INFO - Started process (PID=3286) to work on /home/airflow/.local/lib/python3.12/site-packages/airflow/example_dags/example_branch_operator.py
[2025-12-27T14:46:54.789+0000] {processor.py:830} INFO - Processing file /home/airflow/.local/lib/python3.12/site-packages/airflow/example_dags/example_branch_operator.py for tasks to queue
[2025-12-27T14:46:54.792+0000] {logging_mixin.py:188} INFO - [2025-12-27T14:46:54.791+0000] {dagbag.py:540} INFO - Filling up the DagBag from /home/airflow/.local/lib/python3.12/site-packages/airflow/example_dags/example_branch_operator.py
[2025-12-27T14:46:54.849+0000] {processor.py:840} INFO - DAG(s) 'example_branch_operator' retrieved from /home/airflow/.local/lib/python3.12/site-packages/airflow/example_dags/example_branch_operator.py
[2025-12-27T14:46:54.939+0000] {logging_mixin.py:188} INFO - [2025-12-27T14:46:54.938+0000] {dag.py:3096} INFO - Sync 1 DAGs
[2025-12-27T14:46:55.016+0000] {logging_mixin.py:188} INFO - [2025-12-27T14:46:55.016+0000] {dag.py:3954} INFO - Setting next_dagrun for example_branch_operator to 2025-12-26 00:00:00+00:00, run_after=2025-12-27 00:00:00+00:00
[2025-12-27T14:46:55.077+0000] {processor.py:183} INFO - Processing /home/airflow/.local/lib/python3.12/site-packages/airflow/example_dags/example_branch_operator.py took 0.306 seconds
[2025-12-27T14:47:25.230+0000] {processor.py:161} INFO - Started process (PID=3344) to work on /home/airflow/.local/lib/python3.12/site-packages/airflow/example_dags/example_branch_operator.py
[2025-12-27T14:47:25.233+0000] {processor.py:830} INFO - Processing file /home/airflow/.local/lib/python3.12/site-packages/airflow/example_dags/example_branch_operator.py for tasks to queue
[2025-12-27T14:47:25.236+0000] {logging_mixin.py:188} INFO - [2025-12-27T14:47:25.235+0000] {dagbag.py:540} INFO - Filling up the DagBag from /home/airflow/.local/lib/python3.12/site-packages/airflow/example_dags/example_branch_operator.py
[2025-12-27T14:47:25.290+0000] {processor.py:840} INFO - DAG(s) 'example_branch_operator' retrieved from /home/airflow/.local/lib/python3.12/site-packages/airflow/example_dags/example_branch_operator.py
[2025-12-27T14:47:25.385+0000] {logging_mixin.py:188} INFO - [2025-12-27T14:47:25.384+0000] {dag.py:3096} INFO - Sync 1 DAGs
[2025-12-27T14:47:25.446+0000] {logging_mixin.py:188} INFO - [2025-12-27T14:47:25.445+0000] {dag.py:3954} INFO - Setting next_dagrun for example_branch_operator to 2025-12-26 00:00:00+00:00, run_after=2025-12-27 00:00:00+00:00
[2025-12-27T14:47:25.501+0000] {processor.py:183} INFO - Processing /home/airflow/.local/lib/python3.12/site-packages/airflow/example_dags/example_branch_operator.py took 0.286 seconds
[2025-12-27T14:47:55.669+0000] {processor.py:161} INFO - Started process (PID=3402) to work on /home/airflow/.local/lib/python3.12/site-packages/airflow/example_dags/example_branch_operator.py
[2025-12-27T14:47:55.671+0000] {processor.py:830} INFO - Processing file /home/airflow/.local/lib/python3.12/site-packages/airflow/example_dags/example_branch_operator.py for tasks to queue
[2025-12-27T14:47:55.675+0000] {logging_mixin.py:188} INFO - [2025-12-27T14:47:55.673+0000] {dagbag.py:540} INFO - Filling up the DagBag from /home/airflow/.local/lib/python3.12/site-packages/airflow/example_dags/example_branch_operator.py
[2025-12-27T14:47:55.750+0000] {processor.py:840} INFO - DAG(s) 'example_branch_operator' retrieved from /home/airflow/.local/lib/python3.12/site-packages/airflow/example_dags/example_branch_operator.py
[2025-12-27T14:47:55.824+0000] {logging_mixin.py:188} INFO - [2025-12-27T14:47:55.823+0000] {dag.py:3096} INFO - Sync 1 DAGs
[2025-12-27T14:47:55.882+0000] {logging_mixin.py:188} INFO - [2025-12-27T14:47:55.881+0000] {dag.py:3954} INFO - Setting next_dagrun for example_branch_operator to 2025-12-26 00:00:00+00:00, run_after=2025-12-27 00:00:00+00:00
[2025-12-27T14:47:55.944+0000] {processor.py:183} INFO - Processing /home/airflow/.local/lib/python3.12/site-packages/airflow/example_dags/example_branch_operator.py took 0.297 seconds
[2025-12-27T14:48:26.363+0000] {processor.py:161} INFO - Started process (PID=3461) to work on /home/airflow/.local/lib/python3.12/site-packages/airflow/example_dags/example_branch_operator.py
[2025-12-27T14:48:26.366+0000] {processor.py:830} INFO - Processing file /home/airflow/.local/lib/python3.12/site-packages/airflow/example_dags/example_branch_operator.py for tasks to queue
[2025-12-27T14:48:26.368+0000] {logging_mixin.py:188} INFO - [2025-12-27T14:48:26.367+0000] {dagbag.py:540} INFO - Filling up the DagBag from /home/airflow/.local/lib/python3.12/site-packages/airflow/example_dags/example_branch_operator.py
[2025-12-27T14:48:26.434+0000] {processor.py:840} INFO - DAG(s) 'example_branch_operator' retrieved from /home/airflow/.local/lib/python3.12/site-packages/airflow/example_dags/example_branch_operator.py
[2025-12-27T14:48:26.555+0000] {logging_mixin.py:188} INFO - [2025-12-27T14:48:26.554+0000] {dag.py:3096} INFO - Sync 1 DAGs
[2025-12-27T14:48:26.725+0000] {logging_mixin.py:188} INFO - [2025-12-27T14:48:26.724+0000] {dag.py:3954} INFO - Setting next_dagrun for example_branch_operator to 2025-12-26 00:00:00+00:00, run_after=2025-12-27 00:00:00+00:00
[2025-12-27T14:48:26.849+0000] {processor.py:183} INFO - Processing /home/airflow/.local/lib/python3.12/site-packages/airflow/example_dags/example_branch_operator.py took 0.510 seconds
[2025-12-27T14:48:58.836+0000] {processor.py:161} INFO - Started process (PID=3519) to work on /home/airflow/.local/lib/python3.12/site-packages/airflow/example_dags/example_branch_operator.py
[2025-12-27T14:48:58.842+0000] {processor.py:830} INFO - Processing file /home/airflow/.local/lib/python3.12/site-packages/airflow/example_dags/example_branch_operator.py for tasks to queue
[2025-12-27T14:48:58.851+0000] {logging_mixin.py:188} INFO - [2025-12-27T14:48:58.849+0000] {dagbag.py:540} INFO - Filling up the DagBag from /home/airflow/.local/lib/python3.12/site-packages/airflow/example_dags/example_branch_operator.py
[2025-12-27T14:48:59.058+0000] {processor.py:840} INFO - DAG(s) 'example_branch_operator' retrieved from /home/airflow/.local/lib/python3.12/site-packages/airflow/example_dags/example_branch_operator.py
[2025-12-27T14:48:59.806+0000] {logging_mixin.py:188} INFO - [2025-12-27T14:48:59.804+0000] {dag.py:3096} INFO - Sync 1 DAGs
[2025-12-27T14:49:00.023+0000] {logging_mixin.py:188} INFO - [2025-12-27T14:49:00.022+0000] {dag.py:3954} INFO - Setting next_dagrun for example_branch_operator to 2025-12-26 00:00:00+00:00, run_after=2025-12-27 00:00:00+00:00
[2025-12-27T14:49:00.187+0000] {processor.py:183} INFO - Processing /home/airflow/.local/lib/python3.12/site-packages/airflow/example_dags/example_branch_operator.py took 1.389 seconds
[2025-12-27T14:49:30.443+0000] {processor.py:161} INFO - Started process (PID=3576) to work on /home/airflow/.local/lib/python3.12/site-packages/airflow/example_dags/example_branch_operator.py
[2025-12-27T14:49:30.446+0000] {processor.py:830} INFO - Processing file /home/airflow/.local/lib/python3.12/site-packages/airflow/example_dags/example_branch_operator.py for tasks to queue
[2025-12-27T14:49:30.449+0000] {logging_mixin.py:188} INFO - [2025-12-27T14:49:30.448+0000] {dagbag.py:540} INFO - Filling up the DagBag from /home/airflow/.local/lib/python3.12/site-packages/airflow/example_dags/example_branch_operator.py
[2025-12-27T14:49:30.512+0000] {processor.py:840} INFO - DAG(s) 'example_branch_operator' retrieved from /home/airflow/.local/lib/python3.12/site-packages/airflow/example_dags/example_branch_operator.py
[2025-12-27T14:49:30.605+0000] {logging_mixin.py:188} INFO - [2025-12-27T14:49:30.605+0000] {dag.py:3096} INFO - Sync 1 DAGs
[2025-12-27T14:49:30.706+0000] {logging_mixin.py:188} INFO - [2025-12-27T14:49:30.705+0000] {dag.py:3954} INFO - Setting next_dagrun for example_branch_operator to 2025-12-26 00:00:00+00:00, run_after=2025-12-27 00:00:00+00:00
[2025-12-27T14:49:30.760+0000] {processor.py:183} INFO - Processing /home/airflow/.local/lib/python3.12/site-packages/airflow/example_dags/example_branch_operator.py took 0.337 seconds
[2025-12-27T14:50:01.215+0000] {processor.py:161} INFO - Started process (PID=3632) to work on /home/airflow/.local/lib/python3.12/site-packages/airflow/example_dags/example_branch_operator.py
[2025-12-27T14:50:01.219+0000] {processor.py:830} INFO - Processing file /home/airflow/.local/lib/python3.12/site-packages/airflow/example_dags/example_branch_operator.py for tasks to queue
[2025-12-27T14:50:01.222+0000] {logging_mixin.py:188} INFO - [2025-12-27T14:50:01.221+0000] {dagbag.py:540} INFO - Filling up the DagBag from /home/airflow/.local/lib/python3.12/site-packages/airflow/example_dags/example_branch_operator.py
[2025-12-27T14:50:01.280+0000] {processor.py:840} INFO - DAG(s) 'example_branch_operator' retrieved from /home/airflow/.local/lib/python3.12/site-packages/airflow/example_dags/example_branch_operator.py
[2025-12-27T14:50:01.423+0000] {logging_mixin.py:188} INFO - [2025-12-27T14:50:01.422+0000] {dag.py:3096} INFO - Sync 1 DAGs
[2025-12-27T14:50:01.579+0000] {logging_mixin.py:188} INFO - [2025-12-27T14:50:01.578+0000] {dag.py:3954} INFO - Setting next_dagrun for example_branch_operator to 2025-12-26 00:00:00+00:00, run_after=2025-12-27 00:00:00+00:00
[2025-12-27T14:50:01.700+0000] {processor.py:183} INFO - Processing /home/airflow/.local/lib/python3.12/site-packages/airflow/example_dags/example_branch_operator.py took 0.506 seconds
[2025-12-27T14:50:32.283+0000] {processor.py:161} INFO - Started process (PID=3690) to work on /home/airflow/.local/lib/python3.12/site-packages/airflow/example_dags/example_branch_operator.py
[2025-12-27T14:50:32.290+0000] {processor.py:830} INFO - Processing file /home/airflow/.local/lib/python3.12/site-packages/airflow/example_dags/example_branch_operator.py for tasks to queue
[2025-12-27T14:50:32.296+0000] {logging_mixin.py:188} INFO - [2025-12-27T14:50:32.293+0000] {dagbag.py:540} INFO - Filling up the DagBag from /home/airflow/.local/lib/python3.12/site-packages/airflow/example_dags/example_branch_operator.py
[2025-12-27T14:50:32.431+0000] {processor.py:840} INFO - DAG(s) 'example_branch_operator' retrieved from /home/airflow/.local/lib/python3.12/site-packages/airflow/example_dags/example_branch_operator.py
[2025-12-27T14:50:32.633+0000] {logging_mixin.py:188} INFO - [2025-12-27T14:50:32.632+0000] {dag.py:3096} INFO - Sync 1 DAGs
[2025-12-27T14:50:32.904+0000] {logging_mixin.py:188} INFO - [2025-12-27T14:50:32.903+0000] {dag.py:3954} INFO - Setting next_dagrun for example_branch_operator to 2025-12-26 00:00:00+00:00, run_after=2025-12-27 00:00:00+00:00
[2025-12-27T14:50:33.082+0000] {processor.py:183} INFO - Processing /home/airflow/.local/lib/python3.12/site-packages/airflow/example_dags/example_branch_operator.py took 0.842 seconds
[2025-12-27T14:51:04.116+0000] {processor.py:161} INFO - Started process (PID=3748) to work on /home/airflow/.local/lib/python3.12/site-packages/airflow/example_dags/example_branch_operator.py
[2025-12-27T14:51:04.129+0000] {processor.py:830} INFO - Processing file /home/airflow/.local/lib/python3.12/site-packages/airflow/example_dags/example_branch_operator.py for tasks to queue
[2025-12-27T14:51:04.132+0000] {logging_mixin.py:188} INFO - [2025-12-27T14:51:04.131+0000] {dagbag.py:540} INFO - Filling up the DagBag from /home/airflow/.local/lib/python3.12/site-packages/airflow/example_dags/example_branch_operator.py
[2025-12-27T14:51:04.320+0000] {processor.py:840} INFO - DAG(s) 'example_branch_operator' retrieved from /home/airflow/.local/lib/python3.12/site-packages/airflow/example_dags/example_branch_operator.py
[2025-12-27T14:51:04.595+0000] {logging_mixin.py:188} INFO - [2025-12-27T14:51:04.592+0000] {dag.py:3096} INFO - Sync 1 DAGs
[2025-12-27T14:51:05.851+0000] {logging_mixin.py:188} INFO - [2025-12-27T14:51:05.845+0000] {dag.py:3954} INFO - Setting next_dagrun for example_branch_operator to 2025-12-26 00:00:00+00:00, run_after=2025-12-27 00:00:00+00:00
[2025-12-27T14:51:06.081+0000] {processor.py:183} INFO - Processing /home/airflow/.local/lib/python3.12/site-packages/airflow/example_dags/example_branch_operator.py took 2.008 seconds
[2025-12-27T14:52:47.419+0000] {processor.py:161} INFO - Started process (PID=3817) to work on /home/airflow/.local/lib/python3.12/site-packages/airflow/example_dags/example_branch_operator.py
[2025-12-27T14:52:47.440+0000] {processor.py:830} INFO - Processing file /home/airflow/.local/lib/python3.12/site-packages/airflow/example_dags/example_branch_operator.py for tasks to queue
[2025-12-27T14:52:47.477+0000] {logging_mixin.py:188} INFO - [2025-12-27T14:52:47.475+0000] {dagbag.py:540} INFO - Filling up the DagBag from /home/airflow/.local/lib/python3.12/site-packages/airflow/example_dags/example_branch_operator.py
[2025-12-27T14:52:48.550+0000] {processor.py:840} INFO - DAG(s) 'example_branch_operator' retrieved from /home/airflow/.local/lib/python3.12/site-packages/airflow/example_dags/example_branch_operator.py
[2025-12-27T14:52:50.082+0000] {logging_mixin.py:188} INFO - [2025-12-27T14:52:50.062+0000] {dag.py:3096} INFO - Sync 1 DAGs
[2025-12-27T14:52:52.124+0000] {logging_mixin.py:188} INFO - [2025-12-27T14:52:52.110+0000] {dag.py:3954} INFO - Setting next_dagrun for example_branch_operator to 2025-12-26 00:00:00+00:00, run_after=2025-12-27 00:00:00+00:00
[2025-12-27T14:52:53.738+0000] {processor.py:183} INFO - Processing /home/airflow/.local/lib/python3.12/site-packages/airflow/example_dags/example_branch_operator.py took 6.543 seconds
[2025-12-27T14:54:55.674+0000] {processor.py:161} INFO - Started process (PID=3874) to work on /home/airflow/.local/lib/python3.12/site-packages/airflow/example_dags/example_branch_operator.py
[2025-12-27T14:54:55.693+0000] {processor.py:830} INFO - Processing file /home/airflow/.local/lib/python3.12/site-packages/airflow/example_dags/example_branch_operator.py for tasks to queue
[2025-12-27T14:54:55.707+0000] {logging_mixin.py:188} INFO - [2025-12-27T14:54:55.703+0000] {dagbag.py:540} INFO - Filling up the DagBag from /home/airflow/.local/lib/python3.12/site-packages/airflow/example_dags/example_branch_operator.py
[2025-12-27T14:54:56.546+0000] {processor.py:840} INFO - DAG(s) 'example_branch_operator' retrieved from /home/airflow/.local/lib/python3.12/site-packages/airflow/example_dags/example_branch_operator.py
[2025-12-27T14:54:57.833+0000] {logging_mixin.py:188} INFO - [2025-12-27T14:54:57.762+0000] {dag.py:3096} INFO - Sync 1 DAGs
[2025-12-27T14:55:00.407+0000] {logging_mixin.py:188} INFO - [2025-12-27T14:55:00.391+0000] {dag.py:3954} INFO - Setting next_dagrun for example_branch_operator to 2025-12-26 00:00:00+00:00, run_after=2025-12-27 00:00:00+00:00
[2025-12-27T14:55:01.555+0000] {processor.py:183} INFO - Processing /home/airflow/.local/lib/python3.12/site-packages/airflow/example_dags/example_branch_operator.py took 6.093 seconds
