[2025-12-27T14:15:07.665+0000] {processor.py:161} INFO - Started process (PID=117) to work on /home/airflow/.local/lib/python3.12/site-packages/airflow/example_dags/example_trigger_target_dag.py
[2025-12-27T14:15:07.672+0000] {processor.py:830} INFO - Processing file /home/airflow/.local/lib/python3.12/site-packages/airflow/example_dags/example_trigger_target_dag.py for tasks to queue
[2025-12-27T14:15:07.687+0000] {logging_mixin.py:188} INFO - [2025-12-27T14:15:07.682+0000] {dagbag.py:540} INFO - Filling up the DagBag from /home/airflow/.local/lib/python3.12/site-packages/airflow/example_dags/example_trigger_target_dag.py
[2025-12-27T14:15:07.726+0000] {processor.py:840} INFO - DAG(s) 'example_trigger_target_dag' retrieved from /home/airflow/.local/lib/python3.12/site-packages/airflow/example_dags/example_trigger_target_dag.py
[2025-12-27T14:15:08.386+0000] {logging_mixin.py:188} INFO - [2025-12-27T14:15:08.385+0000] {dag.py:3096} INFO - Sync 1 DAGs
[2025-12-27T14:15:08.445+0000] {logging_mixin.py:188} INFO - [2025-12-27T14:15:08.445+0000] {dag.py:3954} INFO - Setting next_dagrun for example_trigger_target_dag to None, run_after=None
[2025-12-27T14:15:08.604+0000] {processor.py:183} INFO - Processing /home/airflow/.local/lib/python3.12/site-packages/airflow/example_dags/example_trigger_target_dag.py took 0.980 seconds
[2025-12-27T14:15:38.912+0000] {processor.py:161} INFO - Started process (PID=174) to work on /home/airflow/.local/lib/python3.12/site-packages/airflow/example_dags/example_trigger_target_dag.py
[2025-12-27T14:15:38.919+0000] {processor.py:830} INFO - Processing file /home/airflow/.local/lib/python3.12/site-packages/airflow/example_dags/example_trigger_target_dag.py for tasks to queue
[2025-12-27T14:15:38.927+0000] {logging_mixin.py:188} INFO - [2025-12-27T14:15:38.926+0000] {dagbag.py:540} INFO - Filling up the DagBag from /home/airflow/.local/lib/python3.12/site-packages/airflow/example_dags/example_trigger_target_dag.py
[2025-12-27T14:15:38.971+0000] {processor.py:840} INFO - DAG(s) 'example_trigger_target_dag' retrieved from /home/airflow/.local/lib/python3.12/site-packages/airflow/example_dags/example_trigger_target_dag.py
[2025-12-27T14:15:39.143+0000] {logging_mixin.py:188} INFO - [2025-12-27T14:15:39.142+0000] {dag.py:3096} INFO - Sync 1 DAGs
[2025-12-27T14:15:39.297+0000] {logging_mixin.py:188} INFO - [2025-12-27T14:15:39.296+0000] {dag.py:3954} INFO - Setting next_dagrun for example_trigger_target_dag to None, run_after=None
[2025-12-27T14:15:39.492+0000] {processor.py:183} INFO - Processing /home/airflow/.local/lib/python3.12/site-packages/airflow/example_dags/example_trigger_target_dag.py took 0.611 seconds
[2025-12-27T14:16:10.049+0000] {processor.py:161} INFO - Started process (PID=232) to work on /home/airflow/.local/lib/python3.12/site-packages/airflow/example_dags/example_trigger_target_dag.py
[2025-12-27T14:16:10.053+0000] {processor.py:830} INFO - Processing file /home/airflow/.local/lib/python3.12/site-packages/airflow/example_dags/example_trigger_target_dag.py for tasks to queue
[2025-12-27T14:16:10.061+0000] {logging_mixin.py:188} INFO - [2025-12-27T14:16:10.060+0000] {dagbag.py:540} INFO - Filling up the DagBag from /home/airflow/.local/lib/python3.12/site-packages/airflow/example_dags/example_trigger_target_dag.py
[2025-12-27T14:16:10.097+0000] {processor.py:840} INFO - DAG(s) 'example_trigger_target_dag' retrieved from /home/airflow/.local/lib/python3.12/site-packages/airflow/example_dags/example_trigger_target_dag.py
[2025-12-27T14:16:10.192+0000] {logging_mixin.py:188} INFO - [2025-12-27T14:16:10.192+0000] {dag.py:3096} INFO - Sync 1 DAGs
[2025-12-27T14:16:10.277+0000] {logging_mixin.py:188} INFO - [2025-12-27T14:16:10.276+0000] {dag.py:3954} INFO - Setting next_dagrun for example_trigger_target_dag to None, run_after=None
[2025-12-27T14:16:10.358+0000] {processor.py:183} INFO - Processing /home/airflow/.local/lib/python3.12/site-packages/airflow/example_dags/example_trigger_target_dag.py took 0.327 seconds
[2025-12-27T14:16:40.564+0000] {processor.py:161} INFO - Started process (PID=290) to work on /home/airflow/.local/lib/python3.12/site-packages/airflow/example_dags/example_trigger_target_dag.py
[2025-12-27T14:16:40.569+0000] {processor.py:830} INFO - Processing file /home/airflow/.local/lib/python3.12/site-packages/airflow/example_dags/example_trigger_target_dag.py for tasks to queue
[2025-12-27T14:16:40.577+0000] {logging_mixin.py:188} INFO - [2025-12-27T14:16:40.575+0000] {dagbag.py:540} INFO - Filling up the DagBag from /home/airflow/.local/lib/python3.12/site-packages/airflow/example_dags/example_trigger_target_dag.py
[2025-12-27T14:16:40.599+0000] {processor.py:840} INFO - DAG(s) 'example_trigger_target_dag' retrieved from /home/airflow/.local/lib/python3.12/site-packages/airflow/example_dags/example_trigger_target_dag.py
[2025-12-27T14:16:40.714+0000] {logging_mixin.py:188} INFO - [2025-12-27T14:16:40.712+0000] {dag.py:3096} INFO - Sync 1 DAGs
[2025-12-27T14:16:40.787+0000] {logging_mixin.py:188} INFO - [2025-12-27T14:16:40.786+0000] {dag.py:3954} INFO - Setting next_dagrun for example_trigger_target_dag to None, run_after=None
[2025-12-27T14:16:40.907+0000] {processor.py:183} INFO - Processing /home/airflow/.local/lib/python3.12/site-packages/airflow/example_dags/example_trigger_target_dag.py took 0.369 seconds
[2025-12-27T14:17:12.599+0000] {processor.py:161} INFO - Started process (PID=347) to work on /home/airflow/.local/lib/python3.12/site-packages/airflow/example_dags/example_trigger_target_dag.py
[2025-12-27T14:17:12.605+0000] {processor.py:830} INFO - Processing file /home/airflow/.local/lib/python3.12/site-packages/airflow/example_dags/example_trigger_target_dag.py for tasks to queue
[2025-12-27T14:17:12.613+0000] {logging_mixin.py:188} INFO - [2025-12-27T14:17:12.611+0000] {dagbag.py:540} INFO - Filling up the DagBag from /home/airflow/.local/lib/python3.12/site-packages/airflow/example_dags/example_trigger_target_dag.py
[2025-12-27T14:17:12.668+0000] {processor.py:840} INFO - DAG(s) 'example_trigger_target_dag' retrieved from /home/airflow/.local/lib/python3.12/site-packages/airflow/example_dags/example_trigger_target_dag.py
[2025-12-27T14:17:12.844+0000] {logging_mixin.py:188} INFO - [2025-12-27T14:17:12.843+0000] {dag.py:3096} INFO - Sync 1 DAGs
[2025-12-27T14:17:13.005+0000] {logging_mixin.py:188} INFO - [2025-12-27T14:17:13.004+0000] {dag.py:3954} INFO - Setting next_dagrun for example_trigger_target_dag to None, run_after=None
[2025-12-27T14:17:13.177+0000] {processor.py:183} INFO - Processing /home/airflow/.local/lib/python3.12/site-packages/airflow/example_dags/example_trigger_target_dag.py took 0.624 seconds
[2025-12-27T14:18:03.373+0000] {processor.py:161} INFO - Started process (PID=409) to work on /home/airflow/.local/lib/python3.12/site-packages/airflow/example_dags/example_trigger_target_dag.py
[2025-12-27T14:18:03.379+0000] {processor.py:830} INFO - Processing file /home/airflow/.local/lib/python3.12/site-packages/airflow/example_dags/example_trigger_target_dag.py for tasks to queue
[2025-12-27T14:18:03.419+0000] {logging_mixin.py:188} INFO - [2025-12-27T14:18:03.416+0000] {dagbag.py:540} INFO - Filling up the DagBag from /home/airflow/.local/lib/python3.12/site-packages/airflow/example_dags/example_trigger_target_dag.py
[2025-12-27T14:18:03.476+0000] {processor.py:840} INFO - DAG(s) 'example_trigger_target_dag' retrieved from /home/airflow/.local/lib/python3.12/site-packages/airflow/example_dags/example_trigger_target_dag.py
[2025-12-27T14:18:03.841+0000] {logging_mixin.py:188} INFO - [2025-12-27T14:18:03.838+0000] {dag.py:3096} INFO - Sync 1 DAGs
[2025-12-27T14:18:04.042+0000] {logging_mixin.py:188} INFO - [2025-12-27T14:18:04.040+0000] {dag.py:3954} INFO - Setting next_dagrun for example_trigger_target_dag to None, run_after=None
[2025-12-27T14:18:04.241+0000] {processor.py:183} INFO - Processing /home/airflow/.local/lib/python3.12/site-packages/airflow/example_dags/example_trigger_target_dag.py took 0.953 seconds
[2025-12-27T14:18:38.214+0000] {processor.py:161} INFO - Started process (PID=461) to work on /home/airflow/.local/lib/python3.12/site-packages/airflow/example_dags/example_trigger_target_dag.py
[2025-12-27T14:18:38.218+0000] {processor.py:830} INFO - Processing file /home/airflow/.local/lib/python3.12/site-packages/airflow/example_dags/example_trigger_target_dag.py for tasks to queue
[2025-12-27T14:18:38.223+0000] {logging_mixin.py:188} INFO - [2025-12-27T14:18:38.222+0000] {dagbag.py:540} INFO - Filling up the DagBag from /home/airflow/.local/lib/python3.12/site-packages/airflow/example_dags/example_trigger_target_dag.py
[2025-12-27T14:18:38.241+0000] {processor.py:840} INFO - DAG(s) 'example_trigger_target_dag' retrieved from /home/airflow/.local/lib/python3.12/site-packages/airflow/example_dags/example_trigger_target_dag.py
[2025-12-27T14:18:38.299+0000] {logging_mixin.py:188} INFO - [2025-12-27T14:18:38.299+0000] {dag.py:3096} INFO - Sync 1 DAGs
[2025-12-27T14:18:38.344+0000] {logging_mixin.py:188} INFO - [2025-12-27T14:18:38.343+0000] {dag.py:3954} INFO - Setting next_dagrun for example_trigger_target_dag to None, run_after=None
[2025-12-27T14:18:38.416+0000] {processor.py:183} INFO - Processing /home/airflow/.local/lib/python3.12/site-packages/airflow/example_dags/example_trigger_target_dag.py took 0.220 seconds
[2025-12-27T14:19:09.276+0000] {processor.py:161} INFO - Started process (PID=519) to work on /home/airflow/.local/lib/python3.12/site-packages/airflow/example_dags/example_trigger_target_dag.py
[2025-12-27T14:19:09.281+0000] {processor.py:830} INFO - Processing file /home/airflow/.local/lib/python3.12/site-packages/airflow/example_dags/example_trigger_target_dag.py for tasks to queue
[2025-12-27T14:19:09.294+0000] {logging_mixin.py:188} INFO - [2025-12-27T14:19:09.293+0000] {dagbag.py:540} INFO - Filling up the DagBag from /home/airflow/.local/lib/python3.12/site-packages/airflow/example_dags/example_trigger_target_dag.py
[2025-12-27T14:19:09.320+0000] {processor.py:840} INFO - DAG(s) 'example_trigger_target_dag' retrieved from /home/airflow/.local/lib/python3.12/site-packages/airflow/example_dags/example_trigger_target_dag.py
[2025-12-27T14:19:09.508+0000] {logging_mixin.py:188} INFO - [2025-12-27T14:19:09.507+0000] {dag.py:3096} INFO - Sync 1 DAGs
[2025-12-27T14:19:09.665+0000] {logging_mixin.py:188} INFO - [2025-12-27T14:19:09.664+0000] {dag.py:3954} INFO - Setting next_dagrun for example_trigger_target_dag to None, run_after=None
[2025-12-27T14:19:09.780+0000] {processor.py:183} INFO - Processing /home/airflow/.local/lib/python3.12/site-packages/airflow/example_dags/example_trigger_target_dag.py took 0.537 seconds
[2025-12-27T14:19:42.393+0000] {processor.py:161} INFO - Started process (PID=577) to work on /home/airflow/.local/lib/python3.12/site-packages/airflow/example_dags/example_trigger_target_dag.py
[2025-12-27T14:19:42.396+0000] {processor.py:830} INFO - Processing file /home/airflow/.local/lib/python3.12/site-packages/airflow/example_dags/example_trigger_target_dag.py for tasks to queue
[2025-12-27T14:19:42.401+0000] {logging_mixin.py:188} INFO - [2025-12-27T14:19:42.400+0000] {dagbag.py:540} INFO - Filling up the DagBag from /home/airflow/.local/lib/python3.12/site-packages/airflow/example_dags/example_trigger_target_dag.py
[2025-12-27T14:19:42.418+0000] {processor.py:840} INFO - DAG(s) 'example_trigger_target_dag' retrieved from /home/airflow/.local/lib/python3.12/site-packages/airflow/example_dags/example_trigger_target_dag.py
[2025-12-27T14:19:42.473+0000] {logging_mixin.py:188} INFO - [2025-12-27T14:19:42.473+0000] {dag.py:3096} INFO - Sync 1 DAGs
[2025-12-27T14:19:42.516+0000] {logging_mixin.py:188} INFO - [2025-12-27T14:19:42.516+0000] {dag.py:3954} INFO - Setting next_dagrun for example_trigger_target_dag to None, run_after=None
[2025-12-27T14:19:42.576+0000] {processor.py:183} INFO - Processing /home/airflow/.local/lib/python3.12/site-packages/airflow/example_dags/example_trigger_target_dag.py took 0.198 seconds
[2025-12-27T14:20:15.461+0000] {processor.py:161} INFO - Started process (PID=631) to work on /home/airflow/.local/lib/python3.12/site-packages/airflow/example_dags/example_trigger_target_dag.py
[2025-12-27T14:20:15.464+0000] {processor.py:830} INFO - Processing file /home/airflow/.local/lib/python3.12/site-packages/airflow/example_dags/example_trigger_target_dag.py for tasks to queue
[2025-12-27T14:20:15.472+0000] {logging_mixin.py:188} INFO - [2025-12-27T14:20:15.470+0000] {dagbag.py:540} INFO - Filling up the DagBag from /home/airflow/.local/lib/python3.12/site-packages/airflow/example_dags/example_trigger_target_dag.py
[2025-12-27T14:20:15.497+0000] {processor.py:840} INFO - DAG(s) 'example_trigger_target_dag' retrieved from /home/airflow/.local/lib/python3.12/site-packages/airflow/example_dags/example_trigger_target_dag.py
[2025-12-27T14:20:15.560+0000] {logging_mixin.py:188} INFO - [2025-12-27T14:20:15.560+0000] {dag.py:3096} INFO - Sync 1 DAGs
[2025-12-27T14:20:15.603+0000] {logging_mixin.py:188} INFO - [2025-12-27T14:20:15.602+0000] {dag.py:3954} INFO - Setting next_dagrun for example_trigger_target_dag to None, run_after=None
[2025-12-27T14:20:15.662+0000] {processor.py:183} INFO - Processing /home/airflow/.local/lib/python3.12/site-packages/airflow/example_dags/example_trigger_target_dag.py took 0.218 seconds
[2025-12-27T14:20:46.290+0000] {processor.py:161} INFO - Started process (PID=689) to work on /home/airflow/.local/lib/python3.12/site-packages/airflow/example_dags/example_trigger_target_dag.py
[2025-12-27T14:20:46.293+0000] {processor.py:830} INFO - Processing file /home/airflow/.local/lib/python3.12/site-packages/airflow/example_dags/example_trigger_target_dag.py for tasks to queue
[2025-12-27T14:20:46.299+0000] {logging_mixin.py:188} INFO - [2025-12-27T14:20:46.298+0000] {dagbag.py:540} INFO - Filling up the DagBag from /home/airflow/.local/lib/python3.12/site-packages/airflow/example_dags/example_trigger_target_dag.py
[2025-12-27T14:20:46.320+0000] {processor.py:840} INFO - DAG(s) 'example_trigger_target_dag' retrieved from /home/airflow/.local/lib/python3.12/site-packages/airflow/example_dags/example_trigger_target_dag.py
[2025-12-27T14:20:46.382+0000] {logging_mixin.py:188} INFO - [2025-12-27T14:20:46.381+0000] {dag.py:3096} INFO - Sync 1 DAGs
[2025-12-27T14:20:46.423+0000] {logging_mixin.py:188} INFO - [2025-12-27T14:20:46.423+0000] {dag.py:3954} INFO - Setting next_dagrun for example_trigger_target_dag to None, run_after=None
[2025-12-27T14:20:46.480+0000] {processor.py:183} INFO - Processing /home/airflow/.local/lib/python3.12/site-packages/airflow/example_dags/example_trigger_target_dag.py took 0.206 seconds
[2025-12-27T14:21:34.784+0000] {processor.py:161} INFO - Started process (PID=751) to work on /home/airflow/.local/lib/python3.12/site-packages/airflow/example_dags/example_trigger_target_dag.py
[2025-12-27T14:21:34.791+0000] {processor.py:830} INFO - Processing file /home/airflow/.local/lib/python3.12/site-packages/airflow/example_dags/example_trigger_target_dag.py for tasks to queue
[2025-12-27T14:21:34.799+0000] {logging_mixin.py:188} INFO - [2025-12-27T14:21:34.798+0000] {dagbag.py:540} INFO - Filling up the DagBag from /home/airflow/.local/lib/python3.12/site-packages/airflow/example_dags/example_trigger_target_dag.py
[2025-12-27T14:21:34.835+0000] {processor.py:840} INFO - DAG(s) 'example_trigger_target_dag' retrieved from /home/airflow/.local/lib/python3.12/site-packages/airflow/example_dags/example_trigger_target_dag.py
[2025-12-27T14:21:34.939+0000] {logging_mixin.py:188} INFO - [2025-12-27T14:21:34.939+0000] {dag.py:3096} INFO - Sync 1 DAGs
[2025-12-27T14:21:35.010+0000] {logging_mixin.py:188} INFO - [2025-12-27T14:21:35.009+0000] {dag.py:3954} INFO - Setting next_dagrun for example_trigger_target_dag to None, run_after=None
[2025-12-27T14:21:35.129+0000] {processor.py:183} INFO - Processing /home/airflow/.local/lib/python3.12/site-packages/airflow/example_dags/example_trigger_target_dag.py took 0.381 seconds
[2025-12-27T14:22:25.298+0000] {processor.py:161} INFO - Started process (PID=811) to work on /home/airflow/.local/lib/python3.12/site-packages/airflow/example_dags/example_trigger_target_dag.py
[2025-12-27T14:22:25.322+0000] {processor.py:830} INFO - Processing file /home/airflow/.local/lib/python3.12/site-packages/airflow/example_dags/example_trigger_target_dag.py for tasks to queue
[2025-12-27T14:22:25.359+0000] {logging_mixin.py:188} INFO - [2025-12-27T14:22:25.355+0000] {dagbag.py:540} INFO - Filling up the DagBag from /home/airflow/.local/lib/python3.12/site-packages/airflow/example_dags/example_trigger_target_dag.py
[2025-12-27T14:22:25.430+0000] {processor.py:840} INFO - DAG(s) 'example_trigger_target_dag' retrieved from /home/airflow/.local/lib/python3.12/site-packages/airflow/example_dags/example_trigger_target_dag.py
[2025-12-27T14:22:25.614+0000] {logging_mixin.py:188} INFO - [2025-12-27T14:22:25.613+0000] {dag.py:3096} INFO - Sync 1 DAGs
[2025-12-27T14:22:25.771+0000] {logging_mixin.py:188} INFO - [2025-12-27T14:22:25.770+0000] {dag.py:3954} INFO - Setting next_dagrun for example_trigger_target_dag to None, run_after=None
[2025-12-27T14:22:25.996+0000] {processor.py:183} INFO - Processing /home/airflow/.local/lib/python3.12/site-packages/airflow/example_dags/example_trigger_target_dag.py took 0.759 seconds
[2025-12-27T14:24:01.730+0000] {processor.py:161} INFO - Started process (PID=894) to work on /home/airflow/.local/lib/python3.12/site-packages/airflow/example_dags/example_trigger_target_dag.py
[2025-12-27T14:24:01.739+0000] {processor.py:830} INFO - Processing file /home/airflow/.local/lib/python3.12/site-packages/airflow/example_dags/example_trigger_target_dag.py for tasks to queue
[2025-12-27T14:24:01.760+0000] {logging_mixin.py:188} INFO - [2025-12-27T14:24:01.758+0000] {dagbag.py:540} INFO - Filling up the DagBag from /home/airflow/.local/lib/python3.12/site-packages/airflow/example_dags/example_trigger_target_dag.py
[2025-12-27T14:24:01.826+0000] {processor.py:840} INFO - DAG(s) 'example_trigger_target_dag' retrieved from /home/airflow/.local/lib/python3.12/site-packages/airflow/example_dags/example_trigger_target_dag.py
[2025-12-27T14:24:01.936+0000] {logging_mixin.py:188} INFO - [2025-12-27T14:24:01.935+0000] {dag.py:3096} INFO - Sync 1 DAGs
[2025-12-27T14:24:02.033+0000] {logging_mixin.py:188} INFO - [2025-12-27T14:24:02.032+0000] {dag.py:3954} INFO - Setting next_dagrun for example_trigger_target_dag to None, run_after=None
[2025-12-27T14:24:02.140+0000] {processor.py:183} INFO - Processing /home/airflow/.local/lib/python3.12/site-packages/airflow/example_dags/example_trigger_target_dag.py took 0.448 seconds
[2025-12-27T14:24:33.150+0000] {processor.py:161} INFO - Started process (PID=952) to work on /home/airflow/.local/lib/python3.12/site-packages/airflow/example_dags/example_trigger_target_dag.py
[2025-12-27T14:24:33.158+0000] {processor.py:830} INFO - Processing file /home/airflow/.local/lib/python3.12/site-packages/airflow/example_dags/example_trigger_target_dag.py for tasks to queue
[2025-12-27T14:24:33.165+0000] {logging_mixin.py:188} INFO - [2025-12-27T14:24:33.163+0000] {dagbag.py:540} INFO - Filling up the DagBag from /home/airflow/.local/lib/python3.12/site-packages/airflow/example_dags/example_trigger_target_dag.py
[2025-12-27T14:24:33.225+0000] {processor.py:840} INFO - DAG(s) 'example_trigger_target_dag' retrieved from /home/airflow/.local/lib/python3.12/site-packages/airflow/example_dags/example_trigger_target_dag.py
[2025-12-27T14:24:33.456+0000] {logging_mixin.py:188} INFO - [2025-12-27T14:24:33.455+0000] {dag.py:3096} INFO - Sync 1 DAGs
[2025-12-27T14:24:33.528+0000] {logging_mixin.py:188} INFO - [2025-12-27T14:24:33.527+0000] {dag.py:3954} INFO - Setting next_dagrun for example_trigger_target_dag to None, run_after=None
[2025-12-27T14:24:33.627+0000] {processor.py:183} INFO - Processing /home/airflow/.local/lib/python3.12/site-packages/airflow/example_dags/example_trigger_target_dag.py took 0.525 seconds
[2025-12-27T14:25:14.858+0000] {processor.py:161} INFO - Started process (PID=1010) to work on /home/airflow/.local/lib/python3.12/site-packages/airflow/example_dags/example_trigger_target_dag.py
[2025-12-27T14:25:14.862+0000] {processor.py:830} INFO - Processing file /home/airflow/.local/lib/python3.12/site-packages/airflow/example_dags/example_trigger_target_dag.py for tasks to queue
[2025-12-27T14:25:14.869+0000] {logging_mixin.py:188} INFO - [2025-12-27T14:25:14.867+0000] {dagbag.py:540} INFO - Filling up the DagBag from /home/airflow/.local/lib/python3.12/site-packages/airflow/example_dags/example_trigger_target_dag.py
[2025-12-27T14:25:14.894+0000] {processor.py:840} INFO - DAG(s) 'example_trigger_target_dag' retrieved from /home/airflow/.local/lib/python3.12/site-packages/airflow/example_dags/example_trigger_target_dag.py
[2025-12-27T14:25:15.366+0000] {logging_mixin.py:188} INFO - [2025-12-27T14:25:15.364+0000] {dag.py:3096} INFO - Sync 1 DAGs
[2025-12-27T14:25:15.576+0000] {logging_mixin.py:188} INFO - [2025-12-27T14:25:15.575+0000] {dag.py:3954} INFO - Setting next_dagrun for example_trigger_target_dag to None, run_after=None
[2025-12-27T14:25:15.864+0000] {processor.py:183} INFO - Processing /home/airflow/.local/lib/python3.12/site-packages/airflow/example_dags/example_trigger_target_dag.py took 1.028 seconds
[2025-12-27T14:26:28.321+0000] {processor.py:161} INFO - Started process (PID=1081) to work on /home/airflow/.local/lib/python3.12/site-packages/airflow/example_dags/example_trigger_target_dag.py
[2025-12-27T14:26:28.327+0000] {processor.py:830} INFO - Processing file /home/airflow/.local/lib/python3.12/site-packages/airflow/example_dags/example_trigger_target_dag.py for tasks to queue
[2025-12-27T14:26:28.332+0000] {logging_mixin.py:188} INFO - [2025-12-27T14:26:28.330+0000] {dagbag.py:540} INFO - Filling up the DagBag from /home/airflow/.local/lib/python3.12/site-packages/airflow/example_dags/example_trigger_target_dag.py
[2025-12-27T14:26:28.361+0000] {processor.py:840} INFO - DAG(s) 'example_trigger_target_dag' retrieved from /home/airflow/.local/lib/python3.12/site-packages/airflow/example_dags/example_trigger_target_dag.py
[2025-12-27T14:26:28.466+0000] {logging_mixin.py:188} INFO - [2025-12-27T14:26:28.465+0000] {dag.py:3096} INFO - Sync 1 DAGs
[2025-12-27T14:26:28.537+0000] {logging_mixin.py:188} INFO - [2025-12-27T14:26:28.536+0000] {dag.py:3954} INFO - Setting next_dagrun for example_trigger_target_dag to None, run_after=None
[2025-12-27T14:26:28.633+0000] {processor.py:183} INFO - Processing /home/airflow/.local/lib/python3.12/site-packages/airflow/example_dags/example_trigger_target_dag.py took 0.334 seconds
[2025-12-27T14:27:44.035+0000] {processor.py:161} INFO - Started process (PID=1156) to work on /home/airflow/.local/lib/python3.12/site-packages/airflow/example_dags/example_trigger_target_dag.py
[2025-12-27T14:27:44.048+0000] {processor.py:830} INFO - Processing file /home/airflow/.local/lib/python3.12/site-packages/airflow/example_dags/example_trigger_target_dag.py for tasks to queue
[2025-12-27T14:27:44.111+0000] {logging_mixin.py:188} INFO - [2025-12-27T14:27:44.110+0000] {dagbag.py:540} INFO - Filling up the DagBag from /home/airflow/.local/lib/python3.12/site-packages/airflow/example_dags/example_trigger_target_dag.py
[2025-12-27T14:27:44.183+0000] {processor.py:840} INFO - DAG(s) 'example_trigger_target_dag' retrieved from /home/airflow/.local/lib/python3.12/site-packages/airflow/example_dags/example_trigger_target_dag.py
[2025-12-27T14:27:44.474+0000] {logging_mixin.py:188} INFO - [2025-12-27T14:27:44.473+0000] {dag.py:3096} INFO - Sync 1 DAGs
[2025-12-27T14:27:44.728+0000] {logging_mixin.py:188} INFO - [2025-12-27T14:27:44.717+0000] {dag.py:3954} INFO - Setting next_dagrun for example_trigger_target_dag to None, run_after=None
[2025-12-27T14:27:44.943+0000] {processor.py:183} INFO - Processing /home/airflow/.local/lib/python3.12/site-packages/airflow/example_dags/example_trigger_target_dag.py took 0.881 seconds
[2025-12-27T14:28:15.364+0000] {processor.py:161} INFO - Started process (PID=1213) to work on /home/airflow/.local/lib/python3.12/site-packages/airflow/example_dags/example_trigger_target_dag.py
[2025-12-27T14:28:15.380+0000] {processor.py:830} INFO - Processing file /home/airflow/.local/lib/python3.12/site-packages/airflow/example_dags/example_trigger_target_dag.py for tasks to queue
[2025-12-27T14:28:15.385+0000] {logging_mixin.py:188} INFO - [2025-12-27T14:28:15.382+0000] {dagbag.py:540} INFO - Filling up the DagBag from /home/airflow/.local/lib/python3.12/site-packages/airflow/example_dags/example_trigger_target_dag.py
[2025-12-27T14:28:15.407+0000] {processor.py:840} INFO - DAG(s) 'example_trigger_target_dag' retrieved from /home/airflow/.local/lib/python3.12/site-packages/airflow/example_dags/example_trigger_target_dag.py
[2025-12-27T14:28:15.472+0000] {logging_mixin.py:188} INFO - [2025-12-27T14:28:15.471+0000] {dag.py:3096} INFO - Sync 1 DAGs
[2025-12-27T14:28:15.507+0000] {logging_mixin.py:188} INFO - [2025-12-27T14:28:15.507+0000] {dag.py:3954} INFO - Setting next_dagrun for example_trigger_target_dag to None, run_after=None
[2025-12-27T14:28:15.562+0000] {processor.py:183} INFO - Processing /home/airflow/.local/lib/python3.12/site-packages/airflow/example_dags/example_trigger_target_dag.py took 0.224 seconds
[2025-12-27T14:28:47.196+0000] {processor.py:161} INFO - Started process (PID=1271) to work on /home/airflow/.local/lib/python3.12/site-packages/airflow/example_dags/example_trigger_target_dag.py
[2025-12-27T14:28:47.205+0000] {processor.py:830} INFO - Processing file /home/airflow/.local/lib/python3.12/site-packages/airflow/example_dags/example_trigger_target_dag.py for tasks to queue
[2025-12-27T14:28:47.209+0000] {logging_mixin.py:188} INFO - [2025-12-27T14:28:47.207+0000] {dagbag.py:540} INFO - Filling up the DagBag from /home/airflow/.local/lib/python3.12/site-packages/airflow/example_dags/example_trigger_target_dag.py
[2025-12-27T14:28:47.239+0000] {processor.py:840} INFO - DAG(s) 'example_trigger_target_dag' retrieved from /home/airflow/.local/lib/python3.12/site-packages/airflow/example_dags/example_trigger_target_dag.py
[2025-12-27T14:28:47.384+0000] {logging_mixin.py:188} INFO - [2025-12-27T14:28:47.383+0000] {dag.py:3096} INFO - Sync 1 DAGs
[2025-12-27T14:28:47.466+0000] {logging_mixin.py:188} INFO - [2025-12-27T14:28:47.465+0000] {dag.py:3954} INFO - Setting next_dagrun for example_trigger_target_dag to None, run_after=None
[2025-12-27T14:28:47.604+0000] {processor.py:183} INFO - Processing /home/airflow/.local/lib/python3.12/site-packages/airflow/example_dags/example_trigger_target_dag.py took 0.453 seconds
[2025-12-27T14:29:19.853+0000] {processor.py:161} INFO - Started process (PID=1335) to work on /home/airflow/.local/lib/python3.12/site-packages/airflow/example_dags/example_trigger_target_dag.py
[2025-12-27T14:29:19.857+0000] {processor.py:830} INFO - Processing file /home/airflow/.local/lib/python3.12/site-packages/airflow/example_dags/example_trigger_target_dag.py for tasks to queue
[2025-12-27T14:29:19.860+0000] {logging_mixin.py:188} INFO - [2025-12-27T14:29:19.859+0000] {dagbag.py:540} INFO - Filling up the DagBag from /home/airflow/.local/lib/python3.12/site-packages/airflow/example_dags/example_trigger_target_dag.py
[2025-12-27T14:29:19.880+0000] {processor.py:840} INFO - DAG(s) 'example_trigger_target_dag' retrieved from /home/airflow/.local/lib/python3.12/site-packages/airflow/example_dags/example_trigger_target_dag.py
[2025-12-27T14:29:19.954+0000] {logging_mixin.py:188} INFO - [2025-12-27T14:29:19.953+0000] {dag.py:3096} INFO - Sync 1 DAGs
[2025-12-27T14:29:20.008+0000] {logging_mixin.py:188} INFO - [2025-12-27T14:29:20.007+0000] {dag.py:3954} INFO - Setting next_dagrun for example_trigger_target_dag to None, run_after=None
[2025-12-27T14:29:20.084+0000] {processor.py:183} INFO - Processing /home/airflow/.local/lib/python3.12/site-packages/airflow/example_dags/example_trigger_target_dag.py took 0.251 seconds
[2025-12-27T14:29:50.257+0000] {processor.py:161} INFO - Started process (PID=1392) to work on /home/airflow/.local/lib/python3.12/site-packages/airflow/example_dags/example_trigger_target_dag.py
[2025-12-27T14:29:50.261+0000] {processor.py:830} INFO - Processing file /home/airflow/.local/lib/python3.12/site-packages/airflow/example_dags/example_trigger_target_dag.py for tasks to queue
[2025-12-27T14:29:50.264+0000] {logging_mixin.py:188} INFO - [2025-12-27T14:29:50.263+0000] {dagbag.py:540} INFO - Filling up the DagBag from /home/airflow/.local/lib/python3.12/site-packages/airflow/example_dags/example_trigger_target_dag.py
[2025-12-27T14:29:50.302+0000] {processor.py:840} INFO - DAG(s) 'example_trigger_target_dag' retrieved from /home/airflow/.local/lib/python3.12/site-packages/airflow/example_dags/example_trigger_target_dag.py
[2025-12-27T14:29:50.358+0000] {logging_mixin.py:188} INFO - [2025-12-27T14:29:50.357+0000] {dag.py:3096} INFO - Sync 1 DAGs
[2025-12-27T14:29:50.398+0000] {logging_mixin.py:188} INFO - [2025-12-27T14:29:50.397+0000] {dag.py:3954} INFO - Setting next_dagrun for example_trigger_target_dag to None, run_after=None
[2025-12-27T14:29:50.456+0000] {processor.py:183} INFO - Processing /home/airflow/.local/lib/python3.12/site-packages/airflow/example_dags/example_trigger_target_dag.py took 0.221 seconds
[2025-12-27T14:30:21.492+0000] {processor.py:161} INFO - Started process (PID=1451) to work on /home/airflow/.local/lib/python3.12/site-packages/airflow/example_dags/example_trigger_target_dag.py
[2025-12-27T14:30:21.496+0000] {processor.py:830} INFO - Processing file /home/airflow/.local/lib/python3.12/site-packages/airflow/example_dags/example_trigger_target_dag.py for tasks to queue
[2025-12-27T14:30:21.500+0000] {logging_mixin.py:188} INFO - [2025-12-27T14:30:21.498+0000] {dagbag.py:540} INFO - Filling up the DagBag from /home/airflow/.local/lib/python3.12/site-packages/airflow/example_dags/example_trigger_target_dag.py
[2025-12-27T14:30:21.527+0000] {processor.py:840} INFO - DAG(s) 'example_trigger_target_dag' retrieved from /home/airflow/.local/lib/python3.12/site-packages/airflow/example_dags/example_trigger_target_dag.py
[2025-12-27T14:30:21.618+0000] {logging_mixin.py:188} INFO - [2025-12-27T14:30:21.617+0000] {dag.py:3096} INFO - Sync 1 DAGs
[2025-12-27T14:30:21.724+0000] {logging_mixin.py:188} INFO - [2025-12-27T14:30:21.723+0000] {dag.py:3954} INFO - Setting next_dagrun for example_trigger_target_dag to None, run_after=None
[2025-12-27T14:30:21.819+0000] {processor.py:183} INFO - Processing /home/airflow/.local/lib/python3.12/site-packages/airflow/example_dags/example_trigger_target_dag.py took 0.365 seconds
[2025-12-27T14:30:52.089+0000] {processor.py:161} INFO - Started process (PID=1509) to work on /home/airflow/.local/lib/python3.12/site-packages/airflow/example_dags/example_trigger_target_dag.py
[2025-12-27T14:30:52.092+0000] {processor.py:830} INFO - Processing file /home/airflow/.local/lib/python3.12/site-packages/airflow/example_dags/example_trigger_target_dag.py for tasks to queue
[2025-12-27T14:30:52.095+0000] {logging_mixin.py:188} INFO - [2025-12-27T14:30:52.094+0000] {dagbag.py:540} INFO - Filling up the DagBag from /home/airflow/.local/lib/python3.12/site-packages/airflow/example_dags/example_trigger_target_dag.py
[2025-12-27T14:30:52.113+0000] {processor.py:840} INFO - DAG(s) 'example_trigger_target_dag' retrieved from /home/airflow/.local/lib/python3.12/site-packages/airflow/example_dags/example_trigger_target_dag.py
[2025-12-27T14:30:52.165+0000] {logging_mixin.py:188} INFO - [2025-12-27T14:30:52.165+0000] {dag.py:3096} INFO - Sync 1 DAGs
[2025-12-27T14:30:52.197+0000] {logging_mixin.py:188} INFO - [2025-12-27T14:30:52.196+0000] {dag.py:3954} INFO - Setting next_dagrun for example_trigger_target_dag to None, run_after=None
[2025-12-27T14:30:52.248+0000] {processor.py:183} INFO - Processing /home/airflow/.local/lib/python3.12/site-packages/airflow/example_dags/example_trigger_target_dag.py took 0.176 seconds
[2025-12-27T14:31:22.331+0000] {processor.py:161} INFO - Started process (PID=1567) to work on /home/airflow/.local/lib/python3.12/site-packages/airflow/example_dags/example_trigger_target_dag.py
[2025-12-27T14:31:22.334+0000] {processor.py:830} INFO - Processing file /home/airflow/.local/lib/python3.12/site-packages/airflow/example_dags/example_trigger_target_dag.py for tasks to queue
[2025-12-27T14:31:22.337+0000] {logging_mixin.py:188} INFO - [2025-12-27T14:31:22.336+0000] {dagbag.py:540} INFO - Filling up the DagBag from /home/airflow/.local/lib/python3.12/site-packages/airflow/example_dags/example_trigger_target_dag.py
[2025-12-27T14:31:22.356+0000] {processor.py:840} INFO - DAG(s) 'example_trigger_target_dag' retrieved from /home/airflow/.local/lib/python3.12/site-packages/airflow/example_dags/example_trigger_target_dag.py
[2025-12-27T14:31:22.419+0000] {logging_mixin.py:188} INFO - [2025-12-27T14:31:22.418+0000] {dag.py:3096} INFO - Sync 1 DAGs
[2025-12-27T14:31:22.467+0000] {logging_mixin.py:188} INFO - [2025-12-27T14:31:22.467+0000] {dag.py:3954} INFO - Setting next_dagrun for example_trigger_target_dag to None, run_after=None
[2025-12-27T14:31:22.527+0000] {processor.py:183} INFO - Processing /home/airflow/.local/lib/python3.12/site-packages/airflow/example_dags/example_trigger_target_dag.py took 0.213 seconds
[2025-12-27T14:31:52.826+0000] {processor.py:161} INFO - Started process (PID=1625) to work on /home/airflow/.local/lib/python3.12/site-packages/airflow/example_dags/example_trigger_target_dag.py
[2025-12-27T14:31:52.829+0000] {processor.py:830} INFO - Processing file /home/airflow/.local/lib/python3.12/site-packages/airflow/example_dags/example_trigger_target_dag.py for tasks to queue
[2025-12-27T14:31:52.832+0000] {logging_mixin.py:188} INFO - [2025-12-27T14:31:52.831+0000] {dagbag.py:540} INFO - Filling up the DagBag from /home/airflow/.local/lib/python3.12/site-packages/airflow/example_dags/example_trigger_target_dag.py
[2025-12-27T14:31:52.851+0000] {processor.py:840} INFO - DAG(s) 'example_trigger_target_dag' retrieved from /home/airflow/.local/lib/python3.12/site-packages/airflow/example_dags/example_trigger_target_dag.py
[2025-12-27T14:31:52.910+0000] {logging_mixin.py:188} INFO - [2025-12-27T14:31:52.910+0000] {dag.py:3096} INFO - Sync 1 DAGs
[2025-12-27T14:31:52.941+0000] {logging_mixin.py:188} INFO - [2025-12-27T14:31:52.941+0000] {dag.py:3954} INFO - Setting next_dagrun for example_trigger_target_dag to None, run_after=None
[2025-12-27T14:31:52.990+0000] {processor.py:183} INFO - Processing /home/airflow/.local/lib/python3.12/site-packages/airflow/example_dags/example_trigger_target_dag.py took 0.183 seconds
[2025-12-27T14:32:23.254+0000] {processor.py:161} INFO - Started process (PID=1683) to work on /home/airflow/.local/lib/python3.12/site-packages/airflow/example_dags/example_trigger_target_dag.py
[2025-12-27T14:32:23.257+0000] {processor.py:830} INFO - Processing file /home/airflow/.local/lib/python3.12/site-packages/airflow/example_dags/example_trigger_target_dag.py for tasks to queue
[2025-12-27T14:32:23.260+0000] {logging_mixin.py:188} INFO - [2025-12-27T14:32:23.259+0000] {dagbag.py:540} INFO - Filling up the DagBag from /home/airflow/.local/lib/python3.12/site-packages/airflow/example_dags/example_trigger_target_dag.py
[2025-12-27T14:32:23.277+0000] {processor.py:840} INFO - DAG(s) 'example_trigger_target_dag' retrieved from /home/airflow/.local/lib/python3.12/site-packages/airflow/example_dags/example_trigger_target_dag.py
[2025-12-27T14:32:23.332+0000] {logging_mixin.py:188} INFO - [2025-12-27T14:32:23.331+0000] {dag.py:3096} INFO - Sync 1 DAGs
[2025-12-27T14:32:23.363+0000] {logging_mixin.py:188} INFO - [2025-12-27T14:32:23.362+0000] {dag.py:3954} INFO - Setting next_dagrun for example_trigger_target_dag to None, run_after=None
[2025-12-27T14:32:23.413+0000] {processor.py:183} INFO - Processing /home/airflow/.local/lib/python3.12/site-packages/airflow/example_dags/example_trigger_target_dag.py took 0.179 seconds
[2025-12-27T14:32:54.132+0000] {processor.py:161} INFO - Started process (PID=1742) to work on /home/airflow/.local/lib/python3.12/site-packages/airflow/example_dags/example_trigger_target_dag.py
[2025-12-27T14:32:54.135+0000] {processor.py:830} INFO - Processing file /home/airflow/.local/lib/python3.12/site-packages/airflow/example_dags/example_trigger_target_dag.py for tasks to queue
[2025-12-27T14:32:54.138+0000] {logging_mixin.py:188} INFO - [2025-12-27T14:32:54.137+0000] {dagbag.py:540} INFO - Filling up the DagBag from /home/airflow/.local/lib/python3.12/site-packages/airflow/example_dags/example_trigger_target_dag.py
[2025-12-27T14:32:54.155+0000] {processor.py:840} INFO - DAG(s) 'example_trigger_target_dag' retrieved from /home/airflow/.local/lib/python3.12/site-packages/airflow/example_dags/example_trigger_target_dag.py
[2025-12-27T14:32:54.213+0000] {logging_mixin.py:188} INFO - [2025-12-27T14:32:54.212+0000] {dag.py:3096} INFO - Sync 1 DAGs
[2025-12-27T14:32:54.250+0000] {logging_mixin.py:188} INFO - [2025-12-27T14:32:54.249+0000] {dag.py:3954} INFO - Setting next_dagrun for example_trigger_target_dag to None, run_after=None
[2025-12-27T14:32:54.301+0000] {processor.py:183} INFO - Processing /home/airflow/.local/lib/python3.12/site-packages/airflow/example_dags/example_trigger_target_dag.py took 0.185 seconds
[2025-12-27T14:33:24.984+0000] {processor.py:161} INFO - Started process (PID=1800) to work on /home/airflow/.local/lib/python3.12/site-packages/airflow/example_dags/example_trigger_target_dag.py
[2025-12-27T14:33:24.987+0000] {processor.py:830} INFO - Processing file /home/airflow/.local/lib/python3.12/site-packages/airflow/example_dags/example_trigger_target_dag.py for tasks to queue
[2025-12-27T14:33:24.993+0000] {logging_mixin.py:188} INFO - [2025-12-27T14:33:24.992+0000] {dagbag.py:540} INFO - Filling up the DagBag from /home/airflow/.local/lib/python3.12/site-packages/airflow/example_dags/example_trigger_target_dag.py
[2025-12-27T14:33:25.019+0000] {processor.py:840} INFO - DAG(s) 'example_trigger_target_dag' retrieved from /home/airflow/.local/lib/python3.12/site-packages/airflow/example_dags/example_trigger_target_dag.py
[2025-12-27T14:33:25.086+0000] {logging_mixin.py:188} INFO - [2025-12-27T14:33:25.085+0000] {dag.py:3096} INFO - Sync 1 DAGs
[2025-12-27T14:33:25.133+0000] {logging_mixin.py:188} INFO - [2025-12-27T14:33:25.132+0000] {dag.py:3954} INFO - Setting next_dagrun for example_trigger_target_dag to None, run_after=None
[2025-12-27T14:33:25.190+0000] {processor.py:183} INFO - Processing /home/airflow/.local/lib/python3.12/site-packages/airflow/example_dags/example_trigger_target_dag.py took 0.226 seconds
[2025-12-27T14:33:55.364+0000] {processor.py:161} INFO - Started process (PID=1858) to work on /home/airflow/.local/lib/python3.12/site-packages/airflow/example_dags/example_trigger_target_dag.py
[2025-12-27T14:33:55.368+0000] {processor.py:830} INFO - Processing file /home/airflow/.local/lib/python3.12/site-packages/airflow/example_dags/example_trigger_target_dag.py for tasks to queue
[2025-12-27T14:33:55.371+0000] {logging_mixin.py:188} INFO - [2025-12-27T14:33:55.370+0000] {dagbag.py:540} INFO - Filling up the DagBag from /home/airflow/.local/lib/python3.12/site-packages/airflow/example_dags/example_trigger_target_dag.py
[2025-12-27T14:33:55.395+0000] {processor.py:840} INFO - DAG(s) 'example_trigger_target_dag' retrieved from /home/airflow/.local/lib/python3.12/site-packages/airflow/example_dags/example_trigger_target_dag.py
[2025-12-27T14:33:55.464+0000] {logging_mixin.py:188} INFO - [2025-12-27T14:33:55.463+0000] {dag.py:3096} INFO - Sync 1 DAGs
[2025-12-27T14:33:55.508+0000] {logging_mixin.py:188} INFO - [2025-12-27T14:33:55.507+0000] {dag.py:3954} INFO - Setting next_dagrun for example_trigger_target_dag to None, run_after=None
[2025-12-27T14:33:55.566+0000] {processor.py:183} INFO - Processing /home/airflow/.local/lib/python3.12/site-packages/airflow/example_dags/example_trigger_target_dag.py took 0.228 seconds
[2025-12-27T14:34:29.302+0000] {processor.py:161} INFO - Started process (PID=1916) to work on /home/airflow/.local/lib/python3.12/site-packages/airflow/example_dags/example_trigger_target_dag.py
[2025-12-27T14:34:29.310+0000] {processor.py:830} INFO - Processing file /home/airflow/.local/lib/python3.12/site-packages/airflow/example_dags/example_trigger_target_dag.py for tasks to queue
[2025-12-27T14:34:29.316+0000] {logging_mixin.py:188} INFO - [2025-12-27T14:34:29.314+0000] {dagbag.py:540} INFO - Filling up the DagBag from /home/airflow/.local/lib/python3.12/site-packages/airflow/example_dags/example_trigger_target_dag.py
[2025-12-27T14:34:29.355+0000] {processor.py:840} INFO - DAG(s) 'example_trigger_target_dag' retrieved from /home/airflow/.local/lib/python3.12/site-packages/airflow/example_dags/example_trigger_target_dag.py
[2025-12-27T14:34:29.568+0000] {logging_mixin.py:188} INFO - [2025-12-27T14:34:29.566+0000] {dag.py:3096} INFO - Sync 1 DAGs
[2025-12-27T14:34:29.635+0000] {logging_mixin.py:188} INFO - [2025-12-27T14:34:29.634+0000] {dag.py:3954} INFO - Setting next_dagrun for example_trigger_target_dag to None, run_after=None
[2025-12-27T14:34:29.832+0000] {processor.py:183} INFO - Processing /home/airflow/.local/lib/python3.12/site-packages/airflow/example_dags/example_trigger_target_dag.py took 0.702 seconds
[2025-12-27T14:34:59.996+0000] {processor.py:161} INFO - Started process (PID=1975) to work on /home/airflow/.local/lib/python3.12/site-packages/airflow/example_dags/example_trigger_target_dag.py
[2025-12-27T14:35:00.000+0000] {processor.py:830} INFO - Processing file /home/airflow/.local/lib/python3.12/site-packages/airflow/example_dags/example_trigger_target_dag.py for tasks to queue
[2025-12-27T14:35:00.007+0000] {logging_mixin.py:188} INFO - [2025-12-27T14:35:00.004+0000] {dagbag.py:540} INFO - Filling up the DagBag from /home/airflow/.local/lib/python3.12/site-packages/airflow/example_dags/example_trigger_target_dag.py
[2025-12-27T14:35:00.043+0000] {processor.py:840} INFO - DAG(s) 'example_trigger_target_dag' retrieved from /home/airflow/.local/lib/python3.12/site-packages/airflow/example_dags/example_trigger_target_dag.py
[2025-12-27T14:35:00.134+0000] {logging_mixin.py:188} INFO - [2025-12-27T14:35:00.133+0000] {dag.py:3096} INFO - Sync 1 DAGs
[2025-12-27T14:35:00.190+0000] {logging_mixin.py:188} INFO - [2025-12-27T14:35:00.189+0000] {dag.py:3954} INFO - Setting next_dagrun for example_trigger_target_dag to None, run_after=None
[2025-12-27T14:35:00.264+0000] {processor.py:183} INFO - Processing /home/airflow/.local/lib/python3.12/site-packages/airflow/example_dags/example_trigger_target_dag.py took 0.288 seconds
[2025-12-27T14:35:31.206+0000] {processor.py:161} INFO - Started process (PID=2032) to work on /home/airflow/.local/lib/python3.12/site-packages/airflow/example_dags/example_trigger_target_dag.py
[2025-12-27T14:35:31.215+0000] {processor.py:830} INFO - Processing file /home/airflow/.local/lib/python3.12/site-packages/airflow/example_dags/example_trigger_target_dag.py for tasks to queue
[2025-12-27T14:35:31.220+0000] {logging_mixin.py:188} INFO - [2025-12-27T14:35:31.219+0000] {dagbag.py:540} INFO - Filling up the DagBag from /home/airflow/.local/lib/python3.12/site-packages/airflow/example_dags/example_trigger_target_dag.py
[2025-12-27T14:35:31.243+0000] {processor.py:840} INFO - DAG(s) 'example_trigger_target_dag' retrieved from /home/airflow/.local/lib/python3.12/site-packages/airflow/example_dags/example_trigger_target_dag.py
[2025-12-27T14:35:31.313+0000] {logging_mixin.py:188} INFO - [2025-12-27T14:35:31.312+0000] {dag.py:3096} INFO - Sync 1 DAGs
[2025-12-27T14:35:31.355+0000] {logging_mixin.py:188} INFO - [2025-12-27T14:35:31.354+0000] {dag.py:3954} INFO - Setting next_dagrun for example_trigger_target_dag to None, run_after=None
[2025-12-27T14:35:31.411+0000] {processor.py:183} INFO - Processing /home/airflow/.local/lib/python3.12/site-packages/airflow/example_dags/example_trigger_target_dag.py took 0.231 seconds
[2025-12-27T14:36:06.336+0000] {processor.py:161} INFO - Started process (PID=2090) to work on /home/airflow/.local/lib/python3.12/site-packages/airflow/example_dags/example_trigger_target_dag.py
[2025-12-27T14:36:06.341+0000] {processor.py:830} INFO - Processing file /home/airflow/.local/lib/python3.12/site-packages/airflow/example_dags/example_trigger_target_dag.py for tasks to queue
[2025-12-27T14:36:06.350+0000] {logging_mixin.py:188} INFO - [2025-12-27T14:36:06.344+0000] {dagbag.py:540} INFO - Filling up the DagBag from /home/airflow/.local/lib/python3.12/site-packages/airflow/example_dags/example_trigger_target_dag.py
[2025-12-27T14:36:06.401+0000] {processor.py:840} INFO - DAG(s) 'example_trigger_target_dag' retrieved from /home/airflow/.local/lib/python3.12/site-packages/airflow/example_dags/example_trigger_target_dag.py
[2025-12-27T14:36:06.747+0000] {logging_mixin.py:188} INFO - [2025-12-27T14:36:06.746+0000] {dag.py:3096} INFO - Sync 1 DAGs
[2025-12-27T14:36:06.918+0000] {logging_mixin.py:188} INFO - [2025-12-27T14:36:06.916+0000] {dag.py:3954} INFO - Setting next_dagrun for example_trigger_target_dag to None, run_after=None
[2025-12-27T14:36:07.282+0000] {processor.py:183} INFO - Processing /home/airflow/.local/lib/python3.12/site-packages/airflow/example_dags/example_trigger_target_dag.py took 1.001 seconds
[2025-12-27T14:36:40.372+0000] {processor.py:161} INFO - Started process (PID=2148) to work on /home/airflow/.local/lib/python3.12/site-packages/airflow/example_dags/example_trigger_target_dag.py
[2025-12-27T14:36:40.376+0000] {processor.py:830} INFO - Processing file /home/airflow/.local/lib/python3.12/site-packages/airflow/example_dags/example_trigger_target_dag.py for tasks to queue
[2025-12-27T14:36:40.379+0000] {logging_mixin.py:188} INFO - [2025-12-27T14:36:40.378+0000] {dagbag.py:540} INFO - Filling up the DagBag from /home/airflow/.local/lib/python3.12/site-packages/airflow/example_dags/example_trigger_target_dag.py
[2025-12-27T14:36:40.404+0000] {processor.py:840} INFO - DAG(s) 'example_trigger_target_dag' retrieved from /home/airflow/.local/lib/python3.12/site-packages/airflow/example_dags/example_trigger_target_dag.py
[2025-12-27T14:36:40.474+0000] {logging_mixin.py:188} INFO - [2025-12-27T14:36:40.473+0000] {dag.py:3096} INFO - Sync 1 DAGs
[2025-12-27T14:36:40.533+0000] {logging_mixin.py:188} INFO - [2025-12-27T14:36:40.532+0000] {dag.py:3954} INFO - Setting next_dagrun for example_trigger_target_dag to None, run_after=None
[2025-12-27T14:36:40.613+0000] {processor.py:183} INFO - Processing /home/airflow/.local/lib/python3.12/site-packages/airflow/example_dags/example_trigger_target_dag.py took 0.271 seconds
[2025-12-27T14:37:11.501+0000] {processor.py:161} INFO - Started process (PID=2207) to work on /home/airflow/.local/lib/python3.12/site-packages/airflow/example_dags/example_trigger_target_dag.py
[2025-12-27T14:37:11.505+0000] {processor.py:830} INFO - Processing file /home/airflow/.local/lib/python3.12/site-packages/airflow/example_dags/example_trigger_target_dag.py for tasks to queue
[2025-12-27T14:37:11.512+0000] {logging_mixin.py:188} INFO - [2025-12-27T14:37:11.511+0000] {dagbag.py:540} INFO - Filling up the DagBag from /home/airflow/.local/lib/python3.12/site-packages/airflow/example_dags/example_trigger_target_dag.py
[2025-12-27T14:37:11.535+0000] {processor.py:840} INFO - DAG(s) 'example_trigger_target_dag' retrieved from /home/airflow/.local/lib/python3.12/site-packages/airflow/example_dags/example_trigger_target_dag.py
[2025-12-27T14:37:11.598+0000] {logging_mixin.py:188} INFO - [2025-12-27T14:37:11.598+0000] {dag.py:3096} INFO - Sync 1 DAGs
[2025-12-27T14:37:11.646+0000] {logging_mixin.py:188} INFO - [2025-12-27T14:37:11.645+0000] {dag.py:3954} INFO - Setting next_dagrun for example_trigger_target_dag to None, run_after=None
[2025-12-27T14:37:11.711+0000] {processor.py:183} INFO - Processing /home/airflow/.local/lib/python3.12/site-packages/airflow/example_dags/example_trigger_target_dag.py took 0.234 seconds
[2025-12-27T14:37:43.054+0000] {processor.py:161} INFO - Started process (PID=2267) to work on /home/airflow/.local/lib/python3.12/site-packages/airflow/example_dags/example_trigger_target_dag.py
[2025-12-27T14:37:43.058+0000] {processor.py:830} INFO - Processing file /home/airflow/.local/lib/python3.12/site-packages/airflow/example_dags/example_trigger_target_dag.py for tasks to queue
[2025-12-27T14:37:43.062+0000] {logging_mixin.py:188} INFO - [2025-12-27T14:37:43.060+0000] {dagbag.py:540} INFO - Filling up the DagBag from /home/airflow/.local/lib/python3.12/site-packages/airflow/example_dags/example_trigger_target_dag.py
[2025-12-27T14:37:43.093+0000] {processor.py:840} INFO - DAG(s) 'example_trigger_target_dag' retrieved from /home/airflow/.local/lib/python3.12/site-packages/airflow/example_dags/example_trigger_target_dag.py
[2025-12-27T14:37:43.201+0000] {logging_mixin.py:188} INFO - [2025-12-27T14:37:43.200+0000] {dag.py:3096} INFO - Sync 1 DAGs
[2025-12-27T14:37:43.248+0000] {logging_mixin.py:188} INFO - [2025-12-27T14:37:43.247+0000] {dag.py:3954} INFO - Setting next_dagrun for example_trigger_target_dag to None, run_after=None
[2025-12-27T14:37:43.319+0000] {processor.py:183} INFO - Processing /home/airflow/.local/lib/python3.12/site-packages/airflow/example_dags/example_trigger_target_dag.py took 0.283 seconds
[2025-12-27T14:38:14.898+0000] {processor.py:161} INFO - Started process (PID=2325) to work on /home/airflow/.local/lib/python3.12/site-packages/airflow/example_dags/example_trigger_target_dag.py
[2025-12-27T14:38:14.901+0000] {processor.py:830} INFO - Processing file /home/airflow/.local/lib/python3.12/site-packages/airflow/example_dags/example_trigger_target_dag.py for tasks to queue
[2025-12-27T14:38:14.905+0000] {logging_mixin.py:188} INFO - [2025-12-27T14:38:14.904+0000] {dagbag.py:540} INFO - Filling up the DagBag from /home/airflow/.local/lib/python3.12/site-packages/airflow/example_dags/example_trigger_target_dag.py
[2025-12-27T14:38:14.924+0000] {processor.py:840} INFO - DAG(s) 'example_trigger_target_dag' retrieved from /home/airflow/.local/lib/python3.12/site-packages/airflow/example_dags/example_trigger_target_dag.py
[2025-12-27T14:38:14.996+0000] {logging_mixin.py:188} INFO - [2025-12-27T14:38:14.995+0000] {dag.py:3096} INFO - Sync 1 DAGs
[2025-12-27T14:38:15.051+0000] {logging_mixin.py:188} INFO - [2025-12-27T14:38:15.050+0000] {dag.py:3954} INFO - Setting next_dagrun for example_trigger_target_dag to None, run_after=None
[2025-12-27T14:38:15.117+0000] {processor.py:183} INFO - Processing /home/airflow/.local/lib/python3.12/site-packages/airflow/example_dags/example_trigger_target_dag.py took 0.237 seconds
[2025-12-27T14:38:47.266+0000] {processor.py:161} INFO - Started process (PID=2383) to work on /home/airflow/.local/lib/python3.12/site-packages/airflow/example_dags/example_trigger_target_dag.py
[2025-12-27T14:38:47.268+0000] {processor.py:830} INFO - Processing file /home/airflow/.local/lib/python3.12/site-packages/airflow/example_dags/example_trigger_target_dag.py for tasks to queue
[2025-12-27T14:38:47.272+0000] {logging_mixin.py:188} INFO - [2025-12-27T14:38:47.270+0000] {dagbag.py:540} INFO - Filling up the DagBag from /home/airflow/.local/lib/python3.12/site-packages/airflow/example_dags/example_trigger_target_dag.py
[2025-12-27T14:38:47.296+0000] {processor.py:840} INFO - DAG(s) 'example_trigger_target_dag' retrieved from /home/airflow/.local/lib/python3.12/site-packages/airflow/example_dags/example_trigger_target_dag.py
[2025-12-27T14:38:47.386+0000] {logging_mixin.py:188} INFO - [2025-12-27T14:38:47.385+0000] {dag.py:3096} INFO - Sync 1 DAGs
[2025-12-27T14:38:47.429+0000] {logging_mixin.py:188} INFO - [2025-12-27T14:38:47.428+0000] {dag.py:3954} INFO - Setting next_dagrun for example_trigger_target_dag to None, run_after=None
[2025-12-27T14:38:47.489+0000] {processor.py:183} INFO - Processing /home/airflow/.local/lib/python3.12/site-packages/airflow/example_dags/example_trigger_target_dag.py took 0.242 seconds
[2025-12-27T14:39:21.270+0000] {processor.py:161} INFO - Started process (PID=2441) to work on /home/airflow/.local/lib/python3.12/site-packages/airflow/example_dags/example_trigger_target_dag.py
[2025-12-27T14:39:21.279+0000] {processor.py:830} INFO - Processing file /home/airflow/.local/lib/python3.12/site-packages/airflow/example_dags/example_trigger_target_dag.py for tasks to queue
[2025-12-27T14:39:21.283+0000] {logging_mixin.py:188} INFO - [2025-12-27T14:39:21.282+0000] {dagbag.py:540} INFO - Filling up the DagBag from /home/airflow/.local/lib/python3.12/site-packages/airflow/example_dags/example_trigger_target_dag.py
[2025-12-27T14:39:21.328+0000] {processor.py:840} INFO - DAG(s) 'example_trigger_target_dag' retrieved from /home/airflow/.local/lib/python3.12/site-packages/airflow/example_dags/example_trigger_target_dag.py
[2025-12-27T14:39:21.498+0000] {logging_mixin.py:188} INFO - [2025-12-27T14:39:21.497+0000] {dag.py:3096} INFO - Sync 1 DAGs
[2025-12-27T14:39:21.648+0000] {logging_mixin.py:188} INFO - [2025-12-27T14:39:21.645+0000] {dag.py:3954} INFO - Setting next_dagrun for example_trigger_target_dag to None, run_after=None
[2025-12-27T14:39:21.839+0000] {processor.py:183} INFO - Processing /home/airflow/.local/lib/python3.12/site-packages/airflow/example_dags/example_trigger_target_dag.py took 0.632 seconds
[2025-12-27T14:39:52.172+0000] {processor.py:161} INFO - Started process (PID=2499) to work on /home/airflow/.local/lib/python3.12/site-packages/airflow/example_dags/example_trigger_target_dag.py
[2025-12-27T14:39:52.176+0000] {processor.py:830} INFO - Processing file /home/airflow/.local/lib/python3.12/site-packages/airflow/example_dags/example_trigger_target_dag.py for tasks to queue
[2025-12-27T14:39:52.180+0000] {logging_mixin.py:188} INFO - [2025-12-27T14:39:52.179+0000] {dagbag.py:540} INFO - Filling up the DagBag from /home/airflow/.local/lib/python3.12/site-packages/airflow/example_dags/example_trigger_target_dag.py
[2025-12-27T14:39:52.211+0000] {processor.py:840} INFO - DAG(s) 'example_trigger_target_dag' retrieved from /home/airflow/.local/lib/python3.12/site-packages/airflow/example_dags/example_trigger_target_dag.py
[2025-12-27T14:39:52.319+0000] {logging_mixin.py:188} INFO - [2025-12-27T14:39:52.318+0000] {dag.py:3096} INFO - Sync 1 DAGs
[2025-12-27T14:39:52.374+0000] {logging_mixin.py:188} INFO - [2025-12-27T14:39:52.373+0000] {dag.py:3954} INFO - Setting next_dagrun for example_trigger_target_dag to None, run_after=None
[2025-12-27T14:39:52.484+0000] {processor.py:183} INFO - Processing /home/airflow/.local/lib/python3.12/site-packages/airflow/example_dags/example_trigger_target_dag.py took 0.345 seconds
[2025-12-27T14:40:22.886+0000] {processor.py:161} INFO - Started process (PID=2557) to work on /home/airflow/.local/lib/python3.12/site-packages/airflow/example_dags/example_trigger_target_dag.py
[2025-12-27T14:40:22.890+0000] {processor.py:830} INFO - Processing file /home/airflow/.local/lib/python3.12/site-packages/airflow/example_dags/example_trigger_target_dag.py for tasks to queue
[2025-12-27T14:40:22.892+0000] {logging_mixin.py:188} INFO - [2025-12-27T14:40:22.892+0000] {dagbag.py:540} INFO - Filling up the DagBag from /home/airflow/.local/lib/python3.12/site-packages/airflow/example_dags/example_trigger_target_dag.py
[2025-12-27T14:40:22.935+0000] {processor.py:840} INFO - DAG(s) 'example_trigger_target_dag' retrieved from /home/airflow/.local/lib/python3.12/site-packages/airflow/example_dags/example_trigger_target_dag.py
[2025-12-27T14:40:23.010+0000] {logging_mixin.py:188} INFO - [2025-12-27T14:40:23.010+0000] {dag.py:3096} INFO - Sync 1 DAGs
[2025-12-27T14:40:23.045+0000] {logging_mixin.py:188} INFO - [2025-12-27T14:40:23.045+0000] {dag.py:3954} INFO - Setting next_dagrun for example_trigger_target_dag to None, run_after=None
[2025-12-27T14:40:23.096+0000] {processor.py:183} INFO - Processing /home/airflow/.local/lib/python3.12/site-packages/airflow/example_dags/example_trigger_target_dag.py took 0.226 seconds
[2025-12-27T14:40:53.265+0000] {processor.py:161} INFO - Started process (PID=2615) to work on /home/airflow/.local/lib/python3.12/site-packages/airflow/example_dags/example_trigger_target_dag.py
[2025-12-27T14:40:53.268+0000] {processor.py:830} INFO - Processing file /home/airflow/.local/lib/python3.12/site-packages/airflow/example_dags/example_trigger_target_dag.py for tasks to queue
[2025-12-27T14:40:53.271+0000] {logging_mixin.py:188} INFO - [2025-12-27T14:40:53.270+0000] {dagbag.py:540} INFO - Filling up the DagBag from /home/airflow/.local/lib/python3.12/site-packages/airflow/example_dags/example_trigger_target_dag.py
[2025-12-27T14:40:53.291+0000] {processor.py:840} INFO - DAG(s) 'example_trigger_target_dag' retrieved from /home/airflow/.local/lib/python3.12/site-packages/airflow/example_dags/example_trigger_target_dag.py
[2025-12-27T14:40:53.347+0000] {logging_mixin.py:188} INFO - [2025-12-27T14:40:53.347+0000] {dag.py:3096} INFO - Sync 1 DAGs
[2025-12-27T14:40:53.379+0000] {logging_mixin.py:188} INFO - [2025-12-27T14:40:53.378+0000] {dag.py:3954} INFO - Setting next_dagrun for example_trigger_target_dag to None, run_after=None
[2025-12-27T14:40:53.436+0000] {processor.py:183} INFO - Processing /home/airflow/.local/lib/python3.12/site-packages/airflow/example_dags/example_trigger_target_dag.py took 0.188 seconds
[2025-12-27T14:41:23.586+0000] {processor.py:161} INFO - Started process (PID=2673) to work on /home/airflow/.local/lib/python3.12/site-packages/airflow/example_dags/example_trigger_target_dag.py
[2025-12-27T14:41:23.589+0000] {processor.py:830} INFO - Processing file /home/airflow/.local/lib/python3.12/site-packages/airflow/example_dags/example_trigger_target_dag.py for tasks to queue
[2025-12-27T14:41:23.592+0000] {logging_mixin.py:188} INFO - [2025-12-27T14:41:23.591+0000] {dagbag.py:540} INFO - Filling up the DagBag from /home/airflow/.local/lib/python3.12/site-packages/airflow/example_dags/example_trigger_target_dag.py
[2025-12-27T14:41:23.610+0000] {processor.py:840} INFO - DAG(s) 'example_trigger_target_dag' retrieved from /home/airflow/.local/lib/python3.12/site-packages/airflow/example_dags/example_trigger_target_dag.py
[2025-12-27T14:41:23.690+0000] {logging_mixin.py:188} INFO - [2025-12-27T14:41:23.689+0000] {dag.py:3096} INFO - Sync 1 DAGs
[2025-12-27T14:41:23.735+0000] {logging_mixin.py:188} INFO - [2025-12-27T14:41:23.734+0000] {dag.py:3954} INFO - Setting next_dagrun for example_trigger_target_dag to None, run_after=None
[2025-12-27T14:41:23.787+0000] {processor.py:183} INFO - Processing /home/airflow/.local/lib/python3.12/site-packages/airflow/example_dags/example_trigger_target_dag.py took 0.220 seconds
[2025-12-27T14:41:54.347+0000] {processor.py:161} INFO - Started process (PID=2731) to work on /home/airflow/.local/lib/python3.12/site-packages/airflow/example_dags/example_trigger_target_dag.py
[2025-12-27T14:41:54.350+0000] {processor.py:830} INFO - Processing file /home/airflow/.local/lib/python3.12/site-packages/airflow/example_dags/example_trigger_target_dag.py for tasks to queue
[2025-12-27T14:41:54.353+0000] {logging_mixin.py:188} INFO - [2025-12-27T14:41:54.352+0000] {dagbag.py:540} INFO - Filling up the DagBag from /home/airflow/.local/lib/python3.12/site-packages/airflow/example_dags/example_trigger_target_dag.py
[2025-12-27T14:41:54.370+0000] {processor.py:840} INFO - DAG(s) 'example_trigger_target_dag' retrieved from /home/airflow/.local/lib/python3.12/site-packages/airflow/example_dags/example_trigger_target_dag.py
[2025-12-27T14:41:54.436+0000] {logging_mixin.py:188} INFO - [2025-12-27T14:41:54.435+0000] {dag.py:3096} INFO - Sync 1 DAGs
[2025-12-27T14:41:54.476+0000] {logging_mixin.py:188} INFO - [2025-12-27T14:41:54.476+0000] {dag.py:3954} INFO - Setting next_dagrun for example_trigger_target_dag to None, run_after=None
[2025-12-27T14:41:54.527+0000] {processor.py:183} INFO - Processing /home/airflow/.local/lib/python3.12/site-packages/airflow/example_dags/example_trigger_target_dag.py took 0.197 seconds
[2025-12-27T14:42:25.034+0000] {processor.py:161} INFO - Started process (PID=2787) to work on /home/airflow/.local/lib/python3.12/site-packages/airflow/example_dags/example_trigger_target_dag.py
[2025-12-27T14:42:25.037+0000] {processor.py:830} INFO - Processing file /home/airflow/.local/lib/python3.12/site-packages/airflow/example_dags/example_trigger_target_dag.py for tasks to queue
[2025-12-27T14:42:25.040+0000] {logging_mixin.py:188} INFO - [2025-12-27T14:42:25.039+0000] {dagbag.py:540} INFO - Filling up the DagBag from /home/airflow/.local/lib/python3.12/site-packages/airflow/example_dags/example_trigger_target_dag.py
[2025-12-27T14:42:25.056+0000] {processor.py:840} INFO - DAG(s) 'example_trigger_target_dag' retrieved from /home/airflow/.local/lib/python3.12/site-packages/airflow/example_dags/example_trigger_target_dag.py
[2025-12-27T14:42:25.109+0000] {logging_mixin.py:188} INFO - [2025-12-27T14:42:25.109+0000] {dag.py:3096} INFO - Sync 1 DAGs
[2025-12-27T14:42:25.146+0000] {logging_mixin.py:188} INFO - [2025-12-27T14:42:25.145+0000] {dag.py:3954} INFO - Setting next_dagrun for example_trigger_target_dag to None, run_after=None
[2025-12-27T14:42:25.204+0000] {processor.py:183} INFO - Processing /home/airflow/.local/lib/python3.12/site-packages/airflow/example_dags/example_trigger_target_dag.py took 0.188 seconds
[2025-12-27T14:42:55.555+0000] {processor.py:161} INFO - Started process (PID=2845) to work on /home/airflow/.local/lib/python3.12/site-packages/airflow/example_dags/example_trigger_target_dag.py
[2025-12-27T14:42:55.558+0000] {processor.py:830} INFO - Processing file /home/airflow/.local/lib/python3.12/site-packages/airflow/example_dags/example_trigger_target_dag.py for tasks to queue
[2025-12-27T14:42:55.560+0000] {logging_mixin.py:188} INFO - [2025-12-27T14:42:55.560+0000] {dagbag.py:540} INFO - Filling up the DagBag from /home/airflow/.local/lib/python3.12/site-packages/airflow/example_dags/example_trigger_target_dag.py
[2025-12-27T14:42:55.578+0000] {processor.py:840} INFO - DAG(s) 'example_trigger_target_dag' retrieved from /home/airflow/.local/lib/python3.12/site-packages/airflow/example_dags/example_trigger_target_dag.py
[2025-12-27T14:42:55.630+0000] {logging_mixin.py:188} INFO - [2025-12-27T14:42:55.629+0000] {dag.py:3096} INFO - Sync 1 DAGs
[2025-12-27T14:42:55.664+0000] {logging_mixin.py:188} INFO - [2025-12-27T14:42:55.663+0000] {dag.py:3954} INFO - Setting next_dagrun for example_trigger_target_dag to None, run_after=None
[2025-12-27T14:42:55.719+0000] {processor.py:183} INFO - Processing /home/airflow/.local/lib/python3.12/site-packages/airflow/example_dags/example_trigger_target_dag.py took 0.180 seconds
[2025-12-27T14:43:26.005+0000] {processor.py:161} INFO - Started process (PID=2903) to work on /home/airflow/.local/lib/python3.12/site-packages/airflow/example_dags/example_trigger_target_dag.py
[2025-12-27T14:43:26.008+0000] {processor.py:830} INFO - Processing file /home/airflow/.local/lib/python3.12/site-packages/airflow/example_dags/example_trigger_target_dag.py for tasks to queue
[2025-12-27T14:43:26.010+0000] {logging_mixin.py:188} INFO - [2025-12-27T14:43:26.009+0000] {dagbag.py:540} INFO - Filling up the DagBag from /home/airflow/.local/lib/python3.12/site-packages/airflow/example_dags/example_trigger_target_dag.py
[2025-12-27T14:43:26.026+0000] {processor.py:840} INFO - DAG(s) 'example_trigger_target_dag' retrieved from /home/airflow/.local/lib/python3.12/site-packages/airflow/example_dags/example_trigger_target_dag.py
[2025-12-27T14:43:26.080+0000] {logging_mixin.py:188} INFO - [2025-12-27T14:43:26.080+0000] {dag.py:3096} INFO - Sync 1 DAGs
[2025-12-27T14:43:26.113+0000] {logging_mixin.py:188} INFO - [2025-12-27T14:43:26.113+0000] {dag.py:3954} INFO - Setting next_dagrun for example_trigger_target_dag to None, run_after=None
[2025-12-27T14:43:26.164+0000] {processor.py:183} INFO - Processing /home/airflow/.local/lib/python3.12/site-packages/airflow/example_dags/example_trigger_target_dag.py took 0.174 seconds
[2025-12-27T14:43:57.055+0000] {processor.py:161} INFO - Started process (PID=2961) to work on /home/airflow/.local/lib/python3.12/site-packages/airflow/example_dags/example_trigger_target_dag.py
[2025-12-27T14:43:57.057+0000] {processor.py:830} INFO - Processing file /home/airflow/.local/lib/python3.12/site-packages/airflow/example_dags/example_trigger_target_dag.py for tasks to queue
[2025-12-27T14:43:57.059+0000] {logging_mixin.py:188} INFO - [2025-12-27T14:43:57.059+0000] {dagbag.py:540} INFO - Filling up the DagBag from /home/airflow/.local/lib/python3.12/site-packages/airflow/example_dags/example_trigger_target_dag.py
[2025-12-27T14:43:57.075+0000] {processor.py:840} INFO - DAG(s) 'example_trigger_target_dag' retrieved from /home/airflow/.local/lib/python3.12/site-packages/airflow/example_dags/example_trigger_target_dag.py
[2025-12-27T14:43:57.125+0000] {logging_mixin.py:188} INFO - [2025-12-27T14:43:57.124+0000] {dag.py:3096} INFO - Sync 1 DAGs
[2025-12-27T14:43:57.156+0000] {logging_mixin.py:188} INFO - [2025-12-27T14:43:57.155+0000] {dag.py:3954} INFO - Setting next_dagrun for example_trigger_target_dag to None, run_after=None
[2025-12-27T14:43:57.212+0000] {processor.py:183} INFO - Processing /home/airflow/.local/lib/python3.12/site-packages/airflow/example_dags/example_trigger_target_dag.py took 0.172 seconds
[2025-12-27T14:44:28.578+0000] {processor.py:161} INFO - Started process (PID=3020) to work on /home/airflow/.local/lib/python3.12/site-packages/airflow/example_dags/example_trigger_target_dag.py
[2025-12-27T14:44:28.581+0000] {processor.py:830} INFO - Processing file /home/airflow/.local/lib/python3.12/site-packages/airflow/example_dags/example_trigger_target_dag.py for tasks to queue
[2025-12-27T14:44:28.584+0000] {logging_mixin.py:188} INFO - [2025-12-27T14:44:28.583+0000] {dagbag.py:540} INFO - Filling up the DagBag from /home/airflow/.local/lib/python3.12/site-packages/airflow/example_dags/example_trigger_target_dag.py
[2025-12-27T14:44:28.610+0000] {processor.py:840} INFO - DAG(s) 'example_trigger_target_dag' retrieved from /home/airflow/.local/lib/python3.12/site-packages/airflow/example_dags/example_trigger_target_dag.py
[2025-12-27T14:44:28.695+0000] {logging_mixin.py:188} INFO - [2025-12-27T14:44:28.694+0000] {dag.py:3096} INFO - Sync 1 DAGs
[2025-12-27T14:44:28.752+0000] {logging_mixin.py:188} INFO - [2025-12-27T14:44:28.751+0000] {dag.py:3954} INFO - Setting next_dagrun for example_trigger_target_dag to None, run_after=None
[2025-12-27T14:44:28.824+0000] {processor.py:183} INFO - Processing /home/airflow/.local/lib/python3.12/site-packages/airflow/example_dags/example_trigger_target_dag.py took 0.274 seconds
[2025-12-27T14:45:00.053+0000] {processor.py:161} INFO - Started process (PID=3079) to work on /home/airflow/.local/lib/python3.12/site-packages/airflow/example_dags/example_trigger_target_dag.py
[2025-12-27T14:45:00.058+0000] {processor.py:830} INFO - Processing file /home/airflow/.local/lib/python3.12/site-packages/airflow/example_dags/example_trigger_target_dag.py for tasks to queue
[2025-12-27T14:45:00.062+0000] {logging_mixin.py:188} INFO - [2025-12-27T14:45:00.061+0000] {dagbag.py:540} INFO - Filling up the DagBag from /home/airflow/.local/lib/python3.12/site-packages/airflow/example_dags/example_trigger_target_dag.py
[2025-12-27T14:45:00.116+0000] {processor.py:840} INFO - DAG(s) 'example_trigger_target_dag' retrieved from /home/airflow/.local/lib/python3.12/site-packages/airflow/example_dags/example_trigger_target_dag.py
[2025-12-27T14:45:00.313+0000] {logging_mixin.py:188} INFO - [2025-12-27T14:45:00.312+0000] {dag.py:3096} INFO - Sync 1 DAGs
[2025-12-27T14:45:00.525+0000] {logging_mixin.py:188} INFO - [2025-12-27T14:45:00.524+0000] {dag.py:3954} INFO - Setting next_dagrun for example_trigger_target_dag to None, run_after=None
[2025-12-27T14:45:00.691+0000] {processor.py:183} INFO - Processing /home/airflow/.local/lib/python3.12/site-packages/airflow/example_dags/example_trigger_target_dag.py took 0.678 seconds
[2025-12-27T14:45:31.275+0000] {processor.py:161} INFO - Started process (PID=3138) to work on /home/airflow/.local/lib/python3.12/site-packages/airflow/example_dags/example_trigger_target_dag.py
[2025-12-27T14:45:31.279+0000] {processor.py:830} INFO - Processing file /home/airflow/.local/lib/python3.12/site-packages/airflow/example_dags/example_trigger_target_dag.py for tasks to queue
[2025-12-27T14:45:31.283+0000] {logging_mixin.py:188} INFO - [2025-12-27T14:45:31.281+0000] {dagbag.py:540} INFO - Filling up the DagBag from /home/airflow/.local/lib/python3.12/site-packages/airflow/example_dags/example_trigger_target_dag.py
[2025-12-27T14:45:31.306+0000] {processor.py:840} INFO - DAG(s) 'example_trigger_target_dag' retrieved from /home/airflow/.local/lib/python3.12/site-packages/airflow/example_dags/example_trigger_target_dag.py
[2025-12-27T14:45:31.386+0000] {logging_mixin.py:188} INFO - [2025-12-27T14:45:31.385+0000] {dag.py:3096} INFO - Sync 1 DAGs
[2025-12-27T14:45:31.457+0000] {logging_mixin.py:188} INFO - [2025-12-27T14:45:31.456+0000] {dag.py:3954} INFO - Setting next_dagrun for example_trigger_target_dag to None, run_after=None
[2025-12-27T14:45:31.526+0000] {processor.py:183} INFO - Processing /home/airflow/.local/lib/python3.12/site-packages/airflow/example_dags/example_trigger_target_dag.py took 0.273 seconds
[2025-12-27T14:46:01.777+0000] {processor.py:161} INFO - Started process (PID=3195) to work on /home/airflow/.local/lib/python3.12/site-packages/airflow/example_dags/example_trigger_target_dag.py
[2025-12-27T14:46:01.779+0000] {processor.py:830} INFO - Processing file /home/airflow/.local/lib/python3.12/site-packages/airflow/example_dags/example_trigger_target_dag.py for tasks to queue
[2025-12-27T14:46:01.782+0000] {logging_mixin.py:188} INFO - [2025-12-27T14:46:01.781+0000] {dagbag.py:540} INFO - Filling up the DagBag from /home/airflow/.local/lib/python3.12/site-packages/airflow/example_dags/example_trigger_target_dag.py
[2025-12-27T14:46:01.799+0000] {processor.py:840} INFO - DAG(s) 'example_trigger_target_dag' retrieved from /home/airflow/.local/lib/python3.12/site-packages/airflow/example_dags/example_trigger_target_dag.py
[2025-12-27T14:46:01.850+0000] {logging_mixin.py:188} INFO - [2025-12-27T14:46:01.850+0000] {dag.py:3096} INFO - Sync 1 DAGs
[2025-12-27T14:46:01.881+0000] {logging_mixin.py:188} INFO - [2025-12-27T14:46:01.881+0000] {dag.py:3954} INFO - Setting next_dagrun for example_trigger_target_dag to None, run_after=None
[2025-12-27T14:46:01.934+0000] {processor.py:183} INFO - Processing /home/airflow/.local/lib/python3.12/site-packages/airflow/example_dags/example_trigger_target_dag.py took 0.173 seconds
[2025-12-27T14:46:32.133+0000] {processor.py:161} INFO - Started process (PID=3253) to work on /home/airflow/.local/lib/python3.12/site-packages/airflow/example_dags/example_trigger_target_dag.py
[2025-12-27T14:46:32.136+0000] {processor.py:830} INFO - Processing file /home/airflow/.local/lib/python3.12/site-packages/airflow/example_dags/example_trigger_target_dag.py for tasks to queue
[2025-12-27T14:46:32.139+0000] {logging_mixin.py:188} INFO - [2025-12-27T14:46:32.138+0000] {dagbag.py:540} INFO - Filling up the DagBag from /home/airflow/.local/lib/python3.12/site-packages/airflow/example_dags/example_trigger_target_dag.py
[2025-12-27T14:46:32.155+0000] {processor.py:840} INFO - DAG(s) 'example_trigger_target_dag' retrieved from /home/airflow/.local/lib/python3.12/site-packages/airflow/example_dags/example_trigger_target_dag.py
[2025-12-27T14:46:32.209+0000] {logging_mixin.py:188} INFO - [2025-12-27T14:46:32.208+0000] {dag.py:3096} INFO - Sync 1 DAGs
[2025-12-27T14:46:32.242+0000] {logging_mixin.py:188} INFO - [2025-12-27T14:46:32.242+0000] {dag.py:3954} INFO - Setting next_dagrun for example_trigger_target_dag to None, run_after=None
[2025-12-27T14:46:32.298+0000] {processor.py:183} INFO - Processing /home/airflow/.local/lib/python3.12/site-packages/airflow/example_dags/example_trigger_target_dag.py took 0.180 seconds
[2025-12-27T14:47:02.881+0000] {processor.py:161} INFO - Started process (PID=3312) to work on /home/airflow/.local/lib/python3.12/site-packages/airflow/example_dags/example_trigger_target_dag.py
[2025-12-27T14:47:02.883+0000] {processor.py:830} INFO - Processing file /home/airflow/.local/lib/python3.12/site-packages/airflow/example_dags/example_trigger_target_dag.py for tasks to queue
[2025-12-27T14:47:02.886+0000] {logging_mixin.py:188} INFO - [2025-12-27T14:47:02.885+0000] {dagbag.py:540} INFO - Filling up the DagBag from /home/airflow/.local/lib/python3.12/site-packages/airflow/example_dags/example_trigger_target_dag.py
[2025-12-27T14:47:02.902+0000] {processor.py:840} INFO - DAG(s) 'example_trigger_target_dag' retrieved from /home/airflow/.local/lib/python3.12/site-packages/airflow/example_dags/example_trigger_target_dag.py
[2025-12-27T14:47:02.961+0000] {logging_mixin.py:188} INFO - [2025-12-27T14:47:02.960+0000] {dag.py:3096} INFO - Sync 1 DAGs
[2025-12-27T14:47:02.994+0000] {logging_mixin.py:188} INFO - [2025-12-27T14:47:02.994+0000] {dag.py:3954} INFO - Setting next_dagrun for example_trigger_target_dag to None, run_after=None
[2025-12-27T14:47:03.044+0000] {processor.py:183} INFO - Processing /home/airflow/.local/lib/python3.12/site-packages/airflow/example_dags/example_trigger_target_dag.py took 0.182 seconds
[2025-12-27T14:47:33.157+0000] {processor.py:161} INFO - Started process (PID=3370) to work on /home/airflow/.local/lib/python3.12/site-packages/airflow/example_dags/example_trigger_target_dag.py
[2025-12-27T14:47:33.159+0000] {processor.py:830} INFO - Processing file /home/airflow/.local/lib/python3.12/site-packages/airflow/example_dags/example_trigger_target_dag.py for tasks to queue
[2025-12-27T14:47:33.162+0000] {logging_mixin.py:188} INFO - [2025-12-27T14:47:33.161+0000] {dagbag.py:540} INFO - Filling up the DagBag from /home/airflow/.local/lib/python3.12/site-packages/airflow/example_dags/example_trigger_target_dag.py
[2025-12-27T14:47:33.179+0000] {processor.py:840} INFO - DAG(s) 'example_trigger_target_dag' retrieved from /home/airflow/.local/lib/python3.12/site-packages/airflow/example_dags/example_trigger_target_dag.py
[2025-12-27T14:47:33.231+0000] {logging_mixin.py:188} INFO - [2025-12-27T14:47:33.231+0000] {dag.py:3096} INFO - Sync 1 DAGs
[2025-12-27T14:47:33.271+0000] {logging_mixin.py:188} INFO - [2025-12-27T14:47:33.270+0000] {dag.py:3954} INFO - Setting next_dagrun for example_trigger_target_dag to None, run_after=None
[2025-12-27T14:47:33.322+0000] {processor.py:183} INFO - Processing /home/airflow/.local/lib/python3.12/site-packages/airflow/example_dags/example_trigger_target_dag.py took 0.180 seconds
[2025-12-27T14:48:03.423+0000] {processor.py:161} INFO - Started process (PID=3428) to work on /home/airflow/.local/lib/python3.12/site-packages/airflow/example_dags/example_trigger_target_dag.py
[2025-12-27T14:48:03.427+0000] {processor.py:830} INFO - Processing file /home/airflow/.local/lib/python3.12/site-packages/airflow/example_dags/example_trigger_target_dag.py for tasks to queue
[2025-12-27T14:48:03.429+0000] {logging_mixin.py:188} INFO - [2025-12-27T14:48:03.428+0000] {dagbag.py:540} INFO - Filling up the DagBag from /home/airflow/.local/lib/python3.12/site-packages/airflow/example_dags/example_trigger_target_dag.py
[2025-12-27T14:48:03.446+0000] {processor.py:840} INFO - DAG(s) 'example_trigger_target_dag' retrieved from /home/airflow/.local/lib/python3.12/site-packages/airflow/example_dags/example_trigger_target_dag.py
[2025-12-27T14:48:03.507+0000] {logging_mixin.py:188} INFO - [2025-12-27T14:48:03.507+0000] {dag.py:3096} INFO - Sync 1 DAGs
[2025-12-27T14:48:03.544+0000] {logging_mixin.py:188} INFO - [2025-12-27T14:48:03.543+0000] {dag.py:3954} INFO - Setting next_dagrun for example_trigger_target_dag to None, run_after=None
[2025-12-27T14:48:03.598+0000] {processor.py:183} INFO - Processing /home/airflow/.local/lib/python3.12/site-packages/airflow/example_dags/example_trigger_target_dag.py took 0.197 seconds
[2025-12-27T14:48:36.408+0000] {processor.py:161} INFO - Started process (PID=3487) to work on /home/airflow/.local/lib/python3.12/site-packages/airflow/example_dags/example_trigger_target_dag.py
[2025-12-27T14:48:36.411+0000] {processor.py:830} INFO - Processing file /home/airflow/.local/lib/python3.12/site-packages/airflow/example_dags/example_trigger_target_dag.py for tasks to queue
[2025-12-27T14:48:36.422+0000] {logging_mixin.py:188} INFO - [2025-12-27T14:48:36.420+0000] {dagbag.py:540} INFO - Filling up the DagBag from /home/airflow/.local/lib/python3.12/site-packages/airflow/example_dags/example_trigger_target_dag.py
[2025-12-27T14:48:36.455+0000] {processor.py:840} INFO - DAG(s) 'example_trigger_target_dag' retrieved from /home/airflow/.local/lib/python3.12/site-packages/airflow/example_dags/example_trigger_target_dag.py
[2025-12-27T14:48:36.593+0000] {logging_mixin.py:188} INFO - [2025-12-27T14:48:36.592+0000] {dag.py:3096} INFO - Sync 1 DAGs
[2025-12-27T14:48:36.717+0000] {logging_mixin.py:188} INFO - [2025-12-27T14:48:36.716+0000] {dag.py:3954} INFO - Setting next_dagrun for example_trigger_target_dag to None, run_after=None
[2025-12-27T14:48:36.888+0000] {processor.py:183} INFO - Processing /home/airflow/.local/lib/python3.12/site-packages/airflow/example_dags/example_trigger_target_dag.py took 0.514 seconds
[2025-12-27T14:49:09.636+0000] {processor.py:161} INFO - Started process (PID=3545) to work on /home/airflow/.local/lib/python3.12/site-packages/airflow/example_dags/example_trigger_target_dag.py
[2025-12-27T14:49:09.666+0000] {processor.py:830} INFO - Processing file /home/airflow/.local/lib/python3.12/site-packages/airflow/example_dags/example_trigger_target_dag.py for tasks to queue
[2025-12-27T14:49:09.672+0000] {logging_mixin.py:188} INFO - [2025-12-27T14:49:09.671+0000] {dagbag.py:540} INFO - Filling up the DagBag from /home/airflow/.local/lib/python3.12/site-packages/airflow/example_dags/example_trigger_target_dag.py
[2025-12-27T14:49:09.722+0000] {processor.py:840} INFO - DAG(s) 'example_trigger_target_dag' retrieved from /home/airflow/.local/lib/python3.12/site-packages/airflow/example_dags/example_trigger_target_dag.py
[2025-12-27T14:49:09.781+0000] {logging_mixin.py:188} INFO - [2025-12-27T14:49:09.780+0000] {dag.py:3096} INFO - Sync 1 DAGs
[2025-12-27T14:49:09.813+0000] {logging_mixin.py:188} INFO - [2025-12-27T14:49:09.812+0000] {dag.py:3954} INFO - Setting next_dagrun for example_trigger_target_dag to None, run_after=None
[2025-12-27T14:49:10.003+0000] {processor.py:183} INFO - Processing /home/airflow/.local/lib/python3.12/site-packages/airflow/example_dags/example_trigger_target_dag.py took 0.393 seconds
[2025-12-27T14:49:40.353+0000] {processor.py:161} INFO - Started process (PID=3603) to work on /home/airflow/.local/lib/python3.12/site-packages/airflow/example_dags/example_trigger_target_dag.py
[2025-12-27T14:49:40.356+0000] {processor.py:830} INFO - Processing file /home/airflow/.local/lib/python3.12/site-packages/airflow/example_dags/example_trigger_target_dag.py for tasks to queue
[2025-12-27T14:49:40.359+0000] {logging_mixin.py:188} INFO - [2025-12-27T14:49:40.358+0000] {dagbag.py:540} INFO - Filling up the DagBag from /home/airflow/.local/lib/python3.12/site-packages/airflow/example_dags/example_trigger_target_dag.py
[2025-12-27T14:49:40.380+0000] {processor.py:840} INFO - DAG(s) 'example_trigger_target_dag' retrieved from /home/airflow/.local/lib/python3.12/site-packages/airflow/example_dags/example_trigger_target_dag.py
[2025-12-27T14:49:40.451+0000] {logging_mixin.py:188} INFO - [2025-12-27T14:49:40.450+0000] {dag.py:3096} INFO - Sync 1 DAGs
[2025-12-27T14:49:40.500+0000] {logging_mixin.py:188} INFO - [2025-12-27T14:49:40.499+0000] {dag.py:3954} INFO - Setting next_dagrun for example_trigger_target_dag to None, run_after=None
[2025-12-27T14:49:40.563+0000] {processor.py:183} INFO - Processing /home/airflow/.local/lib/python3.12/site-packages/airflow/example_dags/example_trigger_target_dag.py took 0.229 seconds
[2025-12-27T14:50:19.965+0000] {processor.py:161} INFO - Started process (PID=3666) to work on /home/airflow/.local/lib/python3.12/site-packages/airflow/example_dags/example_trigger_target_dag.py
[2025-12-27T14:50:19.969+0000] {processor.py:830} INFO - Processing file /home/airflow/.local/lib/python3.12/site-packages/airflow/example_dags/example_trigger_target_dag.py for tasks to queue
[2025-12-27T14:50:19.973+0000] {logging_mixin.py:188} INFO - [2025-12-27T14:50:19.971+0000] {dagbag.py:540} INFO - Filling up the DagBag from /home/airflow/.local/lib/python3.12/site-packages/airflow/example_dags/example_trigger_target_dag.py
[2025-12-27T14:50:19.998+0000] {processor.py:840} INFO - DAG(s) 'example_trigger_target_dag' retrieved from /home/airflow/.local/lib/python3.12/site-packages/airflow/example_dags/example_trigger_target_dag.py
[2025-12-27T14:50:20.072+0000] {logging_mixin.py:188} INFO - [2025-12-27T14:50:20.071+0000] {dag.py:3096} INFO - Sync 1 DAGs
[2025-12-27T14:50:20.116+0000] {logging_mixin.py:188} INFO - [2025-12-27T14:50:20.115+0000] {dag.py:3954} INFO - Setting next_dagrun for example_trigger_target_dag to None, run_after=None
[2025-12-27T14:50:20.187+0000] {processor.py:183} INFO - Processing /home/airflow/.local/lib/python3.12/site-packages/airflow/example_dags/example_trigger_target_dag.py took 0.246 seconds
[2025-12-27T14:50:54.720+0000] {processor.py:161} INFO - Started process (PID=3729) to work on /home/airflow/.local/lib/python3.12/site-packages/airflow/example_dags/example_trigger_target_dag.py
[2025-12-27T14:50:54.724+0000] {processor.py:830} INFO - Processing file /home/airflow/.local/lib/python3.12/site-packages/airflow/example_dags/example_trigger_target_dag.py for tasks to queue
[2025-12-27T14:50:54.728+0000] {logging_mixin.py:188} INFO - [2025-12-27T14:50:54.727+0000] {dagbag.py:540} INFO - Filling up the DagBag from /home/airflow/.local/lib/python3.12/site-packages/airflow/example_dags/example_trigger_target_dag.py
[2025-12-27T14:50:54.749+0000] {processor.py:840} INFO - DAG(s) 'example_trigger_target_dag' retrieved from /home/airflow/.local/lib/python3.12/site-packages/airflow/example_dags/example_trigger_target_dag.py
[2025-12-27T14:50:54.816+0000] {logging_mixin.py:188} INFO - [2025-12-27T14:50:54.815+0000] {dag.py:3096} INFO - Sync 1 DAGs
[2025-12-27T14:50:54.857+0000] {logging_mixin.py:188} INFO - [2025-12-27T14:50:54.857+0000] {dag.py:3954} INFO - Setting next_dagrun for example_trigger_target_dag to None, run_after=None
[2025-12-27T14:50:54.915+0000] {processor.py:183} INFO - Processing /home/airflow/.local/lib/python3.12/site-packages/airflow/example_dags/example_trigger_target_dag.py took 0.215 seconds
[2025-12-27T14:51:43.890+0000] {processor.py:161} INFO - Started process (PID=3788) to work on /home/airflow/.local/lib/python3.12/site-packages/airflow/example_dags/example_trigger_target_dag.py
[2025-12-27T14:51:43.901+0000] {processor.py:830} INFO - Processing file /home/airflow/.local/lib/python3.12/site-packages/airflow/example_dags/example_trigger_target_dag.py for tasks to queue
[2025-12-27T14:51:43.945+0000] {logging_mixin.py:188} INFO - [2025-12-27T14:51:43.929+0000] {dagbag.py:540} INFO - Filling up the DagBag from /home/airflow/.local/lib/python3.12/site-packages/airflow/example_dags/example_trigger_target_dag.py
[2025-12-27T14:51:44.218+0000] {processor.py:840} INFO - DAG(s) 'example_trigger_target_dag' retrieved from /home/airflow/.local/lib/python3.12/site-packages/airflow/example_dags/example_trigger_target_dag.py
[2025-12-27T14:51:44.660+0000] {logging_mixin.py:188} INFO - [2025-12-27T14:51:44.659+0000] {dag.py:3096} INFO - Sync 1 DAGs
[2025-12-27T14:51:44.916+0000] {logging_mixin.py:188} INFO - [2025-12-27T14:51:44.915+0000] {dag.py:3954} INFO - Setting next_dagrun for example_trigger_target_dag to None, run_after=None
[2025-12-27T14:51:45.233+0000] {processor.py:183} INFO - Processing /home/airflow/.local/lib/python3.12/site-packages/airflow/example_dags/example_trigger_target_dag.py took 1.371 seconds
[2025-12-27T14:56:49.469+0000] {processor.py:161} INFO - Started process (PID=3909) to work on /home/airflow/.local/lib/python3.12/site-packages/airflow/example_dags/example_trigger_target_dag.py
[2025-12-27T14:56:49.513+0000] {processor.py:830} INFO - Processing file /home/airflow/.local/lib/python3.12/site-packages/airflow/example_dags/example_trigger_target_dag.py for tasks to queue
[2025-12-27T14:56:49.577+0000] {logging_mixin.py:188} INFO - [2025-12-27T14:56:49.560+0000] {dagbag.py:540} INFO - Filling up the DagBag from /home/airflow/.local/lib/python3.12/site-packages/airflow/example_dags/example_trigger_target_dag.py
[2025-12-27T14:56:50.876+0000] {processor.py:840} INFO - DAG(s) 'example_trigger_target_dag' retrieved from /home/airflow/.local/lib/python3.12/site-packages/airflow/example_dags/example_trigger_target_dag.py
[2025-12-27T14:56:56.478+0000] {logging_mixin.py:188} INFO - [2025-12-27T14:56:56.076+0000] {dag.py:3096} INFO - Sync 1 DAGs
[2025-12-27T14:56:56.985+0000] {logging_mixin.py:188} INFO - [2025-12-27T14:56:56.983+0000] {dag.py:3954} INFO - Setting next_dagrun for example_trigger_target_dag to None, run_after=None
[2025-12-27T14:56:57.932+0000] {processor.py:183} INFO - Processing /home/airflow/.local/lib/python3.12/site-packages/airflow/example_dags/example_trigger_target_dag.py took 8.835 seconds
