[2025-12-27T14:14:19.330+0000] {processor.py:161} INFO - Started process (PID=83) to work on /home/airflow/.local/lib/python3.12/site-packages/airflow/example_dags/example_sensor_decorator.py
[2025-12-27T14:14:19.342+0000] {processor.py:830} INFO - Processing file /home/airflow/.local/lib/python3.12/site-packages/airflow/example_dags/example_sensor_decorator.py for tasks to queue
[2025-12-27T14:14:19.364+0000] {logging_mixin.py:188} INFO - [2025-12-27T14:14:19.357+0000] {dagbag.py:540} INFO - Filling up the DagBag from /home/airflow/.local/lib/python3.12/site-packages/airflow/example_dags/example_sensor_decorator.py
[2025-12-27T14:14:19.488+0000] {processor.py:840} INFO - DAG(s) 'example_sensor_decorator' retrieved from /home/airflow/.local/lib/python3.12/site-packages/airflow/example_dags/example_sensor_decorator.py
[2025-12-27T14:14:22.438+0000] {logging_mixin.py:188} INFO - [2025-12-27T14:14:22.437+0000] {dag.py:3096} INFO - Sync 1 DAGs
[2025-12-27T14:14:23.130+0000] {logging_mixin.py:188} INFO - [2025-12-27T14:14:23.129+0000] {dag.py:3954} INFO - Setting next_dagrun for example_sensor_decorator to None, run_after=None
[2025-12-27T14:14:23.513+0000] {processor.py:183} INFO - Processing /home/airflow/.local/lib/python3.12/site-packages/airflow/example_dags/example_sensor_decorator.py took 4.263 seconds
[2025-12-27T14:15:20.964+0000] {processor.py:161} INFO - Started process (PID=146) to work on /home/airflow/.local/lib/python3.12/site-packages/airflow/example_dags/example_sensor_decorator.py
[2025-12-27T14:15:20.967+0000] {processor.py:830} INFO - Processing file /home/airflow/.local/lib/python3.12/site-packages/airflow/example_dags/example_sensor_decorator.py for tasks to queue
[2025-12-27T14:15:20.974+0000] {logging_mixin.py:188} INFO - [2025-12-27T14:15:20.972+0000] {dagbag.py:540} INFO - Filling up the DagBag from /home/airflow/.local/lib/python3.12/site-packages/airflow/example_dags/example_sensor_decorator.py
[2025-12-27T14:15:21.001+0000] {processor.py:840} INFO - DAG(s) 'example_sensor_decorator' retrieved from /home/airflow/.local/lib/python3.12/site-packages/airflow/example_dags/example_sensor_decorator.py
[2025-12-27T14:15:21.063+0000] {logging_mixin.py:188} INFO - [2025-12-27T14:15:21.062+0000] {dag.py:3096} INFO - Sync 1 DAGs
[2025-12-27T14:15:21.101+0000] {logging_mixin.py:188} INFO - [2025-12-27T14:15:21.100+0000] {dag.py:3954} INFO - Setting next_dagrun for example_sensor_decorator to None, run_after=None
[2025-12-27T14:15:21.157+0000] {processor.py:183} INFO - Processing /home/airflow/.local/lib/python3.12/site-packages/airflow/example_dags/example_sensor_decorator.py took 0.211 seconds
[2025-12-27T14:15:51.392+0000] {processor.py:161} INFO - Started process (PID=203) to work on /home/airflow/.local/lib/python3.12/site-packages/airflow/example_dags/example_sensor_decorator.py
[2025-12-27T14:15:51.396+0000] {processor.py:830} INFO - Processing file /home/airflow/.local/lib/python3.12/site-packages/airflow/example_dags/example_sensor_decorator.py for tasks to queue
[2025-12-27T14:15:51.402+0000] {logging_mixin.py:188} INFO - [2025-12-27T14:15:51.401+0000] {dagbag.py:540} INFO - Filling up the DagBag from /home/airflow/.local/lib/python3.12/site-packages/airflow/example_dags/example_sensor_decorator.py
[2025-12-27T14:15:51.425+0000] {processor.py:840} INFO - DAG(s) 'example_sensor_decorator' retrieved from /home/airflow/.local/lib/python3.12/site-packages/airflow/example_dags/example_sensor_decorator.py
[2025-12-27T14:15:51.487+0000] {logging_mixin.py:188} INFO - [2025-12-27T14:15:51.486+0000] {dag.py:3096} INFO - Sync 1 DAGs
[2025-12-27T14:15:51.533+0000] {logging_mixin.py:188} INFO - [2025-12-27T14:15:51.532+0000] {dag.py:3954} INFO - Setting next_dagrun for example_sensor_decorator to None, run_after=None
[2025-12-27T14:15:51.595+0000] {processor.py:183} INFO - Processing /home/airflow/.local/lib/python3.12/site-packages/airflow/example_dags/example_sensor_decorator.py took 0.227 seconds
[2025-12-27T14:16:22.152+0000] {processor.py:161} INFO - Started process (PID=261) to work on /home/airflow/.local/lib/python3.12/site-packages/airflow/example_dags/example_sensor_decorator.py
[2025-12-27T14:16:22.156+0000] {processor.py:830} INFO - Processing file /home/airflow/.local/lib/python3.12/site-packages/airflow/example_dags/example_sensor_decorator.py for tasks to queue
[2025-12-27T14:16:22.163+0000] {logging_mixin.py:188} INFO - [2025-12-27T14:16:22.162+0000] {dagbag.py:540} INFO - Filling up the DagBag from /home/airflow/.local/lib/python3.12/site-packages/airflow/example_dags/example_sensor_decorator.py
[2025-12-27T14:16:22.181+0000] {processor.py:840} INFO - DAG(s) 'example_sensor_decorator' retrieved from /home/airflow/.local/lib/python3.12/site-packages/airflow/example_dags/example_sensor_decorator.py
[2025-12-27T14:16:22.243+0000] {logging_mixin.py:188} INFO - [2025-12-27T14:16:22.242+0000] {dag.py:3096} INFO - Sync 1 DAGs
[2025-12-27T14:16:22.293+0000] {logging_mixin.py:188} INFO - [2025-12-27T14:16:22.293+0000] {dag.py:3954} INFO - Setting next_dagrun for example_sensor_decorator to None, run_after=None
[2025-12-27T14:16:22.366+0000] {processor.py:183} INFO - Processing /home/airflow/.local/lib/python3.12/site-packages/airflow/example_dags/example_sensor_decorator.py took 0.231 seconds
[2025-12-27T14:16:53.852+0000] {processor.py:161} INFO - Started process (PID=319) to work on /home/airflow/.local/lib/python3.12/site-packages/airflow/example_dags/example_sensor_decorator.py
[2025-12-27T14:16:53.863+0000] {processor.py:830} INFO - Processing file /home/airflow/.local/lib/python3.12/site-packages/airflow/example_dags/example_sensor_decorator.py for tasks to queue
[2025-12-27T14:16:53.874+0000] {logging_mixin.py:188} INFO - [2025-12-27T14:16:53.872+0000] {dagbag.py:540} INFO - Filling up the DagBag from /home/airflow/.local/lib/python3.12/site-packages/airflow/example_dags/example_sensor_decorator.py
[2025-12-27T14:16:53.913+0000] {processor.py:840} INFO - DAG(s) 'example_sensor_decorator' retrieved from /home/airflow/.local/lib/python3.12/site-packages/airflow/example_dags/example_sensor_decorator.py
[2025-12-27T14:16:54.112+0000] {logging_mixin.py:188} INFO - [2025-12-27T14:16:54.111+0000] {dag.py:3096} INFO - Sync 1 DAGs
[2025-12-27T14:16:54.257+0000] {logging_mixin.py:188} INFO - [2025-12-27T14:16:54.256+0000] {dag.py:3954} INFO - Setting next_dagrun for example_sensor_decorator to None, run_after=None
[2025-12-27T14:16:54.432+0000] {processor.py:183} INFO - Processing /home/airflow/.local/lib/python3.12/site-packages/airflow/example_dags/example_sensor_decorator.py took 0.621 seconds
[2025-12-27T14:17:40.860+0000] {processor.py:161} INFO - Started process (PID=367) to work on /home/airflow/.local/lib/python3.12/site-packages/airflow/example_dags/example_sensor_decorator.py
[2025-12-27T14:17:40.865+0000] {processor.py:830} INFO - Processing file /home/airflow/.local/lib/python3.12/site-packages/airflow/example_dags/example_sensor_decorator.py for tasks to queue
[2025-12-27T14:17:40.875+0000] {logging_mixin.py:188} INFO - [2025-12-27T14:17:40.874+0000] {dagbag.py:540} INFO - Filling up the DagBag from /home/airflow/.local/lib/python3.12/site-packages/airflow/example_dags/example_sensor_decorator.py
[2025-12-27T14:17:40.916+0000] {processor.py:840} INFO - DAG(s) 'example_sensor_decorator' retrieved from /home/airflow/.local/lib/python3.12/site-packages/airflow/example_dags/example_sensor_decorator.py
[2025-12-27T14:17:41.053+0000] {logging_mixin.py:188} INFO - [2025-12-27T14:17:41.052+0000] {dag.py:3096} INFO - Sync 1 DAGs
[2025-12-27T14:17:41.212+0000] {logging_mixin.py:188} INFO - [2025-12-27T14:17:41.211+0000] {dag.py:3954} INFO - Setting next_dagrun for example_sensor_decorator to None, run_after=None
[2025-12-27T14:17:41.393+0000] {processor.py:183} INFO - Processing /home/airflow/.local/lib/python3.12/site-packages/airflow/example_dags/example_sensor_decorator.py took 0.588 seconds
[2025-12-27T14:18:26.786+0000] {processor.py:161} INFO - Started process (PID=428) to work on /home/airflow/.local/lib/python3.12/site-packages/airflow/example_dags/example_sensor_decorator.py
[2025-12-27T14:18:26.824+0000] {processor.py:830} INFO - Processing file /home/airflow/.local/lib/python3.12/site-packages/airflow/example_dags/example_sensor_decorator.py for tasks to queue
[2025-12-27T14:18:26.858+0000] {logging_mixin.py:188} INFO - [2025-12-27T14:18:26.857+0000] {dagbag.py:540} INFO - Filling up the DagBag from /home/airflow/.local/lib/python3.12/site-packages/airflow/example_dags/example_sensor_decorator.py
[2025-12-27T14:18:26.889+0000] {processor.py:840} INFO - DAG(s) 'example_sensor_decorator' retrieved from /home/airflow/.local/lib/python3.12/site-packages/airflow/example_dags/example_sensor_decorator.py
[2025-12-27T14:18:26.968+0000] {logging_mixin.py:188} INFO - [2025-12-27T14:18:26.967+0000] {dag.py:3096} INFO - Sync 1 DAGs
[2025-12-27T14:18:27.035+0000] {logging_mixin.py:188} INFO - [2025-12-27T14:18:27.034+0000] {dag.py:3954} INFO - Setting next_dagrun for example_sensor_decorator to None, run_after=None
[2025-12-27T14:18:27.302+0000] {processor.py:183} INFO - Processing /home/airflow/.local/lib/python3.12/site-packages/airflow/example_dags/example_sensor_decorator.py took 0.540 seconds
[2025-12-27T14:19:00.572+0000] {processor.py:161} INFO - Started process (PID=486) to work on /home/airflow/.local/lib/python3.12/site-packages/airflow/example_dags/example_sensor_decorator.py
[2025-12-27T14:19:00.577+0000] {processor.py:830} INFO - Processing file /home/airflow/.local/lib/python3.12/site-packages/airflow/example_dags/example_sensor_decorator.py for tasks to queue
[2025-12-27T14:19:00.584+0000] {logging_mixin.py:188} INFO - [2025-12-27T14:19:00.583+0000] {dagbag.py:540} INFO - Filling up the DagBag from /home/airflow/.local/lib/python3.12/site-packages/airflow/example_dags/example_sensor_decorator.py
[2025-12-27T14:19:00.627+0000] {processor.py:840} INFO - DAG(s) 'example_sensor_decorator' retrieved from /home/airflow/.local/lib/python3.12/site-packages/airflow/example_dags/example_sensor_decorator.py
[2025-12-27T14:19:00.770+0000] {logging_mixin.py:188} INFO - [2025-12-27T14:19:00.769+0000] {dag.py:3096} INFO - Sync 1 DAGs
[2025-12-27T14:19:00.914+0000] {logging_mixin.py:188} INFO - [2025-12-27T14:19:00.913+0000] {dag.py:3954} INFO - Setting next_dagrun for example_sensor_decorator to None, run_after=None
[2025-12-27T14:19:01.037+0000] {processor.py:183} INFO - Processing /home/airflow/.local/lib/python3.12/site-packages/airflow/example_dags/example_sensor_decorator.py took 0.508 seconds
[2025-12-27T14:19:34.048+0000] {processor.py:161} INFO - Started process (PID=544) to work on /home/airflow/.local/lib/python3.12/site-packages/airflow/example_dags/example_sensor_decorator.py
[2025-12-27T14:19:34.055+0000] {processor.py:830} INFO - Processing file /home/airflow/.local/lib/python3.12/site-packages/airflow/example_dags/example_sensor_decorator.py for tasks to queue
[2025-12-27T14:19:34.062+0000] {logging_mixin.py:188} INFO - [2025-12-27T14:19:34.061+0000] {dagbag.py:540} INFO - Filling up the DagBag from /home/airflow/.local/lib/python3.12/site-packages/airflow/example_dags/example_sensor_decorator.py
[2025-12-27T14:19:34.091+0000] {processor.py:840} INFO - DAG(s) 'example_sensor_decorator' retrieved from /home/airflow/.local/lib/python3.12/site-packages/airflow/example_dags/example_sensor_decorator.py
[2025-12-27T14:19:34.175+0000] {logging_mixin.py:188} INFO - [2025-12-27T14:19:34.174+0000] {dag.py:3096} INFO - Sync 1 DAGs
[2025-12-27T14:19:34.218+0000] {logging_mixin.py:188} INFO - [2025-12-27T14:19:34.217+0000] {dag.py:3954} INFO - Setting next_dagrun for example_sensor_decorator to None, run_after=None
[2025-12-27T14:19:34.286+0000] {processor.py:183} INFO - Processing /home/airflow/.local/lib/python3.12/site-packages/airflow/example_dags/example_sensor_decorator.py took 0.261 seconds
[2025-12-27T14:20:04.759+0000] {processor.py:161} INFO - Started process (PID=600) to work on /home/airflow/.local/lib/python3.12/site-packages/airflow/example_dags/example_sensor_decorator.py
[2025-12-27T14:20:04.766+0000] {processor.py:830} INFO - Processing file /home/airflow/.local/lib/python3.12/site-packages/airflow/example_dags/example_sensor_decorator.py for tasks to queue
[2025-12-27T14:20:04.780+0000] {logging_mixin.py:188} INFO - [2025-12-27T14:20:04.778+0000] {dagbag.py:540} INFO - Filling up the DagBag from /home/airflow/.local/lib/python3.12/site-packages/airflow/example_dags/example_sensor_decorator.py
[2025-12-27T14:20:04.826+0000] {processor.py:840} INFO - DAG(s) 'example_sensor_decorator' retrieved from /home/airflow/.local/lib/python3.12/site-packages/airflow/example_dags/example_sensor_decorator.py
[2025-12-27T14:20:04.962+0000] {logging_mixin.py:188} INFO - [2025-12-27T14:20:04.961+0000] {dag.py:3096} INFO - Sync 1 DAGs
[2025-12-27T14:20:05.074+0000] {logging_mixin.py:188} INFO - [2025-12-27T14:20:05.068+0000] {dag.py:3954} INFO - Setting next_dagrun for example_sensor_decorator to None, run_after=None
[2025-12-27T14:20:05.394+0000] {processor.py:183} INFO - Processing /home/airflow/.local/lib/python3.12/site-packages/airflow/example_dags/example_sensor_decorator.py took 0.666 seconds
[2025-12-27T14:20:36.097+0000] {processor.py:161} INFO - Started process (PID=658) to work on /home/airflow/.local/lib/python3.12/site-packages/airflow/example_dags/example_sensor_decorator.py
[2025-12-27T14:20:36.101+0000] {processor.py:830} INFO - Processing file /home/airflow/.local/lib/python3.12/site-packages/airflow/example_dags/example_sensor_decorator.py for tasks to queue
[2025-12-27T14:20:36.110+0000] {logging_mixin.py:188} INFO - [2025-12-27T14:20:36.108+0000] {dagbag.py:540} INFO - Filling up the DagBag from /home/airflow/.local/lib/python3.12/site-packages/airflow/example_dags/example_sensor_decorator.py
[2025-12-27T14:20:36.144+0000] {processor.py:840} INFO - DAG(s) 'example_sensor_decorator' retrieved from /home/airflow/.local/lib/python3.12/site-packages/airflow/example_dags/example_sensor_decorator.py
[2025-12-27T14:20:36.245+0000] {logging_mixin.py:188} INFO - [2025-12-27T14:20:36.244+0000] {dag.py:3096} INFO - Sync 1 DAGs
[2025-12-27T14:20:36.291+0000] {logging_mixin.py:188} INFO - [2025-12-27T14:20:36.290+0000] {dag.py:3954} INFO - Setting next_dagrun for example_sensor_decorator to None, run_after=None
[2025-12-27T14:20:36.380+0000] {processor.py:183} INFO - Processing /home/airflow/.local/lib/python3.12/site-packages/airflow/example_dags/example_sensor_decorator.py took 0.314 seconds
[2025-12-27T14:21:06.851+0000] {processor.py:161} INFO - Started process (PID=715) to work on /home/airflow/.local/lib/python3.12/site-packages/airflow/example_dags/example_sensor_decorator.py
[2025-12-27T14:21:06.855+0000] {processor.py:830} INFO - Processing file /home/airflow/.local/lib/python3.12/site-packages/airflow/example_dags/example_sensor_decorator.py for tasks to queue
[2025-12-27T14:21:06.862+0000] {logging_mixin.py:188} INFO - [2025-12-27T14:21:06.861+0000] {dagbag.py:540} INFO - Filling up the DagBag from /home/airflow/.local/lib/python3.12/site-packages/airflow/example_dags/example_sensor_decorator.py
[2025-12-27T14:21:06.886+0000] {processor.py:840} INFO - DAG(s) 'example_sensor_decorator' retrieved from /home/airflow/.local/lib/python3.12/site-packages/airflow/example_dags/example_sensor_decorator.py
[2025-12-27T14:21:06.967+0000] {logging_mixin.py:188} INFO - [2025-12-27T14:21:06.966+0000] {dag.py:3096} INFO - Sync 1 DAGs
[2025-12-27T14:21:07.022+0000] {logging_mixin.py:188} INFO - [2025-12-27T14:21:07.021+0000] {dag.py:3954} INFO - Setting next_dagrun for example_sensor_decorator to None, run_after=None
[2025-12-27T14:21:07.126+0000] {processor.py:183} INFO - Processing /home/airflow/.local/lib/python3.12/site-packages/airflow/example_dags/example_sensor_decorator.py took 0.300 seconds
[2025-12-27T14:21:44.568+0000] {processor.py:161} INFO - Started process (PID=773) to work on /home/airflow/.local/lib/python3.12/site-packages/airflow/example_dags/example_sensor_decorator.py
[2025-12-27T14:21:44.584+0000] {processor.py:830} INFO - Processing file /home/airflow/.local/lib/python3.12/site-packages/airflow/example_dags/example_sensor_decorator.py for tasks to queue
[2025-12-27T14:21:44.641+0000] {logging_mixin.py:188} INFO - [2025-12-27T14:21:44.626+0000] {dagbag.py:540} INFO - Filling up the DagBag from /home/airflow/.local/lib/python3.12/site-packages/airflow/example_dags/example_sensor_decorator.py
[2025-12-27T14:21:44.719+0000] {processor.py:840} INFO - DAG(s) 'example_sensor_decorator' retrieved from /home/airflow/.local/lib/python3.12/site-packages/airflow/example_dags/example_sensor_decorator.py
[2025-12-27T14:21:44.901+0000] {logging_mixin.py:188} INFO - [2025-12-27T14:21:44.901+0000] {dag.py:3096} INFO - Sync 1 DAGs
[2025-12-27T14:21:45.012+0000] {logging_mixin.py:188} INFO - [2025-12-27T14:21:45.011+0000] {dag.py:3954} INFO - Setting next_dagrun for example_sensor_decorator to None, run_after=None
[2025-12-27T14:21:45.137+0000] {processor.py:183} INFO - Processing /home/airflow/.local/lib/python3.12/site-packages/airflow/example_dags/example_sensor_decorator.py took 0.631 seconds
[2025-12-27T14:22:42.552+0000] {processor.py:161} INFO - Started process (PID=838) to work on /home/airflow/.local/lib/python3.12/site-packages/airflow/example_dags/example_sensor_decorator.py
[2025-12-27T14:22:42.557+0000] {processor.py:830} INFO - Processing file /home/airflow/.local/lib/python3.12/site-packages/airflow/example_dags/example_sensor_decorator.py for tasks to queue
[2025-12-27T14:22:42.565+0000] {logging_mixin.py:188} INFO - [2025-12-27T14:22:42.564+0000] {dagbag.py:540} INFO - Filling up the DagBag from /home/airflow/.local/lib/python3.12/site-packages/airflow/example_dags/example_sensor_decorator.py
[2025-12-27T14:22:42.633+0000] {processor.py:840} INFO - DAG(s) 'example_sensor_decorator' retrieved from /home/airflow/.local/lib/python3.12/site-packages/airflow/example_dags/example_sensor_decorator.py
[2025-12-27T14:22:42.818+0000] {logging_mixin.py:188} INFO - [2025-12-27T14:22:42.817+0000] {dag.py:3096} INFO - Sync 1 DAGs
[2025-12-27T14:22:42.966+0000] {logging_mixin.py:188} INFO - [2025-12-27T14:22:42.965+0000] {dag.py:3954} INFO - Setting next_dagrun for example_sensor_decorator to None, run_after=None
[2025-12-27T14:22:43.164+0000] {processor.py:183} INFO - Processing /home/airflow/.local/lib/python3.12/site-packages/airflow/example_dags/example_sensor_decorator.py took 0.666 seconds
[2025-12-27T14:23:41.386+0000] {processor.py:161} INFO - Started process (PID=870) to work on /home/airflow/.local/lib/python3.12/site-packages/airflow/example_dags/example_sensor_decorator.py
[2025-12-27T14:23:41.390+0000] {processor.py:830} INFO - Processing file /home/airflow/.local/lib/python3.12/site-packages/airflow/example_dags/example_sensor_decorator.py for tasks to queue
[2025-12-27T14:23:41.400+0000] {logging_mixin.py:188} INFO - [2025-12-27T14:23:41.398+0000] {dagbag.py:540} INFO - Filling up the DagBag from /home/airflow/.local/lib/python3.12/site-packages/airflow/example_dags/example_sensor_decorator.py
[2025-12-27T14:23:41.443+0000] {processor.py:840} INFO - DAG(s) 'example_sensor_decorator' retrieved from /home/airflow/.local/lib/python3.12/site-packages/airflow/example_dags/example_sensor_decorator.py
[2025-12-27T14:23:41.616+0000] {logging_mixin.py:188} INFO - [2025-12-27T14:23:41.615+0000] {dag.py:3096} INFO - Sync 1 DAGs
[2025-12-27T14:23:41.728+0000] {logging_mixin.py:188} INFO - [2025-12-27T14:23:41.726+0000] {dag.py:3954} INFO - Setting next_dagrun for example_sensor_decorator to None, run_after=None
[2025-12-27T14:23:41.872+0000] {processor.py:183} INFO - Processing /home/airflow/.local/lib/python3.12/site-packages/airflow/example_dags/example_sensor_decorator.py took 0.522 seconds
[2025-12-27T14:24:20.746+0000] {processor.py:161} INFO - Started process (PID=918) to work on /home/airflow/.local/lib/python3.12/site-packages/airflow/example_dags/example_sensor_decorator.py
[2025-12-27T14:24:20.759+0000] {processor.py:830} INFO - Processing file /home/airflow/.local/lib/python3.12/site-packages/airflow/example_dags/example_sensor_decorator.py for tasks to queue
[2025-12-27T14:24:20.764+0000] {logging_mixin.py:188} INFO - [2025-12-27T14:24:20.762+0000] {dagbag.py:540} INFO - Filling up the DagBag from /home/airflow/.local/lib/python3.12/site-packages/airflow/example_dags/example_sensor_decorator.py
[2025-12-27T14:24:20.792+0000] {processor.py:840} INFO - DAG(s) 'example_sensor_decorator' retrieved from /home/airflow/.local/lib/python3.12/site-packages/airflow/example_dags/example_sensor_decorator.py
[2025-12-27T14:24:20.887+0000] {logging_mixin.py:188} INFO - [2025-12-27T14:24:20.886+0000] {dag.py:3096} INFO - Sync 1 DAGs
[2025-12-27T14:24:20.965+0000] {logging_mixin.py:188} INFO - [2025-12-27T14:24:20.964+0000] {dag.py:3954} INFO - Setting next_dagrun for example_sensor_decorator to None, run_after=None
[2025-12-27T14:24:21.075+0000] {processor.py:183} INFO - Processing /home/airflow/.local/lib/python3.12/site-packages/airflow/example_dags/example_sensor_decorator.py took 0.355 seconds
[2025-12-27T14:24:51.608+0000] {processor.py:161} INFO - Started process (PID=974) to work on /home/airflow/.local/lib/python3.12/site-packages/airflow/example_dags/example_sensor_decorator.py
[2025-12-27T14:24:51.612+0000] {processor.py:830} INFO - Processing file /home/airflow/.local/lib/python3.12/site-packages/airflow/example_dags/example_sensor_decorator.py for tasks to queue
[2025-12-27T14:24:51.616+0000] {logging_mixin.py:188} INFO - [2025-12-27T14:24:51.615+0000] {dagbag.py:540} INFO - Filling up the DagBag from /home/airflow/.local/lib/python3.12/site-packages/airflow/example_dags/example_sensor_decorator.py
[2025-12-27T14:24:51.643+0000] {processor.py:840} INFO - DAG(s) 'example_sensor_decorator' retrieved from /home/airflow/.local/lib/python3.12/site-packages/airflow/example_dags/example_sensor_decorator.py
[2025-12-27T14:24:51.713+0000] {logging_mixin.py:188} INFO - [2025-12-27T14:24:51.712+0000] {dag.py:3096} INFO - Sync 1 DAGs
[2025-12-27T14:24:51.763+0000] {logging_mixin.py:188} INFO - [2025-12-27T14:24:51.762+0000] {dag.py:3954} INFO - Setting next_dagrun for example_sensor_decorator to None, run_after=None
[2025-12-27T14:24:51.844+0000] {processor.py:183} INFO - Processing /home/airflow/.local/lib/python3.12/site-packages/airflow/example_dags/example_sensor_decorator.py took 0.262 seconds
[2025-12-27T14:25:27.963+0000] {processor.py:161} INFO - Started process (PID=1032) to work on /home/airflow/.local/lib/python3.12/site-packages/airflow/example_dags/example_sensor_decorator.py
[2025-12-27T14:25:27.990+0000] {processor.py:830} INFO - Processing file /home/airflow/.local/lib/python3.12/site-packages/airflow/example_dags/example_sensor_decorator.py for tasks to queue
[2025-12-27T14:25:27.995+0000] {logging_mixin.py:188} INFO - [2025-12-27T14:25:27.994+0000] {dagbag.py:540} INFO - Filling up the DagBag from /home/airflow/.local/lib/python3.12/site-packages/airflow/example_dags/example_sensor_decorator.py
[2025-12-27T14:25:28.062+0000] {processor.py:840} INFO - DAG(s) 'example_sensor_decorator' retrieved from /home/airflow/.local/lib/python3.12/site-packages/airflow/example_dags/example_sensor_decorator.py
[2025-12-27T14:25:28.315+0000] {logging_mixin.py:188} INFO - [2025-12-27T14:25:28.314+0000] {dag.py:3096} INFO - Sync 1 DAGs
[2025-12-27T14:25:28.480+0000] {logging_mixin.py:188} INFO - [2025-12-27T14:25:28.478+0000] {dag.py:3954} INFO - Setting next_dagrun for example_sensor_decorator to None, run_after=None
[2025-12-27T14:25:28.718+0000] {processor.py:183} INFO - Processing /home/airflow/.local/lib/python3.12/site-packages/airflow/example_dags/example_sensor_decorator.py took 0.808 seconds
[2025-12-27T14:26:21.345+0000] {processor.py:161} INFO - Started process (PID=1064) to work on /home/airflow/.local/lib/python3.12/site-packages/airflow/example_dags/example_sensor_decorator.py
[2025-12-27T14:26:21.357+0000] {processor.py:830} INFO - Processing file /home/airflow/.local/lib/python3.12/site-packages/airflow/example_dags/example_sensor_decorator.py for tasks to queue
[2025-12-27T14:26:21.362+0000] {logging_mixin.py:188} INFO - [2025-12-27T14:26:21.361+0000] {dagbag.py:540} INFO - Filling up the DagBag from /home/airflow/.local/lib/python3.12/site-packages/airflow/example_dags/example_sensor_decorator.py
[2025-12-27T14:26:21.410+0000] {processor.py:840} INFO - DAG(s) 'example_sensor_decorator' retrieved from /home/airflow/.local/lib/python3.12/site-packages/airflow/example_dags/example_sensor_decorator.py
[2025-12-27T14:26:21.518+0000] {logging_mixin.py:188} INFO - [2025-12-27T14:26:21.517+0000] {dag.py:3096} INFO - Sync 1 DAGs
[2025-12-27T14:26:21.577+0000] {logging_mixin.py:188} INFO - [2025-12-27T14:26:21.576+0000] {dag.py:3954} INFO - Setting next_dagrun for example_sensor_decorator to None, run_after=None
[2025-12-27T14:26:21.682+0000] {processor.py:183} INFO - Processing /home/airflow/.local/lib/python3.12/site-packages/airflow/example_dags/example_sensor_decorator.py took 0.371 seconds
[2025-12-27T14:27:01.927+0000] {processor.py:161} INFO - Started process (PID=1120) to work on /home/airflow/.local/lib/python3.12/site-packages/airflow/example_dags/example_sensor_decorator.py
[2025-12-27T14:27:01.933+0000] {processor.py:830} INFO - Processing file /home/airflow/.local/lib/python3.12/site-packages/airflow/example_dags/example_sensor_decorator.py for tasks to queue
[2025-12-27T14:27:01.936+0000] {logging_mixin.py:188} INFO - [2025-12-27T14:27:01.935+0000] {dagbag.py:540} INFO - Filling up the DagBag from /home/airflow/.local/lib/python3.12/site-packages/airflow/example_dags/example_sensor_decorator.py
[2025-12-27T14:27:01.972+0000] {processor.py:840} INFO - DAG(s) 'example_sensor_decorator' retrieved from /home/airflow/.local/lib/python3.12/site-packages/airflow/example_dags/example_sensor_decorator.py
[2025-12-27T14:27:02.082+0000] {logging_mixin.py:188} INFO - [2025-12-27T14:27:02.081+0000] {dag.py:3096} INFO - Sync 1 DAGs
[2025-12-27T14:27:03.459+0000] {logging_mixin.py:188} INFO - [2025-12-27T14:27:03.458+0000] {dag.py:3954} INFO - Setting next_dagrun for example_sensor_decorator to None, run_after=None
[2025-12-27T14:27:03.600+0000] {processor.py:183} INFO - Processing /home/airflow/.local/lib/python3.12/site-packages/airflow/example_dags/example_sensor_decorator.py took 1.706 seconds
[2025-12-27T14:27:51.284+0000] {processor.py:161} INFO - Started process (PID=1183) to work on /home/airflow/.local/lib/python3.12/site-packages/airflow/example_dags/example_sensor_decorator.py
[2025-12-27T14:27:51.289+0000] {processor.py:830} INFO - Processing file /home/airflow/.local/lib/python3.12/site-packages/airflow/example_dags/example_sensor_decorator.py for tasks to queue
[2025-12-27T14:27:51.292+0000] {logging_mixin.py:188} INFO - [2025-12-27T14:27:51.291+0000] {dagbag.py:540} INFO - Filling up the DagBag from /home/airflow/.local/lib/python3.12/site-packages/airflow/example_dags/example_sensor_decorator.py
[2025-12-27T14:27:51.319+0000] {processor.py:840} INFO - DAG(s) 'example_sensor_decorator' retrieved from /home/airflow/.local/lib/python3.12/site-packages/airflow/example_dags/example_sensor_decorator.py
[2025-12-27T14:27:51.431+0000] {logging_mixin.py:188} INFO - [2025-12-27T14:27:51.430+0000] {dag.py:3096} INFO - Sync 1 DAGs
[2025-12-27T14:27:51.486+0000] {logging_mixin.py:188} INFO - [2025-12-27T14:27:51.485+0000] {dag.py:3954} INFO - Setting next_dagrun for example_sensor_decorator to None, run_after=None
[2025-12-27T14:27:51.572+0000] {processor.py:183} INFO - Processing /home/airflow/.local/lib/python3.12/site-packages/airflow/example_dags/example_sensor_decorator.py took 0.311 seconds
[2025-12-27T14:28:22.224+0000] {processor.py:161} INFO - Started process (PID=1241) to work on /home/airflow/.local/lib/python3.12/site-packages/airflow/example_dags/example_sensor_decorator.py
[2025-12-27T14:28:22.227+0000] {processor.py:830} INFO - Processing file /home/airflow/.local/lib/python3.12/site-packages/airflow/example_dags/example_sensor_decorator.py for tasks to queue
[2025-12-27T14:28:22.230+0000] {logging_mixin.py:188} INFO - [2025-12-27T14:28:22.229+0000] {dagbag.py:540} INFO - Filling up the DagBag from /home/airflow/.local/lib/python3.12/site-packages/airflow/example_dags/example_sensor_decorator.py
[2025-12-27T14:28:22.249+0000] {processor.py:840} INFO - DAG(s) 'example_sensor_decorator' retrieved from /home/airflow/.local/lib/python3.12/site-packages/airflow/example_dags/example_sensor_decorator.py
[2025-12-27T14:28:22.330+0000] {logging_mixin.py:188} INFO - [2025-12-27T14:28:22.329+0000] {dag.py:3096} INFO - Sync 1 DAGs
[2025-12-27T14:28:22.371+0000] {logging_mixin.py:188} INFO - [2025-12-27T14:28:22.370+0000] {dag.py:3954} INFO - Setting next_dagrun for example_sensor_decorator to None, run_after=None
[2025-12-27T14:28:22.438+0000] {processor.py:183} INFO - Processing /home/airflow/.local/lib/python3.12/site-packages/airflow/example_dags/example_sensor_decorator.py took 0.234 seconds
[2025-12-27T14:28:53.562+0000] {processor.py:161} INFO - Started process (PID=1299) to work on /home/airflow/.local/lib/python3.12/site-packages/airflow/example_dags/example_sensor_decorator.py
[2025-12-27T14:28:53.566+0000] {processor.py:830} INFO - Processing file /home/airflow/.local/lib/python3.12/site-packages/airflow/example_dags/example_sensor_decorator.py for tasks to queue
[2025-12-27T14:28:53.570+0000] {logging_mixin.py:188} INFO - [2025-12-27T14:28:53.569+0000] {dagbag.py:540} INFO - Filling up the DagBag from /home/airflow/.local/lib/python3.12/site-packages/airflow/example_dags/example_sensor_decorator.py
[2025-12-27T14:28:53.595+0000] {processor.py:840} INFO - DAG(s) 'example_sensor_decorator' retrieved from /home/airflow/.local/lib/python3.12/site-packages/airflow/example_dags/example_sensor_decorator.py
[2025-12-27T14:28:53.673+0000] {logging_mixin.py:188} INFO - [2025-12-27T14:28:53.673+0000] {dag.py:3096} INFO - Sync 1 DAGs
[2025-12-27T14:28:53.721+0000] {logging_mixin.py:188} INFO - [2025-12-27T14:28:53.720+0000] {dag.py:3954} INFO - Setting next_dagrun for example_sensor_decorator to None, run_after=None
[2025-12-27T14:28:53.788+0000] {processor.py:183} INFO - Processing /home/airflow/.local/lib/python3.12/site-packages/airflow/example_dags/example_sensor_decorator.py took 0.250 seconds
[2025-12-27T14:29:26.526+0000] {processor.py:161} INFO - Started process (PID=1357) to work on /home/airflow/.local/lib/python3.12/site-packages/airflow/example_dags/example_sensor_decorator.py
[2025-12-27T14:29:26.529+0000] {processor.py:830} INFO - Processing file /home/airflow/.local/lib/python3.12/site-packages/airflow/example_dags/example_sensor_decorator.py for tasks to queue
[2025-12-27T14:29:26.533+0000] {logging_mixin.py:188} INFO - [2025-12-27T14:29:26.531+0000] {dagbag.py:540} INFO - Filling up the DagBag from /home/airflow/.local/lib/python3.12/site-packages/airflow/example_dags/example_sensor_decorator.py
[2025-12-27T14:29:26.554+0000] {processor.py:840} INFO - DAG(s) 'example_sensor_decorator' retrieved from /home/airflow/.local/lib/python3.12/site-packages/airflow/example_dags/example_sensor_decorator.py
[2025-12-27T14:29:26.639+0000] {logging_mixin.py:188} INFO - [2025-12-27T14:29:26.638+0000] {dag.py:3096} INFO - Sync 1 DAGs
[2025-12-27T14:29:26.731+0000] {logging_mixin.py:188} INFO - [2025-12-27T14:29:26.730+0000] {dag.py:3954} INFO - Setting next_dagrun for example_sensor_decorator to None, run_after=None
[2025-12-27T14:29:26.823+0000] {processor.py:183} INFO - Processing /home/airflow/.local/lib/python3.12/site-packages/airflow/example_dags/example_sensor_decorator.py took 0.319 seconds
[2025-12-27T14:30:00.735+0000] {processor.py:161} INFO - Started process (PID=1407) to work on /home/airflow/.local/lib/python3.12/site-packages/airflow/example_dags/example_sensor_decorator.py
[2025-12-27T14:30:00.757+0000] {processor.py:830} INFO - Processing file /home/airflow/.local/lib/python3.12/site-packages/airflow/example_dags/example_sensor_decorator.py for tasks to queue
[2025-12-27T14:30:00.761+0000] {logging_mixin.py:188} INFO - [2025-12-27T14:30:00.759+0000] {dagbag.py:540} INFO - Filling up the DagBag from /home/airflow/.local/lib/python3.12/site-packages/airflow/example_dags/example_sensor_decorator.py
[2025-12-27T14:30:00.784+0000] {processor.py:840} INFO - DAG(s) 'example_sensor_decorator' retrieved from /home/airflow/.local/lib/python3.12/site-packages/airflow/example_dags/example_sensor_decorator.py
[2025-12-27T14:30:00.862+0000] {logging_mixin.py:188} INFO - [2025-12-27T14:30:00.861+0000] {dag.py:3096} INFO - Sync 1 DAGs
[2025-12-27T14:30:00.954+0000] {logging_mixin.py:188} INFO - [2025-12-27T14:30:00.953+0000] {dag.py:3954} INFO - Setting next_dagrun for example_sensor_decorator to None, run_after=None
[2025-12-27T14:30:01.329+0000] {processor.py:183} INFO - Processing /home/airflow/.local/lib/python3.12/site-packages/airflow/example_dags/example_sensor_decorator.py took 0.618 seconds
[2025-12-27T14:30:32.293+0000] {processor.py:161} INFO - Started process (PID=1464) to work on /home/airflow/.local/lib/python3.12/site-packages/airflow/example_dags/example_sensor_decorator.py
[2025-12-27T14:30:32.304+0000] {processor.py:830} INFO - Processing file /home/airflow/.local/lib/python3.12/site-packages/airflow/example_dags/example_sensor_decorator.py for tasks to queue
[2025-12-27T14:30:32.308+0000] {logging_mixin.py:188} INFO - [2025-12-27T14:30:32.307+0000] {dagbag.py:540} INFO - Filling up the DagBag from /home/airflow/.local/lib/python3.12/site-packages/airflow/example_dags/example_sensor_decorator.py
[2025-12-27T14:30:32.341+0000] {processor.py:840} INFO - DAG(s) 'example_sensor_decorator' retrieved from /home/airflow/.local/lib/python3.12/site-packages/airflow/example_dags/example_sensor_decorator.py
[2025-12-27T14:30:32.420+0000] {logging_mixin.py:188} INFO - [2025-12-27T14:30:32.420+0000] {dag.py:3096} INFO - Sync 1 DAGs
[2025-12-27T14:30:32.455+0000] {logging_mixin.py:188} INFO - [2025-12-27T14:30:32.455+0000] {dag.py:3954} INFO - Setting next_dagrun for example_sensor_decorator to None, run_after=None
[2025-12-27T14:30:32.518+0000] {processor.py:183} INFO - Processing /home/airflow/.local/lib/python3.12/site-packages/airflow/example_dags/example_sensor_decorator.py took 0.246 seconds
[2025-12-27T14:31:02.968+0000] {processor.py:161} INFO - Started process (PID=1522) to work on /home/airflow/.local/lib/python3.12/site-packages/airflow/example_dags/example_sensor_decorator.py
[2025-12-27T14:31:02.971+0000] {processor.py:830} INFO - Processing file /home/airflow/.local/lib/python3.12/site-packages/airflow/example_dags/example_sensor_decorator.py for tasks to queue
[2025-12-27T14:31:02.979+0000] {logging_mixin.py:188} INFO - [2025-12-27T14:31:02.973+0000] {dagbag.py:540} INFO - Filling up the DagBag from /home/airflow/.local/lib/python3.12/site-packages/airflow/example_dags/example_sensor_decorator.py
[2025-12-27T14:31:03.012+0000] {processor.py:840} INFO - DAG(s) 'example_sensor_decorator' retrieved from /home/airflow/.local/lib/python3.12/site-packages/airflow/example_dags/example_sensor_decorator.py
[2025-12-27T14:31:03.090+0000] {logging_mixin.py:188} INFO - [2025-12-27T14:31:03.089+0000] {dag.py:3096} INFO - Sync 1 DAGs
[2025-12-27T14:31:03.126+0000] {logging_mixin.py:188} INFO - [2025-12-27T14:31:03.125+0000] {dag.py:3954} INFO - Setting next_dagrun for example_sensor_decorator to None, run_after=None
[2025-12-27T14:31:03.186+0000] {processor.py:183} INFO - Processing /home/airflow/.local/lib/python3.12/site-packages/airflow/example_dags/example_sensor_decorator.py took 0.233 seconds
[2025-12-27T14:31:33.608+0000] {processor.py:161} INFO - Started process (PID=1580) to work on /home/airflow/.local/lib/python3.12/site-packages/airflow/example_dags/example_sensor_decorator.py
[2025-12-27T14:31:33.611+0000] {processor.py:830} INFO - Processing file /home/airflow/.local/lib/python3.12/site-packages/airflow/example_dags/example_sensor_decorator.py for tasks to queue
[2025-12-27T14:31:33.614+0000] {logging_mixin.py:188} INFO - [2025-12-27T14:31:33.613+0000] {dagbag.py:540} INFO - Filling up the DagBag from /home/airflow/.local/lib/python3.12/site-packages/airflow/example_dags/example_sensor_decorator.py
[2025-12-27T14:31:33.631+0000] {processor.py:840} INFO - DAG(s) 'example_sensor_decorator' retrieved from /home/airflow/.local/lib/python3.12/site-packages/airflow/example_dags/example_sensor_decorator.py
[2025-12-27T14:31:33.701+0000] {logging_mixin.py:188} INFO - [2025-12-27T14:31:33.700+0000] {dag.py:3096} INFO - Sync 1 DAGs
[2025-12-27T14:31:33.742+0000] {logging_mixin.py:188} INFO - [2025-12-27T14:31:33.741+0000] {dag.py:3954} INFO - Setting next_dagrun for example_sensor_decorator to None, run_after=None
[2025-12-27T14:31:33.810+0000] {processor.py:183} INFO - Processing /home/airflow/.local/lib/python3.12/site-packages/airflow/example_dags/example_sensor_decorator.py took 0.219 seconds
[2025-12-27T14:32:04.632+0000] {processor.py:161} INFO - Started process (PID=1638) to work on /home/airflow/.local/lib/python3.12/site-packages/airflow/example_dags/example_sensor_decorator.py
[2025-12-27T14:32:04.646+0000] {processor.py:830} INFO - Processing file /home/airflow/.local/lib/python3.12/site-packages/airflow/example_dags/example_sensor_decorator.py for tasks to queue
[2025-12-27T14:32:04.650+0000] {logging_mixin.py:188} INFO - [2025-12-27T14:32:04.649+0000] {dagbag.py:540} INFO - Filling up the DagBag from /home/airflow/.local/lib/python3.12/site-packages/airflow/example_dags/example_sensor_decorator.py
[2025-12-27T14:32:04.677+0000] {processor.py:840} INFO - DAG(s) 'example_sensor_decorator' retrieved from /home/airflow/.local/lib/python3.12/site-packages/airflow/example_dags/example_sensor_decorator.py
[2025-12-27T14:32:04.771+0000] {logging_mixin.py:188} INFO - [2025-12-27T14:32:04.771+0000] {dag.py:3096} INFO - Sync 1 DAGs
[2025-12-27T14:32:04.809+0000] {logging_mixin.py:188} INFO - [2025-12-27T14:32:04.809+0000] {dag.py:3954} INFO - Setting next_dagrun for example_sensor_decorator to None, run_after=None
[2025-12-27T14:32:04.863+0000] {processor.py:183} INFO - Processing /home/airflow/.local/lib/python3.12/site-packages/airflow/example_dags/example_sensor_decorator.py took 0.286 seconds
[2025-12-27T14:32:35.443+0000] {processor.py:161} INFO - Started process (PID=1696) to work on /home/airflow/.local/lib/python3.12/site-packages/airflow/example_dags/example_sensor_decorator.py
[2025-12-27T14:32:35.446+0000] {processor.py:830} INFO - Processing file /home/airflow/.local/lib/python3.12/site-packages/airflow/example_dags/example_sensor_decorator.py for tasks to queue
[2025-12-27T14:32:35.450+0000] {logging_mixin.py:188} INFO - [2025-12-27T14:32:35.449+0000] {dagbag.py:540} INFO - Filling up the DagBag from /home/airflow/.local/lib/python3.12/site-packages/airflow/example_dags/example_sensor_decorator.py
[2025-12-27T14:32:35.467+0000] {processor.py:840} INFO - DAG(s) 'example_sensor_decorator' retrieved from /home/airflow/.local/lib/python3.12/site-packages/airflow/example_dags/example_sensor_decorator.py
[2025-12-27T14:32:35.536+0000] {logging_mixin.py:188} INFO - [2025-12-27T14:32:35.536+0000] {dag.py:3096} INFO - Sync 1 DAGs
[2025-12-27T14:32:35.575+0000] {logging_mixin.py:188} INFO - [2025-12-27T14:32:35.575+0000] {dag.py:3954} INFO - Setting next_dagrun for example_sensor_decorator to None, run_after=None
[2025-12-27T14:32:35.633+0000] {processor.py:183} INFO - Processing /home/airflow/.local/lib/python3.12/site-packages/airflow/example_dags/example_sensor_decorator.py took 0.210 seconds
[2025-12-27T14:33:05.912+0000] {processor.py:161} INFO - Started process (PID=1755) to work on /home/airflow/.local/lib/python3.12/site-packages/airflow/example_dags/example_sensor_decorator.py
[2025-12-27T14:33:05.915+0000] {processor.py:830} INFO - Processing file /home/airflow/.local/lib/python3.12/site-packages/airflow/example_dags/example_sensor_decorator.py for tasks to queue
[2025-12-27T14:33:05.917+0000] {logging_mixin.py:188} INFO - [2025-12-27T14:33:05.917+0000] {dagbag.py:540} INFO - Filling up the DagBag from /home/airflow/.local/lib/python3.12/site-packages/airflow/example_dags/example_sensor_decorator.py
[2025-12-27T14:33:05.935+0000] {processor.py:840} INFO - DAG(s) 'example_sensor_decorator' retrieved from /home/airflow/.local/lib/python3.12/site-packages/airflow/example_dags/example_sensor_decorator.py
[2025-12-27T14:33:05.994+0000] {logging_mixin.py:188} INFO - [2025-12-27T14:33:05.993+0000] {dag.py:3096} INFO - Sync 1 DAGs
[2025-12-27T14:33:06.029+0000] {logging_mixin.py:188} INFO - [2025-12-27T14:33:06.029+0000] {dag.py:3954} INFO - Setting next_dagrun for example_sensor_decorator to None, run_after=None
[2025-12-27T14:33:06.081+0000] {processor.py:183} INFO - Processing /home/airflow/.local/lib/python3.12/site-packages/airflow/example_dags/example_sensor_decorator.py took 0.185 seconds
[2025-12-27T14:33:37.060+0000] {processor.py:161} INFO - Started process (PID=1813) to work on /home/airflow/.local/lib/python3.12/site-packages/airflow/example_dags/example_sensor_decorator.py
[2025-12-27T14:33:37.063+0000] {processor.py:830} INFO - Processing file /home/airflow/.local/lib/python3.12/site-packages/airflow/example_dags/example_sensor_decorator.py for tasks to queue
[2025-12-27T14:33:37.066+0000] {logging_mixin.py:188} INFO - [2025-12-27T14:33:37.065+0000] {dagbag.py:540} INFO - Filling up the DagBag from /home/airflow/.local/lib/python3.12/site-packages/airflow/example_dags/example_sensor_decorator.py
[2025-12-27T14:33:37.082+0000] {processor.py:840} INFO - DAG(s) 'example_sensor_decorator' retrieved from /home/airflow/.local/lib/python3.12/site-packages/airflow/example_dags/example_sensor_decorator.py
[2025-12-27T14:33:37.140+0000] {logging_mixin.py:188} INFO - [2025-12-27T14:33:37.139+0000] {dag.py:3096} INFO - Sync 1 DAGs
[2025-12-27T14:33:37.174+0000] {logging_mixin.py:188} INFO - [2025-12-27T14:33:37.174+0000] {dag.py:3954} INFO - Setting next_dagrun for example_sensor_decorator to None, run_after=None
[2025-12-27T14:33:37.228+0000] {processor.py:183} INFO - Processing /home/airflow/.local/lib/python3.12/site-packages/airflow/example_dags/example_sensor_decorator.py took 0.183 seconds
[2025-12-27T14:34:08.068+0000] {processor.py:161} INFO - Started process (PID=1871) to work on /home/airflow/.local/lib/python3.12/site-packages/airflow/example_dags/example_sensor_decorator.py
[2025-12-27T14:34:08.071+0000] {processor.py:830} INFO - Processing file /home/airflow/.local/lib/python3.12/site-packages/airflow/example_dags/example_sensor_decorator.py for tasks to queue
[2025-12-27T14:34:08.074+0000] {logging_mixin.py:188} INFO - [2025-12-27T14:34:08.073+0000] {dagbag.py:540} INFO - Filling up the DagBag from /home/airflow/.local/lib/python3.12/site-packages/airflow/example_dags/example_sensor_decorator.py
[2025-12-27T14:34:08.096+0000] {processor.py:840} INFO - DAG(s) 'example_sensor_decorator' retrieved from /home/airflow/.local/lib/python3.12/site-packages/airflow/example_dags/example_sensor_decorator.py
[2025-12-27T14:34:08.151+0000] {logging_mixin.py:188} INFO - [2025-12-27T14:34:08.151+0000] {dag.py:3096} INFO - Sync 1 DAGs
[2025-12-27T14:34:08.184+0000] {logging_mixin.py:188} INFO - [2025-12-27T14:34:08.183+0000] {dag.py:3954} INFO - Setting next_dagrun for example_sensor_decorator to None, run_after=None
[2025-12-27T14:34:08.237+0000] {processor.py:183} INFO - Processing /home/airflow/.local/lib/python3.12/site-packages/airflow/example_dags/example_sensor_decorator.py took 0.184 seconds
[2025-12-27T14:34:38.925+0000] {processor.py:161} INFO - Started process (PID=1929) to work on /home/airflow/.local/lib/python3.12/site-packages/airflow/example_dags/example_sensor_decorator.py
[2025-12-27T14:34:38.936+0000] {processor.py:830} INFO - Processing file /home/airflow/.local/lib/python3.12/site-packages/airflow/example_dags/example_sensor_decorator.py for tasks to queue
[2025-12-27T14:34:38.945+0000] {logging_mixin.py:188} INFO - [2025-12-27T14:34:38.940+0000] {dagbag.py:540} INFO - Filling up the DagBag from /home/airflow/.local/lib/python3.12/site-packages/airflow/example_dags/example_sensor_decorator.py
[2025-12-27T14:34:39.003+0000] {processor.py:840} INFO - DAG(s) 'example_sensor_decorator' retrieved from /home/airflow/.local/lib/python3.12/site-packages/airflow/example_dags/example_sensor_decorator.py
[2025-12-27T14:34:39.219+0000] {logging_mixin.py:188} INFO - [2025-12-27T14:34:39.219+0000] {dag.py:3096} INFO - Sync 1 DAGs
[2025-12-27T14:34:39.342+0000] {logging_mixin.py:188} INFO - [2025-12-27T14:34:39.341+0000] {dag.py:3954} INFO - Setting next_dagrun for example_sensor_decorator to None, run_after=None
[2025-12-27T14:34:39.496+0000] {processor.py:183} INFO - Processing /home/airflow/.local/lib/python3.12/site-packages/airflow/example_dags/example_sensor_decorator.py took 0.623 seconds
[2025-12-27T14:35:10.402+0000] {processor.py:161} INFO - Started process (PID=1988) to work on /home/airflow/.local/lib/python3.12/site-packages/airflow/example_dags/example_sensor_decorator.py
[2025-12-27T14:35:10.405+0000] {processor.py:830} INFO - Processing file /home/airflow/.local/lib/python3.12/site-packages/airflow/example_dags/example_sensor_decorator.py for tasks to queue
[2025-12-27T14:35:10.408+0000] {logging_mixin.py:188} INFO - [2025-12-27T14:35:10.407+0000] {dagbag.py:540} INFO - Filling up the DagBag from /home/airflow/.local/lib/python3.12/site-packages/airflow/example_dags/example_sensor_decorator.py
[2025-12-27T14:35:10.425+0000] {processor.py:840} INFO - DAG(s) 'example_sensor_decorator' retrieved from /home/airflow/.local/lib/python3.12/site-packages/airflow/example_dags/example_sensor_decorator.py
[2025-12-27T14:35:10.490+0000] {logging_mixin.py:188} INFO - [2025-12-27T14:35:10.489+0000] {dag.py:3096} INFO - Sync 1 DAGs
[2025-12-27T14:35:10.523+0000] {logging_mixin.py:188} INFO - [2025-12-27T14:35:10.522+0000] {dag.py:3954} INFO - Setting next_dagrun for example_sensor_decorator to None, run_after=None
[2025-12-27T14:35:10.579+0000] {processor.py:183} INFO - Processing /home/airflow/.local/lib/python3.12/site-packages/airflow/example_dags/example_sensor_decorator.py took 0.196 seconds
[2025-12-27T14:35:41.454+0000] {processor.py:161} INFO - Started process (PID=2046) to work on /home/airflow/.local/lib/python3.12/site-packages/airflow/example_dags/example_sensor_decorator.py
[2025-12-27T14:35:41.458+0000] {processor.py:830} INFO - Processing file /home/airflow/.local/lib/python3.12/site-packages/airflow/example_dags/example_sensor_decorator.py for tasks to queue
[2025-12-27T14:35:41.461+0000] {logging_mixin.py:188} INFO - [2025-12-27T14:35:41.460+0000] {dagbag.py:540} INFO - Filling up the DagBag from /home/airflow/.local/lib/python3.12/site-packages/airflow/example_dags/example_sensor_decorator.py
[2025-12-27T14:35:41.479+0000] {processor.py:840} INFO - DAG(s) 'example_sensor_decorator' retrieved from /home/airflow/.local/lib/python3.12/site-packages/airflow/example_dags/example_sensor_decorator.py
[2025-12-27T14:35:41.540+0000] {logging_mixin.py:188} INFO - [2025-12-27T14:35:41.539+0000] {dag.py:3096} INFO - Sync 1 DAGs
[2025-12-27T14:35:41.574+0000] {logging_mixin.py:188} INFO - [2025-12-27T14:35:41.574+0000] {dag.py:3954} INFO - Setting next_dagrun for example_sensor_decorator to None, run_after=None
[2025-12-27T14:35:41.631+0000] {processor.py:183} INFO - Processing /home/airflow/.local/lib/python3.12/site-packages/airflow/example_dags/example_sensor_decorator.py took 0.195 seconds
[2025-12-27T14:36:24.151+0000] {processor.py:161} INFO - Started process (PID=2104) to work on /home/airflow/.local/lib/python3.12/site-packages/airflow/example_dags/example_sensor_decorator.py
[2025-12-27T14:36:24.157+0000] {processor.py:830} INFO - Processing file /home/airflow/.local/lib/python3.12/site-packages/airflow/example_dags/example_sensor_decorator.py for tasks to queue
[2025-12-27T14:36:24.161+0000] {logging_mixin.py:188} INFO - [2025-12-27T14:36:24.160+0000] {dagbag.py:540} INFO - Filling up the DagBag from /home/airflow/.local/lib/python3.12/site-packages/airflow/example_dags/example_sensor_decorator.py
[2025-12-27T14:36:24.205+0000] {processor.py:840} INFO - DAG(s) 'example_sensor_decorator' retrieved from /home/airflow/.local/lib/python3.12/site-packages/airflow/example_dags/example_sensor_decorator.py
[2025-12-27T14:36:24.310+0000] {logging_mixin.py:188} INFO - [2025-12-27T14:36:24.309+0000] {dag.py:3096} INFO - Sync 1 DAGs
[2025-12-27T14:36:24.390+0000] {logging_mixin.py:188} INFO - [2025-12-27T14:36:24.389+0000] {dag.py:3954} INFO - Setting next_dagrun for example_sensor_decorator to None, run_after=None
[2025-12-27T14:36:24.511+0000] {processor.py:183} INFO - Processing /home/airflow/.local/lib/python3.12/site-packages/airflow/example_dags/example_sensor_decorator.py took 0.386 seconds
[2025-12-27T14:36:55.115+0000] {processor.py:161} INFO - Started process (PID=2160) to work on /home/airflow/.local/lib/python3.12/site-packages/airflow/example_dags/example_sensor_decorator.py
[2025-12-27T14:36:55.119+0000] {processor.py:830} INFO - Processing file /home/airflow/.local/lib/python3.12/site-packages/airflow/example_dags/example_sensor_decorator.py for tasks to queue
[2025-12-27T14:36:55.123+0000] {logging_mixin.py:188} INFO - [2025-12-27T14:36:55.121+0000] {dagbag.py:540} INFO - Filling up the DagBag from /home/airflow/.local/lib/python3.12/site-packages/airflow/example_dags/example_sensor_decorator.py
[2025-12-27T14:36:55.157+0000] {processor.py:840} INFO - DAG(s) 'example_sensor_decorator' retrieved from /home/airflow/.local/lib/python3.12/site-packages/airflow/example_dags/example_sensor_decorator.py
[2025-12-27T14:36:55.283+0000] {logging_mixin.py:188} INFO - [2025-12-27T14:36:55.282+0000] {dag.py:3096} INFO - Sync 1 DAGs
[2025-12-27T14:36:55.352+0000] {logging_mixin.py:188} INFO - [2025-12-27T14:36:55.351+0000] {dag.py:3954} INFO - Setting next_dagrun for example_sensor_decorator to None, run_after=None
[2025-12-27T14:36:55.430+0000] {processor.py:183} INFO - Processing /home/airflow/.local/lib/python3.12/site-packages/airflow/example_dags/example_sensor_decorator.py took 0.338 seconds
[2025-12-27T14:37:26.986+0000] {processor.py:161} INFO - Started process (PID=2219) to work on /home/airflow/.local/lib/python3.12/site-packages/airflow/example_dags/example_sensor_decorator.py
[2025-12-27T14:37:27.005+0000] {processor.py:830} INFO - Processing file /home/airflow/.local/lib/python3.12/site-packages/airflow/example_dags/example_sensor_decorator.py for tasks to queue
[2025-12-27T14:37:27.021+0000] {logging_mixin.py:188} INFO - [2025-12-27T14:37:27.019+0000] {dagbag.py:540} INFO - Filling up the DagBag from /home/airflow/.local/lib/python3.12/site-packages/airflow/example_dags/example_sensor_decorator.py
[2025-12-27T14:37:27.172+0000] {processor.py:840} INFO - DAG(s) 'example_sensor_decorator' retrieved from /home/airflow/.local/lib/python3.12/site-packages/airflow/example_dags/example_sensor_decorator.py
[2025-12-27T14:37:27.375+0000] {logging_mixin.py:188} INFO - [2025-12-27T14:37:27.371+0000] {dag.py:3096} INFO - Sync 1 DAGs
[2025-12-27T14:37:27.490+0000] {logging_mixin.py:188} INFO - [2025-12-27T14:37:27.489+0000] {dag.py:3954} INFO - Setting next_dagrun for example_sensor_decorator to None, run_after=None
[2025-12-27T14:37:27.633+0000] {processor.py:183} INFO - Processing /home/airflow/.local/lib/python3.12/site-packages/airflow/example_dags/example_sensor_decorator.py took 0.715 seconds
[2025-12-27T14:37:58.542+0000] {processor.py:161} INFO - Started process (PID=2277) to work on /home/airflow/.local/lib/python3.12/site-packages/airflow/example_dags/example_sensor_decorator.py
[2025-12-27T14:37:58.547+0000] {processor.py:830} INFO - Processing file /home/airflow/.local/lib/python3.12/site-packages/airflow/example_dags/example_sensor_decorator.py for tasks to queue
[2025-12-27T14:37:58.551+0000] {logging_mixin.py:188} INFO - [2025-12-27T14:37:58.550+0000] {dagbag.py:540} INFO - Filling up the DagBag from /home/airflow/.local/lib/python3.12/site-packages/airflow/example_dags/example_sensor_decorator.py
[2025-12-27T14:37:58.586+0000] {processor.py:840} INFO - DAG(s) 'example_sensor_decorator' retrieved from /home/airflow/.local/lib/python3.12/site-packages/airflow/example_dags/example_sensor_decorator.py
[2025-12-27T14:37:58.691+0000] {logging_mixin.py:188} INFO - [2025-12-27T14:37:58.690+0000] {dag.py:3096} INFO - Sync 1 DAGs
[2025-12-27T14:37:58.759+0000] {logging_mixin.py:188} INFO - [2025-12-27T14:37:58.759+0000] {dag.py:3954} INFO - Setting next_dagrun for example_sensor_decorator to None, run_after=None
[2025-12-27T14:37:58.829+0000] {processor.py:183} INFO - Processing /home/airflow/.local/lib/python3.12/site-packages/airflow/example_dags/example_sensor_decorator.py took 0.320 seconds
[2025-12-27T14:38:29.613+0000] {processor.py:161} INFO - Started process (PID=2335) to work on /home/airflow/.local/lib/python3.12/site-packages/airflow/example_dags/example_sensor_decorator.py
[2025-12-27T14:38:29.617+0000] {processor.py:830} INFO - Processing file /home/airflow/.local/lib/python3.12/site-packages/airflow/example_dags/example_sensor_decorator.py for tasks to queue
[2025-12-27T14:38:29.620+0000] {logging_mixin.py:188} INFO - [2025-12-27T14:38:29.619+0000] {dagbag.py:540} INFO - Filling up the DagBag from /home/airflow/.local/lib/python3.12/site-packages/airflow/example_dags/example_sensor_decorator.py
[2025-12-27T14:38:29.643+0000] {processor.py:840} INFO - DAG(s) 'example_sensor_decorator' retrieved from /home/airflow/.local/lib/python3.12/site-packages/airflow/example_dags/example_sensor_decorator.py
[2025-12-27T14:38:29.709+0000] {logging_mixin.py:188} INFO - [2025-12-27T14:38:29.708+0000] {dag.py:3096} INFO - Sync 1 DAGs
[2025-12-27T14:38:29.747+0000] {logging_mixin.py:188} INFO - [2025-12-27T14:38:29.747+0000] {dag.py:3954} INFO - Setting next_dagrun for example_sensor_decorator to None, run_after=None
[2025-12-27T14:38:29.812+0000] {processor.py:183} INFO - Processing /home/airflow/.local/lib/python3.12/site-packages/airflow/example_dags/example_sensor_decorator.py took 0.225 seconds
[2025-12-27T14:39:00.655+0000] {processor.py:161} INFO - Started process (PID=2393) to work on /home/airflow/.local/lib/python3.12/site-packages/airflow/example_dags/example_sensor_decorator.py
[2025-12-27T14:39:00.672+0000] {processor.py:830} INFO - Processing file /home/airflow/.local/lib/python3.12/site-packages/airflow/example_dags/example_sensor_decorator.py for tasks to queue
[2025-12-27T14:39:00.692+0000] {logging_mixin.py:188} INFO - [2025-12-27T14:39:00.691+0000] {dagbag.py:540} INFO - Filling up the DagBag from /home/airflow/.local/lib/python3.12/site-packages/airflow/example_dags/example_sensor_decorator.py
[2025-12-27T14:39:00.773+0000] {processor.py:840} INFO - DAG(s) 'example_sensor_decorator' retrieved from /home/airflow/.local/lib/python3.12/site-packages/airflow/example_dags/example_sensor_decorator.py
[2025-12-27T14:39:00.912+0000] {logging_mixin.py:188} INFO - [2025-12-27T14:39:00.910+0000] {dag.py:3096} INFO - Sync 1 DAGs
[2025-12-27T14:39:00.970+0000] {logging_mixin.py:188} INFO - [2025-12-27T14:39:00.969+0000] {dag.py:3954} INFO - Setting next_dagrun for example_sensor_decorator to None, run_after=None
[2025-12-27T14:39:01.046+0000] {processor.py:183} INFO - Processing /home/airflow/.local/lib/python3.12/site-packages/airflow/example_dags/example_sensor_decorator.py took 0.441 seconds
[2025-12-27T14:39:31.315+0000] {processor.py:161} INFO - Started process (PID=2451) to work on /home/airflow/.local/lib/python3.12/site-packages/airflow/example_dags/example_sensor_decorator.py
[2025-12-27T14:39:31.325+0000] {processor.py:830} INFO - Processing file /home/airflow/.local/lib/python3.12/site-packages/airflow/example_dags/example_sensor_decorator.py for tasks to queue
[2025-12-27T14:39:31.336+0000] {logging_mixin.py:188} INFO - [2025-12-27T14:39:31.331+0000] {dagbag.py:540} INFO - Filling up the DagBag from /home/airflow/.local/lib/python3.12/site-packages/airflow/example_dags/example_sensor_decorator.py
[2025-12-27T14:39:31.457+0000] {processor.py:840} INFO - DAG(s) 'example_sensor_decorator' retrieved from /home/airflow/.local/lib/python3.12/site-packages/airflow/example_dags/example_sensor_decorator.py
[2025-12-27T14:39:31.820+0000] {logging_mixin.py:188} INFO - [2025-12-27T14:39:31.819+0000] {dag.py:3096} INFO - Sync 1 DAGs
[2025-12-27T14:39:32.259+0000] {logging_mixin.py:188} INFO - [2025-12-27T14:39:32.257+0000] {dag.py:3954} INFO - Setting next_dagrun for example_sensor_decorator to None, run_after=None
[2025-12-27T14:39:32.621+0000] {processor.py:183} INFO - Processing /home/airflow/.local/lib/python3.12/site-packages/airflow/example_dags/example_sensor_decorator.py took 1.389 seconds
[2025-12-27T14:40:03.428+0000] {processor.py:161} INFO - Started process (PID=2510) to work on /home/airflow/.local/lib/python3.12/site-packages/airflow/example_dags/example_sensor_decorator.py
[2025-12-27T14:40:03.431+0000] {processor.py:830} INFO - Processing file /home/airflow/.local/lib/python3.12/site-packages/airflow/example_dags/example_sensor_decorator.py for tasks to queue
[2025-12-27T14:40:03.435+0000] {logging_mixin.py:188} INFO - [2025-12-27T14:40:03.434+0000] {dagbag.py:540} INFO - Filling up the DagBag from /home/airflow/.local/lib/python3.12/site-packages/airflow/example_dags/example_sensor_decorator.py
[2025-12-27T14:40:03.454+0000] {processor.py:840} INFO - DAG(s) 'example_sensor_decorator' retrieved from /home/airflow/.local/lib/python3.12/site-packages/airflow/example_dags/example_sensor_decorator.py
[2025-12-27T14:40:03.516+0000] {logging_mixin.py:188} INFO - [2025-12-27T14:40:03.515+0000] {dag.py:3096} INFO - Sync 1 DAGs
[2025-12-27T14:40:03.568+0000] {logging_mixin.py:188} INFO - [2025-12-27T14:40:03.568+0000] {dag.py:3954} INFO - Setting next_dagrun for example_sensor_decorator to None, run_after=None
[2025-12-27T14:40:03.661+0000] {processor.py:183} INFO - Processing /home/airflow/.local/lib/python3.12/site-packages/airflow/example_dags/example_sensor_decorator.py took 0.253 seconds
[2025-12-27T14:40:33.934+0000] {processor.py:161} INFO - Started process (PID=2568) to work on /home/airflow/.local/lib/python3.12/site-packages/airflow/example_dags/example_sensor_decorator.py
[2025-12-27T14:40:33.937+0000] {processor.py:830} INFO - Processing file /home/airflow/.local/lib/python3.12/site-packages/airflow/example_dags/example_sensor_decorator.py for tasks to queue
[2025-12-27T14:40:33.940+0000] {logging_mixin.py:188} INFO - [2025-12-27T14:40:33.939+0000] {dagbag.py:540} INFO - Filling up the DagBag from /home/airflow/.local/lib/python3.12/site-packages/airflow/example_dags/example_sensor_decorator.py
[2025-12-27T14:40:33.957+0000] {processor.py:840} INFO - DAG(s) 'example_sensor_decorator' retrieved from /home/airflow/.local/lib/python3.12/site-packages/airflow/example_dags/example_sensor_decorator.py
[2025-12-27T14:40:34.012+0000] {logging_mixin.py:188} INFO - [2025-12-27T14:40:34.011+0000] {dag.py:3096} INFO - Sync 1 DAGs
[2025-12-27T14:40:34.043+0000] {logging_mixin.py:188} INFO - [2025-12-27T14:40:34.042+0000] {dag.py:3954} INFO - Setting next_dagrun for example_sensor_decorator to None, run_after=None
[2025-12-27T14:40:34.094+0000] {processor.py:183} INFO - Processing /home/airflow/.local/lib/python3.12/site-packages/airflow/example_dags/example_sensor_decorator.py took 0.177 seconds
[2025-12-27T14:41:04.295+0000] {processor.py:161} INFO - Started process (PID=2626) to work on /home/airflow/.local/lib/python3.12/site-packages/airflow/example_dags/example_sensor_decorator.py
[2025-12-27T14:41:04.298+0000] {processor.py:830} INFO - Processing file /home/airflow/.local/lib/python3.12/site-packages/airflow/example_dags/example_sensor_decorator.py for tasks to queue
[2025-12-27T14:41:04.300+0000] {logging_mixin.py:188} INFO - [2025-12-27T14:41:04.299+0000] {dagbag.py:540} INFO - Filling up the DagBag from /home/airflow/.local/lib/python3.12/site-packages/airflow/example_dags/example_sensor_decorator.py
[2025-12-27T14:41:04.318+0000] {processor.py:840} INFO - DAG(s) 'example_sensor_decorator' retrieved from /home/airflow/.local/lib/python3.12/site-packages/airflow/example_dags/example_sensor_decorator.py
[2025-12-27T14:41:04.375+0000] {logging_mixin.py:188} INFO - [2025-12-27T14:41:04.374+0000] {dag.py:3096} INFO - Sync 1 DAGs
[2025-12-27T14:41:04.408+0000] {logging_mixin.py:188} INFO - [2025-12-27T14:41:04.408+0000] {dag.py:3954} INFO - Setting next_dagrun for example_sensor_decorator to None, run_after=None
[2025-12-27T14:41:04.460+0000] {processor.py:183} INFO - Processing /home/airflow/.local/lib/python3.12/site-packages/airflow/example_dags/example_sensor_decorator.py took 0.181 seconds
[2025-12-27T14:41:34.611+0000] {processor.py:161} INFO - Started process (PID=2684) to work on /home/airflow/.local/lib/python3.12/site-packages/airflow/example_dags/example_sensor_decorator.py
[2025-12-27T14:41:34.615+0000] {processor.py:830} INFO - Processing file /home/airflow/.local/lib/python3.12/site-packages/airflow/example_dags/example_sensor_decorator.py for tasks to queue
[2025-12-27T14:41:34.618+0000] {logging_mixin.py:188} INFO - [2025-12-27T14:41:34.617+0000] {dagbag.py:540} INFO - Filling up the DagBag from /home/airflow/.local/lib/python3.12/site-packages/airflow/example_dags/example_sensor_decorator.py
[2025-12-27T14:41:34.635+0000] {processor.py:840} INFO - DAG(s) 'example_sensor_decorator' retrieved from /home/airflow/.local/lib/python3.12/site-packages/airflow/example_dags/example_sensor_decorator.py
[2025-12-27T14:41:34.691+0000] {logging_mixin.py:188} INFO - [2025-12-27T14:41:34.691+0000] {dag.py:3096} INFO - Sync 1 DAGs
[2025-12-27T14:41:34.723+0000] {logging_mixin.py:188} INFO - [2025-12-27T14:41:34.723+0000] {dag.py:3954} INFO - Setting next_dagrun for example_sensor_decorator to None, run_after=None
[2025-12-27T14:41:34.774+0000] {processor.py:183} INFO - Processing /home/airflow/.local/lib/python3.12/site-packages/airflow/example_dags/example_sensor_decorator.py took 0.179 seconds
[2025-12-27T14:42:04.960+0000] {processor.py:161} INFO - Started process (PID=2741) to work on /home/airflow/.local/lib/python3.12/site-packages/airflow/example_dags/example_sensor_decorator.py
[2025-12-27T14:42:04.963+0000] {processor.py:830} INFO - Processing file /home/airflow/.local/lib/python3.12/site-packages/airflow/example_dags/example_sensor_decorator.py for tasks to queue
[2025-12-27T14:42:04.966+0000] {logging_mixin.py:188} INFO - [2025-12-27T14:42:04.965+0000] {dagbag.py:540} INFO - Filling up the DagBag from /home/airflow/.local/lib/python3.12/site-packages/airflow/example_dags/example_sensor_decorator.py
[2025-12-27T14:42:04.982+0000] {processor.py:840} INFO - DAG(s) 'example_sensor_decorator' retrieved from /home/airflow/.local/lib/python3.12/site-packages/airflow/example_dags/example_sensor_decorator.py
[2025-12-27T14:42:05.038+0000] {logging_mixin.py:188} INFO - [2025-12-27T14:42:05.038+0000] {dag.py:3096} INFO - Sync 1 DAGs
[2025-12-27T14:42:05.070+0000] {logging_mixin.py:188} INFO - [2025-12-27T14:42:05.069+0000] {dag.py:3954} INFO - Setting next_dagrun for example_sensor_decorator to None, run_after=None
[2025-12-27T14:42:05.126+0000] {processor.py:183} INFO - Processing /home/airflow/.local/lib/python3.12/site-packages/airflow/example_dags/example_sensor_decorator.py took 0.181 seconds
[2025-12-27T14:42:35.725+0000] {processor.py:161} INFO - Started process (PID=2799) to work on /home/airflow/.local/lib/python3.12/site-packages/airflow/example_dags/example_sensor_decorator.py
[2025-12-27T14:42:35.728+0000] {processor.py:830} INFO - Processing file /home/airflow/.local/lib/python3.12/site-packages/airflow/example_dags/example_sensor_decorator.py for tasks to queue
[2025-12-27T14:42:35.731+0000] {logging_mixin.py:188} INFO - [2025-12-27T14:42:35.730+0000] {dagbag.py:540} INFO - Filling up the DagBag from /home/airflow/.local/lib/python3.12/site-packages/airflow/example_dags/example_sensor_decorator.py
[2025-12-27T14:42:35.747+0000] {processor.py:840} INFO - DAG(s) 'example_sensor_decorator' retrieved from /home/airflow/.local/lib/python3.12/site-packages/airflow/example_dags/example_sensor_decorator.py
[2025-12-27T14:42:35.812+0000] {logging_mixin.py:188} INFO - [2025-12-27T14:42:35.811+0000] {dag.py:3096} INFO - Sync 1 DAGs
[2025-12-27T14:42:35.855+0000] {logging_mixin.py:188} INFO - [2025-12-27T14:42:35.854+0000] {dag.py:3954} INFO - Setting next_dagrun for example_sensor_decorator to None, run_after=None
[2025-12-27T14:42:35.910+0000] {processor.py:183} INFO - Processing /home/airflow/.local/lib/python3.12/site-packages/airflow/example_dags/example_sensor_decorator.py took 0.200 seconds
[2025-12-27T14:43:06.758+0000] {processor.py:161} INFO - Started process (PID=2857) to work on /home/airflow/.local/lib/python3.12/site-packages/airflow/example_dags/example_sensor_decorator.py
[2025-12-27T14:43:06.762+0000] {processor.py:830} INFO - Processing file /home/airflow/.local/lib/python3.12/site-packages/airflow/example_dags/example_sensor_decorator.py for tasks to queue
[2025-12-27T14:43:06.767+0000] {logging_mixin.py:188} INFO - [2025-12-27T14:43:06.765+0000] {dagbag.py:540} INFO - Filling up the DagBag from /home/airflow/.local/lib/python3.12/site-packages/airflow/example_dags/example_sensor_decorator.py
[2025-12-27T14:43:06.795+0000] {processor.py:840} INFO - DAG(s) 'example_sensor_decorator' retrieved from /home/airflow/.local/lib/python3.12/site-packages/airflow/example_dags/example_sensor_decorator.py
[2025-12-27T14:43:06.864+0000] {logging_mixin.py:188} INFO - [2025-12-27T14:43:06.863+0000] {dag.py:3096} INFO - Sync 1 DAGs
[2025-12-27T14:43:06.903+0000] {logging_mixin.py:188} INFO - [2025-12-27T14:43:06.902+0000] {dag.py:3954} INFO - Setting next_dagrun for example_sensor_decorator to None, run_after=None
[2025-12-27T14:43:06.979+0000] {processor.py:183} INFO - Processing /home/airflow/.local/lib/python3.12/site-packages/airflow/example_dags/example_sensor_decorator.py took 0.254 seconds
[2025-12-27T14:43:37.276+0000] {processor.py:161} INFO - Started process (PID=2921) to work on /home/airflow/.local/lib/python3.12/site-packages/airflow/example_dags/example_sensor_decorator.py
[2025-12-27T14:43:37.279+0000] {processor.py:830} INFO - Processing file /home/airflow/.local/lib/python3.12/site-packages/airflow/example_dags/example_sensor_decorator.py for tasks to queue
[2025-12-27T14:43:37.282+0000] {logging_mixin.py:188} INFO - [2025-12-27T14:43:37.281+0000] {dagbag.py:540} INFO - Filling up the DagBag from /home/airflow/.local/lib/python3.12/site-packages/airflow/example_dags/example_sensor_decorator.py
[2025-12-27T14:43:37.313+0000] {processor.py:840} INFO - DAG(s) 'example_sensor_decorator' retrieved from /home/airflow/.local/lib/python3.12/site-packages/airflow/example_dags/example_sensor_decorator.py
[2025-12-27T14:43:37.388+0000] {logging_mixin.py:188} INFO - [2025-12-27T14:43:37.388+0000] {dag.py:3096} INFO - Sync 1 DAGs
[2025-12-27T14:43:37.423+0000] {logging_mixin.py:188} INFO - [2025-12-27T14:43:37.423+0000] {dag.py:3954} INFO - Setting next_dagrun for example_sensor_decorator to None, run_after=None
[2025-12-27T14:43:37.475+0000] {processor.py:183} INFO - Processing /home/airflow/.local/lib/python3.12/site-packages/airflow/example_dags/example_sensor_decorator.py took 0.229 seconds
[2025-12-27T14:44:07.880+0000] {processor.py:161} INFO - Started process (PID=2980) to work on /home/airflow/.local/lib/python3.12/site-packages/airflow/example_dags/example_sensor_decorator.py
[2025-12-27T14:44:07.883+0000] {processor.py:830} INFO - Processing file /home/airflow/.local/lib/python3.12/site-packages/airflow/example_dags/example_sensor_decorator.py for tasks to queue
[2025-12-27T14:44:07.886+0000] {logging_mixin.py:188} INFO - [2025-12-27T14:44:07.885+0000] {dagbag.py:540} INFO - Filling up the DagBag from /home/airflow/.local/lib/python3.12/site-packages/airflow/example_dags/example_sensor_decorator.py
[2025-12-27T14:44:07.904+0000] {processor.py:840} INFO - DAG(s) 'example_sensor_decorator' retrieved from /home/airflow/.local/lib/python3.12/site-packages/airflow/example_dags/example_sensor_decorator.py
[2025-12-27T14:44:07.973+0000] {logging_mixin.py:188} INFO - [2025-12-27T14:44:07.972+0000] {dag.py:3096} INFO - Sync 1 DAGs
[2025-12-27T14:44:08.013+0000] {logging_mixin.py:188} INFO - [2025-12-27T14:44:08.012+0000] {dag.py:3954} INFO - Setting next_dagrun for example_sensor_decorator to None, run_after=None
[2025-12-27T14:44:08.068+0000] {processor.py:183} INFO - Processing /home/airflow/.local/lib/python3.12/site-packages/airflow/example_dags/example_sensor_decorator.py took 0.205 seconds
[2025-12-27T14:44:38.843+0000] {processor.py:161} INFO - Started process (PID=3039) to work on /home/airflow/.local/lib/python3.12/site-packages/airflow/example_dags/example_sensor_decorator.py
[2025-12-27T14:44:38.847+0000] {processor.py:830} INFO - Processing file /home/airflow/.local/lib/python3.12/site-packages/airflow/example_dags/example_sensor_decorator.py for tasks to queue
[2025-12-27T14:44:38.850+0000] {logging_mixin.py:188} INFO - [2025-12-27T14:44:38.849+0000] {dagbag.py:540} INFO - Filling up the DagBag from /home/airflow/.local/lib/python3.12/site-packages/airflow/example_dags/example_sensor_decorator.py
[2025-12-27T14:44:38.876+0000] {processor.py:840} INFO - DAG(s) 'example_sensor_decorator' retrieved from /home/airflow/.local/lib/python3.12/site-packages/airflow/example_dags/example_sensor_decorator.py
[2025-12-27T14:44:38.957+0000] {logging_mixin.py:188} INFO - [2025-12-27T14:44:38.956+0000] {dag.py:3096} INFO - Sync 1 DAGs
[2025-12-27T14:44:39.001+0000] {logging_mixin.py:188} INFO - [2025-12-27T14:44:39.000+0000] {dag.py:3954} INFO - Setting next_dagrun for example_sensor_decorator to None, run_after=None
[2025-12-27T14:44:39.068+0000] {processor.py:183} INFO - Processing /home/airflow/.local/lib/python3.12/site-packages/airflow/example_dags/example_sensor_decorator.py took 0.246 seconds
[2025-12-27T14:45:11.083+0000] {processor.py:161} INFO - Started process (PID=3098) to work on /home/airflow/.local/lib/python3.12/site-packages/airflow/example_dags/example_sensor_decorator.py
[2025-12-27T14:45:11.088+0000] {processor.py:830} INFO - Processing file /home/airflow/.local/lib/python3.12/site-packages/airflow/example_dags/example_sensor_decorator.py for tasks to queue
[2025-12-27T14:45:11.092+0000] {logging_mixin.py:188} INFO - [2025-12-27T14:45:11.090+0000] {dagbag.py:540} INFO - Filling up the DagBag from /home/airflow/.local/lib/python3.12/site-packages/airflow/example_dags/example_sensor_decorator.py
[2025-12-27T14:45:11.125+0000] {processor.py:840} INFO - DAG(s) 'example_sensor_decorator' retrieved from /home/airflow/.local/lib/python3.12/site-packages/airflow/example_dags/example_sensor_decorator.py
[2025-12-27T14:45:11.254+0000] {logging_mixin.py:188} INFO - [2025-12-27T14:45:11.254+0000] {dag.py:3096} INFO - Sync 1 DAGs
[2025-12-27T14:45:11.325+0000] {logging_mixin.py:188} INFO - [2025-12-27T14:45:11.324+0000] {dag.py:3954} INFO - Setting next_dagrun for example_sensor_decorator to None, run_after=None
[2025-12-27T14:45:11.423+0000] {processor.py:183} INFO - Processing /home/airflow/.local/lib/python3.12/site-packages/airflow/example_dags/example_sensor_decorator.py took 0.373 seconds
[2025-12-27T14:45:41.832+0000] {processor.py:161} INFO - Started process (PID=3154) to work on /home/airflow/.local/lib/python3.12/site-packages/airflow/example_dags/example_sensor_decorator.py
[2025-12-27T14:45:41.835+0000] {processor.py:830} INFO - Processing file /home/airflow/.local/lib/python3.12/site-packages/airflow/example_dags/example_sensor_decorator.py for tasks to queue
[2025-12-27T14:45:41.839+0000] {logging_mixin.py:188} INFO - [2025-12-27T14:45:41.838+0000] {dagbag.py:540} INFO - Filling up the DagBag from /home/airflow/.local/lib/python3.12/site-packages/airflow/example_dags/example_sensor_decorator.py
[2025-12-27T14:45:41.856+0000] {processor.py:840} INFO - DAG(s) 'example_sensor_decorator' retrieved from /home/airflow/.local/lib/python3.12/site-packages/airflow/example_dags/example_sensor_decorator.py
[2025-12-27T14:45:41.922+0000] {logging_mixin.py:188} INFO - [2025-12-27T14:45:41.921+0000] {dag.py:3096} INFO - Sync 1 DAGs
[2025-12-27T14:45:41.962+0000] {logging_mixin.py:188} INFO - [2025-12-27T14:45:41.961+0000] {dag.py:3954} INFO - Setting next_dagrun for example_sensor_decorator to None, run_after=None
[2025-12-27T14:45:42.020+0000] {processor.py:183} INFO - Processing /home/airflow/.local/lib/python3.12/site-packages/airflow/example_dags/example_sensor_decorator.py took 0.207 seconds
[2025-12-27T14:46:12.586+0000] {processor.py:161} INFO - Started process (PID=3211) to work on /home/airflow/.local/lib/python3.12/site-packages/airflow/example_dags/example_sensor_decorator.py
[2025-12-27T14:46:12.588+0000] {processor.py:830} INFO - Processing file /home/airflow/.local/lib/python3.12/site-packages/airflow/example_dags/example_sensor_decorator.py for tasks to queue
[2025-12-27T14:46:12.591+0000] {logging_mixin.py:188} INFO - [2025-12-27T14:46:12.590+0000] {dagbag.py:540} INFO - Filling up the DagBag from /home/airflow/.local/lib/python3.12/site-packages/airflow/example_dags/example_sensor_decorator.py
[2025-12-27T14:46:12.608+0000] {processor.py:840} INFO - DAG(s) 'example_sensor_decorator' retrieved from /home/airflow/.local/lib/python3.12/site-packages/airflow/example_dags/example_sensor_decorator.py
[2025-12-27T14:46:12.665+0000] {logging_mixin.py:188} INFO - [2025-12-27T14:46:12.665+0000] {dag.py:3096} INFO - Sync 1 DAGs
[2025-12-27T14:46:12.699+0000] {logging_mixin.py:188} INFO - [2025-12-27T14:46:12.699+0000] {dag.py:3954} INFO - Setting next_dagrun for example_sensor_decorator to None, run_after=None
[2025-12-27T14:46:12.751+0000] {processor.py:183} INFO - Processing /home/airflow/.local/lib/python3.12/site-packages/airflow/example_dags/example_sensor_decorator.py took 0.180 seconds
[2025-12-27T14:46:43.120+0000] {processor.py:161} INFO - Started process (PID=3270) to work on /home/airflow/.local/lib/python3.12/site-packages/airflow/example_dags/example_sensor_decorator.py
[2025-12-27T14:46:43.122+0000] {processor.py:830} INFO - Processing file /home/airflow/.local/lib/python3.12/site-packages/airflow/example_dags/example_sensor_decorator.py for tasks to queue
[2025-12-27T14:46:43.125+0000] {logging_mixin.py:188} INFO - [2025-12-27T14:46:43.124+0000] {dagbag.py:540} INFO - Filling up the DagBag from /home/airflow/.local/lib/python3.12/site-packages/airflow/example_dags/example_sensor_decorator.py
[2025-12-27T14:46:43.143+0000] {processor.py:840} INFO - DAG(s) 'example_sensor_decorator' retrieved from /home/airflow/.local/lib/python3.12/site-packages/airflow/example_dags/example_sensor_decorator.py
[2025-12-27T14:46:43.203+0000] {logging_mixin.py:188} INFO - [2025-12-27T14:46:43.203+0000] {dag.py:3096} INFO - Sync 1 DAGs
[2025-12-27T14:46:43.239+0000] {logging_mixin.py:188} INFO - [2025-12-27T14:46:43.239+0000] {dag.py:3954} INFO - Setting next_dagrun for example_sensor_decorator to None, run_after=None
[2025-12-27T14:46:43.302+0000] {processor.py:183} INFO - Processing /home/airflow/.local/lib/python3.12/site-packages/airflow/example_dags/example_sensor_decorator.py took 0.200 seconds
[2025-12-27T14:47:13.602+0000] {processor.py:161} INFO - Started process (PID=3328) to work on /home/airflow/.local/lib/python3.12/site-packages/airflow/example_dags/example_sensor_decorator.py
[2025-12-27T14:47:13.605+0000] {processor.py:830} INFO - Processing file /home/airflow/.local/lib/python3.12/site-packages/airflow/example_dags/example_sensor_decorator.py for tasks to queue
[2025-12-27T14:47:13.608+0000] {logging_mixin.py:188} INFO - [2025-12-27T14:47:13.607+0000] {dagbag.py:540} INFO - Filling up the DagBag from /home/airflow/.local/lib/python3.12/site-packages/airflow/example_dags/example_sensor_decorator.py
[2025-12-27T14:47:13.625+0000] {processor.py:840} INFO - DAG(s) 'example_sensor_decorator' retrieved from /home/airflow/.local/lib/python3.12/site-packages/airflow/example_dags/example_sensor_decorator.py
[2025-12-27T14:47:13.679+0000] {logging_mixin.py:188} INFO - [2025-12-27T14:47:13.679+0000] {dag.py:3096} INFO - Sync 1 DAGs
[2025-12-27T14:47:13.712+0000] {logging_mixin.py:188} INFO - [2025-12-27T14:47:13.712+0000] {dag.py:3954} INFO - Setting next_dagrun for example_sensor_decorator to None, run_after=None
[2025-12-27T14:47:13.772+0000] {processor.py:183} INFO - Processing /home/airflow/.local/lib/python3.12/site-packages/airflow/example_dags/example_sensor_decorator.py took 0.186 seconds
[2025-12-27T14:47:44.046+0000] {processor.py:161} INFO - Started process (PID=3386) to work on /home/airflow/.local/lib/python3.12/site-packages/airflow/example_dags/example_sensor_decorator.py
[2025-12-27T14:47:44.049+0000] {processor.py:830} INFO - Processing file /home/airflow/.local/lib/python3.12/site-packages/airflow/example_dags/example_sensor_decorator.py for tasks to queue
[2025-12-27T14:47:44.054+0000] {logging_mixin.py:188} INFO - [2025-12-27T14:47:44.051+0000] {dagbag.py:540} INFO - Filling up the DagBag from /home/airflow/.local/lib/python3.12/site-packages/airflow/example_dags/example_sensor_decorator.py
[2025-12-27T14:47:44.075+0000] {processor.py:840} INFO - DAG(s) 'example_sensor_decorator' retrieved from /home/airflow/.local/lib/python3.12/site-packages/airflow/example_dags/example_sensor_decorator.py
[2025-12-27T14:47:44.135+0000] {logging_mixin.py:188} INFO - [2025-12-27T14:47:44.134+0000] {dag.py:3096} INFO - Sync 1 DAGs
[2025-12-27T14:47:44.165+0000] {logging_mixin.py:188} INFO - [2025-12-27T14:47:44.165+0000] {dag.py:3954} INFO - Setting next_dagrun for example_sensor_decorator to None, run_after=None
[2025-12-27T14:47:44.216+0000] {processor.py:183} INFO - Processing /home/airflow/.local/lib/python3.12/site-packages/airflow/example_dags/example_sensor_decorator.py took 0.188 seconds
[2025-12-27T14:48:14.711+0000] {processor.py:161} INFO - Started process (PID=3446) to work on /home/airflow/.local/lib/python3.12/site-packages/airflow/example_dags/example_sensor_decorator.py
[2025-12-27T14:48:14.716+0000] {processor.py:830} INFO - Processing file /home/airflow/.local/lib/python3.12/site-packages/airflow/example_dags/example_sensor_decorator.py for tasks to queue
[2025-12-27T14:48:14.720+0000] {logging_mixin.py:188} INFO - [2025-12-27T14:48:14.718+0000] {dagbag.py:540} INFO - Filling up the DagBag from /home/airflow/.local/lib/python3.12/site-packages/airflow/example_dags/example_sensor_decorator.py
[2025-12-27T14:48:14.756+0000] {processor.py:840} INFO - DAG(s) 'example_sensor_decorator' retrieved from /home/airflow/.local/lib/python3.12/site-packages/airflow/example_dags/example_sensor_decorator.py
[2025-12-27T14:48:14.879+0000] {logging_mixin.py:188} INFO - [2025-12-27T14:48:14.878+0000] {dag.py:3096} INFO - Sync 1 DAGs
[2025-12-27T14:48:14.942+0000] {logging_mixin.py:188} INFO - [2025-12-27T14:48:14.941+0000] {dag.py:3954} INFO - Setting next_dagrun for example_sensor_decorator to None, run_after=None
[2025-12-27T14:48:15.033+0000] {processor.py:183} INFO - Processing /home/airflow/.local/lib/python3.12/site-packages/airflow/example_dags/example_sensor_decorator.py took 0.345 seconds
[2025-12-27T14:48:45.170+0000] {processor.py:161} INFO - Started process (PID=3503) to work on /home/airflow/.local/lib/python3.12/site-packages/airflow/example_dags/example_sensor_decorator.py
[2025-12-27T14:48:45.174+0000] {processor.py:830} INFO - Processing file /home/airflow/.local/lib/python3.12/site-packages/airflow/example_dags/example_sensor_decorator.py for tasks to queue
[2025-12-27T14:48:45.178+0000] {logging_mixin.py:188} INFO - [2025-12-27T14:48:45.176+0000] {dagbag.py:540} INFO - Filling up the DagBag from /home/airflow/.local/lib/python3.12/site-packages/airflow/example_dags/example_sensor_decorator.py
[2025-12-27T14:48:45.204+0000] {processor.py:840} INFO - DAG(s) 'example_sensor_decorator' retrieved from /home/airflow/.local/lib/python3.12/site-packages/airflow/example_dags/example_sensor_decorator.py
[2025-12-27T14:48:45.276+0000] {logging_mixin.py:188} INFO - [2025-12-27T14:48:45.275+0000] {dag.py:3096} INFO - Sync 1 DAGs
[2025-12-27T14:48:45.314+0000] {logging_mixin.py:188} INFO - [2025-12-27T14:48:45.314+0000] {dag.py:3954} INFO - Setting next_dagrun for example_sensor_decorator to None, run_after=None
[2025-12-27T14:48:45.376+0000] {processor.py:183} INFO - Processing /home/airflow/.local/lib/python3.12/site-packages/airflow/example_dags/example_sensor_decorator.py took 0.232 seconds
[2025-12-27T14:49:16.245+0000] {processor.py:161} INFO - Started process (PID=3561) to work on /home/airflow/.local/lib/python3.12/site-packages/airflow/example_dags/example_sensor_decorator.py
[2025-12-27T14:49:16.251+0000] {processor.py:830} INFO - Processing file /home/airflow/.local/lib/python3.12/site-packages/airflow/example_dags/example_sensor_decorator.py for tasks to queue
[2025-12-27T14:49:16.257+0000] {logging_mixin.py:188} INFO - [2025-12-27T14:49:16.255+0000] {dagbag.py:540} INFO - Filling up the DagBag from /home/airflow/.local/lib/python3.12/site-packages/airflow/example_dags/example_sensor_decorator.py
[2025-12-27T14:49:16.324+0000] {processor.py:840} INFO - DAG(s) 'example_sensor_decorator' retrieved from /home/airflow/.local/lib/python3.12/site-packages/airflow/example_dags/example_sensor_decorator.py
[2025-12-27T14:49:16.445+0000] {logging_mixin.py:188} INFO - [2025-12-27T14:49:16.442+0000] {dag.py:3096} INFO - Sync 1 DAGs
[2025-12-27T14:49:16.545+0000] {logging_mixin.py:188} INFO - [2025-12-27T14:49:16.543+0000] {dag.py:3954} INFO - Setting next_dagrun for example_sensor_decorator to None, run_after=None
[2025-12-27T14:49:16.634+0000] {processor.py:183} INFO - Processing /home/airflow/.local/lib/python3.12/site-packages/airflow/example_dags/example_sensor_decorator.py took 0.417 seconds
[2025-12-27T14:49:47.019+0000] {processor.py:161} INFO - Started process (PID=3618) to work on /home/airflow/.local/lib/python3.12/site-packages/airflow/example_dags/example_sensor_decorator.py
[2025-12-27T14:49:47.023+0000] {processor.py:830} INFO - Processing file /home/airflow/.local/lib/python3.12/site-packages/airflow/example_dags/example_sensor_decorator.py for tasks to queue
[2025-12-27T14:49:47.027+0000] {logging_mixin.py:188} INFO - [2025-12-27T14:49:47.026+0000] {dagbag.py:540} INFO - Filling up the DagBag from /home/airflow/.local/lib/python3.12/site-packages/airflow/example_dags/example_sensor_decorator.py
[2025-12-27T14:49:47.061+0000] {processor.py:840} INFO - DAG(s) 'example_sensor_decorator' retrieved from /home/airflow/.local/lib/python3.12/site-packages/airflow/example_dags/example_sensor_decorator.py
[2025-12-27T14:49:47.159+0000] {logging_mixin.py:188} INFO - [2025-12-27T14:49:47.158+0000] {dag.py:3096} INFO - Sync 1 DAGs
[2025-12-27T14:49:47.219+0000] {logging_mixin.py:188} INFO - [2025-12-27T14:49:47.218+0000] {dag.py:3954} INFO - Setting next_dagrun for example_sensor_decorator to None, run_after=None
[2025-12-27T14:49:47.315+0000] {processor.py:183} INFO - Processing /home/airflow/.local/lib/python3.12/site-packages/airflow/example_dags/example_sensor_decorator.py took 0.325 seconds
[2025-12-27T14:50:20.783+0000] {processor.py:161} INFO - Started process (PID=3669) to work on /home/airflow/.local/lib/python3.12/site-packages/airflow/example_dags/example_sensor_decorator.py
[2025-12-27T14:50:20.791+0000] {processor.py:830} INFO - Processing file /home/airflow/.local/lib/python3.12/site-packages/airflow/example_dags/example_sensor_decorator.py for tasks to queue
[2025-12-27T14:50:20.796+0000] {logging_mixin.py:188} INFO - [2025-12-27T14:50:20.795+0000] {dagbag.py:540} INFO - Filling up the DagBag from /home/airflow/.local/lib/python3.12/site-packages/airflow/example_dags/example_sensor_decorator.py
[2025-12-27T14:50:20.836+0000] {processor.py:840} INFO - DAG(s) 'example_sensor_decorator' retrieved from /home/airflow/.local/lib/python3.12/site-packages/airflow/example_dags/example_sensor_decorator.py
[2025-12-27T14:50:20.945+0000] {logging_mixin.py:188} INFO - [2025-12-27T14:50:20.944+0000] {dag.py:3096} INFO - Sync 1 DAGs
[2025-12-27T14:50:21.017+0000] {logging_mixin.py:188} INFO - [2025-12-27T14:50:21.016+0000] {dag.py:3954} INFO - Setting next_dagrun for example_sensor_decorator to None, run_after=None
[2025-12-27T14:50:21.094+0000] {processor.py:183} INFO - Processing /home/airflow/.local/lib/python3.12/site-packages/airflow/example_dags/example_sensor_decorator.py took 0.346 seconds
[2025-12-27T14:50:53.494+0000] {processor.py:161} INFO - Started process (PID=3726) to work on /home/airflow/.local/lib/python3.12/site-packages/airflow/example_dags/example_sensor_decorator.py
[2025-12-27T14:50:53.499+0000] {processor.py:830} INFO - Processing file /home/airflow/.local/lib/python3.12/site-packages/airflow/example_dags/example_sensor_decorator.py for tasks to queue
[2025-12-27T14:50:53.504+0000] {logging_mixin.py:188} INFO - [2025-12-27T14:50:53.502+0000] {dagbag.py:540} INFO - Filling up the DagBag from /home/airflow/.local/lib/python3.12/site-packages/airflow/example_dags/example_sensor_decorator.py
[2025-12-27T14:50:53.544+0000] {processor.py:840} INFO - DAG(s) 'example_sensor_decorator' retrieved from /home/airflow/.local/lib/python3.12/site-packages/airflow/example_dags/example_sensor_decorator.py
[2025-12-27T14:50:53.646+0000] {logging_mixin.py:188} INFO - [2025-12-27T14:50:53.645+0000] {dag.py:3096} INFO - Sync 1 DAGs
[2025-12-27T14:50:53.701+0000] {logging_mixin.py:188} INFO - [2025-12-27T14:50:53.700+0000] {dag.py:3954} INFO - Setting next_dagrun for example_sensor_decorator to None, run_after=None
[2025-12-27T14:50:53.820+0000] {processor.py:183} INFO - Processing /home/airflow/.local/lib/python3.12/site-packages/airflow/example_dags/example_sensor_decorator.py took 0.370 seconds
[2025-12-27T14:51:31.677+0000] {processor.py:161} INFO - Started process (PID=3782) to work on /home/airflow/.local/lib/python3.12/site-packages/airflow/example_dags/example_sensor_decorator.py
[2025-12-27T14:51:31.689+0000] {processor.py:830} INFO - Processing file /home/airflow/.local/lib/python3.12/site-packages/airflow/example_dags/example_sensor_decorator.py for tasks to queue
[2025-12-27T14:51:31.717+0000] {logging_mixin.py:188} INFO - [2025-12-27T14:51:31.716+0000] {dagbag.py:540} INFO - Filling up the DagBag from /home/airflow/.local/lib/python3.12/site-packages/airflow/example_dags/example_sensor_decorator.py
[2025-12-27T14:51:31.803+0000] {processor.py:840} INFO - DAG(s) 'example_sensor_decorator' retrieved from /home/airflow/.local/lib/python3.12/site-packages/airflow/example_dags/example_sensor_decorator.py
[2025-12-27T14:51:32.040+0000] {logging_mixin.py:188} INFO - [2025-12-27T14:51:32.039+0000] {dag.py:3096} INFO - Sync 1 DAGs
[2025-12-27T14:51:32.228+0000] {logging_mixin.py:188} INFO - [2025-12-27T14:51:32.219+0000] {dag.py:3954} INFO - Setting next_dagrun for example_sensor_decorator to None, run_after=None
[2025-12-27T14:51:32.428+0000] {processor.py:183} INFO - Processing /home/airflow/.local/lib/python3.12/site-packages/airflow/example_dags/example_sensor_decorator.py took 0.770 seconds
[2025-12-27T14:52:38.146+0000] {processor.py:161} INFO - Started process (PID=3810) to work on /home/airflow/.local/lib/python3.12/site-packages/airflow/example_dags/example_sensor_decorator.py
[2025-12-27T14:52:38.183+0000] {processor.py:830} INFO - Processing file /home/airflow/.local/lib/python3.12/site-packages/airflow/example_dags/example_sensor_decorator.py for tasks to queue
[2025-12-27T14:52:38.192+0000] {logging_mixin.py:188} INFO - [2025-12-27T14:52:38.190+0000] {dagbag.py:540} INFO - Filling up the DagBag from /home/airflow/.local/lib/python3.12/site-packages/airflow/example_dags/example_sensor_decorator.py
[2025-12-27T14:52:38.401+0000] {processor.py:840} INFO - DAG(s) 'example_sensor_decorator' retrieved from /home/airflow/.local/lib/python3.12/site-packages/airflow/example_dags/example_sensor_decorator.py
[2025-12-27T14:52:39.178+0000] {logging_mixin.py:188} INFO - [2025-12-27T14:52:39.177+0000] {dag.py:3096} INFO - Sync 1 DAGs
[2025-12-27T14:52:39.410+0000] {logging_mixin.py:188} INFO - [2025-12-27T14:52:39.409+0000] {dag.py:3954} INFO - Setting next_dagrun for example_sensor_decorator to None, run_after=None
[2025-12-27T14:52:40.632+0000] {processor.py:183} INFO - Processing /home/airflow/.local/lib/python3.12/site-packages/airflow/example_dags/example_sensor_decorator.py took 2.753 seconds
[2025-12-27T14:54:52.221+0000] {processor.py:161} INFO - Started process (PID=3866) to work on /home/airflow/.local/lib/python3.12/site-packages/airflow/example_dags/example_sensor_decorator.py
[2025-12-27T14:54:52.237+0000] {processor.py:830} INFO - Processing file /home/airflow/.local/lib/python3.12/site-packages/airflow/example_dags/example_sensor_decorator.py for tasks to queue
[2025-12-27T14:54:52.282+0000] {logging_mixin.py:188} INFO - [2025-12-27T14:54:52.280+0000] {dagbag.py:540} INFO - Filling up the DagBag from /home/airflow/.local/lib/python3.12/site-packages/airflow/example_dags/example_sensor_decorator.py
[2025-12-27T14:54:53.426+0000] {processor.py:840} INFO - DAG(s) 'example_sensor_decorator' retrieved from /home/airflow/.local/lib/python3.12/site-packages/airflow/example_dags/example_sensor_decorator.py
[2025-12-27T14:54:54.062+0000] {logging_mixin.py:188} INFO - [2025-12-27T14:54:54.061+0000] {dag.py:3096} INFO - Sync 1 DAGs
[2025-12-27T14:54:54.287+0000] {logging_mixin.py:188} INFO - [2025-12-27T14:54:54.286+0000] {dag.py:3954} INFO - Setting next_dagrun for example_sensor_decorator to None, run_after=None
[2025-12-27T14:54:54.605+0000] {processor.py:183} INFO - Processing /home/airflow/.local/lib/python3.12/site-packages/airflow/example_dags/example_sensor_decorator.py took 2.482 seconds
