[2025-12-27T14:15:14.483+0000] {processor.py:161} INFO - Started process (PID=128) to work on /home/airflow/.local/lib/python3.12/site-packages/airflow/example_dags/example_kubernetes_executor.py
[2025-12-27T14:15:14.488+0000] {processor.py:830} INFO - Processing file /home/airflow/.local/lib/python3.12/site-packages/airflow/example_dags/example_kubernetes_executor.py for tasks to queue
[2025-12-27T14:15:14.500+0000] {logging_mixin.py:188} INFO - [2025-12-27T14:15:14.498+0000] {dagbag.py:540} INFO - Filling up the DagBag from /home/airflow/.local/lib/python3.12/site-packages/airflow/example_dags/example_kubernetes_executor.py
[2025-12-27T14:15:14.729+0000] {processor.py:840} INFO - DAG(s) 'example_kubernetes_executor' retrieved from /home/airflow/.local/lib/python3.12/site-packages/airflow/example_dags/example_kubernetes_executor.py
[2025-12-27T14:15:15.911+0000] {logging_mixin.py:188} INFO - [2025-12-27T14:15:15.910+0000] {dag.py:3096} INFO - Sync 1 DAGs
[2025-12-27T14:15:15.993+0000] {logging_mixin.py:188} INFO - [2025-12-27T14:15:15.990+0000] {dag.py:3954} INFO - Setting next_dagrun for example_kubernetes_executor to None, run_after=None
[2025-12-27T14:15:16.179+0000] {processor.py:183} INFO - Processing /home/airflow/.local/lib/python3.12/site-packages/airflow/example_dags/example_kubernetes_executor.py took 1.759 seconds
[2025-12-27T14:15:46.531+0000] {processor.py:161} INFO - Started process (PID=192) to work on /home/airflow/.local/lib/python3.12/site-packages/airflow/example_dags/example_kubernetes_executor.py
[2025-12-27T14:15:46.537+0000] {processor.py:830} INFO - Processing file /home/airflow/.local/lib/python3.12/site-packages/airflow/example_dags/example_kubernetes_executor.py for tasks to queue
[2025-12-27T14:15:46.544+0000] {logging_mixin.py:188} INFO - [2025-12-27T14:15:46.542+0000] {dagbag.py:540} INFO - Filling up the DagBag from /home/airflow/.local/lib/python3.12/site-packages/airflow/example_dags/example_kubernetes_executor.py
[2025-12-27T14:15:46.620+0000] {processor.py:840} INFO - DAG(s) 'example_kubernetes_executor' retrieved from /home/airflow/.local/lib/python3.12/site-packages/airflow/example_dags/example_kubernetes_executor.py
[2025-12-27T14:15:47.011+0000] {logging_mixin.py:188} INFO - [2025-12-27T14:15:47.008+0000] {dag.py:3096} INFO - Sync 1 DAGs
[2025-12-27T14:15:47.118+0000] {logging_mixin.py:188} INFO - [2025-12-27T14:15:47.117+0000] {dag.py:3954} INFO - Setting next_dagrun for example_kubernetes_executor to None, run_after=None
[2025-12-27T14:15:47.208+0000] {processor.py:183} INFO - Processing /home/airflow/.local/lib/python3.12/site-packages/airflow/example_dags/example_kubernetes_executor.py took 0.706 seconds
[2025-12-27T14:16:18.161+0000] {processor.py:161} INFO - Started process (PID=250) to work on /home/airflow/.local/lib/python3.12/site-packages/airflow/example_dags/example_kubernetes_executor.py
[2025-12-27T14:16:18.165+0000] {processor.py:830} INFO - Processing file /home/airflow/.local/lib/python3.12/site-packages/airflow/example_dags/example_kubernetes_executor.py for tasks to queue
[2025-12-27T14:16:18.174+0000] {logging_mixin.py:188} INFO - [2025-12-27T14:16:18.173+0000] {dagbag.py:540} INFO - Filling up the DagBag from /home/airflow/.local/lib/python3.12/site-packages/airflow/example_dags/example_kubernetes_executor.py
[2025-12-27T14:16:18.238+0000] {processor.py:840} INFO - DAG(s) 'example_kubernetes_executor' retrieved from /home/airflow/.local/lib/python3.12/site-packages/airflow/example_dags/example_kubernetes_executor.py
[2025-12-27T14:16:18.450+0000] {logging_mixin.py:188} INFO - [2025-12-27T14:16:18.449+0000] {dag.py:3096} INFO - Sync 1 DAGs
[2025-12-27T14:16:18.502+0000] {logging_mixin.py:188} INFO - [2025-12-27T14:16:18.502+0000] {dag.py:3954} INFO - Setting next_dagrun for example_kubernetes_executor to None, run_after=None
[2025-12-27T14:16:18.593+0000] {processor.py:183} INFO - Processing /home/airflow/.local/lib/python3.12/site-packages/airflow/example_dags/example_kubernetes_executor.py took 0.457 seconds
[2025-12-27T14:16:49.454+0000] {processor.py:161} INFO - Started process (PID=308) to work on /home/airflow/.local/lib/python3.12/site-packages/airflow/example_dags/example_kubernetes_executor.py
[2025-12-27T14:16:49.458+0000] {processor.py:830} INFO - Processing file /home/airflow/.local/lib/python3.12/site-packages/airflow/example_dags/example_kubernetes_executor.py for tasks to queue
[2025-12-27T14:16:49.471+0000] {logging_mixin.py:188} INFO - [2025-12-27T14:16:49.470+0000] {dagbag.py:540} INFO - Filling up the DagBag from /home/airflow/.local/lib/python3.12/site-packages/airflow/example_dags/example_kubernetes_executor.py
[2025-12-27T14:16:49.540+0000] {processor.py:840} INFO - DAG(s) 'example_kubernetes_executor' retrieved from /home/airflow/.local/lib/python3.12/site-packages/airflow/example_dags/example_kubernetes_executor.py
[2025-12-27T14:16:49.710+0000] {logging_mixin.py:188} INFO - [2025-12-27T14:16:49.709+0000] {dag.py:3096} INFO - Sync 1 DAGs
[2025-12-27T14:16:49.775+0000] {logging_mixin.py:188} INFO - [2025-12-27T14:16:49.774+0000] {dag.py:3954} INFO - Setting next_dagrun for example_kubernetes_executor to None, run_after=None
[2025-12-27T14:16:49.854+0000] {processor.py:183} INFO - Processing /home/airflow/.local/lib/python3.12/site-packages/airflow/example_dags/example_kubernetes_executor.py took 0.422 seconds
[2025-12-27T14:17:53.589+0000] {processor.py:161} INFO - Started process (PID=394) to work on /home/airflow/.local/lib/python3.12/site-packages/airflow/example_dags/example_kubernetes_executor.py
[2025-12-27T14:17:53.606+0000] {processor.py:830} INFO - Processing file /home/airflow/.local/lib/python3.12/site-packages/airflow/example_dags/example_kubernetes_executor.py for tasks to queue
[2025-12-27T14:17:53.619+0000] {logging_mixin.py:188} INFO - [2025-12-27T14:17:53.616+0000] {dagbag.py:540} INFO - Filling up the DagBag from /home/airflow/.local/lib/python3.12/site-packages/airflow/example_dags/example_kubernetes_executor.py
[2025-12-27T14:17:53.728+0000] {processor.py:840} INFO - DAG(s) 'example_kubernetes_executor' retrieved from /home/airflow/.local/lib/python3.12/site-packages/airflow/example_dags/example_kubernetes_executor.py
[2025-12-27T14:17:54.134+0000] {logging_mixin.py:188} INFO - [2025-12-27T14:17:54.133+0000] {dag.py:3096} INFO - Sync 1 DAGs
[2025-12-27T14:17:54.324+0000] {logging_mixin.py:188} INFO - [2025-12-27T14:17:54.322+0000] {dag.py:3954} INFO - Setting next_dagrun for example_kubernetes_executor to None, run_after=None
[2025-12-27T14:17:54.702+0000] {processor.py:183} INFO - Processing /home/airflow/.local/lib/python3.12/site-packages/airflow/example_dags/example_kubernetes_executor.py took 1.158 seconds
[2025-12-27T14:18:36.060+0000] {processor.py:161} INFO - Started process (PID=451) to work on /home/airflow/.local/lib/python3.12/site-packages/airflow/example_dags/example_kubernetes_executor.py
[2025-12-27T14:18:36.074+0000] {processor.py:830} INFO - Processing file /home/airflow/.local/lib/python3.12/site-packages/airflow/example_dags/example_kubernetes_executor.py for tasks to queue
[2025-12-27T14:18:36.080+0000] {logging_mixin.py:188} INFO - [2025-12-27T14:18:36.079+0000] {dagbag.py:540} INFO - Filling up the DagBag from /home/airflow/.local/lib/python3.12/site-packages/airflow/example_dags/example_kubernetes_executor.py
[2025-12-27T14:18:36.133+0000] {processor.py:840} INFO - DAG(s) 'example_kubernetes_executor' retrieved from /home/airflow/.local/lib/python3.12/site-packages/airflow/example_dags/example_kubernetes_executor.py
[2025-12-27T14:18:36.272+0000] {logging_mixin.py:188} INFO - [2025-12-27T14:18:36.272+0000] {dag.py:3096} INFO - Sync 1 DAGs
[2025-12-27T14:18:36.312+0000] {logging_mixin.py:188} INFO - [2025-12-27T14:18:36.312+0000] {dag.py:3954} INFO - Setting next_dagrun for example_kubernetes_executor to None, run_after=None
[2025-12-27T14:18:36.379+0000] {processor.py:183} INFO - Processing /home/airflow/.local/lib/python3.12/site-packages/airflow/example_dags/example_kubernetes_executor.py took 0.342 seconds
[2025-12-27T14:19:06.571+0000] {processor.py:161} INFO - Started process (PID=509) to work on /home/airflow/.local/lib/python3.12/site-packages/airflow/example_dags/example_kubernetes_executor.py
[2025-12-27T14:19:06.576+0000] {processor.py:830} INFO - Processing file /home/airflow/.local/lib/python3.12/site-packages/airflow/example_dags/example_kubernetes_executor.py for tasks to queue
[2025-12-27T14:19:06.583+0000] {logging_mixin.py:188} INFO - [2025-12-27T14:19:06.582+0000] {dagbag.py:540} INFO - Filling up the DagBag from /home/airflow/.local/lib/python3.12/site-packages/airflow/example_dags/example_kubernetes_executor.py
[2025-12-27T14:19:06.635+0000] {processor.py:840} INFO - DAG(s) 'example_kubernetes_executor' retrieved from /home/airflow/.local/lib/python3.12/site-packages/airflow/example_dags/example_kubernetes_executor.py
[2025-12-27T14:19:06.790+0000] {logging_mixin.py:188} INFO - [2025-12-27T14:19:06.790+0000] {dag.py:3096} INFO - Sync 1 DAGs
[2025-12-27T14:19:06.847+0000] {logging_mixin.py:188} INFO - [2025-12-27T14:19:06.847+0000] {dag.py:3954} INFO - Setting next_dagrun for example_kubernetes_executor to None, run_after=None
[2025-12-27T14:19:06.916+0000] {processor.py:183} INFO - Processing /home/airflow/.local/lib/python3.12/site-packages/airflow/example_dags/example_kubernetes_executor.py took 0.371 seconds
[2025-12-27T14:19:42.006+0000] {processor.py:161} INFO - Started process (PID=576) to work on /home/airflow/.local/lib/python3.12/site-packages/airflow/example_dags/example_kubernetes_executor.py
[2025-12-27T14:19:42.010+0000] {processor.py:830} INFO - Processing file /home/airflow/.local/lib/python3.12/site-packages/airflow/example_dags/example_kubernetes_executor.py for tasks to queue
[2025-12-27T14:19:42.019+0000] {logging_mixin.py:188} INFO - [2025-12-27T14:19:42.017+0000] {dagbag.py:540} INFO - Filling up the DagBag from /home/airflow/.local/lib/python3.12/site-packages/airflow/example_dags/example_kubernetes_executor.py
[2025-12-27T14:19:42.071+0000] {processor.py:840} INFO - DAG(s) 'example_kubernetes_executor' retrieved from /home/airflow/.local/lib/python3.12/site-packages/airflow/example_dags/example_kubernetes_executor.py
[2025-12-27T14:19:42.193+0000] {logging_mixin.py:188} INFO - [2025-12-27T14:19:42.192+0000] {dag.py:3096} INFO - Sync 1 DAGs
[2025-12-27T14:19:42.229+0000] {logging_mixin.py:188} INFO - [2025-12-27T14:19:42.229+0000] {dag.py:3954} INFO - Setting next_dagrun for example_kubernetes_executor to None, run_after=None
[2025-12-27T14:19:42.287+0000] {processor.py:183} INFO - Processing /home/airflow/.local/lib/python3.12/site-packages/airflow/example_dags/example_kubernetes_executor.py took 0.307 seconds
[2025-12-27T14:20:16.753+0000] {processor.py:161} INFO - Started process (PID=638) to work on /home/airflow/.local/lib/python3.12/site-packages/airflow/example_dags/example_kubernetes_executor.py
[2025-12-27T14:20:16.757+0000] {processor.py:830} INFO - Processing file /home/airflow/.local/lib/python3.12/site-packages/airflow/example_dags/example_kubernetes_executor.py for tasks to queue
[2025-12-27T14:20:16.763+0000] {logging_mixin.py:188} INFO - [2025-12-27T14:20:16.762+0000] {dagbag.py:540} INFO - Filling up the DagBag from /home/airflow/.local/lib/python3.12/site-packages/airflow/example_dags/example_kubernetes_executor.py
[2025-12-27T14:20:16.803+0000] {processor.py:840} INFO - DAG(s) 'example_kubernetes_executor' retrieved from /home/airflow/.local/lib/python3.12/site-packages/airflow/example_dags/example_kubernetes_executor.py
[2025-12-27T14:20:16.922+0000] {logging_mixin.py:188} INFO - [2025-12-27T14:20:16.921+0000] {dag.py:3096} INFO - Sync 1 DAGs
[2025-12-27T14:20:16.957+0000] {logging_mixin.py:188} INFO - [2025-12-27T14:20:16.957+0000] {dag.py:3954} INFO - Setting next_dagrun for example_kubernetes_executor to None, run_after=None
[2025-12-27T14:20:17.020+0000] {processor.py:183} INFO - Processing /home/airflow/.local/lib/python3.12/site-packages/airflow/example_dags/example_kubernetes_executor.py took 0.289 seconds
[2025-12-27T14:20:47.548+0000] {processor.py:161} INFO - Started process (PID=696) to work on /home/airflow/.local/lib/python3.12/site-packages/airflow/example_dags/example_kubernetes_executor.py
[2025-12-27T14:20:47.551+0000] {processor.py:830} INFO - Processing file /home/airflow/.local/lib/python3.12/site-packages/airflow/example_dags/example_kubernetes_executor.py for tasks to queue
[2025-12-27T14:20:47.556+0000] {logging_mixin.py:188} INFO - [2025-12-27T14:20:47.555+0000] {dagbag.py:540} INFO - Filling up the DagBag from /home/airflow/.local/lib/python3.12/site-packages/airflow/example_dags/example_kubernetes_executor.py
[2025-12-27T14:20:47.591+0000] {processor.py:840} INFO - DAG(s) 'example_kubernetes_executor' retrieved from /home/airflow/.local/lib/python3.12/site-packages/airflow/example_dags/example_kubernetes_executor.py
[2025-12-27T14:20:47.692+0000] {logging_mixin.py:188} INFO - [2025-12-27T14:20:47.691+0000] {dag.py:3096} INFO - Sync 1 DAGs
[2025-12-27T14:20:47.728+0000] {logging_mixin.py:188} INFO - [2025-12-27T14:20:47.727+0000] {dag.py:3954} INFO - Setting next_dagrun for example_kubernetes_executor to None, run_after=None
[2025-12-27T14:20:47.781+0000] {processor.py:183} INFO - Processing /home/airflow/.local/lib/python3.12/site-packages/airflow/example_dags/example_kubernetes_executor.py took 0.250 seconds
[2025-12-27T14:21:38.089+0000] {processor.py:161} INFO - Started process (PID=762) to work on /home/airflow/.local/lib/python3.12/site-packages/airflow/example_dags/example_kubernetes_executor.py
[2025-12-27T14:21:38.095+0000] {processor.py:830} INFO - Processing file /home/airflow/.local/lib/python3.12/site-packages/airflow/example_dags/example_kubernetes_executor.py for tasks to queue
[2025-12-27T14:21:38.109+0000] {logging_mixin.py:188} INFO - [2025-12-27T14:21:38.106+0000] {dagbag.py:540} INFO - Filling up the DagBag from /home/airflow/.local/lib/python3.12/site-packages/airflow/example_dags/example_kubernetes_executor.py
[2025-12-27T14:21:38.250+0000] {processor.py:840} INFO - DAG(s) 'example_kubernetes_executor' retrieved from /home/airflow/.local/lib/python3.12/site-packages/airflow/example_dags/example_kubernetes_executor.py
[2025-12-27T14:21:38.572+0000] {logging_mixin.py:188} INFO - [2025-12-27T14:21:38.571+0000] {dag.py:3096} INFO - Sync 1 DAGs
[2025-12-27T14:21:38.809+0000] {logging_mixin.py:188} INFO - [2025-12-27T14:21:38.808+0000] {dag.py:3954} INFO - Setting next_dagrun for example_kubernetes_executor to None, run_after=None
[2025-12-27T14:21:38.980+0000] {processor.py:183} INFO - Processing /home/airflow/.local/lib/python3.12/site-packages/airflow/example_dags/example_kubernetes_executor.py took 0.936 seconds
[2025-12-27T14:22:38.967+0000] {processor.py:161} INFO - Started process (PID=829) to work on /home/airflow/.local/lib/python3.12/site-packages/airflow/example_dags/example_kubernetes_executor.py
[2025-12-27T14:22:39.042+0000] {processor.py:830} INFO - Processing file /home/airflow/.local/lib/python3.12/site-packages/airflow/example_dags/example_kubernetes_executor.py for tasks to queue
[2025-12-27T14:22:39.062+0000] {logging_mixin.py:188} INFO - [2025-12-27T14:22:39.061+0000] {dagbag.py:540} INFO - Filling up the DagBag from /home/airflow/.local/lib/python3.12/site-packages/airflow/example_dags/example_kubernetes_executor.py
[2025-12-27T14:22:39.776+0000] {processor.py:840} INFO - DAG(s) 'example_kubernetes_executor' retrieved from /home/airflow/.local/lib/python3.12/site-packages/airflow/example_dags/example_kubernetes_executor.py
[2025-12-27T14:22:40.530+0000] {logging_mixin.py:188} INFO - [2025-12-27T14:22:40.528+0000] {dag.py:3096} INFO - Sync 1 DAGs
[2025-12-27T14:22:40.621+0000] {logging_mixin.py:188} INFO - [2025-12-27T14:22:40.620+0000] {dag.py:3954} INFO - Setting next_dagrun for example_kubernetes_executor to None, run_after=None
[2025-12-27T14:22:40.820+0000] {processor.py:183} INFO - Processing /home/airflow/.local/lib/python3.12/site-packages/airflow/example_dags/example_kubernetes_executor.py took 1.890 seconds
[2025-12-27T14:24:06.968+0000] {processor.py:161} INFO - Started process (PID=905) to work on /home/airflow/.local/lib/python3.12/site-packages/airflow/example_dags/example_kubernetes_executor.py
[2025-12-27T14:24:06.973+0000] {processor.py:830} INFO - Processing file /home/airflow/.local/lib/python3.12/site-packages/airflow/example_dags/example_kubernetes_executor.py for tasks to queue
[2025-12-27T14:24:06.984+0000] {logging_mixin.py:188} INFO - [2025-12-27T14:24:06.983+0000] {dagbag.py:540} INFO - Filling up the DagBag from /home/airflow/.local/lib/python3.12/site-packages/airflow/example_dags/example_kubernetes_executor.py
[2025-12-27T14:24:07.116+0000] {processor.py:840} INFO - DAG(s) 'example_kubernetes_executor' retrieved from /home/airflow/.local/lib/python3.12/site-packages/airflow/example_dags/example_kubernetes_executor.py
[2025-12-27T14:24:07.335+0000] {logging_mixin.py:188} INFO - [2025-12-27T14:24:07.334+0000] {dag.py:3096} INFO - Sync 1 DAGs
[2025-12-27T14:24:07.592+0000] {logging_mixin.py:188} INFO - [2025-12-27T14:24:07.591+0000] {dag.py:3954} INFO - Setting next_dagrun for example_kubernetes_executor to None, run_after=None
[2025-12-27T14:24:16.791+0000] {processor.py:183} INFO - Processing /home/airflow/.local/lib/python3.12/site-packages/airflow/example_dags/example_kubernetes_executor.py took 9.911 seconds
[2025-12-27T14:24:47.125+0000] {processor.py:161} INFO - Started process (PID=963) to work on /home/airflow/.local/lib/python3.12/site-packages/airflow/example_dags/example_kubernetes_executor.py
[2025-12-27T14:24:47.128+0000] {processor.py:830} INFO - Processing file /home/airflow/.local/lib/python3.12/site-packages/airflow/example_dags/example_kubernetes_executor.py for tasks to queue
[2025-12-27T14:24:47.131+0000] {logging_mixin.py:188} INFO - [2025-12-27T14:24:47.130+0000] {dagbag.py:540} INFO - Filling up the DagBag from /home/airflow/.local/lib/python3.12/site-packages/airflow/example_dags/example_kubernetes_executor.py
[2025-12-27T14:24:47.193+0000] {processor.py:840} INFO - DAG(s) 'example_kubernetes_executor' retrieved from /home/airflow/.local/lib/python3.12/site-packages/airflow/example_dags/example_kubernetes_executor.py
[2025-12-27T14:24:47.359+0000] {logging_mixin.py:188} INFO - [2025-12-27T14:24:47.358+0000] {dag.py:3096} INFO - Sync 1 DAGs
[2025-12-27T14:24:47.408+0000] {logging_mixin.py:188} INFO - [2025-12-27T14:24:47.408+0000] {dag.py:3954} INFO - Setting next_dagrun for example_kubernetes_executor to None, run_after=None
[2025-12-27T14:24:47.489+0000] {processor.py:183} INFO - Processing /home/airflow/.local/lib/python3.12/site-packages/airflow/example_dags/example_kubernetes_executor.py took 0.381 seconds
[2025-12-27T14:25:21.183+0000] {processor.py:161} INFO - Started process (PID=1022) to work on /home/airflow/.local/lib/python3.12/site-packages/airflow/example_dags/example_kubernetes_executor.py
[2025-12-27T14:25:21.216+0000] {processor.py:830} INFO - Processing file /home/airflow/.local/lib/python3.12/site-packages/airflow/example_dags/example_kubernetes_executor.py for tasks to queue
[2025-12-27T14:25:21.246+0000] {logging_mixin.py:188} INFO - [2025-12-27T14:25:21.245+0000] {dagbag.py:540} INFO - Filling up the DagBag from /home/airflow/.local/lib/python3.12/site-packages/airflow/example_dags/example_kubernetes_executor.py
[2025-12-27T14:25:21.467+0000] {processor.py:840} INFO - DAG(s) 'example_kubernetes_executor' retrieved from /home/airflow/.local/lib/python3.12/site-packages/airflow/example_dags/example_kubernetes_executor.py
[2025-12-27T14:25:22.034+0000] {logging_mixin.py:188} INFO - [2025-12-27T14:25:22.024+0000] {dag.py:3096} INFO - Sync 1 DAGs
[2025-12-27T14:25:22.206+0000] {logging_mixin.py:188} INFO - [2025-12-27T14:25:22.196+0000] {dag.py:3954} INFO - Setting next_dagrun for example_kubernetes_executor to None, run_after=None
[2025-12-27T14:25:22.539+0000] {processor.py:183} INFO - Processing /home/airflow/.local/lib/python3.12/site-packages/airflow/example_dags/example_kubernetes_executor.py took 1.403 seconds
[2025-12-27T14:26:31.662+0000] {processor.py:161} INFO - Started process (PID=1092) to work on /home/airflow/.local/lib/python3.12/site-packages/airflow/example_dags/example_kubernetes_executor.py
[2025-12-27T14:26:31.667+0000] {processor.py:830} INFO - Processing file /home/airflow/.local/lib/python3.12/site-packages/airflow/example_dags/example_kubernetes_executor.py for tasks to queue
[2025-12-27T14:26:31.671+0000] {logging_mixin.py:188} INFO - [2025-12-27T14:26:31.669+0000] {dagbag.py:540} INFO - Filling up the DagBag from /home/airflow/.local/lib/python3.12/site-packages/airflow/example_dags/example_kubernetes_executor.py
[2025-12-27T14:26:31.727+0000] {processor.py:840} INFO - DAG(s) 'example_kubernetes_executor' retrieved from /home/airflow/.local/lib/python3.12/site-packages/airflow/example_dags/example_kubernetes_executor.py
[2025-12-27T14:26:31.894+0000] {logging_mixin.py:188} INFO - [2025-12-27T14:26:31.893+0000] {dag.py:3096} INFO - Sync 1 DAGs
[2025-12-27T14:26:31.937+0000] {logging_mixin.py:188} INFO - [2025-12-27T14:26:31.937+0000] {dag.py:3954} INFO - Setting next_dagrun for example_kubernetes_executor to None, run_after=None
[2025-12-27T14:26:32.018+0000] {processor.py:183} INFO - Processing /home/airflow/.local/lib/python3.12/site-packages/airflow/example_dags/example_kubernetes_executor.py took 0.381 seconds
[2025-12-27T14:27:48.604+0000] {processor.py:161} INFO - Started process (PID=1173) to work on /home/airflow/.local/lib/python3.12/site-packages/airflow/example_dags/example_kubernetes_executor.py
[2025-12-27T14:27:48.608+0000] {processor.py:830} INFO - Processing file /home/airflow/.local/lib/python3.12/site-packages/airflow/example_dags/example_kubernetes_executor.py for tasks to queue
[2025-12-27T14:27:48.611+0000] {logging_mixin.py:188} INFO - [2025-12-27T14:27:48.610+0000] {dagbag.py:540} INFO - Filling up the DagBag from /home/airflow/.local/lib/python3.12/site-packages/airflow/example_dags/example_kubernetes_executor.py
[2025-12-27T14:27:48.660+0000] {processor.py:840} INFO - DAG(s) 'example_kubernetes_executor' retrieved from /home/airflow/.local/lib/python3.12/site-packages/airflow/example_dags/example_kubernetes_executor.py
[2025-12-27T14:27:48.801+0000] {logging_mixin.py:188} INFO - [2025-12-27T14:27:48.801+0000] {dag.py:3096} INFO - Sync 1 DAGs
[2025-12-27T14:27:48.847+0000] {logging_mixin.py:188} INFO - [2025-12-27T14:27:48.846+0000] {dag.py:3954} INFO - Setting next_dagrun for example_kubernetes_executor to None, run_after=None
[2025-12-27T14:27:48.909+0000] {processor.py:183} INFO - Processing /home/airflow/.local/lib/python3.12/site-packages/airflow/example_dags/example_kubernetes_executor.py took 0.324 seconds
[2025-12-27T14:28:19.391+0000] {processor.py:161} INFO - Started process (PID=1231) to work on /home/airflow/.local/lib/python3.12/site-packages/airflow/example_dags/example_kubernetes_executor.py
[2025-12-27T14:28:19.397+0000] {processor.py:830} INFO - Processing file /home/airflow/.local/lib/python3.12/site-packages/airflow/example_dags/example_kubernetes_executor.py for tasks to queue
[2025-12-27T14:28:19.404+0000] {logging_mixin.py:188} INFO - [2025-12-27T14:28:19.402+0000] {dagbag.py:540} INFO - Filling up the DagBag from /home/airflow/.local/lib/python3.12/site-packages/airflow/example_dags/example_kubernetes_executor.py
[2025-12-27T14:28:19.481+0000] {processor.py:840} INFO - DAG(s) 'example_kubernetes_executor' retrieved from /home/airflow/.local/lib/python3.12/site-packages/airflow/example_dags/example_kubernetes_executor.py
[2025-12-27T14:28:19.606+0000] {logging_mixin.py:188} INFO - [2025-12-27T14:28:19.605+0000] {dag.py:3096} INFO - Sync 1 DAGs
[2025-12-27T14:28:19.647+0000] {logging_mixin.py:188} INFO - [2025-12-27T14:28:19.646+0000] {dag.py:3954} INFO - Setting next_dagrun for example_kubernetes_executor to None, run_after=None
[2025-12-27T14:28:19.710+0000] {processor.py:183} INFO - Processing /home/airflow/.local/lib/python3.12/site-packages/airflow/example_dags/example_kubernetes_executor.py took 0.372 seconds
[2025-12-27T14:28:51.450+0000] {processor.py:161} INFO - Started process (PID=1290) to work on /home/airflow/.local/lib/python3.12/site-packages/airflow/example_dags/example_kubernetes_executor.py
[2025-12-27T14:28:51.454+0000] {processor.py:830} INFO - Processing file /home/airflow/.local/lib/python3.12/site-packages/airflow/example_dags/example_kubernetes_executor.py for tasks to queue
[2025-12-27T14:28:51.457+0000] {logging_mixin.py:188} INFO - [2025-12-27T14:28:51.456+0000] {dagbag.py:540} INFO - Filling up the DagBag from /home/airflow/.local/lib/python3.12/site-packages/airflow/example_dags/example_kubernetes_executor.py
[2025-12-27T14:28:51.511+0000] {processor.py:840} INFO - DAG(s) 'example_kubernetes_executor' retrieved from /home/airflow/.local/lib/python3.12/site-packages/airflow/example_dags/example_kubernetes_executor.py
[2025-12-27T14:28:51.692+0000] {logging_mixin.py:188} INFO - [2025-12-27T14:28:51.691+0000] {dag.py:3096} INFO - Sync 1 DAGs
[2025-12-27T14:28:51.756+0000] {logging_mixin.py:188} INFO - [2025-12-27T14:28:51.755+0000] {dag.py:3954} INFO - Setting next_dagrun for example_kubernetes_executor to None, run_after=None
[2025-12-27T14:28:51.849+0000] {processor.py:183} INFO - Processing /home/airflow/.local/lib/python3.12/site-packages/airflow/example_dags/example_kubernetes_executor.py took 0.421 seconds
[2025-12-27T14:29:24.972+0000] {processor.py:161} INFO - Started process (PID=1349) to work on /home/airflow/.local/lib/python3.12/site-packages/airflow/example_dags/example_kubernetes_executor.py
[2025-12-27T14:29:24.977+0000] {processor.py:830} INFO - Processing file /home/airflow/.local/lib/python3.12/site-packages/airflow/example_dags/example_kubernetes_executor.py for tasks to queue
[2025-12-27T14:29:24.980+0000] {logging_mixin.py:188} INFO - [2025-12-27T14:29:24.979+0000] {dagbag.py:540} INFO - Filling up the DagBag from /home/airflow/.local/lib/python3.12/site-packages/airflow/example_dags/example_kubernetes_executor.py
[2025-12-27T14:29:25.022+0000] {processor.py:840} INFO - DAG(s) 'example_kubernetes_executor' retrieved from /home/airflow/.local/lib/python3.12/site-packages/airflow/example_dags/example_kubernetes_executor.py
[2025-12-27T14:29:25.193+0000] {logging_mixin.py:188} INFO - [2025-12-27T14:29:25.192+0000] {dag.py:3096} INFO - Sync 1 DAGs
[2025-12-27T14:29:25.238+0000] {logging_mixin.py:188} INFO - [2025-12-27T14:29:25.237+0000] {dag.py:3954} INFO - Setting next_dagrun for example_kubernetes_executor to None, run_after=None
[2025-12-27T14:29:25.303+0000] {processor.py:183} INFO - Processing /home/airflow/.local/lib/python3.12/site-packages/airflow/example_dags/example_kubernetes_executor.py took 0.350 seconds
[2025-12-27T14:30:08.875+0000] {processor.py:161} INFO - Started process (PID=1415) to work on /home/airflow/.local/lib/python3.12/site-packages/airflow/example_dags/example_kubernetes_executor.py
[2025-12-27T14:30:08.893+0000] {processor.py:830} INFO - Processing file /home/airflow/.local/lib/python3.12/site-packages/airflow/example_dags/example_kubernetes_executor.py for tasks to queue
[2025-12-27T14:30:08.899+0000] {logging_mixin.py:188} INFO - [2025-12-27T14:30:08.898+0000] {dagbag.py:540} INFO - Filling up the DagBag from /home/airflow/.local/lib/python3.12/site-packages/airflow/example_dags/example_kubernetes_executor.py
[2025-12-27T14:30:09.142+0000] {processor.py:840} INFO - DAG(s) 'example_kubernetes_executor' retrieved from /home/airflow/.local/lib/python3.12/site-packages/airflow/example_dags/example_kubernetes_executor.py
[2025-12-27T14:30:09.611+0000] {logging_mixin.py:188} INFO - [2025-12-27T14:30:09.610+0000] {dag.py:3096} INFO - Sync 1 DAGs
[2025-12-27T14:30:09.747+0000] {logging_mixin.py:188} INFO - [2025-12-27T14:30:09.746+0000] {dag.py:3954} INFO - Setting next_dagrun for example_kubernetes_executor to None, run_after=None
[2025-12-27T14:30:09.888+0000] {processor.py:183} INFO - Processing /home/airflow/.local/lib/python3.12/site-packages/airflow/example_dags/example_kubernetes_executor.py took 1.069 seconds
[2025-12-27T14:30:40.301+0000] {processor.py:161} INFO - Started process (PID=1472) to work on /home/airflow/.local/lib/python3.12/site-packages/airflow/example_dags/example_kubernetes_executor.py
[2025-12-27T14:30:40.304+0000] {processor.py:830} INFO - Processing file /home/airflow/.local/lib/python3.12/site-packages/airflow/example_dags/example_kubernetes_executor.py for tasks to queue
[2025-12-27T14:30:40.307+0000] {logging_mixin.py:188} INFO - [2025-12-27T14:30:40.306+0000] {dagbag.py:540} INFO - Filling up the DagBag from /home/airflow/.local/lib/python3.12/site-packages/airflow/example_dags/example_kubernetes_executor.py
[2025-12-27T14:30:40.345+0000] {processor.py:840} INFO - DAG(s) 'example_kubernetes_executor' retrieved from /home/airflow/.local/lib/python3.12/site-packages/airflow/example_dags/example_kubernetes_executor.py
[2025-12-27T14:30:40.464+0000] {logging_mixin.py:188} INFO - [2025-12-27T14:30:40.463+0000] {dag.py:3096} INFO - Sync 1 DAGs
[2025-12-27T14:30:40.508+0000] {logging_mixin.py:188} INFO - [2025-12-27T14:30:40.507+0000] {dag.py:3954} INFO - Setting next_dagrun for example_kubernetes_executor to None, run_after=None
[2025-12-27T14:30:40.571+0000] {processor.py:183} INFO - Processing /home/airflow/.local/lib/python3.12/site-packages/airflow/example_dags/example_kubernetes_executor.py took 0.293 seconds
[2025-12-27T14:31:10.709+0000] {processor.py:161} INFO - Started process (PID=1530) to work on /home/airflow/.local/lib/python3.12/site-packages/airflow/example_dags/example_kubernetes_executor.py
[2025-12-27T14:31:10.712+0000] {processor.py:830} INFO - Processing file /home/airflow/.local/lib/python3.12/site-packages/airflow/example_dags/example_kubernetes_executor.py for tasks to queue
[2025-12-27T14:31:10.715+0000] {logging_mixin.py:188} INFO - [2025-12-27T14:31:10.714+0000] {dagbag.py:540} INFO - Filling up the DagBag from /home/airflow/.local/lib/python3.12/site-packages/airflow/example_dags/example_kubernetes_executor.py
[2025-12-27T14:31:10.747+0000] {processor.py:840} INFO - DAG(s) 'example_kubernetes_executor' retrieved from /home/airflow/.local/lib/python3.12/site-packages/airflow/example_dags/example_kubernetes_executor.py
[2025-12-27T14:31:10.844+0000] {logging_mixin.py:188} INFO - [2025-12-27T14:31:10.844+0000] {dag.py:3096} INFO - Sync 1 DAGs
[2025-12-27T14:31:10.877+0000] {logging_mixin.py:188} INFO - [2025-12-27T14:31:10.877+0000] {dag.py:3954} INFO - Setting next_dagrun for example_kubernetes_executor to None, run_after=None
[2025-12-27T14:31:10.932+0000] {processor.py:183} INFO - Processing /home/airflow/.local/lib/python3.12/site-packages/airflow/example_dags/example_kubernetes_executor.py took 0.239 seconds
[2025-12-27T14:31:41.144+0000] {processor.py:161} INFO - Started process (PID=1588) to work on /home/airflow/.local/lib/python3.12/site-packages/airflow/example_dags/example_kubernetes_executor.py
[2025-12-27T14:31:41.146+0000] {processor.py:830} INFO - Processing file /home/airflow/.local/lib/python3.12/site-packages/airflow/example_dags/example_kubernetes_executor.py for tasks to queue
[2025-12-27T14:31:41.149+0000] {logging_mixin.py:188} INFO - [2025-12-27T14:31:41.148+0000] {dagbag.py:540} INFO - Filling up the DagBag from /home/airflow/.local/lib/python3.12/site-packages/airflow/example_dags/example_kubernetes_executor.py
[2025-12-27T14:31:41.181+0000] {processor.py:840} INFO - DAG(s) 'example_kubernetes_executor' retrieved from /home/airflow/.local/lib/python3.12/site-packages/airflow/example_dags/example_kubernetes_executor.py
[2025-12-27T14:31:41.281+0000] {logging_mixin.py:188} INFO - [2025-12-27T14:31:41.280+0000] {dag.py:3096} INFO - Sync 1 DAGs
[2025-12-27T14:31:41.313+0000] {logging_mixin.py:188} INFO - [2025-12-27T14:31:41.312+0000] {dag.py:3954} INFO - Setting next_dagrun for example_kubernetes_executor to None, run_after=None
[2025-12-27T14:31:41.369+0000] {processor.py:183} INFO - Processing /home/airflow/.local/lib/python3.12/site-packages/airflow/example_dags/example_kubernetes_executor.py took 0.241 seconds
[2025-12-27T14:32:11.952+0000] {processor.py:161} INFO - Started process (PID=1646) to work on /home/airflow/.local/lib/python3.12/site-packages/airflow/example_dags/example_kubernetes_executor.py
[2025-12-27T14:32:11.955+0000] {processor.py:830} INFO - Processing file /home/airflow/.local/lib/python3.12/site-packages/airflow/example_dags/example_kubernetes_executor.py for tasks to queue
[2025-12-27T14:32:11.958+0000] {logging_mixin.py:188} INFO - [2025-12-27T14:32:11.957+0000] {dagbag.py:540} INFO - Filling up the DagBag from /home/airflow/.local/lib/python3.12/site-packages/airflow/example_dags/example_kubernetes_executor.py
[2025-12-27T14:32:11.993+0000] {processor.py:840} INFO - DAG(s) 'example_kubernetes_executor' retrieved from /home/airflow/.local/lib/python3.12/site-packages/airflow/example_dags/example_kubernetes_executor.py
[2025-12-27T14:32:12.098+0000] {logging_mixin.py:188} INFO - [2025-12-27T14:32:12.097+0000] {dag.py:3096} INFO - Sync 1 DAGs
[2025-12-27T14:32:12.130+0000] {logging_mixin.py:188} INFO - [2025-12-27T14:32:12.129+0000] {dag.py:3954} INFO - Setting next_dagrun for example_kubernetes_executor to None, run_after=None
[2025-12-27T14:32:12.200+0000] {processor.py:183} INFO - Processing /home/airflow/.local/lib/python3.12/site-packages/airflow/example_dags/example_kubernetes_executor.py took 0.264 seconds
[2025-12-27T14:32:42.540+0000] {processor.py:161} INFO - Started process (PID=1704) to work on /home/airflow/.local/lib/python3.12/site-packages/airflow/example_dags/example_kubernetes_executor.py
[2025-12-27T14:32:42.543+0000] {processor.py:830} INFO - Processing file /home/airflow/.local/lib/python3.12/site-packages/airflow/example_dags/example_kubernetes_executor.py for tasks to queue
[2025-12-27T14:32:42.549+0000] {logging_mixin.py:188} INFO - [2025-12-27T14:32:42.547+0000] {dagbag.py:540} INFO - Filling up the DagBag from /home/airflow/.local/lib/python3.12/site-packages/airflow/example_dags/example_kubernetes_executor.py
[2025-12-27T14:32:42.604+0000] {processor.py:840} INFO - DAG(s) 'example_kubernetes_executor' retrieved from /home/airflow/.local/lib/python3.12/site-packages/airflow/example_dags/example_kubernetes_executor.py
[2025-12-27T14:32:42.820+0000] {logging_mixin.py:188} INFO - [2025-12-27T14:32:42.819+0000] {dag.py:3096} INFO - Sync 1 DAGs
[2025-12-27T14:32:42.869+0000] {logging_mixin.py:188} INFO - [2025-12-27T14:32:42.868+0000] {dag.py:3954} INFO - Setting next_dagrun for example_kubernetes_executor to None, run_after=None
[2025-12-27T14:32:42.935+0000] {processor.py:183} INFO - Processing /home/airflow/.local/lib/python3.12/site-packages/airflow/example_dags/example_kubernetes_executor.py took 0.426 seconds
[2025-12-27T14:33:13.125+0000] {processor.py:161} INFO - Started process (PID=1763) to work on /home/airflow/.local/lib/python3.12/site-packages/airflow/example_dags/example_kubernetes_executor.py
[2025-12-27T14:33:13.128+0000] {processor.py:830} INFO - Processing file /home/airflow/.local/lib/python3.12/site-packages/airflow/example_dags/example_kubernetes_executor.py for tasks to queue
[2025-12-27T14:33:13.132+0000] {logging_mixin.py:188} INFO - [2025-12-27T14:33:13.131+0000] {dagbag.py:540} INFO - Filling up the DagBag from /home/airflow/.local/lib/python3.12/site-packages/airflow/example_dags/example_kubernetes_executor.py
[2025-12-27T14:33:13.169+0000] {processor.py:840} INFO - DAG(s) 'example_kubernetes_executor' retrieved from /home/airflow/.local/lib/python3.12/site-packages/airflow/example_dags/example_kubernetes_executor.py
[2025-12-27T14:33:13.321+0000] {logging_mixin.py:188} INFO - [2025-12-27T14:33:13.321+0000] {dag.py:3096} INFO - Sync 1 DAGs
[2025-12-27T14:33:13.367+0000] {logging_mixin.py:188} INFO - [2025-12-27T14:33:13.366+0000] {dag.py:3954} INFO - Setting next_dagrun for example_kubernetes_executor to None, run_after=None
[2025-12-27T14:33:13.435+0000] {processor.py:183} INFO - Processing /home/airflow/.local/lib/python3.12/site-packages/airflow/example_dags/example_kubernetes_executor.py took 0.331 seconds
[2025-12-27T14:33:43.650+0000] {processor.py:161} INFO - Started process (PID=1821) to work on /home/airflow/.local/lib/python3.12/site-packages/airflow/example_dags/example_kubernetes_executor.py
[2025-12-27T14:33:43.653+0000] {processor.py:830} INFO - Processing file /home/airflow/.local/lib/python3.12/site-packages/airflow/example_dags/example_kubernetes_executor.py for tasks to queue
[2025-12-27T14:33:43.656+0000] {logging_mixin.py:188} INFO - [2025-12-27T14:33:43.655+0000] {dagbag.py:540} INFO - Filling up the DagBag from /home/airflow/.local/lib/python3.12/site-packages/airflow/example_dags/example_kubernetes_executor.py
[2025-12-27T14:33:43.696+0000] {processor.py:840} INFO - DAG(s) 'example_kubernetes_executor' retrieved from /home/airflow/.local/lib/python3.12/site-packages/airflow/example_dags/example_kubernetes_executor.py
[2025-12-27T14:33:43.803+0000] {logging_mixin.py:188} INFO - [2025-12-27T14:33:43.802+0000] {dag.py:3096} INFO - Sync 1 DAGs
[2025-12-27T14:33:43.834+0000] {logging_mixin.py:188} INFO - [2025-12-27T14:33:43.834+0000] {dag.py:3954} INFO - Setting next_dagrun for example_kubernetes_executor to None, run_after=None
[2025-12-27T14:33:43.887+0000] {processor.py:183} INFO - Processing /home/airflow/.local/lib/python3.12/site-packages/airflow/example_dags/example_kubernetes_executor.py took 0.255 seconds
[2025-12-27T14:34:14.573+0000] {processor.py:161} INFO - Started process (PID=1879) to work on /home/airflow/.local/lib/python3.12/site-packages/airflow/example_dags/example_kubernetes_executor.py
[2025-12-27T14:34:14.579+0000] {processor.py:830} INFO - Processing file /home/airflow/.local/lib/python3.12/site-packages/airflow/example_dags/example_kubernetes_executor.py for tasks to queue
[2025-12-27T14:34:14.584+0000] {logging_mixin.py:188} INFO - [2025-12-27T14:34:14.582+0000] {dagbag.py:540} INFO - Filling up the DagBag from /home/airflow/.local/lib/python3.12/site-packages/airflow/example_dags/example_kubernetes_executor.py
[2025-12-27T14:34:14.661+0000] {processor.py:840} INFO - DAG(s) 'example_kubernetes_executor' retrieved from /home/airflow/.local/lib/python3.12/site-packages/airflow/example_dags/example_kubernetes_executor.py
[2025-12-27T14:34:14.985+0000] {logging_mixin.py:188} INFO - [2025-12-27T14:34:14.984+0000] {dag.py:3096} INFO - Sync 1 DAGs
[2025-12-27T14:34:15.070+0000] {logging_mixin.py:188} INFO - [2025-12-27T14:34:15.043+0000] {dag.py:3954} INFO - Setting next_dagrun for example_kubernetes_executor to None, run_after=None
[2025-12-27T14:34:15.162+0000] {processor.py:183} INFO - Processing /home/airflow/.local/lib/python3.12/site-packages/airflow/example_dags/example_kubernetes_executor.py took 0.626 seconds
[2025-12-27T14:34:45.475+0000] {processor.py:161} INFO - Started process (PID=1937) to work on /home/airflow/.local/lib/python3.12/site-packages/airflow/example_dags/example_kubernetes_executor.py
[2025-12-27T14:34:45.480+0000] {processor.py:830} INFO - Processing file /home/airflow/.local/lib/python3.12/site-packages/airflow/example_dags/example_kubernetes_executor.py for tasks to queue
[2025-12-27T14:34:45.483+0000] {logging_mixin.py:188} INFO - [2025-12-27T14:34:45.482+0000] {dagbag.py:540} INFO - Filling up the DagBag from /home/airflow/.local/lib/python3.12/site-packages/airflow/example_dags/example_kubernetes_executor.py
[2025-12-27T14:34:45.560+0000] {processor.py:840} INFO - DAG(s) 'example_kubernetes_executor' retrieved from /home/airflow/.local/lib/python3.12/site-packages/airflow/example_dags/example_kubernetes_executor.py
[2025-12-27T14:34:45.722+0000] {logging_mixin.py:188} INFO - [2025-12-27T14:34:45.721+0000] {dag.py:3096} INFO - Sync 1 DAGs
[2025-12-27T14:34:45.773+0000] {logging_mixin.py:188} INFO - [2025-12-27T14:34:45.771+0000] {dag.py:3954} INFO - Setting next_dagrun for example_kubernetes_executor to None, run_after=None
[2025-12-27T14:34:45.843+0000] {processor.py:183} INFO - Processing /home/airflow/.local/lib/python3.12/site-packages/airflow/example_dags/example_kubernetes_executor.py took 0.384 seconds
[2025-12-27T14:35:16.213+0000] {processor.py:161} INFO - Started process (PID=1996) to work on /home/airflow/.local/lib/python3.12/site-packages/airflow/example_dags/example_kubernetes_executor.py
[2025-12-27T14:35:16.217+0000] {processor.py:830} INFO - Processing file /home/airflow/.local/lib/python3.12/site-packages/airflow/example_dags/example_kubernetes_executor.py for tasks to queue
[2025-12-27T14:35:16.221+0000] {logging_mixin.py:188} INFO - [2025-12-27T14:35:16.219+0000] {dagbag.py:540} INFO - Filling up the DagBag from /home/airflow/.local/lib/python3.12/site-packages/airflow/example_dags/example_kubernetes_executor.py
[2025-12-27T14:35:16.396+0000] {processor.py:840} INFO - DAG(s) 'example_kubernetes_executor' retrieved from /home/airflow/.local/lib/python3.12/site-packages/airflow/example_dags/example_kubernetes_executor.py
[2025-12-27T14:35:17.219+0000] {logging_mixin.py:188} INFO - [2025-12-27T14:35:17.218+0000] {dag.py:3096} INFO - Sync 1 DAGs
[2025-12-27T14:35:17.288+0000] {logging_mixin.py:188} INFO - [2025-12-27T14:35:17.287+0000] {dag.py:3954} INFO - Setting next_dagrun for example_kubernetes_executor to None, run_after=None
[2025-12-27T14:35:17.484+0000] {processor.py:183} INFO - Processing /home/airflow/.local/lib/python3.12/site-packages/airflow/example_dags/example_kubernetes_executor.py took 1.308 seconds
[2025-12-27T14:35:47.846+0000] {processor.py:161} INFO - Started process (PID=2054) to work on /home/airflow/.local/lib/python3.12/site-packages/airflow/example_dags/example_kubernetes_executor.py
[2025-12-27T14:35:47.850+0000] {processor.py:830} INFO - Processing file /home/airflow/.local/lib/python3.12/site-packages/airflow/example_dags/example_kubernetes_executor.py for tasks to queue
[2025-12-27T14:35:47.856+0000] {logging_mixin.py:188} INFO - [2025-12-27T14:35:47.853+0000] {dagbag.py:540} INFO - Filling up the DagBag from /home/airflow/.local/lib/python3.12/site-packages/airflow/example_dags/example_kubernetes_executor.py
[2025-12-27T14:35:47.928+0000] {processor.py:840} INFO - DAG(s) 'example_kubernetes_executor' retrieved from /home/airflow/.local/lib/python3.12/site-packages/airflow/example_dags/example_kubernetes_executor.py
[2025-12-27T14:35:48.071+0000] {logging_mixin.py:188} INFO - [2025-12-27T14:35:48.070+0000] {dag.py:3096} INFO - Sync 1 DAGs
[2025-12-27T14:35:48.114+0000] {logging_mixin.py:188} INFO - [2025-12-27T14:35:48.113+0000] {dag.py:3954} INFO - Setting next_dagrun for example_kubernetes_executor to None, run_after=None
[2025-12-27T14:35:48.172+0000] {processor.py:183} INFO - Processing /home/airflow/.local/lib/python3.12/site-packages/airflow/example_dags/example_kubernetes_executor.py took 0.344 seconds
[2025-12-27T14:36:30.182+0000] {processor.py:161} INFO - Started process (PID=2118) to work on /home/airflow/.local/lib/python3.12/site-packages/airflow/example_dags/example_kubernetes_executor.py
[2025-12-27T14:36:30.201+0000] {processor.py:830} INFO - Processing file /home/airflow/.local/lib/python3.12/site-packages/airflow/example_dags/example_kubernetes_executor.py for tasks to queue
[2025-12-27T14:36:30.211+0000] {logging_mixin.py:188} INFO - [2025-12-27T14:36:30.206+0000] {dagbag.py:540} INFO - Filling up the DagBag from /home/airflow/.local/lib/python3.12/site-packages/airflow/example_dags/example_kubernetes_executor.py
[2025-12-27T14:36:30.398+0000] {processor.py:840} INFO - DAG(s) 'example_kubernetes_executor' retrieved from /home/airflow/.local/lib/python3.12/site-packages/airflow/example_dags/example_kubernetes_executor.py
[2025-12-27T14:36:30.730+0000] {logging_mixin.py:188} INFO - [2025-12-27T14:36:30.729+0000] {dag.py:3096} INFO - Sync 1 DAGs
[2025-12-27T14:36:30.813+0000] {logging_mixin.py:188} INFO - [2025-12-27T14:36:30.812+0000] {dag.py:3954} INFO - Setting next_dagrun for example_kubernetes_executor to None, run_after=None
[2025-12-27T14:36:31.098+0000] {processor.py:183} INFO - Processing /home/airflow/.local/lib/python3.12/site-packages/airflow/example_dags/example_kubernetes_executor.py took 0.960 seconds
[2025-12-27T14:37:01.714+0000] {processor.py:161} INFO - Started process (PID=2177) to work on /home/airflow/.local/lib/python3.12/site-packages/airflow/example_dags/example_kubernetes_executor.py
[2025-12-27T14:37:01.717+0000] {processor.py:830} INFO - Processing file /home/airflow/.local/lib/python3.12/site-packages/airflow/example_dags/example_kubernetes_executor.py for tasks to queue
[2025-12-27T14:37:01.720+0000] {logging_mixin.py:188} INFO - [2025-12-27T14:37:01.719+0000] {dagbag.py:540} INFO - Filling up the DagBag from /home/airflow/.local/lib/python3.12/site-packages/airflow/example_dags/example_kubernetes_executor.py
[2025-12-27T14:37:01.775+0000] {processor.py:840} INFO - DAG(s) 'example_kubernetes_executor' retrieved from /home/airflow/.local/lib/python3.12/site-packages/airflow/example_dags/example_kubernetes_executor.py
[2025-12-27T14:37:01.901+0000] {logging_mixin.py:188} INFO - [2025-12-27T14:37:01.900+0000] {dag.py:3096} INFO - Sync 1 DAGs
[2025-12-27T14:37:01.934+0000] {logging_mixin.py:188} INFO - [2025-12-27T14:37:01.934+0000] {dag.py:3954} INFO - Setting next_dagrun for example_kubernetes_executor to None, run_after=None
[2025-12-27T14:37:01.989+0000] {processor.py:183} INFO - Processing /home/airflow/.local/lib/python3.12/site-packages/airflow/example_dags/example_kubernetes_executor.py took 0.292 seconds
[2025-12-27T14:37:32.999+0000] {processor.py:161} INFO - Started process (PID=2234) to work on /home/airflow/.local/lib/python3.12/site-packages/airflow/example_dags/example_kubernetes_executor.py
[2025-12-27T14:37:33.005+0000] {processor.py:830} INFO - Processing file /home/airflow/.local/lib/python3.12/site-packages/airflow/example_dags/example_kubernetes_executor.py for tasks to queue
[2025-12-27T14:37:33.013+0000] {logging_mixin.py:188} INFO - [2025-12-27T14:37:33.012+0000] {dagbag.py:540} INFO - Filling up the DagBag from /home/airflow/.local/lib/python3.12/site-packages/airflow/example_dags/example_kubernetes_executor.py
[2025-12-27T14:37:33.153+0000] {processor.py:840} INFO - DAG(s) 'example_kubernetes_executor' retrieved from /home/airflow/.local/lib/python3.12/site-packages/airflow/example_dags/example_kubernetes_executor.py
[2025-12-27T14:37:33.396+0000] {logging_mixin.py:188} INFO - [2025-12-27T14:37:33.395+0000] {dag.py:3096} INFO - Sync 1 DAGs
[2025-12-27T14:37:33.443+0000] {logging_mixin.py:188} INFO - [2025-12-27T14:37:33.442+0000] {dag.py:3954} INFO - Setting next_dagrun for example_kubernetes_executor to None, run_after=None
[2025-12-27T14:37:33.518+0000] {processor.py:183} INFO - Processing /home/airflow/.local/lib/python3.12/site-packages/airflow/example_dags/example_kubernetes_executor.py took 0.564 seconds
[2025-12-27T14:38:03.997+0000] {processor.py:161} INFO - Started process (PID=2293) to work on /home/airflow/.local/lib/python3.12/site-packages/airflow/example_dags/example_kubernetes_executor.py
[2025-12-27T14:38:04.001+0000] {processor.py:830} INFO - Processing file /home/airflow/.local/lib/python3.12/site-packages/airflow/example_dags/example_kubernetes_executor.py for tasks to queue
[2025-12-27T14:38:04.006+0000] {logging_mixin.py:188} INFO - [2025-12-27T14:38:04.005+0000] {dagbag.py:540} INFO - Filling up the DagBag from /home/airflow/.local/lib/python3.12/site-packages/airflow/example_dags/example_kubernetes_executor.py
[2025-12-27T14:38:04.099+0000] {processor.py:840} INFO - DAG(s) 'example_kubernetes_executor' retrieved from /home/airflow/.local/lib/python3.12/site-packages/airflow/example_dags/example_kubernetes_executor.py
[2025-12-27T14:38:04.263+0000] {logging_mixin.py:188} INFO - [2025-12-27T14:38:04.262+0000] {dag.py:3096} INFO - Sync 1 DAGs
[2025-12-27T14:38:04.309+0000] {logging_mixin.py:188} INFO - [2025-12-27T14:38:04.309+0000] {dag.py:3954} INFO - Setting next_dagrun for example_kubernetes_executor to None, run_after=None
[2025-12-27T14:38:04.397+0000] {processor.py:183} INFO - Processing /home/airflow/.local/lib/python3.12/site-packages/airflow/example_dags/example_kubernetes_executor.py took 0.436 seconds
[2025-12-27T14:38:34.721+0000] {processor.py:161} INFO - Started process (PID=2350) to work on /home/airflow/.local/lib/python3.12/site-packages/airflow/example_dags/example_kubernetes_executor.py
[2025-12-27T14:38:34.727+0000] {processor.py:830} INFO - Processing file /home/airflow/.local/lib/python3.12/site-packages/airflow/example_dags/example_kubernetes_executor.py for tasks to queue
[2025-12-27T14:38:34.733+0000] {logging_mixin.py:188} INFO - [2025-12-27T14:38:34.732+0000] {dagbag.py:540} INFO - Filling up the DagBag from /home/airflow/.local/lib/python3.12/site-packages/airflow/example_dags/example_kubernetes_executor.py
[2025-12-27T14:38:34.817+0000] {processor.py:840} INFO - DAG(s) 'example_kubernetes_executor' retrieved from /home/airflow/.local/lib/python3.12/site-packages/airflow/example_dags/example_kubernetes_executor.py
[2025-12-27T14:38:35.050+0000] {logging_mixin.py:188} INFO - [2025-12-27T14:38:35.049+0000] {dag.py:3096} INFO - Sync 1 DAGs
[2025-12-27T14:38:35.176+0000] {logging_mixin.py:188} INFO - [2025-12-27T14:38:35.176+0000] {dag.py:3954} INFO - Setting next_dagrun for example_kubernetes_executor to None, run_after=None
[2025-12-27T14:38:35.422+0000] {processor.py:183} INFO - Processing /home/airflow/.local/lib/python3.12/site-packages/airflow/example_dags/example_kubernetes_executor.py took 0.732 seconds
[2025-12-27T14:39:05.767+0000] {processor.py:161} INFO - Started process (PID=2408) to work on /home/airflow/.local/lib/python3.12/site-packages/airflow/example_dags/example_kubernetes_executor.py
[2025-12-27T14:39:05.771+0000] {processor.py:830} INFO - Processing file /home/airflow/.local/lib/python3.12/site-packages/airflow/example_dags/example_kubernetes_executor.py for tasks to queue
[2025-12-27T14:39:05.775+0000] {logging_mixin.py:188} INFO - [2025-12-27T14:39:05.774+0000] {dagbag.py:540} INFO - Filling up the DagBag from /home/airflow/.local/lib/python3.12/site-packages/airflow/example_dags/example_kubernetes_executor.py
[2025-12-27T14:39:05.827+0000] {processor.py:840} INFO - DAG(s) 'example_kubernetes_executor' retrieved from /home/airflow/.local/lib/python3.12/site-packages/airflow/example_dags/example_kubernetes_executor.py
[2025-12-27T14:39:06.001+0000] {logging_mixin.py:188} INFO - [2025-12-27T14:39:06.000+0000] {dag.py:3096} INFO - Sync 1 DAGs
[2025-12-27T14:39:06.059+0000] {logging_mixin.py:188} INFO - [2025-12-27T14:39:06.058+0000] {dag.py:3954} INFO - Setting next_dagrun for example_kubernetes_executor to None, run_after=None
[2025-12-27T14:39:06.126+0000] {processor.py:183} INFO - Processing /home/airflow/.local/lib/python3.12/site-packages/airflow/example_dags/example_kubernetes_executor.py took 0.379 seconds
[2025-12-27T14:39:39.872+0000] {processor.py:161} INFO - Started process (PID=2466) to work on /home/airflow/.local/lib/python3.12/site-packages/airflow/example_dags/example_kubernetes_executor.py
[2025-12-27T14:39:39.877+0000] {processor.py:830} INFO - Processing file /home/airflow/.local/lib/python3.12/site-packages/airflow/example_dags/example_kubernetes_executor.py for tasks to queue
[2025-12-27T14:39:39.884+0000] {logging_mixin.py:188} INFO - [2025-12-27T14:39:39.882+0000] {dagbag.py:540} INFO - Filling up the DagBag from /home/airflow/.local/lib/python3.12/site-packages/airflow/example_dags/example_kubernetes_executor.py
[2025-12-27T14:39:40.262+0000] {processor.py:840} INFO - DAG(s) 'example_kubernetes_executor' retrieved from /home/airflow/.local/lib/python3.12/site-packages/airflow/example_dags/example_kubernetes_executor.py
[2025-12-27T14:39:40.809+0000] {logging_mixin.py:188} INFO - [2025-12-27T14:39:40.807+0000] {dag.py:3096} INFO - Sync 1 DAGs
[2025-12-27T14:39:40.920+0000] {logging_mixin.py:188} INFO - [2025-12-27T14:39:40.919+0000] {dag.py:3954} INFO - Setting next_dagrun for example_kubernetes_executor to None, run_after=None
[2025-12-27T14:39:41.070+0000] {processor.py:183} INFO - Processing /home/airflow/.local/lib/python3.12/site-packages/airflow/example_dags/example_kubernetes_executor.py took 1.234 seconds
[2025-12-27T14:40:11.248+0000] {processor.py:161} INFO - Started process (PID=2523) to work on /home/airflow/.local/lib/python3.12/site-packages/airflow/example_dags/example_kubernetes_executor.py
[2025-12-27T14:40:11.251+0000] {processor.py:830} INFO - Processing file /home/airflow/.local/lib/python3.12/site-packages/airflow/example_dags/example_kubernetes_executor.py for tasks to queue
[2025-12-27T14:40:11.254+0000] {logging_mixin.py:188} INFO - [2025-12-27T14:40:11.253+0000] {dagbag.py:540} INFO - Filling up the DagBag from /home/airflow/.local/lib/python3.12/site-packages/airflow/example_dags/example_kubernetes_executor.py
[2025-12-27T14:40:11.315+0000] {processor.py:840} INFO - DAG(s) 'example_kubernetes_executor' retrieved from /home/airflow/.local/lib/python3.12/site-packages/airflow/example_dags/example_kubernetes_executor.py
[2025-12-27T14:40:11.454+0000] {logging_mixin.py:188} INFO - [2025-12-27T14:40:11.453+0000] {dag.py:3096} INFO - Sync 1 DAGs
[2025-12-27T14:40:11.496+0000] {logging_mixin.py:188} INFO - [2025-12-27T14:40:11.495+0000] {dag.py:3954} INFO - Setting next_dagrun for example_kubernetes_executor to None, run_after=None
[2025-12-27T14:40:11.560+0000] {processor.py:183} INFO - Processing /home/airflow/.local/lib/python3.12/site-packages/airflow/example_dags/example_kubernetes_executor.py took 0.331 seconds
[2025-12-27T14:40:42.139+0000] {processor.py:161} INFO - Started process (PID=2581) to work on /home/airflow/.local/lib/python3.12/site-packages/airflow/example_dags/example_kubernetes_executor.py
[2025-12-27T14:40:42.142+0000] {processor.py:830} INFO - Processing file /home/airflow/.local/lib/python3.12/site-packages/airflow/example_dags/example_kubernetes_executor.py for tasks to queue
[2025-12-27T14:40:42.145+0000] {logging_mixin.py:188} INFO - [2025-12-27T14:40:42.145+0000] {dagbag.py:540} INFO - Filling up the DagBag from /home/airflow/.local/lib/python3.12/site-packages/airflow/example_dags/example_kubernetes_executor.py
[2025-12-27T14:40:42.197+0000] {processor.py:840} INFO - DAG(s) 'example_kubernetes_executor' retrieved from /home/airflow/.local/lib/python3.12/site-packages/airflow/example_dags/example_kubernetes_executor.py
[2025-12-27T14:40:42.316+0000] {logging_mixin.py:188} INFO - [2025-12-27T14:40:42.315+0000] {dag.py:3096} INFO - Sync 1 DAGs
[2025-12-27T14:40:42.363+0000] {logging_mixin.py:188} INFO - [2025-12-27T14:40:42.362+0000] {dag.py:3954} INFO - Setting next_dagrun for example_kubernetes_executor to None, run_after=None
[2025-12-27T14:40:42.439+0000] {processor.py:183} INFO - Processing /home/airflow/.local/lib/python3.12/site-packages/airflow/example_dags/example_kubernetes_executor.py took 0.321 seconds
[2025-12-27T14:41:12.720+0000] {processor.py:161} INFO - Started process (PID=2639) to work on /home/airflow/.local/lib/python3.12/site-packages/airflow/example_dags/example_kubernetes_executor.py
[2025-12-27T14:41:12.723+0000] {processor.py:830} INFO - Processing file /home/airflow/.local/lib/python3.12/site-packages/airflow/example_dags/example_kubernetes_executor.py for tasks to queue
[2025-12-27T14:41:12.726+0000] {logging_mixin.py:188} INFO - [2025-12-27T14:41:12.725+0000] {dagbag.py:540} INFO - Filling up the DagBag from /home/airflow/.local/lib/python3.12/site-packages/airflow/example_dags/example_kubernetes_executor.py
[2025-12-27T14:41:12.762+0000] {processor.py:840} INFO - DAG(s) 'example_kubernetes_executor' retrieved from /home/airflow/.local/lib/python3.12/site-packages/airflow/example_dags/example_kubernetes_executor.py
[2025-12-27T14:41:12.868+0000] {logging_mixin.py:188} INFO - [2025-12-27T14:41:12.867+0000] {dag.py:3096} INFO - Sync 1 DAGs
[2025-12-27T14:41:12.900+0000] {logging_mixin.py:188} INFO - [2025-12-27T14:41:12.900+0000] {dag.py:3954} INFO - Setting next_dagrun for example_kubernetes_executor to None, run_after=None
[2025-12-27T14:41:12.986+0000] {processor.py:183} INFO - Processing /home/airflow/.local/lib/python3.12/site-packages/airflow/example_dags/example_kubernetes_executor.py took 0.283 seconds
[2025-12-27T14:41:43.357+0000] {processor.py:161} INFO - Started process (PID=2697) to work on /home/airflow/.local/lib/python3.12/site-packages/airflow/example_dags/example_kubernetes_executor.py
[2025-12-27T14:41:43.360+0000] {processor.py:830} INFO - Processing file /home/airflow/.local/lib/python3.12/site-packages/airflow/example_dags/example_kubernetes_executor.py for tasks to queue
[2025-12-27T14:41:43.363+0000] {logging_mixin.py:188} INFO - [2025-12-27T14:41:43.362+0000] {dagbag.py:540} INFO - Filling up the DagBag from /home/airflow/.local/lib/python3.12/site-packages/airflow/example_dags/example_kubernetes_executor.py
[2025-12-27T14:41:43.411+0000] {processor.py:840} INFO - DAG(s) 'example_kubernetes_executor' retrieved from /home/airflow/.local/lib/python3.12/site-packages/airflow/example_dags/example_kubernetes_executor.py
[2025-12-27T14:41:43.586+0000] {logging_mixin.py:188} INFO - [2025-12-27T14:41:43.585+0000] {dag.py:3096} INFO - Sync 1 DAGs
[2025-12-27T14:41:43.632+0000] {logging_mixin.py:188} INFO - [2025-12-27T14:41:43.631+0000] {dag.py:3954} INFO - Setting next_dagrun for example_kubernetes_executor to None, run_after=None
[2025-12-27T14:41:43.689+0000] {processor.py:183} INFO - Processing /home/airflow/.local/lib/python3.12/site-packages/airflow/example_dags/example_kubernetes_executor.py took 0.348 seconds
[2025-12-27T14:42:13.815+0000] {processor.py:161} INFO - Started process (PID=2756) to work on /home/airflow/.local/lib/python3.12/site-packages/airflow/example_dags/example_kubernetes_executor.py
[2025-12-27T14:42:13.818+0000] {processor.py:830} INFO - Processing file /home/airflow/.local/lib/python3.12/site-packages/airflow/example_dags/example_kubernetes_executor.py for tasks to queue
[2025-12-27T14:42:13.821+0000] {logging_mixin.py:188} INFO - [2025-12-27T14:42:13.820+0000] {dagbag.py:540} INFO - Filling up the DagBag from /home/airflow/.local/lib/python3.12/site-packages/airflow/example_dags/example_kubernetes_executor.py
[2025-12-27T14:42:13.866+0000] {processor.py:840} INFO - DAG(s) 'example_kubernetes_executor' retrieved from /home/airflow/.local/lib/python3.12/site-packages/airflow/example_dags/example_kubernetes_executor.py
[2025-12-27T14:42:13.984+0000] {logging_mixin.py:188} INFO - [2025-12-27T14:42:13.984+0000] {dag.py:3096} INFO - Sync 1 DAGs
[2025-12-27T14:42:14.021+0000] {logging_mixin.py:188} INFO - [2025-12-27T14:42:14.021+0000] {dag.py:3954} INFO - Setting next_dagrun for example_kubernetes_executor to None, run_after=None
[2025-12-27T14:42:14.074+0000] {processor.py:183} INFO - Processing /home/airflow/.local/lib/python3.12/site-packages/airflow/example_dags/example_kubernetes_executor.py took 0.278 seconds
[2025-12-27T14:42:44.392+0000] {processor.py:161} INFO - Started process (PID=2815) to work on /home/airflow/.local/lib/python3.12/site-packages/airflow/example_dags/example_kubernetes_executor.py
[2025-12-27T14:42:44.396+0000] {processor.py:830} INFO - Processing file /home/airflow/.local/lib/python3.12/site-packages/airflow/example_dags/example_kubernetes_executor.py for tasks to queue
[2025-12-27T14:42:44.400+0000] {logging_mixin.py:188} INFO - [2025-12-27T14:42:44.398+0000] {dagbag.py:540} INFO - Filling up the DagBag from /home/airflow/.local/lib/python3.12/site-packages/airflow/example_dags/example_kubernetes_executor.py
[2025-12-27T14:42:44.449+0000] {processor.py:840} INFO - DAG(s) 'example_kubernetes_executor' retrieved from /home/airflow/.local/lib/python3.12/site-packages/airflow/example_dags/example_kubernetes_executor.py
[2025-12-27T14:42:44.564+0000] {logging_mixin.py:188} INFO - [2025-12-27T14:42:44.563+0000] {dag.py:3096} INFO - Sync 1 DAGs
[2025-12-27T14:42:44.595+0000] {logging_mixin.py:188} INFO - [2025-12-27T14:42:44.594+0000] {dag.py:3954} INFO - Setting next_dagrun for example_kubernetes_executor to None, run_after=None
[2025-12-27T14:42:44.646+0000] {processor.py:183} INFO - Processing /home/airflow/.local/lib/python3.12/site-packages/airflow/example_dags/example_kubernetes_executor.py took 0.276 seconds
[2025-12-27T14:43:15.210+0000] {processor.py:161} INFO - Started process (PID=2872) to work on /home/airflow/.local/lib/python3.12/site-packages/airflow/example_dags/example_kubernetes_executor.py
[2025-12-27T14:43:15.213+0000] {processor.py:830} INFO - Processing file /home/airflow/.local/lib/python3.12/site-packages/airflow/example_dags/example_kubernetes_executor.py for tasks to queue
[2025-12-27T14:43:15.217+0000] {logging_mixin.py:188} INFO - [2025-12-27T14:43:15.216+0000] {dagbag.py:540} INFO - Filling up the DagBag from /home/airflow/.local/lib/python3.12/site-packages/airflow/example_dags/example_kubernetes_executor.py
[2025-12-27T14:43:15.289+0000] {processor.py:840} INFO - DAG(s) 'example_kubernetes_executor' retrieved from /home/airflow/.local/lib/python3.12/site-packages/airflow/example_dags/example_kubernetes_executor.py
[2025-12-27T14:43:15.425+0000] {logging_mixin.py:188} INFO - [2025-12-27T14:43:15.424+0000] {dag.py:3096} INFO - Sync 1 DAGs
[2025-12-27T14:43:15.471+0000] {logging_mixin.py:188} INFO - [2025-12-27T14:43:15.471+0000] {dag.py:3954} INFO - Setting next_dagrun for example_kubernetes_executor to None, run_after=None
[2025-12-27T14:43:15.540+0000] {processor.py:183} INFO - Processing /home/airflow/.local/lib/python3.12/site-packages/airflow/example_dags/example_kubernetes_executor.py took 0.364 seconds
[2025-12-27T14:43:45.685+0000] {processor.py:161} INFO - Started process (PID=2930) to work on /home/airflow/.local/lib/python3.12/site-packages/airflow/example_dags/example_kubernetes_executor.py
[2025-12-27T14:43:45.687+0000] {processor.py:830} INFO - Processing file /home/airflow/.local/lib/python3.12/site-packages/airflow/example_dags/example_kubernetes_executor.py for tasks to queue
[2025-12-27T14:43:45.690+0000] {logging_mixin.py:188} INFO - [2025-12-27T14:43:45.689+0000] {dagbag.py:540} INFO - Filling up the DagBag from /home/airflow/.local/lib/python3.12/site-packages/airflow/example_dags/example_kubernetes_executor.py
[2025-12-27T14:43:45.735+0000] {processor.py:840} INFO - DAG(s) 'example_kubernetes_executor' retrieved from /home/airflow/.local/lib/python3.12/site-packages/airflow/example_dags/example_kubernetes_executor.py
[2025-12-27T14:43:45.920+0000] {logging_mixin.py:188} INFO - [2025-12-27T14:43:45.919+0000] {dag.py:3096} INFO - Sync 1 DAGs
[2025-12-27T14:43:46.011+0000] {logging_mixin.py:188} INFO - [2025-12-27T14:43:46.011+0000] {dag.py:3954} INFO - Setting next_dagrun for example_kubernetes_executor to None, run_after=None
[2025-12-27T14:43:46.110+0000] {processor.py:183} INFO - Processing /home/airflow/.local/lib/python3.12/site-packages/airflow/example_dags/example_kubernetes_executor.py took 0.447 seconds
[2025-12-27T14:44:16.345+0000] {processor.py:161} INFO - Started process (PID=2989) to work on /home/airflow/.local/lib/python3.12/site-packages/airflow/example_dags/example_kubernetes_executor.py
[2025-12-27T14:44:16.348+0000] {processor.py:830} INFO - Processing file /home/airflow/.local/lib/python3.12/site-packages/airflow/example_dags/example_kubernetes_executor.py for tasks to queue
[2025-12-27T14:44:16.352+0000] {logging_mixin.py:188} INFO - [2025-12-27T14:44:16.351+0000] {dagbag.py:540} INFO - Filling up the DagBag from /home/airflow/.local/lib/python3.12/site-packages/airflow/example_dags/example_kubernetes_executor.py
[2025-12-27T14:44:16.393+0000] {processor.py:840} INFO - DAG(s) 'example_kubernetes_executor' retrieved from /home/airflow/.local/lib/python3.12/site-packages/airflow/example_dags/example_kubernetes_executor.py
[2025-12-27T14:44:16.498+0000] {logging_mixin.py:188} INFO - [2025-12-27T14:44:16.497+0000] {dag.py:3096} INFO - Sync 1 DAGs
[2025-12-27T14:44:16.543+0000] {logging_mixin.py:188} INFO - [2025-12-27T14:44:16.543+0000] {dag.py:3954} INFO - Setting next_dagrun for example_kubernetes_executor to None, run_after=None
[2025-12-27T14:44:16.605+0000] {processor.py:183} INFO - Processing /home/airflow/.local/lib/python3.12/site-packages/airflow/example_dags/example_kubernetes_executor.py took 0.284 seconds
[2025-12-27T14:44:47.163+0000] {processor.py:161} INFO - Started process (PID=3048) to work on /home/airflow/.local/lib/python3.12/site-packages/airflow/example_dags/example_kubernetes_executor.py
[2025-12-27T14:44:47.168+0000] {processor.py:830} INFO - Processing file /home/airflow/.local/lib/python3.12/site-packages/airflow/example_dags/example_kubernetes_executor.py for tasks to queue
[2025-12-27T14:44:47.171+0000] {logging_mixin.py:188} INFO - [2025-12-27T14:44:47.170+0000] {dagbag.py:540} INFO - Filling up the DagBag from /home/airflow/.local/lib/python3.12/site-packages/airflow/example_dags/example_kubernetes_executor.py
[2025-12-27T14:44:47.240+0000] {processor.py:840} INFO - DAG(s) 'example_kubernetes_executor' retrieved from /home/airflow/.local/lib/python3.12/site-packages/airflow/example_dags/example_kubernetes_executor.py
[2025-12-27T14:44:47.405+0000] {logging_mixin.py:188} INFO - [2025-12-27T14:44:47.404+0000] {dag.py:3096} INFO - Sync 1 DAGs
[2025-12-27T14:44:47.480+0000] {logging_mixin.py:188} INFO - [2025-12-27T14:44:47.479+0000] {dag.py:3954} INFO - Setting next_dagrun for example_kubernetes_executor to None, run_after=None
[2025-12-27T14:44:47.549+0000] {processor.py:183} INFO - Processing /home/airflow/.local/lib/python3.12/site-packages/airflow/example_dags/example_kubernetes_executor.py took 0.411 seconds
[2025-12-27T14:45:18.076+0000] {processor.py:161} INFO - Started process (PID=3107) to work on /home/airflow/.local/lib/python3.12/site-packages/airflow/example_dags/example_kubernetes_executor.py
[2025-12-27T14:45:18.080+0000] {processor.py:830} INFO - Processing file /home/airflow/.local/lib/python3.12/site-packages/airflow/example_dags/example_kubernetes_executor.py for tasks to queue
[2025-12-27T14:45:18.086+0000] {logging_mixin.py:188} INFO - [2025-12-27T14:45:18.083+0000] {dagbag.py:540} INFO - Filling up the DagBag from /home/airflow/.local/lib/python3.12/site-packages/airflow/example_dags/example_kubernetes_executor.py
[2025-12-27T14:45:18.142+0000] {processor.py:840} INFO - DAG(s) 'example_kubernetes_executor' retrieved from /home/airflow/.local/lib/python3.12/site-packages/airflow/example_dags/example_kubernetes_executor.py
[2025-12-27T14:45:18.315+0000] {logging_mixin.py:188} INFO - [2025-12-27T14:45:18.314+0000] {dag.py:3096} INFO - Sync 1 DAGs
[2025-12-27T14:45:18.387+0000] {logging_mixin.py:188} INFO - [2025-12-27T14:45:18.386+0000] {dag.py:3954} INFO - Setting next_dagrun for example_kubernetes_executor to None, run_after=None
[2025-12-27T14:45:18.487+0000] {processor.py:183} INFO - Processing /home/airflow/.local/lib/python3.12/site-packages/airflow/example_dags/example_kubernetes_executor.py took 0.430 seconds
[2025-12-27T14:45:48.763+0000] {processor.py:161} INFO - Started process (PID=3166) to work on /home/airflow/.local/lib/python3.12/site-packages/airflow/example_dags/example_kubernetes_executor.py
[2025-12-27T14:45:48.766+0000] {processor.py:830} INFO - Processing file /home/airflow/.local/lib/python3.12/site-packages/airflow/example_dags/example_kubernetes_executor.py for tasks to queue
[2025-12-27T14:45:48.768+0000] {logging_mixin.py:188} INFO - [2025-12-27T14:45:48.767+0000] {dagbag.py:540} INFO - Filling up the DagBag from /home/airflow/.local/lib/python3.12/site-packages/airflow/example_dags/example_kubernetes_executor.py
[2025-12-27T14:45:48.835+0000] {processor.py:840} INFO - DAG(s) 'example_kubernetes_executor' retrieved from /home/airflow/.local/lib/python3.12/site-packages/airflow/example_dags/example_kubernetes_executor.py
[2025-12-27T14:45:48.932+0000] {logging_mixin.py:188} INFO - [2025-12-27T14:45:48.931+0000] {dag.py:3096} INFO - Sync 1 DAGs
[2025-12-27T14:45:48.971+0000] {logging_mixin.py:188} INFO - [2025-12-27T14:45:48.971+0000] {dag.py:3954} INFO - Setting next_dagrun for example_kubernetes_executor to None, run_after=None
[2025-12-27T14:45:49.032+0000] {processor.py:183} INFO - Processing /home/airflow/.local/lib/python3.12/site-packages/airflow/example_dags/example_kubernetes_executor.py took 0.291 seconds
[2025-12-27T14:46:19.335+0000] {processor.py:161} INFO - Started process (PID=3224) to work on /home/airflow/.local/lib/python3.12/site-packages/airflow/example_dags/example_kubernetes_executor.py
[2025-12-27T14:46:19.339+0000] {processor.py:830} INFO - Processing file /home/airflow/.local/lib/python3.12/site-packages/airflow/example_dags/example_kubernetes_executor.py for tasks to queue
[2025-12-27T14:46:19.351+0000] {logging_mixin.py:188} INFO - [2025-12-27T14:46:19.342+0000] {dagbag.py:540} INFO - Filling up the DagBag from /home/airflow/.local/lib/python3.12/site-packages/airflow/example_dags/example_kubernetes_executor.py
[2025-12-27T14:46:19.407+0000] {processor.py:840} INFO - DAG(s) 'example_kubernetes_executor' retrieved from /home/airflow/.local/lib/python3.12/site-packages/airflow/example_dags/example_kubernetes_executor.py
[2025-12-27T14:46:19.505+0000] {logging_mixin.py:188} INFO - [2025-12-27T14:46:19.504+0000] {dag.py:3096} INFO - Sync 1 DAGs
[2025-12-27T14:46:19.544+0000] {logging_mixin.py:188} INFO - [2025-12-27T14:46:19.543+0000] {dag.py:3954} INFO - Setting next_dagrun for example_kubernetes_executor to None, run_after=None
[2025-12-27T14:46:19.598+0000] {processor.py:183} INFO - Processing /home/airflow/.local/lib/python3.12/site-packages/airflow/example_dags/example_kubernetes_executor.py took 0.286 seconds
[2025-12-27T14:46:50.312+0000] {processor.py:161} INFO - Started process (PID=3283) to work on /home/airflow/.local/lib/python3.12/site-packages/airflow/example_dags/example_kubernetes_executor.py
[2025-12-27T14:46:50.316+0000] {processor.py:830} INFO - Processing file /home/airflow/.local/lib/python3.12/site-packages/airflow/example_dags/example_kubernetes_executor.py for tasks to queue
[2025-12-27T14:46:50.320+0000] {logging_mixin.py:188} INFO - [2025-12-27T14:46:50.319+0000] {dagbag.py:540} INFO - Filling up the DagBag from /home/airflow/.local/lib/python3.12/site-packages/airflow/example_dags/example_kubernetes_executor.py
[2025-12-27T14:46:50.360+0000] {processor.py:840} INFO - DAG(s) 'example_kubernetes_executor' retrieved from /home/airflow/.local/lib/python3.12/site-packages/airflow/example_dags/example_kubernetes_executor.py
[2025-12-27T14:46:50.476+0000] {logging_mixin.py:188} INFO - [2025-12-27T14:46:50.476+0000] {dag.py:3096} INFO - Sync 1 DAGs
[2025-12-27T14:46:50.508+0000] {logging_mixin.py:188} INFO - [2025-12-27T14:46:50.508+0000] {dag.py:3954} INFO - Setting next_dagrun for example_kubernetes_executor to None, run_after=None
[2025-12-27T14:46:50.738+0000] {processor.py:183} INFO - Processing /home/airflow/.local/lib/python3.12/site-packages/airflow/example_dags/example_kubernetes_executor.py took 0.446 seconds
[2025-12-27T14:47:20.893+0000] {processor.py:161} INFO - Started process (PID=3341) to work on /home/airflow/.local/lib/python3.12/site-packages/airflow/example_dags/example_kubernetes_executor.py
[2025-12-27T14:47:20.896+0000] {processor.py:830} INFO - Processing file /home/airflow/.local/lib/python3.12/site-packages/airflow/example_dags/example_kubernetes_executor.py for tasks to queue
[2025-12-27T14:47:20.899+0000] {logging_mixin.py:188} INFO - [2025-12-27T14:47:20.898+0000] {dagbag.py:540} INFO - Filling up the DagBag from /home/airflow/.local/lib/python3.12/site-packages/airflow/example_dags/example_kubernetes_executor.py
[2025-12-27T14:47:20.933+0000] {processor.py:840} INFO - DAG(s) 'example_kubernetes_executor' retrieved from /home/airflow/.local/lib/python3.12/site-packages/airflow/example_dags/example_kubernetes_executor.py
[2025-12-27T14:47:21.032+0000] {logging_mixin.py:188} INFO - [2025-12-27T14:47:21.032+0000] {dag.py:3096} INFO - Sync 1 DAGs
[2025-12-27T14:47:21.063+0000] {logging_mixin.py:188} INFO - [2025-12-27T14:47:21.062+0000] {dag.py:3954} INFO - Setting next_dagrun for example_kubernetes_executor to None, run_after=None
[2025-12-27T14:47:21.114+0000] {processor.py:183} INFO - Processing /home/airflow/.local/lib/python3.12/site-packages/airflow/example_dags/example_kubernetes_executor.py took 0.237 seconds
[2025-12-27T14:47:51.303+0000] {processor.py:161} INFO - Started process (PID=3399) to work on /home/airflow/.local/lib/python3.12/site-packages/airflow/example_dags/example_kubernetes_executor.py
[2025-12-27T14:47:51.305+0000] {processor.py:830} INFO - Processing file /home/airflow/.local/lib/python3.12/site-packages/airflow/example_dags/example_kubernetes_executor.py for tasks to queue
[2025-12-27T14:47:51.308+0000] {logging_mixin.py:188} INFO - [2025-12-27T14:47:51.307+0000] {dagbag.py:540} INFO - Filling up the DagBag from /home/airflow/.local/lib/python3.12/site-packages/airflow/example_dags/example_kubernetes_executor.py
[2025-12-27T14:47:51.343+0000] {processor.py:840} INFO - DAG(s) 'example_kubernetes_executor' retrieved from /home/airflow/.local/lib/python3.12/site-packages/airflow/example_dags/example_kubernetes_executor.py
[2025-12-27T14:47:51.448+0000] {logging_mixin.py:188} INFO - [2025-12-27T14:47:51.447+0000] {dag.py:3096} INFO - Sync 1 DAGs
[2025-12-27T14:47:51.481+0000] {logging_mixin.py:188} INFO - [2025-12-27T14:47:51.480+0000] {dag.py:3954} INFO - Setting next_dagrun for example_kubernetes_executor to None, run_after=None
[2025-12-27T14:47:51.534+0000] {processor.py:183} INFO - Processing /home/airflow/.local/lib/python3.12/site-packages/airflow/example_dags/example_kubernetes_executor.py took 0.248 seconds
[2025-12-27T14:48:21.855+0000] {processor.py:161} INFO - Started process (PID=3458) to work on /home/airflow/.local/lib/python3.12/site-packages/airflow/example_dags/example_kubernetes_executor.py
[2025-12-27T14:48:21.857+0000] {processor.py:830} INFO - Processing file /home/airflow/.local/lib/python3.12/site-packages/airflow/example_dags/example_kubernetes_executor.py for tasks to queue
[2025-12-27T14:48:21.860+0000] {logging_mixin.py:188} INFO - [2025-12-27T14:48:21.859+0000] {dagbag.py:540} INFO - Filling up the DagBag from /home/airflow/.local/lib/python3.12/site-packages/airflow/example_dags/example_kubernetes_executor.py
[2025-12-27T14:48:21.901+0000] {processor.py:840} INFO - DAG(s) 'example_kubernetes_executor' retrieved from /home/airflow/.local/lib/python3.12/site-packages/airflow/example_dags/example_kubernetes_executor.py
[2025-12-27T14:48:22.026+0000] {logging_mixin.py:188} INFO - [2025-12-27T14:48:22.025+0000] {dag.py:3096} INFO - Sync 1 DAGs
[2025-12-27T14:48:22.067+0000] {logging_mixin.py:188} INFO - [2025-12-27T14:48:22.067+0000] {dag.py:3954} INFO - Setting next_dagrun for example_kubernetes_executor to None, run_after=None
[2025-12-27T14:48:22.140+0000] {processor.py:183} INFO - Processing /home/airflow/.local/lib/python3.12/site-packages/airflow/example_dags/example_kubernetes_executor.py took 0.307 seconds
[2025-12-27T14:48:54.030+0000] {processor.py:161} INFO - Started process (PID=3516) to work on /home/airflow/.local/lib/python3.12/site-packages/airflow/example_dags/example_kubernetes_executor.py
[2025-12-27T14:48:54.035+0000] {processor.py:830} INFO - Processing file /home/airflow/.local/lib/python3.12/site-packages/airflow/example_dags/example_kubernetes_executor.py for tasks to queue
[2025-12-27T14:48:54.040+0000] {logging_mixin.py:188} INFO - [2025-12-27T14:48:54.038+0000] {dagbag.py:540} INFO - Filling up the DagBag from /home/airflow/.local/lib/python3.12/site-packages/airflow/example_dags/example_kubernetes_executor.py
[2025-12-27T14:48:54.181+0000] {processor.py:840} INFO - DAG(s) 'example_kubernetes_executor' retrieved from /home/airflow/.local/lib/python3.12/site-packages/airflow/example_dags/example_kubernetes_executor.py
[2025-12-27T14:48:54.927+0000] {logging_mixin.py:188} INFO - [2025-12-27T14:48:54.926+0000] {dag.py:3096} INFO - Sync 1 DAGs
[2025-12-27T14:48:55.093+0000] {logging_mixin.py:188} INFO - [2025-12-27T14:48:55.093+0000] {dag.py:3954} INFO - Setting next_dagrun for example_kubernetes_executor to None, run_after=None
[2025-12-27T14:48:55.400+0000] {processor.py:183} INFO - Processing /home/airflow/.local/lib/python3.12/site-packages/airflow/example_dags/example_kubernetes_executor.py took 1.413 seconds
[2025-12-27T14:49:25.681+0000] {processor.py:161} INFO - Started process (PID=3572) to work on /home/airflow/.local/lib/python3.12/site-packages/airflow/example_dags/example_kubernetes_executor.py
[2025-12-27T14:49:25.684+0000] {processor.py:830} INFO - Processing file /home/airflow/.local/lib/python3.12/site-packages/airflow/example_dags/example_kubernetes_executor.py for tasks to queue
[2025-12-27T14:49:25.687+0000] {logging_mixin.py:188} INFO - [2025-12-27T14:49:25.686+0000] {dagbag.py:540} INFO - Filling up the DagBag from /home/airflow/.local/lib/python3.12/site-packages/airflow/example_dags/example_kubernetes_executor.py
[2025-12-27T14:49:25.743+0000] {processor.py:840} INFO - DAG(s) 'example_kubernetes_executor' retrieved from /home/airflow/.local/lib/python3.12/site-packages/airflow/example_dags/example_kubernetes_executor.py
[2025-12-27T14:49:25.853+0000] {logging_mixin.py:188} INFO - [2025-12-27T14:49:25.853+0000] {dag.py:3096} INFO - Sync 1 DAGs
[2025-12-27T14:49:25.893+0000] {logging_mixin.py:188} INFO - [2025-12-27T14:49:25.892+0000] {dag.py:3954} INFO - Setting next_dagrun for example_kubernetes_executor to None, run_after=None
[2025-12-27T14:49:25.947+0000] {processor.py:183} INFO - Processing /home/airflow/.local/lib/python3.12/site-packages/airflow/example_dags/example_kubernetes_executor.py took 0.285 seconds
[2025-12-27T14:49:56.618+0000] {processor.py:161} INFO - Started process (PID=3629) to work on /home/airflow/.local/lib/python3.12/site-packages/airflow/example_dags/example_kubernetes_executor.py
[2025-12-27T14:49:56.628+0000] {processor.py:830} INFO - Processing file /home/airflow/.local/lib/python3.12/site-packages/airflow/example_dags/example_kubernetes_executor.py for tasks to queue
[2025-12-27T14:49:56.632+0000] {logging_mixin.py:188} INFO - [2025-12-27T14:49:56.631+0000] {dagbag.py:540} INFO - Filling up the DagBag from /home/airflow/.local/lib/python3.12/site-packages/airflow/example_dags/example_kubernetes_executor.py
[2025-12-27T14:49:56.944+0000] {processor.py:840} INFO - DAG(s) 'example_kubernetes_executor' retrieved from /home/airflow/.local/lib/python3.12/site-packages/airflow/example_dags/example_kubernetes_executor.py
[2025-12-27T14:49:57.322+0000] {logging_mixin.py:188} INFO - [2025-12-27T14:49:57.321+0000] {dag.py:3096} INFO - Sync 1 DAGs
[2025-12-27T14:49:57.428+0000] {logging_mixin.py:188} INFO - [2025-12-27T14:49:57.427+0000] {dag.py:3954} INFO - Setting next_dagrun for example_kubernetes_executor to None, run_after=None
[2025-12-27T14:49:57.564+0000] {processor.py:183} INFO - Processing /home/airflow/.local/lib/python3.12/site-packages/airflow/example_dags/example_kubernetes_executor.py took 0.974 seconds
[2025-12-27T14:50:28.764+0000] {processor.py:161} INFO - Started process (PID=3688) to work on /home/airflow/.local/lib/python3.12/site-packages/airflow/example_dags/example_kubernetes_executor.py
[2025-12-27T14:50:28.770+0000] {processor.py:830} INFO - Processing file /home/airflow/.local/lib/python3.12/site-packages/airflow/example_dags/example_kubernetes_executor.py for tasks to queue
[2025-12-27T14:50:28.774+0000] {logging_mixin.py:188} INFO - [2025-12-27T14:50:28.772+0000] {dagbag.py:540} INFO - Filling up the DagBag from /home/airflow/.local/lib/python3.12/site-packages/airflow/example_dags/example_kubernetes_executor.py
[2025-12-27T14:50:28.904+0000] {processor.py:840} INFO - DAG(s) 'example_kubernetes_executor' retrieved from /home/airflow/.local/lib/python3.12/site-packages/airflow/example_dags/example_kubernetes_executor.py
[2025-12-27T14:50:29.246+0000] {logging_mixin.py:188} INFO - [2025-12-27T14:50:29.245+0000] {dag.py:3096} INFO - Sync 1 DAGs
[2025-12-27T14:50:29.308+0000] {logging_mixin.py:188} INFO - [2025-12-27T14:50:29.308+0000] {dag.py:3954} INFO - Setting next_dagrun for example_kubernetes_executor to None, run_after=None
[2025-12-27T14:50:29.391+0000] {processor.py:183} INFO - Processing /home/airflow/.local/lib/python3.12/site-packages/airflow/example_dags/example_kubernetes_executor.py took 0.654 seconds
[2025-12-27T14:51:01.318+0000] {processor.py:161} INFO - Started process (PID=3745) to work on /home/airflow/.local/lib/python3.12/site-packages/airflow/example_dags/example_kubernetes_executor.py
[2025-12-27T14:51:01.322+0000] {processor.py:830} INFO - Processing file /home/airflow/.local/lib/python3.12/site-packages/airflow/example_dags/example_kubernetes_executor.py for tasks to queue
[2025-12-27T14:51:01.327+0000] {logging_mixin.py:188} INFO - [2025-12-27T14:51:01.325+0000] {dagbag.py:540} INFO - Filling up the DagBag from /home/airflow/.local/lib/python3.12/site-packages/airflow/example_dags/example_kubernetes_executor.py
[2025-12-27T14:51:01.468+0000] {processor.py:840} INFO - DAG(s) 'example_kubernetes_executor' retrieved from /home/airflow/.local/lib/python3.12/site-packages/airflow/example_dags/example_kubernetes_executor.py
[2025-12-27T14:51:01.784+0000] {logging_mixin.py:188} INFO - [2025-12-27T14:51:01.783+0000] {dag.py:3096} INFO - Sync 1 DAGs
[2025-12-27T14:51:01.869+0000] {logging_mixin.py:188} INFO - [2025-12-27T14:51:01.868+0000] {dag.py:3954} INFO - Setting next_dagrun for example_kubernetes_executor to None, run_after=None
[2025-12-27T14:51:01.991+0000] {processor.py:183} INFO - Processing /home/airflow/.local/lib/python3.12/site-packages/airflow/example_dags/example_kubernetes_executor.py took 0.711 seconds
[2025-12-27T14:54:22.557+0000] {processor.py:161} INFO - Started process (PID=3856) to work on /home/airflow/.local/lib/python3.12/site-packages/airflow/example_dags/example_kubernetes_executor.py
[2025-12-27T14:54:22.571+0000] {processor.py:830} INFO - Processing file /home/airflow/.local/lib/python3.12/site-packages/airflow/example_dags/example_kubernetes_executor.py for tasks to queue
[2025-12-27T14:54:22.579+0000] {logging_mixin.py:188} INFO - [2025-12-27T14:54:22.576+0000] {dagbag.py:540} INFO - Filling up the DagBag from /home/airflow/.local/lib/python3.12/site-packages/airflow/example_dags/example_kubernetes_executor.py
[2025-12-27T14:54:30.503+0000] {processor.py:840} INFO - DAG(s) 'example_kubernetes_executor' retrieved from /home/airflow/.local/lib/python3.12/site-packages/airflow/example_dags/example_kubernetes_executor.py
[2025-12-27T14:54:35.338+0000] {logging_mixin.py:188} INFO - [2025-12-27T14:54:35.309+0000] {dag.py:3096} INFO - Sync 1 DAGs
[2025-12-27T14:54:35.924+0000] {logging_mixin.py:188} INFO - [2025-12-27T14:54:35.922+0000] {dag.py:3954} INFO - Setting next_dagrun for example_kubernetes_executor to None, run_after=None
[2025-12-27T14:54:36.894+0000] {processor.py:183} INFO - Processing /home/airflow/.local/lib/python3.12/site-packages/airflow/example_dags/example_kubernetes_executor.py took 14.420 seconds
