[2025-12-27T14:15:01.444+0000] {processor.py:161} INFO - Started process (PID=112) to work on /home/airflow/.local/lib/python3.12/site-packages/airflow/example_dags/example_time_delta_sensor_async.py
[2025-12-27T14:15:01.449+0000] {processor.py:830} INFO - Processing file /home/airflow/.local/lib/python3.12/site-packages/airflow/example_dags/example_time_delta_sensor_async.py for tasks to queue
[2025-12-27T14:15:01.462+0000] {logging_mixin.py:188} INFO - [2025-12-27T14:15:01.459+0000] {dagbag.py:540} INFO - Filling up the DagBag from /home/airflow/.local/lib/python3.12/site-packages/airflow/example_dags/example_time_delta_sensor_async.py
[2025-12-27T14:15:01.508+0000] {processor.py:840} INFO - DAG(s) 'example_time_delta_sensor_async' retrieved from /home/airflow/.local/lib/python3.12/site-packages/airflow/example_dags/example_time_delta_sensor_async.py
[2025-12-27T14:15:02.306+0000] {logging_mixin.py:188} INFO - [2025-12-27T14:15:02.305+0000] {dag.py:3096} INFO - Sync 1 DAGs
[2025-12-27T14:15:02.394+0000] {logging_mixin.py:188} INFO - [2025-12-27T14:15:02.394+0000] {dag.py:3954} INFO - Setting next_dagrun for example_time_delta_sensor_async to None, run_after=None
[2025-12-27T14:15:02.565+0000] {processor.py:183} INFO - Processing /home/airflow/.local/lib/python3.12/site-packages/airflow/example_dags/example_time_delta_sensor_async.py took 1.156 seconds
[2025-12-27T14:15:33.864+0000] {processor.py:161} INFO - Started process (PID=169) to work on /home/airflow/.local/lib/python3.12/site-packages/airflow/example_dags/example_time_delta_sensor_async.py
[2025-12-27T14:15:33.868+0000] {processor.py:830} INFO - Processing file /home/airflow/.local/lib/python3.12/site-packages/airflow/example_dags/example_time_delta_sensor_async.py for tasks to queue
[2025-12-27T14:15:33.875+0000] {logging_mixin.py:188} INFO - [2025-12-27T14:15:33.874+0000] {dagbag.py:540} INFO - Filling up the DagBag from /home/airflow/.local/lib/python3.12/site-packages/airflow/example_dags/example_time_delta_sensor_async.py
[2025-12-27T14:15:33.896+0000] {processor.py:840} INFO - DAG(s) 'example_time_delta_sensor_async' retrieved from /home/airflow/.local/lib/python3.12/site-packages/airflow/example_dags/example_time_delta_sensor_async.py
[2025-12-27T14:15:34.001+0000] {logging_mixin.py:188} INFO - [2025-12-27T14:15:34.000+0000] {dag.py:3096} INFO - Sync 1 DAGs
[2025-12-27T14:15:34.048+0000] {logging_mixin.py:188} INFO - [2025-12-27T14:15:34.047+0000] {dag.py:3954} INFO - Setting next_dagrun for example_time_delta_sensor_async to None, run_after=None
[2025-12-27T14:15:34.116+0000] {processor.py:183} INFO - Processing /home/airflow/.local/lib/python3.12/site-packages/airflow/example_dags/example_time_delta_sensor_async.py took 0.275 seconds
[2025-12-27T14:16:04.334+0000] {processor.py:161} INFO - Started process (PID=228) to work on /home/airflow/.local/lib/python3.12/site-packages/airflow/example_dags/example_time_delta_sensor_async.py
[2025-12-27T14:16:04.338+0000] {processor.py:830} INFO - Processing file /home/airflow/.local/lib/python3.12/site-packages/airflow/example_dags/example_time_delta_sensor_async.py for tasks to queue
[2025-12-27T14:16:04.344+0000] {logging_mixin.py:188} INFO - [2025-12-27T14:16:04.343+0000] {dagbag.py:540} INFO - Filling up the DagBag from /home/airflow/.local/lib/python3.12/site-packages/airflow/example_dags/example_time_delta_sensor_async.py
[2025-12-27T14:16:04.357+0000] {processor.py:840} INFO - DAG(s) 'example_time_delta_sensor_async' retrieved from /home/airflow/.local/lib/python3.12/site-packages/airflow/example_dags/example_time_delta_sensor_async.py
[2025-12-27T14:16:04.418+0000] {logging_mixin.py:188} INFO - [2025-12-27T14:16:04.417+0000] {dag.py:3096} INFO - Sync 1 DAGs
[2025-12-27T14:16:04.457+0000] {logging_mixin.py:188} INFO - [2025-12-27T14:16:04.456+0000] {dag.py:3954} INFO - Setting next_dagrun for example_time_delta_sensor_async to None, run_after=None
[2025-12-27T14:16:04.507+0000] {processor.py:183} INFO - Processing /home/airflow/.local/lib/python3.12/site-packages/airflow/example_dags/example_time_delta_sensor_async.py took 0.190 seconds
[2025-12-27T14:16:37.094+0000] {processor.py:161} INFO - Started process (PID=286) to work on /home/airflow/.local/lib/python3.12/site-packages/airflow/example_dags/example_time_delta_sensor_async.py
[2025-12-27T14:16:37.098+0000] {processor.py:830} INFO - Processing file /home/airflow/.local/lib/python3.12/site-packages/airflow/example_dags/example_time_delta_sensor_async.py for tasks to queue
[2025-12-27T14:16:37.105+0000] {logging_mixin.py:188} INFO - [2025-12-27T14:16:37.104+0000] {dagbag.py:540} INFO - Filling up the DagBag from /home/airflow/.local/lib/python3.12/site-packages/airflow/example_dags/example_time_delta_sensor_async.py
[2025-12-27T14:16:37.126+0000] {processor.py:840} INFO - DAG(s) 'example_time_delta_sensor_async' retrieved from /home/airflow/.local/lib/python3.12/site-packages/airflow/example_dags/example_time_delta_sensor_async.py
[2025-12-27T14:16:37.202+0000] {logging_mixin.py:188} INFO - [2025-12-27T14:16:37.201+0000] {dag.py:3096} INFO - Sync 1 DAGs
[2025-12-27T14:16:37.248+0000] {logging_mixin.py:188} INFO - [2025-12-27T14:16:37.247+0000] {dag.py:3954} INFO - Setting next_dagrun for example_time_delta_sensor_async to None, run_after=None
[2025-12-27T14:16:37.322+0000] {processor.py:183} INFO - Processing /home/airflow/.local/lib/python3.12/site-packages/airflow/example_dags/example_time_delta_sensor_async.py took 0.252 seconds
[2025-12-27T14:17:10.830+0000] {processor.py:161} INFO - Started process (PID=342) to work on /home/airflow/.local/lib/python3.12/site-packages/airflow/example_dags/example_time_delta_sensor_async.py
[2025-12-27T14:17:10.836+0000] {processor.py:830} INFO - Processing file /home/airflow/.local/lib/python3.12/site-packages/airflow/example_dags/example_time_delta_sensor_async.py for tasks to queue
[2025-12-27T14:17:10.852+0000] {logging_mixin.py:188} INFO - [2025-12-27T14:17:10.843+0000] {dagbag.py:540} INFO - Filling up the DagBag from /home/airflow/.local/lib/python3.12/site-packages/airflow/example_dags/example_time_delta_sensor_async.py
[2025-12-27T14:17:10.892+0000] {processor.py:840} INFO - DAG(s) 'example_time_delta_sensor_async' retrieved from /home/airflow/.local/lib/python3.12/site-packages/airflow/example_dags/example_time_delta_sensor_async.py
[2025-12-27T14:17:11.066+0000] {logging_mixin.py:188} INFO - [2025-12-27T14:17:11.065+0000] {dag.py:3096} INFO - Sync 1 DAGs
[2025-12-27T14:17:11.364+0000] {logging_mixin.py:188} INFO - [2025-12-27T14:17:11.363+0000] {dag.py:3954} INFO - Setting next_dagrun for example_time_delta_sensor_async to None, run_after=None
[2025-12-27T14:17:11.561+0000] {processor.py:183} INFO - Processing /home/airflow/.local/lib/python3.12/site-packages/airflow/example_dags/example_time_delta_sensor_async.py took 0.774 seconds
[2025-12-27T14:18:00.656+0000] {processor.py:161} INFO - Started process (PID=405) to work on /home/airflow/.local/lib/python3.12/site-packages/airflow/example_dags/example_time_delta_sensor_async.py
[2025-12-27T14:18:00.670+0000] {processor.py:830} INFO - Processing file /home/airflow/.local/lib/python3.12/site-packages/airflow/example_dags/example_time_delta_sensor_async.py for tasks to queue
[2025-12-27T14:18:00.687+0000] {logging_mixin.py:188} INFO - [2025-12-27T14:18:00.686+0000] {dagbag.py:540} INFO - Filling up the DagBag from /home/airflow/.local/lib/python3.12/site-packages/airflow/example_dags/example_time_delta_sensor_async.py
[2025-12-27T14:18:00.738+0000] {processor.py:840} INFO - DAG(s) 'example_time_delta_sensor_async' retrieved from /home/airflow/.local/lib/python3.12/site-packages/airflow/example_dags/example_time_delta_sensor_async.py
[2025-12-27T14:18:00.908+0000] {logging_mixin.py:188} INFO - [2025-12-27T14:18:00.907+0000] {dag.py:3096} INFO - Sync 1 DAGs
[2025-12-27T14:18:01.057+0000] {logging_mixin.py:188} INFO - [2025-12-27T14:18:01.056+0000] {dag.py:3954} INFO - Setting next_dagrun for example_time_delta_sensor_async to None, run_after=None
[2025-12-27T14:18:01.316+0000] {processor.py:183} INFO - Processing /home/airflow/.local/lib/python3.12/site-packages/airflow/example_dags/example_time_delta_sensor_async.py took 0.714 seconds
[2025-12-27T14:18:37.593+0000] {processor.py:161} INFO - Started process (PID=457) to work on /home/airflow/.local/lib/python3.12/site-packages/airflow/example_dags/example_time_delta_sensor_async.py
[2025-12-27T14:18:37.596+0000] {processor.py:830} INFO - Processing file /home/airflow/.local/lib/python3.12/site-packages/airflow/example_dags/example_time_delta_sensor_async.py for tasks to queue
[2025-12-27T14:18:37.602+0000] {logging_mixin.py:188} INFO - [2025-12-27T14:18:37.601+0000] {dagbag.py:540} INFO - Filling up the DagBag from /home/airflow/.local/lib/python3.12/site-packages/airflow/example_dags/example_time_delta_sensor_async.py
[2025-12-27T14:18:37.617+0000] {processor.py:840} INFO - DAG(s) 'example_time_delta_sensor_async' retrieved from /home/airflow/.local/lib/python3.12/site-packages/airflow/example_dags/example_time_delta_sensor_async.py
[2025-12-27T14:18:37.679+0000] {logging_mixin.py:188} INFO - [2025-12-27T14:18:37.679+0000] {dag.py:3096} INFO - Sync 1 DAGs
[2025-12-27T14:18:37.720+0000] {logging_mixin.py:188} INFO - [2025-12-27T14:18:37.719+0000] {dag.py:3954} INFO - Setting next_dagrun for example_time_delta_sensor_async to None, run_after=None
[2025-12-27T14:18:37.797+0000] {processor.py:183} INFO - Processing /home/airflow/.local/lib/python3.12/site-packages/airflow/example_dags/example_time_delta_sensor_async.py took 0.224 seconds
[2025-12-27T14:19:08.559+0000] {processor.py:161} INFO - Started process (PID=515) to work on /home/airflow/.local/lib/python3.12/site-packages/airflow/example_dags/example_time_delta_sensor_async.py
[2025-12-27T14:19:08.562+0000] {processor.py:830} INFO - Processing file /home/airflow/.local/lib/python3.12/site-packages/airflow/example_dags/example_time_delta_sensor_async.py for tasks to queue
[2025-12-27T14:19:08.568+0000] {logging_mixin.py:188} INFO - [2025-12-27T14:19:08.567+0000] {dagbag.py:540} INFO - Filling up the DagBag from /home/airflow/.local/lib/python3.12/site-packages/airflow/example_dags/example_time_delta_sensor_async.py
[2025-12-27T14:19:08.582+0000] {processor.py:840} INFO - DAG(s) 'example_time_delta_sensor_async' retrieved from /home/airflow/.local/lib/python3.12/site-packages/airflow/example_dags/example_time_delta_sensor_async.py
[2025-12-27T14:19:08.683+0000] {logging_mixin.py:188} INFO - [2025-12-27T14:19:08.682+0000] {dag.py:3096} INFO - Sync 1 DAGs
[2025-12-27T14:19:08.734+0000] {logging_mixin.py:188} INFO - [2025-12-27T14:19:08.733+0000] {dag.py:3954} INFO - Setting next_dagrun for example_time_delta_sensor_async to None, run_after=None
[2025-12-27T14:19:08.798+0000] {processor.py:183} INFO - Processing /home/airflow/.local/lib/python3.12/site-packages/airflow/example_dags/example_time_delta_sensor_async.py took 0.260 seconds
[2025-12-27T14:19:40.614+0000] {processor.py:161} INFO - Started process (PID=571) to work on /home/airflow/.local/lib/python3.12/site-packages/airflow/example_dags/example_time_delta_sensor_async.py
[2025-12-27T14:19:40.619+0000] {processor.py:830} INFO - Processing file /home/airflow/.local/lib/python3.12/site-packages/airflow/example_dags/example_time_delta_sensor_async.py for tasks to queue
[2025-12-27T14:19:40.629+0000] {logging_mixin.py:188} INFO - [2025-12-27T14:19:40.627+0000] {dagbag.py:540} INFO - Filling up the DagBag from /home/airflow/.local/lib/python3.12/site-packages/airflow/example_dags/example_time_delta_sensor_async.py
[2025-12-27T14:19:40.648+0000] {processor.py:840} INFO - DAG(s) 'example_time_delta_sensor_async' retrieved from /home/airflow/.local/lib/python3.12/site-packages/airflow/example_dags/example_time_delta_sensor_async.py
[2025-12-27T14:19:40.768+0000] {logging_mixin.py:188} INFO - [2025-12-27T14:19:40.767+0000] {dag.py:3096} INFO - Sync 1 DAGs
[2025-12-27T14:19:40.826+0000] {logging_mixin.py:188} INFO - [2025-12-27T14:19:40.826+0000] {dag.py:3954} INFO - Setting next_dagrun for example_time_delta_sensor_async to None, run_after=None
[2025-12-27T14:19:40.926+0000] {processor.py:183} INFO - Processing /home/airflow/.local/lib/python3.12/site-packages/airflow/example_dags/example_time_delta_sensor_async.py took 0.342 seconds
[2025-12-27T14:20:14.513+0000] {processor.py:161} INFO - Started process (PID=627) to work on /home/airflow/.local/lib/python3.12/site-packages/airflow/example_dags/example_time_delta_sensor_async.py
[2025-12-27T14:20:14.517+0000] {processor.py:830} INFO - Processing file /home/airflow/.local/lib/python3.12/site-packages/airflow/example_dags/example_time_delta_sensor_async.py for tasks to queue
[2025-12-27T14:20:14.523+0000] {logging_mixin.py:188} INFO - [2025-12-27T14:20:14.522+0000] {dagbag.py:540} INFO - Filling up the DagBag from /home/airflow/.local/lib/python3.12/site-packages/airflow/example_dags/example_time_delta_sensor_async.py
[2025-12-27T14:20:14.551+0000] {processor.py:840} INFO - DAG(s) 'example_time_delta_sensor_async' retrieved from /home/airflow/.local/lib/python3.12/site-packages/airflow/example_dags/example_time_delta_sensor_async.py
[2025-12-27T14:20:14.625+0000] {logging_mixin.py:188} INFO - [2025-12-27T14:20:14.624+0000] {dag.py:3096} INFO - Sync 1 DAGs
[2025-12-27T14:20:14.669+0000] {logging_mixin.py:188} INFO - [2025-12-27T14:20:14.668+0000] {dag.py:3954} INFO - Setting next_dagrun for example_time_delta_sensor_async to None, run_after=None
[2025-12-27T14:20:14.726+0000] {processor.py:183} INFO - Processing /home/airflow/.local/lib/python3.12/site-packages/airflow/example_dags/example_time_delta_sensor_async.py took 0.240 seconds
[2025-12-27T14:20:45.735+0000] {processor.py:161} INFO - Started process (PID=685) to work on /home/airflow/.local/lib/python3.12/site-packages/airflow/example_dags/example_time_delta_sensor_async.py
[2025-12-27T14:20:45.738+0000] {processor.py:830} INFO - Processing file /home/airflow/.local/lib/python3.12/site-packages/airflow/example_dags/example_time_delta_sensor_async.py for tasks to queue
[2025-12-27T14:20:45.743+0000] {logging_mixin.py:188} INFO - [2025-12-27T14:20:45.742+0000] {dagbag.py:540} INFO - Filling up the DagBag from /home/airflow/.local/lib/python3.12/site-packages/airflow/example_dags/example_time_delta_sensor_async.py
[2025-12-27T14:20:45.757+0000] {processor.py:840} INFO - DAG(s) 'example_time_delta_sensor_async' retrieved from /home/airflow/.local/lib/python3.12/site-packages/airflow/example_dags/example_time_delta_sensor_async.py
[2025-12-27T14:20:45.813+0000] {logging_mixin.py:188} INFO - [2025-12-27T14:20:45.813+0000] {dag.py:3096} INFO - Sync 1 DAGs
[2025-12-27T14:20:45.850+0000] {logging_mixin.py:188} INFO - [2025-12-27T14:20:45.849+0000] {dag.py:3954} INFO - Setting next_dagrun for example_time_delta_sensor_async to None, run_after=None
[2025-12-27T14:20:45.903+0000] {processor.py:183} INFO - Processing /home/airflow/.local/lib/python3.12/site-packages/airflow/example_dags/example_time_delta_sensor_async.py took 0.183 seconds
[2025-12-27T14:21:32.984+0000] {processor.py:161} INFO - Started process (PID=747) to work on /home/airflow/.local/lib/python3.12/site-packages/airflow/example_dags/example_time_delta_sensor_async.py
[2025-12-27T14:21:33.010+0000] {processor.py:830} INFO - Processing file /home/airflow/.local/lib/python3.12/site-packages/airflow/example_dags/example_time_delta_sensor_async.py for tasks to queue
[2025-12-27T14:21:33.018+0000] {logging_mixin.py:188} INFO - [2025-12-27T14:21:33.016+0000] {dagbag.py:540} INFO - Filling up the DagBag from /home/airflow/.local/lib/python3.12/site-packages/airflow/example_dags/example_time_delta_sensor_async.py
[2025-12-27T14:21:33.044+0000] {processor.py:840} INFO - DAG(s) 'example_time_delta_sensor_async' retrieved from /home/airflow/.local/lib/python3.12/site-packages/airflow/example_dags/example_time_delta_sensor_async.py
[2025-12-27T14:21:33.127+0000] {logging_mixin.py:188} INFO - [2025-12-27T14:21:33.126+0000] {dag.py:3096} INFO - Sync 1 DAGs
[2025-12-27T14:21:33.845+0000] {logging_mixin.py:188} INFO - [2025-12-27T14:21:33.844+0000] {dag.py:3954} INFO - Setting next_dagrun for example_time_delta_sensor_async to None, run_after=None
[2025-12-27T14:21:34.018+0000] {processor.py:183} INFO - Processing /home/airflow/.local/lib/python3.12/site-packages/airflow/example_dags/example_time_delta_sensor_async.py took 1.068 seconds
[2025-12-27T14:22:20.708+0000] {processor.py:161} INFO - Started process (PID=807) to work on /home/airflow/.local/lib/python3.12/site-packages/airflow/example_dags/example_time_delta_sensor_async.py
[2025-12-27T14:22:20.720+0000] {processor.py:830} INFO - Processing file /home/airflow/.local/lib/python3.12/site-packages/airflow/example_dags/example_time_delta_sensor_async.py for tasks to queue
[2025-12-27T14:22:20.751+0000] {logging_mixin.py:188} INFO - [2025-12-27T14:22:20.748+0000] {dagbag.py:540} INFO - Filling up the DagBag from /home/airflow/.local/lib/python3.12/site-packages/airflow/example_dags/example_time_delta_sensor_async.py
[2025-12-27T14:22:20.853+0000] {processor.py:840} INFO - DAG(s) 'example_time_delta_sensor_async' retrieved from /home/airflow/.local/lib/python3.12/site-packages/airflow/example_dags/example_time_delta_sensor_async.py
[2025-12-27T14:22:21.154+0000] {logging_mixin.py:188} INFO - [2025-12-27T14:22:21.153+0000] {dag.py:3096} INFO - Sync 1 DAGs
[2025-12-27T14:22:21.304+0000] {logging_mixin.py:188} INFO - [2025-12-27T14:22:21.304+0000] {dag.py:3954} INFO - Setting next_dagrun for example_time_delta_sensor_async to None, run_after=None
[2025-12-27T14:22:21.438+0000] {processor.py:183} INFO - Processing /home/airflow/.local/lib/python3.12/site-packages/airflow/example_dags/example_time_delta_sensor_async.py took 0.834 seconds
[2025-12-27T14:23:59.763+0000] {processor.py:161} INFO - Started process (PID=890) to work on /home/airflow/.local/lib/python3.12/site-packages/airflow/example_dags/example_time_delta_sensor_async.py
[2025-12-27T14:23:59.768+0000] {processor.py:830} INFO - Processing file /home/airflow/.local/lib/python3.12/site-packages/airflow/example_dags/example_time_delta_sensor_async.py for tasks to queue
[2025-12-27T14:23:59.792+0000] {logging_mixin.py:188} INFO - [2025-12-27T14:23:59.791+0000] {dagbag.py:540} INFO - Filling up the DagBag from /home/airflow/.local/lib/python3.12/site-packages/airflow/example_dags/example_time_delta_sensor_async.py
[2025-12-27T14:23:59.833+0000] {processor.py:840} INFO - DAG(s) 'example_time_delta_sensor_async' retrieved from /home/airflow/.local/lib/python3.12/site-packages/airflow/example_dags/example_time_delta_sensor_async.py
[2025-12-27T14:24:00.100+0000] {logging_mixin.py:188} INFO - [2025-12-27T14:24:00.089+0000] {dag.py:3096} INFO - Sync 1 DAGs
[2025-12-27T14:24:00.214+0000] {logging_mixin.py:188} INFO - [2025-12-27T14:24:00.213+0000] {dag.py:3954} INFO - Setting next_dagrun for example_time_delta_sensor_async to None, run_after=None
[2025-12-27T14:24:00.375+0000] {processor.py:183} INFO - Processing /home/airflow/.local/lib/python3.12/site-packages/airflow/example_dags/example_time_delta_sensor_async.py took 0.662 seconds
[2025-12-27T14:24:30.575+0000] {processor.py:161} INFO - Started process (PID=948) to work on /home/airflow/.local/lib/python3.12/site-packages/airflow/example_dags/example_time_delta_sensor_async.py
[2025-12-27T14:24:30.579+0000] {processor.py:830} INFO - Processing file /home/airflow/.local/lib/python3.12/site-packages/airflow/example_dags/example_time_delta_sensor_async.py for tasks to queue
[2025-12-27T14:24:30.589+0000] {logging_mixin.py:188} INFO - [2025-12-27T14:24:30.587+0000] {dagbag.py:540} INFO - Filling up the DagBag from /home/airflow/.local/lib/python3.12/site-packages/airflow/example_dags/example_time_delta_sensor_async.py
[2025-12-27T14:24:30.621+0000] {processor.py:840} INFO - DAG(s) 'example_time_delta_sensor_async' retrieved from /home/airflow/.local/lib/python3.12/site-packages/airflow/example_dags/example_time_delta_sensor_async.py
[2025-12-27T14:24:30.719+0000] {logging_mixin.py:188} INFO - [2025-12-27T14:24:30.718+0000] {dag.py:3096} INFO - Sync 1 DAGs
[2025-12-27T14:24:30.765+0000] {logging_mixin.py:188} INFO - [2025-12-27T14:24:30.764+0000] {dag.py:3954} INFO - Setting next_dagrun for example_time_delta_sensor_async to None, run_after=None
[2025-12-27T14:24:30.824+0000] {processor.py:183} INFO - Processing /home/airflow/.local/lib/python3.12/site-packages/airflow/example_dags/example_time_delta_sensor_async.py took 0.275 seconds
[2025-12-27T14:25:11.632+0000] {processor.py:161} INFO - Started process (PID=1005) to work on /home/airflow/.local/lib/python3.12/site-packages/airflow/example_dags/example_time_delta_sensor_async.py
[2025-12-27T14:25:11.637+0000] {processor.py:830} INFO - Processing file /home/airflow/.local/lib/python3.12/site-packages/airflow/example_dags/example_time_delta_sensor_async.py for tasks to queue
[2025-12-27T14:25:11.650+0000] {logging_mixin.py:188} INFO - [2025-12-27T14:25:11.639+0000] {dagbag.py:540} INFO - Filling up the DagBag from /home/airflow/.local/lib/python3.12/site-packages/airflow/example_dags/example_time_delta_sensor_async.py
[2025-12-27T14:25:11.682+0000] {processor.py:840} INFO - DAG(s) 'example_time_delta_sensor_async' retrieved from /home/airflow/.local/lib/python3.12/site-packages/airflow/example_dags/example_time_delta_sensor_async.py
[2025-12-27T14:25:11.829+0000] {logging_mixin.py:188} INFO - [2025-12-27T14:25:11.828+0000] {dag.py:3096} INFO - Sync 1 DAGs
[2025-12-27T14:25:11.906+0000] {logging_mixin.py:188} INFO - [2025-12-27T14:25:11.905+0000] {dag.py:3954} INFO - Setting next_dagrun for example_time_delta_sensor_async to None, run_after=None
[2025-12-27T14:25:12.014+0000] {processor.py:183} INFO - Processing /home/airflow/.local/lib/python3.12/site-packages/airflow/example_dags/example_time_delta_sensor_async.py took 0.434 seconds
[2025-12-27T14:26:26.439+0000] {processor.py:161} INFO - Started process (PID=1076) to work on /home/airflow/.local/lib/python3.12/site-packages/airflow/example_dags/example_time_delta_sensor_async.py
[2025-12-27T14:26:26.443+0000] {processor.py:830} INFO - Processing file /home/airflow/.local/lib/python3.12/site-packages/airflow/example_dags/example_time_delta_sensor_async.py for tasks to queue
[2025-12-27T14:26:26.448+0000] {logging_mixin.py:188} INFO - [2025-12-27T14:26:26.446+0000] {dagbag.py:540} INFO - Filling up the DagBag from /home/airflow/.local/lib/python3.12/site-packages/airflow/example_dags/example_time_delta_sensor_async.py
[2025-12-27T14:26:26.481+0000] {processor.py:840} INFO - DAG(s) 'example_time_delta_sensor_async' retrieved from /home/airflow/.local/lib/python3.12/site-packages/airflow/example_dags/example_time_delta_sensor_async.py
[2025-12-27T14:26:26.574+0000] {logging_mixin.py:188} INFO - [2025-12-27T14:26:26.573+0000] {dag.py:3096} INFO - Sync 1 DAGs
[2025-12-27T14:26:26.663+0000] {logging_mixin.py:188} INFO - [2025-12-27T14:26:26.662+0000] {dag.py:3954} INFO - Setting next_dagrun for example_time_delta_sensor_async to None, run_after=None
[2025-12-27T14:26:26.776+0000] {processor.py:183} INFO - Processing /home/airflow/.local/lib/python3.12/site-packages/airflow/example_dags/example_time_delta_sensor_async.py took 0.375 seconds
[2025-12-27T14:27:40.994+0000] {processor.py:161} INFO - Started process (PID=1151) to work on /home/airflow/.local/lib/python3.12/site-packages/airflow/example_dags/example_time_delta_sensor_async.py
[2025-12-27T14:27:40.999+0000] {processor.py:830} INFO - Processing file /home/airflow/.local/lib/python3.12/site-packages/airflow/example_dags/example_time_delta_sensor_async.py for tasks to queue
[2025-12-27T14:27:41.004+0000] {logging_mixin.py:188} INFO - [2025-12-27T14:27:41.002+0000] {dagbag.py:540} INFO - Filling up the DagBag from /home/airflow/.local/lib/python3.12/site-packages/airflow/example_dags/example_time_delta_sensor_async.py
[2025-12-27T14:27:41.036+0000] {processor.py:840} INFO - DAG(s) 'example_time_delta_sensor_async' retrieved from /home/airflow/.local/lib/python3.12/site-packages/airflow/example_dags/example_time_delta_sensor_async.py
[2025-12-27T14:27:41.140+0000] {logging_mixin.py:188} INFO - [2025-12-27T14:27:41.139+0000] {dag.py:3096} INFO - Sync 1 DAGs
[2025-12-27T14:27:41.209+0000] {logging_mixin.py:188} INFO - [2025-12-27T14:27:41.201+0000] {dag.py:3954} INFO - Setting next_dagrun for example_time_delta_sensor_async to None, run_after=None
[2025-12-27T14:27:41.404+0000] {processor.py:183} INFO - Processing /home/airflow/.local/lib/python3.12/site-packages/airflow/example_dags/example_time_delta_sensor_async.py took 0.457 seconds
[2025-12-27T14:28:13.417+0000] {processor.py:161} INFO - Started process (PID=1209) to work on /home/airflow/.local/lib/python3.12/site-packages/airflow/example_dags/example_time_delta_sensor_async.py
[2025-12-27T14:28:13.421+0000] {processor.py:830} INFO - Processing file /home/airflow/.local/lib/python3.12/site-packages/airflow/example_dags/example_time_delta_sensor_async.py for tasks to queue
[2025-12-27T14:28:13.426+0000] {logging_mixin.py:188} INFO - [2025-12-27T14:28:13.425+0000] {dagbag.py:540} INFO - Filling up the DagBag from /home/airflow/.local/lib/python3.12/site-packages/airflow/example_dags/example_time_delta_sensor_async.py
[2025-12-27T14:28:13.448+0000] {processor.py:840} INFO - DAG(s) 'example_time_delta_sensor_async' retrieved from /home/airflow/.local/lib/python3.12/site-packages/airflow/example_dags/example_time_delta_sensor_async.py
[2025-12-27T14:28:13.551+0000] {logging_mixin.py:188} INFO - [2025-12-27T14:28:13.550+0000] {dag.py:3096} INFO - Sync 1 DAGs
[2025-12-27T14:28:13.615+0000] {logging_mixin.py:188} INFO - [2025-12-27T14:28:13.614+0000] {dag.py:3954} INFO - Setting next_dagrun for example_time_delta_sensor_async to None, run_after=None
[2025-12-27T14:28:13.720+0000] {processor.py:183} INFO - Processing /home/airflow/.local/lib/python3.12/site-packages/airflow/example_dags/example_time_delta_sensor_async.py took 0.330 seconds
[2025-12-27T14:28:46.331+0000] {processor.py:161} INFO - Started process (PID=1267) to work on /home/airflow/.local/lib/python3.12/site-packages/airflow/example_dags/example_time_delta_sensor_async.py
[2025-12-27T14:28:46.339+0000] {processor.py:830} INFO - Processing file /home/airflow/.local/lib/python3.12/site-packages/airflow/example_dags/example_time_delta_sensor_async.py for tasks to queue
[2025-12-27T14:28:46.345+0000] {logging_mixin.py:188} INFO - [2025-12-27T14:28:46.343+0000] {dagbag.py:540} INFO - Filling up the DagBag from /home/airflow/.local/lib/python3.12/site-packages/airflow/example_dags/example_time_delta_sensor_async.py
[2025-12-27T14:28:46.366+0000] {processor.py:840} INFO - DAG(s) 'example_time_delta_sensor_async' retrieved from /home/airflow/.local/lib/python3.12/site-packages/airflow/example_dags/example_time_delta_sensor_async.py
[2025-12-27T14:28:46.459+0000] {logging_mixin.py:188} INFO - [2025-12-27T14:28:46.458+0000] {dag.py:3096} INFO - Sync 1 DAGs
[2025-12-27T14:28:46.518+0000] {logging_mixin.py:188} INFO - [2025-12-27T14:28:46.518+0000] {dag.py:3954} INFO - Setting next_dagrun for example_time_delta_sensor_async to None, run_after=None
[2025-12-27T14:28:46.581+0000] {processor.py:183} INFO - Processing /home/airflow/.local/lib/python3.12/site-packages/airflow/example_dags/example_time_delta_sensor_async.py took 0.280 seconds
[2025-12-27T14:29:18.406+0000] {processor.py:161} INFO - Started process (PID=1331) to work on /home/airflow/.local/lib/python3.12/site-packages/airflow/example_dags/example_time_delta_sensor_async.py
[2025-12-27T14:29:18.414+0000] {processor.py:830} INFO - Processing file /home/airflow/.local/lib/python3.12/site-packages/airflow/example_dags/example_time_delta_sensor_async.py for tasks to queue
[2025-12-27T14:29:18.436+0000] {logging_mixin.py:188} INFO - [2025-12-27T14:29:18.434+0000] {dagbag.py:540} INFO - Filling up the DagBag from /home/airflow/.local/lib/python3.12/site-packages/airflow/example_dags/example_time_delta_sensor_async.py
[2025-12-27T14:29:18.471+0000] {processor.py:840} INFO - DAG(s) 'example_time_delta_sensor_async' retrieved from /home/airflow/.local/lib/python3.12/site-packages/airflow/example_dags/example_time_delta_sensor_async.py
[2025-12-27T14:29:18.568+0000] {logging_mixin.py:188} INFO - [2025-12-27T14:29:18.567+0000] {dag.py:3096} INFO - Sync 1 DAGs
[2025-12-27T14:29:18.617+0000] {logging_mixin.py:188} INFO - [2025-12-27T14:29:18.616+0000] {dag.py:3954} INFO - Setting next_dagrun for example_time_delta_sensor_async to None, run_after=None
[2025-12-27T14:29:18.690+0000] {processor.py:183} INFO - Processing /home/airflow/.local/lib/python3.12/site-packages/airflow/example_dags/example_time_delta_sensor_async.py took 0.311 seconds
[2025-12-27T14:29:48.996+0000] {processor.py:161} INFO - Started process (PID=1388) to work on /home/airflow/.local/lib/python3.12/site-packages/airflow/example_dags/example_time_delta_sensor_async.py
[2025-12-27T14:29:49.000+0000] {processor.py:830} INFO - Processing file /home/airflow/.local/lib/python3.12/site-packages/airflow/example_dags/example_time_delta_sensor_async.py for tasks to queue
[2025-12-27T14:29:49.005+0000] {logging_mixin.py:188} INFO - [2025-12-27T14:29:49.004+0000] {dagbag.py:540} INFO - Filling up the DagBag from /home/airflow/.local/lib/python3.12/site-packages/airflow/example_dags/example_time_delta_sensor_async.py
[2025-12-27T14:29:49.028+0000] {processor.py:840} INFO - DAG(s) 'example_time_delta_sensor_async' retrieved from /home/airflow/.local/lib/python3.12/site-packages/airflow/example_dags/example_time_delta_sensor_async.py
[2025-12-27T14:29:49.147+0000] {logging_mixin.py:188} INFO - [2025-12-27T14:29:49.146+0000] {dag.py:3096} INFO - Sync 1 DAGs
[2025-12-27T14:29:49.223+0000] {logging_mixin.py:188} INFO - [2025-12-27T14:29:49.222+0000] {dag.py:3954} INFO - Setting next_dagrun for example_time_delta_sensor_async to None, run_after=None
[2025-12-27T14:29:49.308+0000] {processor.py:183} INFO - Processing /home/airflow/.local/lib/python3.12/site-packages/airflow/example_dags/example_time_delta_sensor_async.py took 0.366 seconds
[2025-12-27T14:30:20.578+0000] {processor.py:161} INFO - Started process (PID=1447) to work on /home/airflow/.local/lib/python3.12/site-packages/airflow/example_dags/example_time_delta_sensor_async.py
[2025-12-27T14:30:20.583+0000] {processor.py:830} INFO - Processing file /home/airflow/.local/lib/python3.12/site-packages/airflow/example_dags/example_time_delta_sensor_async.py for tasks to queue
[2025-12-27T14:30:20.594+0000] {logging_mixin.py:188} INFO - [2025-12-27T14:30:20.587+0000] {dagbag.py:540} INFO - Filling up the DagBag from /home/airflow/.local/lib/python3.12/site-packages/airflow/example_dags/example_time_delta_sensor_async.py
[2025-12-27T14:30:20.619+0000] {processor.py:840} INFO - DAG(s) 'example_time_delta_sensor_async' retrieved from /home/airflow/.local/lib/python3.12/site-packages/airflow/example_dags/example_time_delta_sensor_async.py
[2025-12-27T14:30:20.733+0000] {logging_mixin.py:188} INFO - [2025-12-27T14:30:20.732+0000] {dag.py:3096} INFO - Sync 1 DAGs
[2025-12-27T14:30:20.805+0000] {logging_mixin.py:188} INFO - [2025-12-27T14:30:20.804+0000] {dag.py:3954} INFO - Setting next_dagrun for example_time_delta_sensor_async to None, run_after=None
[2025-12-27T14:30:20.903+0000] {processor.py:183} INFO - Processing /home/airflow/.local/lib/python3.12/site-packages/airflow/example_dags/example_time_delta_sensor_async.py took 0.357 seconds
[2025-12-27T14:30:51.104+0000] {processor.py:161} INFO - Started process (PID=1505) to work on /home/airflow/.local/lib/python3.12/site-packages/airflow/example_dags/example_time_delta_sensor_async.py
[2025-12-27T14:30:51.106+0000] {processor.py:830} INFO - Processing file /home/airflow/.local/lib/python3.12/site-packages/airflow/example_dags/example_time_delta_sensor_async.py for tasks to queue
[2025-12-27T14:30:51.109+0000] {logging_mixin.py:188} INFO - [2025-12-27T14:30:51.108+0000] {dagbag.py:540} INFO - Filling up the DagBag from /home/airflow/.local/lib/python3.12/site-packages/airflow/example_dags/example_time_delta_sensor_async.py
[2025-12-27T14:30:51.122+0000] {processor.py:840} INFO - DAG(s) 'example_time_delta_sensor_async' retrieved from /home/airflow/.local/lib/python3.12/site-packages/airflow/example_dags/example_time_delta_sensor_async.py
[2025-12-27T14:30:51.179+0000] {logging_mixin.py:188} INFO - [2025-12-27T14:30:51.179+0000] {dag.py:3096} INFO - Sync 1 DAGs
[2025-12-27T14:30:51.211+0000] {logging_mixin.py:188} INFO - [2025-12-27T14:30:51.210+0000] {dag.py:3954} INFO - Setting next_dagrun for example_time_delta_sensor_async to None, run_after=None
[2025-12-27T14:30:51.265+0000] {processor.py:183} INFO - Processing /home/airflow/.local/lib/python3.12/site-packages/airflow/example_dags/example_time_delta_sensor_async.py took 0.179 seconds
[2025-12-27T14:31:21.731+0000] {processor.py:161} INFO - Started process (PID=1563) to work on /home/airflow/.local/lib/python3.12/site-packages/airflow/example_dags/example_time_delta_sensor_async.py
[2025-12-27T14:31:21.736+0000] {processor.py:830} INFO - Processing file /home/airflow/.local/lib/python3.12/site-packages/airflow/example_dags/example_time_delta_sensor_async.py for tasks to queue
[2025-12-27T14:31:21.740+0000] {logging_mixin.py:188} INFO - [2025-12-27T14:31:21.738+0000] {dagbag.py:540} INFO - Filling up the DagBag from /home/airflow/.local/lib/python3.12/site-packages/airflow/example_dags/example_time_delta_sensor_async.py
[2025-12-27T14:31:21.761+0000] {processor.py:840} INFO - DAG(s) 'example_time_delta_sensor_async' retrieved from /home/airflow/.local/lib/python3.12/site-packages/airflow/example_dags/example_time_delta_sensor_async.py
[2025-12-27T14:31:21.840+0000] {logging_mixin.py:188} INFO - [2025-12-27T14:31:21.840+0000] {dag.py:3096} INFO - Sync 1 DAGs
[2025-12-27T14:31:21.874+0000] {logging_mixin.py:188} INFO - [2025-12-27T14:31:21.874+0000] {dag.py:3954} INFO - Setting next_dagrun for example_time_delta_sensor_async to None, run_after=None
[2025-12-27T14:31:21.928+0000] {processor.py:183} INFO - Processing /home/airflow/.local/lib/python3.12/site-packages/airflow/example_dags/example_time_delta_sensor_async.py took 0.224 seconds
[2025-12-27T14:31:52.319+0000] {processor.py:161} INFO - Started process (PID=1621) to work on /home/airflow/.local/lib/python3.12/site-packages/airflow/example_dags/example_time_delta_sensor_async.py
[2025-12-27T14:31:52.322+0000] {processor.py:830} INFO - Processing file /home/airflow/.local/lib/python3.12/site-packages/airflow/example_dags/example_time_delta_sensor_async.py for tasks to queue
[2025-12-27T14:31:52.325+0000] {logging_mixin.py:188} INFO - [2025-12-27T14:31:52.324+0000] {dagbag.py:540} INFO - Filling up the DagBag from /home/airflow/.local/lib/python3.12/site-packages/airflow/example_dags/example_time_delta_sensor_async.py
[2025-12-27T14:31:52.342+0000] {processor.py:840} INFO - DAG(s) 'example_time_delta_sensor_async' retrieved from /home/airflow/.local/lib/python3.12/site-packages/airflow/example_dags/example_time_delta_sensor_async.py
[2025-12-27T14:31:52.398+0000] {logging_mixin.py:188} INFO - [2025-12-27T14:31:52.397+0000] {dag.py:3096} INFO - Sync 1 DAGs
[2025-12-27T14:31:52.432+0000] {logging_mixin.py:188} INFO - [2025-12-27T14:31:52.432+0000] {dag.py:3954} INFO - Setting next_dagrun for example_time_delta_sensor_async to None, run_after=None
[2025-12-27T14:31:52.486+0000] {processor.py:183} INFO - Processing /home/airflow/.local/lib/python3.12/site-packages/airflow/example_dags/example_time_delta_sensor_async.py took 0.186 seconds
[2025-12-27T14:32:22.736+0000] {processor.py:161} INFO - Started process (PID=1679) to work on /home/airflow/.local/lib/python3.12/site-packages/airflow/example_dags/example_time_delta_sensor_async.py
[2025-12-27T14:32:22.740+0000] {processor.py:830} INFO - Processing file /home/airflow/.local/lib/python3.12/site-packages/airflow/example_dags/example_time_delta_sensor_async.py for tasks to queue
[2025-12-27T14:32:22.742+0000] {logging_mixin.py:188} INFO - [2025-12-27T14:32:22.741+0000] {dagbag.py:540} INFO - Filling up the DagBag from /home/airflow/.local/lib/python3.12/site-packages/airflow/example_dags/example_time_delta_sensor_async.py
[2025-12-27T14:32:22.757+0000] {processor.py:840} INFO - DAG(s) 'example_time_delta_sensor_async' retrieved from /home/airflow/.local/lib/python3.12/site-packages/airflow/example_dags/example_time_delta_sensor_async.py
[2025-12-27T14:32:22.811+0000] {logging_mixin.py:188} INFO - [2025-12-27T14:32:22.810+0000] {dag.py:3096} INFO - Sync 1 DAGs
[2025-12-27T14:32:22.853+0000] {logging_mixin.py:188} INFO - [2025-12-27T14:32:22.852+0000] {dag.py:3954} INFO - Setting next_dagrun for example_time_delta_sensor_async to None, run_after=None
[2025-12-27T14:32:22.904+0000] {processor.py:183} INFO - Processing /home/airflow/.local/lib/python3.12/site-packages/airflow/example_dags/example_time_delta_sensor_async.py took 0.185 seconds
[2025-12-27T14:32:53.615+0000] {processor.py:161} INFO - Started process (PID=1738) to work on /home/airflow/.local/lib/python3.12/site-packages/airflow/example_dags/example_time_delta_sensor_async.py
[2025-12-27T14:32:53.618+0000] {processor.py:830} INFO - Processing file /home/airflow/.local/lib/python3.12/site-packages/airflow/example_dags/example_time_delta_sensor_async.py for tasks to queue
[2025-12-27T14:32:53.622+0000] {logging_mixin.py:188} INFO - [2025-12-27T14:32:53.621+0000] {dagbag.py:540} INFO - Filling up the DagBag from /home/airflow/.local/lib/python3.12/site-packages/airflow/example_dags/example_time_delta_sensor_async.py
[2025-12-27T14:32:53.642+0000] {processor.py:840} INFO - DAG(s) 'example_time_delta_sensor_async' retrieved from /home/airflow/.local/lib/python3.12/site-packages/airflow/example_dags/example_time_delta_sensor_async.py
[2025-12-27T14:32:53.699+0000] {logging_mixin.py:188} INFO - [2025-12-27T14:32:53.698+0000] {dag.py:3096} INFO - Sync 1 DAGs
[2025-12-27T14:32:53.732+0000] {logging_mixin.py:188} INFO - [2025-12-27T14:32:53.732+0000] {dag.py:3954} INFO - Setting next_dagrun for example_time_delta_sensor_async to None, run_after=None
[2025-12-27T14:32:53.787+0000] {processor.py:183} INFO - Processing /home/airflow/.local/lib/python3.12/site-packages/airflow/example_dags/example_time_delta_sensor_async.py took 0.189 seconds
[2025-12-27T14:33:24.111+0000] {processor.py:161} INFO - Started process (PID=1796) to work on /home/airflow/.local/lib/python3.12/site-packages/airflow/example_dags/example_time_delta_sensor_async.py
[2025-12-27T14:33:24.114+0000] {processor.py:830} INFO - Processing file /home/airflow/.local/lib/python3.12/site-packages/airflow/example_dags/example_time_delta_sensor_async.py for tasks to queue
[2025-12-27T14:33:24.117+0000] {logging_mixin.py:188} INFO - [2025-12-27T14:33:24.116+0000] {dagbag.py:540} INFO - Filling up the DagBag from /home/airflow/.local/lib/python3.12/site-packages/airflow/example_dags/example_time_delta_sensor_async.py
[2025-12-27T14:33:24.133+0000] {processor.py:840} INFO - DAG(s) 'example_time_delta_sensor_async' retrieved from /home/airflow/.local/lib/python3.12/site-packages/airflow/example_dags/example_time_delta_sensor_async.py
[2025-12-27T14:33:24.196+0000] {logging_mixin.py:188} INFO - [2025-12-27T14:33:24.196+0000] {dag.py:3096} INFO - Sync 1 DAGs
[2025-12-27T14:33:24.237+0000] {logging_mixin.py:188} INFO - [2025-12-27T14:33:24.237+0000] {dag.py:3954} INFO - Setting next_dagrun for example_time_delta_sensor_async to None, run_after=None
[2025-12-27T14:33:24.294+0000] {processor.py:183} INFO - Processing /home/airflow/.local/lib/python3.12/site-packages/airflow/example_dags/example_time_delta_sensor_async.py took 0.206 seconds
[2025-12-27T14:33:54.652+0000] {processor.py:161} INFO - Started process (PID=1854) to work on /home/airflow/.local/lib/python3.12/site-packages/airflow/example_dags/example_time_delta_sensor_async.py
[2025-12-27T14:33:54.656+0000] {processor.py:830} INFO - Processing file /home/airflow/.local/lib/python3.12/site-packages/airflow/example_dags/example_time_delta_sensor_async.py for tasks to queue
[2025-12-27T14:33:54.669+0000] {logging_mixin.py:188} INFO - [2025-12-27T14:33:54.666+0000] {dagbag.py:540} INFO - Filling up the DagBag from /home/airflow/.local/lib/python3.12/site-packages/airflow/example_dags/example_time_delta_sensor_async.py
[2025-12-27T14:33:54.696+0000] {processor.py:840} INFO - DAG(s) 'example_time_delta_sensor_async' retrieved from /home/airflow/.local/lib/python3.12/site-packages/airflow/example_dags/example_time_delta_sensor_async.py
[2025-12-27T14:33:54.865+0000] {logging_mixin.py:188} INFO - [2025-12-27T14:33:54.864+0000] {dag.py:3096} INFO - Sync 1 DAGs
[2025-12-27T14:33:54.900+0000] {logging_mixin.py:188} INFO - [2025-12-27T14:33:54.899+0000] {dag.py:3954} INFO - Setting next_dagrun for example_time_delta_sensor_async to None, run_after=None
[2025-12-27T14:33:54.952+0000] {processor.py:183} INFO - Processing /home/airflow/.local/lib/python3.12/site-packages/airflow/example_dags/example_time_delta_sensor_async.py took 0.336 seconds
[2025-12-27T14:34:27.861+0000] {processor.py:161} INFO - Started process (PID=1912) to work on /home/airflow/.local/lib/python3.12/site-packages/airflow/example_dags/example_time_delta_sensor_async.py
[2025-12-27T14:34:27.864+0000] {processor.py:830} INFO - Processing file /home/airflow/.local/lib/python3.12/site-packages/airflow/example_dags/example_time_delta_sensor_async.py for tasks to queue
[2025-12-27T14:34:27.868+0000] {logging_mixin.py:188} INFO - [2025-12-27T14:34:27.867+0000] {dagbag.py:540} INFO - Filling up the DagBag from /home/airflow/.local/lib/python3.12/site-packages/airflow/example_dags/example_time_delta_sensor_async.py
[2025-12-27T14:34:27.885+0000] {processor.py:840} INFO - DAG(s) 'example_time_delta_sensor_async' retrieved from /home/airflow/.local/lib/python3.12/site-packages/airflow/example_dags/example_time_delta_sensor_async.py
[2025-12-27T14:34:28.037+0000] {logging_mixin.py:188} INFO - [2025-12-27T14:34:28.036+0000] {dag.py:3096} INFO - Sync 1 DAGs
[2025-12-27T14:34:28.097+0000] {logging_mixin.py:188} INFO - [2025-12-27T14:34:28.097+0000] {dag.py:3954} INFO - Setting next_dagrun for example_time_delta_sensor_async to None, run_after=None
[2025-12-27T14:34:28.173+0000] {processor.py:183} INFO - Processing /home/airflow/.local/lib/python3.12/site-packages/airflow/example_dags/example_time_delta_sensor_async.py took 0.334 seconds
[2025-12-27T14:34:59.008+0000] {processor.py:161} INFO - Started process (PID=1971) to work on /home/airflow/.local/lib/python3.12/site-packages/airflow/example_dags/example_time_delta_sensor_async.py
[2025-12-27T14:34:59.012+0000] {processor.py:830} INFO - Processing file /home/airflow/.local/lib/python3.12/site-packages/airflow/example_dags/example_time_delta_sensor_async.py for tasks to queue
[2025-12-27T14:34:59.016+0000] {logging_mixin.py:188} INFO - [2025-12-27T14:34:59.014+0000] {dagbag.py:540} INFO - Filling up the DagBag from /home/airflow/.local/lib/python3.12/site-packages/airflow/example_dags/example_time_delta_sensor_async.py
[2025-12-27T14:34:59.037+0000] {processor.py:840} INFO - DAG(s) 'example_time_delta_sensor_async' retrieved from /home/airflow/.local/lib/python3.12/site-packages/airflow/example_dags/example_time_delta_sensor_async.py
[2025-12-27T14:34:59.119+0000] {logging_mixin.py:188} INFO - [2025-12-27T14:34:59.118+0000] {dag.py:3096} INFO - Sync 1 DAGs
[2025-12-27T14:34:59.171+0000] {logging_mixin.py:188} INFO - [2025-12-27T14:34:59.170+0000] {dag.py:3954} INFO - Setting next_dagrun for example_time_delta_sensor_async to None, run_after=None
[2025-12-27T14:34:59.245+0000] {processor.py:183} INFO - Processing /home/airflow/.local/lib/python3.12/site-packages/airflow/example_dags/example_time_delta_sensor_async.py took 0.260 seconds
[2025-12-27T14:35:29.464+0000] {processor.py:161} INFO - Started process (PID=2027) to work on /home/airflow/.local/lib/python3.12/site-packages/airflow/example_dags/example_time_delta_sensor_async.py
[2025-12-27T14:35:29.468+0000] {processor.py:830} INFO - Processing file /home/airflow/.local/lib/python3.12/site-packages/airflow/example_dags/example_time_delta_sensor_async.py for tasks to queue
[2025-12-27T14:35:29.472+0000] {logging_mixin.py:188} INFO - [2025-12-27T14:35:29.470+0000] {dagbag.py:540} INFO - Filling up the DagBag from /home/airflow/.local/lib/python3.12/site-packages/airflow/example_dags/example_time_delta_sensor_async.py
[2025-12-27T14:35:29.493+0000] {processor.py:840} INFO - DAG(s) 'example_time_delta_sensor_async' retrieved from /home/airflow/.local/lib/python3.12/site-packages/airflow/example_dags/example_time_delta_sensor_async.py
[2025-12-27T14:35:29.632+0000] {logging_mixin.py:188} INFO - [2025-12-27T14:35:29.631+0000] {dag.py:3096} INFO - Sync 1 DAGs
[2025-12-27T14:35:29.721+0000] {logging_mixin.py:188} INFO - [2025-12-27T14:35:29.720+0000] {dag.py:3954} INFO - Setting next_dagrun for example_time_delta_sensor_async to None, run_after=None
[2025-12-27T14:35:29.844+0000] {processor.py:183} INFO - Processing /home/airflow/.local/lib/python3.12/site-packages/airflow/example_dags/example_time_delta_sensor_async.py took 0.401 seconds
[2025-12-27T14:36:03.764+0000] {processor.py:161} INFO - Started process (PID=2086) to work on /home/airflow/.local/lib/python3.12/site-packages/airflow/example_dags/example_time_delta_sensor_async.py
[2025-12-27T14:36:03.779+0000] {processor.py:830} INFO - Processing file /home/airflow/.local/lib/python3.12/site-packages/airflow/example_dags/example_time_delta_sensor_async.py for tasks to queue
[2025-12-27T14:36:03.786+0000] {logging_mixin.py:188} INFO - [2025-12-27T14:36:03.785+0000] {dagbag.py:540} INFO - Filling up the DagBag from /home/airflow/.local/lib/python3.12/site-packages/airflow/example_dags/example_time_delta_sensor_async.py
[2025-12-27T14:36:03.832+0000] {processor.py:840} INFO - DAG(s) 'example_time_delta_sensor_async' retrieved from /home/airflow/.local/lib/python3.12/site-packages/airflow/example_dags/example_time_delta_sensor_async.py
[2025-12-27T14:36:04.083+0000] {logging_mixin.py:188} INFO - [2025-12-27T14:36:04.082+0000] {dag.py:3096} INFO - Sync 1 DAGs
[2025-12-27T14:36:04.160+0000] {logging_mixin.py:188} INFO - [2025-12-27T14:36:04.160+0000] {dag.py:3954} INFO - Setting next_dagrun for example_time_delta_sensor_async to None, run_after=None
[2025-12-27T14:36:04.259+0000] {processor.py:183} INFO - Processing /home/airflow/.local/lib/python3.12/site-packages/airflow/example_dags/example_time_delta_sensor_async.py took 0.540 seconds
[2025-12-27T14:36:39.279+0000] {processor.py:161} INFO - Started process (PID=2144) to work on /home/airflow/.local/lib/python3.12/site-packages/airflow/example_dags/example_time_delta_sensor_async.py
[2025-12-27T14:36:39.283+0000] {processor.py:830} INFO - Processing file /home/airflow/.local/lib/python3.12/site-packages/airflow/example_dags/example_time_delta_sensor_async.py for tasks to queue
[2025-12-27T14:36:39.289+0000] {logging_mixin.py:188} INFO - [2025-12-27T14:36:39.288+0000] {dagbag.py:540} INFO - Filling up the DagBag from /home/airflow/.local/lib/python3.12/site-packages/airflow/example_dags/example_time_delta_sensor_async.py
[2025-12-27T14:36:39.307+0000] {processor.py:840} INFO - DAG(s) 'example_time_delta_sensor_async' retrieved from /home/airflow/.local/lib/python3.12/site-packages/airflow/example_dags/example_time_delta_sensor_async.py
[2025-12-27T14:36:39.390+0000] {logging_mixin.py:188} INFO - [2025-12-27T14:36:39.389+0000] {dag.py:3096} INFO - Sync 1 DAGs
[2025-12-27T14:36:39.446+0000] {logging_mixin.py:188} INFO - [2025-12-27T14:36:39.445+0000] {dag.py:3954} INFO - Setting next_dagrun for example_time_delta_sensor_async to None, run_after=None
[2025-12-27T14:36:39.517+0000] {processor.py:183} INFO - Processing /home/airflow/.local/lib/python3.12/site-packages/airflow/example_dags/example_time_delta_sensor_async.py took 0.264 seconds
[2025-12-27T14:37:09.740+0000] {processor.py:161} INFO - Started process (PID=2203) to work on /home/airflow/.local/lib/python3.12/site-packages/airflow/example_dags/example_time_delta_sensor_async.py
[2025-12-27T14:37:09.743+0000] {processor.py:830} INFO - Processing file /home/airflow/.local/lib/python3.12/site-packages/airflow/example_dags/example_time_delta_sensor_async.py for tasks to queue
[2025-12-27T14:37:09.747+0000] {logging_mixin.py:188} INFO - [2025-12-27T14:37:09.745+0000] {dagbag.py:540} INFO - Filling up the DagBag from /home/airflow/.local/lib/python3.12/site-packages/airflow/example_dags/example_time_delta_sensor_async.py
[2025-12-27T14:37:09.765+0000] {processor.py:840} INFO - DAG(s) 'example_time_delta_sensor_async' retrieved from /home/airflow/.local/lib/python3.12/site-packages/airflow/example_dags/example_time_delta_sensor_async.py
[2025-12-27T14:37:09.826+0000] {logging_mixin.py:188} INFO - [2025-12-27T14:37:09.825+0000] {dag.py:3096} INFO - Sync 1 DAGs
[2025-12-27T14:37:09.861+0000] {logging_mixin.py:188} INFO - [2025-12-27T14:37:09.860+0000] {dag.py:3954} INFO - Setting next_dagrun for example_time_delta_sensor_async to None, run_after=None
[2025-12-27T14:37:09.912+0000] {processor.py:183} INFO - Processing /home/airflow/.local/lib/python3.12/site-packages/airflow/example_dags/example_time_delta_sensor_async.py took 0.189 seconds
[2025-12-27T14:37:42.237+0000] {processor.py:161} INFO - Started process (PID=2262) to work on /home/airflow/.local/lib/python3.12/site-packages/airflow/example_dags/example_time_delta_sensor_async.py
[2025-12-27T14:37:42.243+0000] {processor.py:830} INFO - Processing file /home/airflow/.local/lib/python3.12/site-packages/airflow/example_dags/example_time_delta_sensor_async.py for tasks to queue
[2025-12-27T14:37:42.247+0000] {logging_mixin.py:188} INFO - [2025-12-27T14:37:42.245+0000] {dagbag.py:540} INFO - Filling up the DagBag from /home/airflow/.local/lib/python3.12/site-packages/airflow/example_dags/example_time_delta_sensor_async.py
[2025-12-27T14:37:42.261+0000] {processor.py:840} INFO - DAG(s) 'example_time_delta_sensor_async' retrieved from /home/airflow/.local/lib/python3.12/site-packages/airflow/example_dags/example_time_delta_sensor_async.py
[2025-12-27T14:37:42.321+0000] {logging_mixin.py:188} INFO - [2025-12-27T14:37:42.320+0000] {dag.py:3096} INFO - Sync 1 DAGs
[2025-12-27T14:37:42.356+0000] {logging_mixin.py:188} INFO - [2025-12-27T14:37:42.356+0000] {dag.py:3954} INFO - Setting next_dagrun for example_time_delta_sensor_async to None, run_after=None
[2025-12-27T14:37:42.407+0000] {processor.py:183} INFO - Processing /home/airflow/.local/lib/python3.12/site-packages/airflow/example_dags/example_time_delta_sensor_async.py took 0.193 seconds
[2025-12-27T14:38:14.385+0000] {processor.py:161} INFO - Started process (PID=2321) to work on /home/airflow/.local/lib/python3.12/site-packages/airflow/example_dags/example_time_delta_sensor_async.py
[2025-12-27T14:38:14.388+0000] {processor.py:830} INFO - Processing file /home/airflow/.local/lib/python3.12/site-packages/airflow/example_dags/example_time_delta_sensor_async.py for tasks to queue
[2025-12-27T14:38:14.390+0000] {logging_mixin.py:188} INFO - [2025-12-27T14:38:14.390+0000] {dagbag.py:540} INFO - Filling up the DagBag from /home/airflow/.local/lib/python3.12/site-packages/airflow/example_dags/example_time_delta_sensor_async.py
[2025-12-27T14:38:14.404+0000] {processor.py:840} INFO - DAG(s) 'example_time_delta_sensor_async' retrieved from /home/airflow/.local/lib/python3.12/site-packages/airflow/example_dags/example_time_delta_sensor_async.py
[2025-12-27T14:38:14.463+0000] {logging_mixin.py:188} INFO - [2025-12-27T14:38:14.463+0000] {dag.py:3096} INFO - Sync 1 DAGs
[2025-12-27T14:38:14.498+0000] {logging_mixin.py:188} INFO - [2025-12-27T14:38:14.498+0000] {dag.py:3954} INFO - Setting next_dagrun for example_time_delta_sensor_async to None, run_after=None
[2025-12-27T14:38:14.553+0000] {processor.py:183} INFO - Processing /home/airflow/.local/lib/python3.12/site-packages/airflow/example_dags/example_time_delta_sensor_async.py took 0.184 seconds
[2025-12-27T14:38:46.606+0000] {processor.py:161} INFO - Started process (PID=2379) to work on /home/airflow/.local/lib/python3.12/site-packages/airflow/example_dags/example_time_delta_sensor_async.py
[2025-12-27T14:38:46.609+0000] {processor.py:830} INFO - Processing file /home/airflow/.local/lib/python3.12/site-packages/airflow/example_dags/example_time_delta_sensor_async.py for tasks to queue
[2025-12-27T14:38:46.615+0000] {logging_mixin.py:188} INFO - [2025-12-27T14:38:46.614+0000] {dagbag.py:540} INFO - Filling up the DagBag from /home/airflow/.local/lib/python3.12/site-packages/airflow/example_dags/example_time_delta_sensor_async.py
[2025-12-27T14:38:46.633+0000] {processor.py:840} INFO - DAG(s) 'example_time_delta_sensor_async' retrieved from /home/airflow/.local/lib/python3.12/site-packages/airflow/example_dags/example_time_delta_sensor_async.py
[2025-12-27T14:38:46.749+0000] {logging_mixin.py:188} INFO - [2025-12-27T14:38:46.748+0000] {dag.py:3096} INFO - Sync 1 DAGs
[2025-12-27T14:38:46.797+0000] {logging_mixin.py:188} INFO - [2025-12-27T14:38:46.796+0000] {dag.py:3954} INFO - Setting next_dagrun for example_time_delta_sensor_async to None, run_after=None
[2025-12-27T14:38:46.865+0000] {processor.py:183} INFO - Processing /home/airflow/.local/lib/python3.12/site-packages/airflow/example_dags/example_time_delta_sensor_async.py took 0.277 seconds
[2025-12-27T14:39:19.492+0000] {processor.py:161} INFO - Started process (PID=2437) to work on /home/airflow/.local/lib/python3.12/site-packages/airflow/example_dags/example_time_delta_sensor_async.py
[2025-12-27T14:39:19.496+0000] {processor.py:830} INFO - Processing file /home/airflow/.local/lib/python3.12/site-packages/airflow/example_dags/example_time_delta_sensor_async.py for tasks to queue
[2025-12-27T14:39:19.500+0000] {logging_mixin.py:188} INFO - [2025-12-27T14:39:19.499+0000] {dagbag.py:540} INFO - Filling up the DagBag from /home/airflow/.local/lib/python3.12/site-packages/airflow/example_dags/example_time_delta_sensor_async.py
[2025-12-27T14:39:19.518+0000] {processor.py:840} INFO - DAG(s) 'example_time_delta_sensor_async' retrieved from /home/airflow/.local/lib/python3.12/site-packages/airflow/example_dags/example_time_delta_sensor_async.py
[2025-12-27T14:39:19.604+0000] {logging_mixin.py:188} INFO - [2025-12-27T14:39:19.604+0000] {dag.py:3096} INFO - Sync 1 DAGs
[2025-12-27T14:39:19.663+0000] {logging_mixin.py:188} INFO - [2025-12-27T14:39:19.662+0000] {dag.py:3954} INFO - Setting next_dagrun for example_time_delta_sensor_async to None, run_after=None
[2025-12-27T14:39:19.749+0000] {processor.py:183} INFO - Processing /home/airflow/.local/lib/python3.12/site-packages/airflow/example_dags/example_time_delta_sensor_async.py took 0.279 seconds
[2025-12-27T14:39:50.668+0000] {processor.py:161} INFO - Started process (PID=2495) to work on /home/airflow/.local/lib/python3.12/site-packages/airflow/example_dags/example_time_delta_sensor_async.py
[2025-12-27T14:39:50.674+0000] {processor.py:830} INFO - Processing file /home/airflow/.local/lib/python3.12/site-packages/airflow/example_dags/example_time_delta_sensor_async.py for tasks to queue
[2025-12-27T14:39:50.686+0000] {logging_mixin.py:188} INFO - [2025-12-27T14:39:50.680+0000] {dagbag.py:540} INFO - Filling up the DagBag from /home/airflow/.local/lib/python3.12/site-packages/airflow/example_dags/example_time_delta_sensor_async.py
[2025-12-27T14:39:50.716+0000] {processor.py:840} INFO - DAG(s) 'example_time_delta_sensor_async' retrieved from /home/airflow/.local/lib/python3.12/site-packages/airflow/example_dags/example_time_delta_sensor_async.py
[2025-12-27T14:39:50.874+0000] {logging_mixin.py:188} INFO - [2025-12-27T14:39:50.872+0000] {dag.py:3096} INFO - Sync 1 DAGs
[2025-12-27T14:39:51.023+0000] {logging_mixin.py:188} INFO - [2025-12-27T14:39:51.022+0000] {dag.py:3954} INFO - Setting next_dagrun for example_time_delta_sensor_async to None, run_after=None
[2025-12-27T14:39:51.244+0000] {processor.py:183} INFO - Processing /home/airflow/.local/lib/python3.12/site-packages/airflow/example_dags/example_time_delta_sensor_async.py took 0.620 seconds
[2025-12-27T14:40:21.694+0000] {processor.py:161} INFO - Started process (PID=2553) to work on /home/airflow/.local/lib/python3.12/site-packages/airflow/example_dags/example_time_delta_sensor_async.py
[2025-12-27T14:40:21.697+0000] {processor.py:830} INFO - Processing file /home/airflow/.local/lib/python3.12/site-packages/airflow/example_dags/example_time_delta_sensor_async.py for tasks to queue
[2025-12-27T14:40:21.700+0000] {logging_mixin.py:188} INFO - [2025-12-27T14:40:21.698+0000] {dagbag.py:540} INFO - Filling up the DagBag from /home/airflow/.local/lib/python3.12/site-packages/airflow/example_dags/example_time_delta_sensor_async.py
[2025-12-27T14:40:21.713+0000] {processor.py:840} INFO - DAG(s) 'example_time_delta_sensor_async' retrieved from /home/airflow/.local/lib/python3.12/site-packages/airflow/example_dags/example_time_delta_sensor_async.py
[2025-12-27T14:40:21.769+0000] {logging_mixin.py:188} INFO - [2025-12-27T14:40:21.768+0000] {dag.py:3096} INFO - Sync 1 DAGs
[2025-12-27T14:40:21.804+0000] {logging_mixin.py:188} INFO - [2025-12-27T14:40:21.803+0000] {dag.py:3954} INFO - Setting next_dagrun for example_time_delta_sensor_async to None, run_after=None
[2025-12-27T14:40:21.869+0000] {processor.py:183} INFO - Processing /home/airflow/.local/lib/python3.12/site-packages/airflow/example_dags/example_time_delta_sensor_async.py took 0.192 seconds
[2025-12-27T14:40:52.079+0000] {processor.py:161} INFO - Started process (PID=2611) to work on /home/airflow/.local/lib/python3.12/site-packages/airflow/example_dags/example_time_delta_sensor_async.py
[2025-12-27T14:40:52.082+0000] {processor.py:830} INFO - Processing file /home/airflow/.local/lib/python3.12/site-packages/airflow/example_dags/example_time_delta_sensor_async.py for tasks to queue
[2025-12-27T14:40:52.084+0000] {logging_mixin.py:188} INFO - [2025-12-27T14:40:52.084+0000] {dagbag.py:540} INFO - Filling up the DagBag from /home/airflow/.local/lib/python3.12/site-packages/airflow/example_dags/example_time_delta_sensor_async.py
[2025-12-27T14:40:52.098+0000] {processor.py:840} INFO - DAG(s) 'example_time_delta_sensor_async' retrieved from /home/airflow/.local/lib/python3.12/site-packages/airflow/example_dags/example_time_delta_sensor_async.py
[2025-12-27T14:40:52.154+0000] {logging_mixin.py:188} INFO - [2025-12-27T14:40:52.153+0000] {dag.py:3096} INFO - Sync 1 DAGs
[2025-12-27T14:40:52.193+0000] {logging_mixin.py:188} INFO - [2025-12-27T14:40:52.192+0000] {dag.py:3954} INFO - Setting next_dagrun for example_time_delta_sensor_async to None, run_after=None
[2025-12-27T14:40:52.254+0000] {processor.py:183} INFO - Processing /home/airflow/.local/lib/python3.12/site-packages/airflow/example_dags/example_time_delta_sensor_async.py took 0.192 seconds
[2025-12-27T14:41:22.749+0000] {processor.py:161} INFO - Started process (PID=2669) to work on /home/airflow/.local/lib/python3.12/site-packages/airflow/example_dags/example_time_delta_sensor_async.py
[2025-12-27T14:41:22.752+0000] {processor.py:830} INFO - Processing file /home/airflow/.local/lib/python3.12/site-packages/airflow/example_dags/example_time_delta_sensor_async.py for tasks to queue
[2025-12-27T14:41:22.755+0000] {logging_mixin.py:188} INFO - [2025-12-27T14:41:22.754+0000] {dagbag.py:540} INFO - Filling up the DagBag from /home/airflow/.local/lib/python3.12/site-packages/airflow/example_dags/example_time_delta_sensor_async.py
[2025-12-27T14:41:22.772+0000] {processor.py:840} INFO - DAG(s) 'example_time_delta_sensor_async' retrieved from /home/airflow/.local/lib/python3.12/site-packages/airflow/example_dags/example_time_delta_sensor_async.py
[2025-12-27T14:41:22.833+0000] {logging_mixin.py:188} INFO - [2025-12-27T14:41:22.832+0000] {dag.py:3096} INFO - Sync 1 DAGs
[2025-12-27T14:41:22.868+0000] {logging_mixin.py:188} INFO - [2025-12-27T14:41:22.866+0000] {dag.py:3954} INFO - Setting next_dagrun for example_time_delta_sensor_async to None, run_after=None
[2025-12-27T14:41:22.949+0000] {processor.py:183} INFO - Processing /home/airflow/.local/lib/python3.12/site-packages/airflow/example_dags/example_time_delta_sensor_async.py took 0.217 seconds
[2025-12-27T14:41:53.045+0000] {processor.py:161} INFO - Started process (PID=2725) to work on /home/airflow/.local/lib/python3.12/site-packages/airflow/example_dags/example_time_delta_sensor_async.py
[2025-12-27T14:41:53.048+0000] {processor.py:830} INFO - Processing file /home/airflow/.local/lib/python3.12/site-packages/airflow/example_dags/example_time_delta_sensor_async.py for tasks to queue
[2025-12-27T14:41:53.051+0000] {logging_mixin.py:188} INFO - [2025-12-27T14:41:53.050+0000] {dagbag.py:540} INFO - Filling up the DagBag from /home/airflow/.local/lib/python3.12/site-packages/airflow/example_dags/example_time_delta_sensor_async.py
[2025-12-27T14:41:53.065+0000] {processor.py:840} INFO - DAG(s) 'example_time_delta_sensor_async' retrieved from /home/airflow/.local/lib/python3.12/site-packages/airflow/example_dags/example_time_delta_sensor_async.py
[2025-12-27T14:41:53.129+0000] {logging_mixin.py:188} INFO - [2025-12-27T14:41:53.128+0000] {dag.py:3096} INFO - Sync 1 DAGs
[2025-12-27T14:41:53.166+0000] {logging_mixin.py:188} INFO - [2025-12-27T14:41:53.165+0000] {dag.py:3954} INFO - Setting next_dagrun for example_time_delta_sensor_async to None, run_after=None
[2025-12-27T14:41:53.215+0000] {processor.py:183} INFO - Processing /home/airflow/.local/lib/python3.12/site-packages/airflow/example_dags/example_time_delta_sensor_async.py took 0.188 seconds
[2025-12-27T14:42:24.034+0000] {processor.py:161} INFO - Started process (PID=2783) to work on /home/airflow/.local/lib/python3.12/site-packages/airflow/example_dags/example_time_delta_sensor_async.py
[2025-12-27T14:42:24.039+0000] {processor.py:830} INFO - Processing file /home/airflow/.local/lib/python3.12/site-packages/airflow/example_dags/example_time_delta_sensor_async.py for tasks to queue
[2025-12-27T14:42:24.043+0000] {logging_mixin.py:188} INFO - [2025-12-27T14:42:24.041+0000] {dagbag.py:540} INFO - Filling up the DagBag from /home/airflow/.local/lib/python3.12/site-packages/airflow/example_dags/example_time_delta_sensor_async.py
[2025-12-27T14:42:24.061+0000] {processor.py:840} INFO - DAG(s) 'example_time_delta_sensor_async' retrieved from /home/airflow/.local/lib/python3.12/site-packages/airflow/example_dags/example_time_delta_sensor_async.py
[2025-12-27T14:42:24.163+0000] {logging_mixin.py:188} INFO - [2025-12-27T14:42:24.162+0000] {dag.py:3096} INFO - Sync 1 DAGs
[2025-12-27T14:42:24.232+0000] {logging_mixin.py:188} INFO - [2025-12-27T14:42:24.231+0000] {dag.py:3954} INFO - Setting next_dagrun for example_time_delta_sensor_async to None, run_after=None
[2025-12-27T14:42:24.296+0000] {processor.py:183} INFO - Processing /home/airflow/.local/lib/python3.12/site-packages/airflow/example_dags/example_time_delta_sensor_async.py took 0.291 seconds
[2025-12-27T14:42:54.709+0000] {processor.py:161} INFO - Started process (PID=2841) to work on /home/airflow/.local/lib/python3.12/site-packages/airflow/example_dags/example_time_delta_sensor_async.py
[2025-12-27T14:42:54.713+0000] {processor.py:830} INFO - Processing file /home/airflow/.local/lib/python3.12/site-packages/airflow/example_dags/example_time_delta_sensor_async.py for tasks to queue
[2025-12-27T14:42:54.716+0000] {logging_mixin.py:188} INFO - [2025-12-27T14:42:54.715+0000] {dagbag.py:540} INFO - Filling up the DagBag from /home/airflow/.local/lib/python3.12/site-packages/airflow/example_dags/example_time_delta_sensor_async.py
[2025-12-27T14:42:54.731+0000] {processor.py:840} INFO - DAG(s) 'example_time_delta_sensor_async' retrieved from /home/airflow/.local/lib/python3.12/site-packages/airflow/example_dags/example_time_delta_sensor_async.py
[2025-12-27T14:42:54.791+0000] {logging_mixin.py:188} INFO - [2025-12-27T14:42:54.790+0000] {dag.py:3096} INFO - Sync 1 DAGs
[2025-12-27T14:42:54.822+0000] {logging_mixin.py:188} INFO - [2025-12-27T14:42:54.821+0000] {dag.py:3954} INFO - Setting next_dagrun for example_time_delta_sensor_async to None, run_after=None
[2025-12-27T14:42:54.873+0000] {processor.py:183} INFO - Processing /home/airflow/.local/lib/python3.12/site-packages/airflow/example_dags/example_time_delta_sensor_async.py took 0.182 seconds
[2025-12-27T14:43:25.129+0000] {processor.py:161} INFO - Started process (PID=2899) to work on /home/airflow/.local/lib/python3.12/site-packages/airflow/example_dags/example_time_delta_sensor_async.py
[2025-12-27T14:43:25.132+0000] {processor.py:830} INFO - Processing file /home/airflow/.local/lib/python3.12/site-packages/airflow/example_dags/example_time_delta_sensor_async.py for tasks to queue
[2025-12-27T14:43:25.135+0000] {logging_mixin.py:188} INFO - [2025-12-27T14:43:25.134+0000] {dagbag.py:540} INFO - Filling up the DagBag from /home/airflow/.local/lib/python3.12/site-packages/airflow/example_dags/example_time_delta_sensor_async.py
[2025-12-27T14:43:25.150+0000] {processor.py:840} INFO - DAG(s) 'example_time_delta_sensor_async' retrieved from /home/airflow/.local/lib/python3.12/site-packages/airflow/example_dags/example_time_delta_sensor_async.py
[2025-12-27T14:43:25.215+0000] {logging_mixin.py:188} INFO - [2025-12-27T14:43:25.214+0000] {dag.py:3096} INFO - Sync 1 DAGs
[2025-12-27T14:43:25.255+0000] {logging_mixin.py:188} INFO - [2025-12-27T14:43:25.254+0000] {dag.py:3954} INFO - Setting next_dagrun for example_time_delta_sensor_async to None, run_after=None
[2025-12-27T14:43:25.323+0000] {processor.py:183} INFO - Processing /home/airflow/.local/lib/python3.12/site-packages/airflow/example_dags/example_time_delta_sensor_async.py took 0.216 seconds
[2025-12-27T14:43:56.043+0000] {processor.py:161} INFO - Started process (PID=2957) to work on /home/airflow/.local/lib/python3.12/site-packages/airflow/example_dags/example_time_delta_sensor_async.py
[2025-12-27T14:43:56.052+0000] {processor.py:830} INFO - Processing file /home/airflow/.local/lib/python3.12/site-packages/airflow/example_dags/example_time_delta_sensor_async.py for tasks to queue
[2025-12-27T14:43:56.056+0000] {logging_mixin.py:188} INFO - [2025-12-27T14:43:56.055+0000] {dagbag.py:540} INFO - Filling up the DagBag from /home/airflow/.local/lib/python3.12/site-packages/airflow/example_dags/example_time_delta_sensor_async.py
[2025-12-27T14:43:56.070+0000] {processor.py:840} INFO - DAG(s) 'example_time_delta_sensor_async' retrieved from /home/airflow/.local/lib/python3.12/site-packages/airflow/example_dags/example_time_delta_sensor_async.py
[2025-12-27T14:43:56.137+0000] {logging_mixin.py:188} INFO - [2025-12-27T14:43:56.136+0000] {dag.py:3096} INFO - Sync 1 DAGs
[2025-12-27T14:43:56.174+0000] {logging_mixin.py:188} INFO - [2025-12-27T14:43:56.173+0000] {dag.py:3954} INFO - Setting next_dagrun for example_time_delta_sensor_async to None, run_after=None
[2025-12-27T14:43:56.243+0000] {processor.py:183} INFO - Processing /home/airflow/.local/lib/python3.12/site-packages/airflow/example_dags/example_time_delta_sensor_async.py took 0.224 seconds
[2025-12-27T14:44:27.250+0000] {processor.py:161} INFO - Started process (PID=3015) to work on /home/airflow/.local/lib/python3.12/site-packages/airflow/example_dags/example_time_delta_sensor_async.py
[2025-12-27T14:44:27.255+0000] {processor.py:830} INFO - Processing file /home/airflow/.local/lib/python3.12/site-packages/airflow/example_dags/example_time_delta_sensor_async.py for tasks to queue
[2025-12-27T14:44:27.259+0000] {logging_mixin.py:188} INFO - [2025-12-27T14:44:27.258+0000] {dagbag.py:540} INFO - Filling up the DagBag from /home/airflow/.local/lib/python3.12/site-packages/airflow/example_dags/example_time_delta_sensor_async.py
[2025-12-27T14:44:27.274+0000] {processor.py:840} INFO - DAG(s) 'example_time_delta_sensor_async' retrieved from /home/airflow/.local/lib/python3.12/site-packages/airflow/example_dags/example_time_delta_sensor_async.py
[2025-12-27T14:44:27.360+0000] {logging_mixin.py:188} INFO - [2025-12-27T14:44:27.359+0000] {dag.py:3096} INFO - Sync 1 DAGs
[2025-12-27T14:44:27.413+0000] {logging_mixin.py:188} INFO - [2025-12-27T14:44:27.412+0000] {dag.py:3954} INFO - Setting next_dagrun for example_time_delta_sensor_async to None, run_after=None
[2025-12-27T14:44:27.494+0000] {processor.py:183} INFO - Processing /home/airflow/.local/lib/python3.12/site-packages/airflow/example_dags/example_time_delta_sensor_async.py took 0.270 seconds
[2025-12-27T14:44:58.269+0000] {processor.py:161} INFO - Started process (PID=3074) to work on /home/airflow/.local/lib/python3.12/site-packages/airflow/example_dags/example_time_delta_sensor_async.py
[2025-12-27T14:44:58.277+0000] {processor.py:830} INFO - Processing file /home/airflow/.local/lib/python3.12/site-packages/airflow/example_dags/example_time_delta_sensor_async.py for tasks to queue
[2025-12-27T14:44:58.284+0000] {logging_mixin.py:188} INFO - [2025-12-27T14:44:58.282+0000] {dagbag.py:540} INFO - Filling up the DagBag from /home/airflow/.local/lib/python3.12/site-packages/airflow/example_dags/example_time_delta_sensor_async.py
[2025-12-27T14:44:58.319+0000] {processor.py:840} INFO - DAG(s) 'example_time_delta_sensor_async' retrieved from /home/airflow/.local/lib/python3.12/site-packages/airflow/example_dags/example_time_delta_sensor_async.py
[2025-12-27T14:44:58.449+0000] {logging_mixin.py:188} INFO - [2025-12-27T14:44:58.448+0000] {dag.py:3096} INFO - Sync 1 DAGs
[2025-12-27T14:44:58.552+0000] {logging_mixin.py:188} INFO - [2025-12-27T14:44:58.551+0000] {dag.py:3954} INFO - Setting next_dagrun for example_time_delta_sensor_async to None, run_after=None
[2025-12-27T14:44:58.685+0000] {processor.py:183} INFO - Processing /home/airflow/.local/lib/python3.12/site-packages/airflow/example_dags/example_time_delta_sensor_async.py took 0.464 seconds
[2025-12-27T14:45:29.518+0000] {processor.py:161} INFO - Started process (PID=3133) to work on /home/airflow/.local/lib/python3.12/site-packages/airflow/example_dags/example_time_delta_sensor_async.py
[2025-12-27T14:45:29.523+0000] {processor.py:830} INFO - Processing file /home/airflow/.local/lib/python3.12/site-packages/airflow/example_dags/example_time_delta_sensor_async.py for tasks to queue
[2025-12-27T14:45:29.526+0000] {logging_mixin.py:188} INFO - [2025-12-27T14:45:29.525+0000] {dagbag.py:540} INFO - Filling up the DagBag from /home/airflow/.local/lib/python3.12/site-packages/airflow/example_dags/example_time_delta_sensor_async.py
[2025-12-27T14:45:29.540+0000] {processor.py:840} INFO - DAG(s) 'example_time_delta_sensor_async' retrieved from /home/airflow/.local/lib/python3.12/site-packages/airflow/example_dags/example_time_delta_sensor_async.py
[2025-12-27T14:45:29.618+0000] {logging_mixin.py:188} INFO - [2025-12-27T14:45:29.617+0000] {dag.py:3096} INFO - Sync 1 DAGs
[2025-12-27T14:45:29.668+0000] {logging_mixin.py:188} INFO - [2025-12-27T14:45:29.668+0000] {dag.py:3954} INFO - Setting next_dagrun for example_time_delta_sensor_async to None, run_after=None
[2025-12-27T14:45:29.733+0000] {processor.py:183} INFO - Processing /home/airflow/.local/lib/python3.12/site-packages/airflow/example_dags/example_time_delta_sensor_async.py took 0.240 seconds
[2025-12-27T14:46:00.095+0000] {processor.py:161} INFO - Started process (PID=3191) to work on /home/airflow/.local/lib/python3.12/site-packages/airflow/example_dags/example_time_delta_sensor_async.py
[2025-12-27T14:46:00.099+0000] {processor.py:830} INFO - Processing file /home/airflow/.local/lib/python3.12/site-packages/airflow/example_dags/example_time_delta_sensor_async.py for tasks to queue
[2025-12-27T14:46:00.102+0000] {logging_mixin.py:188} INFO - [2025-12-27T14:46:00.101+0000] {dagbag.py:540} INFO - Filling up the DagBag from /home/airflow/.local/lib/python3.12/site-packages/airflow/example_dags/example_time_delta_sensor_async.py
[2025-12-27T14:46:00.122+0000] {processor.py:840} INFO - DAG(s) 'example_time_delta_sensor_async' retrieved from /home/airflow/.local/lib/python3.12/site-packages/airflow/example_dags/example_time_delta_sensor_async.py
[2025-12-27T14:46:00.188+0000] {logging_mixin.py:188} INFO - [2025-12-27T14:46:00.187+0000] {dag.py:3096} INFO - Sync 1 DAGs
[2025-12-27T14:46:00.223+0000] {logging_mixin.py:188} INFO - [2025-12-27T14:46:00.222+0000] {dag.py:3954} INFO - Setting next_dagrun for example_time_delta_sensor_async to None, run_after=None
[2025-12-27T14:46:00.275+0000] {processor.py:183} INFO - Processing /home/airflow/.local/lib/python3.12/site-packages/airflow/example_dags/example_time_delta_sensor_async.py took 0.208 seconds
[2025-12-27T14:46:30.499+0000] {processor.py:161} INFO - Started process (PID=3249) to work on /home/airflow/.local/lib/python3.12/site-packages/airflow/example_dags/example_time_delta_sensor_async.py
[2025-12-27T14:46:30.502+0000] {processor.py:830} INFO - Processing file /home/airflow/.local/lib/python3.12/site-packages/airflow/example_dags/example_time_delta_sensor_async.py for tasks to queue
[2025-12-27T14:46:30.505+0000] {logging_mixin.py:188} INFO - [2025-12-27T14:46:30.504+0000] {dagbag.py:540} INFO - Filling up the DagBag from /home/airflow/.local/lib/python3.12/site-packages/airflow/example_dags/example_time_delta_sensor_async.py
[2025-12-27T14:46:30.517+0000] {processor.py:840} INFO - DAG(s) 'example_time_delta_sensor_async' retrieved from /home/airflow/.local/lib/python3.12/site-packages/airflow/example_dags/example_time_delta_sensor_async.py
[2025-12-27T14:46:30.572+0000] {logging_mixin.py:188} INFO - [2025-12-27T14:46:30.571+0000] {dag.py:3096} INFO - Sync 1 DAGs
[2025-12-27T14:46:30.608+0000] {logging_mixin.py:188} INFO - [2025-12-27T14:46:30.608+0000] {dag.py:3954} INFO - Setting next_dagrun for example_time_delta_sensor_async to None, run_after=None
[2025-12-27T14:46:30.671+0000] {processor.py:183} INFO - Processing /home/airflow/.local/lib/python3.12/site-packages/airflow/example_dags/example_time_delta_sensor_async.py took 0.187 seconds
[2025-12-27T14:47:01.287+0000] {processor.py:161} INFO - Started process (PID=3308) to work on /home/airflow/.local/lib/python3.12/site-packages/airflow/example_dags/example_time_delta_sensor_async.py
[2025-12-27T14:47:01.289+0000] {processor.py:830} INFO - Processing file /home/airflow/.local/lib/python3.12/site-packages/airflow/example_dags/example_time_delta_sensor_async.py for tasks to queue
[2025-12-27T14:47:01.292+0000] {logging_mixin.py:188} INFO - [2025-12-27T14:47:01.291+0000] {dagbag.py:540} INFO - Filling up the DagBag from /home/airflow/.local/lib/python3.12/site-packages/airflow/example_dags/example_time_delta_sensor_async.py
[2025-12-27T14:47:01.306+0000] {processor.py:840} INFO - DAG(s) 'example_time_delta_sensor_async' retrieved from /home/airflow/.local/lib/python3.12/site-packages/airflow/example_dags/example_time_delta_sensor_async.py
[2025-12-27T14:47:01.371+0000] {logging_mixin.py:188} INFO - [2025-12-27T14:47:01.371+0000] {dag.py:3096} INFO - Sync 1 DAGs
[2025-12-27T14:47:01.416+0000] {logging_mixin.py:188} INFO - [2025-12-27T14:47:01.415+0000] {dag.py:3954} INFO - Setting next_dagrun for example_time_delta_sensor_async to None, run_after=None
[2025-12-27T14:47:01.477+0000] {processor.py:183} INFO - Processing /home/airflow/.local/lib/python3.12/site-packages/airflow/example_dags/example_time_delta_sensor_async.py took 0.207 seconds
[2025-12-27T14:47:32.324+0000] {processor.py:161} INFO - Started process (PID=3366) to work on /home/airflow/.local/lib/python3.12/site-packages/airflow/example_dags/example_time_delta_sensor_async.py
[2025-12-27T14:47:32.327+0000] {processor.py:830} INFO - Processing file /home/airflow/.local/lib/python3.12/site-packages/airflow/example_dags/example_time_delta_sensor_async.py for tasks to queue
[2025-12-27T14:47:32.330+0000] {logging_mixin.py:188} INFO - [2025-12-27T14:47:32.329+0000] {dagbag.py:540} INFO - Filling up the DagBag from /home/airflow/.local/lib/python3.12/site-packages/airflow/example_dags/example_time_delta_sensor_async.py
[2025-12-27T14:47:32.344+0000] {processor.py:840} INFO - DAG(s) 'example_time_delta_sensor_async' retrieved from /home/airflow/.local/lib/python3.12/site-packages/airflow/example_dags/example_time_delta_sensor_async.py
[2025-12-27T14:47:32.405+0000] {logging_mixin.py:188} INFO - [2025-12-27T14:47:32.404+0000] {dag.py:3096} INFO - Sync 1 DAGs
[2025-12-27T14:47:32.437+0000] {logging_mixin.py:188} INFO - [2025-12-27T14:47:32.436+0000] {dag.py:3954} INFO - Setting next_dagrun for example_time_delta_sensor_async to None, run_after=None
[2025-12-27T14:47:32.489+0000] {processor.py:183} INFO - Processing /home/airflow/.local/lib/python3.12/site-packages/airflow/example_dags/example_time_delta_sensor_async.py took 0.182 seconds
[2025-12-27T14:48:02.890+0000] {processor.py:161} INFO - Started process (PID=3424) to work on /home/airflow/.local/lib/python3.12/site-packages/airflow/example_dags/example_time_delta_sensor_async.py
[2025-12-27T14:48:02.893+0000] {processor.py:830} INFO - Processing file /home/airflow/.local/lib/python3.12/site-packages/airflow/example_dags/example_time_delta_sensor_async.py for tasks to queue
[2025-12-27T14:48:02.895+0000] {logging_mixin.py:188} INFO - [2025-12-27T14:48:02.894+0000] {dagbag.py:540} INFO - Filling up the DagBag from /home/airflow/.local/lib/python3.12/site-packages/airflow/example_dags/example_time_delta_sensor_async.py
[2025-12-27T14:48:02.908+0000] {processor.py:840} INFO - DAG(s) 'example_time_delta_sensor_async' retrieved from /home/airflow/.local/lib/python3.12/site-packages/airflow/example_dags/example_time_delta_sensor_async.py
[2025-12-27T14:48:02.971+0000] {logging_mixin.py:188} INFO - [2025-12-27T14:48:02.970+0000] {dag.py:3096} INFO - Sync 1 DAGs
[2025-12-27T14:48:03.004+0000] {logging_mixin.py:188} INFO - [2025-12-27T14:48:03.004+0000] {dag.py:3954} INFO - Setting next_dagrun for example_time_delta_sensor_async to None, run_after=None
[2025-12-27T14:48:03.056+0000] {processor.py:183} INFO - Processing /home/airflow/.local/lib/python3.12/site-packages/airflow/example_dags/example_time_delta_sensor_async.py took 0.182 seconds
[2025-12-27T14:48:34.855+0000] {processor.py:161} INFO - Started process (PID=3483) to work on /home/airflow/.local/lib/python3.12/site-packages/airflow/example_dags/example_time_delta_sensor_async.py
[2025-12-27T14:48:34.859+0000] {processor.py:830} INFO - Processing file /home/airflow/.local/lib/python3.12/site-packages/airflow/example_dags/example_time_delta_sensor_async.py for tasks to queue
[2025-12-27T14:48:34.862+0000] {logging_mixin.py:188} INFO - [2025-12-27T14:48:34.861+0000] {dagbag.py:540} INFO - Filling up the DagBag from /home/airflow/.local/lib/python3.12/site-packages/airflow/example_dags/example_time_delta_sensor_async.py
[2025-12-27T14:48:34.895+0000] {processor.py:840} INFO - DAG(s) 'example_time_delta_sensor_async' retrieved from /home/airflow/.local/lib/python3.12/site-packages/airflow/example_dags/example_time_delta_sensor_async.py
[2025-12-27T14:48:35.024+0000] {logging_mixin.py:188} INFO - [2025-12-27T14:48:35.023+0000] {dag.py:3096} INFO - Sync 1 DAGs
[2025-12-27T14:48:35.102+0000] {logging_mixin.py:188} INFO - [2025-12-27T14:48:35.101+0000] {dag.py:3954} INFO - Setting next_dagrun for example_time_delta_sensor_async to None, run_after=None
[2025-12-27T14:48:35.204+0000] {processor.py:183} INFO - Processing /home/airflow/.local/lib/python3.12/site-packages/airflow/example_dags/example_time_delta_sensor_async.py took 0.380 seconds
[2025-12-27T14:49:08.289+0000] {processor.py:161} INFO - Started process (PID=3541) to work on /home/airflow/.local/lib/python3.12/site-packages/airflow/example_dags/example_time_delta_sensor_async.py
[2025-12-27T14:49:08.292+0000] {processor.py:830} INFO - Processing file /home/airflow/.local/lib/python3.12/site-packages/airflow/example_dags/example_time_delta_sensor_async.py for tasks to queue
[2025-12-27T14:49:08.296+0000] {logging_mixin.py:188} INFO - [2025-12-27T14:49:08.295+0000] {dagbag.py:540} INFO - Filling up the DagBag from /home/airflow/.local/lib/python3.12/site-packages/airflow/example_dags/example_time_delta_sensor_async.py
[2025-12-27T14:49:08.320+0000] {processor.py:840} INFO - DAG(s) 'example_time_delta_sensor_async' retrieved from /home/airflow/.local/lib/python3.12/site-packages/airflow/example_dags/example_time_delta_sensor_async.py
[2025-12-27T14:49:08.409+0000] {logging_mixin.py:188} INFO - [2025-12-27T14:49:08.408+0000] {dag.py:3096} INFO - Sync 1 DAGs
[2025-12-27T14:49:08.470+0000] {logging_mixin.py:188} INFO - [2025-12-27T14:49:08.470+0000] {dag.py:3954} INFO - Setting next_dagrun for example_time_delta_sensor_async to None, run_after=None
[2025-12-27T14:49:08.553+0000] {processor.py:183} INFO - Processing /home/airflow/.local/lib/python3.12/site-packages/airflow/example_dags/example_time_delta_sensor_async.py took 0.291 seconds
[2025-12-27T14:49:38.789+0000] {processor.py:161} INFO - Started process (PID=3599) to work on /home/airflow/.local/lib/python3.12/site-packages/airflow/example_dags/example_time_delta_sensor_async.py
[2025-12-27T14:49:38.797+0000] {processor.py:830} INFO - Processing file /home/airflow/.local/lib/python3.12/site-packages/airflow/example_dags/example_time_delta_sensor_async.py for tasks to queue
[2025-12-27T14:49:38.803+0000] {logging_mixin.py:188} INFO - [2025-12-27T14:49:38.802+0000] {dagbag.py:540} INFO - Filling up the DagBag from /home/airflow/.local/lib/python3.12/site-packages/airflow/example_dags/example_time_delta_sensor_async.py
[2025-12-27T14:49:38.815+0000] {processor.py:840} INFO - DAG(s) 'example_time_delta_sensor_async' retrieved from /home/airflow/.local/lib/python3.12/site-packages/airflow/example_dags/example_time_delta_sensor_async.py
[2025-12-27T14:49:38.880+0000] {logging_mixin.py:188} INFO - [2025-12-27T14:49:38.880+0000] {dag.py:3096} INFO - Sync 1 DAGs
[2025-12-27T14:49:38.914+0000] {logging_mixin.py:188} INFO - [2025-12-27T14:49:38.914+0000] {dag.py:3954} INFO - Setting next_dagrun for example_time_delta_sensor_async to None, run_after=None
[2025-12-27T14:49:38.977+0000] {processor.py:183} INFO - Processing /home/airflow/.local/lib/python3.12/site-packages/airflow/example_dags/example_time_delta_sensor_async.py took 0.204 seconds
[2025-12-27T14:50:18.603+0000] {processor.py:161} INFO - Started process (PID=3662) to work on /home/airflow/.local/lib/python3.12/site-packages/airflow/example_dags/example_time_delta_sensor_async.py
[2025-12-27T14:50:18.608+0000] {processor.py:830} INFO - Processing file /home/airflow/.local/lib/python3.12/site-packages/airflow/example_dags/example_time_delta_sensor_async.py for tasks to queue
[2025-12-27T14:50:18.614+0000] {logging_mixin.py:188} INFO - [2025-12-27T14:50:18.611+0000] {dagbag.py:540} INFO - Filling up the DagBag from /home/airflow/.local/lib/python3.12/site-packages/airflow/example_dags/example_time_delta_sensor_async.py
[2025-12-27T14:50:18.639+0000] {processor.py:840} INFO - DAG(s) 'example_time_delta_sensor_async' retrieved from /home/airflow/.local/lib/python3.12/site-packages/airflow/example_dags/example_time_delta_sensor_async.py
[2025-12-27T14:50:18.740+0000] {logging_mixin.py:188} INFO - [2025-12-27T14:50:18.739+0000] {dag.py:3096} INFO - Sync 1 DAGs
[2025-12-27T14:50:18.792+0000] {logging_mixin.py:188} INFO - [2025-12-27T14:50:18.791+0000] {dag.py:3954} INFO - Setting next_dagrun for example_time_delta_sensor_async to None, run_after=None
[2025-12-27T14:50:18.901+0000] {processor.py:183} INFO - Processing /home/airflow/.local/lib/python3.12/site-packages/airflow/example_dags/example_time_delta_sensor_async.py took 0.331 seconds
[2025-12-27T14:50:50.618+0000] {processor.py:161} INFO - Started process (PID=3720) to work on /home/airflow/.local/lib/python3.12/site-packages/airflow/example_dags/example_time_delta_sensor_async.py
[2025-12-27T14:50:50.649+0000] {processor.py:830} INFO - Processing file /home/airflow/.local/lib/python3.12/site-packages/airflow/example_dags/example_time_delta_sensor_async.py for tasks to queue
[2025-12-27T14:50:50.653+0000] {logging_mixin.py:188} INFO - [2025-12-27T14:50:50.652+0000] {dagbag.py:540} INFO - Filling up the DagBag from /home/airflow/.local/lib/python3.12/site-packages/airflow/example_dags/example_time_delta_sensor_async.py
[2025-12-27T14:50:50.709+0000] {processor.py:840} INFO - DAG(s) 'example_time_delta_sensor_async' retrieved from /home/airflow/.local/lib/python3.12/site-packages/airflow/example_dags/example_time_delta_sensor_async.py
[2025-12-27T14:50:50.788+0000] {logging_mixin.py:188} INFO - [2025-12-27T14:50:50.788+0000] {dag.py:3096} INFO - Sync 1 DAGs
[2025-12-27T14:50:50.840+0000] {logging_mixin.py:188} INFO - [2025-12-27T14:50:50.839+0000] {dag.py:3954} INFO - Setting next_dagrun for example_time_delta_sensor_async to None, run_after=None
[2025-12-27T14:50:50.941+0000] {processor.py:183} INFO - Processing /home/airflow/.local/lib/python3.12/site-packages/airflow/example_dags/example_time_delta_sensor_async.py took 0.348 seconds
[2025-12-27T14:51:27.606+0000] {processor.py:161} INFO - Started process (PID=3778) to work on /home/airflow/.local/lib/python3.12/site-packages/airflow/example_dags/example_time_delta_sensor_async.py
[2025-12-27T14:51:27.627+0000] {processor.py:830} INFO - Processing file /home/airflow/.local/lib/python3.12/site-packages/airflow/example_dags/example_time_delta_sensor_async.py for tasks to queue
[2025-12-27T14:51:27.638+0000] {logging_mixin.py:188} INFO - [2025-12-27T14:51:27.636+0000] {dagbag.py:540} INFO - Filling up the DagBag from /home/airflow/.local/lib/python3.12/site-packages/airflow/example_dags/example_time_delta_sensor_async.py
[2025-12-27T14:51:27.745+0000] {processor.py:840} INFO - DAG(s) 'example_time_delta_sensor_async' retrieved from /home/airflow/.local/lib/python3.12/site-packages/airflow/example_dags/example_time_delta_sensor_async.py
[2025-12-27T14:51:27.938+0000] {logging_mixin.py:188} INFO - [2025-12-27T14:51:27.937+0000] {dag.py:3096} INFO - Sync 1 DAGs
[2025-12-27T14:51:28.188+0000] {logging_mixin.py:188} INFO - [2025-12-27T14:51:28.187+0000] {dag.py:3954} INFO - Setting next_dagrun for example_time_delta_sensor_async to None, run_after=None
[2025-12-27T14:51:28.329+0000] {processor.py:183} INFO - Processing /home/airflow/.local/lib/python3.12/site-packages/airflow/example_dags/example_time_delta_sensor_async.py took 0.781 seconds
[2025-12-27T14:53:52.117+0000] {processor.py:161} INFO - Started process (PID=3843) to work on /home/airflow/.local/lib/python3.12/site-packages/airflow/example_dags/example_time_delta_sensor_async.py
[2025-12-27T14:53:52.158+0000] {processor.py:830} INFO - Processing file /home/airflow/.local/lib/python3.12/site-packages/airflow/example_dags/example_time_delta_sensor_async.py for tasks to queue
[2025-12-27T14:53:52.192+0000] {logging_mixin.py:188} INFO - [2025-12-27T14:53:52.184+0000] {dagbag.py:540} INFO - Filling up the DagBag from /home/airflow/.local/lib/python3.12/site-packages/airflow/example_dags/example_time_delta_sensor_async.py
[2025-12-27T14:53:52.462+0000] {processor.py:840} INFO - DAG(s) 'example_time_delta_sensor_async' retrieved from /home/airflow/.local/lib/python3.12/site-packages/airflow/example_dags/example_time_delta_sensor_async.py
[2025-12-27T14:53:55.466+0000] {logging_mixin.py:188} INFO - [2025-12-27T14:53:55.453+0000] {dag.py:3096} INFO - Sync 1 DAGs
[2025-12-27T14:53:56.678+0000] {logging_mixin.py:188} INFO - [2025-12-27T14:53:56.677+0000] {dag.py:3954} INFO - Setting next_dagrun for example_time_delta_sensor_async to None, run_after=None
[2025-12-27T14:53:59.211+0000] {processor.py:183} INFO - Processing /home/airflow/.local/lib/python3.12/site-packages/airflow/example_dags/example_time_delta_sensor_async.py took 7.270 seconds
[2025-12-27T14:56:41.739+0000] {processor.py:161} INFO - Started process (PID=3907) to work on /home/airflow/.local/lib/python3.12/site-packages/airflow/example_dags/example_time_delta_sensor_async.py
[2025-12-27T14:56:41.758+0000] {processor.py:830} INFO - Processing file /home/airflow/.local/lib/python3.12/site-packages/airflow/example_dags/example_time_delta_sensor_async.py for tasks to queue
[2025-12-27T14:56:41.820+0000] {logging_mixin.py:188} INFO - [2025-12-27T14:56:41.810+0000] {dagbag.py:540} INFO - Filling up the DagBag from /home/airflow/.local/lib/python3.12/site-packages/airflow/example_dags/example_time_delta_sensor_async.py
[2025-12-27T14:56:42.012+0000] {processor.py:840} INFO - DAG(s) 'example_time_delta_sensor_async' retrieved from /home/airflow/.local/lib/python3.12/site-packages/airflow/example_dags/example_time_delta_sensor_async.py
[2025-12-27T14:56:46.283+0000] {logging_mixin.py:188} INFO - [2025-12-27T14:56:46.276+0000] {dag.py:3096} INFO - Sync 1 DAGs
[2025-12-27T14:56:47.647+0000] {logging_mixin.py:188} INFO - [2025-12-27T14:56:47.640+0000] {dag.py:3954} INFO - Setting next_dagrun for example_time_delta_sensor_async to None, run_after=None
[2025-12-27T14:56:48.336+0000] {processor.py:183} INFO - Processing /home/airflow/.local/lib/python3.12/site-packages/airflow/example_dags/example_time_delta_sensor_async.py took 6.726 seconds
