[2025-12-27T14:14:05.287+0000] {processor.py:161} INFO - Started process (PID=72) to work on /home/airflow/.local/lib/python3.12/site-packages/airflow/example_dags/example_sensors.py
[2025-12-27T14:14:05.306+0000] {processor.py:830} INFO - Processing file /home/airflow/.local/lib/python3.12/site-packages/airflow/example_dags/example_sensors.py for tasks to queue
[2025-12-27T14:14:05.350+0000] {logging_mixin.py:188} INFO - [2025-12-27T14:14:05.347+0000] {dagbag.py:540} INFO - Filling up the DagBag from /home/airflow/.local/lib/python3.12/site-packages/airflow/example_dags/example_sensors.py
[2025-12-27T14:14:05.878+0000] {processor.py:840} INFO - DAG(s) 'example_sensors' retrieved from /home/airflow/.local/lib/python3.12/site-packages/airflow/example_dags/example_sensors.py
[2025-12-27T14:14:12.141+0000] {logging_mixin.py:188} INFO - [2025-12-27T14:14:12.110+0000] {dag.py:3096} INFO - Sync 1 DAGs
[2025-12-27T14:14:12.652+0000] {logging_mixin.py:188} INFO - [2025-12-27T14:14:12.651+0000] {dag.py:3954} INFO - Setting next_dagrun for example_sensors to None, run_after=None
[2025-12-27T14:14:13.038+0000] {processor.py:183} INFO - Processing /home/airflow/.local/lib/python3.12/site-packages/airflow/example_dags/example_sensors.py took 7.940 seconds
[2025-12-27T14:15:18.966+0000] {processor.py:161} INFO - Started process (PID=142) to work on /home/airflow/.local/lib/python3.12/site-packages/airflow/example_dags/example_sensors.py
[2025-12-27T14:15:18.971+0000] {processor.py:830} INFO - Processing file /home/airflow/.local/lib/python3.12/site-packages/airflow/example_dags/example_sensors.py for tasks to queue
[2025-12-27T14:15:18.978+0000] {logging_mixin.py:188} INFO - [2025-12-27T14:15:18.976+0000] {dagbag.py:540} INFO - Filling up the DagBag from /home/airflow/.local/lib/python3.12/site-packages/airflow/example_dags/example_sensors.py
[2025-12-27T14:15:19.021+0000] {processor.py:840} INFO - DAG(s) 'example_sensors' retrieved from /home/airflow/.local/lib/python3.12/site-packages/airflow/example_dags/example_sensors.py
[2025-12-27T14:15:19.140+0000] {logging_mixin.py:188} INFO - [2025-12-27T14:15:19.139+0000] {dag.py:3096} INFO - Sync 1 DAGs
[2025-12-27T14:15:19.190+0000] {logging_mixin.py:188} INFO - [2025-12-27T14:15:19.190+0000] {dag.py:3954} INFO - Setting next_dagrun for example_sensors to None, run_after=None
[2025-12-27T14:15:19.264+0000] {processor.py:183} INFO - Processing /home/airflow/.local/lib/python3.12/site-packages/airflow/example_dags/example_sensors.py took 0.323 seconds
[2025-12-27T14:15:49.605+0000] {processor.py:161} INFO - Started process (PID=199) to work on /home/airflow/.local/lib/python3.12/site-packages/airflow/example_dags/example_sensors.py
[2025-12-27T14:15:49.611+0000] {processor.py:830} INFO - Processing file /home/airflow/.local/lib/python3.12/site-packages/airflow/example_dags/example_sensors.py for tasks to queue
[2025-12-27T14:15:49.618+0000] {logging_mixin.py:188} INFO - [2025-12-27T14:15:49.617+0000] {dagbag.py:540} INFO - Filling up the DagBag from /home/airflow/.local/lib/python3.12/site-packages/airflow/example_dags/example_sensors.py
[2025-12-27T14:15:49.655+0000] {processor.py:840} INFO - DAG(s) 'example_sensors' retrieved from /home/airflow/.local/lib/python3.12/site-packages/airflow/example_dags/example_sensors.py
[2025-12-27T14:15:49.748+0000] {logging_mixin.py:188} INFO - [2025-12-27T14:15:49.747+0000] {dag.py:3096} INFO - Sync 1 DAGs
[2025-12-27T14:15:49.788+0000] {logging_mixin.py:188} INFO - [2025-12-27T14:15:49.787+0000] {dag.py:3954} INFO - Setting next_dagrun for example_sensors to None, run_after=None
[2025-12-27T14:15:49.853+0000] {processor.py:183} INFO - Processing /home/airflow/.local/lib/python3.12/site-packages/airflow/example_dags/example_sensors.py took 0.288 seconds
[2025-12-27T14:16:20.057+0000] {processor.py:161} INFO - Started process (PID=257) to work on /home/airflow/.local/lib/python3.12/site-packages/airflow/example_dags/example_sensors.py
[2025-12-27T14:16:20.060+0000] {processor.py:830} INFO - Processing file /home/airflow/.local/lib/python3.12/site-packages/airflow/example_dags/example_sensors.py for tasks to queue
[2025-12-27T14:16:20.066+0000] {logging_mixin.py:188} INFO - [2025-12-27T14:16:20.065+0000] {dagbag.py:540} INFO - Filling up the DagBag from /home/airflow/.local/lib/python3.12/site-packages/airflow/example_dags/example_sensors.py
[2025-12-27T14:16:20.101+0000] {processor.py:840} INFO - DAG(s) 'example_sensors' retrieved from /home/airflow/.local/lib/python3.12/site-packages/airflow/example_dags/example_sensors.py
[2025-12-27T14:16:20.210+0000] {logging_mixin.py:188} INFO - [2025-12-27T14:16:20.209+0000] {dag.py:3096} INFO - Sync 1 DAGs
[2025-12-27T14:16:20.259+0000] {logging_mixin.py:188} INFO - [2025-12-27T14:16:20.259+0000] {dag.py:3954} INFO - Setting next_dagrun for example_sensors to None, run_after=None
[2025-12-27T14:16:20.319+0000] {processor.py:183} INFO - Processing /home/airflow/.local/lib/python3.12/site-packages/airflow/example_dags/example_sensors.py took 0.287 seconds
[2025-12-27T14:16:50.500+0000] {processor.py:161} INFO - Started process (PID=314) to work on /home/airflow/.local/lib/python3.12/site-packages/airflow/example_dags/example_sensors.py
[2025-12-27T14:16:50.503+0000] {processor.py:830} INFO - Processing file /home/airflow/.local/lib/python3.12/site-packages/airflow/example_dags/example_sensors.py for tasks to queue
[2025-12-27T14:16:50.508+0000] {logging_mixin.py:188} INFO - [2025-12-27T14:16:50.507+0000] {dagbag.py:540} INFO - Filling up the DagBag from /home/airflow/.local/lib/python3.12/site-packages/airflow/example_dags/example_sensors.py
[2025-12-27T14:16:50.542+0000] {processor.py:840} INFO - DAG(s) 'example_sensors' retrieved from /home/airflow/.local/lib/python3.12/site-packages/airflow/example_dags/example_sensors.py
[2025-12-27T14:16:50.696+0000] {logging_mixin.py:188} INFO - [2025-12-27T14:16:50.695+0000] {dag.py:3096} INFO - Sync 1 DAGs
[2025-12-27T14:16:50.775+0000] {logging_mixin.py:188} INFO - [2025-12-27T14:16:50.771+0000] {dag.py:3954} INFO - Setting next_dagrun for example_sensors to None, run_after=None
[2025-12-27T14:16:50.896+0000] {processor.py:183} INFO - Processing /home/airflow/.local/lib/python3.12/site-packages/airflow/example_dags/example_sensors.py took 0.414 seconds
[2025-12-27T14:17:38.455+0000] {processor.py:161} INFO - Started process (PID=363) to work on /home/airflow/.local/lib/python3.12/site-packages/airflow/example_dags/example_sensors.py
[2025-12-27T14:17:38.461+0000] {processor.py:830} INFO - Processing file /home/airflow/.local/lib/python3.12/site-packages/airflow/example_dags/example_sensors.py for tasks to queue
[2025-12-27T14:17:38.476+0000] {logging_mixin.py:188} INFO - [2025-12-27T14:17:38.475+0000] {dagbag.py:540} INFO - Filling up the DagBag from /home/airflow/.local/lib/python3.12/site-packages/airflow/example_dags/example_sensors.py
[2025-12-27T14:17:38.585+0000] {processor.py:840} INFO - DAG(s) 'example_sensors' retrieved from /home/airflow/.local/lib/python3.12/site-packages/airflow/example_dags/example_sensors.py
[2025-12-27T14:17:38.983+0000] {logging_mixin.py:188} INFO - [2025-12-27T14:17:38.982+0000] {dag.py:3096} INFO - Sync 1 DAGs
[2025-12-27T14:17:39.175+0000] {logging_mixin.py:188} INFO - [2025-12-27T14:17:39.174+0000] {dag.py:3954} INFO - Setting next_dagrun for example_sensors to None, run_after=None
[2025-12-27T14:17:39.351+0000] {processor.py:183} INFO - Processing /home/airflow/.local/lib/python3.12/site-packages/airflow/example_dags/example_sensors.py took 0.945 seconds
[2025-12-27T14:18:25.254+0000] {processor.py:161} INFO - Started process (PID=424) to work on /home/airflow/.local/lib/python3.12/site-packages/airflow/example_dags/example_sensors.py
[2025-12-27T14:18:25.291+0000] {processor.py:830} INFO - Processing file /home/airflow/.local/lib/python3.12/site-packages/airflow/example_dags/example_sensors.py for tasks to queue
[2025-12-27T14:18:25.299+0000] {logging_mixin.py:188} INFO - [2025-12-27T14:18:25.298+0000] {dagbag.py:540} INFO - Filling up the DagBag from /home/airflow/.local/lib/python3.12/site-packages/airflow/example_dags/example_sensors.py
[2025-12-27T14:18:25.351+0000] {processor.py:840} INFO - DAG(s) 'example_sensors' retrieved from /home/airflow/.local/lib/python3.12/site-packages/airflow/example_dags/example_sensors.py
[2025-12-27T14:18:25.610+0000] {logging_mixin.py:188} INFO - [2025-12-27T14:18:25.609+0000] {dag.py:3096} INFO - Sync 1 DAGs
[2025-12-27T14:18:25.652+0000] {logging_mixin.py:188} INFO - [2025-12-27T14:18:25.652+0000] {dag.py:3954} INFO - Setting next_dagrun for example_sensors to None, run_after=None
[2025-12-27T14:18:25.889+0000] {processor.py:183} INFO - Processing /home/airflow/.local/lib/python3.12/site-packages/airflow/example_dags/example_sensors.py took 0.659 seconds
[2025-12-27T14:18:59.307+0000] {processor.py:161} INFO - Started process (PID=482) to work on /home/airflow/.local/lib/python3.12/site-packages/airflow/example_dags/example_sensors.py
[2025-12-27T14:18:59.314+0000] {processor.py:830} INFO - Processing file /home/airflow/.local/lib/python3.12/site-packages/airflow/example_dags/example_sensors.py for tasks to queue
[2025-12-27T14:18:59.345+0000] {logging_mixin.py:188} INFO - [2025-12-27T14:18:59.334+0000] {dagbag.py:540} INFO - Filling up the DagBag from /home/airflow/.local/lib/python3.12/site-packages/airflow/example_dags/example_sensors.py
[2025-12-27T14:18:59.402+0000] {processor.py:840} INFO - DAG(s) 'example_sensors' retrieved from /home/airflow/.local/lib/python3.12/site-packages/airflow/example_dags/example_sensors.py
[2025-12-27T14:18:59.583+0000] {logging_mixin.py:188} INFO - [2025-12-27T14:18:59.582+0000] {dag.py:3096} INFO - Sync 1 DAGs
[2025-12-27T14:18:59.675+0000] {logging_mixin.py:188} INFO - [2025-12-27T14:18:59.674+0000] {dag.py:3954} INFO - Setting next_dagrun for example_sensors to None, run_after=None
[2025-12-27T14:18:59.777+0000] {processor.py:183} INFO - Processing /home/airflow/.local/lib/python3.12/site-packages/airflow/example_dags/example_sensors.py took 0.515 seconds
[2025-12-27T14:19:32.253+0000] {processor.py:161} INFO - Started process (PID=540) to work on /home/airflow/.local/lib/python3.12/site-packages/airflow/example_dags/example_sensors.py
[2025-12-27T14:19:32.257+0000] {processor.py:830} INFO - Processing file /home/airflow/.local/lib/python3.12/site-packages/airflow/example_dags/example_sensors.py for tasks to queue
[2025-12-27T14:19:32.269+0000] {logging_mixin.py:188} INFO - [2025-12-27T14:19:32.268+0000] {dagbag.py:540} INFO - Filling up the DagBag from /home/airflow/.local/lib/python3.12/site-packages/airflow/example_dags/example_sensors.py
[2025-12-27T14:19:32.321+0000] {processor.py:840} INFO - DAG(s) 'example_sensors' retrieved from /home/airflow/.local/lib/python3.12/site-packages/airflow/example_dags/example_sensors.py
[2025-12-27T14:19:32.453+0000] {logging_mixin.py:188} INFO - [2025-12-27T14:19:32.453+0000] {dag.py:3096} INFO - Sync 1 DAGs
[2025-12-27T14:19:32.504+0000] {logging_mixin.py:188} INFO - [2025-12-27T14:19:32.503+0000] {dag.py:3954} INFO - Setting next_dagrun for example_sensors to None, run_after=None
[2025-12-27T14:19:32.588+0000] {processor.py:183} INFO - Processing /home/airflow/.local/lib/python3.12/site-packages/airflow/example_dags/example_sensors.py took 0.375 seconds
[2025-12-27T14:20:02.767+0000] {processor.py:161} INFO - Started process (PID=596) to work on /home/airflow/.local/lib/python3.12/site-packages/airflow/example_dags/example_sensors.py
[2025-12-27T14:20:02.775+0000] {processor.py:830} INFO - Processing file /home/airflow/.local/lib/python3.12/site-packages/airflow/example_dags/example_sensors.py for tasks to queue
[2025-12-27T14:20:02.784+0000] {logging_mixin.py:188} INFO - [2025-12-27T14:20:02.782+0000] {dagbag.py:540} INFO - Filling up the DagBag from /home/airflow/.local/lib/python3.12/site-packages/airflow/example_dags/example_sensors.py
[2025-12-27T14:20:02.858+0000] {processor.py:840} INFO - DAG(s) 'example_sensors' retrieved from /home/airflow/.local/lib/python3.12/site-packages/airflow/example_dags/example_sensors.py
[2025-12-27T14:20:03.015+0000] {logging_mixin.py:188} INFO - [2025-12-27T14:20:03.014+0000] {dag.py:3096} INFO - Sync 1 DAGs
[2025-12-27T14:20:03.091+0000] {logging_mixin.py:188} INFO - [2025-12-27T14:20:03.091+0000] {dag.py:3954} INFO - Setting next_dagrun for example_sensors to None, run_after=None
[2025-12-27T14:20:03.149+0000] {processor.py:183} INFO - Processing /home/airflow/.local/lib/python3.12/site-packages/airflow/example_dags/example_sensors.py took 0.408 seconds
[2025-12-27T14:20:33.365+0000] {processor.py:161} INFO - Started process (PID=653) to work on /home/airflow/.local/lib/python3.12/site-packages/airflow/example_dags/example_sensors.py
[2025-12-27T14:20:33.368+0000] {processor.py:830} INFO - Processing file /home/airflow/.local/lib/python3.12/site-packages/airflow/example_dags/example_sensors.py for tasks to queue
[2025-12-27T14:20:33.374+0000] {logging_mixin.py:188} INFO - [2025-12-27T14:20:33.374+0000] {dagbag.py:540} INFO - Filling up the DagBag from /home/airflow/.local/lib/python3.12/site-packages/airflow/example_dags/example_sensors.py
[2025-12-27T14:20:33.407+0000] {processor.py:840} INFO - DAG(s) 'example_sensors' retrieved from /home/airflow/.local/lib/python3.12/site-packages/airflow/example_dags/example_sensors.py
[2025-12-27T14:20:33.480+0000] {logging_mixin.py:188} INFO - [2025-12-27T14:20:33.479+0000] {dag.py:3096} INFO - Sync 1 DAGs
[2025-12-27T14:20:33.515+0000] {logging_mixin.py:188} INFO - [2025-12-27T14:20:33.514+0000] {dag.py:3954} INFO - Setting next_dagrun for example_sensors to None, run_after=None
[2025-12-27T14:20:33.580+0000] {processor.py:183} INFO - Processing /home/airflow/.local/lib/python3.12/site-packages/airflow/example_dags/example_sensors.py took 0.234 seconds
[2025-12-27T14:21:04.221+0000] {processor.py:161} INFO - Started process (PID=711) to work on /home/airflow/.local/lib/python3.12/site-packages/airflow/example_dags/example_sensors.py
[2025-12-27T14:21:04.226+0000] {processor.py:830} INFO - Processing file /home/airflow/.local/lib/python3.12/site-packages/airflow/example_dags/example_sensors.py for tasks to queue
[2025-12-27T14:21:04.240+0000] {logging_mixin.py:188} INFO - [2025-12-27T14:21:04.237+0000] {dagbag.py:540} INFO - Filling up the DagBag from /home/airflow/.local/lib/python3.12/site-packages/airflow/example_dags/example_sensors.py
[2025-12-27T14:21:04.308+0000] {processor.py:840} INFO - DAG(s) 'example_sensors' retrieved from /home/airflow/.local/lib/python3.12/site-packages/airflow/example_dags/example_sensors.py
[2025-12-27T14:21:04.476+0000] {logging_mixin.py:188} INFO - [2025-12-27T14:21:04.476+0000] {dag.py:3096} INFO - Sync 1 DAGs
[2025-12-27T14:21:04.566+0000] {logging_mixin.py:188} INFO - [2025-12-27T14:21:04.564+0000] {dag.py:3954} INFO - Setting next_dagrun for example_sensors to None, run_after=None
[2025-12-27T14:21:04.697+0000] {processor.py:183} INFO - Processing /home/airflow/.local/lib/python3.12/site-packages/airflow/example_dags/example_sensors.py took 0.512 seconds
[2025-12-27T14:21:41.283+0000] {processor.py:161} INFO - Started process (PID=769) to work on /home/airflow/.local/lib/python3.12/site-packages/airflow/example_dags/example_sensors.py
[2025-12-27T14:21:41.300+0000] {processor.py:830} INFO - Processing file /home/airflow/.local/lib/python3.12/site-packages/airflow/example_dags/example_sensors.py for tasks to queue
[2025-12-27T14:21:41.335+0000] {logging_mixin.py:188} INFO - [2025-12-27T14:21:41.332+0000] {dagbag.py:540} INFO - Filling up the DagBag from /home/airflow/.local/lib/python3.12/site-packages/airflow/example_dags/example_sensors.py
[2025-12-27T14:21:41.490+0000] {processor.py:840} INFO - DAG(s) 'example_sensors' retrieved from /home/airflow/.local/lib/python3.12/site-packages/airflow/example_dags/example_sensors.py
[2025-12-27T14:21:41.823+0000] {logging_mixin.py:188} INFO - [2025-12-27T14:21:41.823+0000] {dag.py:3096} INFO - Sync 1 DAGs
[2025-12-27T14:21:41.959+0000] {logging_mixin.py:188} INFO - [2025-12-27T14:21:41.958+0000] {dag.py:3954} INFO - Setting next_dagrun for example_sensors to None, run_after=None
[2025-12-27T14:21:42.186+0000] {processor.py:183} INFO - Processing /home/airflow/.local/lib/python3.12/site-packages/airflow/example_dags/example_sensors.py took 0.970 seconds
[2025-12-27T14:22:15.876+0000] {processor.py:161} INFO - Started process (PID=805) to work on /home/airflow/.local/lib/python3.12/site-packages/airflow/example_dags/example_sensors.py
[2025-12-27T14:22:15.904+0000] {processor.py:830} INFO - Processing file /home/airflow/.local/lib/python3.12/site-packages/airflow/example_dags/example_sensors.py for tasks to queue
[2025-12-27T14:22:15.919+0000] {logging_mixin.py:188} INFO - [2025-12-27T14:22:15.918+0000] {dagbag.py:540} INFO - Filling up the DagBag from /home/airflow/.local/lib/python3.12/site-packages/airflow/example_dags/example_sensors.py
[2025-12-27T14:22:16.011+0000] {processor.py:840} INFO - DAG(s) 'example_sensors' retrieved from /home/airflow/.local/lib/python3.12/site-packages/airflow/example_dags/example_sensors.py
[2025-12-27T14:22:16.295+0000] {logging_mixin.py:188} INFO - [2025-12-27T14:22:16.294+0000] {dag.py:3096} INFO - Sync 1 DAGs
[2025-12-27T14:22:16.721+0000] {logging_mixin.py:188} INFO - [2025-12-27T14:22:16.720+0000] {dag.py:3954} INFO - Setting next_dagrun for example_sensors to None, run_after=None
[2025-12-27T14:22:17.009+0000] {processor.py:183} INFO - Processing /home/airflow/.local/lib/python3.12/site-packages/airflow/example_dags/example_sensors.py took 1.177 seconds
[2025-12-27T14:23:36.955+0000] {processor.py:161} INFO - Started process (PID=866) to work on /home/airflow/.local/lib/python3.12/site-packages/airflow/example_dags/example_sensors.py
[2025-12-27T14:23:36.972+0000] {processor.py:830} INFO - Processing file /home/airflow/.local/lib/python3.12/site-packages/airflow/example_dags/example_sensors.py for tasks to queue
[2025-12-27T14:23:36.986+0000] {logging_mixin.py:188} INFO - [2025-12-27T14:23:36.983+0000] {dagbag.py:540} INFO - Filling up the DagBag from /home/airflow/.local/lib/python3.12/site-packages/airflow/example_dags/example_sensors.py
[2025-12-27T14:23:37.090+0000] {processor.py:840} INFO - DAG(s) 'example_sensors' retrieved from /home/airflow/.local/lib/python3.12/site-packages/airflow/example_dags/example_sensors.py
[2025-12-27T14:23:37.354+0000] {logging_mixin.py:188} INFO - [2025-12-27T14:23:37.351+0000] {dag.py:3096} INFO - Sync 1 DAGs
[2025-12-27T14:23:37.466+0000] {logging_mixin.py:188} INFO - [2025-12-27T14:23:37.461+0000] {dag.py:3954} INFO - Setting next_dagrun for example_sensors to None, run_after=None
[2025-12-27T14:23:37.615+0000] {processor.py:183} INFO - Processing /home/airflow/.local/lib/python3.12/site-packages/airflow/example_dags/example_sensors.py took 0.718 seconds
[2025-12-27T14:24:18.992+0000] {processor.py:161} INFO - Started process (PID=914) to work on /home/airflow/.local/lib/python3.12/site-packages/airflow/example_dags/example_sensors.py
[2025-12-27T14:24:19.003+0000] {processor.py:830} INFO - Processing file /home/airflow/.local/lib/python3.12/site-packages/airflow/example_dags/example_sensors.py for tasks to queue
[2025-12-27T14:24:19.007+0000] {logging_mixin.py:188} INFO - [2025-12-27T14:24:19.006+0000] {dagbag.py:540} INFO - Filling up the DagBag from /home/airflow/.local/lib/python3.12/site-packages/airflow/example_dags/example_sensors.py
[2025-12-27T14:24:19.060+0000] {processor.py:840} INFO - DAG(s) 'example_sensors' retrieved from /home/airflow/.local/lib/python3.12/site-packages/airflow/example_dags/example_sensors.py
[2025-12-27T14:24:19.169+0000] {logging_mixin.py:188} INFO - [2025-12-27T14:24:19.168+0000] {dag.py:3096} INFO - Sync 1 DAGs
[2025-12-27T14:24:19.231+0000] {logging_mixin.py:188} INFO - [2025-12-27T14:24:19.230+0000] {dag.py:3954} INFO - Setting next_dagrun for example_sensors to None, run_after=None
[2025-12-27T14:24:19.317+0000] {processor.py:183} INFO - Processing /home/airflow/.local/lib/python3.12/site-packages/airflow/example_dags/example_sensors.py took 0.363 seconds
[2025-12-27T14:24:49.903+0000] {processor.py:161} INFO - Started process (PID=970) to work on /home/airflow/.local/lib/python3.12/site-packages/airflow/example_dags/example_sensors.py
[2025-12-27T14:24:49.907+0000] {processor.py:830} INFO - Processing file /home/airflow/.local/lib/python3.12/site-packages/airflow/example_dags/example_sensors.py for tasks to queue
[2025-12-27T14:24:49.910+0000] {logging_mixin.py:188} INFO - [2025-12-27T14:24:49.909+0000] {dagbag.py:540} INFO - Filling up the DagBag from /home/airflow/.local/lib/python3.12/site-packages/airflow/example_dags/example_sensors.py
[2025-12-27T14:24:49.936+0000] {processor.py:840} INFO - DAG(s) 'example_sensors' retrieved from /home/airflow/.local/lib/python3.12/site-packages/airflow/example_dags/example_sensors.py
[2025-12-27T14:24:50.006+0000] {logging_mixin.py:188} INFO - [2025-12-27T14:24:50.005+0000] {dag.py:3096} INFO - Sync 1 DAGs
[2025-12-27T14:24:50.053+0000] {logging_mixin.py:188} INFO - [2025-12-27T14:24:50.052+0000] {dag.py:3954} INFO - Setting next_dagrun for example_sensors to None, run_after=None
[2025-12-27T14:24:50.527+0000] {processor.py:183} INFO - Processing /home/airflow/.local/lib/python3.12/site-packages/airflow/example_dags/example_sensors.py took 0.648 seconds
[2025-12-27T14:25:24.124+0000] {processor.py:161} INFO - Started process (PID=1028) to work on /home/airflow/.local/lib/python3.12/site-packages/airflow/example_dags/example_sensors.py
[2025-12-27T14:25:24.142+0000] {processor.py:830} INFO - Processing file /home/airflow/.local/lib/python3.12/site-packages/airflow/example_dags/example_sensors.py for tasks to queue
[2025-12-27T14:25:24.153+0000] {logging_mixin.py:188} INFO - [2025-12-27T14:25:24.146+0000] {dagbag.py:540} INFO - Filling up the DagBag from /home/airflow/.local/lib/python3.12/site-packages/airflow/example_dags/example_sensors.py
[2025-12-27T14:25:24.289+0000] {processor.py:840} INFO - DAG(s) 'example_sensors' retrieved from /home/airflow/.local/lib/python3.12/site-packages/airflow/example_dags/example_sensors.py
[2025-12-27T14:25:24.530+0000] {logging_mixin.py:188} INFO - [2025-12-27T14:25:24.529+0000] {dag.py:3096} INFO - Sync 1 DAGs
[2025-12-27T14:25:24.670+0000] {logging_mixin.py:188} INFO - [2025-12-27T14:25:24.668+0000] {dag.py:3954} INFO - Setting next_dagrun for example_sensors to None, run_after=None
[2025-12-27T14:25:25.583+0000] {processor.py:183} INFO - Processing /home/airflow/.local/lib/python3.12/site-packages/airflow/example_dags/example_sensors.py took 1.508 seconds
[2025-12-27T14:26:19.071+0000] {processor.py:161} INFO - Started process (PID=1059) to work on /home/airflow/.local/lib/python3.12/site-packages/airflow/example_dags/example_sensors.py
[2025-12-27T14:26:19.077+0000] {processor.py:830} INFO - Processing file /home/airflow/.local/lib/python3.12/site-packages/airflow/example_dags/example_sensors.py for tasks to queue
[2025-12-27T14:26:19.089+0000] {logging_mixin.py:188} INFO - [2025-12-27T14:26:19.087+0000] {dagbag.py:540} INFO - Filling up the DagBag from /home/airflow/.local/lib/python3.12/site-packages/airflow/example_dags/example_sensors.py
[2025-12-27T14:26:19.171+0000] {processor.py:840} INFO - DAG(s) 'example_sensors' retrieved from /home/airflow/.local/lib/python3.12/site-packages/airflow/example_dags/example_sensors.py
[2025-12-27T14:26:19.351+0000] {logging_mixin.py:188} INFO - [2025-12-27T14:26:19.350+0000] {dag.py:3096} INFO - Sync 1 DAGs
[2025-12-27T14:26:19.423+0000] {logging_mixin.py:188} INFO - [2025-12-27T14:26:19.422+0000] {dag.py:3954} INFO - Setting next_dagrun for example_sensors to None, run_after=None
[2025-12-27T14:26:19.538+0000] {processor.py:183} INFO - Processing /home/airflow/.local/lib/python3.12/site-packages/airflow/example_dags/example_sensors.py took 0.507 seconds
[2025-12-27T14:26:56.216+0000] {processor.py:161} INFO - Started process (PID=1116) to work on /home/airflow/.local/lib/python3.12/site-packages/airflow/example_dags/example_sensors.py
[2025-12-27T14:26:56.227+0000] {processor.py:830} INFO - Processing file /home/airflow/.local/lib/python3.12/site-packages/airflow/example_dags/example_sensors.py for tasks to queue
[2025-12-27T14:26:56.231+0000] {logging_mixin.py:188} INFO - [2025-12-27T14:26:56.230+0000] {dagbag.py:540} INFO - Filling up the DagBag from /home/airflow/.local/lib/python3.12/site-packages/airflow/example_dags/example_sensors.py
[2025-12-27T14:26:56.462+0000] {processor.py:840} INFO - DAG(s) 'example_sensors' retrieved from /home/airflow/.local/lib/python3.12/site-packages/airflow/example_dags/example_sensors.py
[2025-12-27T14:26:56.781+0000] {logging_mixin.py:188} INFO - [2025-12-27T14:26:56.780+0000] {dag.py:3096} INFO - Sync 1 DAGs
[2025-12-27T14:26:59.120+0000] {logging_mixin.py:188} INFO - [2025-12-27T14:26:59.118+0000] {dag.py:3954} INFO - Setting next_dagrun for example_sensors to None, run_after=None
[2025-12-27T14:26:59.452+0000] {processor.py:183} INFO - Processing /home/airflow/.local/lib/python3.12/site-packages/airflow/example_dags/example_sensors.py took 3.268 seconds
[2025-12-27T14:27:50.129+0000] {processor.py:161} INFO - Started process (PID=1179) to work on /home/airflow/.local/lib/python3.12/site-packages/airflow/example_dags/example_sensors.py
[2025-12-27T14:27:50.133+0000] {processor.py:830} INFO - Processing file /home/airflow/.local/lib/python3.12/site-packages/airflow/example_dags/example_sensors.py for tasks to queue
[2025-12-27T14:27:50.136+0000] {logging_mixin.py:188} INFO - [2025-12-27T14:27:50.135+0000] {dagbag.py:540} INFO - Filling up the DagBag from /home/airflow/.local/lib/python3.12/site-packages/airflow/example_dags/example_sensors.py
[2025-12-27T14:27:50.173+0000] {processor.py:840} INFO - DAG(s) 'example_sensors' retrieved from /home/airflow/.local/lib/python3.12/site-packages/airflow/example_dags/example_sensors.py
[2025-12-27T14:27:50.262+0000] {logging_mixin.py:188} INFO - [2025-12-27T14:27:50.262+0000] {dag.py:3096} INFO - Sync 1 DAGs
[2025-12-27T14:27:50.304+0000] {logging_mixin.py:188} INFO - [2025-12-27T14:27:50.304+0000] {dag.py:3954} INFO - Setting next_dagrun for example_sensors to None, run_after=None
[2025-12-27T14:27:50.369+0000] {processor.py:183} INFO - Processing /home/airflow/.local/lib/python3.12/site-packages/airflow/example_dags/example_sensors.py took 0.269 seconds
[2025-12-27T14:28:20.482+0000] {processor.py:161} INFO - Started process (PID=1237) to work on /home/airflow/.local/lib/python3.12/site-packages/airflow/example_dags/example_sensors.py
[2025-12-27T14:28:20.486+0000] {processor.py:830} INFO - Processing file /home/airflow/.local/lib/python3.12/site-packages/airflow/example_dags/example_sensors.py for tasks to queue
[2025-12-27T14:28:20.489+0000] {logging_mixin.py:188} INFO - [2025-12-27T14:28:20.488+0000] {dagbag.py:540} INFO - Filling up the DagBag from /home/airflow/.local/lib/python3.12/site-packages/airflow/example_dags/example_sensors.py
[2025-12-27T14:28:20.522+0000] {processor.py:840} INFO - DAG(s) 'example_sensors' retrieved from /home/airflow/.local/lib/python3.12/site-packages/airflow/example_dags/example_sensors.py
[2025-12-27T14:28:20.593+0000] {logging_mixin.py:188} INFO - [2025-12-27T14:28:20.593+0000] {dag.py:3096} INFO - Sync 1 DAGs
[2025-12-27T14:28:20.629+0000] {logging_mixin.py:188} INFO - [2025-12-27T14:28:20.629+0000] {dag.py:3954} INFO - Setting next_dagrun for example_sensors to None, run_after=None
[2025-12-27T14:28:20.703+0000] {processor.py:183} INFO - Processing /home/airflow/.local/lib/python3.12/site-packages/airflow/example_dags/example_sensors.py took 0.237 seconds
[2025-12-27T14:28:51.293+0000] {processor.py:161} INFO - Started process (PID=1289) to work on /home/airflow/.local/lib/python3.12/site-packages/airflow/example_dags/example_sensors.py
[2025-12-27T14:28:51.297+0000] {processor.py:830} INFO - Processing file /home/airflow/.local/lib/python3.12/site-packages/airflow/example_dags/example_sensors.py for tasks to queue
[2025-12-27T14:28:51.301+0000] {logging_mixin.py:188} INFO - [2025-12-27T14:28:51.300+0000] {dagbag.py:540} INFO - Filling up the DagBag from /home/airflow/.local/lib/python3.12/site-packages/airflow/example_dags/example_sensors.py
[2025-12-27T14:28:51.358+0000] {processor.py:840} INFO - DAG(s) 'example_sensors' retrieved from /home/airflow/.local/lib/python3.12/site-packages/airflow/example_dags/example_sensors.py
[2025-12-27T14:28:51.465+0000] {logging_mixin.py:188} INFO - [2025-12-27T14:28:51.465+0000] {dag.py:3096} INFO - Sync 1 DAGs
[2025-12-27T14:28:51.509+0000] {logging_mixin.py:188} INFO - [2025-12-27T14:28:51.509+0000] {dag.py:3954} INFO - Setting next_dagrun for example_sensors to None, run_after=None
[2025-12-27T14:28:51.587+0000] {processor.py:183} INFO - Processing /home/airflow/.local/lib/python3.12/site-packages/airflow/example_dags/example_sensors.py took 0.321 seconds
[2025-12-27T14:29:23.022+0000] {processor.py:161} INFO - Started process (PID=1343) to work on /home/airflow/.local/lib/python3.12/site-packages/airflow/example_dags/example_sensors.py
[2025-12-27T14:29:23.034+0000] {processor.py:830} INFO - Processing file /home/airflow/.local/lib/python3.12/site-packages/airflow/example_dags/example_sensors.py for tasks to queue
[2025-12-27T14:29:23.039+0000] {logging_mixin.py:188} INFO - [2025-12-27T14:29:23.037+0000] {dagbag.py:540} INFO - Filling up the DagBag from /home/airflow/.local/lib/python3.12/site-packages/airflow/example_dags/example_sensors.py
[2025-12-27T14:29:23.158+0000] {processor.py:840} INFO - DAG(s) 'example_sensors' retrieved from /home/airflow/.local/lib/python3.12/site-packages/airflow/example_dags/example_sensors.py
[2025-12-27T14:29:23.240+0000] {logging_mixin.py:188} INFO - [2025-12-27T14:29:23.238+0000] {dag.py:3096} INFO - Sync 1 DAGs
[2025-12-27T14:29:23.300+0000] {logging_mixin.py:188} INFO - [2025-12-27T14:29:23.299+0000] {dag.py:3954} INFO - Setting next_dagrun for example_sensors to None, run_after=None
[2025-12-27T14:29:23.568+0000] {processor.py:183} INFO - Processing /home/airflow/.local/lib/python3.12/site-packages/airflow/example_dags/example_sensors.py took 0.569 seconds
[2025-12-27T14:29:54.464+0000] {processor.py:161} INFO - Started process (PID=1399) to work on /home/airflow/.local/lib/python3.12/site-packages/airflow/example_dags/example_sensors.py
[2025-12-27T14:29:54.469+0000] {processor.py:830} INFO - Processing file /home/airflow/.local/lib/python3.12/site-packages/airflow/example_dags/example_sensors.py for tasks to queue
[2025-12-27T14:29:54.472+0000] {logging_mixin.py:188} INFO - [2025-12-27T14:29:54.471+0000] {dagbag.py:540} INFO - Filling up the DagBag from /home/airflow/.local/lib/python3.12/site-packages/airflow/example_dags/example_sensors.py
[2025-12-27T14:29:54.512+0000] {processor.py:840} INFO - DAG(s) 'example_sensors' retrieved from /home/airflow/.local/lib/python3.12/site-packages/airflow/example_dags/example_sensors.py
[2025-12-27T14:29:54.615+0000] {logging_mixin.py:188} INFO - [2025-12-27T14:29:54.615+0000] {dag.py:3096} INFO - Sync 1 DAGs
[2025-12-27T14:29:54.661+0000] {logging_mixin.py:188} INFO - [2025-12-27T14:29:54.660+0000] {dag.py:3954} INFO - Setting next_dagrun for example_sensors to None, run_after=None
[2025-12-27T14:29:54.752+0000] {processor.py:183} INFO - Processing /home/airflow/.local/lib/python3.12/site-packages/airflow/example_dags/example_sensors.py took 0.314 seconds
[2025-12-27T14:30:25.383+0000] {processor.py:161} INFO - Started process (PID=1455) to work on /home/airflow/.local/lib/python3.12/site-packages/airflow/example_dags/example_sensors.py
[2025-12-27T14:30:25.396+0000] {processor.py:830} INFO - Processing file /home/airflow/.local/lib/python3.12/site-packages/airflow/example_dags/example_sensors.py for tasks to queue
[2025-12-27T14:30:25.410+0000] {logging_mixin.py:188} INFO - [2025-12-27T14:30:25.409+0000] {dagbag.py:540} INFO - Filling up the DagBag from /home/airflow/.local/lib/python3.12/site-packages/airflow/example_dags/example_sensors.py
[2025-12-27T14:30:25.486+0000] {processor.py:840} INFO - DAG(s) 'example_sensors' retrieved from /home/airflow/.local/lib/python3.12/site-packages/airflow/example_dags/example_sensors.py
[2025-12-27T14:30:25.590+0000] {logging_mixin.py:188} INFO - [2025-12-27T14:30:25.589+0000] {dag.py:3096} INFO - Sync 1 DAGs
[2025-12-27T14:30:25.632+0000] {logging_mixin.py:188} INFO - [2025-12-27T14:30:25.631+0000] {dag.py:3954} INFO - Setting next_dagrun for example_sensors to None, run_after=None
[2025-12-27T14:30:25.840+0000] {processor.py:183} INFO - Processing /home/airflow/.local/lib/python3.12/site-packages/airflow/example_dags/example_sensors.py took 0.498 seconds
[2025-12-27T14:30:56.428+0000] {processor.py:161} INFO - Started process (PID=1513) to work on /home/airflow/.local/lib/python3.12/site-packages/airflow/example_dags/example_sensors.py
[2025-12-27T14:30:56.431+0000] {processor.py:830} INFO - Processing file /home/airflow/.local/lib/python3.12/site-packages/airflow/example_dags/example_sensors.py for tasks to queue
[2025-12-27T14:30:56.434+0000] {logging_mixin.py:188} INFO - [2025-12-27T14:30:56.433+0000] {dagbag.py:540} INFO - Filling up the DagBag from /home/airflow/.local/lib/python3.12/site-packages/airflow/example_dags/example_sensors.py
[2025-12-27T14:30:56.461+0000] {processor.py:840} INFO - DAG(s) 'example_sensors' retrieved from /home/airflow/.local/lib/python3.12/site-packages/airflow/example_dags/example_sensors.py
[2025-12-27T14:30:56.529+0000] {logging_mixin.py:188} INFO - [2025-12-27T14:30:56.529+0000] {dag.py:3096} INFO - Sync 1 DAGs
[2025-12-27T14:30:56.561+0000] {logging_mixin.py:188} INFO - [2025-12-27T14:30:56.560+0000] {dag.py:3954} INFO - Setting next_dagrun for example_sensors to None, run_after=None
[2025-12-27T14:30:56.615+0000] {processor.py:183} INFO - Processing /home/airflow/.local/lib/python3.12/site-packages/airflow/example_dags/example_sensors.py took 0.204 seconds
[2025-12-27T14:31:26.981+0000] {processor.py:161} INFO - Started process (PID=1570) to work on /home/airflow/.local/lib/python3.12/site-packages/airflow/example_dags/example_sensors.py
[2025-12-27T14:31:26.985+0000] {processor.py:830} INFO - Processing file /home/airflow/.local/lib/python3.12/site-packages/airflow/example_dags/example_sensors.py for tasks to queue
[2025-12-27T14:31:26.987+0000] {logging_mixin.py:188} INFO - [2025-12-27T14:31:26.986+0000] {dagbag.py:540} INFO - Filling up the DagBag from /home/airflow/.local/lib/python3.12/site-packages/airflow/example_dags/example_sensors.py
[2025-12-27T14:31:27.014+0000] {processor.py:840} INFO - DAG(s) 'example_sensors' retrieved from /home/airflow/.local/lib/python3.12/site-packages/airflow/example_dags/example_sensors.py
[2025-12-27T14:31:27.095+0000] {logging_mixin.py:188} INFO - [2025-12-27T14:31:27.095+0000] {dag.py:3096} INFO - Sync 1 DAGs
[2025-12-27T14:31:27.129+0000] {logging_mixin.py:188} INFO - [2025-12-27T14:31:27.128+0000] {dag.py:3954} INFO - Setting next_dagrun for example_sensors to None, run_after=None
[2025-12-27T14:31:27.182+0000] {processor.py:183} INFO - Processing /home/airflow/.local/lib/python3.12/site-packages/airflow/example_dags/example_sensors.py took 0.216 seconds
[2025-12-27T14:31:57.391+0000] {processor.py:161} INFO - Started process (PID=1628) to work on /home/airflow/.local/lib/python3.12/site-packages/airflow/example_dags/example_sensors.py
[2025-12-27T14:31:57.395+0000] {processor.py:830} INFO - Processing file /home/airflow/.local/lib/python3.12/site-packages/airflow/example_dags/example_sensors.py for tasks to queue
[2025-12-27T14:31:57.397+0000] {logging_mixin.py:188} INFO - [2025-12-27T14:31:57.396+0000] {dagbag.py:540} INFO - Filling up the DagBag from /home/airflow/.local/lib/python3.12/site-packages/airflow/example_dags/example_sensors.py
[2025-12-27T14:31:57.427+0000] {processor.py:840} INFO - DAG(s) 'example_sensors' retrieved from /home/airflow/.local/lib/python3.12/site-packages/airflow/example_dags/example_sensors.py
[2025-12-27T14:31:57.512+0000] {logging_mixin.py:188} INFO - [2025-12-27T14:31:57.511+0000] {dag.py:3096} INFO - Sync 1 DAGs
[2025-12-27T14:31:57.558+0000] {logging_mixin.py:188} INFO - [2025-12-27T14:31:57.557+0000] {dag.py:3954} INFO - Setting next_dagrun for example_sensors to None, run_after=None
[2025-12-27T14:31:57.638+0000] {processor.py:183} INFO - Processing /home/airflow/.local/lib/python3.12/site-packages/airflow/example_dags/example_sensors.py took 0.270 seconds
[2025-12-27T14:32:27.914+0000] {processor.py:161} INFO - Started process (PID=1686) to work on /home/airflow/.local/lib/python3.12/site-packages/airflow/example_dags/example_sensors.py
[2025-12-27T14:32:27.917+0000] {processor.py:830} INFO - Processing file /home/airflow/.local/lib/python3.12/site-packages/airflow/example_dags/example_sensors.py for tasks to queue
[2025-12-27T14:32:27.919+0000] {logging_mixin.py:188} INFO - [2025-12-27T14:32:27.918+0000] {dagbag.py:540} INFO - Filling up the DagBag from /home/airflow/.local/lib/python3.12/site-packages/airflow/example_dags/example_sensors.py
[2025-12-27T14:32:27.945+0000] {processor.py:840} INFO - DAG(s) 'example_sensors' retrieved from /home/airflow/.local/lib/python3.12/site-packages/airflow/example_dags/example_sensors.py
[2025-12-27T14:32:28.011+0000] {logging_mixin.py:188} INFO - [2025-12-27T14:32:28.011+0000] {dag.py:3096} INFO - Sync 1 DAGs
[2025-12-27T14:32:28.042+0000] {logging_mixin.py:188} INFO - [2025-12-27T14:32:28.042+0000] {dag.py:3954} INFO - Setting next_dagrun for example_sensors to None, run_after=None
[2025-12-27T14:32:28.095+0000] {processor.py:183} INFO - Processing /home/airflow/.local/lib/python3.12/site-packages/airflow/example_dags/example_sensors.py took 0.198 seconds
[2025-12-27T14:32:58.622+0000] {processor.py:161} INFO - Started process (PID=1745) to work on /home/airflow/.local/lib/python3.12/site-packages/airflow/example_dags/example_sensors.py
[2025-12-27T14:32:58.624+0000] {processor.py:830} INFO - Processing file /home/airflow/.local/lib/python3.12/site-packages/airflow/example_dags/example_sensors.py for tasks to queue
[2025-12-27T14:32:58.628+0000] {logging_mixin.py:188} INFO - [2025-12-27T14:32:58.626+0000] {dagbag.py:540} INFO - Filling up the DagBag from /home/airflow/.local/lib/python3.12/site-packages/airflow/example_dags/example_sensors.py
[2025-12-27T14:32:58.654+0000] {processor.py:840} INFO - DAG(s) 'example_sensors' retrieved from /home/airflow/.local/lib/python3.12/site-packages/airflow/example_dags/example_sensors.py
[2025-12-27T14:32:58.723+0000] {logging_mixin.py:188} INFO - [2025-12-27T14:32:58.723+0000] {dag.py:3096} INFO - Sync 1 DAGs
[2025-12-27T14:32:58.758+0000] {logging_mixin.py:188} INFO - [2025-12-27T14:32:58.758+0000] {dag.py:3954} INFO - Setting next_dagrun for example_sensors to None, run_after=None
[2025-12-27T14:32:58.810+0000] {processor.py:183} INFO - Processing /home/airflow/.local/lib/python3.12/site-packages/airflow/example_dags/example_sensors.py took 0.204 seconds
[2025-12-27T14:33:29.540+0000] {processor.py:161} INFO - Started process (PID=1803) to work on /home/airflow/.local/lib/python3.12/site-packages/airflow/example_dags/example_sensors.py
[2025-12-27T14:33:29.542+0000] {processor.py:830} INFO - Processing file /home/airflow/.local/lib/python3.12/site-packages/airflow/example_dags/example_sensors.py for tasks to queue
[2025-12-27T14:33:29.545+0000] {logging_mixin.py:188} INFO - [2025-12-27T14:33:29.544+0000] {dagbag.py:540} INFO - Filling up the DagBag from /home/airflow/.local/lib/python3.12/site-packages/airflow/example_dags/example_sensors.py
[2025-12-27T14:33:29.570+0000] {processor.py:840} INFO - DAG(s) 'example_sensors' retrieved from /home/airflow/.local/lib/python3.12/site-packages/airflow/example_dags/example_sensors.py
[2025-12-27T14:33:29.639+0000] {logging_mixin.py:188} INFO - [2025-12-27T14:33:29.638+0000] {dag.py:3096} INFO - Sync 1 DAGs
[2025-12-27T14:33:29.672+0000] {logging_mixin.py:188} INFO - [2025-12-27T14:33:29.671+0000] {dag.py:3954} INFO - Setting next_dagrun for example_sensors to None, run_after=None
[2025-12-27T14:33:29.725+0000] {processor.py:183} INFO - Processing /home/airflow/.local/lib/python3.12/site-packages/airflow/example_dags/example_sensors.py took 0.203 seconds
[2025-12-27T14:33:59.929+0000] {processor.py:161} INFO - Started process (PID=1861) to work on /home/airflow/.local/lib/python3.12/site-packages/airflow/example_dags/example_sensors.py
[2025-12-27T14:33:59.932+0000] {processor.py:830} INFO - Processing file /home/airflow/.local/lib/python3.12/site-packages/airflow/example_dags/example_sensors.py for tasks to queue
[2025-12-27T14:33:59.935+0000] {logging_mixin.py:188} INFO - [2025-12-27T14:33:59.934+0000] {dagbag.py:540} INFO - Filling up the DagBag from /home/airflow/.local/lib/python3.12/site-packages/airflow/example_dags/example_sensors.py
[2025-12-27T14:33:59.966+0000] {processor.py:840} INFO - DAG(s) 'example_sensors' retrieved from /home/airflow/.local/lib/python3.12/site-packages/airflow/example_dags/example_sensors.py
[2025-12-27T14:34:00.055+0000] {logging_mixin.py:188} INFO - [2025-12-27T14:34:00.054+0000] {dag.py:3096} INFO - Sync 1 DAGs
[2025-12-27T14:34:00.102+0000] {logging_mixin.py:188} INFO - [2025-12-27T14:34:00.101+0000] {dag.py:3954} INFO - Setting next_dagrun for example_sensors to None, run_after=None
[2025-12-27T14:34:00.156+0000] {processor.py:183} INFO - Processing /home/airflow/.local/lib/python3.12/site-packages/airflow/example_dags/example_sensors.py took 0.244 seconds
[2025-12-27T14:34:30.377+0000] {processor.py:161} INFO - Started process (PID=1919) to work on /home/airflow/.local/lib/python3.12/site-packages/airflow/example_dags/example_sensors.py
[2025-12-27T14:34:30.380+0000] {processor.py:830} INFO - Processing file /home/airflow/.local/lib/python3.12/site-packages/airflow/example_dags/example_sensors.py for tasks to queue
[2025-12-27T14:34:30.383+0000] {logging_mixin.py:188} INFO - [2025-12-27T14:34:30.382+0000] {dagbag.py:540} INFO - Filling up the DagBag from /home/airflow/.local/lib/python3.12/site-packages/airflow/example_dags/example_sensors.py
[2025-12-27T14:34:30.413+0000] {processor.py:840} INFO - DAG(s) 'example_sensors' retrieved from /home/airflow/.local/lib/python3.12/site-packages/airflow/example_dags/example_sensors.py
[2025-12-27T14:34:30.512+0000] {logging_mixin.py:188} INFO - [2025-12-27T14:34:30.511+0000] {dag.py:3096} INFO - Sync 1 DAGs
[2025-12-27T14:34:30.579+0000] {logging_mixin.py:188} INFO - [2025-12-27T14:34:30.579+0000] {dag.py:3954} INFO - Setting next_dagrun for example_sensors to None, run_after=None
[2025-12-27T14:34:30.729+0000] {processor.py:183} INFO - Processing /home/airflow/.local/lib/python3.12/site-packages/airflow/example_dags/example_sensors.py took 0.376 seconds
[2025-12-27T14:35:01.572+0000] {processor.py:161} INFO - Started process (PID=1978) to work on /home/airflow/.local/lib/python3.12/site-packages/airflow/example_dags/example_sensors.py
[2025-12-27T14:35:01.576+0000] {processor.py:830} INFO - Processing file /home/airflow/.local/lib/python3.12/site-packages/airflow/example_dags/example_sensors.py for tasks to queue
[2025-12-27T14:35:01.578+0000] {logging_mixin.py:188} INFO - [2025-12-27T14:35:01.577+0000] {dagbag.py:540} INFO - Filling up the DagBag from /home/airflow/.local/lib/python3.12/site-packages/airflow/example_dags/example_sensors.py
[2025-12-27T14:35:01.613+0000] {processor.py:840} INFO - DAG(s) 'example_sensors' retrieved from /home/airflow/.local/lib/python3.12/site-packages/airflow/example_dags/example_sensors.py
[2025-12-27T14:35:01.709+0000] {logging_mixin.py:188} INFO - [2025-12-27T14:35:01.708+0000] {dag.py:3096} INFO - Sync 1 DAGs
[2025-12-27T14:35:01.757+0000] {logging_mixin.py:188} INFO - [2025-12-27T14:35:01.756+0000] {dag.py:3954} INFO - Setting next_dagrun for example_sensors to None, run_after=None
[2025-12-27T14:35:01.828+0000] {processor.py:183} INFO - Processing /home/airflow/.local/lib/python3.12/site-packages/airflow/example_dags/example_sensors.py took 0.280 seconds
[2025-12-27T14:35:32.247+0000] {processor.py:161} INFO - Started process (PID=2036) to work on /home/airflow/.local/lib/python3.12/site-packages/airflow/example_dags/example_sensors.py
[2025-12-27T14:35:32.251+0000] {processor.py:830} INFO - Processing file /home/airflow/.local/lib/python3.12/site-packages/airflow/example_dags/example_sensors.py for tasks to queue
[2025-12-27T14:35:32.256+0000] {logging_mixin.py:188} INFO - [2025-12-27T14:35:32.255+0000] {dagbag.py:540} INFO - Filling up the DagBag from /home/airflow/.local/lib/python3.12/site-packages/airflow/example_dags/example_sensors.py
[2025-12-27T14:35:32.317+0000] {processor.py:840} INFO - DAG(s) 'example_sensors' retrieved from /home/airflow/.local/lib/python3.12/site-packages/airflow/example_dags/example_sensors.py
[2025-12-27T14:35:32.492+0000] {logging_mixin.py:188} INFO - [2025-12-27T14:35:32.490+0000] {dag.py:3096} INFO - Sync 1 DAGs
[2025-12-27T14:35:32.551+0000] {logging_mixin.py:188} INFO - [2025-12-27T14:35:32.550+0000] {dag.py:3954} INFO - Setting next_dagrun for example_sensors to None, run_after=None
[2025-12-27T14:35:32.633+0000] {processor.py:183} INFO - Processing /home/airflow/.local/lib/python3.12/site-packages/airflow/example_dags/example_sensors.py took 0.406 seconds
[2025-12-27T14:36:03.070+0000] {processor.py:161} INFO - Started process (PID=2084) to work on /home/airflow/.local/lib/python3.12/site-packages/airflow/example_dags/example_sensors.py
[2025-12-27T14:36:03.078+0000] {processor.py:830} INFO - Processing file /home/airflow/.local/lib/python3.12/site-packages/airflow/example_dags/example_sensors.py for tasks to queue
[2025-12-27T14:36:03.081+0000] {logging_mixin.py:188} INFO - [2025-12-27T14:36:03.080+0000] {dagbag.py:540} INFO - Filling up the DagBag from /home/airflow/.local/lib/python3.12/site-packages/airflow/example_dags/example_sensors.py
[2025-12-27T14:36:03.175+0000] {processor.py:840} INFO - DAG(s) 'example_sensors' retrieved from /home/airflow/.local/lib/python3.12/site-packages/airflow/example_dags/example_sensors.py
[2025-12-27T14:36:03.367+0000] {logging_mixin.py:188} INFO - [2025-12-27T14:36:03.366+0000] {dag.py:3096} INFO - Sync 1 DAGs
[2025-12-27T14:36:03.421+0000] {logging_mixin.py:188} INFO - [2025-12-27T14:36:03.420+0000] {dag.py:3954} INFO - Setting next_dagrun for example_sensors to None, run_after=None
[2025-12-27T14:36:03.578+0000] {processor.py:183} INFO - Processing /home/airflow/.local/lib/python3.12/site-packages/airflow/example_dags/example_sensors.py took 0.533 seconds
[2025-12-27T14:36:34.727+0000] {processor.py:161} INFO - Started process (PID=2125) to work on /home/airflow/.local/lib/python3.12/site-packages/airflow/example_dags/example_sensors.py
[2025-12-27T14:36:34.747+0000] {processor.py:830} INFO - Processing file /home/airflow/.local/lib/python3.12/site-packages/airflow/example_dags/example_sensors.py for tasks to queue
[2025-12-27T14:36:34.763+0000] {logging_mixin.py:188} INFO - [2025-12-27T14:36:34.761+0000] {dagbag.py:540} INFO - Filling up the DagBag from /home/airflow/.local/lib/python3.12/site-packages/airflow/example_dags/example_sensors.py
[2025-12-27T14:36:34.866+0000] {processor.py:840} INFO - DAG(s) 'example_sensors' retrieved from /home/airflow/.local/lib/python3.12/site-packages/airflow/example_dags/example_sensors.py
[2025-12-27T14:36:35.028+0000] {logging_mixin.py:188} INFO - [2025-12-27T14:36:35.027+0000] {dag.py:3096} INFO - Sync 1 DAGs
[2025-12-27T14:36:35.081+0000] {logging_mixin.py:188} INFO - [2025-12-27T14:36:35.081+0000] {dag.py:3954} INFO - Setting next_dagrun for example_sensors to None, run_after=None
[2025-12-27T14:36:35.186+0000] {processor.py:183} INFO - Processing /home/airflow/.local/lib/python3.12/site-packages/airflow/example_dags/example_sensors.py took 0.525 seconds
[2025-12-27T14:37:05.649+0000] {processor.py:161} INFO - Started process (PID=2183) to work on /home/airflow/.local/lib/python3.12/site-packages/airflow/example_dags/example_sensors.py
[2025-12-27T14:37:05.663+0000] {processor.py:830} INFO - Processing file /home/airflow/.local/lib/python3.12/site-packages/airflow/example_dags/example_sensors.py for tasks to queue
[2025-12-27T14:37:05.673+0000] {logging_mixin.py:188} INFO - [2025-12-27T14:37:05.671+0000] {dagbag.py:540} INFO - Filling up the DagBag from /home/airflow/.local/lib/python3.12/site-packages/airflow/example_dags/example_sensors.py
[2025-12-27T14:37:05.744+0000] {processor.py:840} INFO - DAG(s) 'example_sensors' retrieved from /home/airflow/.local/lib/python3.12/site-packages/airflow/example_dags/example_sensors.py
[2025-12-27T14:37:05.840+0000] {logging_mixin.py:188} INFO - [2025-12-27T14:37:05.839+0000] {dag.py:3096} INFO - Sync 1 DAGs
[2025-12-27T14:37:05.898+0000] {logging_mixin.py:188} INFO - [2025-12-27T14:37:05.898+0000] {dag.py:3954} INFO - Setting next_dagrun for example_sensors to None, run_after=None
[2025-12-27T14:37:05.966+0000] {processor.py:183} INFO - Processing /home/airflow/.local/lib/python3.12/site-packages/airflow/example_dags/example_sensors.py took 0.380 seconds
[2025-12-27T14:37:37.158+0000] {processor.py:161} INFO - Started process (PID=2242) to work on /home/airflow/.local/lib/python3.12/site-packages/airflow/example_dags/example_sensors.py
[2025-12-27T14:37:37.162+0000] {processor.py:830} INFO - Processing file /home/airflow/.local/lib/python3.12/site-packages/airflow/example_dags/example_sensors.py for tasks to queue
[2025-12-27T14:37:37.165+0000] {logging_mixin.py:188} INFO - [2025-12-27T14:37:37.164+0000] {dagbag.py:540} INFO - Filling up the DagBag from /home/airflow/.local/lib/python3.12/site-packages/airflow/example_dags/example_sensors.py
[2025-12-27T14:37:37.202+0000] {processor.py:840} INFO - DAG(s) 'example_sensors' retrieved from /home/airflow/.local/lib/python3.12/site-packages/airflow/example_dags/example_sensors.py
[2025-12-27T14:37:37.283+0000] {logging_mixin.py:188} INFO - [2025-12-27T14:37:37.282+0000] {dag.py:3096} INFO - Sync 1 DAGs
[2025-12-27T14:37:37.367+0000] {logging_mixin.py:188} INFO - [2025-12-27T14:37:37.366+0000] {dag.py:3954} INFO - Setting next_dagrun for example_sensors to None, run_after=None
[2025-12-27T14:37:37.452+0000] {processor.py:183} INFO - Processing /home/airflow/.local/lib/python3.12/site-packages/airflow/example_dags/example_sensors.py took 0.314 seconds
[2025-12-27T14:38:07.606+0000] {processor.py:161} INFO - Started process (PID=2298) to work on /home/airflow/.local/lib/python3.12/site-packages/airflow/example_dags/example_sensors.py
[2025-12-27T14:38:07.608+0000] {processor.py:830} INFO - Processing file /home/airflow/.local/lib/python3.12/site-packages/airflow/example_dags/example_sensors.py for tasks to queue
[2025-12-27T14:38:07.611+0000] {logging_mixin.py:188} INFO - [2025-12-27T14:38:07.610+0000] {dagbag.py:540} INFO - Filling up the DagBag from /home/airflow/.local/lib/python3.12/site-packages/airflow/example_dags/example_sensors.py
[2025-12-27T14:38:07.650+0000] {processor.py:840} INFO - DAG(s) 'example_sensors' retrieved from /home/airflow/.local/lib/python3.12/site-packages/airflow/example_dags/example_sensors.py
[2025-12-27T14:38:07.740+0000] {logging_mixin.py:188} INFO - [2025-12-27T14:38:07.740+0000] {dag.py:3096} INFO - Sync 1 DAGs
[2025-12-27T14:38:07.777+0000] {logging_mixin.py:188} INFO - [2025-12-27T14:38:07.777+0000] {dag.py:3954} INFO - Setting next_dagrun for example_sensors to None, run_after=None
[2025-12-27T14:38:07.834+0000] {processor.py:183} INFO - Processing /home/airflow/.local/lib/python3.12/site-packages/airflow/example_dags/example_sensors.py took 0.251 seconds
[2025-12-27T14:38:38.106+0000] {processor.py:161} INFO - Started process (PID=2356) to work on /home/airflow/.local/lib/python3.12/site-packages/airflow/example_dags/example_sensors.py
[2025-12-27T14:38:38.111+0000] {processor.py:830} INFO - Processing file /home/airflow/.local/lib/python3.12/site-packages/airflow/example_dags/example_sensors.py for tasks to queue
[2025-12-27T14:38:38.116+0000] {logging_mixin.py:188} INFO - [2025-12-27T14:38:38.114+0000] {dagbag.py:540} INFO - Filling up the DagBag from /home/airflow/.local/lib/python3.12/site-packages/airflow/example_dags/example_sensors.py
[2025-12-27T14:38:38.166+0000] {processor.py:840} INFO - DAG(s) 'example_sensors' retrieved from /home/airflow/.local/lib/python3.12/site-packages/airflow/example_dags/example_sensors.py
[2025-12-27T14:38:38.302+0000] {logging_mixin.py:188} INFO - [2025-12-27T14:38:38.302+0000] {dag.py:3096} INFO - Sync 1 DAGs
[2025-12-27T14:38:38.364+0000] {logging_mixin.py:188} INFO - [2025-12-27T14:38:38.363+0000] {dag.py:3954} INFO - Setting next_dagrun for example_sensors to None, run_after=None
[2025-12-27T14:38:38.450+0000] {processor.py:183} INFO - Processing /home/airflow/.local/lib/python3.12/site-packages/airflow/example_dags/example_sensors.py took 0.379 seconds
[2025-12-27T14:39:08.627+0000] {processor.py:161} INFO - Started process (PID=2414) to work on /home/airflow/.local/lib/python3.12/site-packages/airflow/example_dags/example_sensors.py
[2025-12-27T14:39:08.630+0000] {processor.py:830} INFO - Processing file /home/airflow/.local/lib/python3.12/site-packages/airflow/example_dags/example_sensors.py for tasks to queue
[2025-12-27T14:39:08.633+0000] {logging_mixin.py:188} INFO - [2025-12-27T14:39:08.632+0000] {dagbag.py:540} INFO - Filling up the DagBag from /home/airflow/.local/lib/python3.12/site-packages/airflow/example_dags/example_sensors.py
[2025-12-27T14:39:08.665+0000] {processor.py:840} INFO - DAG(s) 'example_sensors' retrieved from /home/airflow/.local/lib/python3.12/site-packages/airflow/example_dags/example_sensors.py
[2025-12-27T14:39:08.744+0000] {logging_mixin.py:188} INFO - [2025-12-27T14:39:08.743+0000] {dag.py:3096} INFO - Sync 1 DAGs
[2025-12-27T14:39:08.777+0000] {logging_mixin.py:188} INFO - [2025-12-27T14:39:08.777+0000] {dag.py:3954} INFO - Setting next_dagrun for example_sensors to None, run_after=None
[2025-12-27T14:39:08.831+0000] {processor.py:183} INFO - Processing /home/airflow/.local/lib/python3.12/site-packages/airflow/example_dags/example_sensors.py took 0.225 seconds
[2025-12-27T14:39:42.106+0000] {processor.py:161} INFO - Started process (PID=2470) to work on /home/airflow/.local/lib/python3.12/site-packages/airflow/example_dags/example_sensors.py
[2025-12-27T14:39:42.112+0000] {processor.py:830} INFO - Processing file /home/airflow/.local/lib/python3.12/site-packages/airflow/example_dags/example_sensors.py for tasks to queue
[2025-12-27T14:39:42.116+0000] {logging_mixin.py:188} INFO - [2025-12-27T14:39:42.114+0000] {dagbag.py:540} INFO - Filling up the DagBag from /home/airflow/.local/lib/python3.12/site-packages/airflow/example_dags/example_sensors.py
[2025-12-27T14:39:42.186+0000] {processor.py:840} INFO - DAG(s) 'example_sensors' retrieved from /home/airflow/.local/lib/python3.12/site-packages/airflow/example_dags/example_sensors.py
[2025-12-27T14:39:42.308+0000] {logging_mixin.py:188} INFO - [2025-12-27T14:39:42.307+0000] {dag.py:3096} INFO - Sync 1 DAGs
[2025-12-27T14:39:42.364+0000] {logging_mixin.py:188} INFO - [2025-12-27T14:39:42.363+0000] {dag.py:3954} INFO - Setting next_dagrun for example_sensors to None, run_after=None
[2025-12-27T14:39:42.467+0000] {processor.py:183} INFO - Processing /home/airflow/.local/lib/python3.12/site-packages/airflow/example_dags/example_sensors.py took 0.381 seconds
[2025-12-27T14:40:12.725+0000] {processor.py:161} INFO - Started process (PID=2527) to work on /home/airflow/.local/lib/python3.12/site-packages/airflow/example_dags/example_sensors.py
[2025-12-27T14:40:12.728+0000] {processor.py:830} INFO - Processing file /home/airflow/.local/lib/python3.12/site-packages/airflow/example_dags/example_sensors.py for tasks to queue
[2025-12-27T14:40:12.731+0000] {logging_mixin.py:188} INFO - [2025-12-27T14:40:12.730+0000] {dagbag.py:540} INFO - Filling up the DagBag from /home/airflow/.local/lib/python3.12/site-packages/airflow/example_dags/example_sensors.py
[2025-12-27T14:40:12.767+0000] {processor.py:840} INFO - DAG(s) 'example_sensors' retrieved from /home/airflow/.local/lib/python3.12/site-packages/airflow/example_dags/example_sensors.py
[2025-12-27T14:40:12.860+0000] {logging_mixin.py:188} INFO - [2025-12-27T14:40:12.859+0000] {dag.py:3096} INFO - Sync 1 DAGs
[2025-12-27T14:40:12.902+0000] {logging_mixin.py:188} INFO - [2025-12-27T14:40:12.902+0000] {dag.py:3954} INFO - Setting next_dagrun for example_sensors to None, run_after=None
[2025-12-27T14:40:12.967+0000] {processor.py:183} INFO - Processing /home/airflow/.local/lib/python3.12/site-packages/airflow/example_dags/example_sensors.py took 0.263 seconds
[2025-12-27T14:40:43.534+0000] {processor.py:161} INFO - Started process (PID=2585) to work on /home/airflow/.local/lib/python3.12/site-packages/airflow/example_dags/example_sensors.py
[2025-12-27T14:40:43.537+0000] {processor.py:830} INFO - Processing file /home/airflow/.local/lib/python3.12/site-packages/airflow/example_dags/example_sensors.py for tasks to queue
[2025-12-27T14:40:43.540+0000] {logging_mixin.py:188} INFO - [2025-12-27T14:40:43.539+0000] {dagbag.py:540} INFO - Filling up the DagBag from /home/airflow/.local/lib/python3.12/site-packages/airflow/example_dags/example_sensors.py
[2025-12-27T14:40:43.579+0000] {processor.py:840} INFO - DAG(s) 'example_sensors' retrieved from /home/airflow/.local/lib/python3.12/site-packages/airflow/example_dags/example_sensors.py
[2025-12-27T14:40:43.668+0000] {logging_mixin.py:188} INFO - [2025-12-27T14:40:43.668+0000] {dag.py:3096} INFO - Sync 1 DAGs
[2025-12-27T14:40:43.721+0000] {logging_mixin.py:188} INFO - [2025-12-27T14:40:43.720+0000] {dag.py:3954} INFO - Setting next_dagrun for example_sensors to None, run_after=None
[2025-12-27T14:40:43.788+0000] {processor.py:183} INFO - Processing /home/airflow/.local/lib/python3.12/site-packages/airflow/example_dags/example_sensors.py took 0.299 seconds
[2025-12-27T14:41:14.064+0000] {processor.py:161} INFO - Started process (PID=2643) to work on /home/airflow/.local/lib/python3.12/site-packages/airflow/example_dags/example_sensors.py
[2025-12-27T14:41:14.066+0000] {processor.py:830} INFO - Processing file /home/airflow/.local/lib/python3.12/site-packages/airflow/example_dags/example_sensors.py for tasks to queue
[2025-12-27T14:41:14.069+0000] {logging_mixin.py:188} INFO - [2025-12-27T14:41:14.069+0000] {dagbag.py:540} INFO - Filling up the DagBag from /home/airflow/.local/lib/python3.12/site-packages/airflow/example_dags/example_sensors.py
[2025-12-27T14:41:14.107+0000] {processor.py:840} INFO - DAG(s) 'example_sensors' retrieved from /home/airflow/.local/lib/python3.12/site-packages/airflow/example_dags/example_sensors.py
[2025-12-27T14:41:14.192+0000] {logging_mixin.py:188} INFO - [2025-12-27T14:41:14.192+0000] {dag.py:3096} INFO - Sync 1 DAGs
[2025-12-27T14:41:14.240+0000] {logging_mixin.py:188} INFO - [2025-12-27T14:41:14.239+0000] {dag.py:3954} INFO - Setting next_dagrun for example_sensors to None, run_after=None
[2025-12-27T14:41:14.320+0000] {processor.py:183} INFO - Processing /home/airflow/.local/lib/python3.12/site-packages/airflow/example_dags/example_sensors.py took 0.273 seconds
[2025-12-27T14:41:44.714+0000] {processor.py:161} INFO - Started process (PID=2701) to work on /home/airflow/.local/lib/python3.12/site-packages/airflow/example_dags/example_sensors.py
[2025-12-27T14:41:44.717+0000] {processor.py:830} INFO - Processing file /home/airflow/.local/lib/python3.12/site-packages/airflow/example_dags/example_sensors.py for tasks to queue
[2025-12-27T14:41:44.720+0000] {logging_mixin.py:188} INFO - [2025-12-27T14:41:44.719+0000] {dagbag.py:540} INFO - Filling up the DagBag from /home/airflow/.local/lib/python3.12/site-packages/airflow/example_dags/example_sensors.py
[2025-12-27T14:41:44.746+0000] {processor.py:840} INFO - DAG(s) 'example_sensors' retrieved from /home/airflow/.local/lib/python3.12/site-packages/airflow/example_dags/example_sensors.py
[2025-12-27T14:41:44.820+0000] {logging_mixin.py:188} INFO - [2025-12-27T14:41:44.820+0000] {dag.py:3096} INFO - Sync 1 DAGs
[2025-12-27T14:41:44.852+0000] {logging_mixin.py:188} INFO - [2025-12-27T14:41:44.851+0000] {dag.py:3954} INFO - Setting next_dagrun for example_sensors to None, run_after=None
[2025-12-27T14:41:44.902+0000] {processor.py:183} INFO - Processing /home/airflow/.local/lib/python3.12/site-packages/airflow/example_dags/example_sensors.py took 0.207 seconds
[2025-12-27T14:42:15.191+0000] {processor.py:161} INFO - Started process (PID=2759) to work on /home/airflow/.local/lib/python3.12/site-packages/airflow/example_dags/example_sensors.py
[2025-12-27T14:42:15.194+0000] {processor.py:830} INFO - Processing file /home/airflow/.local/lib/python3.12/site-packages/airflow/example_dags/example_sensors.py for tasks to queue
[2025-12-27T14:42:15.197+0000] {logging_mixin.py:188} INFO - [2025-12-27T14:42:15.196+0000] {dagbag.py:540} INFO - Filling up the DagBag from /home/airflow/.local/lib/python3.12/site-packages/airflow/example_dags/example_sensors.py
[2025-12-27T14:42:15.227+0000] {processor.py:840} INFO - DAG(s) 'example_sensors' retrieved from /home/airflow/.local/lib/python3.12/site-packages/airflow/example_dags/example_sensors.py
[2025-12-27T14:42:15.307+0000] {logging_mixin.py:188} INFO - [2025-12-27T14:42:15.306+0000] {dag.py:3096} INFO - Sync 1 DAGs
[2025-12-27T14:42:15.355+0000] {logging_mixin.py:188} INFO - [2025-12-27T14:42:15.354+0000] {dag.py:3954} INFO - Setting next_dagrun for example_sensors to None, run_after=None
[2025-12-27T14:42:15.408+0000] {processor.py:183} INFO - Processing /home/airflow/.local/lib/python3.12/site-packages/airflow/example_dags/example_sensors.py took 0.240 seconds
[2025-12-27T14:42:45.746+0000] {processor.py:161} INFO - Started process (PID=2817) to work on /home/airflow/.local/lib/python3.12/site-packages/airflow/example_dags/example_sensors.py
[2025-12-27T14:42:45.748+0000] {processor.py:830} INFO - Processing file /home/airflow/.local/lib/python3.12/site-packages/airflow/example_dags/example_sensors.py for tasks to queue
[2025-12-27T14:42:45.751+0000] {logging_mixin.py:188} INFO - [2025-12-27T14:42:45.750+0000] {dagbag.py:540} INFO - Filling up the DagBag from /home/airflow/.local/lib/python3.12/site-packages/airflow/example_dags/example_sensors.py
[2025-12-27T14:42:45.778+0000] {processor.py:840} INFO - DAG(s) 'example_sensors' retrieved from /home/airflow/.local/lib/python3.12/site-packages/airflow/example_dags/example_sensors.py
[2025-12-27T14:42:45.846+0000] {logging_mixin.py:188} INFO - [2025-12-27T14:42:45.845+0000] {dag.py:3096} INFO - Sync 1 DAGs
[2025-12-27T14:42:45.879+0000] {logging_mixin.py:188} INFO - [2025-12-27T14:42:45.879+0000] {dag.py:3954} INFO - Setting next_dagrun for example_sensors to None, run_after=None
[2025-12-27T14:42:45.934+0000] {processor.py:183} INFO - Processing /home/airflow/.local/lib/python3.12/site-packages/airflow/example_dags/example_sensors.py took 0.204 seconds
[2025-12-27T14:43:16.684+0000] {processor.py:161} INFO - Started process (PID=2875) to work on /home/airflow/.local/lib/python3.12/site-packages/airflow/example_dags/example_sensors.py
[2025-12-27T14:43:16.687+0000] {processor.py:830} INFO - Processing file /home/airflow/.local/lib/python3.12/site-packages/airflow/example_dags/example_sensors.py for tasks to queue
[2025-12-27T14:43:16.690+0000] {logging_mixin.py:188} INFO - [2025-12-27T14:43:16.689+0000] {dagbag.py:540} INFO - Filling up the DagBag from /home/airflow/.local/lib/python3.12/site-packages/airflow/example_dags/example_sensors.py
[2025-12-27T14:43:16.725+0000] {processor.py:840} INFO - DAG(s) 'example_sensors' retrieved from /home/airflow/.local/lib/python3.12/site-packages/airflow/example_dags/example_sensors.py
[2025-12-27T14:43:16.794+0000] {logging_mixin.py:188} INFO - [2025-12-27T14:43:16.793+0000] {dag.py:3096} INFO - Sync 1 DAGs
[2025-12-27T14:43:16.830+0000] {logging_mixin.py:188} INFO - [2025-12-27T14:43:16.829+0000] {dag.py:3954} INFO - Setting next_dagrun for example_sensors to None, run_after=None
[2025-12-27T14:43:16.883+0000] {processor.py:183} INFO - Processing /home/airflow/.local/lib/python3.12/site-packages/airflow/example_dags/example_sensors.py took 0.216 seconds
[2025-12-27T14:43:47.290+0000] {processor.py:161} INFO - Started process (PID=2933) to work on /home/airflow/.local/lib/python3.12/site-packages/airflow/example_dags/example_sensors.py
[2025-12-27T14:43:47.294+0000] {processor.py:830} INFO - Processing file /home/airflow/.local/lib/python3.12/site-packages/airflow/example_dags/example_sensors.py for tasks to queue
[2025-12-27T14:43:47.298+0000] {logging_mixin.py:188} INFO - [2025-12-27T14:43:47.297+0000] {dagbag.py:540} INFO - Filling up the DagBag from /home/airflow/.local/lib/python3.12/site-packages/airflow/example_dags/example_sensors.py
[2025-12-27T14:43:47.366+0000] {processor.py:840} INFO - DAG(s) 'example_sensors' retrieved from /home/airflow/.local/lib/python3.12/site-packages/airflow/example_dags/example_sensors.py
[2025-12-27T14:43:47.559+0000] {logging_mixin.py:188} INFO - [2025-12-27T14:43:47.559+0000] {dag.py:3096} INFO - Sync 1 DAGs
[2025-12-27T14:43:47.630+0000] {logging_mixin.py:188} INFO - [2025-12-27T14:43:47.629+0000] {dag.py:3954} INFO - Setting next_dagrun for example_sensors to None, run_after=None
[2025-12-27T14:43:47.769+0000] {processor.py:183} INFO - Processing /home/airflow/.local/lib/python3.12/site-packages/airflow/example_dags/example_sensors.py took 0.503 seconds
[2025-12-27T14:44:18.752+0000] {processor.py:161} INFO - Started process (PID=2992) to work on /home/airflow/.local/lib/python3.12/site-packages/airflow/example_dags/example_sensors.py
[2025-12-27T14:44:18.755+0000] {processor.py:830} INFO - Processing file /home/airflow/.local/lib/python3.12/site-packages/airflow/example_dags/example_sensors.py for tasks to queue
[2025-12-27T14:44:18.758+0000] {logging_mixin.py:188} INFO - [2025-12-27T14:44:18.757+0000] {dagbag.py:540} INFO - Filling up the DagBag from /home/airflow/.local/lib/python3.12/site-packages/airflow/example_dags/example_sensors.py
[2025-12-27T14:44:18.786+0000] {processor.py:840} INFO - DAG(s) 'example_sensors' retrieved from /home/airflow/.local/lib/python3.12/site-packages/airflow/example_dags/example_sensors.py
[2025-12-27T14:44:18.860+0000] {logging_mixin.py:188} INFO - [2025-12-27T14:44:18.860+0000] {dag.py:3096} INFO - Sync 1 DAGs
[2025-12-27T14:44:18.894+0000] {logging_mixin.py:188} INFO - [2025-12-27T14:44:18.893+0000] {dag.py:3954} INFO - Setting next_dagrun for example_sensors to None, run_after=None
[2025-12-27T14:44:18.948+0000] {processor.py:183} INFO - Processing /home/airflow/.local/lib/python3.12/site-packages/airflow/example_dags/example_sensors.py took 0.216 seconds
[2025-12-27T14:44:49.719+0000] {processor.py:161} INFO - Started process (PID=3051) to work on /home/airflow/.local/lib/python3.12/site-packages/airflow/example_dags/example_sensors.py
[2025-12-27T14:44:49.723+0000] {processor.py:830} INFO - Processing file /home/airflow/.local/lib/python3.12/site-packages/airflow/example_dags/example_sensors.py for tasks to queue
[2025-12-27T14:44:49.727+0000] {logging_mixin.py:188} INFO - [2025-12-27T14:44:49.725+0000] {dagbag.py:540} INFO - Filling up the DagBag from /home/airflow/.local/lib/python3.12/site-packages/airflow/example_dags/example_sensors.py
[2025-12-27T14:44:49.759+0000] {processor.py:840} INFO - DAG(s) 'example_sensors' retrieved from /home/airflow/.local/lib/python3.12/site-packages/airflow/example_dags/example_sensors.py
[2025-12-27T14:44:49.871+0000] {logging_mixin.py:188} INFO - [2025-12-27T14:44:49.870+0000] {dag.py:3096} INFO - Sync 1 DAGs
[2025-12-27T14:44:49.914+0000] {logging_mixin.py:188} INFO - [2025-12-27T14:44:49.914+0000] {dag.py:3954} INFO - Setting next_dagrun for example_sensors to None, run_after=None
[2025-12-27T14:44:49.980+0000] {processor.py:183} INFO - Processing /home/airflow/.local/lib/python3.12/site-packages/airflow/example_dags/example_sensors.py took 0.284 seconds
[2025-12-27T14:45:20.545+0000] {processor.py:161} INFO - Started process (PID=3110) to work on /home/airflow/.local/lib/python3.12/site-packages/airflow/example_dags/example_sensors.py
[2025-12-27T14:45:20.553+0000] {processor.py:830} INFO - Processing file /home/airflow/.local/lib/python3.12/site-packages/airflow/example_dags/example_sensors.py for tasks to queue
[2025-12-27T14:45:20.557+0000] {logging_mixin.py:188} INFO - [2025-12-27T14:45:20.555+0000] {dagbag.py:540} INFO - Filling up the DagBag from /home/airflow/.local/lib/python3.12/site-packages/airflow/example_dags/example_sensors.py
[2025-12-27T14:45:20.597+0000] {processor.py:840} INFO - DAG(s) 'example_sensors' retrieved from /home/airflow/.local/lib/python3.12/site-packages/airflow/example_dags/example_sensors.py
[2025-12-27T14:45:20.710+0000] {logging_mixin.py:188} INFO - [2025-12-27T14:45:20.709+0000] {dag.py:3096} INFO - Sync 1 DAGs
[2025-12-27T14:45:20.778+0000] {logging_mixin.py:188} INFO - [2025-12-27T14:45:20.777+0000] {dag.py:3954} INFO - Setting next_dagrun for example_sensors to None, run_after=None
[2025-12-27T14:45:20.862+0000] {processor.py:183} INFO - Processing /home/airflow/.local/lib/python3.12/site-packages/airflow/example_dags/example_sensors.py took 0.343 seconds
[2025-12-27T14:45:51.163+0000] {processor.py:161} INFO - Started process (PID=3168) to work on /home/airflow/.local/lib/python3.12/site-packages/airflow/example_dags/example_sensors.py
[2025-12-27T14:45:51.165+0000] {processor.py:830} INFO - Processing file /home/airflow/.local/lib/python3.12/site-packages/airflow/example_dags/example_sensors.py for tasks to queue
[2025-12-27T14:45:51.168+0000] {logging_mixin.py:188} INFO - [2025-12-27T14:45:51.167+0000] {dagbag.py:540} INFO - Filling up the DagBag from /home/airflow/.local/lib/python3.12/site-packages/airflow/example_dags/example_sensors.py
[2025-12-27T14:45:51.199+0000] {processor.py:840} INFO - DAG(s) 'example_sensors' retrieved from /home/airflow/.local/lib/python3.12/site-packages/airflow/example_dags/example_sensors.py
[2025-12-27T14:45:51.271+0000] {logging_mixin.py:188} INFO - [2025-12-27T14:45:51.270+0000] {dag.py:3096} INFO - Sync 1 DAGs
[2025-12-27T14:45:51.312+0000] {logging_mixin.py:188} INFO - [2025-12-27T14:45:51.311+0000] {dag.py:3954} INFO - Setting next_dagrun for example_sensors to None, run_after=None
[2025-12-27T14:45:51.369+0000] {processor.py:183} INFO - Processing /home/airflow/.local/lib/python3.12/site-packages/airflow/example_dags/example_sensors.py took 0.222 seconds
[2025-12-27T14:46:21.718+0000] {processor.py:161} INFO - Started process (PID=3226) to work on /home/airflow/.local/lib/python3.12/site-packages/airflow/example_dags/example_sensors.py
[2025-12-27T14:46:21.721+0000] {processor.py:830} INFO - Processing file /home/airflow/.local/lib/python3.12/site-packages/airflow/example_dags/example_sensors.py for tasks to queue
[2025-12-27T14:46:21.725+0000] {logging_mixin.py:188} INFO - [2025-12-27T14:46:21.723+0000] {dagbag.py:540} INFO - Filling up the DagBag from /home/airflow/.local/lib/python3.12/site-packages/airflow/example_dags/example_sensors.py
[2025-12-27T14:46:21.757+0000] {processor.py:840} INFO - DAG(s) 'example_sensors' retrieved from /home/airflow/.local/lib/python3.12/site-packages/airflow/example_dags/example_sensors.py
[2025-12-27T14:46:21.842+0000] {logging_mixin.py:188} INFO - [2025-12-27T14:46:21.842+0000] {dag.py:3096} INFO - Sync 1 DAGs
[2025-12-27T14:46:21.884+0000] {logging_mixin.py:188} INFO - [2025-12-27T14:46:21.883+0000] {dag.py:3954} INFO - Setting next_dagrun for example_sensors to None, run_after=None
[2025-12-27T14:46:21.944+0000] {processor.py:183} INFO - Processing /home/airflow/.local/lib/python3.12/site-packages/airflow/example_dags/example_sensors.py took 0.243 seconds
[2025-12-27T14:46:52.423+0000] {processor.py:161} INFO - Started process (PID=3285) to work on /home/airflow/.local/lib/python3.12/site-packages/airflow/example_dags/example_sensors.py
[2025-12-27T14:46:52.426+0000] {processor.py:830} INFO - Processing file /home/airflow/.local/lib/python3.12/site-packages/airflow/example_dags/example_sensors.py for tasks to queue
[2025-12-27T14:46:52.430+0000] {logging_mixin.py:188} INFO - [2025-12-27T14:46:52.428+0000] {dagbag.py:540} INFO - Filling up the DagBag from /home/airflow/.local/lib/python3.12/site-packages/airflow/example_dags/example_sensors.py
[2025-12-27T14:46:52.463+0000] {processor.py:840} INFO - DAG(s) 'example_sensors' retrieved from /home/airflow/.local/lib/python3.12/site-packages/airflow/example_dags/example_sensors.py
[2025-12-27T14:46:52.548+0000] {logging_mixin.py:188} INFO - [2025-12-27T14:46:52.548+0000] {dag.py:3096} INFO - Sync 1 DAGs
[2025-12-27T14:46:52.586+0000] {logging_mixin.py:188} INFO - [2025-12-27T14:46:52.586+0000] {dag.py:3954} INFO - Setting next_dagrun for example_sensors to None, run_after=None
[2025-12-27T14:46:52.655+0000] {processor.py:183} INFO - Processing /home/airflow/.local/lib/python3.12/site-packages/airflow/example_dags/example_sensors.py took 0.249 seconds
[2025-12-27T14:47:22.916+0000] {processor.py:161} INFO - Started process (PID=3343) to work on /home/airflow/.local/lib/python3.12/site-packages/airflow/example_dags/example_sensors.py
[2025-12-27T14:47:22.919+0000] {processor.py:830} INFO - Processing file /home/airflow/.local/lib/python3.12/site-packages/airflow/example_dags/example_sensors.py for tasks to queue
[2025-12-27T14:47:22.922+0000] {logging_mixin.py:188} INFO - [2025-12-27T14:47:22.921+0000] {dagbag.py:540} INFO - Filling up the DagBag from /home/airflow/.local/lib/python3.12/site-packages/airflow/example_dags/example_sensors.py
[2025-12-27T14:47:22.949+0000] {processor.py:840} INFO - DAG(s) 'example_sensors' retrieved from /home/airflow/.local/lib/python3.12/site-packages/airflow/example_dags/example_sensors.py
[2025-12-27T14:47:23.022+0000] {logging_mixin.py:188} INFO - [2025-12-27T14:47:23.021+0000] {dag.py:3096} INFO - Sync 1 DAGs
[2025-12-27T14:47:23.054+0000] {logging_mixin.py:188} INFO - [2025-12-27T14:47:23.053+0000] {dag.py:3954} INFO - Setting next_dagrun for example_sensors to None, run_after=None
[2025-12-27T14:47:23.106+0000] {processor.py:183} INFO - Processing /home/airflow/.local/lib/python3.12/site-packages/airflow/example_dags/example_sensors.py took 0.206 seconds
[2025-12-27T14:47:53.338+0000] {processor.py:161} INFO - Started process (PID=3401) to work on /home/airflow/.local/lib/python3.12/site-packages/airflow/example_dags/example_sensors.py
[2025-12-27T14:47:53.340+0000] {processor.py:830} INFO - Processing file /home/airflow/.local/lib/python3.12/site-packages/airflow/example_dags/example_sensors.py for tasks to queue
[2025-12-27T14:47:53.344+0000] {logging_mixin.py:188} INFO - [2025-12-27T14:47:53.343+0000] {dagbag.py:540} INFO - Filling up the DagBag from /home/airflow/.local/lib/python3.12/site-packages/airflow/example_dags/example_sensors.py
[2025-12-27T14:47:53.370+0000] {processor.py:840} INFO - DAG(s) 'example_sensors' retrieved from /home/airflow/.local/lib/python3.12/site-packages/airflow/example_dags/example_sensors.py
[2025-12-27T14:47:53.439+0000] {logging_mixin.py:188} INFO - [2025-12-27T14:47:53.438+0000] {dag.py:3096} INFO - Sync 1 DAGs
[2025-12-27T14:47:53.477+0000] {logging_mixin.py:188} INFO - [2025-12-27T14:47:53.476+0000] {dag.py:3954} INFO - Setting next_dagrun for example_sensors to None, run_after=None
[2025-12-27T14:47:53.537+0000] {processor.py:183} INFO - Processing /home/airflow/.local/lib/python3.12/site-packages/airflow/example_dags/example_sensors.py took 0.217 seconds
[2025-12-27T14:48:23.955+0000] {processor.py:161} INFO - Started process (PID=3460) to work on /home/airflow/.local/lib/python3.12/site-packages/airflow/example_dags/example_sensors.py
[2025-12-27T14:48:23.960+0000] {processor.py:830} INFO - Processing file /home/airflow/.local/lib/python3.12/site-packages/airflow/example_dags/example_sensors.py for tasks to queue
[2025-12-27T14:48:23.964+0000] {logging_mixin.py:188} INFO - [2025-12-27T14:48:23.962+0000] {dagbag.py:540} INFO - Filling up the DagBag from /home/airflow/.local/lib/python3.12/site-packages/airflow/example_dags/example_sensors.py
[2025-12-27T14:48:24.003+0000] {processor.py:840} INFO - DAG(s) 'example_sensors' retrieved from /home/airflow/.local/lib/python3.12/site-packages/airflow/example_dags/example_sensors.py
[2025-12-27T14:48:24.083+0000] {logging_mixin.py:188} INFO - [2025-12-27T14:48:24.083+0000] {dag.py:3096} INFO - Sync 1 DAGs
[2025-12-27T14:48:24.126+0000] {logging_mixin.py:188} INFO - [2025-12-27T14:48:24.126+0000] {dag.py:3954} INFO - Setting next_dagrun for example_sensors to None, run_after=None
[2025-12-27T14:48:24.197+0000] {processor.py:183} INFO - Processing /home/airflow/.local/lib/python3.12/site-packages/airflow/example_dags/example_sensors.py took 0.273 seconds
[2025-12-27T14:48:56.912+0000] {processor.py:161} INFO - Started process (PID=3518) to work on /home/airflow/.local/lib/python3.12/site-packages/airflow/example_dags/example_sensors.py
[2025-12-27T14:48:56.946+0000] {processor.py:830} INFO - Processing file /home/airflow/.local/lib/python3.12/site-packages/airflow/example_dags/example_sensors.py for tasks to queue
[2025-12-27T14:48:56.973+0000] {logging_mixin.py:188} INFO - [2025-12-27T14:48:56.966+0000] {dagbag.py:540} INFO - Filling up the DagBag from /home/airflow/.local/lib/python3.12/site-packages/airflow/example_dags/example_sensors.py
[2025-12-27T14:48:57.196+0000] {processor.py:840} INFO - DAG(s) 'example_sensors' retrieved from /home/airflow/.local/lib/python3.12/site-packages/airflow/example_dags/example_sensors.py
[2025-12-27T14:48:57.836+0000] {logging_mixin.py:188} INFO - [2025-12-27T14:48:57.823+0000] {dag.py:3096} INFO - Sync 1 DAGs
[2025-12-27T14:48:58.060+0000] {logging_mixin.py:188} INFO - [2025-12-27T14:48:58.058+0000] {dag.py:3954} INFO - Setting next_dagrun for example_sensors to None, run_after=None
[2025-12-27T14:48:58.359+0000] {processor.py:183} INFO - Processing /home/airflow/.local/lib/python3.12/site-packages/airflow/example_dags/example_sensors.py took 1.528 seconds
[2025-12-27T14:49:29.084+0000] {processor.py:161} INFO - Started process (PID=3574) to work on /home/airflow/.local/lib/python3.12/site-packages/airflow/example_dags/example_sensors.py
[2025-12-27T14:49:29.087+0000] {processor.py:830} INFO - Processing file /home/airflow/.local/lib/python3.12/site-packages/airflow/example_dags/example_sensors.py for tasks to queue
[2025-12-27T14:49:29.090+0000] {logging_mixin.py:188} INFO - [2025-12-27T14:49:29.089+0000] {dagbag.py:540} INFO - Filling up the DagBag from /home/airflow/.local/lib/python3.12/site-packages/airflow/example_dags/example_sensors.py
[2025-12-27T14:49:29.118+0000] {processor.py:840} INFO - DAG(s) 'example_sensors' retrieved from /home/airflow/.local/lib/python3.12/site-packages/airflow/example_dags/example_sensors.py
[2025-12-27T14:49:29.194+0000] {logging_mixin.py:188} INFO - [2025-12-27T14:49:29.194+0000] {dag.py:3096} INFO - Sync 1 DAGs
[2025-12-27T14:49:29.244+0000] {logging_mixin.py:188} INFO - [2025-12-27T14:49:29.243+0000] {dag.py:3954} INFO - Setting next_dagrun for example_sensors to None, run_after=None
[2025-12-27T14:49:29.308+0000] {processor.py:183} INFO - Processing /home/airflow/.local/lib/python3.12/site-packages/airflow/example_dags/example_sensors.py took 0.242 seconds
[2025-12-27T14:49:59.704+0000] {processor.py:161} INFO - Started process (PID=3631) to work on /home/airflow/.local/lib/python3.12/site-packages/airflow/example_dags/example_sensors.py
[2025-12-27T14:49:59.707+0000] {processor.py:830} INFO - Processing file /home/airflow/.local/lib/python3.12/site-packages/airflow/example_dags/example_sensors.py for tasks to queue
[2025-12-27T14:49:59.711+0000] {logging_mixin.py:188} INFO - [2025-12-27T14:49:59.709+0000] {dagbag.py:540} INFO - Filling up the DagBag from /home/airflow/.local/lib/python3.12/site-packages/airflow/example_dags/example_sensors.py
[2025-12-27T14:49:59.753+0000] {processor.py:840} INFO - DAG(s) 'example_sensors' retrieved from /home/airflow/.local/lib/python3.12/site-packages/airflow/example_dags/example_sensors.py
[2025-12-27T14:49:59.839+0000] {logging_mixin.py:188} INFO - [2025-12-27T14:49:59.838+0000] {dag.py:3096} INFO - Sync 1 DAGs
[2025-12-27T14:49:59.882+0000] {logging_mixin.py:188} INFO - [2025-12-27T14:49:59.881+0000] {dag.py:3954} INFO - Setting next_dagrun for example_sensors to None, run_after=None
[2025-12-27T14:49:59.992+0000] {processor.py:183} INFO - Processing /home/airflow/.local/lib/python3.12/site-packages/airflow/example_dags/example_sensors.py took 0.307 seconds
[2025-12-27T14:50:30.432+0000] {processor.py:161} INFO - Started process (PID=3689) to work on /home/airflow/.local/lib/python3.12/site-packages/airflow/example_dags/example_sensors.py
[2025-12-27T14:50:30.444+0000] {processor.py:830} INFO - Processing file /home/airflow/.local/lib/python3.12/site-packages/airflow/example_dags/example_sensors.py for tasks to queue
[2025-12-27T14:50:30.450+0000] {logging_mixin.py:188} INFO - [2025-12-27T14:50:30.448+0000] {dagbag.py:540} INFO - Filling up the DagBag from /home/airflow/.local/lib/python3.12/site-packages/airflow/example_dags/example_sensors.py
[2025-12-27T14:50:30.521+0000] {processor.py:840} INFO - DAG(s) 'example_sensors' retrieved from /home/airflow/.local/lib/python3.12/site-packages/airflow/example_dags/example_sensors.py
[2025-12-27T14:50:30.728+0000] {logging_mixin.py:188} INFO - [2025-12-27T14:50:30.727+0000] {dag.py:3096} INFO - Sync 1 DAGs
[2025-12-27T14:50:30.820+0000] {logging_mixin.py:188} INFO - [2025-12-27T14:50:30.819+0000] {dag.py:3954} INFO - Setting next_dagrun for example_sensors to None, run_after=None
[2025-12-27T14:50:31.013+0000] {processor.py:183} INFO - Processing /home/airflow/.local/lib/python3.12/site-packages/airflow/example_dags/example_sensors.py took 0.613 seconds
[2025-12-27T14:51:02.098+0000] {processor.py:161} INFO - Started process (PID=3747) to work on /home/airflow/.local/lib/python3.12/site-packages/airflow/example_dags/example_sensors.py
[2025-12-27T14:51:02.101+0000] {processor.py:830} INFO - Processing file /home/airflow/.local/lib/python3.12/site-packages/airflow/example_dags/example_sensors.py for tasks to queue
[2025-12-27T14:51:02.110+0000] {logging_mixin.py:188} INFO - [2025-12-27T14:51:02.107+0000] {dagbag.py:540} INFO - Filling up the DagBag from /home/airflow/.local/lib/python3.12/site-packages/airflow/example_dags/example_sensors.py
[2025-12-27T14:51:02.195+0000] {processor.py:840} INFO - DAG(s) 'example_sensors' retrieved from /home/airflow/.local/lib/python3.12/site-packages/airflow/example_dags/example_sensors.py
[2025-12-27T14:51:02.415+0000] {logging_mixin.py:188} INFO - [2025-12-27T14:51:02.414+0000] {dag.py:3096} INFO - Sync 1 DAGs
[2025-12-27T14:51:02.533+0000] {logging_mixin.py:188} INFO - [2025-12-27T14:51:02.532+0000] {dag.py:3954} INFO - Setting next_dagrun for example_sensors to None, run_after=None
[2025-12-27T14:51:02.673+0000] {processor.py:183} INFO - Processing /home/airflow/.local/lib/python3.12/site-packages/airflow/example_dags/example_sensors.py took 0.613 seconds
[2025-12-27T14:52:23.532+0000] {processor.py:161} INFO - Started process (PID=3805) to work on /home/airflow/.local/lib/python3.12/site-packages/airflow/example_dags/example_sensors.py
[2025-12-27T14:52:23.586+0000] {processor.py:830} INFO - Processing file /home/airflow/.local/lib/python3.12/site-packages/airflow/example_dags/example_sensors.py for tasks to queue
[2025-12-27T14:52:23.677+0000] {logging_mixin.py:188} INFO - [2025-12-27T14:52:23.662+0000] {dagbag.py:540} INFO - Filling up the DagBag from /home/airflow/.local/lib/python3.12/site-packages/airflow/example_dags/example_sensors.py
[2025-12-27T14:52:24.388+0000] {processor.py:840} INFO - DAG(s) 'example_sensors' retrieved from /home/airflow/.local/lib/python3.12/site-packages/airflow/example_dags/example_sensors.py
[2025-12-27T14:52:25.348+0000] {logging_mixin.py:188} INFO - [2025-12-27T14:52:25.347+0000] {dag.py:3096} INFO - Sync 1 DAGs
[2025-12-27T14:52:25.560+0000] {logging_mixin.py:188} INFO - [2025-12-27T14:52:25.559+0000] {dag.py:3954} INFO - Setting next_dagrun for example_sensors to None, run_after=None
[2025-12-27T14:52:25.898+0000] {processor.py:183} INFO - Processing /home/airflow/.local/lib/python3.12/site-packages/airflow/example_dags/example_sensors.py took 2.721 seconds
[2025-12-27T14:54:43.943+0000] {processor.py:161} INFO - Started process (PID=3862) to work on /home/airflow/.local/lib/python3.12/site-packages/airflow/example_dags/example_sensors.py
[2025-12-27T14:54:44.196+0000] {processor.py:830} INFO - Processing file /home/airflow/.local/lib/python3.12/site-packages/airflow/example_dags/example_sensors.py for tasks to queue
[2025-12-27T14:54:44.394+0000] {logging_mixin.py:188} INFO - [2025-12-27T14:54:44.363+0000] {dagbag.py:540} INFO - Filling up the DagBag from /home/airflow/.local/lib/python3.12/site-packages/airflow/example_dags/example_sensors.py
[2025-12-27T14:54:46.617+0000] {processor.py:840} INFO - DAG(s) 'example_sensors' retrieved from /home/airflow/.local/lib/python3.12/site-packages/airflow/example_dags/example_sensors.py
[2025-12-27T14:54:47.826+0000] {logging_mixin.py:188} INFO - [2025-12-27T14:54:47.815+0000] {dag.py:3096} INFO - Sync 1 DAGs
[2025-12-27T14:54:48.081+0000] {logging_mixin.py:188} INFO - [2025-12-27T14:54:48.079+0000] {dag.py:3954} INFO - Setting next_dagrun for example_sensors to None, run_after=None
[2025-12-27T14:54:48.332+0000] {processor.py:183} INFO - Processing /home/airflow/.local/lib/python3.12/site-packages/airflow/example_dags/example_sensors.py took 5.830 seconds
