[2025-12-27T14:14:42.519+0000] {processor.py:161} INFO - Started process (PID=91) to work on /home/airflow/.local/lib/python3.12/site-packages/airflow/example_dags/example_branch_python_dop_operator_3.py
[2025-12-27T14:14:42.534+0000] {processor.py:830} INFO - Processing file /home/airflow/.local/lib/python3.12/site-packages/airflow/example_dags/example_branch_python_dop_operator_3.py for tasks to queue
[2025-12-27T14:14:42.581+0000] {logging_mixin.py:188} INFO - [2025-12-27T14:14:42.546+0000] {dagbag.py:540} INFO - Filling up the DagBag from /home/airflow/.local/lib/python3.12/site-packages/airflow/example_dags/example_branch_python_dop_operator_3.py
[2025-12-27T14:14:42.947+0000] {processor.py:840} INFO - DAG(s) 'example_branch_dop_operator_v3' retrieved from /home/airflow/.local/lib/python3.12/site-packages/airflow/example_dags/example_branch_python_dop_operator_3.py
[2025-12-27T14:14:44.952+0000] {logging_mixin.py:188} INFO - [2025-12-27T14:14:44.951+0000] {dag.py:3096} INFO - Sync 1 DAGs
[2025-12-27T14:14:45.341+0000] {logging_mixin.py:188} INFO - [2025-12-27T14:14:45.340+0000] {dag.py:3954} INFO - Setting next_dagrun for example_branch_dop_operator_v3 to 2025-12-27 14:13:00+00:00, run_after=2025-12-27 14:14:00+00:00
[2025-12-27T14:14:45.549+0000] {processor.py:183} INFO - Processing /home/airflow/.local/lib/python3.12/site-packages/airflow/example_dags/example_branch_python_dop_operator_3.py took 3.328 seconds
[2025-12-27T14:15:24.408+0000] {processor.py:161} INFO - Started process (PID=154) to work on /home/airflow/.local/lib/python3.12/site-packages/airflow/example_dags/example_branch_python_dop_operator_3.py
[2025-12-27T14:15:24.415+0000] {processor.py:830} INFO - Processing file /home/airflow/.local/lib/python3.12/site-packages/airflow/example_dags/example_branch_python_dop_operator_3.py for tasks to queue
[2025-12-27T14:15:24.422+0000] {logging_mixin.py:188} INFO - [2025-12-27T14:15:24.421+0000] {dagbag.py:540} INFO - Filling up the DagBag from /home/airflow/.local/lib/python3.12/site-packages/airflow/example_dags/example_branch_python_dop_operator_3.py
[2025-12-27T14:15:24.472+0000] {processor.py:840} INFO - DAG(s) 'example_branch_dop_operator_v3' retrieved from /home/airflow/.local/lib/python3.12/site-packages/airflow/example_dags/example_branch_python_dop_operator_3.py
[2025-12-27T14:15:24.598+0000] {logging_mixin.py:188} INFO - [2025-12-27T14:15:24.597+0000] {dag.py:3096} INFO - Sync 1 DAGs
[2025-12-27T14:15:24.734+0000] {logging_mixin.py:188} INFO - [2025-12-27T14:15:24.733+0000] {dag.py:3954} INFO - Setting next_dagrun for example_branch_dop_operator_v3 to 2025-12-27 14:14:00+00:00, run_after=2025-12-27 14:15:00+00:00
[2025-12-27T14:15:24.809+0000] {processor.py:183} INFO - Processing /home/airflow/.local/lib/python3.12/site-packages/airflow/example_dags/example_branch_python_dop_operator_3.py took 0.427 seconds
[2025-12-27T14:15:55.084+0000] {processor.py:161} INFO - Started process (PID=211) to work on /home/airflow/.local/lib/python3.12/site-packages/airflow/example_dags/example_branch_python_dop_operator_3.py
[2025-12-27T14:15:55.087+0000] {processor.py:830} INFO - Processing file /home/airflow/.local/lib/python3.12/site-packages/airflow/example_dags/example_branch_python_dop_operator_3.py for tasks to queue
[2025-12-27T14:15:55.095+0000] {logging_mixin.py:188} INFO - [2025-12-27T14:15:55.094+0000] {dagbag.py:540} INFO - Filling up the DagBag from /home/airflow/.local/lib/python3.12/site-packages/airflow/example_dags/example_branch_python_dop_operator_3.py
[2025-12-27T14:15:55.122+0000] {processor.py:840} INFO - DAG(s) 'example_branch_dop_operator_v3' retrieved from /home/airflow/.local/lib/python3.12/site-packages/airflow/example_dags/example_branch_python_dop_operator_3.py
[2025-12-27T14:15:55.189+0000] {logging_mixin.py:188} INFO - [2025-12-27T14:15:55.188+0000] {dag.py:3096} INFO - Sync 1 DAGs
[2025-12-27T14:15:55.259+0000] {logging_mixin.py:188} INFO - [2025-12-27T14:15:55.258+0000] {dag.py:3954} INFO - Setting next_dagrun for example_branch_dop_operator_v3 to 2025-12-27 14:14:00+00:00, run_after=2025-12-27 14:15:00+00:00
[2025-12-27T14:15:55.316+0000] {processor.py:183} INFO - Processing /home/airflow/.local/lib/python3.12/site-packages/airflow/example_dags/example_branch_python_dop_operator_3.py took 0.249 seconds
[2025-12-27T14:16:26.504+0000] {processor.py:161} INFO - Started process (PID=269) to work on /home/airflow/.local/lib/python3.12/site-packages/airflow/example_dags/example_branch_python_dop_operator_3.py
[2025-12-27T14:16:26.517+0000] {processor.py:830} INFO - Processing file /home/airflow/.local/lib/python3.12/site-packages/airflow/example_dags/example_branch_python_dop_operator_3.py for tasks to queue
[2025-12-27T14:16:26.524+0000] {logging_mixin.py:188} INFO - [2025-12-27T14:16:26.523+0000] {dagbag.py:540} INFO - Filling up the DagBag from /home/airflow/.local/lib/python3.12/site-packages/airflow/example_dags/example_branch_python_dop_operator_3.py
[2025-12-27T14:16:26.580+0000] {processor.py:840} INFO - DAG(s) 'example_branch_dop_operator_v3' retrieved from /home/airflow/.local/lib/python3.12/site-packages/airflow/example_dags/example_branch_python_dop_operator_3.py
[2025-12-27T14:16:26.896+0000] {logging_mixin.py:188} INFO - [2025-12-27T14:16:26.895+0000] {dag.py:3096} INFO - Sync 1 DAGs
[2025-12-27T14:16:27.154+0000] {logging_mixin.py:188} INFO - [2025-12-27T14:16:27.154+0000] {dag.py:3954} INFO - Setting next_dagrun for example_branch_dop_operator_v3 to 2025-12-27 14:15:00+00:00, run_after=2025-12-27 14:16:00+00:00
[2025-12-27T14:16:27.232+0000] {processor.py:183} INFO - Processing /home/airflow/.local/lib/python3.12/site-packages/airflow/example_dags/example_branch_python_dop_operator_3.py took 0.767 seconds
[2025-12-27T14:16:58.244+0000] {processor.py:161} INFO - Started process (PID=327) to work on /home/airflow/.local/lib/python3.12/site-packages/airflow/example_dags/example_branch_python_dop_operator_3.py
[2025-12-27T14:16:58.253+0000] {processor.py:830} INFO - Processing file /home/airflow/.local/lib/python3.12/site-packages/airflow/example_dags/example_branch_python_dop_operator_3.py for tasks to queue
[2025-12-27T14:16:58.267+0000] {logging_mixin.py:188} INFO - [2025-12-27T14:16:58.266+0000] {dagbag.py:540} INFO - Filling up the DagBag from /home/airflow/.local/lib/python3.12/site-packages/airflow/example_dags/example_branch_python_dop_operator_3.py
[2025-12-27T14:16:58.349+0000] {processor.py:840} INFO - DAG(s) 'example_branch_dop_operator_v3' retrieved from /home/airflow/.local/lib/python3.12/site-packages/airflow/example_dags/example_branch_python_dop_operator_3.py
[2025-12-27T14:16:58.509+0000] {logging_mixin.py:188} INFO - [2025-12-27T14:16:58.507+0000] {dag.py:3096} INFO - Sync 1 DAGs
[2025-12-27T14:16:58.790+0000] {logging_mixin.py:188} INFO - [2025-12-27T14:16:58.789+0000] {dag.py:3954} INFO - Setting next_dagrun for example_branch_dop_operator_v3 to 2025-12-27 14:15:00+00:00, run_after=2025-12-27 14:16:00+00:00
[2025-12-27T14:16:58.936+0000] {processor.py:183} INFO - Processing /home/airflow/.local/lib/python3.12/site-packages/airflow/example_dags/example_branch_python_dop_operator_3.py took 0.750 seconds
[2025-12-27T14:17:47.116+0000] {processor.py:161} INFO - Started process (PID=375) to work on /home/airflow/.local/lib/python3.12/site-packages/airflow/example_dags/example_branch_python_dop_operator_3.py
[2025-12-27T14:17:47.126+0000] {processor.py:830} INFO - Processing file /home/airflow/.local/lib/python3.12/site-packages/airflow/example_dags/example_branch_python_dop_operator_3.py for tasks to queue
[2025-12-27T14:17:47.143+0000] {logging_mixin.py:188} INFO - [2025-12-27T14:17:47.132+0000] {dagbag.py:540} INFO - Filling up the DagBag from /home/airflow/.local/lib/python3.12/site-packages/airflow/example_dags/example_branch_python_dop_operator_3.py
[2025-12-27T14:17:47.224+0000] {processor.py:840} INFO - DAG(s) 'example_branch_dop_operator_v3' retrieved from /home/airflow/.local/lib/python3.12/site-packages/airflow/example_dags/example_branch_python_dop_operator_3.py
[2025-12-27T14:17:47.345+0000] {logging_mixin.py:188} INFO - [2025-12-27T14:17:47.344+0000] {dag.py:3096} INFO - Sync 1 DAGs
[2025-12-27T14:17:47.530+0000] {logging_mixin.py:188} INFO - [2025-12-27T14:17:47.529+0000] {dag.py:3954} INFO - Setting next_dagrun for example_branch_dop_operator_v3 to 2025-12-27 14:16:00+00:00, run_after=2025-12-27 14:17:00+00:00
[2025-12-27T14:17:47.671+0000] {processor.py:183} INFO - Processing /home/airflow/.local/lib/python3.12/site-packages/airflow/example_dags/example_branch_python_dop_operator_3.py took 0.602 seconds
[2025-12-27T14:18:31.213+0000] {processor.py:161} INFO - Started process (PID=436) to work on /home/airflow/.local/lib/python3.12/site-packages/airflow/example_dags/example_branch_python_dop_operator_3.py
[2025-12-27T14:18:31.223+0000] {processor.py:830} INFO - Processing file /home/airflow/.local/lib/python3.12/site-packages/airflow/example_dags/example_branch_python_dop_operator_3.py for tasks to queue
[2025-12-27T14:18:31.231+0000] {logging_mixin.py:188} INFO - [2025-12-27T14:18:31.229+0000] {dagbag.py:540} INFO - Filling up the DagBag from /home/airflow/.local/lib/python3.12/site-packages/airflow/example_dags/example_branch_python_dop_operator_3.py
[2025-12-27T14:18:31.281+0000] {processor.py:840} INFO - DAG(s) 'example_branch_dop_operator_v3' retrieved from /home/airflow/.local/lib/python3.12/site-packages/airflow/example_dags/example_branch_python_dop_operator_3.py
[2025-12-27T14:18:31.369+0000] {logging_mixin.py:188} INFO - [2025-12-27T14:18:31.368+0000] {dag.py:3096} INFO - Sync 1 DAGs
[2025-12-27T14:18:31.502+0000] {logging_mixin.py:188} INFO - [2025-12-27T14:18:31.501+0000] {dag.py:3954} INFO - Setting next_dagrun for example_branch_dop_operator_v3 to 2025-12-27 14:17:00+00:00, run_after=2025-12-27 14:18:00+00:00
[2025-12-27T14:18:31.626+0000] {processor.py:183} INFO - Processing /home/airflow/.local/lib/python3.12/site-packages/airflow/example_dags/example_branch_python_dop_operator_3.py took 0.444 seconds
[2025-12-27T14:19:02.870+0000] {processor.py:161} INFO - Started process (PID=494) to work on /home/airflow/.local/lib/python3.12/site-packages/airflow/example_dags/example_branch_python_dop_operator_3.py
[2025-12-27T14:19:02.874+0000] {processor.py:830} INFO - Processing file /home/airflow/.local/lib/python3.12/site-packages/airflow/example_dags/example_branch_python_dop_operator_3.py for tasks to queue
[2025-12-27T14:19:02.879+0000] {logging_mixin.py:188} INFO - [2025-12-27T14:19:02.878+0000] {dagbag.py:540} INFO - Filling up the DagBag from /home/airflow/.local/lib/python3.12/site-packages/airflow/example_dags/example_branch_python_dop_operator_3.py
[2025-12-27T14:19:02.911+0000] {processor.py:840} INFO - DAG(s) 'example_branch_dop_operator_v3' retrieved from /home/airflow/.local/lib/python3.12/site-packages/airflow/example_dags/example_branch_python_dop_operator_3.py
[2025-12-27T14:19:02.973+0000] {logging_mixin.py:188} INFO - [2025-12-27T14:19:02.973+0000] {dag.py:3096} INFO - Sync 1 DAGs
[2025-12-27T14:19:03.051+0000] {logging_mixin.py:188} INFO - [2025-12-27T14:19:03.051+0000] {dag.py:3954} INFO - Setting next_dagrun for example_branch_dop_operator_v3 to 2025-12-27 14:18:00+00:00, run_after=2025-12-27 14:19:00+00:00
[2025-12-27T14:19:03.113+0000] {processor.py:183} INFO - Processing /home/airflow/.local/lib/python3.12/site-packages/airflow/example_dags/example_branch_python_dop_operator_3.py took 0.265 seconds
[2025-12-27T14:19:36.018+0000] {processor.py:161} INFO - Started process (PID=552) to work on /home/airflow/.local/lib/python3.12/site-packages/airflow/example_dags/example_branch_python_dop_operator_3.py
[2025-12-27T14:19:36.064+0000] {processor.py:830} INFO - Processing file /home/airflow/.local/lib/python3.12/site-packages/airflow/example_dags/example_branch_python_dop_operator_3.py for tasks to queue
[2025-12-27T14:19:36.069+0000] {logging_mixin.py:188} INFO - [2025-12-27T14:19:36.068+0000] {dagbag.py:540} INFO - Filling up the DagBag from /home/airflow/.local/lib/python3.12/site-packages/airflow/example_dags/example_branch_python_dop_operator_3.py
[2025-12-27T14:19:36.092+0000] {processor.py:840} INFO - DAG(s) 'example_branch_dop_operator_v3' retrieved from /home/airflow/.local/lib/python3.12/site-packages/airflow/example_dags/example_branch_python_dop_operator_3.py
[2025-12-27T14:19:36.144+0000] {logging_mixin.py:188} INFO - [2025-12-27T14:19:36.144+0000] {dag.py:3096} INFO - Sync 1 DAGs
[2025-12-27T14:19:36.223+0000] {logging_mixin.py:188} INFO - [2025-12-27T14:19:36.222+0000] {dag.py:3954} INFO - Setting next_dagrun for example_branch_dop_operator_v3 to 2025-12-27 14:18:00+00:00, run_after=2025-12-27 14:19:00+00:00
[2025-12-27T14:19:36.409+0000] {processor.py:183} INFO - Processing /home/airflow/.local/lib/python3.12/site-packages/airflow/example_dags/example_branch_python_dop_operator_3.py took 0.409 seconds
[2025-12-27T14:20:09.819+0000] {processor.py:161} INFO - Started process (PID=610) to work on /home/airflow/.local/lib/python3.12/site-packages/airflow/example_dags/example_branch_python_dop_operator_3.py
[2025-12-27T14:20:09.864+0000] {processor.py:830} INFO - Processing file /home/airflow/.local/lib/python3.12/site-packages/airflow/example_dags/example_branch_python_dop_operator_3.py for tasks to queue
[2025-12-27T14:20:09.876+0000] {logging_mixin.py:188} INFO - [2025-12-27T14:20:09.875+0000] {dagbag.py:540} INFO - Filling up the DagBag from /home/airflow/.local/lib/python3.12/site-packages/airflow/example_dags/example_branch_python_dop_operator_3.py
[2025-12-27T14:20:10.024+0000] {processor.py:840} INFO - DAG(s) 'example_branch_dop_operator_v3' retrieved from /home/airflow/.local/lib/python3.12/site-packages/airflow/example_dags/example_branch_python_dop_operator_3.py
[2025-12-27T14:20:10.197+0000] {logging_mixin.py:188} INFO - [2025-12-27T14:20:10.197+0000] {dag.py:3096} INFO - Sync 1 DAGs
[2025-12-27T14:20:10.385+0000] {logging_mixin.py:188} INFO - [2025-12-27T14:20:10.385+0000] {dag.py:3954} INFO - Setting next_dagrun for example_branch_dop_operator_v3 to 2025-12-27 14:19:00+00:00, run_after=2025-12-27 14:20:00+00:00
[2025-12-27T14:20:10.731+0000] {processor.py:183} INFO - Processing /home/airflow/.local/lib/python3.12/site-packages/airflow/example_dags/example_branch_python_dop_operator_3.py took 0.974 seconds
[2025-12-27T14:20:40.959+0000] {processor.py:161} INFO - Started process (PID=668) to work on /home/airflow/.local/lib/python3.12/site-packages/airflow/example_dags/example_branch_python_dop_operator_3.py
[2025-12-27T14:20:40.961+0000] {processor.py:830} INFO - Processing file /home/airflow/.local/lib/python3.12/site-packages/airflow/example_dags/example_branch_python_dop_operator_3.py for tasks to queue
[2025-12-27T14:20:40.967+0000] {logging_mixin.py:188} INFO - [2025-12-27T14:20:40.966+0000] {dagbag.py:540} INFO - Filling up the DagBag from /home/airflow/.local/lib/python3.12/site-packages/airflow/example_dags/example_branch_python_dop_operator_3.py
[2025-12-27T14:20:40.992+0000] {processor.py:840} INFO - DAG(s) 'example_branch_dop_operator_v3' retrieved from /home/airflow/.local/lib/python3.12/site-packages/airflow/example_dags/example_branch_python_dop_operator_3.py
[2025-12-27T14:20:41.046+0000] {logging_mixin.py:188} INFO - [2025-12-27T14:20:41.046+0000] {dag.py:3096} INFO - Sync 1 DAGs
[2025-12-27T14:20:41.909+0000] {logging_mixin.py:188} INFO - [2025-12-27T14:20:41.909+0000] {dag.py:3954} INFO - Setting next_dagrun for example_branch_dop_operator_v3 to 2025-12-27 14:19:00+00:00, run_after=2025-12-27 14:20:00+00:00
[2025-12-27T14:20:41.969+0000] {processor.py:183} INFO - Processing /home/airflow/.local/lib/python3.12/site-packages/airflow/example_dags/example_branch_python_dop_operator_3.py took 0.239 seconds
[2025-12-27T14:21:12.600+0000] {processor.py:161} INFO - Started process (PID=725) to work on /home/airflow/.local/lib/python3.12/site-packages/airflow/example_dags/example_branch_python_dop_operator_3.py
[2025-12-27T14:21:12.613+0000] {processor.py:830} INFO - Processing file /home/airflow/.local/lib/python3.12/site-packages/airflow/example_dags/example_branch_python_dop_operator_3.py for tasks to queue
[2025-12-27T14:21:12.622+0000] {logging_mixin.py:188} INFO - [2025-12-27T14:21:12.621+0000] {dagbag.py:540} INFO - Filling up the DagBag from /home/airflow/.local/lib/python3.12/site-packages/airflow/example_dags/example_branch_python_dop_operator_3.py
[2025-12-27T14:21:12.694+0000] {processor.py:840} INFO - DAG(s) 'example_branch_dop_operator_v3' retrieved from /home/airflow/.local/lib/python3.12/site-packages/airflow/example_dags/example_branch_python_dop_operator_3.py
[2025-12-27T14:21:12.859+0000] {logging_mixin.py:188} INFO - [2025-12-27T14:21:12.858+0000] {dag.py:3096} INFO - Sync 1 DAGs
[2025-12-27T14:21:13.013+0000] {logging_mixin.py:188} INFO - [2025-12-27T14:21:13.013+0000] {dag.py:3954} INFO - Setting next_dagrun for example_branch_dop_operator_v3 to 2025-12-27 14:20:00+00:00, run_after=2025-12-27 14:21:00+00:00
[2025-12-27T14:21:13.163+0000] {processor.py:183} INFO - Processing /home/airflow/.local/lib/python3.12/site-packages/airflow/example_dags/example_branch_python_dop_operator_3.py took 0.605 seconds
[2025-12-27T14:21:48.437+0000] {processor.py:161} INFO - Started process (PID=781) to work on /home/airflow/.local/lib/python3.12/site-packages/airflow/example_dags/example_branch_python_dop_operator_3.py
[2025-12-27T14:21:48.455+0000] {processor.py:830} INFO - Processing file /home/airflow/.local/lib/python3.12/site-packages/airflow/example_dags/example_branch_python_dop_operator_3.py for tasks to queue
[2025-12-27T14:21:48.475+0000] {logging_mixin.py:188} INFO - [2025-12-27T14:21:48.472+0000] {dagbag.py:540} INFO - Filling up the DagBag from /home/airflow/.local/lib/python3.12/site-packages/airflow/example_dags/example_branch_python_dop_operator_3.py
[2025-12-27T14:21:48.549+0000] {processor.py:840} INFO - DAG(s) 'example_branch_dop_operator_v3' retrieved from /home/airflow/.local/lib/python3.12/site-packages/airflow/example_dags/example_branch_python_dop_operator_3.py
[2025-12-27T14:21:48.840+0000] {logging_mixin.py:188} INFO - [2025-12-27T14:21:48.840+0000] {dag.py:3096} INFO - Sync 1 DAGs
[2025-12-27T14:21:49.128+0000] {logging_mixin.py:188} INFO - [2025-12-27T14:21:49.125+0000] {dag.py:3954} INFO - Setting next_dagrun for example_branch_dop_operator_v3 to 2025-12-27 14:20:00+00:00, run_after=2025-12-27 14:21:00+00:00
[2025-12-27T14:21:49.361+0000] {processor.py:183} INFO - Processing /home/airflow/.local/lib/python3.12/site-packages/airflow/example_dags/example_branch_python_dop_operator_3.py took 0.978 seconds
[2025-12-27T14:22:50.145+0000] {processor.py:161} INFO - Started process (PID=846) to work on /home/airflow/.local/lib/python3.12/site-packages/airflow/example_dags/example_branch_python_dop_operator_3.py
[2025-12-27T14:22:50.172+0000] {processor.py:830} INFO - Processing file /home/airflow/.local/lib/python3.12/site-packages/airflow/example_dags/example_branch_python_dop_operator_3.py for tasks to queue
[2025-12-27T14:22:50.191+0000] {logging_mixin.py:188} INFO - [2025-12-27T14:22:50.180+0000] {dagbag.py:540} INFO - Filling up the DagBag from /home/airflow/.local/lib/python3.12/site-packages/airflow/example_dags/example_branch_python_dop_operator_3.py
[2025-12-27T14:22:50.319+0000] {processor.py:840} INFO - DAG(s) 'example_branch_dop_operator_v3' retrieved from /home/airflow/.local/lib/python3.12/site-packages/airflow/example_dags/example_branch_python_dop_operator_3.py
[2025-12-27T14:22:50.784+0000] {logging_mixin.py:188} INFO - [2025-12-27T14:22:50.780+0000] {dag.py:3096} INFO - Sync 1 DAGs
[2025-12-27T14:22:51.263+0000] {logging_mixin.py:188} INFO - [2025-12-27T14:22:51.262+0000] {dag.py:3954} INFO - Setting next_dagrun for example_branch_dop_operator_v3 to 2025-12-27 14:21:00+00:00, run_after=2025-12-27 14:22:00+00:00
[2025-12-27T14:22:51.499+0000] {processor.py:183} INFO - Processing /home/airflow/.local/lib/python3.12/site-packages/airflow/example_dags/example_branch_python_dop_operator_3.py took 1.423 seconds
[2025-12-27T14:23:56.135+0000] {processor.py:161} INFO - Started process (PID=882) to work on /home/airflow/.local/lib/python3.12/site-packages/airflow/example_dags/example_branch_python_dop_operator_3.py
[2025-12-27T14:23:56.149+0000] {processor.py:830} INFO - Processing file /home/airflow/.local/lib/python3.12/site-packages/airflow/example_dags/example_branch_python_dop_operator_3.py for tasks to queue
[2025-12-27T14:23:56.167+0000] {logging_mixin.py:188} INFO - [2025-12-27T14:23:56.166+0000] {dagbag.py:540} INFO - Filling up the DagBag from /home/airflow/.local/lib/python3.12/site-packages/airflow/example_dags/example_branch_python_dop_operator_3.py
[2025-12-27T14:23:56.261+0000] {processor.py:840} INFO - DAG(s) 'example_branch_dop_operator_v3' retrieved from /home/airflow/.local/lib/python3.12/site-packages/airflow/example_dags/example_branch_python_dop_operator_3.py
[2025-12-27T14:23:56.444+0000] {logging_mixin.py:188} INFO - [2025-12-27T14:23:56.443+0000] {dag.py:3096} INFO - Sync 1 DAGs
[2025-12-27T14:23:56.683+0000] {logging_mixin.py:188} INFO - [2025-12-27T14:23:56.683+0000] {dag.py:3954} INFO - Setting next_dagrun for example_branch_dop_operator_v3 to 2025-12-27 14:22:00+00:00, run_after=2025-12-27 14:23:00+00:00
[2025-12-27T14:23:56.839+0000] {processor.py:183} INFO - Processing /home/airflow/.local/lib/python3.12/site-packages/airflow/example_dags/example_branch_python_dop_operator_3.py took 0.759 seconds
[2025-12-27T14:24:27.899+0000] {processor.py:161} INFO - Started process (PID=940) to work on /home/airflow/.local/lib/python3.12/site-packages/airflow/example_dags/example_branch_python_dop_operator_3.py
[2025-12-27T14:24:27.903+0000] {processor.py:830} INFO - Processing file /home/airflow/.local/lib/python3.12/site-packages/airflow/example_dags/example_branch_python_dop_operator_3.py for tasks to queue
[2025-12-27T14:24:27.906+0000] {logging_mixin.py:188} INFO - [2025-12-27T14:24:27.905+0000] {dagbag.py:540} INFO - Filling up the DagBag from /home/airflow/.local/lib/python3.12/site-packages/airflow/example_dags/example_branch_python_dop_operator_3.py
[2025-12-27T14:24:27.942+0000] {processor.py:840} INFO - DAG(s) 'example_branch_dop_operator_v3' retrieved from /home/airflow/.local/lib/python3.12/site-packages/airflow/example_dags/example_branch_python_dop_operator_3.py
[2025-12-27T14:24:28.027+0000] {logging_mixin.py:188} INFO - [2025-12-27T14:24:28.026+0000] {dag.py:3096} INFO - Sync 1 DAGs
[2025-12-27T14:24:28.143+0000] {logging_mixin.py:188} INFO - [2025-12-27T14:24:28.142+0000] {dag.py:3954} INFO - Setting next_dagrun for example_branch_dop_operator_v3 to 2025-12-27 14:23:00+00:00, run_after=2025-12-27 14:24:00+00:00
[2025-12-27T14:24:28.269+0000] {processor.py:183} INFO - Processing /home/airflow/.local/lib/python3.12/site-packages/airflow/example_dags/example_branch_python_dop_operator_3.py took 0.388 seconds
[2025-12-27T14:25:07.652+0000] {processor.py:161} INFO - Started process (PID=993) to work on /home/airflow/.local/lib/python3.12/site-packages/airflow/example_dags/example_branch_python_dop_operator_3.py
[2025-12-27T14:25:07.658+0000] {processor.py:830} INFO - Processing file /home/airflow/.local/lib/python3.12/site-packages/airflow/example_dags/example_branch_python_dop_operator_3.py for tasks to queue
[2025-12-27T14:25:07.662+0000] {logging_mixin.py:188} INFO - [2025-12-27T14:25:07.660+0000] {dagbag.py:540} INFO - Filling up the DagBag from /home/airflow/.local/lib/python3.12/site-packages/airflow/example_dags/example_branch_python_dop_operator_3.py
[2025-12-27T14:25:07.704+0000] {processor.py:840} INFO - DAG(s) 'example_branch_dop_operator_v3' retrieved from /home/airflow/.local/lib/python3.12/site-packages/airflow/example_dags/example_branch_python_dop_operator_3.py
[2025-12-27T14:25:07.798+0000] {logging_mixin.py:188} INFO - [2025-12-27T14:25:07.797+0000] {dag.py:3096} INFO - Sync 1 DAGs
[2025-12-27T14:25:07.907+0000] {logging_mixin.py:188} INFO - [2025-12-27T14:25:07.906+0000] {dag.py:3954} INFO - Setting next_dagrun for example_branch_dop_operator_v3 to 2025-12-27 14:24:00+00:00, run_after=2025-12-27 14:25:00+00:00
[2025-12-27T14:25:07.987+0000] {processor.py:183} INFO - Processing /home/airflow/.local/lib/python3.12/site-packages/airflow/example_dags/example_branch_python_dop_operator_3.py took 0.364 seconds
[2025-12-27T14:26:16.825+0000] {processor.py:161} INFO - Started process (PID=1053) to work on /home/airflow/.local/lib/python3.12/site-packages/airflow/example_dags/example_branch_python_dop_operator_3.py
[2025-12-27T14:26:16.830+0000] {processor.py:830} INFO - Processing file /home/airflow/.local/lib/python3.12/site-packages/airflow/example_dags/example_branch_python_dop_operator_3.py for tasks to queue
[2025-12-27T14:26:16.836+0000] {logging_mixin.py:188} INFO - [2025-12-27T14:26:16.834+0000] {dagbag.py:540} INFO - Filling up the DagBag from /home/airflow/.local/lib/python3.12/site-packages/airflow/example_dags/example_branch_python_dop_operator_3.py
[2025-12-27T14:26:16.880+0000] {processor.py:840} INFO - DAG(s) 'example_branch_dop_operator_v3' retrieved from /home/airflow/.local/lib/python3.12/site-packages/airflow/example_dags/example_branch_python_dop_operator_3.py
[2025-12-27T14:26:16.956+0000] {logging_mixin.py:188} INFO - [2025-12-27T14:26:16.955+0000] {dag.py:3096} INFO - Sync 1 DAGs
[2025-12-27T14:26:17.056+0000] {logging_mixin.py:188} INFO - [2025-12-27T14:26:17.055+0000] {dag.py:3954} INFO - Setting next_dagrun for example_branch_dop_operator_v3 to 2025-12-27 14:25:00+00:00, run_after=2025-12-27 14:26:00+00:00
[2025-12-27T14:26:17.145+0000] {processor.py:183} INFO - Processing /home/airflow/.local/lib/python3.12/site-packages/airflow/example_dags/example_branch_python_dop_operator_3.py took 0.341 seconds
[2025-12-27T14:26:53.351+0000] {processor.py:161} INFO - Started process (PID=1112) to work on /home/airflow/.local/lib/python3.12/site-packages/airflow/example_dags/example_branch_python_dop_operator_3.py
[2025-12-27T14:26:53.381+0000] {processor.py:830} INFO - Processing file /home/airflow/.local/lib/python3.12/site-packages/airflow/example_dags/example_branch_python_dop_operator_3.py for tasks to queue
[2025-12-27T14:26:53.389+0000] {logging_mixin.py:188} INFO - [2025-12-27T14:26:53.387+0000] {dagbag.py:540} INFO - Filling up the DagBag from /home/airflow/.local/lib/python3.12/site-packages/airflow/example_dags/example_branch_python_dop_operator_3.py
[2025-12-27T14:26:53.457+0000] {processor.py:840} INFO - DAG(s) 'example_branch_dop_operator_v3' retrieved from /home/airflow/.local/lib/python3.12/site-packages/airflow/example_dags/example_branch_python_dop_operator_3.py
[2025-12-27T14:26:53.595+0000] {logging_mixin.py:188} INFO - [2025-12-27T14:26:53.594+0000] {dag.py:3096} INFO - Sync 1 DAGs
[2025-12-27T14:26:54.474+0000] {logging_mixin.py:188} INFO - [2025-12-27T14:26:54.473+0000] {dag.py:3954} INFO - Setting next_dagrun for example_branch_dop_operator_v3 to 2025-12-27 14:25:00+00:00, run_after=2025-12-27 14:26:00+00:00
[2025-12-27T14:26:54.607+0000] {processor.py:183} INFO - Processing /home/airflow/.local/lib/python3.12/site-packages/airflow/example_dags/example_branch_python_dop_operator_3.py took 1.313 seconds
[2025-12-27T14:27:37.375+0000] {processor.py:161} INFO - Started process (PID=1144) to work on /home/airflow/.local/lib/python3.12/site-packages/airflow/example_dags/example_branch_python_dop_operator_3.py
[2025-12-27T14:27:37.384+0000] {processor.py:830} INFO - Processing file /home/airflow/.local/lib/python3.12/site-packages/airflow/example_dags/example_branch_python_dop_operator_3.py for tasks to queue
[2025-12-27T14:27:37.388+0000] {logging_mixin.py:188} INFO - [2025-12-27T14:27:37.387+0000] {dagbag.py:540} INFO - Filling up the DagBag from /home/airflow/.local/lib/python3.12/site-packages/airflow/example_dags/example_branch_python_dop_operator_3.py
[2025-12-27T14:27:37.746+0000] {processor.py:840} INFO - DAG(s) 'example_branch_dop_operator_v3' retrieved from /home/airflow/.local/lib/python3.12/site-packages/airflow/example_dags/example_branch_python_dop_operator_3.py
[2025-12-27T14:27:37.987+0000] {logging_mixin.py:188} INFO - [2025-12-27T14:27:37.986+0000] {dag.py:3096} INFO - Sync 1 DAGs
[2025-12-27T14:27:38.184+0000] {logging_mixin.py:188} INFO - [2025-12-27T14:27:38.183+0000] {dag.py:3954} INFO - Setting next_dagrun for example_branch_dop_operator_v3 to 2025-12-27 14:26:00+00:00, run_after=2025-12-27 14:27:00+00:00
[2025-12-27T14:27:38.338+0000] {processor.py:183} INFO - Processing /home/airflow/.local/lib/python3.12/site-packages/airflow/example_dags/example_branch_python_dop_operator_3.py took 1.003 seconds
[2025-12-27T14:28:11.198+0000] {processor.py:161} INFO - Started process (PID=1202) to work on /home/airflow/.local/lib/python3.12/site-packages/airflow/example_dags/example_branch_python_dop_operator_3.py
[2025-12-27T14:28:11.202+0000] {processor.py:830} INFO - Processing file /home/airflow/.local/lib/python3.12/site-packages/airflow/example_dags/example_branch_python_dop_operator_3.py for tasks to queue
[2025-12-27T14:28:11.211+0000] {logging_mixin.py:188} INFO - [2025-12-27T14:28:11.209+0000] {dagbag.py:540} INFO - Filling up the DagBag from /home/airflow/.local/lib/python3.12/site-packages/airflow/example_dags/example_branch_python_dop_operator_3.py
[2025-12-27T14:28:11.256+0000] {processor.py:840} INFO - DAG(s) 'example_branch_dop_operator_v3' retrieved from /home/airflow/.local/lib/python3.12/site-packages/airflow/example_dags/example_branch_python_dop_operator_3.py
[2025-12-27T14:28:11.394+0000] {logging_mixin.py:188} INFO - [2025-12-27T14:28:11.393+0000] {dag.py:3096} INFO - Sync 1 DAGs
[2025-12-27T14:28:11.502+0000] {logging_mixin.py:188} INFO - [2025-12-27T14:28:11.502+0000] {dag.py:3954} INFO - Setting next_dagrun for example_branch_dop_operator_v3 to 2025-12-27 14:27:00+00:00, run_after=2025-12-27 14:28:00+00:00
[2025-12-27T14:28:11.583+0000] {processor.py:183} INFO - Processing /home/airflow/.local/lib/python3.12/site-packages/airflow/example_dags/example_branch_python_dop_operator_3.py took 0.417 seconds
[2025-12-27T14:28:42.599+0000] {processor.py:161} INFO - Started process (PID=1260) to work on /home/airflow/.local/lib/python3.12/site-packages/airflow/example_dags/example_branch_python_dop_operator_3.py
[2025-12-27T14:28:42.604+0000] {processor.py:830} INFO - Processing file /home/airflow/.local/lib/python3.12/site-packages/airflow/example_dags/example_branch_python_dop_operator_3.py for tasks to queue
[2025-12-27T14:28:42.611+0000] {logging_mixin.py:188} INFO - [2025-12-27T14:28:42.607+0000] {dagbag.py:540} INFO - Filling up the DagBag from /home/airflow/.local/lib/python3.12/site-packages/airflow/example_dags/example_branch_python_dop_operator_3.py
[2025-12-27T14:28:42.661+0000] {processor.py:840} INFO - DAG(s) 'example_branch_dop_operator_v3' retrieved from /home/airflow/.local/lib/python3.12/site-packages/airflow/example_dags/example_branch_python_dop_operator_3.py
[2025-12-27T14:28:42.789+0000] {logging_mixin.py:188} INFO - [2025-12-27T14:28:42.788+0000] {dag.py:3096} INFO - Sync 1 DAGs
[2025-12-27T14:28:43.007+0000] {logging_mixin.py:188} INFO - [2025-12-27T14:28:43.006+0000] {dag.py:3954} INFO - Setting next_dagrun for example_branch_dop_operator_v3 to 2025-12-27 14:27:00+00:00, run_after=2025-12-27 14:28:00+00:00
[2025-12-27T14:28:43.207+0000] {processor.py:183} INFO - Processing /home/airflow/.local/lib/python3.12/site-packages/airflow/example_dags/example_branch_python_dop_operator_3.py took 0.635 seconds
[2025-12-27T14:29:13.702+0000] {processor.py:161} INFO - Started process (PID=1316) to work on /home/airflow/.local/lib/python3.12/site-packages/airflow/example_dags/example_branch_python_dop_operator_3.py
[2025-12-27T14:29:13.705+0000] {processor.py:830} INFO - Processing file /home/airflow/.local/lib/python3.12/site-packages/airflow/example_dags/example_branch_python_dop_operator_3.py for tasks to queue
[2025-12-27T14:29:13.708+0000] {logging_mixin.py:188} INFO - [2025-12-27T14:29:13.707+0000] {dagbag.py:540} INFO - Filling up the DagBag from /home/airflow/.local/lib/python3.12/site-packages/airflow/example_dags/example_branch_python_dop_operator_3.py
[2025-12-27T14:29:13.731+0000] {processor.py:840} INFO - DAG(s) 'example_branch_dop_operator_v3' retrieved from /home/airflow/.local/lib/python3.12/site-packages/airflow/example_dags/example_branch_python_dop_operator_3.py
[2025-12-27T14:29:13.787+0000] {logging_mixin.py:188} INFO - [2025-12-27T14:29:13.786+0000] {dag.py:3096} INFO - Sync 1 DAGs
[2025-12-27T14:29:13.851+0000] {logging_mixin.py:188} INFO - [2025-12-27T14:29:13.850+0000] {dag.py:3954} INFO - Setting next_dagrun for example_branch_dop_operator_v3 to 2025-12-27 14:28:00+00:00, run_after=2025-12-27 14:29:00+00:00
[2025-12-27T14:29:13.906+0000] {processor.py:183} INFO - Processing /home/airflow/.local/lib/python3.12/site-packages/airflow/example_dags/example_branch_python_dop_operator_3.py took 0.220 seconds
[2025-12-27T14:29:44.676+0000] {processor.py:161} INFO - Started process (PID=1374) to work on /home/airflow/.local/lib/python3.12/site-packages/airflow/example_dags/example_branch_python_dop_operator_3.py
[2025-12-27T14:29:44.682+0000] {processor.py:830} INFO - Processing file /home/airflow/.local/lib/python3.12/site-packages/airflow/example_dags/example_branch_python_dop_operator_3.py for tasks to queue
[2025-12-27T14:29:44.684+0000] {logging_mixin.py:188} INFO - [2025-12-27T14:29:44.683+0000] {dagbag.py:540} INFO - Filling up the DagBag from /home/airflow/.local/lib/python3.12/site-packages/airflow/example_dags/example_branch_python_dop_operator_3.py
[2025-12-27T14:29:44.707+0000] {processor.py:840} INFO - DAG(s) 'example_branch_dop_operator_v3' retrieved from /home/airflow/.local/lib/python3.12/site-packages/airflow/example_dags/example_branch_python_dop_operator_3.py
[2025-12-27T14:29:44.758+0000] {logging_mixin.py:188} INFO - [2025-12-27T14:29:44.758+0000] {dag.py:3096} INFO - Sync 1 DAGs
[2025-12-27T14:29:44.820+0000] {logging_mixin.py:188} INFO - [2025-12-27T14:29:44.819+0000] {dag.py:3954} INFO - Setting next_dagrun for example_branch_dop_operator_v3 to 2025-12-27 14:28:00+00:00, run_after=2025-12-27 14:29:00+00:00
[2025-12-27T14:29:44.869+0000] {processor.py:183} INFO - Processing /home/airflow/.local/lib/python3.12/site-packages/airflow/example_dags/example_branch_python_dop_operator_3.py took 0.208 seconds
[2025-12-27T14:30:15.086+0000] {processor.py:161} INFO - Started process (PID=1433) to work on /home/airflow/.local/lib/python3.12/site-packages/airflow/example_dags/example_branch_python_dop_operator_3.py
[2025-12-27T14:30:15.090+0000] {processor.py:830} INFO - Processing file /home/airflow/.local/lib/python3.12/site-packages/airflow/example_dags/example_branch_python_dop_operator_3.py for tasks to queue
[2025-12-27T14:30:15.094+0000] {logging_mixin.py:188} INFO - [2025-12-27T14:30:15.093+0000] {dagbag.py:540} INFO - Filling up the DagBag from /home/airflow/.local/lib/python3.12/site-packages/airflow/example_dags/example_branch_python_dop_operator_3.py
[2025-12-27T14:30:15.121+0000] {processor.py:840} INFO - DAG(s) 'example_branch_dop_operator_v3' retrieved from /home/airflow/.local/lib/python3.12/site-packages/airflow/example_dags/example_branch_python_dop_operator_3.py
[2025-12-27T14:30:15.201+0000] {logging_mixin.py:188} INFO - [2025-12-27T14:30:15.200+0000] {dag.py:3096} INFO - Sync 1 DAGs
[2025-12-27T14:30:15.281+0000] {logging_mixin.py:188} INFO - [2025-12-27T14:30:15.280+0000] {dag.py:3954} INFO - Setting next_dagrun for example_branch_dop_operator_v3 to 2025-12-27 14:29:00+00:00, run_after=2025-12-27 14:30:00+00:00
[2025-12-27T14:30:15.348+0000] {processor.py:183} INFO - Processing /home/airflow/.local/lib/python3.12/site-packages/airflow/example_dags/example_branch_python_dop_operator_3.py took 0.284 seconds
[2025-12-27T14:30:45.769+0000] {processor.py:161} INFO - Started process (PID=1492) to work on /home/airflow/.local/lib/python3.12/site-packages/airflow/example_dags/example_branch_python_dop_operator_3.py
[2025-12-27T14:30:45.776+0000] {processor.py:830} INFO - Processing file /home/airflow/.local/lib/python3.12/site-packages/airflow/example_dags/example_branch_python_dop_operator_3.py for tasks to queue
[2025-12-27T14:30:45.780+0000] {logging_mixin.py:188} INFO - [2025-12-27T14:30:45.778+0000] {dagbag.py:540} INFO - Filling up the DagBag from /home/airflow/.local/lib/python3.12/site-packages/airflow/example_dags/example_branch_python_dop_operator_3.py
[2025-12-27T14:30:45.812+0000] {processor.py:840} INFO - DAG(s) 'example_branch_dop_operator_v3' retrieved from /home/airflow/.local/lib/python3.12/site-packages/airflow/example_dags/example_branch_python_dop_operator_3.py
[2025-12-27T14:30:45.925+0000] {logging_mixin.py:188} INFO - [2025-12-27T14:30:45.925+0000] {dag.py:3096} INFO - Sync 1 DAGs
[2025-12-27T14:30:46.037+0000] {logging_mixin.py:188} INFO - [2025-12-27T14:30:46.036+0000] {dag.py:3954} INFO - Setting next_dagrun for example_branch_dop_operator_v3 to 2025-12-27 14:29:00+00:00, run_after=2025-12-27 14:30:00+00:00
[2025-12-27T14:30:46.100+0000] {processor.py:183} INFO - Processing /home/airflow/.local/lib/python3.12/site-packages/airflow/example_dags/example_branch_python_dop_operator_3.py took 0.353 seconds
[2025-12-27T14:31:16.280+0000] {processor.py:161} INFO - Started process (PID=1550) to work on /home/airflow/.local/lib/python3.12/site-packages/airflow/example_dags/example_branch_python_dop_operator_3.py
[2025-12-27T14:31:16.283+0000] {processor.py:830} INFO - Processing file /home/airflow/.local/lib/python3.12/site-packages/airflow/example_dags/example_branch_python_dop_operator_3.py for tasks to queue
[2025-12-27T14:31:16.286+0000] {logging_mixin.py:188} INFO - [2025-12-27T14:31:16.285+0000] {dagbag.py:540} INFO - Filling up the DagBag from /home/airflow/.local/lib/python3.12/site-packages/airflow/example_dags/example_branch_python_dop_operator_3.py
[2025-12-27T14:31:16.309+0000] {processor.py:840} INFO - DAG(s) 'example_branch_dop_operator_v3' retrieved from /home/airflow/.local/lib/python3.12/site-packages/airflow/example_dags/example_branch_python_dop_operator_3.py
[2025-12-27T14:31:16.372+0000] {logging_mixin.py:188} INFO - [2025-12-27T14:31:16.372+0000] {dag.py:3096} INFO - Sync 1 DAGs
[2025-12-27T14:31:16.441+0000] {logging_mixin.py:188} INFO - [2025-12-27T14:31:16.440+0000] {dag.py:3954} INFO - Setting next_dagrun for example_branch_dop_operator_v3 to 2025-12-27 14:30:00+00:00, run_after=2025-12-27 14:31:00+00:00
[2025-12-27T14:31:16.530+0000] {processor.py:183} INFO - Processing /home/airflow/.local/lib/python3.12/site-packages/airflow/example_dags/example_branch_python_dop_operator_3.py took 0.266 seconds
[2025-12-27T14:31:46.956+0000] {processor.py:161} INFO - Started process (PID=1608) to work on /home/airflow/.local/lib/python3.12/site-packages/airflow/example_dags/example_branch_python_dop_operator_3.py
[2025-12-27T14:31:46.958+0000] {processor.py:830} INFO - Processing file /home/airflow/.local/lib/python3.12/site-packages/airflow/example_dags/example_branch_python_dop_operator_3.py for tasks to queue
[2025-12-27T14:31:46.961+0000] {logging_mixin.py:188} INFO - [2025-12-27T14:31:46.960+0000] {dagbag.py:540} INFO - Filling up the DagBag from /home/airflow/.local/lib/python3.12/site-packages/airflow/example_dags/example_branch_python_dop_operator_3.py
[2025-12-27T14:31:46.983+0000] {processor.py:840} INFO - DAG(s) 'example_branch_dop_operator_v3' retrieved from /home/airflow/.local/lib/python3.12/site-packages/airflow/example_dags/example_branch_python_dop_operator_3.py
[2025-12-27T14:31:47.056+0000] {logging_mixin.py:188} INFO - [2025-12-27T14:31:47.056+0000] {dag.py:3096} INFO - Sync 1 DAGs
[2025-12-27T14:31:47.132+0000] {logging_mixin.py:188} INFO - [2025-12-27T14:31:47.132+0000] {dag.py:3954} INFO - Setting next_dagrun for example_branch_dop_operator_v3 to 2025-12-27 14:30:00+00:00, run_after=2025-12-27 14:31:00+00:00
[2025-12-27T14:31:47.185+0000] {processor.py:183} INFO - Processing /home/airflow/.local/lib/python3.12/site-packages/airflow/example_dags/example_branch_python_dop_operator_3.py took 0.246 seconds
[2025-12-27T14:32:17.540+0000] {processor.py:161} INFO - Started process (PID=1666) to work on /home/airflow/.local/lib/python3.12/site-packages/airflow/example_dags/example_branch_python_dop_operator_3.py
[2025-12-27T14:32:17.543+0000] {processor.py:830} INFO - Processing file /home/airflow/.local/lib/python3.12/site-packages/airflow/example_dags/example_branch_python_dop_operator_3.py for tasks to queue
[2025-12-27T14:32:17.546+0000] {logging_mixin.py:188} INFO - [2025-12-27T14:32:17.545+0000] {dagbag.py:540} INFO - Filling up the DagBag from /home/airflow/.local/lib/python3.12/site-packages/airflow/example_dags/example_branch_python_dop_operator_3.py
[2025-12-27T14:32:17.573+0000] {processor.py:840} INFO - DAG(s) 'example_branch_dop_operator_v3' retrieved from /home/airflow/.local/lib/python3.12/site-packages/airflow/example_dags/example_branch_python_dop_operator_3.py
[2025-12-27T14:32:17.633+0000] {logging_mixin.py:188} INFO - [2025-12-27T14:32:17.632+0000] {dag.py:3096} INFO - Sync 1 DAGs
[2025-12-27T14:32:17.707+0000] {logging_mixin.py:188} INFO - [2025-12-27T14:32:17.707+0000] {dag.py:3954} INFO - Setting next_dagrun for example_branch_dop_operator_v3 to 2025-12-27 14:31:00+00:00, run_after=2025-12-27 14:32:00+00:00
[2025-12-27T14:32:17.763+0000] {processor.py:183} INFO - Processing /home/airflow/.local/lib/python3.12/site-packages/airflow/example_dags/example_branch_python_dop_operator_3.py took 0.240 seconds
[2025-12-27T14:32:48.616+0000] {processor.py:161} INFO - Started process (PID=1724) to work on /home/airflow/.local/lib/python3.12/site-packages/airflow/example_dags/example_branch_python_dop_operator_3.py
[2025-12-27T14:32:48.619+0000] {processor.py:830} INFO - Processing file /home/airflow/.local/lib/python3.12/site-packages/airflow/example_dags/example_branch_python_dop_operator_3.py for tasks to queue
[2025-12-27T14:32:48.622+0000] {logging_mixin.py:188} INFO - [2025-12-27T14:32:48.621+0000] {dagbag.py:540} INFO - Filling up the DagBag from /home/airflow/.local/lib/python3.12/site-packages/airflow/example_dags/example_branch_python_dop_operator_3.py
[2025-12-27T14:32:48.658+0000] {processor.py:840} INFO - DAG(s) 'example_branch_dop_operator_v3' retrieved from /home/airflow/.local/lib/python3.12/site-packages/airflow/example_dags/example_branch_python_dop_operator_3.py
[2025-12-27T14:32:48.726+0000] {logging_mixin.py:188} INFO - [2025-12-27T14:32:48.725+0000] {dag.py:3096} INFO - Sync 1 DAGs
[2025-12-27T14:32:48.797+0000] {logging_mixin.py:188} INFO - [2025-12-27T14:32:48.797+0000] {dag.py:3954} INFO - Setting next_dagrun for example_branch_dop_operator_v3 to 2025-12-27 14:31:00+00:00, run_after=2025-12-27 14:32:00+00:00
[2025-12-27T14:32:48.858+0000] {processor.py:183} INFO - Processing /home/airflow/.local/lib/python3.12/site-packages/airflow/example_dags/example_branch_python_dop_operator_3.py took 0.267 seconds
[2025-12-27T14:33:21.431+0000] {processor.py:161} INFO - Started process (PID=1789) to work on /home/airflow/.local/lib/python3.12/site-packages/airflow/example_dags/example_branch_python_dop_operator_3.py
[2025-12-27T14:33:21.435+0000] {processor.py:830} INFO - Processing file /home/airflow/.local/lib/python3.12/site-packages/airflow/example_dags/example_branch_python_dop_operator_3.py for tasks to queue
[2025-12-27T14:33:21.438+0000] {logging_mixin.py:188} INFO - [2025-12-27T14:33:21.437+0000] {dagbag.py:540} INFO - Filling up the DagBag from /home/airflow/.local/lib/python3.12/site-packages/airflow/example_dags/example_branch_python_dop_operator_3.py
[2025-12-27T14:33:21.472+0000] {processor.py:840} INFO - DAG(s) 'example_branch_dop_operator_v3' retrieved from /home/airflow/.local/lib/python3.12/site-packages/airflow/example_dags/example_branch_python_dop_operator_3.py
[2025-12-27T14:33:21.537+0000] {logging_mixin.py:188} INFO - [2025-12-27T14:33:21.536+0000] {dag.py:3096} INFO - Sync 1 DAGs
[2025-12-27T14:33:21.628+0000] {logging_mixin.py:188} INFO - [2025-12-27T14:33:21.627+0000] {dag.py:3954} INFO - Setting next_dagrun for example_branch_dop_operator_v3 to 2025-12-27 14:32:00+00:00, run_after=2025-12-27 14:33:00+00:00
[2025-12-27T14:33:21.686+0000] {processor.py:183} INFO - Processing /home/airflow/.local/lib/python3.12/site-packages/airflow/example_dags/example_branch_python_dop_operator_3.py took 0.276 seconds
[2025-12-27T14:33:52.737+0000] {processor.py:161} INFO - Started process (PID=1847) to work on /home/airflow/.local/lib/python3.12/site-packages/airflow/example_dags/example_branch_python_dop_operator_3.py
[2025-12-27T14:33:52.740+0000] {processor.py:830} INFO - Processing file /home/airflow/.local/lib/python3.12/site-packages/airflow/example_dags/example_branch_python_dop_operator_3.py for tasks to queue
[2025-12-27T14:33:52.742+0000] {logging_mixin.py:188} INFO - [2025-12-27T14:33:52.741+0000] {dagbag.py:540} INFO - Filling up the DagBag from /home/airflow/.local/lib/python3.12/site-packages/airflow/example_dags/example_branch_python_dop_operator_3.py
[2025-12-27T14:33:52.766+0000] {processor.py:840} INFO - DAG(s) 'example_branch_dop_operator_v3' retrieved from /home/airflow/.local/lib/python3.12/site-packages/airflow/example_dags/example_branch_python_dop_operator_3.py
[2025-12-27T14:33:52.825+0000] {logging_mixin.py:188} INFO - [2025-12-27T14:33:52.825+0000] {dag.py:3096} INFO - Sync 1 DAGs
[2025-12-27T14:33:52.903+0000] {logging_mixin.py:188} INFO - [2025-12-27T14:33:52.902+0000] {dag.py:3954} INFO - Setting next_dagrun for example_branch_dop_operator_v3 to 2025-12-27 14:32:00+00:00, run_after=2025-12-27 14:33:00+00:00
[2025-12-27T14:33:52.986+0000] {processor.py:183} INFO - Processing /home/airflow/.local/lib/python3.12/site-packages/airflow/example_dags/example_branch_python_dop_operator_3.py took 0.265 seconds
[2025-12-27T14:34:24.331+0000] {processor.py:161} INFO - Started process (PID=1905) to work on /home/airflow/.local/lib/python3.12/site-packages/airflow/example_dags/example_branch_python_dop_operator_3.py
[2025-12-27T14:34:24.334+0000] {processor.py:830} INFO - Processing file /home/airflow/.local/lib/python3.12/site-packages/airflow/example_dags/example_branch_python_dop_operator_3.py for tasks to queue
[2025-12-27T14:34:24.337+0000] {logging_mixin.py:188} INFO - [2025-12-27T14:34:24.336+0000] {dagbag.py:540} INFO - Filling up the DagBag from /home/airflow/.local/lib/python3.12/site-packages/airflow/example_dags/example_branch_python_dop_operator_3.py
[2025-12-27T14:34:24.370+0000] {processor.py:840} INFO - DAG(s) 'example_branch_dop_operator_v3' retrieved from /home/airflow/.local/lib/python3.12/site-packages/airflow/example_dags/example_branch_python_dop_operator_3.py
[2025-12-27T14:34:24.536+0000] {logging_mixin.py:188} INFO - [2025-12-27T14:34:24.535+0000] {dag.py:3096} INFO - Sync 1 DAGs
[2025-12-27T14:34:24.893+0000] {logging_mixin.py:188} INFO - [2025-12-27T14:34:24.886+0000] {dag.py:3954} INFO - Setting next_dagrun for example_branch_dop_operator_v3 to 2025-12-27 14:33:00+00:00, run_after=2025-12-27 14:34:00+00:00
[2025-12-27T14:34:25.190+0000] {processor.py:183} INFO - Processing /home/airflow/.local/lib/python3.12/site-packages/airflow/example_dags/example_branch_python_dop_operator_3.py took 0.941 seconds
[2025-12-27T14:34:55.826+0000] {processor.py:161} INFO - Started process (PID=1964) to work on /home/airflow/.local/lib/python3.12/site-packages/airflow/example_dags/example_branch_python_dop_operator_3.py
[2025-12-27T14:34:55.829+0000] {processor.py:830} INFO - Processing file /home/airflow/.local/lib/python3.12/site-packages/airflow/example_dags/example_branch_python_dop_operator_3.py for tasks to queue
[2025-12-27T14:34:55.833+0000] {logging_mixin.py:188} INFO - [2025-12-27T14:34:55.832+0000] {dagbag.py:540} INFO - Filling up the DagBag from /home/airflow/.local/lib/python3.12/site-packages/airflow/example_dags/example_branch_python_dop_operator_3.py
[2025-12-27T14:34:55.873+0000] {processor.py:840} INFO - DAG(s) 'example_branch_dop_operator_v3' retrieved from /home/airflow/.local/lib/python3.12/site-packages/airflow/example_dags/example_branch_python_dop_operator_3.py
[2025-12-27T14:34:55.983+0000] {logging_mixin.py:188} INFO - [2025-12-27T14:34:55.983+0000] {dag.py:3096} INFO - Sync 1 DAGs
[2025-12-27T14:34:56.083+0000] {logging_mixin.py:188} INFO - [2025-12-27T14:34:56.082+0000] {dag.py:3954} INFO - Setting next_dagrun for example_branch_dop_operator_v3 to 2025-12-27 14:33:00+00:00, run_after=2025-12-27 14:34:00+00:00
[2025-12-27T14:34:56.158+0000] {processor.py:183} INFO - Processing /home/airflow/.local/lib/python3.12/site-packages/airflow/example_dags/example_branch_python_dop_operator_3.py took 0.354 seconds
[2025-12-27T14:35:26.695+0000] {processor.py:161} INFO - Started process (PID=2020) to work on /home/airflow/.local/lib/python3.12/site-packages/airflow/example_dags/example_branch_python_dop_operator_3.py
[2025-12-27T14:35:26.700+0000] {processor.py:830} INFO - Processing file /home/airflow/.local/lib/python3.12/site-packages/airflow/example_dags/example_branch_python_dop_operator_3.py for tasks to queue
[2025-12-27T14:35:26.704+0000] {logging_mixin.py:188} INFO - [2025-12-27T14:35:26.702+0000] {dagbag.py:540} INFO - Filling up the DagBag from /home/airflow/.local/lib/python3.12/site-packages/airflow/example_dags/example_branch_python_dop_operator_3.py
[2025-12-27T14:35:26.762+0000] {processor.py:840} INFO - DAG(s) 'example_branch_dop_operator_v3' retrieved from /home/airflow/.local/lib/python3.12/site-packages/airflow/example_dags/example_branch_python_dop_operator_3.py
[2025-12-27T14:35:26.891+0000] {logging_mixin.py:188} INFO - [2025-12-27T14:35:26.890+0000] {dag.py:3096} INFO - Sync 1 DAGs
[2025-12-27T14:35:27.024+0000] {logging_mixin.py:188} INFO - [2025-12-27T14:35:27.024+0000] {dag.py:3954} INFO - Setting next_dagrun for example_branch_dop_operator_v3 to 2025-12-27 14:34:00+00:00, run_after=2025-12-27 14:35:00+00:00
[2025-12-27T14:35:27.114+0000] {processor.py:183} INFO - Processing /home/airflow/.local/lib/python3.12/site-packages/airflow/example_dags/example_branch_python_dop_operator_3.py took 0.452 seconds
[2025-12-27T14:35:58.545+0000] {processor.py:161} INFO - Started process (PID=2078) to work on /home/airflow/.local/lib/python3.12/site-packages/airflow/example_dags/example_branch_python_dop_operator_3.py
[2025-12-27T14:35:58.549+0000] {processor.py:830} INFO - Processing file /home/airflow/.local/lib/python3.12/site-packages/airflow/example_dags/example_branch_python_dop_operator_3.py for tasks to queue
[2025-12-27T14:35:58.554+0000] {logging_mixin.py:188} INFO - [2025-12-27T14:35:58.553+0000] {dagbag.py:540} INFO - Filling up the DagBag from /home/airflow/.local/lib/python3.12/site-packages/airflow/example_dags/example_branch_python_dop_operator_3.py
[2025-12-27T14:35:58.629+0000] {processor.py:840} INFO - DAG(s) 'example_branch_dop_operator_v3' retrieved from /home/airflow/.local/lib/python3.12/site-packages/airflow/example_dags/example_branch_python_dop_operator_3.py
[2025-12-27T14:35:58.811+0000] {logging_mixin.py:188} INFO - [2025-12-27T14:35:58.810+0000] {dag.py:3096} INFO - Sync 1 DAGs
[2025-12-27T14:35:59.015+0000] {logging_mixin.py:188} INFO - [2025-12-27T14:35:59.014+0000] {dag.py:3954} INFO - Setting next_dagrun for example_branch_dop_operator_v3 to 2025-12-27 14:34:00+00:00, run_after=2025-12-27 14:35:00+00:00
[2025-12-27T14:35:59.165+0000] {processor.py:183} INFO - Processing /home/airflow/.local/lib/python3.12/site-packages/airflow/example_dags/example_branch_python_dop_operator_3.py took 0.666 seconds
[2025-12-27T14:36:36.779+0000] {processor.py:161} INFO - Started process (PID=2132) to work on /home/airflow/.local/lib/python3.12/site-packages/airflow/example_dags/example_branch_python_dop_operator_3.py
[2025-12-27T14:36:36.783+0000] {processor.py:830} INFO - Processing file /home/airflow/.local/lib/python3.12/site-packages/airflow/example_dags/example_branch_python_dop_operator_3.py for tasks to queue
[2025-12-27T14:36:36.788+0000] {logging_mixin.py:188} INFO - [2025-12-27T14:36:36.787+0000] {dagbag.py:540} INFO - Filling up the DagBag from /home/airflow/.local/lib/python3.12/site-packages/airflow/example_dags/example_branch_python_dop_operator_3.py
[2025-12-27T14:36:36.826+0000] {processor.py:840} INFO - DAG(s) 'example_branch_dop_operator_v3' retrieved from /home/airflow/.local/lib/python3.12/site-packages/airflow/example_dags/example_branch_python_dop_operator_3.py
[2025-12-27T14:36:36.927+0000] {logging_mixin.py:188} INFO - [2025-12-27T14:36:36.926+0000] {dag.py:3096} INFO - Sync 1 DAGs
[2025-12-27T14:36:37.033+0000] {logging_mixin.py:188} INFO - [2025-12-27T14:36:37.032+0000] {dag.py:3954} INFO - Setting next_dagrun for example_branch_dop_operator_v3 to 2025-12-27 14:35:00+00:00, run_after=2025-12-27 14:36:00+00:00
[2025-12-27T14:36:37.103+0000] {processor.py:183} INFO - Processing /home/airflow/.local/lib/python3.12/site-packages/airflow/example_dags/example_branch_python_dop_operator_3.py took 0.348 seconds
[2025-12-27T14:37:07.308+0000] {processor.py:161} INFO - Started process (PID=2191) to work on /home/airflow/.local/lib/python3.12/site-packages/airflow/example_dags/example_branch_python_dop_operator_3.py
[2025-12-27T14:37:07.312+0000] {processor.py:830} INFO - Processing file /home/airflow/.local/lib/python3.12/site-packages/airflow/example_dags/example_branch_python_dop_operator_3.py for tasks to queue
[2025-12-27T14:37:07.314+0000] {logging_mixin.py:188} INFO - [2025-12-27T14:37:07.313+0000] {dagbag.py:540} INFO - Filling up the DagBag from /home/airflow/.local/lib/python3.12/site-packages/airflow/example_dags/example_branch_python_dop_operator_3.py
[2025-12-27T14:37:07.347+0000] {processor.py:840} INFO - DAG(s) 'example_branch_dop_operator_v3' retrieved from /home/airflow/.local/lib/python3.12/site-packages/airflow/example_dags/example_branch_python_dop_operator_3.py
[2025-12-27T14:37:07.410+0000] {logging_mixin.py:188} INFO - [2025-12-27T14:37:07.409+0000] {dag.py:3096} INFO - Sync 1 DAGs
[2025-12-27T14:37:07.496+0000] {logging_mixin.py:188} INFO - [2025-12-27T14:37:07.496+0000] {dag.py:3954} INFO - Setting next_dagrun for example_branch_dop_operator_v3 to 2025-12-27 14:36:00+00:00, run_after=2025-12-27 14:37:00+00:00
[2025-12-27T14:37:07.564+0000] {processor.py:183} INFO - Processing /home/airflow/.local/lib/python3.12/site-packages/airflow/example_dags/example_branch_python_dop_operator_3.py took 0.278 seconds
[2025-12-27T14:37:39.401+0000] {processor.py:161} INFO - Started process (PID=2250) to work on /home/airflow/.local/lib/python3.12/site-packages/airflow/example_dags/example_branch_python_dop_operator_3.py
[2025-12-27T14:37:39.408+0000] {processor.py:830} INFO - Processing file /home/airflow/.local/lib/python3.12/site-packages/airflow/example_dags/example_branch_python_dop_operator_3.py for tasks to queue
[2025-12-27T14:37:39.411+0000] {logging_mixin.py:188} INFO - [2025-12-27T14:37:39.409+0000] {dagbag.py:540} INFO - Filling up the DagBag from /home/airflow/.local/lib/python3.12/site-packages/airflow/example_dags/example_branch_python_dop_operator_3.py
[2025-12-27T14:37:39.447+0000] {processor.py:840} INFO - DAG(s) 'example_branch_dop_operator_v3' retrieved from /home/airflow/.local/lib/python3.12/site-packages/airflow/example_dags/example_branch_python_dop_operator_3.py
[2025-12-27T14:37:39.519+0000] {logging_mixin.py:188} INFO - [2025-12-27T14:37:39.518+0000] {dag.py:3096} INFO - Sync 1 DAGs
[2025-12-27T14:37:39.598+0000] {logging_mixin.py:188} INFO - [2025-12-27T14:37:39.597+0000] {dag.py:3954} INFO - Setting next_dagrun for example_branch_dop_operator_v3 to 2025-12-27 14:36:00+00:00, run_after=2025-12-27 14:37:00+00:00
[2025-12-27T14:37:39.656+0000] {processor.py:183} INFO - Processing /home/airflow/.local/lib/python3.12/site-packages/airflow/example_dags/example_branch_python_dop_operator_3.py took 0.275 seconds
[2025-12-27T14:38:11.113+0000] {processor.py:161} INFO - Started process (PID=2308) to work on /home/airflow/.local/lib/python3.12/site-packages/airflow/example_dags/example_branch_python_dop_operator_3.py
[2025-12-27T14:38:11.117+0000] {processor.py:830} INFO - Processing file /home/airflow/.local/lib/python3.12/site-packages/airflow/example_dags/example_branch_python_dop_operator_3.py for tasks to queue
[2025-12-27T14:38:11.123+0000] {logging_mixin.py:188} INFO - [2025-12-27T14:38:11.120+0000] {dagbag.py:540} INFO - Filling up the DagBag from /home/airflow/.local/lib/python3.12/site-packages/airflow/example_dags/example_branch_python_dop_operator_3.py
[2025-12-27T14:38:11.168+0000] {processor.py:840} INFO - DAG(s) 'example_branch_dop_operator_v3' retrieved from /home/airflow/.local/lib/python3.12/site-packages/airflow/example_dags/example_branch_python_dop_operator_3.py
[2025-12-27T14:38:11.266+0000] {logging_mixin.py:188} INFO - [2025-12-27T14:38:11.265+0000] {dag.py:3096} INFO - Sync 1 DAGs
[2025-12-27T14:38:11.369+0000] {logging_mixin.py:188} INFO - [2025-12-27T14:38:11.369+0000] {dag.py:3954} INFO - Setting next_dagrun for example_branch_dop_operator_v3 to 2025-12-27 14:37:00+00:00, run_after=2025-12-27 14:38:00+00:00
[2025-12-27T14:38:11.466+0000] {processor.py:183} INFO - Processing /home/airflow/.local/lib/python3.12/site-packages/airflow/example_dags/example_branch_python_dop_operator_3.py took 0.381 seconds
[2025-12-27T14:38:43.186+0000] {processor.py:161} INFO - Started process (PID=2366) to work on /home/airflow/.local/lib/python3.12/site-packages/airflow/example_dags/example_branch_python_dop_operator_3.py
[2025-12-27T14:38:43.190+0000] {processor.py:830} INFO - Processing file /home/airflow/.local/lib/python3.12/site-packages/airflow/example_dags/example_branch_python_dop_operator_3.py for tasks to queue
[2025-12-27T14:38:43.201+0000] {logging_mixin.py:188} INFO - [2025-12-27T14:38:43.200+0000] {dagbag.py:540} INFO - Filling up the DagBag from /home/airflow/.local/lib/python3.12/site-packages/airflow/example_dags/example_branch_python_dop_operator_3.py
[2025-12-27T14:38:43.249+0000] {processor.py:840} INFO - DAG(s) 'example_branch_dop_operator_v3' retrieved from /home/airflow/.local/lib/python3.12/site-packages/airflow/example_dags/example_branch_python_dop_operator_3.py
[2025-12-27T14:38:43.404+0000] {logging_mixin.py:188} INFO - [2025-12-27T14:38:43.403+0000] {dag.py:3096} INFO - Sync 1 DAGs
[2025-12-27T14:38:43.588+0000] {logging_mixin.py:188} INFO - [2025-12-27T14:38:43.577+0000] {dag.py:3954} INFO - Setting next_dagrun for example_branch_dop_operator_v3 to 2025-12-27 14:37:00+00:00, run_after=2025-12-27 14:38:00+00:00
[2025-12-27T14:38:43.787+0000] {processor.py:183} INFO - Processing /home/airflow/.local/lib/python3.12/site-packages/airflow/example_dags/example_branch_python_dop_operator_3.py took 0.633 seconds
[2025-12-27T14:39:14.551+0000] {processor.py:161} INFO - Started process (PID=2424) to work on /home/airflow/.local/lib/python3.12/site-packages/airflow/example_dags/example_branch_python_dop_operator_3.py
[2025-12-27T14:39:14.554+0000] {processor.py:830} INFO - Processing file /home/airflow/.local/lib/python3.12/site-packages/airflow/example_dags/example_branch_python_dop_operator_3.py for tasks to queue
[2025-12-27T14:39:14.559+0000] {logging_mixin.py:188} INFO - [2025-12-27T14:39:14.557+0000] {dagbag.py:540} INFO - Filling up the DagBag from /home/airflow/.local/lib/python3.12/site-packages/airflow/example_dags/example_branch_python_dop_operator_3.py
[2025-12-27T14:39:14.621+0000] {processor.py:840} INFO - DAG(s) 'example_branch_dop_operator_v3' retrieved from /home/airflow/.local/lib/python3.12/site-packages/airflow/example_dags/example_branch_python_dop_operator_3.py
[2025-12-27T14:39:14.729+0000] {logging_mixin.py:188} INFO - [2025-12-27T14:39:14.729+0000] {dag.py:3096} INFO - Sync 1 DAGs
[2025-12-27T14:39:14.869+0000] {logging_mixin.py:188} INFO - [2025-12-27T14:39:14.868+0000] {dag.py:3954} INFO - Setting next_dagrun for example_branch_dop_operator_v3 to 2025-12-27 14:38:00+00:00, run_after=2025-12-27 14:39:00+00:00
[2025-12-27T14:39:14.960+0000] {processor.py:183} INFO - Processing /home/airflow/.local/lib/python3.12/site-packages/airflow/example_dags/example_branch_python_dop_operator_3.py took 0.436 seconds
[2025-12-27T14:39:45.238+0000] {processor.py:161} INFO - Started process (PID=2481) to work on /home/airflow/.local/lib/python3.12/site-packages/airflow/example_dags/example_branch_python_dop_operator_3.py
[2025-12-27T14:39:45.241+0000] {processor.py:830} INFO - Processing file /home/airflow/.local/lib/python3.12/site-packages/airflow/example_dags/example_branch_python_dop_operator_3.py for tasks to queue
[2025-12-27T14:39:45.245+0000] {logging_mixin.py:188} INFO - [2025-12-27T14:39:45.243+0000] {dagbag.py:540} INFO - Filling up the DagBag from /home/airflow/.local/lib/python3.12/site-packages/airflow/example_dags/example_branch_python_dop_operator_3.py
[2025-12-27T14:39:45.269+0000] {processor.py:840} INFO - DAG(s) 'example_branch_dop_operator_v3' retrieved from /home/airflow/.local/lib/python3.12/site-packages/airflow/example_dags/example_branch_python_dop_operator_3.py
[2025-12-27T14:39:45.329+0000] {logging_mixin.py:188} INFO - [2025-12-27T14:39:45.329+0000] {dag.py:3096} INFO - Sync 1 DAGs
[2025-12-27T14:39:45.396+0000] {logging_mixin.py:188} INFO - [2025-12-27T14:39:45.396+0000] {dag.py:3954} INFO - Setting next_dagrun for example_branch_dop_operator_v3 to 2025-12-27 14:38:00+00:00, run_after=2025-12-27 14:39:00+00:00
[2025-12-27T14:39:45.440+0000] {processor.py:183} INFO - Processing /home/airflow/.local/lib/python3.12/site-packages/airflow/example_dags/example_branch_python_dop_operator_3.py took 0.235 seconds
[2025-12-27T14:40:15.732+0000] {processor.py:161} INFO - Started process (PID=2538) to work on /home/airflow/.local/lib/python3.12/site-packages/airflow/example_dags/example_branch_python_dop_operator_3.py
[2025-12-27T14:40:15.734+0000] {processor.py:830} INFO - Processing file /home/airflow/.local/lib/python3.12/site-packages/airflow/example_dags/example_branch_python_dop_operator_3.py for tasks to queue
[2025-12-27T14:40:15.738+0000] {logging_mixin.py:188} INFO - [2025-12-27T14:40:15.737+0000] {dagbag.py:540} INFO - Filling up the DagBag from /home/airflow/.local/lib/python3.12/site-packages/airflow/example_dags/example_branch_python_dop_operator_3.py
[2025-12-27T14:40:15.763+0000] {processor.py:840} INFO - DAG(s) 'example_branch_dop_operator_v3' retrieved from /home/airflow/.local/lib/python3.12/site-packages/airflow/example_dags/example_branch_python_dop_operator_3.py
[2025-12-27T14:40:15.819+0000] {logging_mixin.py:188} INFO - [2025-12-27T14:40:15.818+0000] {dag.py:3096} INFO - Sync 1 DAGs
[2025-12-27T14:40:15.887+0000] {logging_mixin.py:188} INFO - [2025-12-27T14:40:15.886+0000] {dag.py:3954} INFO - Setting next_dagrun for example_branch_dop_operator_v3 to 2025-12-27 14:39:00+00:00, run_after=2025-12-27 14:40:00+00:00
[2025-12-27T14:40:15.942+0000] {processor.py:183} INFO - Processing /home/airflow/.local/lib/python3.12/site-packages/airflow/example_dags/example_branch_python_dop_operator_3.py took 0.228 seconds
[2025-12-27T14:40:46.831+0000] {processor.py:161} INFO - Started process (PID=2596) to work on /home/airflow/.local/lib/python3.12/site-packages/airflow/example_dags/example_branch_python_dop_operator_3.py
[2025-12-27T14:40:46.833+0000] {processor.py:830} INFO - Processing file /home/airflow/.local/lib/python3.12/site-packages/airflow/example_dags/example_branch_python_dop_operator_3.py for tasks to queue
[2025-12-27T14:40:46.836+0000] {logging_mixin.py:188} INFO - [2025-12-27T14:40:46.835+0000] {dagbag.py:540} INFO - Filling up the DagBag from /home/airflow/.local/lib/python3.12/site-packages/airflow/example_dags/example_branch_python_dop_operator_3.py
[2025-12-27T14:40:46.860+0000] {processor.py:840} INFO - DAG(s) 'example_branch_dop_operator_v3' retrieved from /home/airflow/.local/lib/python3.12/site-packages/airflow/example_dags/example_branch_python_dop_operator_3.py
[2025-12-27T14:40:46.962+0000] {logging_mixin.py:188} INFO - [2025-12-27T14:40:46.961+0000] {dag.py:3096} INFO - Sync 1 DAGs
[2025-12-27T14:40:47.043+0000] {logging_mixin.py:188} INFO - [2025-12-27T14:40:47.042+0000] {dag.py:3954} INFO - Setting next_dagrun for example_branch_dop_operator_v3 to 2025-12-27 14:39:00+00:00, run_after=2025-12-27 14:40:00+00:00
[2025-12-27T14:40:47.114+0000] {processor.py:183} INFO - Processing /home/airflow/.local/lib/python3.12/site-packages/airflow/example_dags/example_branch_python_dop_operator_3.py took 0.299 seconds
[2025-12-27T14:41:17.930+0000] {processor.py:161} INFO - Started process (PID=2654) to work on /home/airflow/.local/lib/python3.12/site-packages/airflow/example_dags/example_branch_python_dop_operator_3.py
[2025-12-27T14:41:17.932+0000] {processor.py:830} INFO - Processing file /home/airflow/.local/lib/python3.12/site-packages/airflow/example_dags/example_branch_python_dop_operator_3.py for tasks to queue
[2025-12-27T14:41:17.935+0000] {logging_mixin.py:188} INFO - [2025-12-27T14:41:17.934+0000] {dagbag.py:540} INFO - Filling up the DagBag from /home/airflow/.local/lib/python3.12/site-packages/airflow/example_dags/example_branch_python_dop_operator_3.py
[2025-12-27T14:41:17.961+0000] {processor.py:840} INFO - DAG(s) 'example_branch_dop_operator_v3' retrieved from /home/airflow/.local/lib/python3.12/site-packages/airflow/example_dags/example_branch_python_dop_operator_3.py
[2025-12-27T14:41:18.017+0000] {logging_mixin.py:188} INFO - [2025-12-27T14:41:18.017+0000] {dag.py:3096} INFO - Sync 1 DAGs
[2025-12-27T14:41:18.084+0000] {logging_mixin.py:188} INFO - [2025-12-27T14:41:18.083+0000] {dag.py:3954} INFO - Setting next_dagrun for example_branch_dop_operator_v3 to 2025-12-27 14:40:00+00:00, run_after=2025-12-27 14:41:00+00:00
[2025-12-27T14:41:18.136+0000] {processor.py:183} INFO - Processing /home/airflow/.local/lib/python3.12/site-packages/airflow/example_dags/example_branch_python_dop_operator_3.py took 0.223 seconds
[2025-12-27T14:41:48.487+0000] {processor.py:161} INFO - Started process (PID=2711) to work on /home/airflow/.local/lib/python3.12/site-packages/airflow/example_dags/example_branch_python_dop_operator_3.py
[2025-12-27T14:41:48.490+0000] {processor.py:830} INFO - Processing file /home/airflow/.local/lib/python3.12/site-packages/airflow/example_dags/example_branch_python_dop_operator_3.py for tasks to queue
[2025-12-27T14:41:48.493+0000] {logging_mixin.py:188} INFO - [2025-12-27T14:41:48.492+0000] {dagbag.py:540} INFO - Filling up the DagBag from /home/airflow/.local/lib/python3.12/site-packages/airflow/example_dags/example_branch_python_dop_operator_3.py
[2025-12-27T14:41:48.523+0000] {processor.py:840} INFO - DAG(s) 'example_branch_dop_operator_v3' retrieved from /home/airflow/.local/lib/python3.12/site-packages/airflow/example_dags/example_branch_python_dop_operator_3.py
[2025-12-27T14:41:48.589+0000] {logging_mixin.py:188} INFO - [2025-12-27T14:41:48.588+0000] {dag.py:3096} INFO - Sync 1 DAGs
[2025-12-27T14:41:48.663+0000] {logging_mixin.py:188} INFO - [2025-12-27T14:41:48.663+0000] {dag.py:3954} INFO - Setting next_dagrun for example_branch_dop_operator_v3 to 2025-12-27 14:40:00+00:00, run_after=2025-12-27 14:41:00+00:00
[2025-12-27T14:41:48.719+0000] {processor.py:183} INFO - Processing /home/airflow/.local/lib/python3.12/site-packages/airflow/example_dags/example_branch_python_dop_operator_3.py took 0.252 seconds
[2025-12-27T14:42:19.276+0000] {processor.py:161} INFO - Started process (PID=2769) to work on /home/airflow/.local/lib/python3.12/site-packages/airflow/example_dags/example_branch_python_dop_operator_3.py
[2025-12-27T14:42:19.280+0000] {processor.py:830} INFO - Processing file /home/airflow/.local/lib/python3.12/site-packages/airflow/example_dags/example_branch_python_dop_operator_3.py for tasks to queue
[2025-12-27T14:42:19.283+0000] {logging_mixin.py:188} INFO - [2025-12-27T14:42:19.282+0000] {dagbag.py:540} INFO - Filling up the DagBag from /home/airflow/.local/lib/python3.12/site-packages/airflow/example_dags/example_branch_python_dop_operator_3.py
[2025-12-27T14:42:19.319+0000] {processor.py:840} INFO - DAG(s) 'example_branch_dop_operator_v3' retrieved from /home/airflow/.local/lib/python3.12/site-packages/airflow/example_dags/example_branch_python_dop_operator_3.py
[2025-12-27T14:42:19.385+0000] {logging_mixin.py:188} INFO - [2025-12-27T14:42:19.384+0000] {dag.py:3096} INFO - Sync 1 DAGs
[2025-12-27T14:42:19.451+0000] {logging_mixin.py:188} INFO - [2025-12-27T14:42:19.451+0000] {dag.py:3954} INFO - Setting next_dagrun for example_branch_dop_operator_v3 to 2025-12-27 14:41:00+00:00, run_after=2025-12-27 14:42:00+00:00
[2025-12-27T14:42:19.504+0000] {processor.py:183} INFO - Processing /home/airflow/.local/lib/python3.12/site-packages/airflow/example_dags/example_branch_python_dop_operator_3.py took 0.250 seconds
[2025-12-27T14:42:49.828+0000] {processor.py:161} INFO - Started process (PID=2827) to work on /home/airflow/.local/lib/python3.12/site-packages/airflow/example_dags/example_branch_python_dop_operator_3.py
[2025-12-27T14:42:49.831+0000] {processor.py:830} INFO - Processing file /home/airflow/.local/lib/python3.12/site-packages/airflow/example_dags/example_branch_python_dop_operator_3.py for tasks to queue
[2025-12-27T14:42:49.833+0000] {logging_mixin.py:188} INFO - [2025-12-27T14:42:49.832+0000] {dagbag.py:540} INFO - Filling up the DagBag from /home/airflow/.local/lib/python3.12/site-packages/airflow/example_dags/example_branch_python_dop_operator_3.py
[2025-12-27T14:42:49.856+0000] {processor.py:840} INFO - DAG(s) 'example_branch_dop_operator_v3' retrieved from /home/airflow/.local/lib/python3.12/site-packages/airflow/example_dags/example_branch_python_dop_operator_3.py
[2025-12-27T14:42:49.936+0000] {logging_mixin.py:188} INFO - [2025-12-27T14:42:49.935+0000] {dag.py:3096} INFO - Sync 1 DAGs
[2025-12-27T14:42:50.022+0000] {logging_mixin.py:188} INFO - [2025-12-27T14:42:50.021+0000] {dag.py:3954} INFO - Setting next_dagrun for example_branch_dop_operator_v3 to 2025-12-27 14:41:00+00:00, run_after=2025-12-27 14:42:00+00:00
[2025-12-27T14:42:50.080+0000] {processor.py:183} INFO - Processing /home/airflow/.local/lib/python3.12/site-packages/airflow/example_dags/example_branch_python_dop_operator_3.py took 0.268 seconds
[2025-12-27T14:43:20.519+0000] {processor.py:161} INFO - Started process (PID=2885) to work on /home/airflow/.local/lib/python3.12/site-packages/airflow/example_dags/example_branch_python_dop_operator_3.py
[2025-12-27T14:43:20.526+0000] {processor.py:830} INFO - Processing file /home/airflow/.local/lib/python3.12/site-packages/airflow/example_dags/example_branch_python_dop_operator_3.py for tasks to queue
[2025-12-27T14:43:20.530+0000] {logging_mixin.py:188} INFO - [2025-12-27T14:43:20.529+0000] {dagbag.py:540} INFO - Filling up the DagBag from /home/airflow/.local/lib/python3.12/site-packages/airflow/example_dags/example_branch_python_dop_operator_3.py
[2025-12-27T14:43:20.563+0000] {processor.py:840} INFO - DAG(s) 'example_branch_dop_operator_v3' retrieved from /home/airflow/.local/lib/python3.12/site-packages/airflow/example_dags/example_branch_python_dop_operator_3.py
[2025-12-27T14:43:20.640+0000] {logging_mixin.py:188} INFO - [2025-12-27T14:43:20.639+0000] {dag.py:3096} INFO - Sync 1 DAGs
[2025-12-27T14:43:20.805+0000] {logging_mixin.py:188} INFO - [2025-12-27T14:43:20.804+0000] {dag.py:3954} INFO - Setting next_dagrun for example_branch_dop_operator_v3 to 2025-12-27 14:42:00+00:00, run_after=2025-12-27 14:43:00+00:00
[2025-12-27T14:43:20.923+0000] {processor.py:183} INFO - Processing /home/airflow/.local/lib/python3.12/site-packages/airflow/example_dags/example_branch_python_dop_operator_3.py took 0.433 seconds
[2025-12-27T14:43:51.892+0000] {processor.py:161} INFO - Started process (PID=2943) to work on /home/airflow/.local/lib/python3.12/site-packages/airflow/example_dags/example_branch_python_dop_operator_3.py
[2025-12-27T14:43:51.895+0000] {processor.py:830} INFO - Processing file /home/airflow/.local/lib/python3.12/site-packages/airflow/example_dags/example_branch_python_dop_operator_3.py for tasks to queue
[2025-12-27T14:43:51.900+0000] {logging_mixin.py:188} INFO - [2025-12-27T14:43:51.898+0000] {dagbag.py:540} INFO - Filling up the DagBag from /home/airflow/.local/lib/python3.12/site-packages/airflow/example_dags/example_branch_python_dop_operator_3.py
[2025-12-27T14:43:51.938+0000] {processor.py:840} INFO - DAG(s) 'example_branch_dop_operator_v3' retrieved from /home/airflow/.local/lib/python3.12/site-packages/airflow/example_dags/example_branch_python_dop_operator_3.py
[2025-12-27T14:43:52.026+0000] {logging_mixin.py:188} INFO - [2025-12-27T14:43:52.026+0000] {dag.py:3096} INFO - Sync 1 DAGs
[2025-12-27T14:43:52.139+0000] {logging_mixin.py:188} INFO - [2025-12-27T14:43:52.138+0000] {dag.py:3954} INFO - Setting next_dagrun for example_branch_dop_operator_v3 to 2025-12-27 14:42:00+00:00, run_after=2025-12-27 14:43:00+00:00
[2025-12-27T14:43:52.211+0000] {processor.py:183} INFO - Processing /home/airflow/.local/lib/python3.12/site-packages/airflow/example_dags/example_branch_python_dop_operator_3.py took 0.347 seconds
[2025-12-27T14:44:22.416+0000] {processor.py:161} INFO - Started process (PID=3002) to work on /home/airflow/.local/lib/python3.12/site-packages/airflow/example_dags/example_branch_python_dop_operator_3.py
[2025-12-27T14:44:22.418+0000] {processor.py:830} INFO - Processing file /home/airflow/.local/lib/python3.12/site-packages/airflow/example_dags/example_branch_python_dop_operator_3.py for tasks to queue
[2025-12-27T14:44:22.421+0000] {logging_mixin.py:188} INFO - [2025-12-27T14:44:22.420+0000] {dagbag.py:540} INFO - Filling up the DagBag from /home/airflow/.local/lib/python3.12/site-packages/airflow/example_dags/example_branch_python_dop_operator_3.py
[2025-12-27T14:44:22.444+0000] {processor.py:840} INFO - DAG(s) 'example_branch_dop_operator_v3' retrieved from /home/airflow/.local/lib/python3.12/site-packages/airflow/example_dags/example_branch_python_dop_operator_3.py
[2025-12-27T14:44:22.509+0000] {logging_mixin.py:188} INFO - [2025-12-27T14:44:22.508+0000] {dag.py:3096} INFO - Sync 1 DAGs
[2025-12-27T14:44:22.592+0000] {logging_mixin.py:188} INFO - [2025-12-27T14:44:22.592+0000] {dag.py:3954} INFO - Setting next_dagrun for example_branch_dop_operator_v3 to 2025-12-27 14:43:00+00:00, run_after=2025-12-27 14:44:00+00:00
[2025-12-27T14:44:22.694+0000] {processor.py:183} INFO - Processing /home/airflow/.local/lib/python3.12/site-packages/airflow/example_dags/example_branch_python_dop_operator_3.py took 0.301 seconds
[2025-12-27T14:44:53.496+0000] {processor.py:161} INFO - Started process (PID=3060) to work on /home/airflow/.local/lib/python3.12/site-packages/airflow/example_dags/example_branch_python_dop_operator_3.py
[2025-12-27T14:44:53.505+0000] {processor.py:830} INFO - Processing file /home/airflow/.local/lib/python3.12/site-packages/airflow/example_dags/example_branch_python_dop_operator_3.py for tasks to queue
[2025-12-27T14:44:53.510+0000] {logging_mixin.py:188} INFO - [2025-12-27T14:44:53.508+0000] {dagbag.py:540} INFO - Filling up the DagBag from /home/airflow/.local/lib/python3.12/site-packages/airflow/example_dags/example_branch_python_dop_operator_3.py
[2025-12-27T14:44:53.570+0000] {processor.py:840} INFO - DAG(s) 'example_branch_dop_operator_v3' retrieved from /home/airflow/.local/lib/python3.12/site-packages/airflow/example_dags/example_branch_python_dop_operator_3.py
[2025-12-27T14:44:53.742+0000] {logging_mixin.py:188} INFO - [2025-12-27T14:44:53.740+0000] {dag.py:3096} INFO - Sync 1 DAGs
[2025-12-27T14:44:53.894+0000] {logging_mixin.py:188} INFO - [2025-12-27T14:44:53.893+0000] {dag.py:3954} INFO - Setting next_dagrun for example_branch_dop_operator_v3 to 2025-12-27 14:43:00+00:00, run_after=2025-12-27 14:44:00+00:00
[2025-12-27T14:44:53.969+0000] {processor.py:183} INFO - Processing /home/airflow/.local/lib/python3.12/site-packages/airflow/example_dags/example_branch_python_dop_operator_3.py took 0.517 seconds
[2025-12-27T14:45:24.739+0000] {processor.py:161} INFO - Started process (PID=3120) to work on /home/airflow/.local/lib/python3.12/site-packages/airflow/example_dags/example_branch_python_dop_operator_3.py
[2025-12-27T14:45:24.742+0000] {processor.py:830} INFO - Processing file /home/airflow/.local/lib/python3.12/site-packages/airflow/example_dags/example_branch_python_dop_operator_3.py for tasks to queue
[2025-12-27T14:45:24.744+0000] {logging_mixin.py:188} INFO - [2025-12-27T14:45:24.743+0000] {dagbag.py:540} INFO - Filling up the DagBag from /home/airflow/.local/lib/python3.12/site-packages/airflow/example_dags/example_branch_python_dop_operator_3.py
[2025-12-27T14:45:24.767+0000] {processor.py:840} INFO - DAG(s) 'example_branch_dop_operator_v3' retrieved from /home/airflow/.local/lib/python3.12/site-packages/airflow/example_dags/example_branch_python_dop_operator_3.py
[2025-12-27T14:45:24.828+0000] {logging_mixin.py:188} INFO - [2025-12-27T14:45:24.827+0000] {dag.py:3096} INFO - Sync 1 DAGs
[2025-12-27T14:45:24.910+0000] {logging_mixin.py:188} INFO - [2025-12-27T14:45:24.909+0000] {dag.py:3954} INFO - Setting next_dagrun for example_branch_dop_operator_v3 to 2025-12-27 14:44:00+00:00, run_after=2025-12-27 14:45:00+00:00
[2025-12-27T14:45:24.969+0000] {processor.py:183} INFO - Processing /home/airflow/.local/lib/python3.12/site-packages/airflow/example_dags/example_branch_python_dop_operator_3.py took 0.246 seconds
[2025-12-27T14:45:55.937+0000] {processor.py:161} INFO - Started process (PID=3178) to work on /home/airflow/.local/lib/python3.12/site-packages/airflow/example_dags/example_branch_python_dop_operator_3.py
[2025-12-27T14:45:55.940+0000] {processor.py:830} INFO - Processing file /home/airflow/.local/lib/python3.12/site-packages/airflow/example_dags/example_branch_python_dop_operator_3.py for tasks to queue
[2025-12-27T14:45:55.943+0000] {logging_mixin.py:188} INFO - [2025-12-27T14:45:55.942+0000] {dagbag.py:540} INFO - Filling up the DagBag from /home/airflow/.local/lib/python3.12/site-packages/airflow/example_dags/example_branch_python_dop_operator_3.py
[2025-12-27T14:45:55.966+0000] {processor.py:840} INFO - DAG(s) 'example_branch_dop_operator_v3' retrieved from /home/airflow/.local/lib/python3.12/site-packages/airflow/example_dags/example_branch_python_dop_operator_3.py
[2025-12-27T14:45:56.019+0000] {logging_mixin.py:188} INFO - [2025-12-27T14:45:56.018+0000] {dag.py:3096} INFO - Sync 1 DAGs
[2025-12-27T14:45:56.087+0000] {logging_mixin.py:188} INFO - [2025-12-27T14:45:56.086+0000] {dag.py:3954} INFO - Setting next_dagrun for example_branch_dop_operator_v3 to 2025-12-27 14:44:00+00:00, run_after=2025-12-27 14:45:00+00:00
[2025-12-27T14:45:56.137+0000] {processor.py:183} INFO - Processing /home/airflow/.local/lib/python3.12/site-packages/airflow/example_dags/example_branch_python_dop_operator_3.py took 0.219 seconds
[2025-12-27T14:46:26.380+0000] {processor.py:161} INFO - Started process (PID=3236) to work on /home/airflow/.local/lib/python3.12/site-packages/airflow/example_dags/example_branch_python_dop_operator_3.py
[2025-12-27T14:46:26.384+0000] {processor.py:830} INFO - Processing file /home/airflow/.local/lib/python3.12/site-packages/airflow/example_dags/example_branch_python_dop_operator_3.py for tasks to queue
[2025-12-27T14:46:26.387+0000] {logging_mixin.py:188} INFO - [2025-12-27T14:46:26.386+0000] {dagbag.py:540} INFO - Filling up the DagBag from /home/airflow/.local/lib/python3.12/site-packages/airflow/example_dags/example_branch_python_dop_operator_3.py
[2025-12-27T14:46:26.417+0000] {processor.py:840} INFO - DAG(s) 'example_branch_dop_operator_v3' retrieved from /home/airflow/.local/lib/python3.12/site-packages/airflow/example_dags/example_branch_python_dop_operator_3.py
[2025-12-27T14:46:26.503+0000] {logging_mixin.py:188} INFO - [2025-12-27T14:46:26.501+0000] {dag.py:3096} INFO - Sync 1 DAGs
[2025-12-27T14:46:26.668+0000] {logging_mixin.py:188} INFO - [2025-12-27T14:46:26.667+0000] {dag.py:3954} INFO - Setting next_dagrun for example_branch_dop_operator_v3 to 2025-12-27 14:45:00+00:00, run_after=2025-12-27 14:46:00+00:00
[2025-12-27T14:46:26.809+0000] {processor.py:183} INFO - Processing /home/airflow/.local/lib/python3.12/site-packages/airflow/example_dags/example_branch_python_dop_operator_3.py took 0.448 seconds
[2025-12-27T14:46:57.073+0000] {processor.py:161} INFO - Started process (PID=3295) to work on /home/airflow/.local/lib/python3.12/site-packages/airflow/example_dags/example_branch_python_dop_operator_3.py
[2025-12-27T14:46:57.076+0000] {processor.py:830} INFO - Processing file /home/airflow/.local/lib/python3.12/site-packages/airflow/example_dags/example_branch_python_dop_operator_3.py for tasks to queue
[2025-12-27T14:46:57.079+0000] {logging_mixin.py:188} INFO - [2025-12-27T14:46:57.078+0000] {dagbag.py:540} INFO - Filling up the DagBag from /home/airflow/.local/lib/python3.12/site-packages/airflow/example_dags/example_branch_python_dop_operator_3.py
[2025-12-27T14:46:57.104+0000] {processor.py:840} INFO - DAG(s) 'example_branch_dop_operator_v3' retrieved from /home/airflow/.local/lib/python3.12/site-packages/airflow/example_dags/example_branch_python_dop_operator_3.py
[2025-12-27T14:46:57.158+0000] {logging_mixin.py:188} INFO - [2025-12-27T14:46:57.158+0000] {dag.py:3096} INFO - Sync 1 DAGs
[2025-12-27T14:46:57.221+0000] {logging_mixin.py:188} INFO - [2025-12-27T14:46:57.221+0000] {dag.py:3954} INFO - Setting next_dagrun for example_branch_dop_operator_v3 to 2025-12-27 14:45:00+00:00, run_after=2025-12-27 14:46:00+00:00
[2025-12-27T14:46:57.276+0000] {processor.py:183} INFO - Processing /home/airflow/.local/lib/python3.12/site-packages/airflow/example_dags/example_branch_python_dop_operator_3.py took 0.222 seconds
[2025-12-27T14:47:27.447+0000] {processor.py:161} INFO - Started process (PID=3353) to work on /home/airflow/.local/lib/python3.12/site-packages/airflow/example_dags/example_branch_python_dop_operator_3.py
[2025-12-27T14:47:27.450+0000] {processor.py:830} INFO - Processing file /home/airflow/.local/lib/python3.12/site-packages/airflow/example_dags/example_branch_python_dop_operator_3.py for tasks to queue
[2025-12-27T14:47:27.453+0000] {logging_mixin.py:188} INFO - [2025-12-27T14:47:27.452+0000] {dagbag.py:540} INFO - Filling up the DagBag from /home/airflow/.local/lib/python3.12/site-packages/airflow/example_dags/example_branch_python_dop_operator_3.py
[2025-12-27T14:47:27.484+0000] {processor.py:840} INFO - DAG(s) 'example_branch_dop_operator_v3' retrieved from /home/airflow/.local/lib/python3.12/site-packages/airflow/example_dags/example_branch_python_dop_operator_3.py
[2025-12-27T14:47:27.543+0000] {logging_mixin.py:188} INFO - [2025-12-27T14:47:27.543+0000] {dag.py:3096} INFO - Sync 1 DAGs
[2025-12-27T14:47:27.614+0000] {logging_mixin.py:188} INFO - [2025-12-27T14:47:27.613+0000] {dag.py:3954} INFO - Setting next_dagrun for example_branch_dop_operator_v3 to 2025-12-27 14:46:00+00:00, run_after=2025-12-27 14:47:00+00:00
[2025-12-27T14:47:27.674+0000] {processor.py:183} INFO - Processing /home/airflow/.local/lib/python3.12/site-packages/airflow/example_dags/example_branch_python_dop_operator_3.py took 0.243 seconds
[2025-12-27T14:47:58.217+0000] {processor.py:161} INFO - Started process (PID=3411) to work on /home/airflow/.local/lib/python3.12/site-packages/airflow/example_dags/example_branch_python_dop_operator_3.py
[2025-12-27T14:47:58.220+0000] {processor.py:830} INFO - Processing file /home/airflow/.local/lib/python3.12/site-packages/airflow/example_dags/example_branch_python_dop_operator_3.py for tasks to queue
[2025-12-27T14:47:58.222+0000] {logging_mixin.py:188} INFO - [2025-12-27T14:47:58.221+0000] {dagbag.py:540} INFO - Filling up the DagBag from /home/airflow/.local/lib/python3.12/site-packages/airflow/example_dags/example_branch_python_dop_operator_3.py
[2025-12-27T14:47:58.246+0000] {processor.py:840} INFO - DAG(s) 'example_branch_dop_operator_v3' retrieved from /home/airflow/.local/lib/python3.12/site-packages/airflow/example_dags/example_branch_python_dop_operator_3.py
[2025-12-27T14:47:58.303+0000] {logging_mixin.py:188} INFO - [2025-12-27T14:47:58.303+0000] {dag.py:3096} INFO - Sync 1 DAGs
[2025-12-27T14:47:58.378+0000] {logging_mixin.py:188} INFO - [2025-12-27T14:47:58.378+0000] {dag.py:3954} INFO - Setting next_dagrun for example_branch_dop_operator_v3 to 2025-12-27 14:46:00+00:00, run_after=2025-12-27 14:47:00+00:00
[2025-12-27T14:47:58.431+0000] {processor.py:183} INFO - Processing /home/airflow/.local/lib/python3.12/site-packages/airflow/example_dags/example_branch_python_dop_operator_3.py took 0.230 seconds
[2025-12-27T14:48:29.105+0000] {processor.py:161} INFO - Started process (PID=3470) to work on /home/airflow/.local/lib/python3.12/site-packages/airflow/example_dags/example_branch_python_dop_operator_3.py
[2025-12-27T14:48:29.120+0000] {processor.py:830} INFO - Processing file /home/airflow/.local/lib/python3.12/site-packages/airflow/example_dags/example_branch_python_dop_operator_3.py for tasks to queue
[2025-12-27T14:48:29.137+0000] {logging_mixin.py:188} INFO - [2025-12-27T14:48:29.135+0000] {dagbag.py:540} INFO - Filling up the DagBag from /home/airflow/.local/lib/python3.12/site-packages/airflow/example_dags/example_branch_python_dop_operator_3.py
[2025-12-27T14:48:29.219+0000] {processor.py:840} INFO - DAG(s) 'example_branch_dop_operator_v3' retrieved from /home/airflow/.local/lib/python3.12/site-packages/airflow/example_dags/example_branch_python_dop_operator_3.py
[2025-12-27T14:48:29.293+0000] {logging_mixin.py:188} INFO - [2025-12-27T14:48:29.292+0000] {dag.py:3096} INFO - Sync 1 DAGs
[2025-12-27T14:48:29.382+0000] {logging_mixin.py:188} INFO - [2025-12-27T14:48:29.382+0000] {dag.py:3954} INFO - Setting next_dagrun for example_branch_dop_operator_v3 to 2025-12-27 14:47:00+00:00, run_after=2025-12-27 14:48:00+00:00
[2025-12-27T14:48:29.442+0000] {processor.py:183} INFO - Processing /home/airflow/.local/lib/python3.12/site-packages/airflow/example_dags/example_branch_python_dop_operator_3.py took 0.389 seconds
[2025-12-27T14:49:02.641+0000] {processor.py:161} INFO - Started process (PID=3525) to work on /home/airflow/.local/lib/python3.12/site-packages/airflow/example_dags/example_branch_python_dop_operator_3.py
[2025-12-27T14:49:02.646+0000] {processor.py:830} INFO - Processing file /home/airflow/.local/lib/python3.12/site-packages/airflow/example_dags/example_branch_python_dop_operator_3.py for tasks to queue
[2025-12-27T14:49:02.653+0000] {logging_mixin.py:188} INFO - [2025-12-27T14:49:02.652+0000] {dagbag.py:540} INFO - Filling up the DagBag from /home/airflow/.local/lib/python3.12/site-packages/airflow/example_dags/example_branch_python_dop_operator_3.py
[2025-12-27T14:49:02.719+0000] {processor.py:840} INFO - DAG(s) 'example_branch_dop_operator_v3' retrieved from /home/airflow/.local/lib/python3.12/site-packages/airflow/example_dags/example_branch_python_dop_operator_3.py
[2025-12-27T14:49:02.926+0000] {logging_mixin.py:188} INFO - [2025-12-27T14:49:02.925+0000] {dag.py:3096} INFO - Sync 1 DAGs
[2025-12-27T14:49:03.109+0000] {logging_mixin.py:188} INFO - [2025-12-27T14:49:03.105+0000] {dag.py:3954} INFO - Setting next_dagrun for example_branch_dop_operator_v3 to 2025-12-27 14:48:00+00:00, run_after=2025-12-27 14:49:00+00:00
[2025-12-27T14:49:03.294+0000] {processor.py:183} INFO - Processing /home/airflow/.local/lib/python3.12/site-packages/airflow/example_dags/example_branch_python_dop_operator_3.py took 0.683 seconds
[2025-12-27T14:49:33.612+0000] {processor.py:161} INFO - Started process (PID=3583) to work on /home/airflow/.local/lib/python3.12/site-packages/airflow/example_dags/example_branch_python_dop_operator_3.py
[2025-12-27T14:49:33.615+0000] {processor.py:830} INFO - Processing file /home/airflow/.local/lib/python3.12/site-packages/airflow/example_dags/example_branch_python_dop_operator_3.py for tasks to queue
[2025-12-27T14:49:33.618+0000] {logging_mixin.py:188} INFO - [2025-12-27T14:49:33.617+0000] {dagbag.py:540} INFO - Filling up the DagBag from /home/airflow/.local/lib/python3.12/site-packages/airflow/example_dags/example_branch_python_dop_operator_3.py
[2025-12-27T14:49:33.648+0000] {processor.py:840} INFO - DAG(s) 'example_branch_dop_operator_v3' retrieved from /home/airflow/.local/lib/python3.12/site-packages/airflow/example_dags/example_branch_python_dop_operator_3.py
[2025-12-27T14:49:33.713+0000] {logging_mixin.py:188} INFO - [2025-12-27T14:49:33.713+0000] {dag.py:3096} INFO - Sync 1 DAGs
[2025-12-27T14:49:33.797+0000] {logging_mixin.py:188} INFO - [2025-12-27T14:49:33.796+0000] {dag.py:3954} INFO - Setting next_dagrun for example_branch_dop_operator_v3 to 2025-12-27 14:48:00+00:00, run_after=2025-12-27 14:49:00+00:00
[2025-12-27T14:49:33.852+0000] {processor.py:183} INFO - Processing /home/airflow/.local/lib/python3.12/site-packages/airflow/example_dags/example_branch_python_dop_operator_3.py took 0.259 seconds
[2025-12-27T14:50:05.783+0000] {processor.py:161} INFO - Started process (PID=3639) to work on /home/airflow/.local/lib/python3.12/site-packages/airflow/example_dags/example_branch_python_dop_operator_3.py
[2025-12-27T14:50:05.791+0000] {processor.py:830} INFO - Processing file /home/airflow/.local/lib/python3.12/site-packages/airflow/example_dags/example_branch_python_dop_operator_3.py for tasks to queue
[2025-12-27T14:50:05.795+0000] {logging_mixin.py:188} INFO - [2025-12-27T14:50:05.793+0000] {dagbag.py:540} INFO - Filling up the DagBag from /home/airflow/.local/lib/python3.12/site-packages/airflow/example_dags/example_branch_python_dop_operator_3.py
[2025-12-27T14:50:05.870+0000] {processor.py:840} INFO - DAG(s) 'example_branch_dop_operator_v3' retrieved from /home/airflow/.local/lib/python3.12/site-packages/airflow/example_dags/example_branch_python_dop_operator_3.py
[2025-12-27T14:50:06.015+0000] {logging_mixin.py:188} INFO - [2025-12-27T14:50:06.014+0000] {dag.py:3096} INFO - Sync 1 DAGs
[2025-12-27T14:50:06.217+0000] {logging_mixin.py:188} INFO - [2025-12-27T14:50:06.216+0000] {dag.py:3954} INFO - Setting next_dagrun for example_branch_dop_operator_v3 to 2025-12-27 14:49:00+00:00, run_after=2025-12-27 14:50:00+00:00
[2025-12-27T14:50:06.405+0000] {processor.py:183} INFO - Processing /home/airflow/.local/lib/python3.12/site-packages/airflow/example_dags/example_branch_python_dop_operator_3.py took 0.651 seconds
[2025-12-27T14:50:36.603+0000] {processor.py:161} INFO - Started process (PID=3696) to work on /home/airflow/.local/lib/python3.12/site-packages/airflow/example_dags/example_branch_python_dop_operator_3.py
[2025-12-27T14:50:36.606+0000] {processor.py:830} INFO - Processing file /home/airflow/.local/lib/python3.12/site-packages/airflow/example_dags/example_branch_python_dop_operator_3.py for tasks to queue
[2025-12-27T14:50:36.609+0000] {logging_mixin.py:188} INFO - [2025-12-27T14:50:36.608+0000] {dagbag.py:540} INFO - Filling up the DagBag from /home/airflow/.local/lib/python3.12/site-packages/airflow/example_dags/example_branch_python_dop_operator_3.py
[2025-12-27T14:50:36.655+0000] {processor.py:840} INFO - DAG(s) 'example_branch_dop_operator_v3' retrieved from /home/airflow/.local/lib/python3.12/site-packages/airflow/example_dags/example_branch_python_dop_operator_3.py
[2025-12-27T14:50:36.817+0000] {logging_mixin.py:188} INFO - [2025-12-27T14:50:36.816+0000] {dag.py:3096} INFO - Sync 1 DAGs
[2025-12-27T14:50:36.973+0000] {logging_mixin.py:188} INFO - [2025-12-27T14:50:36.972+0000] {dag.py:3954} INFO - Setting next_dagrun for example_branch_dop_operator_v3 to 2025-12-27 14:49:00+00:00, run_after=2025-12-27 14:50:00+00:00
[2025-12-27T14:50:37.102+0000] {processor.py:183} INFO - Processing /home/airflow/.local/lib/python3.12/site-packages/airflow/example_dags/example_branch_python_dop_operator_3.py took 0.531 seconds
[2025-12-27T14:51:12.311+0000] {processor.py:161} INFO - Started process (PID=3754) to work on /home/airflow/.local/lib/python3.12/site-packages/airflow/example_dags/example_branch_python_dop_operator_3.py
[2025-12-27T14:51:12.329+0000] {processor.py:830} INFO - Processing file /home/airflow/.local/lib/python3.12/site-packages/airflow/example_dags/example_branch_python_dop_operator_3.py for tasks to queue
[2025-12-27T14:51:12.441+0000] {logging_mixin.py:188} INFO - [2025-12-27T14:51:12.423+0000] {dagbag.py:540} INFO - Filling up the DagBag from /home/airflow/.local/lib/python3.12/site-packages/airflow/example_dags/example_branch_python_dop_operator_3.py
[2025-12-27T14:51:12.876+0000] {processor.py:840} INFO - DAG(s) 'example_branch_dop_operator_v3' retrieved from /home/airflow/.local/lib/python3.12/site-packages/airflow/example_dags/example_branch_python_dop_operator_3.py
[2025-12-27T14:51:13.840+0000] {logging_mixin.py:188} INFO - [2025-12-27T14:51:13.839+0000] {dag.py:3096} INFO - Sync 1 DAGs
[2025-12-27T14:51:14.105+0000] {logging_mixin.py:188} INFO - [2025-12-27T14:51:14.104+0000] {dag.py:3954} INFO - Setting next_dagrun for example_branch_dop_operator_v3 to 2025-12-27 14:50:00+00:00, run_after=2025-12-27 14:51:00+00:00
[2025-12-27T14:51:14.575+0000] {processor.py:183} INFO - Processing /home/airflow/.local/lib/python3.12/site-packages/airflow/example_dags/example_branch_python_dop_operator_3.py took 2.355 seconds
[2025-12-27T14:53:10.194+0000] {processor.py:161} INFO - Started process (PID=3823) to work on /home/airflow/.local/lib/python3.12/site-packages/airflow/example_dags/example_branch_python_dop_operator_3.py
[2025-12-27T14:53:10.238+0000] {processor.py:830} INFO - Processing file /home/airflow/.local/lib/python3.12/site-packages/airflow/example_dags/example_branch_python_dop_operator_3.py for tasks to queue
[2025-12-27T14:53:10.282+0000] {logging_mixin.py:188} INFO - [2025-12-27T14:53:10.278+0000] {dagbag.py:540} INFO - Filling up the DagBag from /home/airflow/.local/lib/python3.12/site-packages/airflow/example_dags/example_branch_python_dop_operator_3.py
[2025-12-27T14:53:11.050+0000] {processor.py:840} INFO - DAG(s) 'example_branch_dop_operator_v3' retrieved from /home/airflow/.local/lib/python3.12/site-packages/airflow/example_dags/example_branch_python_dop_operator_3.py
[2025-12-27T14:53:12.217+0000] {logging_mixin.py:188} INFO - [2025-12-27T14:53:12.213+0000] {dag.py:3096} INFO - Sync 1 DAGs
[2025-12-27T14:53:12.780+0000] {logging_mixin.py:188} INFO - [2025-12-27T14:53:12.780+0000] {dag.py:3954} INFO - Setting next_dagrun for example_branch_dop_operator_v3 to 2025-12-27 14:52:00+00:00, run_after=2025-12-27 14:53:00+00:00
[2025-12-27T14:53:13.174+0000] {processor.py:183} INFO - Processing /home/airflow/.local/lib/python3.12/site-packages/airflow/example_dags/example_branch_python_dop_operator_3.py took 3.157 seconds
[2025-12-27T14:55:29.584+0000] {processor.py:161} INFO - Started process (PID=3880) to work on /home/airflow/.local/lib/python3.12/site-packages/airflow/example_dags/example_branch_python_dop_operator_3.py
[2025-12-27T14:55:29.969+0000] {processor.py:830} INFO - Processing file /home/airflow/.local/lib/python3.12/site-packages/airflow/example_dags/example_branch_python_dop_operator_3.py for tasks to queue
[2025-12-27T14:55:30.076+0000] {logging_mixin.py:188} INFO - [2025-12-27T14:55:29.999+0000] {dagbag.py:540} INFO - Filling up the DagBag from /home/airflow/.local/lib/python3.12/site-packages/airflow/example_dags/example_branch_python_dop_operator_3.py
[2025-12-27T14:55:38.593+0000] {processor.py:840} INFO - DAG(s) 'example_branch_dop_operator_v3' retrieved from /home/airflow/.local/lib/python3.12/site-packages/airflow/example_dags/example_branch_python_dop_operator_3.py
[2025-12-27T14:55:42.643+0000] {logging_mixin.py:188} INFO - [2025-12-27T14:55:42.629+0000] {dag.py:3096} INFO - Sync 1 DAGs
[2025-12-27T14:55:44.132+0000] {logging_mixin.py:188} INFO - [2025-12-27T14:55:44.132+0000] {dag.py:3954} INFO - Setting next_dagrun for example_branch_dop_operator_v3 to 2025-12-27 14:54:00+00:00, run_after=2025-12-27 14:55:00+00:00
[2025-12-27T14:55:44.998+0000] {processor.py:183} INFO - Processing /home/airflow/.local/lib/python3.12/site-packages/airflow/example_dags/example_branch_python_dop_operator_3.py took 16.567 seconds
