[2025-12-27T14:14:58.383+0000] {processor.py:161} INFO - Started process (PID=109) to work on /home/airflow/.local/lib/python3.12/site-packages/airflow/example_dags/example_params_trigger_ui.py
[2025-12-27T14:14:58.398+0000] {processor.py:830} INFO - Processing file /home/airflow/.local/lib/python3.12/site-packages/airflow/example_dags/example_params_trigger_ui.py for tasks to queue
[2025-12-27T14:14:58.410+0000] {logging_mixin.py:188} INFO - [2025-12-27T14:14:58.405+0000] {dagbag.py:540} INFO - Filling up the DagBag from /home/airflow/.local/lib/python3.12/site-packages/airflow/example_dags/example_params_trigger_ui.py
[2025-12-27T14:14:58.663+0000] {processor.py:840} INFO - DAG(s) 'example_params_trigger_ui' retrieved from /home/airflow/.local/lib/python3.12/site-packages/airflow/example_dags/example_params_trigger_ui.py
[2025-12-27T14:15:00.077+0000] {logging_mixin.py:188} INFO - [2025-12-27T14:15:00.074+0000] {dag.py:3096} INFO - Sync 1 DAGs
[2025-12-27T14:15:00.207+0000] {logging_mixin.py:188} INFO - [2025-12-27T14:15:00.207+0000] {dag.py:3954} INFO - Setting next_dagrun for example_params_trigger_ui to None, run_after=None
[2025-12-27T14:15:00.381+0000] {processor.py:183} INFO - Processing /home/airflow/.local/lib/python3.12/site-packages/airflow/example_dags/example_params_trigger_ui.py took 2.056 seconds
[2025-12-27T14:15:32.287+0000] {processor.py:161} INFO - Started process (PID=166) to work on /home/airflow/.local/lib/python3.12/site-packages/airflow/example_dags/example_params_trigger_ui.py
[2025-12-27T14:15:32.309+0000] {processor.py:830} INFO - Processing file /home/airflow/.local/lib/python3.12/site-packages/airflow/example_dags/example_params_trigger_ui.py for tasks to queue
[2025-12-27T14:15:32.318+0000] {logging_mixin.py:188} INFO - [2025-12-27T14:15:32.317+0000] {dagbag.py:540} INFO - Filling up the DagBag from /home/airflow/.local/lib/python3.12/site-packages/airflow/example_dags/example_params_trigger_ui.py
[2025-12-27T14:15:32.498+0000] {processor.py:840} INFO - DAG(s) 'example_params_trigger_ui' retrieved from /home/airflow/.local/lib/python3.12/site-packages/airflow/example_dags/example_params_trigger_ui.py
[2025-12-27T14:15:32.940+0000] {logging_mixin.py:188} INFO - [2025-12-27T14:15:32.939+0000] {dag.py:3096} INFO - Sync 1 DAGs
[2025-12-27T14:15:33.012+0000] {logging_mixin.py:188} INFO - [2025-12-27T14:15:33.011+0000] {dag.py:3954} INFO - Setting next_dagrun for example_params_trigger_ui to None, run_after=None
[2025-12-27T14:15:33.178+0000] {processor.py:183} INFO - Processing /home/airflow/.local/lib/python3.12/site-packages/airflow/example_dags/example_params_trigger_ui.py took 0.948 seconds
[2025-12-27T14:16:03.565+0000] {processor.py:161} INFO - Started process (PID=225) to work on /home/airflow/.local/lib/python3.12/site-packages/airflow/example_dags/example_params_trigger_ui.py
[2025-12-27T14:16:03.569+0000] {processor.py:830} INFO - Processing file /home/airflow/.local/lib/python3.12/site-packages/airflow/example_dags/example_params_trigger_ui.py for tasks to queue
[2025-12-27T14:16:03.576+0000] {logging_mixin.py:188} INFO - [2025-12-27T14:16:03.575+0000] {dagbag.py:540} INFO - Filling up the DagBag from /home/airflow/.local/lib/python3.12/site-packages/airflow/example_dags/example_params_trigger_ui.py
[2025-12-27T14:16:03.627+0000] {processor.py:840} INFO - DAG(s) 'example_params_trigger_ui' retrieved from /home/airflow/.local/lib/python3.12/site-packages/airflow/example_dags/example_params_trigger_ui.py
[2025-12-27T14:16:03.807+0000] {logging_mixin.py:188} INFO - [2025-12-27T14:16:03.807+0000] {dag.py:3096} INFO - Sync 1 DAGs
[2025-12-27T14:16:03.862+0000] {logging_mixin.py:188} INFO - [2025-12-27T14:16:03.861+0000] {dag.py:3954} INFO - Setting next_dagrun for example_params_trigger_ui to None, run_after=None
[2025-12-27T14:16:03.928+0000] {processor.py:183} INFO - Processing /home/airflow/.local/lib/python3.12/site-packages/airflow/example_dags/example_params_trigger_ui.py took 0.384 seconds
[2025-12-27T14:16:35.716+0000] {processor.py:161} INFO - Started process (PID=283) to work on /home/airflow/.local/lib/python3.12/site-packages/airflow/example_dags/example_params_trigger_ui.py
[2025-12-27T14:16:35.728+0000] {processor.py:830} INFO - Processing file /home/airflow/.local/lib/python3.12/site-packages/airflow/example_dags/example_params_trigger_ui.py for tasks to queue
[2025-12-27T14:16:35.737+0000] {logging_mixin.py:188} INFO - [2025-12-27T14:16:35.736+0000] {dagbag.py:540} INFO - Filling up the DagBag from /home/airflow/.local/lib/python3.12/site-packages/airflow/example_dags/example_params_trigger_ui.py
[2025-12-27T14:16:35.792+0000] {processor.py:840} INFO - DAG(s) 'example_params_trigger_ui' retrieved from /home/airflow/.local/lib/python3.12/site-packages/airflow/example_dags/example_params_trigger_ui.py
[2025-12-27T14:16:35.989+0000] {logging_mixin.py:188} INFO - [2025-12-27T14:16:35.988+0000] {dag.py:3096} INFO - Sync 1 DAGs
[2025-12-27T14:16:36.050+0000] {logging_mixin.py:188} INFO - [2025-12-27T14:16:36.049+0000] {dag.py:3954} INFO - Setting next_dagrun for example_params_trigger_ui to None, run_after=None
[2025-12-27T14:16:36.124+0000] {processor.py:183} INFO - Processing /home/airflow/.local/lib/python3.12/site-packages/airflow/example_dags/example_params_trigger_ui.py took 0.437 seconds
[2025-12-27T14:17:08.747+0000] {processor.py:161} INFO - Started process (PID=339) to work on /home/airflow/.local/lib/python3.12/site-packages/airflow/example_dags/example_params_trigger_ui.py
[2025-12-27T14:17:08.756+0000] {processor.py:830} INFO - Processing file /home/airflow/.local/lib/python3.12/site-packages/airflow/example_dags/example_params_trigger_ui.py for tasks to queue
[2025-12-27T14:17:08.769+0000] {logging_mixin.py:188} INFO - [2025-12-27T14:17:08.768+0000] {dagbag.py:540} INFO - Filling up the DagBag from /home/airflow/.local/lib/python3.12/site-packages/airflow/example_dags/example_params_trigger_ui.py
[2025-12-27T14:17:08.856+0000] {processor.py:840} INFO - DAG(s) 'example_params_trigger_ui' retrieved from /home/airflow/.local/lib/python3.12/site-packages/airflow/example_dags/example_params_trigger_ui.py
[2025-12-27T14:17:09.298+0000] {logging_mixin.py:188} INFO - [2025-12-27T14:17:09.297+0000] {dag.py:3096} INFO - Sync 1 DAGs
[2025-12-27T14:17:09.542+0000] {logging_mixin.py:188} INFO - [2025-12-27T14:17:09.541+0000] {dag.py:3954} INFO - Setting next_dagrun for example_params_trigger_ui to None, run_after=None
[2025-12-27T14:17:09.742+0000] {processor.py:183} INFO - Processing /home/airflow/.local/lib/python3.12/site-packages/airflow/example_dags/example_params_trigger_ui.py took 1.068 seconds
[2025-12-27T14:17:58.928+0000] {processor.py:161} INFO - Started process (PID=402) to work on /home/airflow/.local/lib/python3.12/site-packages/airflow/example_dags/example_params_trigger_ui.py
[2025-12-27T14:17:58.961+0000] {processor.py:830} INFO - Processing file /home/airflow/.local/lib/python3.12/site-packages/airflow/example_dags/example_params_trigger_ui.py for tasks to queue
[2025-12-27T14:17:58.970+0000] {logging_mixin.py:188} INFO - [2025-12-27T14:17:58.969+0000] {dagbag.py:540} INFO - Filling up the DagBag from /home/airflow/.local/lib/python3.12/site-packages/airflow/example_dags/example_params_trigger_ui.py
[2025-12-27T14:17:59.100+0000] {processor.py:840} INFO - DAG(s) 'example_params_trigger_ui' retrieved from /home/airflow/.local/lib/python3.12/site-packages/airflow/example_dags/example_params_trigger_ui.py
[2025-12-27T14:17:59.607+0000] {logging_mixin.py:188} INFO - [2025-12-27T14:17:59.606+0000] {dag.py:3096} INFO - Sync 1 DAGs
[2025-12-27T14:17:59.721+0000] {logging_mixin.py:188} INFO - [2025-12-27T14:17:59.721+0000] {dag.py:3954} INFO - Setting next_dagrun for example_params_trigger_ui to None, run_after=None
[2025-12-27T14:18:00.088+0000] {processor.py:183} INFO - Processing /home/airflow/.local/lib/python3.12/site-packages/airflow/example_dags/example_params_trigger_ui.py took 1.215 seconds
[2025-12-27T14:18:36.576+0000] {processor.py:161} INFO - Started process (PID=454) to work on /home/airflow/.local/lib/python3.12/site-packages/airflow/example_dags/example_params_trigger_ui.py
[2025-12-27T14:18:36.579+0000] {processor.py:830} INFO - Processing file /home/airflow/.local/lib/python3.12/site-packages/airflow/example_dags/example_params_trigger_ui.py for tasks to queue
[2025-12-27T14:18:36.586+0000] {logging_mixin.py:188} INFO - [2025-12-27T14:18:36.585+0000] {dagbag.py:540} INFO - Filling up the DagBag from /home/airflow/.local/lib/python3.12/site-packages/airflow/example_dags/example_params_trigger_ui.py
[2025-12-27T14:18:36.629+0000] {processor.py:840} INFO - DAG(s) 'example_params_trigger_ui' retrieved from /home/airflow/.local/lib/python3.12/site-packages/airflow/example_dags/example_params_trigger_ui.py
[2025-12-27T14:18:36.786+0000] {logging_mixin.py:188} INFO - [2025-12-27T14:18:36.786+0000] {dag.py:3096} INFO - Sync 1 DAGs
[2025-12-27T14:18:36.835+0000] {logging_mixin.py:188} INFO - [2025-12-27T14:18:36.834+0000] {dag.py:3954} INFO - Setting next_dagrun for example_params_trigger_ui to None, run_after=None
[2025-12-27T14:18:36.899+0000] {processor.py:183} INFO - Processing /home/airflow/.local/lib/python3.12/site-packages/airflow/example_dags/example_params_trigger_ui.py took 0.342 seconds
[2025-12-27T14:19:07.755+0000] {processor.py:161} INFO - Started process (PID=512) to work on /home/airflow/.local/lib/python3.12/site-packages/airflow/example_dags/example_params_trigger_ui.py
[2025-12-27T14:19:07.759+0000] {processor.py:830} INFO - Processing file /home/airflow/.local/lib/python3.12/site-packages/airflow/example_dags/example_params_trigger_ui.py for tasks to queue
[2025-12-27T14:19:07.767+0000] {logging_mixin.py:188} INFO - [2025-12-27T14:19:07.766+0000] {dagbag.py:540} INFO - Filling up the DagBag from /home/airflow/.local/lib/python3.12/site-packages/airflow/example_dags/example_params_trigger_ui.py
[2025-12-27T14:19:07.815+0000] {processor.py:840} INFO - DAG(s) 'example_params_trigger_ui' retrieved from /home/airflow/.local/lib/python3.12/site-packages/airflow/example_dags/example_params_trigger_ui.py
[2025-12-27T14:19:07.977+0000] {logging_mixin.py:188} INFO - [2025-12-27T14:19:07.976+0000] {dag.py:3096} INFO - Sync 1 DAGs
[2025-12-27T14:19:08.036+0000] {logging_mixin.py:188} INFO - [2025-12-27T14:19:08.035+0000] {dag.py:3954} INFO - Setting next_dagrun for example_params_trigger_ui to None, run_after=None
[2025-12-27T14:19:08.126+0000] {processor.py:183} INFO - Processing /home/airflow/.local/lib/python3.12/site-packages/airflow/example_dags/example_params_trigger_ui.py took 0.404 seconds
[2025-12-27T14:19:39.835+0000] {processor.py:161} INFO - Started process (PID=568) to work on /home/airflow/.local/lib/python3.12/site-packages/airflow/example_dags/example_params_trigger_ui.py
[2025-12-27T14:19:39.839+0000] {processor.py:830} INFO - Processing file /home/airflow/.local/lib/python3.12/site-packages/airflow/example_dags/example_params_trigger_ui.py for tasks to queue
[2025-12-27T14:19:39.846+0000] {logging_mixin.py:188} INFO - [2025-12-27T14:19:39.845+0000] {dagbag.py:540} INFO - Filling up the DagBag from /home/airflow/.local/lib/python3.12/site-packages/airflow/example_dags/example_params_trigger_ui.py
[2025-12-27T14:19:39.912+0000] {processor.py:840} INFO - DAG(s) 'example_params_trigger_ui' retrieved from /home/airflow/.local/lib/python3.12/site-packages/airflow/example_dags/example_params_trigger_ui.py
[2025-12-27T14:19:40.227+0000] {logging_mixin.py:188} INFO - [2025-12-27T14:19:40.226+0000] {dag.py:3096} INFO - Sync 1 DAGs
[2025-12-27T14:19:40.276+0000] {logging_mixin.py:188} INFO - [2025-12-27T14:19:40.275+0000] {dag.py:3954} INFO - Setting next_dagrun for example_params_trigger_ui to None, run_after=None
[2025-12-27T14:19:40.334+0000] {processor.py:183} INFO - Processing /home/airflow/.local/lib/python3.12/site-packages/airflow/example_dags/example_params_trigger_ui.py took 0.539 seconds
[2025-12-27T14:20:14.033+0000] {processor.py:161} INFO - Started process (PID=624) to work on /home/airflow/.local/lib/python3.12/site-packages/airflow/example_dags/example_params_trigger_ui.py
[2025-12-27T14:20:14.036+0000] {processor.py:830} INFO - Processing file /home/airflow/.local/lib/python3.12/site-packages/airflow/example_dags/example_params_trigger_ui.py for tasks to queue
[2025-12-27T14:20:14.045+0000] {logging_mixin.py:188} INFO - [2025-12-27T14:20:14.044+0000] {dagbag.py:540} INFO - Filling up the DagBag from /home/airflow/.local/lib/python3.12/site-packages/airflow/example_dags/example_params_trigger_ui.py
[2025-12-27T14:20:14.097+0000] {processor.py:840} INFO - DAG(s) 'example_params_trigger_ui' retrieved from /home/airflow/.local/lib/python3.12/site-packages/airflow/example_dags/example_params_trigger_ui.py
[2025-12-27T14:20:14.268+0000] {logging_mixin.py:188} INFO - [2025-12-27T14:20:14.268+0000] {dag.py:3096} INFO - Sync 1 DAGs
[2025-12-27T14:20:14.312+0000] {logging_mixin.py:188} INFO - [2025-12-27T14:20:14.312+0000] {dag.py:3954} INFO - Setting next_dagrun for example_params_trigger_ui to None, run_after=None
[2025-12-27T14:20:14.391+0000] {processor.py:183} INFO - Processing /home/airflow/.local/lib/python3.12/site-packages/airflow/example_dags/example_params_trigger_ui.py took 0.381 seconds
[2025-12-27T14:20:44.960+0000] {processor.py:161} INFO - Started process (PID=681) to work on /home/airflow/.local/lib/python3.12/site-packages/airflow/example_dags/example_params_trigger_ui.py
[2025-12-27T14:20:44.962+0000] {processor.py:830} INFO - Processing file /home/airflow/.local/lib/python3.12/site-packages/airflow/example_dags/example_params_trigger_ui.py for tasks to queue
[2025-12-27T14:20:44.975+0000] {logging_mixin.py:188} INFO - [2025-12-27T14:20:44.974+0000] {dagbag.py:540} INFO - Filling up the DagBag from /home/airflow/.local/lib/python3.12/site-packages/airflow/example_dags/example_params_trigger_ui.py
[2025-12-27T14:20:45.013+0000] {processor.py:840} INFO - DAG(s) 'example_params_trigger_ui' retrieved from /home/airflow/.local/lib/python3.12/site-packages/airflow/example_dags/example_params_trigger_ui.py
[2025-12-27T14:20:45.153+0000] {logging_mixin.py:188} INFO - [2025-12-27T14:20:45.152+0000] {dag.py:3096} INFO - Sync 1 DAGs
[2025-12-27T14:20:45.205+0000] {logging_mixin.py:188} INFO - [2025-12-27T14:20:45.205+0000] {dag.py:3954} INFO - Setting next_dagrun for example_params_trigger_ui to None, run_after=None
[2025-12-27T14:20:45.268+0000] {processor.py:183} INFO - Processing /home/airflow/.local/lib/python3.12/site-packages/airflow/example_dags/example_params_trigger_ui.py took 0.328 seconds
[2025-12-27T14:21:31.649+0000] {processor.py:161} INFO - Started process (PID=744) to work on /home/airflow/.local/lib/python3.12/site-packages/airflow/example_dags/example_params_trigger_ui.py
[2025-12-27T14:21:31.654+0000] {processor.py:830} INFO - Processing file /home/airflow/.local/lib/python3.12/site-packages/airflow/example_dags/example_params_trigger_ui.py for tasks to queue
[2025-12-27T14:21:31.662+0000] {logging_mixin.py:188} INFO - [2025-12-27T14:21:31.661+0000] {dagbag.py:540} INFO - Filling up the DagBag from /home/airflow/.local/lib/python3.12/site-packages/airflow/example_dags/example_params_trigger_ui.py
[2025-12-27T14:21:31.771+0000] {processor.py:840} INFO - DAG(s) 'example_params_trigger_ui' retrieved from /home/airflow/.local/lib/python3.12/site-packages/airflow/example_dags/example_params_trigger_ui.py
[2025-12-27T14:21:32.302+0000] {logging_mixin.py:188} INFO - [2025-12-27T14:21:32.301+0000] {dag.py:3096} INFO - Sync 1 DAGs
[2025-12-27T14:21:32.430+0000] {logging_mixin.py:188} INFO - [2025-12-27T14:21:32.429+0000] {dag.py:3954} INFO - Setting next_dagrun for example_params_trigger_ui to None, run_after=None
[2025-12-27T14:21:32.583+0000] {processor.py:183} INFO - Processing /home/airflow/.local/lib/python3.12/site-packages/airflow/example_dags/example_params_trigger_ui.py took 0.962 seconds
[2025-12-27T14:22:08.760+0000] {processor.py:161} INFO - Started process (PID=802) to work on /home/airflow/.local/lib/python3.12/site-packages/airflow/example_dags/example_params_trigger_ui.py
[2025-12-27T14:22:08.818+0000] {processor.py:830} INFO - Processing file /home/airflow/.local/lib/python3.12/site-packages/airflow/example_dags/example_params_trigger_ui.py for tasks to queue
[2025-12-27T14:22:08.897+0000] {logging_mixin.py:188} INFO - [2025-12-27T14:22:08.884+0000] {dagbag.py:540} INFO - Filling up the DagBag from /home/airflow/.local/lib/python3.12/site-packages/airflow/example_dags/example_params_trigger_ui.py
[2025-12-27T14:22:09.533+0000] {processor.py:840} INFO - DAG(s) 'example_params_trigger_ui' retrieved from /home/airflow/.local/lib/python3.12/site-packages/airflow/example_dags/example_params_trigger_ui.py
[2025-12-27T14:22:10.712+0000] {logging_mixin.py:188} INFO - [2025-12-27T14:22:10.710+0000] {dag.py:3096} INFO - Sync 1 DAGs
[2025-12-27T14:22:11.290+0000] {logging_mixin.py:188} INFO - [2025-12-27T14:22:11.290+0000] {dag.py:3954} INFO - Setting next_dagrun for example_params_trigger_ui to None, run_after=None
[2025-12-27T14:22:11.835+0000] {processor.py:183} INFO - Processing /home/airflow/.local/lib/python3.12/site-packages/airflow/example_dags/example_params_trigger_ui.py took 3.166 seconds
[2025-12-27T14:23:58.303+0000] {processor.py:161} INFO - Started process (PID=887) to work on /home/airflow/.local/lib/python3.12/site-packages/airflow/example_dags/example_params_trigger_ui.py
[2025-12-27T14:23:58.313+0000] {processor.py:830} INFO - Processing file /home/airflow/.local/lib/python3.12/site-packages/airflow/example_dags/example_params_trigger_ui.py for tasks to queue
[2025-12-27T14:23:58.322+0000] {logging_mixin.py:188} INFO - [2025-12-27T14:23:58.321+0000] {dagbag.py:540} INFO - Filling up the DagBag from /home/airflow/.local/lib/python3.12/site-packages/airflow/example_dags/example_params_trigger_ui.py
[2025-12-27T14:23:58.419+0000] {processor.py:840} INFO - DAG(s) 'example_params_trigger_ui' retrieved from /home/airflow/.local/lib/python3.12/site-packages/airflow/example_dags/example_params_trigger_ui.py
[2025-12-27T14:23:58.739+0000] {logging_mixin.py:188} INFO - [2025-12-27T14:23:58.737+0000] {dag.py:3096} INFO - Sync 1 DAGs
[2025-12-27T14:23:58.839+0000] {logging_mixin.py:188} INFO - [2025-12-27T14:23:58.838+0000] {dag.py:3954} INFO - Setting next_dagrun for example_params_trigger_ui to None, run_after=None
[2025-12-27T14:23:58.949+0000] {processor.py:183} INFO - Processing /home/airflow/.local/lib/python3.12/site-packages/airflow/example_dags/example_params_trigger_ui.py took 0.680 seconds
[2025-12-27T14:24:29.442+0000] {processor.py:161} INFO - Started process (PID=945) to work on /home/airflow/.local/lib/python3.12/site-packages/airflow/example_dags/example_params_trigger_ui.py
[2025-12-27T14:24:29.446+0000] {processor.py:830} INFO - Processing file /home/airflow/.local/lib/python3.12/site-packages/airflow/example_dags/example_params_trigger_ui.py for tasks to queue
[2025-12-27T14:24:29.449+0000] {logging_mixin.py:188} INFO - [2025-12-27T14:24:29.448+0000] {dagbag.py:540} INFO - Filling up the DagBag from /home/airflow/.local/lib/python3.12/site-packages/airflow/example_dags/example_params_trigger_ui.py
[2025-12-27T14:24:29.554+0000] {processor.py:840} INFO - DAG(s) 'example_params_trigger_ui' retrieved from /home/airflow/.local/lib/python3.12/site-packages/airflow/example_dags/example_params_trigger_ui.py
[2025-12-27T14:24:29.786+0000] {logging_mixin.py:188} INFO - [2025-12-27T14:24:29.784+0000] {dag.py:3096} INFO - Sync 1 DAGs
[2025-12-27T14:24:29.854+0000] {logging_mixin.py:188} INFO - [2025-12-27T14:24:29.853+0000] {dag.py:3954} INFO - Setting next_dagrun for example_params_trigger_ui to None, run_after=None
[2025-12-27T14:24:29.954+0000] {processor.py:183} INFO - Processing /home/airflow/.local/lib/python3.12/site-packages/airflow/example_dags/example_params_trigger_ui.py took 0.536 seconds
[2025-12-27T14:25:10.291+0000] {processor.py:161} INFO - Started process (PID=1002) to work on /home/airflow/.local/lib/python3.12/site-packages/airflow/example_dags/example_params_trigger_ui.py
[2025-12-27T14:25:10.297+0000] {processor.py:830} INFO - Processing file /home/airflow/.local/lib/python3.12/site-packages/airflow/example_dags/example_params_trigger_ui.py for tasks to queue
[2025-12-27T14:25:10.306+0000] {logging_mixin.py:188} INFO - [2025-12-27T14:25:10.305+0000] {dagbag.py:540} INFO - Filling up the DagBag from /home/airflow/.local/lib/python3.12/site-packages/airflow/example_dags/example_params_trigger_ui.py
[2025-12-27T14:25:10.400+0000] {processor.py:840} INFO - DAG(s) 'example_params_trigger_ui' retrieved from /home/airflow/.local/lib/python3.12/site-packages/airflow/example_dags/example_params_trigger_ui.py
[2025-12-27T14:25:10.787+0000] {logging_mixin.py:188} INFO - [2025-12-27T14:25:10.786+0000] {dag.py:3096} INFO - Sync 1 DAGs
[2025-12-27T14:25:10.885+0000] {logging_mixin.py:188} INFO - [2025-12-27T14:25:10.884+0000] {dag.py:3954} INFO - Setting next_dagrun for example_params_trigger_ui to None, run_after=None
[2025-12-27T14:25:11.011+0000] {processor.py:183} INFO - Processing /home/airflow/.local/lib/python3.12/site-packages/airflow/example_dags/example_params_trigger_ui.py took 0.758 seconds
[2025-12-27T14:26:25.673+0000] {processor.py:161} INFO - Started process (PID=1073) to work on /home/airflow/.local/lib/python3.12/site-packages/airflow/example_dags/example_params_trigger_ui.py
[2025-12-27T14:26:25.681+0000] {processor.py:830} INFO - Processing file /home/airflow/.local/lib/python3.12/site-packages/airflow/example_dags/example_params_trigger_ui.py for tasks to queue
[2025-12-27T14:26:25.688+0000] {logging_mixin.py:188} INFO - [2025-12-27T14:26:25.687+0000] {dagbag.py:540} INFO - Filling up the DagBag from /home/airflow/.local/lib/python3.12/site-packages/airflow/example_dags/example_params_trigger_ui.py
[2025-12-27T14:26:25.761+0000] {processor.py:840} INFO - DAG(s) 'example_params_trigger_ui' retrieved from /home/airflow/.local/lib/python3.12/site-packages/airflow/example_dags/example_params_trigger_ui.py
[2025-12-27T14:26:26.040+0000] {logging_mixin.py:188} INFO - [2025-12-27T14:26:26.039+0000] {dag.py:3096} INFO - Sync 1 DAGs
[2025-12-27T14:26:26.089+0000] {logging_mixin.py:188} INFO - [2025-12-27T14:26:26.089+0000] {dag.py:3954} INFO - Setting next_dagrun for example_params_trigger_ui to None, run_after=None
[2025-12-27T14:26:26.215+0000] {processor.py:183} INFO - Processing /home/airflow/.local/lib/python3.12/site-packages/airflow/example_dags/example_params_trigger_ui.py took 0.587 seconds
[2025-12-27T14:27:39.556+0000] {processor.py:161} INFO - Started process (PID=1148) to work on /home/airflow/.local/lib/python3.12/site-packages/airflow/example_dags/example_params_trigger_ui.py
[2025-12-27T14:27:39.568+0000] {processor.py:830} INFO - Processing file /home/airflow/.local/lib/python3.12/site-packages/airflow/example_dags/example_params_trigger_ui.py for tasks to queue
[2025-12-27T14:27:39.578+0000] {logging_mixin.py:188} INFO - [2025-12-27T14:27:39.577+0000] {dagbag.py:540} INFO - Filling up the DagBag from /home/airflow/.local/lib/python3.12/site-packages/airflow/example_dags/example_params_trigger_ui.py
[2025-12-27T14:27:39.872+0000] {processor.py:840} INFO - DAG(s) 'example_params_trigger_ui' retrieved from /home/airflow/.local/lib/python3.12/site-packages/airflow/example_dags/example_params_trigger_ui.py
[2025-12-27T14:27:40.413+0000] {logging_mixin.py:188} INFO - [2025-12-27T14:27:40.412+0000] {dag.py:3096} INFO - Sync 1 DAGs
[2025-12-27T14:27:40.485+0000] {logging_mixin.py:188} INFO - [2025-12-27T14:27:40.485+0000] {dag.py:3954} INFO - Setting next_dagrun for example_params_trigger_ui to None, run_after=None
[2025-12-27T14:27:40.628+0000] {processor.py:183} INFO - Processing /home/airflow/.local/lib/python3.12/site-packages/airflow/example_dags/example_params_trigger_ui.py took 1.126 seconds
[2025-12-27T14:28:12.685+0000] {processor.py:161} INFO - Started process (PID=1206) to work on /home/airflow/.local/lib/python3.12/site-packages/airflow/example_dags/example_params_trigger_ui.py
[2025-12-27T14:28:12.689+0000] {processor.py:830} INFO - Processing file /home/airflow/.local/lib/python3.12/site-packages/airflow/example_dags/example_params_trigger_ui.py for tasks to queue
[2025-12-27T14:28:12.694+0000] {logging_mixin.py:188} INFO - [2025-12-27T14:28:12.692+0000] {dagbag.py:540} INFO - Filling up the DagBag from /home/airflow/.local/lib/python3.12/site-packages/airflow/example_dags/example_params_trigger_ui.py
[2025-12-27T14:28:12.779+0000] {processor.py:840} INFO - DAG(s) 'example_params_trigger_ui' retrieved from /home/airflow/.local/lib/python3.12/site-packages/airflow/example_dags/example_params_trigger_ui.py
[2025-12-27T14:28:12.994+0000] {logging_mixin.py:188} INFO - [2025-12-27T14:28:12.992+0000] {dag.py:3096} INFO - Sync 1 DAGs
[2025-12-27T14:28:13.090+0000] {logging_mixin.py:188} INFO - [2025-12-27T14:28:13.089+0000] {dag.py:3954} INFO - Setting next_dagrun for example_params_trigger_ui to None, run_after=None
[2025-12-27T14:28:13.240+0000] {processor.py:183} INFO - Processing /home/airflow/.local/lib/python3.12/site-packages/airflow/example_dags/example_params_trigger_ui.py took 0.593 seconds
[2025-12-27T14:28:45.705+0000] {processor.py:161} INFO - Started process (PID=1265) to work on /home/airflow/.local/lib/python3.12/site-packages/airflow/example_dags/example_params_trigger_ui.py
[2025-12-27T14:28:45.717+0000] {processor.py:830} INFO - Processing file /home/airflow/.local/lib/python3.12/site-packages/airflow/example_dags/example_params_trigger_ui.py for tasks to queue
[2025-12-27T14:28:45.721+0000] {logging_mixin.py:188} INFO - [2025-12-27T14:28:45.720+0000] {dagbag.py:540} INFO - Filling up the DagBag from /home/airflow/.local/lib/python3.12/site-packages/airflow/example_dags/example_params_trigger_ui.py
[2025-12-27T14:28:45.777+0000] {processor.py:840} INFO - DAG(s) 'example_params_trigger_ui' retrieved from /home/airflow/.local/lib/python3.12/site-packages/airflow/example_dags/example_params_trigger_ui.py
[2025-12-27T14:28:46.069+0000] {logging_mixin.py:188} INFO - [2025-12-27T14:28:46.068+0000] {dag.py:3096} INFO - Sync 1 DAGs
[2025-12-27T14:28:46.138+0000] {logging_mixin.py:188} INFO - [2025-12-27T14:28:46.137+0000] {dag.py:3954} INFO - Setting next_dagrun for example_params_trigger_ui to None, run_after=None
[2025-12-27T14:28:46.214+0000] {processor.py:183} INFO - Processing /home/airflow/.local/lib/python3.12/site-packages/airflow/example_dags/example_params_trigger_ui.py took 0.531 seconds
[2025-12-27T14:29:16.908+0000] {processor.py:161} INFO - Started process (PID=1322) to work on /home/airflow/.local/lib/python3.12/site-packages/airflow/example_dags/example_params_trigger_ui.py
[2025-12-27T14:29:16.921+0000] {processor.py:830} INFO - Processing file /home/airflow/.local/lib/python3.12/site-packages/airflow/example_dags/example_params_trigger_ui.py for tasks to queue
[2025-12-27T14:29:16.925+0000] {logging_mixin.py:188} INFO - [2025-12-27T14:29:16.923+0000] {dagbag.py:540} INFO - Filling up the DagBag from /home/airflow/.local/lib/python3.12/site-packages/airflow/example_dags/example_params_trigger_ui.py
[2025-12-27T14:29:17.070+0000] {processor.py:840} INFO - DAG(s) 'example_params_trigger_ui' retrieved from /home/airflow/.local/lib/python3.12/site-packages/airflow/example_dags/example_params_trigger_ui.py
[2025-12-27T14:29:17.575+0000] {logging_mixin.py:188} INFO - [2025-12-27T14:29:17.574+0000] {dag.py:3096} INFO - Sync 1 DAGs
[2025-12-27T14:29:17.645+0000] {logging_mixin.py:188} INFO - [2025-12-27T14:29:17.644+0000] {dag.py:3954} INFO - Setting next_dagrun for example_params_trigger_ui to None, run_after=None
[2025-12-27T14:29:17.732+0000] {processor.py:183} INFO - Processing /home/airflow/.local/lib/python3.12/site-packages/airflow/example_dags/example_params_trigger_ui.py took 0.873 seconds
[2025-12-27T14:29:48.383+0000] {processor.py:161} INFO - Started process (PID=1379) to work on /home/airflow/.local/lib/python3.12/site-packages/airflow/example_dags/example_params_trigger_ui.py
[2025-12-27T14:29:48.389+0000] {processor.py:830} INFO - Processing file /home/airflow/.local/lib/python3.12/site-packages/airflow/example_dags/example_params_trigger_ui.py for tasks to queue
[2025-12-27T14:29:48.392+0000] {logging_mixin.py:188} INFO - [2025-12-27T14:29:48.391+0000] {dagbag.py:540} INFO - Filling up the DagBag from /home/airflow/.local/lib/python3.12/site-packages/airflow/example_dags/example_params_trigger_ui.py
[2025-12-27T14:29:48.475+0000] {processor.py:840} INFO - DAG(s) 'example_params_trigger_ui' retrieved from /home/airflow/.local/lib/python3.12/site-packages/airflow/example_dags/example_params_trigger_ui.py
[2025-12-27T14:29:48.678+0000] {logging_mixin.py:188} INFO - [2025-12-27T14:29:48.678+0000] {dag.py:3096} INFO - Sync 1 DAGs
[2025-12-27T14:29:48.719+0000] {logging_mixin.py:188} INFO - [2025-12-27T14:29:48.719+0000] {dag.py:3954} INFO - Setting next_dagrun for example_params_trigger_ui to None, run_after=None
[2025-12-27T14:29:48.819+0000] {processor.py:183} INFO - Processing /home/airflow/.local/lib/python3.12/site-packages/airflow/example_dags/example_params_trigger_ui.py took 0.453 seconds
[2025-12-27T14:30:19.557+0000] {processor.py:161} INFO - Started process (PID=1445) to work on /home/airflow/.local/lib/python3.12/site-packages/airflow/example_dags/example_params_trigger_ui.py
[2025-12-27T14:30:19.564+0000] {processor.py:830} INFO - Processing file /home/airflow/.local/lib/python3.12/site-packages/airflow/example_dags/example_params_trigger_ui.py for tasks to queue
[2025-12-27T14:30:19.572+0000] {logging_mixin.py:188} INFO - [2025-12-27T14:30:19.570+0000] {dagbag.py:540} INFO - Filling up the DagBag from /home/airflow/.local/lib/python3.12/site-packages/airflow/example_dags/example_params_trigger_ui.py
[2025-12-27T14:30:19.718+0000] {processor.py:840} INFO - DAG(s) 'example_params_trigger_ui' retrieved from /home/airflow/.local/lib/python3.12/site-packages/airflow/example_dags/example_params_trigger_ui.py
[2025-12-27T14:30:20.172+0000] {logging_mixin.py:188} INFO - [2025-12-27T14:30:20.171+0000] {dag.py:3096} INFO - Sync 1 DAGs
[2025-12-27T14:30:20.334+0000] {logging_mixin.py:188} INFO - [2025-12-27T14:30:20.332+0000] {dag.py:3954} INFO - Setting next_dagrun for example_params_trigger_ui to None, run_after=None
[2025-12-27T14:30:20.501+0000] {processor.py:183} INFO - Processing /home/airflow/.local/lib/python3.12/site-packages/airflow/example_dags/example_params_trigger_ui.py took 0.975 seconds
[2025-12-27T14:30:50.828+0000] {processor.py:161} INFO - Started process (PID=1503) to work on /home/airflow/.local/lib/python3.12/site-packages/airflow/example_dags/example_params_trigger_ui.py
[2025-12-27T14:30:50.831+0000] {processor.py:830} INFO - Processing file /home/airflow/.local/lib/python3.12/site-packages/airflow/example_dags/example_params_trigger_ui.py for tasks to queue
[2025-12-27T14:30:50.834+0000] {logging_mixin.py:188} INFO - [2025-12-27T14:30:50.833+0000] {dagbag.py:540} INFO - Filling up the DagBag from /home/airflow/.local/lib/python3.12/site-packages/airflow/example_dags/example_params_trigger_ui.py
[2025-12-27T14:30:50.870+0000] {processor.py:840} INFO - DAG(s) 'example_params_trigger_ui' retrieved from /home/airflow/.local/lib/python3.12/site-packages/airflow/example_dags/example_params_trigger_ui.py
[2025-12-27T14:30:50.989+0000] {logging_mixin.py:188} INFO - [2025-12-27T14:30:50.989+0000] {dag.py:3096} INFO - Sync 1 DAGs
[2025-12-27T14:30:51.023+0000] {logging_mixin.py:188} INFO - [2025-12-27T14:30:51.022+0000] {dag.py:3954} INFO - Setting next_dagrun for example_params_trigger_ui to None, run_after=None
[2025-12-27T14:30:51.079+0000] {processor.py:183} INFO - Processing /home/airflow/.local/lib/python3.12/site-packages/airflow/example_dags/example_params_trigger_ui.py took 0.268 seconds
[2025-12-27T14:31:21.292+0000] {processor.py:161} INFO - Started process (PID=1561) to work on /home/airflow/.local/lib/python3.12/site-packages/airflow/example_dags/example_params_trigger_ui.py
[2025-12-27T14:31:21.296+0000] {processor.py:830} INFO - Processing file /home/airflow/.local/lib/python3.12/site-packages/airflow/example_dags/example_params_trigger_ui.py for tasks to queue
[2025-12-27T14:31:21.299+0000] {logging_mixin.py:188} INFO - [2025-12-27T14:31:21.298+0000] {dagbag.py:540} INFO - Filling up the DagBag from /home/airflow/.local/lib/python3.12/site-packages/airflow/example_dags/example_params_trigger_ui.py
[2025-12-27T14:31:21.351+0000] {processor.py:840} INFO - DAG(s) 'example_params_trigger_ui' retrieved from /home/airflow/.local/lib/python3.12/site-packages/airflow/example_dags/example_params_trigger_ui.py
[2025-12-27T14:31:21.564+0000] {logging_mixin.py:188} INFO - [2025-12-27T14:31:21.564+0000] {dag.py:3096} INFO - Sync 1 DAGs
[2025-12-27T14:31:21.631+0000] {logging_mixin.py:188} INFO - [2025-12-27T14:31:21.631+0000] {dag.py:3954} INFO - Setting next_dagrun for example_params_trigger_ui to None, run_after=None
[2025-12-27T14:31:21.732+0000] {processor.py:183} INFO - Processing /home/airflow/.local/lib/python3.12/site-packages/airflow/example_dags/example_params_trigger_ui.py took 0.461 seconds
[2025-12-27T14:31:52.023+0000] {processor.py:161} INFO - Started process (PID=1619) to work on /home/airflow/.local/lib/python3.12/site-packages/airflow/example_dags/example_params_trigger_ui.py
[2025-12-27T14:31:52.027+0000] {processor.py:830} INFO - Processing file /home/airflow/.local/lib/python3.12/site-packages/airflow/example_dags/example_params_trigger_ui.py for tasks to queue
[2025-12-27T14:31:52.030+0000] {logging_mixin.py:188} INFO - [2025-12-27T14:31:52.029+0000] {dagbag.py:540} INFO - Filling up the DagBag from /home/airflow/.local/lib/python3.12/site-packages/airflow/example_dags/example_params_trigger_ui.py
[2025-12-27T14:31:52.074+0000] {processor.py:840} INFO - DAG(s) 'example_params_trigger_ui' retrieved from /home/airflow/.local/lib/python3.12/site-packages/airflow/example_dags/example_params_trigger_ui.py
[2025-12-27T14:31:52.188+0000] {logging_mixin.py:188} INFO - [2025-12-27T14:31:52.188+0000] {dag.py:3096} INFO - Sync 1 DAGs
[2025-12-27T14:31:52.227+0000] {logging_mixin.py:188} INFO - [2025-12-27T14:31:52.226+0000] {dag.py:3954} INFO - Setting next_dagrun for example_params_trigger_ui to None, run_after=None
[2025-12-27T14:31:52.286+0000] {processor.py:183} INFO - Processing /home/airflow/.local/lib/python3.12/site-packages/airflow/example_dags/example_params_trigger_ui.py took 0.283 seconds
[2025-12-27T14:32:22.450+0000] {processor.py:161} INFO - Started process (PID=1677) to work on /home/airflow/.local/lib/python3.12/site-packages/airflow/example_dags/example_params_trigger_ui.py
[2025-12-27T14:32:22.453+0000] {processor.py:830} INFO - Processing file /home/airflow/.local/lib/python3.12/site-packages/airflow/example_dags/example_params_trigger_ui.py for tasks to queue
[2025-12-27T14:32:22.456+0000] {logging_mixin.py:188} INFO - [2025-12-27T14:32:22.455+0000] {dagbag.py:540} INFO - Filling up the DagBag from /home/airflow/.local/lib/python3.12/site-packages/airflow/example_dags/example_params_trigger_ui.py
[2025-12-27T14:32:22.497+0000] {processor.py:840} INFO - DAG(s) 'example_params_trigger_ui' retrieved from /home/airflow/.local/lib/python3.12/site-packages/airflow/example_dags/example_params_trigger_ui.py
[2025-12-27T14:32:22.624+0000] {logging_mixin.py:188} INFO - [2025-12-27T14:32:22.623+0000] {dag.py:3096} INFO - Sync 1 DAGs
[2025-12-27T14:32:22.659+0000] {logging_mixin.py:188} INFO - [2025-12-27T14:32:22.658+0000] {dag.py:3954} INFO - Setting next_dagrun for example_params_trigger_ui to None, run_after=None
[2025-12-27T14:32:22.716+0000] {processor.py:183} INFO - Processing /home/airflow/.local/lib/python3.12/site-packages/airflow/example_dags/example_params_trigger_ui.py took 0.287 seconds
[2025-12-27T14:32:53.333+0000] {processor.py:161} INFO - Started process (PID=1736) to work on /home/airflow/.local/lib/python3.12/site-packages/airflow/example_dags/example_params_trigger_ui.py
[2025-12-27T14:32:53.336+0000] {processor.py:830} INFO - Processing file /home/airflow/.local/lib/python3.12/site-packages/airflow/example_dags/example_params_trigger_ui.py for tasks to queue
[2025-12-27T14:32:53.338+0000] {logging_mixin.py:188} INFO - [2025-12-27T14:32:53.338+0000] {dagbag.py:540} INFO - Filling up the DagBag from /home/airflow/.local/lib/python3.12/site-packages/airflow/example_dags/example_params_trigger_ui.py
[2025-12-27T14:32:53.380+0000] {processor.py:840} INFO - DAG(s) 'example_params_trigger_ui' retrieved from /home/airflow/.local/lib/python3.12/site-packages/airflow/example_dags/example_params_trigger_ui.py
[2025-12-27T14:32:53.506+0000] {logging_mixin.py:188} INFO - [2025-12-27T14:32:53.506+0000] {dag.py:3096} INFO - Sync 1 DAGs
[2025-12-27T14:32:53.541+0000] {logging_mixin.py:188} INFO - [2025-12-27T14:32:53.541+0000] {dag.py:3954} INFO - Setting next_dagrun for example_params_trigger_ui to None, run_after=None
[2025-12-27T14:32:53.597+0000] {processor.py:183} INFO - Processing /home/airflow/.local/lib/python3.12/site-packages/airflow/example_dags/example_params_trigger_ui.py took 0.281 seconds
[2025-12-27T14:33:23.769+0000] {processor.py:161} INFO - Started process (PID=1794) to work on /home/airflow/.local/lib/python3.12/site-packages/airflow/example_dags/example_params_trigger_ui.py
[2025-12-27T14:33:23.772+0000] {processor.py:830} INFO - Processing file /home/airflow/.local/lib/python3.12/site-packages/airflow/example_dags/example_params_trigger_ui.py for tasks to queue
[2025-12-27T14:33:23.775+0000] {logging_mixin.py:188} INFO - [2025-12-27T14:33:23.774+0000] {dagbag.py:540} INFO - Filling up the DagBag from /home/airflow/.local/lib/python3.12/site-packages/airflow/example_dags/example_params_trigger_ui.py
[2025-12-27T14:33:23.814+0000] {processor.py:840} INFO - DAG(s) 'example_params_trigger_ui' retrieved from /home/airflow/.local/lib/python3.12/site-packages/airflow/example_dags/example_params_trigger_ui.py
[2025-12-27T14:33:23.969+0000] {logging_mixin.py:188} INFO - [2025-12-27T14:33:23.968+0000] {dag.py:3096} INFO - Sync 1 DAGs
[2025-12-27T14:33:24.007+0000] {logging_mixin.py:188} INFO - [2025-12-27T14:33:24.006+0000] {dag.py:3954} INFO - Setting next_dagrun for example_params_trigger_ui to None, run_after=None
[2025-12-27T14:33:24.075+0000] {processor.py:183} INFO - Processing /home/airflow/.local/lib/python3.12/site-packages/airflow/example_dags/example_params_trigger_ui.py took 0.327 seconds
[2025-12-27T14:33:54.184+0000] {processor.py:161} INFO - Started process (PID=1852) to work on /home/airflow/.local/lib/python3.12/site-packages/airflow/example_dags/example_params_trigger_ui.py
[2025-12-27T14:33:54.188+0000] {processor.py:830} INFO - Processing file /home/airflow/.local/lib/python3.12/site-packages/airflow/example_dags/example_params_trigger_ui.py for tasks to queue
[2025-12-27T14:33:54.191+0000] {logging_mixin.py:188} INFO - [2025-12-27T14:33:54.190+0000] {dagbag.py:540} INFO - Filling up the DagBag from /home/airflow/.local/lib/python3.12/site-packages/airflow/example_dags/example_params_trigger_ui.py
[2025-12-27T14:33:54.235+0000] {processor.py:840} INFO - DAG(s) 'example_params_trigger_ui' retrieved from /home/airflow/.local/lib/python3.12/site-packages/airflow/example_dags/example_params_trigger_ui.py
[2025-12-27T14:33:54.401+0000] {logging_mixin.py:188} INFO - [2025-12-27T14:33:54.400+0000] {dag.py:3096} INFO - Sync 1 DAGs
[2025-12-27T14:33:54.461+0000] {logging_mixin.py:188} INFO - [2025-12-27T14:33:54.460+0000] {dag.py:3954} INFO - Setting next_dagrun for example_params_trigger_ui to None, run_after=None
[2025-12-27T14:33:54.585+0000] {processor.py:183} INFO - Processing /home/airflow/.local/lib/python3.12/site-packages/airflow/example_dags/example_params_trigger_ui.py took 0.420 seconds
[2025-12-27T14:34:26.606+0000] {processor.py:161} INFO - Started process (PID=1909) to work on /home/airflow/.local/lib/python3.12/site-packages/airflow/example_dags/example_params_trigger_ui.py
[2025-12-27T14:34:26.612+0000] {processor.py:830} INFO - Processing file /home/airflow/.local/lib/python3.12/site-packages/airflow/example_dags/example_params_trigger_ui.py for tasks to queue
[2025-12-27T14:34:26.620+0000] {logging_mixin.py:188} INFO - [2025-12-27T14:34:26.618+0000] {dagbag.py:540} INFO - Filling up the DagBag from /home/airflow/.local/lib/python3.12/site-packages/airflow/example_dags/example_params_trigger_ui.py
[2025-12-27T14:34:26.684+0000] {processor.py:840} INFO - DAG(s) 'example_params_trigger_ui' retrieved from /home/airflow/.local/lib/python3.12/site-packages/airflow/example_dags/example_params_trigger_ui.py
[2025-12-27T14:34:26.914+0000] {logging_mixin.py:188} INFO - [2025-12-27T14:34:26.913+0000] {dag.py:3096} INFO - Sync 1 DAGs
[2025-12-27T14:34:27.002+0000] {logging_mixin.py:188} INFO - [2025-12-27T14:34:27.001+0000] {dag.py:3954} INFO - Setting next_dagrun for example_params_trigger_ui to None, run_after=None
[2025-12-27T14:34:27.162+0000] {processor.py:183} INFO - Processing /home/airflow/.local/lib/python3.12/site-packages/airflow/example_dags/example_params_trigger_ui.py took 0.576 seconds
[2025-12-27T14:34:57.583+0000] {processor.py:161} INFO - Started process (PID=1968) to work on /home/airflow/.local/lib/python3.12/site-packages/airflow/example_dags/example_params_trigger_ui.py
[2025-12-27T14:34:57.587+0000] {processor.py:830} INFO - Processing file /home/airflow/.local/lib/python3.12/site-packages/airflow/example_dags/example_params_trigger_ui.py for tasks to queue
[2025-12-27T14:34:57.598+0000] {logging_mixin.py:188} INFO - [2025-12-27T14:34:57.593+0000] {dagbag.py:540} INFO - Filling up the DagBag from /home/airflow/.local/lib/python3.12/site-packages/airflow/example_dags/example_params_trigger_ui.py
[2025-12-27T14:34:57.711+0000] {processor.py:840} INFO - DAG(s) 'example_params_trigger_ui' retrieved from /home/airflow/.local/lib/python3.12/site-packages/airflow/example_dags/example_params_trigger_ui.py
[2025-12-27T14:34:57.975+0000] {logging_mixin.py:188} INFO - [2025-12-27T14:34:57.975+0000] {dag.py:3096} INFO - Sync 1 DAGs
[2025-12-27T14:34:58.050+0000] {logging_mixin.py:188} INFO - [2025-12-27T14:34:58.049+0000] {dag.py:3954} INFO - Setting next_dagrun for example_params_trigger_ui to None, run_after=None
[2025-12-27T14:34:58.117+0000] {processor.py:183} INFO - Processing /home/airflow/.local/lib/python3.12/site-packages/airflow/example_dags/example_params_trigger_ui.py took 0.562 seconds
[2025-12-27T14:35:28.713+0000] {processor.py:161} INFO - Started process (PID=2024) to work on /home/airflow/.local/lib/python3.12/site-packages/airflow/example_dags/example_params_trigger_ui.py
[2025-12-27T14:35:28.719+0000] {processor.py:830} INFO - Processing file /home/airflow/.local/lib/python3.12/site-packages/airflow/example_dags/example_params_trigger_ui.py for tasks to queue
[2025-12-27T14:35:28.724+0000] {logging_mixin.py:188} INFO - [2025-12-27T14:35:28.722+0000] {dagbag.py:540} INFO - Filling up the DagBag from /home/airflow/.local/lib/python3.12/site-packages/airflow/example_dags/example_params_trigger_ui.py
[2025-12-27T14:35:28.932+0000] {processor.py:840} INFO - DAG(s) 'example_params_trigger_ui' retrieved from /home/airflow/.local/lib/python3.12/site-packages/airflow/example_dags/example_params_trigger_ui.py
[2025-12-27T14:35:29.185+0000] {logging_mixin.py:188} INFO - [2025-12-27T14:35:29.185+0000] {dag.py:3096} INFO - Sync 1 DAGs
[2025-12-27T14:35:29.245+0000] {logging_mixin.py:188} INFO - [2025-12-27T14:35:29.245+0000] {dag.py:3954} INFO - Setting next_dagrun for example_params_trigger_ui to None, run_after=None
[2025-12-27T14:35:29.326+0000] {processor.py:183} INFO - Processing /home/airflow/.local/lib/python3.12/site-packages/airflow/example_dags/example_params_trigger_ui.py took 0.648 seconds
[2025-12-27T14:36:00.019+0000] {processor.py:161} INFO - Started process (PID=2082) to work on /home/airflow/.local/lib/python3.12/site-packages/airflow/example_dags/example_params_trigger_ui.py
[2025-12-27T14:36:00.033+0000] {processor.py:830} INFO - Processing file /home/airflow/.local/lib/python3.12/site-packages/airflow/example_dags/example_params_trigger_ui.py for tasks to queue
[2025-12-27T14:36:00.038+0000] {logging_mixin.py:188} INFO - [2025-12-27T14:36:00.036+0000] {dagbag.py:540} INFO - Filling up the DagBag from /home/airflow/.local/lib/python3.12/site-packages/airflow/example_dags/example_params_trigger_ui.py
[2025-12-27T14:36:00.314+0000] {processor.py:840} INFO - DAG(s) 'example_params_trigger_ui' retrieved from /home/airflow/.local/lib/python3.12/site-packages/airflow/example_dags/example_params_trigger_ui.py
[2025-12-27T14:36:02.239+0000] {logging_mixin.py:188} INFO - [2025-12-27T14:36:02.239+0000] {dag.py:3096} INFO - Sync 1 DAGs
[2025-12-27T14:36:02.530+0000] {logging_mixin.py:188} INFO - [2025-12-27T14:36:02.529+0000] {dag.py:3954} INFO - Setting next_dagrun for example_params_trigger_ui to None, run_after=None
[2025-12-27T14:36:02.916+0000] {processor.py:183} INFO - Processing /home/airflow/.local/lib/python3.12/site-packages/airflow/example_dags/example_params_trigger_ui.py took 2.943 seconds
[2025-12-27T14:36:38.745+0000] {processor.py:161} INFO - Started process (PID=2141) to work on /home/airflow/.local/lib/python3.12/site-packages/airflow/example_dags/example_params_trigger_ui.py
[2025-12-27T14:36:38.748+0000] {processor.py:830} INFO - Processing file /home/airflow/.local/lib/python3.12/site-packages/airflow/example_dags/example_params_trigger_ui.py for tasks to queue
[2025-12-27T14:36:38.751+0000] {logging_mixin.py:188} INFO - [2025-12-27T14:36:38.750+0000] {dagbag.py:540} INFO - Filling up the DagBag from /home/airflow/.local/lib/python3.12/site-packages/airflow/example_dags/example_params_trigger_ui.py
[2025-12-27T14:36:38.821+0000] {processor.py:840} INFO - DAG(s) 'example_params_trigger_ui' retrieved from /home/airflow/.local/lib/python3.12/site-packages/airflow/example_dags/example_params_trigger_ui.py
[2025-12-27T14:36:38.985+0000] {logging_mixin.py:188} INFO - [2025-12-27T14:36:38.984+0000] {dag.py:3096} INFO - Sync 1 DAGs
[2025-12-27T14:36:39.032+0000] {logging_mixin.py:188} INFO - [2025-12-27T14:36:39.031+0000] {dag.py:3954} INFO - Setting next_dagrun for example_params_trigger_ui to None, run_after=None
[2025-12-27T14:36:39.088+0000] {processor.py:183} INFO - Processing /home/airflow/.local/lib/python3.12/site-packages/airflow/example_dags/example_params_trigger_ui.py took 0.362 seconds
[2025-12-27T14:37:09.357+0000] {processor.py:161} INFO - Started process (PID=2200) to work on /home/airflow/.local/lib/python3.12/site-packages/airflow/example_dags/example_params_trigger_ui.py
[2025-12-27T14:37:09.360+0000] {processor.py:830} INFO - Processing file /home/airflow/.local/lib/python3.12/site-packages/airflow/example_dags/example_params_trigger_ui.py for tasks to queue
[2025-12-27T14:37:09.363+0000] {logging_mixin.py:188} INFO - [2025-12-27T14:37:09.362+0000] {dagbag.py:540} INFO - Filling up the DagBag from /home/airflow/.local/lib/python3.12/site-packages/airflow/example_dags/example_params_trigger_ui.py
[2025-12-27T14:37:09.414+0000] {processor.py:840} INFO - DAG(s) 'example_params_trigger_ui' retrieved from /home/airflow/.local/lib/python3.12/site-packages/airflow/example_dags/example_params_trigger_ui.py
[2025-12-27T14:37:09.541+0000] {logging_mixin.py:188} INFO - [2025-12-27T14:37:09.541+0000] {dag.py:3096} INFO - Sync 1 DAGs
[2025-12-27T14:37:09.579+0000] {logging_mixin.py:188} INFO - [2025-12-27T14:37:09.579+0000] {dag.py:3954} INFO - Setting next_dagrun for example_params_trigger_ui to None, run_after=None
[2025-12-27T14:37:09.642+0000] {processor.py:183} INFO - Processing /home/airflow/.local/lib/python3.12/site-packages/airflow/example_dags/example_params_trigger_ui.py took 0.312 seconds
[2025-12-27T14:37:41.580+0000] {processor.py:161} INFO - Started process (PID=2259) to work on /home/airflow/.local/lib/python3.12/site-packages/airflow/example_dags/example_params_trigger_ui.py
[2025-12-27T14:37:41.584+0000] {processor.py:830} INFO - Processing file /home/airflow/.local/lib/python3.12/site-packages/airflow/example_dags/example_params_trigger_ui.py for tasks to queue
[2025-12-27T14:37:41.586+0000] {logging_mixin.py:188} INFO - [2025-12-27T14:37:41.585+0000] {dagbag.py:540} INFO - Filling up the DagBag from /home/airflow/.local/lib/python3.12/site-packages/airflow/example_dags/example_params_trigger_ui.py
[2025-12-27T14:37:41.658+0000] {processor.py:840} INFO - DAG(s) 'example_params_trigger_ui' retrieved from /home/airflow/.local/lib/python3.12/site-packages/airflow/example_dags/example_params_trigger_ui.py
[2025-12-27T14:37:41.821+0000] {logging_mixin.py:188} INFO - [2025-12-27T14:37:41.820+0000] {dag.py:3096} INFO - Sync 1 DAGs
[2025-12-27T14:37:41.870+0000] {logging_mixin.py:188} INFO - [2025-12-27T14:37:41.869+0000] {dag.py:3954} INFO - Setting next_dagrun for example_params_trigger_ui to None, run_after=None
[2025-12-27T14:37:41.930+0000] {processor.py:183} INFO - Processing /home/airflow/.local/lib/python3.12/site-packages/airflow/example_dags/example_params_trigger_ui.py took 0.367 seconds
[2025-12-27T14:38:13.700+0000] {processor.py:161} INFO - Started process (PID=2317) to work on /home/airflow/.local/lib/python3.12/site-packages/airflow/example_dags/example_params_trigger_ui.py
[2025-12-27T14:38:13.704+0000] {processor.py:830} INFO - Processing file /home/airflow/.local/lib/python3.12/site-packages/airflow/example_dags/example_params_trigger_ui.py for tasks to queue
[2025-12-27T14:38:13.709+0000] {logging_mixin.py:188} INFO - [2025-12-27T14:38:13.707+0000] {dagbag.py:540} INFO - Filling up the DagBag from /home/airflow/.local/lib/python3.12/site-packages/airflow/example_dags/example_params_trigger_ui.py
[2025-12-27T14:38:13.757+0000] {processor.py:840} INFO - DAG(s) 'example_params_trigger_ui' retrieved from /home/airflow/.local/lib/python3.12/site-packages/airflow/example_dags/example_params_trigger_ui.py
[2025-12-27T14:38:13.934+0000] {logging_mixin.py:188} INFO - [2025-12-27T14:38:13.934+0000] {dag.py:3096} INFO - Sync 1 DAGs
[2025-12-27T14:38:13.994+0000] {logging_mixin.py:188} INFO - [2025-12-27T14:38:13.993+0000] {dag.py:3954} INFO - Setting next_dagrun for example_params_trigger_ui to None, run_after=None
[2025-12-27T14:38:14.076+0000] {processor.py:183} INFO - Processing /home/airflow/.local/lib/python3.12/site-packages/airflow/example_dags/example_params_trigger_ui.py took 0.395 seconds
[2025-12-27T14:38:46.091+0000] {processor.py:161} INFO - Started process (PID=2376) to work on /home/airflow/.local/lib/python3.12/site-packages/airflow/example_dags/example_params_trigger_ui.py
[2025-12-27T14:38:46.093+0000] {processor.py:830} INFO - Processing file /home/airflow/.local/lib/python3.12/site-packages/airflow/example_dags/example_params_trigger_ui.py for tasks to queue
[2025-12-27T14:38:46.097+0000] {logging_mixin.py:188} INFO - [2025-12-27T14:38:46.096+0000] {dagbag.py:540} INFO - Filling up the DagBag from /home/airflow/.local/lib/python3.12/site-packages/airflow/example_dags/example_params_trigger_ui.py
[2025-12-27T14:38:46.147+0000] {processor.py:840} INFO - DAG(s) 'example_params_trigger_ui' retrieved from /home/airflow/.local/lib/python3.12/site-packages/airflow/example_dags/example_params_trigger_ui.py
[2025-12-27T14:38:46.294+0000] {logging_mixin.py:188} INFO - [2025-12-27T14:38:46.294+0000] {dag.py:3096} INFO - Sync 1 DAGs
[2025-12-27T14:38:46.341+0000] {logging_mixin.py:188} INFO - [2025-12-27T14:38:46.340+0000] {dag.py:3954} INFO - Setting next_dagrun for example_params_trigger_ui to None, run_after=None
[2025-12-27T14:38:46.404+0000] {processor.py:183} INFO - Processing /home/airflow/.local/lib/python3.12/site-packages/airflow/example_dags/example_params_trigger_ui.py took 0.335 seconds
[2025-12-27T14:39:18.537+0000] {processor.py:161} INFO - Started process (PID=2434) to work on /home/airflow/.local/lib/python3.12/site-packages/airflow/example_dags/example_params_trigger_ui.py
[2025-12-27T14:39:18.560+0000] {processor.py:830} INFO - Processing file /home/airflow/.local/lib/python3.12/site-packages/airflow/example_dags/example_params_trigger_ui.py for tasks to queue
[2025-12-27T14:39:18.564+0000] {logging_mixin.py:188} INFO - [2025-12-27T14:39:18.563+0000] {dagbag.py:540} INFO - Filling up the DagBag from /home/airflow/.local/lib/python3.12/site-packages/airflow/example_dags/example_params_trigger_ui.py
[2025-12-27T14:39:18.721+0000] {processor.py:840} INFO - DAG(s) 'example_params_trigger_ui' retrieved from /home/airflow/.local/lib/python3.12/site-packages/airflow/example_dags/example_params_trigger_ui.py
[2025-12-27T14:39:19.048+0000] {logging_mixin.py:188} INFO - [2025-12-27T14:39:19.046+0000] {dag.py:3096} INFO - Sync 1 DAGs
[2025-12-27T14:39:19.224+0000] {logging_mixin.py:188} INFO - [2025-12-27T14:39:19.223+0000] {dag.py:3954} INFO - Setting next_dagrun for example_params_trigger_ui to None, run_after=None
[2025-12-27T14:39:19.341+0000] {processor.py:183} INFO - Processing /home/airflow/.local/lib/python3.12/site-packages/airflow/example_dags/example_params_trigger_ui.py took 0.844 seconds
[2025-12-27T14:39:50.028+0000] {processor.py:161} INFO - Started process (PID=2492) to work on /home/airflow/.local/lib/python3.12/site-packages/airflow/example_dags/example_params_trigger_ui.py
[2025-12-27T14:39:50.032+0000] {processor.py:830} INFO - Processing file /home/airflow/.local/lib/python3.12/site-packages/airflow/example_dags/example_params_trigger_ui.py for tasks to queue
[2025-12-27T14:39:50.036+0000] {logging_mixin.py:188} INFO - [2025-12-27T14:39:50.034+0000] {dagbag.py:540} INFO - Filling up the DagBag from /home/airflow/.local/lib/python3.12/site-packages/airflow/example_dags/example_params_trigger_ui.py
[2025-12-27T14:39:50.096+0000] {processor.py:840} INFO - DAG(s) 'example_params_trigger_ui' retrieved from /home/airflow/.local/lib/python3.12/site-packages/airflow/example_dags/example_params_trigger_ui.py
[2025-12-27T14:39:50.289+0000] {logging_mixin.py:188} INFO - [2025-12-27T14:39:50.288+0000] {dag.py:3096} INFO - Sync 1 DAGs
[2025-12-27T14:39:50.385+0000] {logging_mixin.py:188} INFO - [2025-12-27T14:39:50.380+0000] {dag.py:3954} INFO - Setting next_dagrun for example_params_trigger_ui to None, run_after=None
[2025-12-27T14:39:50.484+0000] {processor.py:183} INFO - Processing /home/airflow/.local/lib/python3.12/site-packages/airflow/example_dags/example_params_trigger_ui.py took 0.485 seconds
[2025-12-27T14:40:21.322+0000] {processor.py:161} INFO - Started process (PID=2550) to work on /home/airflow/.local/lib/python3.12/site-packages/airflow/example_dags/example_params_trigger_ui.py
[2025-12-27T14:40:21.326+0000] {processor.py:830} INFO - Processing file /home/airflow/.local/lib/python3.12/site-packages/airflow/example_dags/example_params_trigger_ui.py for tasks to queue
[2025-12-27T14:40:21.330+0000] {logging_mixin.py:188} INFO - [2025-12-27T14:40:21.328+0000] {dagbag.py:540} INFO - Filling up the DagBag from /home/airflow/.local/lib/python3.12/site-packages/airflow/example_dags/example_params_trigger_ui.py
[2025-12-27T14:40:21.370+0000] {processor.py:840} INFO - DAG(s) 'example_params_trigger_ui' retrieved from /home/airflow/.local/lib/python3.12/site-packages/airflow/example_dags/example_params_trigger_ui.py
[2025-12-27T14:40:21.495+0000] {logging_mixin.py:188} INFO - [2025-12-27T14:40:21.494+0000] {dag.py:3096} INFO - Sync 1 DAGs
[2025-12-27T14:40:21.529+0000] {logging_mixin.py:188} INFO - [2025-12-27T14:40:21.528+0000] {dag.py:3954} INFO - Setting next_dagrun for example_params_trigger_ui to None, run_after=None
[2025-12-27T14:40:21.595+0000] {processor.py:183} INFO - Processing /home/airflow/.local/lib/python3.12/site-packages/airflow/example_dags/example_params_trigger_ui.py took 0.290 seconds
[2025-12-27T14:40:51.692+0000] {processor.py:161} INFO - Started process (PID=2608) to work on /home/airflow/.local/lib/python3.12/site-packages/airflow/example_dags/example_params_trigger_ui.py
[2025-12-27T14:40:51.699+0000] {processor.py:830} INFO - Processing file /home/airflow/.local/lib/python3.12/site-packages/airflow/example_dags/example_params_trigger_ui.py for tasks to queue
[2025-12-27T14:40:51.702+0000] {logging_mixin.py:188} INFO - [2025-12-27T14:40:51.701+0000] {dagbag.py:540} INFO - Filling up the DagBag from /home/airflow/.local/lib/python3.12/site-packages/airflow/example_dags/example_params_trigger_ui.py
[2025-12-27T14:40:51.746+0000] {processor.py:840} INFO - DAG(s) 'example_params_trigger_ui' retrieved from /home/airflow/.local/lib/python3.12/site-packages/airflow/example_dags/example_params_trigger_ui.py
[2025-12-27T14:40:51.877+0000] {logging_mixin.py:188} INFO - [2025-12-27T14:40:51.876+0000] {dag.py:3096} INFO - Sync 1 DAGs
[2025-12-27T14:40:51.924+0000] {logging_mixin.py:188} INFO - [2025-12-27T14:40:51.924+0000] {dag.py:3954} INFO - Setting next_dagrun for example_params_trigger_ui to None, run_after=None
[2025-12-27T14:40:51.985+0000] {processor.py:183} INFO - Processing /home/airflow/.local/lib/python3.12/site-packages/airflow/example_dags/example_params_trigger_ui.py took 0.309 seconds
[2025-12-27T14:41:22.101+0000] {processor.py:161} INFO - Started process (PID=2664) to work on /home/airflow/.local/lib/python3.12/site-packages/airflow/example_dags/example_params_trigger_ui.py
[2025-12-27T14:41:22.104+0000] {processor.py:830} INFO - Processing file /home/airflow/.local/lib/python3.12/site-packages/airflow/example_dags/example_params_trigger_ui.py for tasks to queue
[2025-12-27T14:41:22.106+0000] {logging_mixin.py:188} INFO - [2025-12-27T14:41:22.105+0000] {dagbag.py:540} INFO - Filling up the DagBag from /home/airflow/.local/lib/python3.12/site-packages/airflow/example_dags/example_params_trigger_ui.py
[2025-12-27T14:41:22.151+0000] {processor.py:840} INFO - DAG(s) 'example_params_trigger_ui' retrieved from /home/airflow/.local/lib/python3.12/site-packages/airflow/example_dags/example_params_trigger_ui.py
[2025-12-27T14:41:22.264+0000] {logging_mixin.py:188} INFO - [2025-12-27T14:41:22.263+0000] {dag.py:3096} INFO - Sync 1 DAGs
[2025-12-27T14:41:22.296+0000] {logging_mixin.py:188} INFO - [2025-12-27T14:41:22.295+0000] {dag.py:3954} INFO - Setting next_dagrun for example_params_trigger_ui to None, run_after=None
[2025-12-27T14:41:22.356+0000] {processor.py:183} INFO - Processing /home/airflow/.local/lib/python3.12/site-packages/airflow/example_dags/example_params_trigger_ui.py took 0.271 seconds
[2025-12-27T14:41:52.574+0000] {processor.py:161} INFO - Started process (PID=2722) to work on /home/airflow/.local/lib/python3.12/site-packages/airflow/example_dags/example_params_trigger_ui.py
[2025-12-27T14:41:52.577+0000] {processor.py:830} INFO - Processing file /home/airflow/.local/lib/python3.12/site-packages/airflow/example_dags/example_params_trigger_ui.py for tasks to queue
[2025-12-27T14:41:52.582+0000] {logging_mixin.py:188} INFO - [2025-12-27T14:41:52.581+0000] {dagbag.py:540} INFO - Filling up the DagBag from /home/airflow/.local/lib/python3.12/site-packages/airflow/example_dags/example_params_trigger_ui.py
[2025-12-27T14:41:52.641+0000] {processor.py:840} INFO - DAG(s) 'example_params_trigger_ui' retrieved from /home/airflow/.local/lib/python3.12/site-packages/airflow/example_dags/example_params_trigger_ui.py
[2025-12-27T14:41:52.804+0000] {logging_mixin.py:188} INFO - [2025-12-27T14:41:52.803+0000] {dag.py:3096} INFO - Sync 1 DAGs
[2025-12-27T14:41:52.850+0000] {logging_mixin.py:188} INFO - [2025-12-27T14:41:52.850+0000] {dag.py:3954} INFO - Setting next_dagrun for example_params_trigger_ui to None, run_after=None
[2025-12-27T14:41:52.930+0000] {processor.py:183} INFO - Processing /home/airflow/.local/lib/python3.12/site-packages/airflow/example_dags/example_params_trigger_ui.py took 0.385 seconds
[2025-12-27T14:42:23.501+0000] {processor.py:161} INFO - Started process (PID=2780) to work on /home/airflow/.local/lib/python3.12/site-packages/airflow/example_dags/example_params_trigger_ui.py
[2025-12-27T14:42:23.507+0000] {processor.py:830} INFO - Processing file /home/airflow/.local/lib/python3.12/site-packages/airflow/example_dags/example_params_trigger_ui.py for tasks to queue
[2025-12-27T14:42:23.520+0000] {logging_mixin.py:188} INFO - [2025-12-27T14:42:23.517+0000] {dagbag.py:540} INFO - Filling up the DagBag from /home/airflow/.local/lib/python3.12/site-packages/airflow/example_dags/example_params_trigger_ui.py
[2025-12-27T14:42:23.604+0000] {processor.py:840} INFO - DAG(s) 'example_params_trigger_ui' retrieved from /home/airflow/.local/lib/python3.12/site-packages/airflow/example_dags/example_params_trigger_ui.py
[2025-12-27T14:42:23.783+0000] {logging_mixin.py:188} INFO - [2025-12-27T14:42:23.782+0000] {dag.py:3096} INFO - Sync 1 DAGs
[2025-12-27T14:42:23.827+0000] {logging_mixin.py:188} INFO - [2025-12-27T14:42:23.827+0000] {dag.py:3954} INFO - Setting next_dagrun for example_params_trigger_ui to None, run_after=None
[2025-12-27T14:42:23.900+0000] {processor.py:183} INFO - Processing /home/airflow/.local/lib/python3.12/site-packages/airflow/example_dags/example_params_trigger_ui.py took 0.424 seconds
[2025-12-27T14:42:54.014+0000] {processor.py:161} INFO - Started process (PID=2838) to work on /home/airflow/.local/lib/python3.12/site-packages/airflow/example_dags/example_params_trigger_ui.py
[2025-12-27T14:42:54.017+0000] {processor.py:830} INFO - Processing file /home/airflow/.local/lib/python3.12/site-packages/airflow/example_dags/example_params_trigger_ui.py for tasks to queue
[2025-12-27T14:42:54.020+0000] {logging_mixin.py:188} INFO - [2025-12-27T14:42:54.019+0000] {dagbag.py:540} INFO - Filling up the DagBag from /home/airflow/.local/lib/python3.12/site-packages/airflow/example_dags/example_params_trigger_ui.py
[2025-12-27T14:42:54.069+0000] {processor.py:840} INFO - DAG(s) 'example_params_trigger_ui' retrieved from /home/airflow/.local/lib/python3.12/site-packages/airflow/example_dags/example_params_trigger_ui.py
[2025-12-27T14:42:54.200+0000] {logging_mixin.py:188} INFO - [2025-12-27T14:42:54.199+0000] {dag.py:3096} INFO - Sync 1 DAGs
[2025-12-27T14:42:54.235+0000] {logging_mixin.py:188} INFO - [2025-12-27T14:42:54.235+0000] {dag.py:3954} INFO - Setting next_dagrun for example_params_trigger_ui to None, run_after=None
[2025-12-27T14:42:54.288+0000] {processor.py:183} INFO - Processing /home/airflow/.local/lib/python3.12/site-packages/airflow/example_dags/example_params_trigger_ui.py took 0.290 seconds
[2025-12-27T14:43:24.650+0000] {processor.py:161} INFO - Started process (PID=2896) to work on /home/airflow/.local/lib/python3.12/site-packages/airflow/example_dags/example_params_trigger_ui.py
[2025-12-27T14:43:24.653+0000] {processor.py:830} INFO - Processing file /home/airflow/.local/lib/python3.12/site-packages/airflow/example_dags/example_params_trigger_ui.py for tasks to queue
[2025-12-27T14:43:24.656+0000] {logging_mixin.py:188} INFO - [2025-12-27T14:43:24.655+0000] {dagbag.py:540} INFO - Filling up the DagBag from /home/airflow/.local/lib/python3.12/site-packages/airflow/example_dags/example_params_trigger_ui.py
[2025-12-27T14:43:24.716+0000] {processor.py:840} INFO - DAG(s) 'example_params_trigger_ui' retrieved from /home/airflow/.local/lib/python3.12/site-packages/airflow/example_dags/example_params_trigger_ui.py
[2025-12-27T14:43:24.907+0000] {logging_mixin.py:188} INFO - [2025-12-27T14:43:24.906+0000] {dag.py:3096} INFO - Sync 1 DAGs
[2025-12-27T14:43:24.946+0000] {logging_mixin.py:188} INFO - [2025-12-27T14:43:24.946+0000] {dag.py:3954} INFO - Setting next_dagrun for example_params_trigger_ui to None, run_after=None
[2025-12-27T14:43:25.019+0000] {processor.py:183} INFO - Processing /home/airflow/.local/lib/python3.12/site-packages/airflow/example_dags/example_params_trigger_ui.py took 0.392 seconds
[2025-12-27T14:43:55.550+0000] {processor.py:161} INFO - Started process (PID=2955) to work on /home/airflow/.local/lib/python3.12/site-packages/airflow/example_dags/example_params_trigger_ui.py
[2025-12-27T14:43:55.554+0000] {processor.py:830} INFO - Processing file /home/airflow/.local/lib/python3.12/site-packages/airflow/example_dags/example_params_trigger_ui.py for tasks to queue
[2025-12-27T14:43:55.559+0000] {logging_mixin.py:188} INFO - [2025-12-27T14:43:55.557+0000] {dagbag.py:540} INFO - Filling up the DagBag from /home/airflow/.local/lib/python3.12/site-packages/airflow/example_dags/example_params_trigger_ui.py
[2025-12-27T14:43:55.604+0000] {processor.py:840} INFO - DAG(s) 'example_params_trigger_ui' retrieved from /home/airflow/.local/lib/python3.12/site-packages/airflow/example_dags/example_params_trigger_ui.py
[2025-12-27T14:43:55.784+0000] {logging_mixin.py:188} INFO - [2025-12-27T14:43:55.783+0000] {dag.py:3096} INFO - Sync 1 DAGs
[2025-12-27T14:43:55.839+0000] {logging_mixin.py:188} INFO - [2025-12-27T14:43:55.839+0000] {dag.py:3954} INFO - Setting next_dagrun for example_params_trigger_ui to None, run_after=None
[2025-12-27T14:43:55.901+0000] {processor.py:183} INFO - Processing /home/airflow/.local/lib/python3.12/site-packages/airflow/example_dags/example_params_trigger_ui.py took 0.380 seconds
[2025-12-27T14:44:26.837+0000] {processor.py:161} INFO - Started process (PID=3013) to work on /home/airflow/.local/lib/python3.12/site-packages/airflow/example_dags/example_params_trigger_ui.py
[2025-12-27T14:44:26.841+0000] {processor.py:830} INFO - Processing file /home/airflow/.local/lib/python3.12/site-packages/airflow/example_dags/example_params_trigger_ui.py for tasks to queue
[2025-12-27T14:44:26.844+0000] {logging_mixin.py:188} INFO - [2025-12-27T14:44:26.843+0000] {dagbag.py:540} INFO - Filling up the DagBag from /home/airflow/.local/lib/python3.12/site-packages/airflow/example_dags/example_params_trigger_ui.py
[2025-12-27T14:44:26.899+0000] {processor.py:840} INFO - DAG(s) 'example_params_trigger_ui' retrieved from /home/airflow/.local/lib/python3.12/site-packages/airflow/example_dags/example_params_trigger_ui.py
[2025-12-27T14:44:27.097+0000] {logging_mixin.py:188} INFO - [2025-12-27T14:44:27.096+0000] {dag.py:3096} INFO - Sync 1 DAGs
[2025-12-27T14:44:27.162+0000] {logging_mixin.py:188} INFO - [2025-12-27T14:44:27.160+0000] {dag.py:3954} INFO - Setting next_dagrun for example_params_trigger_ui to None, run_after=None
[2025-12-27T14:44:27.242+0000] {processor.py:183} INFO - Processing /home/airflow/.local/lib/python3.12/site-packages/airflow/example_dags/example_params_trigger_ui.py took 0.425 seconds
[2025-12-27T14:44:57.536+0000] {processor.py:161} INFO - Started process (PID=3072) to work on /home/airflow/.local/lib/python3.12/site-packages/airflow/example_dags/example_params_trigger_ui.py
[2025-12-27T14:44:57.540+0000] {processor.py:830} INFO - Processing file /home/airflow/.local/lib/python3.12/site-packages/airflow/example_dags/example_params_trigger_ui.py for tasks to queue
[2025-12-27T14:44:57.546+0000] {logging_mixin.py:188} INFO - [2025-12-27T14:44:57.543+0000] {dagbag.py:540} INFO - Filling up the DagBag from /home/airflow/.local/lib/python3.12/site-packages/airflow/example_dags/example_params_trigger_ui.py
[2025-12-27T14:44:57.622+0000] {processor.py:840} INFO - DAG(s) 'example_params_trigger_ui' retrieved from /home/airflow/.local/lib/python3.12/site-packages/airflow/example_dags/example_params_trigger_ui.py
[2025-12-27T14:44:57.872+0000] {logging_mixin.py:188} INFO - [2025-12-27T14:44:57.872+0000] {dag.py:3096} INFO - Sync 1 DAGs
[2025-12-27T14:44:57.945+0000] {logging_mixin.py:188} INFO - [2025-12-27T14:44:57.944+0000] {dag.py:3954} INFO - Setting next_dagrun for example_params_trigger_ui to None, run_after=None
[2025-12-27T14:44:58.061+0000] {processor.py:183} INFO - Processing /home/airflow/.local/lib/python3.12/site-packages/airflow/example_dags/example_params_trigger_ui.py took 0.554 seconds
[2025-12-27T14:45:28.902+0000] {processor.py:161} INFO - Started process (PID=3131) to work on /home/airflow/.local/lib/python3.12/site-packages/airflow/example_dags/example_params_trigger_ui.py
[2025-12-27T14:45:28.906+0000] {processor.py:830} INFO - Processing file /home/airflow/.local/lib/python3.12/site-packages/airflow/example_dags/example_params_trigger_ui.py for tasks to queue
[2025-12-27T14:45:28.909+0000] {logging_mixin.py:188} INFO - [2025-12-27T14:45:28.908+0000] {dagbag.py:540} INFO - Filling up the DagBag from /home/airflow/.local/lib/python3.12/site-packages/airflow/example_dags/example_params_trigger_ui.py
[2025-12-27T14:45:28.962+0000] {processor.py:840} INFO - DAG(s) 'example_params_trigger_ui' retrieved from /home/airflow/.local/lib/python3.12/site-packages/airflow/example_dags/example_params_trigger_ui.py
[2025-12-27T14:45:29.143+0000] {logging_mixin.py:188} INFO - [2025-12-27T14:45:29.142+0000] {dag.py:3096} INFO - Sync 1 DAGs
[2025-12-27T14:45:29.221+0000] {logging_mixin.py:188} INFO - [2025-12-27T14:45:29.220+0000] {dag.py:3954} INFO - Setting next_dagrun for example_params_trigger_ui to None, run_after=None
[2025-12-27T14:45:29.404+0000] {processor.py:183} INFO - Processing /home/airflow/.local/lib/python3.12/site-packages/airflow/example_dags/example_params_trigger_ui.py took 0.523 seconds
[2025-12-27T14:45:59.601+0000] {processor.py:161} INFO - Started process (PID=3189) to work on /home/airflow/.local/lib/python3.12/site-packages/airflow/example_dags/example_params_trigger_ui.py
[2025-12-27T14:45:59.605+0000] {processor.py:830} INFO - Processing file /home/airflow/.local/lib/python3.12/site-packages/airflow/example_dags/example_params_trigger_ui.py for tasks to queue
[2025-12-27T14:45:59.608+0000] {logging_mixin.py:188} INFO - [2025-12-27T14:45:59.607+0000] {dagbag.py:540} INFO - Filling up the DagBag from /home/airflow/.local/lib/python3.12/site-packages/airflow/example_dags/example_params_trigger_ui.py
[2025-12-27T14:45:59.658+0000] {processor.py:840} INFO - DAG(s) 'example_params_trigger_ui' retrieved from /home/airflow/.local/lib/python3.12/site-packages/airflow/example_dags/example_params_trigger_ui.py
[2025-12-27T14:45:59.852+0000] {logging_mixin.py:188} INFO - [2025-12-27T14:45:59.851+0000] {dag.py:3096} INFO - Sync 1 DAGs
[2025-12-27T14:45:59.895+0000] {logging_mixin.py:188} INFO - [2025-12-27T14:45:59.894+0000] {dag.py:3954} INFO - Setting next_dagrun for example_params_trigger_ui to None, run_after=None
[2025-12-27T14:45:59.948+0000] {processor.py:183} INFO - Processing /home/airflow/.local/lib/python3.12/site-packages/airflow/example_dags/example_params_trigger_ui.py took 0.370 seconds
[2025-12-27T14:46:30.115+0000] {processor.py:161} INFO - Started process (PID=3247) to work on /home/airflow/.local/lib/python3.12/site-packages/airflow/example_dags/example_params_trigger_ui.py
[2025-12-27T14:46:30.118+0000] {processor.py:830} INFO - Processing file /home/airflow/.local/lib/python3.12/site-packages/airflow/example_dags/example_params_trigger_ui.py for tasks to queue
[2025-12-27T14:46:30.121+0000] {logging_mixin.py:188} INFO - [2025-12-27T14:46:30.120+0000] {dagbag.py:540} INFO - Filling up the DagBag from /home/airflow/.local/lib/python3.12/site-packages/airflow/example_dags/example_params_trigger_ui.py
[2025-12-27T14:46:30.167+0000] {processor.py:840} INFO - DAG(s) 'example_params_trigger_ui' retrieved from /home/airflow/.local/lib/python3.12/site-packages/airflow/example_dags/example_params_trigger_ui.py
[2025-12-27T14:46:30.283+0000] {logging_mixin.py:188} INFO - [2025-12-27T14:46:30.282+0000] {dag.py:3096} INFO - Sync 1 DAGs
[2025-12-27T14:46:30.332+0000] {logging_mixin.py:188} INFO - [2025-12-27T14:46:30.331+0000] {dag.py:3954} INFO - Setting next_dagrun for example_params_trigger_ui to None, run_after=None
[2025-12-27T14:46:30.388+0000] {processor.py:183} INFO - Processing /home/airflow/.local/lib/python3.12/site-packages/airflow/example_dags/example_params_trigger_ui.py took 0.293 seconds
[2025-12-27T14:47:00.945+0000] {processor.py:161} INFO - Started process (PID=3306) to work on /home/airflow/.local/lib/python3.12/site-packages/airflow/example_dags/example_params_trigger_ui.py
[2025-12-27T14:47:00.948+0000] {processor.py:830} INFO - Processing file /home/airflow/.local/lib/python3.12/site-packages/airflow/example_dags/example_params_trigger_ui.py for tasks to queue
[2025-12-27T14:47:00.951+0000] {logging_mixin.py:188} INFO - [2025-12-27T14:47:00.950+0000] {dagbag.py:540} INFO - Filling up the DagBag from /home/airflow/.local/lib/python3.12/site-packages/airflow/example_dags/example_params_trigger_ui.py
[2025-12-27T14:47:00.995+0000] {processor.py:840} INFO - DAG(s) 'example_params_trigger_ui' retrieved from /home/airflow/.local/lib/python3.12/site-packages/airflow/example_dags/example_params_trigger_ui.py
[2025-12-27T14:47:01.118+0000] {logging_mixin.py:188} INFO - [2025-12-27T14:47:01.118+0000] {dag.py:3096} INFO - Sync 1 DAGs
[2025-12-27T14:47:01.150+0000] {logging_mixin.py:188} INFO - [2025-12-27T14:47:01.150+0000] {dag.py:3954} INFO - Setting next_dagrun for example_params_trigger_ui to None, run_after=None
[2025-12-27T14:47:01.201+0000] {processor.py:183} INFO - Processing /home/airflow/.local/lib/python3.12/site-packages/airflow/example_dags/example_params_trigger_ui.py took 0.274 seconds
[2025-12-27T14:47:31.663+0000] {processor.py:161} INFO - Started process (PID=3363) to work on /home/airflow/.local/lib/python3.12/site-packages/airflow/example_dags/example_params_trigger_ui.py
[2025-12-27T14:47:31.667+0000] {processor.py:830} INFO - Processing file /home/airflow/.local/lib/python3.12/site-packages/airflow/example_dags/example_params_trigger_ui.py for tasks to queue
[2025-12-27T14:47:31.671+0000] {logging_mixin.py:188} INFO - [2025-12-27T14:47:31.669+0000] {dagbag.py:540} INFO - Filling up the DagBag from /home/airflow/.local/lib/python3.12/site-packages/airflow/example_dags/example_params_trigger_ui.py
[2025-12-27T14:47:31.712+0000] {processor.py:840} INFO - DAG(s) 'example_params_trigger_ui' retrieved from /home/airflow/.local/lib/python3.12/site-packages/airflow/example_dags/example_params_trigger_ui.py
[2025-12-27T14:47:31.839+0000] {logging_mixin.py:188} INFO - [2025-12-27T14:47:31.838+0000] {dag.py:3096} INFO - Sync 1 DAGs
[2025-12-27T14:47:31.872+0000] {logging_mixin.py:188} INFO - [2025-12-27T14:47:31.871+0000] {dag.py:3954} INFO - Setting next_dagrun for example_params_trigger_ui to None, run_after=None
[2025-12-27T14:47:31.927+0000] {processor.py:183} INFO - Processing /home/airflow/.local/lib/python3.12/site-packages/airflow/example_dags/example_params_trigger_ui.py took 0.280 seconds
[2025-12-27T14:48:02.255+0000] {processor.py:161} INFO - Started process (PID=3421) to work on /home/airflow/.local/lib/python3.12/site-packages/airflow/example_dags/example_params_trigger_ui.py
[2025-12-27T14:48:02.258+0000] {processor.py:830} INFO - Processing file /home/airflow/.local/lib/python3.12/site-packages/airflow/example_dags/example_params_trigger_ui.py for tasks to queue
[2025-12-27T14:48:02.262+0000] {logging_mixin.py:188} INFO - [2025-12-27T14:48:02.261+0000] {dagbag.py:540} INFO - Filling up the DagBag from /home/airflow/.local/lib/python3.12/site-packages/airflow/example_dags/example_params_trigger_ui.py
[2025-12-27T14:48:02.300+0000] {processor.py:840} INFO - DAG(s) 'example_params_trigger_ui' retrieved from /home/airflow/.local/lib/python3.12/site-packages/airflow/example_dags/example_params_trigger_ui.py
[2025-12-27T14:48:02.418+0000] {logging_mixin.py:188} INFO - [2025-12-27T14:48:02.417+0000] {dag.py:3096} INFO - Sync 1 DAGs
[2025-12-27T14:48:02.448+0000] {logging_mixin.py:188} INFO - [2025-12-27T14:48:02.448+0000] {dag.py:3954} INFO - Setting next_dagrun for example_params_trigger_ui to None, run_after=None
[2025-12-27T14:48:02.503+0000] {processor.py:183} INFO - Processing /home/airflow/.local/lib/python3.12/site-packages/airflow/example_dags/example_params_trigger_ui.py took 0.265 seconds
[2025-12-27T14:48:34.048+0000] {processor.py:161} INFO - Started process (PID=3480) to work on /home/airflow/.local/lib/python3.12/site-packages/airflow/example_dags/example_params_trigger_ui.py
[2025-12-27T14:48:34.054+0000] {processor.py:830} INFO - Processing file /home/airflow/.local/lib/python3.12/site-packages/airflow/example_dags/example_params_trigger_ui.py for tasks to queue
[2025-12-27T14:48:34.058+0000] {logging_mixin.py:188} INFO - [2025-12-27T14:48:34.056+0000] {dagbag.py:540} INFO - Filling up the DagBag from /home/airflow/.local/lib/python3.12/site-packages/airflow/example_dags/example_params_trigger_ui.py
[2025-12-27T14:48:34.123+0000] {processor.py:840} INFO - DAG(s) 'example_params_trigger_ui' retrieved from /home/airflow/.local/lib/python3.12/site-packages/airflow/example_dags/example_params_trigger_ui.py
[2025-12-27T14:48:34.404+0000] {logging_mixin.py:188} INFO - [2025-12-27T14:48:34.403+0000] {dag.py:3096} INFO - Sync 1 DAGs
[2025-12-27T14:48:34.490+0000] {logging_mixin.py:188} INFO - [2025-12-27T14:48:34.488+0000] {dag.py:3954} INFO - Setting next_dagrun for example_params_trigger_ui to None, run_after=None
[2025-12-27T14:48:34.601+0000] {processor.py:183} INFO - Processing /home/airflow/.local/lib/python3.12/site-packages/airflow/example_dags/example_params_trigger_ui.py took 0.581 seconds
[2025-12-27T14:49:07.493+0000] {processor.py:161} INFO - Started process (PID=3538) to work on /home/airflow/.local/lib/python3.12/site-packages/airflow/example_dags/example_params_trigger_ui.py
[2025-12-27T14:49:07.498+0000] {processor.py:830} INFO - Processing file /home/airflow/.local/lib/python3.12/site-packages/airflow/example_dags/example_params_trigger_ui.py for tasks to queue
[2025-12-27T14:49:07.509+0000] {logging_mixin.py:188} INFO - [2025-12-27T14:49:07.502+0000] {dagbag.py:540} INFO - Filling up the DagBag from /home/airflow/.local/lib/python3.12/site-packages/airflow/example_dags/example_params_trigger_ui.py
[2025-12-27T14:49:07.592+0000] {processor.py:840} INFO - DAG(s) 'example_params_trigger_ui' retrieved from /home/airflow/.local/lib/python3.12/site-packages/airflow/example_dags/example_params_trigger_ui.py
[2025-12-27T14:49:07.861+0000] {logging_mixin.py:188} INFO - [2025-12-27T14:49:07.860+0000] {dag.py:3096} INFO - Sync 1 DAGs
[2025-12-27T14:49:07.923+0000] {logging_mixin.py:188} INFO - [2025-12-27T14:49:07.922+0000] {dag.py:3954} INFO - Setting next_dagrun for example_params_trigger_ui to None, run_after=None
[2025-12-27T14:49:07.996+0000] {processor.py:183} INFO - Processing /home/airflow/.local/lib/python3.12/site-packages/airflow/example_dags/example_params_trigger_ui.py took 0.555 seconds
[2025-12-27T14:49:38.365+0000] {processor.py:161} INFO - Started process (PID=3596) to work on /home/airflow/.local/lib/python3.12/site-packages/airflow/example_dags/example_params_trigger_ui.py
[2025-12-27T14:49:38.369+0000] {processor.py:830} INFO - Processing file /home/airflow/.local/lib/python3.12/site-packages/airflow/example_dags/example_params_trigger_ui.py for tasks to queue
[2025-12-27T14:49:38.372+0000] {logging_mixin.py:188} INFO - [2025-12-27T14:49:38.371+0000] {dagbag.py:540} INFO - Filling up the DagBag from /home/airflow/.local/lib/python3.12/site-packages/airflow/example_dags/example_params_trigger_ui.py
[2025-12-27T14:49:38.425+0000] {processor.py:840} INFO - DAG(s) 'example_params_trigger_ui' retrieved from /home/airflow/.local/lib/python3.12/site-packages/airflow/example_dags/example_params_trigger_ui.py
[2025-12-27T14:49:38.583+0000] {logging_mixin.py:188} INFO - [2025-12-27T14:49:38.582+0000] {dag.py:3096} INFO - Sync 1 DAGs
[2025-12-27T14:49:38.642+0000] {logging_mixin.py:188} INFO - [2025-12-27T14:49:38.642+0000] {dag.py:3954} INFO - Setting next_dagrun for example_params_trigger_ui to None, run_after=None
[2025-12-27T14:49:38.703+0000] {processor.py:183} INFO - Processing /home/airflow/.local/lib/python3.12/site-packages/airflow/example_dags/example_params_trigger_ui.py took 0.358 seconds
[2025-12-27T14:50:17.794+0000] {processor.py:161} INFO - Started process (PID=3659) to work on /home/airflow/.local/lib/python3.12/site-packages/airflow/example_dags/example_params_trigger_ui.py
[2025-12-27T14:50:17.799+0000] {processor.py:830} INFO - Processing file /home/airflow/.local/lib/python3.12/site-packages/airflow/example_dags/example_params_trigger_ui.py for tasks to queue
[2025-12-27T14:50:17.804+0000] {logging_mixin.py:188} INFO - [2025-12-27T14:50:17.803+0000] {dagbag.py:540} INFO - Filling up the DagBag from /home/airflow/.local/lib/python3.12/site-packages/airflow/example_dags/example_params_trigger_ui.py
[2025-12-27T14:50:17.915+0000] {processor.py:840} INFO - DAG(s) 'example_params_trigger_ui' retrieved from /home/airflow/.local/lib/python3.12/site-packages/airflow/example_dags/example_params_trigger_ui.py
[2025-12-27T14:50:18.274+0000] {logging_mixin.py:188} INFO - [2025-12-27T14:50:18.273+0000] {dag.py:3096} INFO - Sync 1 DAGs
[2025-12-27T14:50:18.353+0000] {logging_mixin.py:188} INFO - [2025-12-27T14:50:18.352+0000] {dag.py:3954} INFO - Setting next_dagrun for example_params_trigger_ui to None, run_after=None
[2025-12-27T14:50:18.458+0000] {processor.py:183} INFO - Processing /home/airflow/.local/lib/python3.12/site-packages/airflow/example_dags/example_params_trigger_ui.py took 0.707 seconds
[2025-12-27T14:50:48.679+0000] {processor.py:161} INFO - Started process (PID=3716) to work on /home/airflow/.local/lib/python3.12/site-packages/airflow/example_dags/example_params_trigger_ui.py
[2025-12-27T14:50:48.698+0000] {processor.py:830} INFO - Processing file /home/airflow/.local/lib/python3.12/site-packages/airflow/example_dags/example_params_trigger_ui.py for tasks to queue
[2025-12-27T14:50:48.707+0000] {logging_mixin.py:188} INFO - [2025-12-27T14:50:48.705+0000] {dagbag.py:540} INFO - Filling up the DagBag from /home/airflow/.local/lib/python3.12/site-packages/airflow/example_dags/example_params_trigger_ui.py
[2025-12-27T14:50:48.895+0000] {processor.py:840} INFO - DAG(s) 'example_params_trigger_ui' retrieved from /home/airflow/.local/lib/python3.12/site-packages/airflow/example_dags/example_params_trigger_ui.py
[2025-12-27T14:50:49.221+0000] {logging_mixin.py:188} INFO - [2025-12-27T14:50:49.220+0000] {dag.py:3096} INFO - Sync 1 DAGs
[2025-12-27T14:50:49.303+0000] {logging_mixin.py:188} INFO - [2025-12-27T14:50:49.302+0000] {dag.py:3954} INFO - Setting next_dagrun for example_params_trigger_ui to None, run_after=None
[2025-12-27T14:50:49.472+0000] {processor.py:183} INFO - Processing /home/airflow/.local/lib/python3.12/site-packages/airflow/example_dags/example_params_trigger_ui.py took 0.835 seconds
[2025-12-27T14:51:25.695+0000] {processor.py:161} INFO - Started process (PID=3775) to work on /home/airflow/.local/lib/python3.12/site-packages/airflow/example_dags/example_params_trigger_ui.py
[2025-12-27T14:51:25.701+0000] {processor.py:830} INFO - Processing file /home/airflow/.local/lib/python3.12/site-packages/airflow/example_dags/example_params_trigger_ui.py for tasks to queue
[2025-12-27T14:51:25.731+0000] {logging_mixin.py:188} INFO - [2025-12-27T14:51:25.729+0000] {dagbag.py:540} INFO - Filling up the DagBag from /home/airflow/.local/lib/python3.12/site-packages/airflow/example_dags/example_params_trigger_ui.py
[2025-12-27T14:51:26.021+0000] {processor.py:840} INFO - DAG(s) 'example_params_trigger_ui' retrieved from /home/airflow/.local/lib/python3.12/site-packages/airflow/example_dags/example_params_trigger_ui.py
[2025-12-27T14:51:26.843+0000] {logging_mixin.py:188} INFO - [2025-12-27T14:51:26.842+0000] {dag.py:3096} INFO - Sync 1 DAGs
[2025-12-27T14:51:26.987+0000] {logging_mixin.py:188} INFO - [2025-12-27T14:51:26.983+0000] {dag.py:3954} INFO - Setting next_dagrun for example_params_trigger_ui to None, run_after=None
[2025-12-27T14:51:27.168+0000] {processor.py:183} INFO - Processing /home/airflow/.local/lib/python3.12/site-packages/airflow/example_dags/example_params_trigger_ui.py took 1.559 seconds
[2025-12-27T14:53:45.889+0000] {processor.py:161} INFO - Started process (PID=3840) to work on /home/airflow/.local/lib/python3.12/site-packages/airflow/example_dags/example_params_trigger_ui.py
[2025-12-27T14:53:45.897+0000] {processor.py:830} INFO - Processing file /home/airflow/.local/lib/python3.12/site-packages/airflow/example_dags/example_params_trigger_ui.py for tasks to queue
[2025-12-27T14:53:45.913+0000] {logging_mixin.py:188} INFO - [2025-12-27T14:53:45.900+0000] {dagbag.py:540} INFO - Filling up the DagBag from /home/airflow/.local/lib/python3.12/site-packages/airflow/example_dags/example_params_trigger_ui.py
[2025-12-27T14:53:46.998+0000] {processor.py:840} INFO - DAG(s) 'example_params_trigger_ui' retrieved from /home/airflow/.local/lib/python3.12/site-packages/airflow/example_dags/example_params_trigger_ui.py
[2025-12-27T14:53:48.025+0000] {logging_mixin.py:188} INFO - [2025-12-27T14:53:47.987+0000] {dag.py:3096} INFO - Sync 1 DAGs
[2025-12-27T14:53:48.678+0000] {logging_mixin.py:188} INFO - [2025-12-27T14:53:48.675+0000] {dag.py:3954} INFO - Setting next_dagrun for example_params_trigger_ui to None, run_after=None
[2025-12-27T14:53:49.423+0000] {processor.py:183} INFO - Processing /home/airflow/.local/lib/python3.12/site-packages/airflow/example_dags/example_params_trigger_ui.py took 3.660 seconds
[2025-12-27T14:56:38.223+0000] {processor.py:161} INFO - Started process (PID=3904) to work on /home/airflow/.local/lib/python3.12/site-packages/airflow/example_dags/example_params_trigger_ui.py
[2025-12-27T14:56:38.239+0000] {processor.py:830} INFO - Processing file /home/airflow/.local/lib/python3.12/site-packages/airflow/example_dags/example_params_trigger_ui.py for tasks to queue
[2025-12-27T14:56:38.251+0000] {logging_mixin.py:188} INFO - [2025-12-27T14:56:38.248+0000] {dagbag.py:540} INFO - Filling up the DagBag from /home/airflow/.local/lib/python3.12/site-packages/airflow/example_dags/example_params_trigger_ui.py
[2025-12-27T14:56:38.994+0000] {processor.py:840} INFO - DAG(s) 'example_params_trigger_ui' retrieved from /home/airflow/.local/lib/python3.12/site-packages/airflow/example_dags/example_params_trigger_ui.py
[2025-12-27T14:56:39.919+0000] {logging_mixin.py:188} INFO - [2025-12-27T14:56:39.918+0000] {dag.py:3096} INFO - Sync 1 DAGs
[2025-12-27T14:56:40.370+0000] {logging_mixin.py:188} INFO - [2025-12-27T14:56:40.370+0000] {dag.py:3954} INFO - Setting next_dagrun for example_params_trigger_ui to None, run_after=None
[2025-12-27T14:56:40.834+0000] {processor.py:183} INFO - Processing /home/airflow/.local/lib/python3.12/site-packages/airflow/example_dags/example_params_trigger_ui.py took 2.795 seconds
