[2025-12-27T14:14:39.887+0000] {processor.py:161} INFO - Started process (PID=89) to work on /home/airflow/.local/lib/python3.12/site-packages/airflow/example_dags/example_short_circuit_operator.py
[2025-12-27T14:14:39.893+0000] {processor.py:830} INFO - Processing file /home/airflow/.local/lib/python3.12/site-packages/airflow/example_dags/example_short_circuit_operator.py for tasks to queue
[2025-12-27T14:14:39.904+0000] {logging_mixin.py:188} INFO - [2025-12-27T14:14:39.901+0000] {dagbag.py:540} INFO - Filling up the DagBag from /home/airflow/.local/lib/python3.12/site-packages/airflow/example_dags/example_short_circuit_operator.py
[2025-12-27T14:14:39.979+0000] {processor.py:840} INFO - DAG(s) 'example_short_circuit_operator' retrieved from /home/airflow/.local/lib/python3.12/site-packages/airflow/example_dags/example_short_circuit_operator.py
[2025-12-27T14:14:40.572+0000] {logging_mixin.py:188} INFO - [2025-12-27T14:14:40.568+0000] {dag.py:3096} INFO - Sync 1 DAGs
[2025-12-27T14:14:41.047+0000] {logging_mixin.py:188} INFO - [2025-12-27T14:14:41.045+0000] {dag.py:3954} INFO - Setting next_dagrun for example_short_circuit_operator to 2025-12-26 00:00:00+00:00, run_after=2025-12-27 00:00:00+00:00
[2025-12-27T14:14:41.490+0000] {processor.py:183} INFO - Processing /home/airflow/.local/lib/python3.12/site-packages/airflow/example_dags/example_short_circuit_operator.py took 1.620 seconds
[2025-12-27T14:15:23.397+0000] {processor.py:161} INFO - Started process (PID=152) to work on /home/airflow/.local/lib/python3.12/site-packages/airflow/example_dags/example_short_circuit_operator.py
[2025-12-27T14:15:23.401+0000] {processor.py:830} INFO - Processing file /home/airflow/.local/lib/python3.12/site-packages/airflow/example_dags/example_short_circuit_operator.py for tasks to queue
[2025-12-27T14:15:23.406+0000] {logging_mixin.py:188} INFO - [2025-12-27T14:15:23.405+0000] {dagbag.py:540} INFO - Filling up the DagBag from /home/airflow/.local/lib/python3.12/site-packages/airflow/example_dags/example_short_circuit_operator.py
[2025-12-27T14:15:23.430+0000] {processor.py:840} INFO - DAG(s) 'example_short_circuit_operator' retrieved from /home/airflow/.local/lib/python3.12/site-packages/airflow/example_dags/example_short_circuit_operator.py
[2025-12-27T14:15:23.541+0000] {logging_mixin.py:188} INFO - [2025-12-27T14:15:23.540+0000] {dag.py:3096} INFO - Sync 1 DAGs
[2025-12-27T14:15:23.672+0000] {logging_mixin.py:188} INFO - [2025-12-27T14:15:23.671+0000] {dag.py:3954} INFO - Setting next_dagrun for example_short_circuit_operator to 2025-12-26 00:00:00+00:00, run_after=2025-12-27 00:00:00+00:00
[2025-12-27T14:15:23.779+0000] {processor.py:183} INFO - Processing /home/airflow/.local/lib/python3.12/site-packages/airflow/example_dags/example_short_circuit_operator.py took 0.404 seconds
[2025-12-27T14:15:54.048+0000] {processor.py:161} INFO - Started process (PID=209) to work on /home/airflow/.local/lib/python3.12/site-packages/airflow/example_dags/example_short_circuit_operator.py
[2025-12-27T14:15:54.052+0000] {processor.py:830} INFO - Processing file /home/airflow/.local/lib/python3.12/site-packages/airflow/example_dags/example_short_circuit_operator.py for tasks to queue
[2025-12-27T14:15:54.060+0000] {logging_mixin.py:188} INFO - [2025-12-27T14:15:54.059+0000] {dagbag.py:540} INFO - Filling up the DagBag from /home/airflow/.local/lib/python3.12/site-packages/airflow/example_dags/example_short_circuit_operator.py
[2025-12-27T14:15:54.080+0000] {processor.py:840} INFO - DAG(s) 'example_short_circuit_operator' retrieved from /home/airflow/.local/lib/python3.12/site-packages/airflow/example_dags/example_short_circuit_operator.py
[2025-12-27T14:15:54.147+0000] {logging_mixin.py:188} INFO - [2025-12-27T14:15:54.147+0000] {dag.py:3096} INFO - Sync 1 DAGs
[2025-12-27T14:15:54.210+0000] {logging_mixin.py:188} INFO - [2025-12-27T14:15:54.210+0000] {dag.py:3954} INFO - Setting next_dagrun for example_short_circuit_operator to 2025-12-26 00:00:00+00:00, run_after=2025-12-27 00:00:00+00:00
[2025-12-27T14:15:54.266+0000] {processor.py:183} INFO - Processing /home/airflow/.local/lib/python3.12/site-packages/airflow/example_dags/example_short_circuit_operator.py took 0.234 seconds
[2025-12-27T14:16:25.944+0000] {processor.py:161} INFO - Started process (PID=267) to work on /home/airflow/.local/lib/python3.12/site-packages/airflow/example_dags/example_short_circuit_operator.py
[2025-12-27T14:16:25.952+0000] {processor.py:830} INFO - Processing file /home/airflow/.local/lib/python3.12/site-packages/airflow/example_dags/example_short_circuit_operator.py for tasks to queue
[2025-12-27T14:16:25.964+0000] {logging_mixin.py:188} INFO - [2025-12-27T14:16:25.962+0000] {dagbag.py:540} INFO - Filling up the DagBag from /home/airflow/.local/lib/python3.12/site-packages/airflow/example_dags/example_short_circuit_operator.py
[2025-12-27T14:16:26.019+0000] {processor.py:840} INFO - DAG(s) 'example_short_circuit_operator' retrieved from /home/airflow/.local/lib/python3.12/site-packages/airflow/example_dags/example_short_circuit_operator.py
[2025-12-27T14:16:26.129+0000] {logging_mixin.py:188} INFO - [2025-12-27T14:16:26.128+0000] {dag.py:3096} INFO - Sync 1 DAGs
[2025-12-27T14:16:26.233+0000] {logging_mixin.py:188} INFO - [2025-12-27T14:16:26.232+0000] {dag.py:3954} INFO - Setting next_dagrun for example_short_circuit_operator to 2025-12-26 00:00:00+00:00, run_after=2025-12-27 00:00:00+00:00
[2025-12-27T14:16:26.328+0000] {processor.py:183} INFO - Processing /home/airflow/.local/lib/python3.12/site-packages/airflow/example_dags/example_short_circuit_operator.py took 0.414 seconds
[2025-12-27T14:16:57.428+0000] {processor.py:161} INFO - Started process (PID=325) to work on /home/airflow/.local/lib/python3.12/site-packages/airflow/example_dags/example_short_circuit_operator.py
[2025-12-27T14:16:57.432+0000] {processor.py:830} INFO - Processing file /home/airflow/.local/lib/python3.12/site-packages/airflow/example_dags/example_short_circuit_operator.py for tasks to queue
[2025-12-27T14:16:57.438+0000] {logging_mixin.py:188} INFO - [2025-12-27T14:16:57.437+0000] {dagbag.py:540} INFO - Filling up the DagBag from /home/airflow/.local/lib/python3.12/site-packages/airflow/example_dags/example_short_circuit_operator.py
[2025-12-27T14:16:57.471+0000] {processor.py:840} INFO - DAG(s) 'example_short_circuit_operator' retrieved from /home/airflow/.local/lib/python3.12/site-packages/airflow/example_dags/example_short_circuit_operator.py
[2025-12-27T14:16:57.560+0000] {logging_mixin.py:188} INFO - [2025-12-27T14:16:57.559+0000] {dag.py:3096} INFO - Sync 1 DAGs
[2025-12-27T14:16:57.682+0000] {logging_mixin.py:188} INFO - [2025-12-27T14:16:57.680+0000] {dag.py:3954} INFO - Setting next_dagrun for example_short_circuit_operator to 2025-12-26 00:00:00+00:00, run_after=2025-12-27 00:00:00+00:00
[2025-12-27T14:16:57.890+0000] {processor.py:183} INFO - Processing /home/airflow/.local/lib/python3.12/site-packages/airflow/example_dags/example_short_circuit_operator.py took 0.483 seconds
[2025-12-27T14:17:46.110+0000] {processor.py:161} INFO - Started process (PID=373) to work on /home/airflow/.local/lib/python3.12/site-packages/airflow/example_dags/example_short_circuit_operator.py
[2025-12-27T14:17:46.127+0000] {processor.py:830} INFO - Processing file /home/airflow/.local/lib/python3.12/site-packages/airflow/example_dags/example_short_circuit_operator.py for tasks to queue
[2025-12-27T14:17:46.213+0000] {logging_mixin.py:188} INFO - [2025-12-27T14:17:46.184+0000] {dagbag.py:540} INFO - Filling up the DagBag from /home/airflow/.local/lib/python3.12/site-packages/airflow/example_dags/example_short_circuit_operator.py
[2025-12-27T14:17:46.325+0000] {processor.py:840} INFO - DAG(s) 'example_short_circuit_operator' retrieved from /home/airflow/.local/lib/python3.12/site-packages/airflow/example_dags/example_short_circuit_operator.py
[2025-12-27T14:17:46.529+0000] {logging_mixin.py:188} INFO - [2025-12-27T14:17:46.528+0000] {dag.py:3096} INFO - Sync 1 DAGs
[2025-12-27T14:17:46.738+0000] {logging_mixin.py:188} INFO - [2025-12-27T14:17:46.737+0000] {dag.py:3954} INFO - Setting next_dagrun for example_short_circuit_operator to 2025-12-26 00:00:00+00:00, run_after=2025-12-27 00:00:00+00:00
[2025-12-27T14:17:46.934+0000] {processor.py:183} INFO - Processing /home/airflow/.local/lib/python3.12/site-packages/airflow/example_dags/example_short_circuit_operator.py took 1.090 seconds
[2025-12-27T14:18:30.602+0000] {processor.py:161} INFO - Started process (PID=434) to work on /home/airflow/.local/lib/python3.12/site-packages/airflow/example_dags/example_short_circuit_operator.py
[2025-12-27T14:18:30.606+0000] {processor.py:830} INFO - Processing file /home/airflow/.local/lib/python3.12/site-packages/airflow/example_dags/example_short_circuit_operator.py for tasks to queue
[2025-12-27T14:18:30.614+0000] {logging_mixin.py:188} INFO - [2025-12-27T14:18:30.612+0000] {dagbag.py:540} INFO - Filling up the DagBag from /home/airflow/.local/lib/python3.12/site-packages/airflow/example_dags/example_short_circuit_operator.py
[2025-12-27T14:18:30.645+0000] {processor.py:840} INFO - DAG(s) 'example_short_circuit_operator' retrieved from /home/airflow/.local/lib/python3.12/site-packages/airflow/example_dags/example_short_circuit_operator.py
[2025-12-27T14:18:30.777+0000] {logging_mixin.py:188} INFO - [2025-12-27T14:18:30.776+0000] {dag.py:3096} INFO - Sync 1 DAGs
[2025-12-27T14:18:30.899+0000] {logging_mixin.py:188} INFO - [2025-12-27T14:18:30.898+0000] {dag.py:3954} INFO - Setting next_dagrun for example_short_circuit_operator to 2025-12-26 00:00:00+00:00, run_after=2025-12-27 00:00:00+00:00
[2025-12-27T14:18:31.021+0000] {processor.py:183} INFO - Processing /home/airflow/.local/lib/python3.12/site-packages/airflow/example_dags/example_short_circuit_operator.py took 0.443 seconds
[2025-12-27T14:19:02.526+0000] {processor.py:161} INFO - Started process (PID=492) to work on /home/airflow/.local/lib/python3.12/site-packages/airflow/example_dags/example_short_circuit_operator.py
[2025-12-27T14:19:02.530+0000] {processor.py:830} INFO - Processing file /home/airflow/.local/lib/python3.12/site-packages/airflow/example_dags/example_short_circuit_operator.py for tasks to queue
[2025-12-27T14:19:02.538+0000] {logging_mixin.py:188} INFO - [2025-12-27T14:19:02.537+0000] {dagbag.py:540} INFO - Filling up the DagBag from /home/airflow/.local/lib/python3.12/site-packages/airflow/example_dags/example_short_circuit_operator.py
[2025-12-27T14:19:02.563+0000] {processor.py:840} INFO - DAG(s) 'example_short_circuit_operator' retrieved from /home/airflow/.local/lib/python3.12/site-packages/airflow/example_dags/example_short_circuit_operator.py
[2025-12-27T14:19:02.629+0000] {logging_mixin.py:188} INFO - [2025-12-27T14:19:02.628+0000] {dag.py:3096} INFO - Sync 1 DAGs
[2025-12-27T14:19:02.695+0000] {logging_mixin.py:188} INFO - [2025-12-27T14:19:02.695+0000] {dag.py:3954} INFO - Setting next_dagrun for example_short_circuit_operator to 2025-12-26 00:00:00+00:00, run_after=2025-12-27 00:00:00+00:00
[2025-12-27T14:19:02.748+0000] {processor.py:183} INFO - Processing /home/airflow/.local/lib/python3.12/site-packages/airflow/example_dags/example_short_circuit_operator.py took 0.242 seconds
[2025-12-27T14:19:35.460+0000] {processor.py:161} INFO - Started process (PID=550) to work on /home/airflow/.local/lib/python3.12/site-packages/airflow/example_dags/example_short_circuit_operator.py
[2025-12-27T14:19:35.511+0000] {processor.py:830} INFO - Processing file /home/airflow/.local/lib/python3.12/site-packages/airflow/example_dags/example_short_circuit_operator.py for tasks to queue
[2025-12-27T14:19:35.519+0000] {logging_mixin.py:188} INFO - [2025-12-27T14:19:35.518+0000] {dagbag.py:540} INFO - Filling up the DagBag from /home/airflow/.local/lib/python3.12/site-packages/airflow/example_dags/example_short_circuit_operator.py
[2025-12-27T14:19:35.545+0000] {processor.py:840} INFO - DAG(s) 'example_short_circuit_operator' retrieved from /home/airflow/.local/lib/python3.12/site-packages/airflow/example_dags/example_short_circuit_operator.py
[2025-12-27T14:19:35.607+0000] {logging_mixin.py:188} INFO - [2025-12-27T14:19:35.606+0000] {dag.py:3096} INFO - Sync 1 DAGs
[2025-12-27T14:19:35.664+0000] {logging_mixin.py:188} INFO - [2025-12-27T14:19:35.664+0000] {dag.py:3954} INFO - Setting next_dagrun for example_short_circuit_operator to 2025-12-26 00:00:00+00:00, run_after=2025-12-27 00:00:00+00:00
[2025-12-27T14:19:35.933+0000] {processor.py:183} INFO - Processing /home/airflow/.local/lib/python3.12/site-packages/airflow/example_dags/example_short_circuit_operator.py took 0.491 seconds
[2025-12-27T14:20:09.114+0000] {processor.py:161} INFO - Started process (PID=608) to work on /home/airflow/.local/lib/python3.12/site-packages/airflow/example_dags/example_short_circuit_operator.py
[2025-12-27T14:20:09.120+0000] {processor.py:830} INFO - Processing file /home/airflow/.local/lib/python3.12/site-packages/airflow/example_dags/example_short_circuit_operator.py for tasks to queue
[2025-12-27T14:20:09.133+0000] {logging_mixin.py:188} INFO - [2025-12-27T14:20:09.131+0000] {dagbag.py:540} INFO - Filling up the DagBag from /home/airflow/.local/lib/python3.12/site-packages/airflow/example_dags/example_short_circuit_operator.py
[2025-12-27T14:20:09.176+0000] {processor.py:840} INFO - DAG(s) 'example_short_circuit_operator' retrieved from /home/airflow/.local/lib/python3.12/site-packages/airflow/example_dags/example_short_circuit_operator.py
[2025-12-27T14:20:09.304+0000] {logging_mixin.py:188} INFO - [2025-12-27T14:20:09.303+0000] {dag.py:3096} INFO - Sync 1 DAGs
[2025-12-27T14:20:09.457+0000] {logging_mixin.py:188} INFO - [2025-12-27T14:20:09.454+0000] {dag.py:3954} INFO - Setting next_dagrun for example_short_circuit_operator to 2025-12-26 00:00:00+00:00, run_after=2025-12-27 00:00:00+00:00
[2025-12-27T14:20:09.569+0000] {processor.py:183} INFO - Processing /home/airflow/.local/lib/python3.12/site-packages/airflow/example_dags/example_short_circuit_operator.py took 0.490 seconds
[2025-12-27T14:20:40.392+0000] {processor.py:161} INFO - Started process (PID=666) to work on /home/airflow/.local/lib/python3.12/site-packages/airflow/example_dags/example_short_circuit_operator.py
[2025-12-27T14:20:40.395+0000] {processor.py:830} INFO - Processing file /home/airflow/.local/lib/python3.12/site-packages/airflow/example_dags/example_short_circuit_operator.py for tasks to queue
[2025-12-27T14:20:40.401+0000] {logging_mixin.py:188} INFO - [2025-12-27T14:20:40.400+0000] {dagbag.py:540} INFO - Filling up the DagBag from /home/airflow/.local/lib/python3.12/site-packages/airflow/example_dags/example_short_circuit_operator.py
[2025-12-27T14:20:40.426+0000] {processor.py:840} INFO - DAG(s) 'example_short_circuit_operator' retrieved from /home/airflow/.local/lib/python3.12/site-packages/airflow/example_dags/example_short_circuit_operator.py
[2025-12-27T14:20:40.505+0000] {logging_mixin.py:188} INFO - [2025-12-27T14:20:40.504+0000] {dag.py:3096} INFO - Sync 1 DAGs
[2025-12-27T14:20:40.571+0000] {logging_mixin.py:188} INFO - [2025-12-27T14:20:40.570+0000] {dag.py:3954} INFO - Setting next_dagrun for example_short_circuit_operator to 2025-12-26 00:00:00+00:00, run_after=2025-12-27 00:00:00+00:00
[2025-12-27T14:20:40.624+0000] {processor.py:183} INFO - Processing /home/airflow/.local/lib/python3.12/site-packages/airflow/example_dags/example_short_circuit_operator.py took 0.254 seconds
[2025-12-27T14:21:11.594+0000] {processor.py:161} INFO - Started process (PID=722) to work on /home/airflow/.local/lib/python3.12/site-packages/airflow/example_dags/example_short_circuit_operator.py
[2025-12-27T14:21:11.600+0000] {processor.py:830} INFO - Processing file /home/airflow/.local/lib/python3.12/site-packages/airflow/example_dags/example_short_circuit_operator.py for tasks to queue
[2025-12-27T14:21:11.609+0000] {logging_mixin.py:188} INFO - [2025-12-27T14:21:11.608+0000] {dagbag.py:540} INFO - Filling up the DagBag from /home/airflow/.local/lib/python3.12/site-packages/airflow/example_dags/example_short_circuit_operator.py
[2025-12-27T14:21:11.651+0000] {processor.py:840} INFO - DAG(s) 'example_short_circuit_operator' retrieved from /home/airflow/.local/lib/python3.12/site-packages/airflow/example_dags/example_short_circuit_operator.py
[2025-12-27T14:21:11.766+0000] {logging_mixin.py:188} INFO - [2025-12-27T14:21:11.765+0000] {dag.py:3096} INFO - Sync 1 DAGs
[2025-12-27T14:21:11.954+0000] {logging_mixin.py:188} INFO - [2025-12-27T14:21:11.953+0000] {dag.py:3954} INFO - Setting next_dagrun for example_short_circuit_operator to 2025-12-26 00:00:00+00:00, run_after=2025-12-27 00:00:00+00:00
[2025-12-27T14:21:12.064+0000] {processor.py:183} INFO - Processing /home/airflow/.local/lib/python3.12/site-packages/airflow/example_dags/example_short_circuit_operator.py took 0.522 seconds
[2025-12-27T14:21:47.344+0000] {processor.py:161} INFO - Started process (PID=779) to work on /home/airflow/.local/lib/python3.12/site-packages/airflow/example_dags/example_short_circuit_operator.py
[2025-12-27T14:21:47.368+0000] {processor.py:830} INFO - Processing file /home/airflow/.local/lib/python3.12/site-packages/airflow/example_dags/example_short_circuit_operator.py for tasks to queue
[2025-12-27T14:21:47.378+0000] {logging_mixin.py:188} INFO - [2025-12-27T14:21:47.377+0000] {dagbag.py:540} INFO - Filling up the DagBag from /home/airflow/.local/lib/python3.12/site-packages/airflow/example_dags/example_short_circuit_operator.py
[2025-12-27T14:21:47.459+0000] {processor.py:840} INFO - DAG(s) 'example_short_circuit_operator' retrieved from /home/airflow/.local/lib/python3.12/site-packages/airflow/example_dags/example_short_circuit_operator.py
[2025-12-27T14:21:47.702+0000] {logging_mixin.py:188} INFO - [2025-12-27T14:21:47.701+0000] {dag.py:3096} INFO - Sync 1 DAGs
[2025-12-27T14:21:47.953+0000] {logging_mixin.py:188} INFO - [2025-12-27T14:21:47.952+0000] {dag.py:3954} INFO - Setting next_dagrun for example_short_circuit_operator to 2025-12-26 00:00:00+00:00, run_after=2025-12-27 00:00:00+00:00
[2025-12-27T14:21:48.134+0000] {processor.py:183} INFO - Processing /home/airflow/.local/lib/python3.12/site-packages/airflow/example_dags/example_short_circuit_operator.py took 0.853 seconds
[2025-12-27T14:22:46.799+0000] {processor.py:161} INFO - Started process (PID=844) to work on /home/airflow/.local/lib/python3.12/site-packages/airflow/example_dags/example_short_circuit_operator.py
[2025-12-27T14:22:46.816+0000] {processor.py:830} INFO - Processing file /home/airflow/.local/lib/python3.12/site-packages/airflow/example_dags/example_short_circuit_operator.py for tasks to queue
[2025-12-27T14:22:46.824+0000] {logging_mixin.py:188} INFO - [2025-12-27T14:22:46.823+0000] {dagbag.py:540} INFO - Filling up the DagBag from /home/airflow/.local/lib/python3.12/site-packages/airflow/example_dags/example_short_circuit_operator.py
[2025-12-27T14:22:46.919+0000] {processor.py:840} INFO - DAG(s) 'example_short_circuit_operator' retrieved from /home/airflow/.local/lib/python3.12/site-packages/airflow/example_dags/example_short_circuit_operator.py
[2025-12-27T14:22:47.234+0000] {logging_mixin.py:188} INFO - [2025-12-27T14:22:47.233+0000] {dag.py:3096} INFO - Sync 1 DAGs
[2025-12-27T14:22:47.481+0000] {logging_mixin.py:188} INFO - [2025-12-27T14:22:47.480+0000] {dag.py:3954} INFO - Setting next_dagrun for example_short_circuit_operator to 2025-12-26 00:00:00+00:00, run_after=2025-12-27 00:00:00+00:00
[2025-12-27T14:22:47.897+0000] {processor.py:183} INFO - Processing /home/airflow/.local/lib/python3.12/site-packages/airflow/example_dags/example_short_circuit_operator.py took 1.150 seconds
[2025-12-27T14:23:55.025+0000] {processor.py:161} INFO - Started process (PID=880) to work on /home/airflow/.local/lib/python3.12/site-packages/airflow/example_dags/example_short_circuit_operator.py
[2025-12-27T14:23:55.035+0000] {processor.py:830} INFO - Processing file /home/airflow/.local/lib/python3.12/site-packages/airflow/example_dags/example_short_circuit_operator.py for tasks to queue
[2025-12-27T14:23:55.050+0000] {logging_mixin.py:188} INFO - [2025-12-27T14:23:55.048+0000] {dagbag.py:540} INFO - Filling up the DagBag from /home/airflow/.local/lib/python3.12/site-packages/airflow/example_dags/example_short_circuit_operator.py
[2025-12-27T14:23:55.115+0000] {processor.py:840} INFO - DAG(s) 'example_short_circuit_operator' retrieved from /home/airflow/.local/lib/python3.12/site-packages/airflow/example_dags/example_short_circuit_operator.py
[2025-12-27T14:23:55.377+0000] {logging_mixin.py:188} INFO - [2025-12-27T14:23:55.376+0000] {dag.py:3096} INFO - Sync 1 DAGs
[2025-12-27T14:23:55.609+0000] {logging_mixin.py:188} INFO - [2025-12-27T14:23:55.608+0000] {dag.py:3954} INFO - Setting next_dagrun for example_short_circuit_operator to 2025-12-26 00:00:00+00:00, run_after=2025-12-27 00:00:00+00:00
[2025-12-27T14:23:55.796+0000] {processor.py:183} INFO - Processing /home/airflow/.local/lib/python3.12/site-packages/airflow/example_dags/example_short_circuit_operator.py took 0.834 seconds
[2025-12-27T14:24:26.207+0000] {processor.py:161} INFO - Started process (PID=938) to work on /home/airflow/.local/lib/python3.12/site-packages/airflow/example_dags/example_short_circuit_operator.py
[2025-12-27T14:24:26.212+0000] {processor.py:830} INFO - Processing file /home/airflow/.local/lib/python3.12/site-packages/airflow/example_dags/example_short_circuit_operator.py for tasks to queue
[2025-12-27T14:24:26.214+0000] {logging_mixin.py:188} INFO - [2025-12-27T14:24:26.213+0000] {dagbag.py:540} INFO - Filling up the DagBag from /home/airflow/.local/lib/python3.12/site-packages/airflow/example_dags/example_short_circuit_operator.py
[2025-12-27T14:24:26.242+0000] {processor.py:840} INFO - DAG(s) 'example_short_circuit_operator' retrieved from /home/airflow/.local/lib/python3.12/site-packages/airflow/example_dags/example_short_circuit_operator.py
[2025-12-27T14:24:26.327+0000] {logging_mixin.py:188} INFO - [2025-12-27T14:24:26.326+0000] {dag.py:3096} INFO - Sync 1 DAGs
[2025-12-27T14:24:26.470+0000] {logging_mixin.py:188} INFO - [2025-12-27T14:24:26.469+0000] {dag.py:3954} INFO - Setting next_dagrun for example_short_circuit_operator to 2025-12-26 00:00:00+00:00, run_after=2025-12-27 00:00:00+00:00
[2025-12-27T14:24:26.538+0000] {processor.py:183} INFO - Processing /home/airflow/.local/lib/python3.12/site-packages/airflow/example_dags/example_short_circuit_operator.py took 0.353 seconds
[2025-12-27T14:25:07.123+0000] {processor.py:161} INFO - Started process (PID=991) to work on /home/airflow/.local/lib/python3.12/site-packages/airflow/example_dags/example_short_circuit_operator.py
[2025-12-27T14:25:07.128+0000] {processor.py:830} INFO - Processing file /home/airflow/.local/lib/python3.12/site-packages/airflow/example_dags/example_short_circuit_operator.py for tasks to queue
[2025-12-27T14:25:07.132+0000] {logging_mixin.py:188} INFO - [2025-12-27T14:25:07.130+0000] {dagbag.py:540} INFO - Filling up the DagBag from /home/airflow/.local/lib/python3.12/site-packages/airflow/example_dags/example_short_circuit_operator.py
[2025-12-27T14:25:07.172+0000] {processor.py:840} INFO - DAG(s) 'example_short_circuit_operator' retrieved from /home/airflow/.local/lib/python3.12/site-packages/airflow/example_dags/example_short_circuit_operator.py
[2025-12-27T14:25:07.290+0000] {logging_mixin.py:188} INFO - [2025-12-27T14:25:07.289+0000] {dag.py:3096} INFO - Sync 1 DAGs
[2025-12-27T14:25:07.411+0000] {logging_mixin.py:188} INFO - [2025-12-27T14:25:07.410+0000] {dag.py:3954} INFO - Setting next_dagrun for example_short_circuit_operator to 2025-12-26 00:00:00+00:00, run_after=2025-12-27 00:00:00+00:00
[2025-12-27T14:25:07.486+0000] {processor.py:183} INFO - Processing /home/airflow/.local/lib/python3.12/site-packages/airflow/example_dags/example_short_circuit_operator.py took 0.392 seconds
[2025-12-27T14:26:16.318+0000] {processor.py:161} INFO - Started process (PID=1051) to work on /home/airflow/.local/lib/python3.12/site-packages/airflow/example_dags/example_short_circuit_operator.py
[2025-12-27T14:26:16.330+0000] {processor.py:830} INFO - Processing file /home/airflow/.local/lib/python3.12/site-packages/airflow/example_dags/example_short_circuit_operator.py for tasks to queue
[2025-12-27T14:26:16.340+0000] {logging_mixin.py:188} INFO - [2025-12-27T14:26:16.338+0000] {dagbag.py:540} INFO - Filling up the DagBag from /home/airflow/.local/lib/python3.12/site-packages/airflow/example_dags/example_short_circuit_operator.py
[2025-12-27T14:26:16.404+0000] {processor.py:840} INFO - DAG(s) 'example_short_circuit_operator' retrieved from /home/airflow/.local/lib/python3.12/site-packages/airflow/example_dags/example_short_circuit_operator.py
[2025-12-27T14:26:16.516+0000] {logging_mixin.py:188} INFO - [2025-12-27T14:26:16.515+0000] {dag.py:3096} INFO - Sync 1 DAGs
[2025-12-27T14:26:16.598+0000] {logging_mixin.py:188} INFO - [2025-12-27T14:26:16.597+0000] {dag.py:3954} INFO - Setting next_dagrun for example_short_circuit_operator to 2025-12-26 00:00:00+00:00, run_after=2025-12-27 00:00:00+00:00
[2025-12-27T14:26:16.714+0000] {processor.py:183} INFO - Processing /home/airflow/.local/lib/python3.12/site-packages/airflow/example_dags/example_short_circuit_operator.py took 0.429 seconds
[2025-12-27T14:26:52.116+0000] {processor.py:161} INFO - Started process (PID=1110) to work on /home/airflow/.local/lib/python3.12/site-packages/airflow/example_dags/example_short_circuit_operator.py
[2025-12-27T14:26:52.120+0000] {processor.py:830} INFO - Processing file /home/airflow/.local/lib/python3.12/site-packages/airflow/example_dags/example_short_circuit_operator.py for tasks to queue
[2025-12-27T14:26:52.129+0000] {logging_mixin.py:188} INFO - [2025-12-27T14:26:52.125+0000] {dagbag.py:540} INFO - Filling up the DagBag from /home/airflow/.local/lib/python3.12/site-packages/airflow/example_dags/example_short_circuit_operator.py
[2025-12-27T14:26:52.176+0000] {processor.py:840} INFO - DAG(s) 'example_short_circuit_operator' retrieved from /home/airflow/.local/lib/python3.12/site-packages/airflow/example_dags/example_short_circuit_operator.py
[2025-12-27T14:26:52.300+0000] {logging_mixin.py:188} INFO - [2025-12-27T14:26:52.300+0000] {dag.py:3096} INFO - Sync 1 DAGs
[2025-12-27T14:26:53.042+0000] {logging_mixin.py:188} INFO - [2025-12-27T14:26:53.041+0000] {dag.py:3954} INFO - Setting next_dagrun for example_short_circuit_operator to 2025-12-26 00:00:00+00:00, run_after=2025-12-27 00:00:00+00:00
[2025-12-27T14:26:53.138+0000] {processor.py:183} INFO - Processing /home/airflow/.local/lib/python3.12/site-packages/airflow/example_dags/example_short_circuit_operator.py took 1.052 seconds
[2025-12-27T14:27:36.667+0000] {processor.py:161} INFO - Started process (PID=1142) to work on /home/airflow/.local/lib/python3.12/site-packages/airflow/example_dags/example_short_circuit_operator.py
[2025-12-27T14:27:36.677+0000] {processor.py:830} INFO - Processing file /home/airflow/.local/lib/python3.12/site-packages/airflow/example_dags/example_short_circuit_operator.py for tasks to queue
[2025-12-27T14:27:36.681+0000] {logging_mixin.py:188} INFO - [2025-12-27T14:27:36.680+0000] {dagbag.py:540} INFO - Filling up the DagBag from /home/airflow/.local/lib/python3.12/site-packages/airflow/example_dags/example_short_circuit_operator.py
[2025-12-27T14:27:36.722+0000] {processor.py:840} INFO - DAG(s) 'example_short_circuit_operator' retrieved from /home/airflow/.local/lib/python3.12/site-packages/airflow/example_dags/example_short_circuit_operator.py
[2025-12-27T14:27:36.936+0000] {logging_mixin.py:188} INFO - [2025-12-27T14:27:36.935+0000] {dag.py:3096} INFO - Sync 1 DAGs
[2025-12-27T14:27:37.060+0000] {logging_mixin.py:188} INFO - [2025-12-27T14:27:37.059+0000] {dag.py:3954} INFO - Setting next_dagrun for example_short_circuit_operator to 2025-12-26 00:00:00+00:00, run_after=2025-12-27 00:00:00+00:00
[2025-12-27T14:27:37.161+0000] {processor.py:183} INFO - Processing /home/airflow/.local/lib/python3.12/site-packages/airflow/example_dags/example_short_circuit_operator.py took 0.519 seconds
[2025-12-27T14:28:10.515+0000] {processor.py:161} INFO - Started process (PID=1200) to work on /home/airflow/.local/lib/python3.12/site-packages/airflow/example_dags/example_short_circuit_operator.py
[2025-12-27T14:28:10.519+0000] {processor.py:830} INFO - Processing file /home/airflow/.local/lib/python3.12/site-packages/airflow/example_dags/example_short_circuit_operator.py for tasks to queue
[2025-12-27T14:28:10.522+0000] {logging_mixin.py:188} INFO - [2025-12-27T14:28:10.521+0000] {dagbag.py:540} INFO - Filling up the DagBag from /home/airflow/.local/lib/python3.12/site-packages/airflow/example_dags/example_short_circuit_operator.py
[2025-12-27T14:28:10.556+0000] {processor.py:840} INFO - DAG(s) 'example_short_circuit_operator' retrieved from /home/airflow/.local/lib/python3.12/site-packages/airflow/example_dags/example_short_circuit_operator.py
[2025-12-27T14:28:10.657+0000] {logging_mixin.py:188} INFO - [2025-12-27T14:28:10.656+0000] {dag.py:3096} INFO - Sync 1 DAGs
[2025-12-27T14:28:10.789+0000] {logging_mixin.py:188} INFO - [2025-12-27T14:28:10.787+0000] {dag.py:3954} INFO - Setting next_dagrun for example_short_circuit_operator to 2025-12-26 00:00:00+00:00, run_after=2025-12-27 00:00:00+00:00
[2025-12-27T14:28:10.926+0000] {processor.py:183} INFO - Processing /home/airflow/.local/lib/python3.12/site-packages/airflow/example_dags/example_short_circuit_operator.py took 0.435 seconds
[2025-12-27T14:28:41.298+0000] {processor.py:161} INFO - Started process (PID=1256) to work on /home/airflow/.local/lib/python3.12/site-packages/airflow/example_dags/example_short_circuit_operator.py
[2025-12-27T14:28:41.334+0000] {processor.py:830} INFO - Processing file /home/airflow/.local/lib/python3.12/site-packages/airflow/example_dags/example_short_circuit_operator.py for tasks to queue
[2025-12-27T14:28:41.337+0000] {logging_mixin.py:188} INFO - [2025-12-27T14:28:41.336+0000] {dagbag.py:540} INFO - Filling up the DagBag from /home/airflow/.local/lib/python3.12/site-packages/airflow/example_dags/example_short_circuit_operator.py
[2025-12-27T14:28:41.362+0000] {processor.py:840} INFO - DAG(s) 'example_short_circuit_operator' retrieved from /home/airflow/.local/lib/python3.12/site-packages/airflow/example_dags/example_short_circuit_operator.py
[2025-12-27T14:28:41.435+0000] {logging_mixin.py:188} INFO - [2025-12-27T14:28:41.435+0000] {dag.py:3096} INFO - Sync 1 DAGs
[2025-12-27T14:28:41.568+0000] {logging_mixin.py:188} INFO - [2025-12-27T14:28:41.567+0000] {dag.py:3954} INFO - Setting next_dagrun for example_short_circuit_operator to 2025-12-26 00:00:00+00:00, run_after=2025-12-27 00:00:00+00:00
[2025-12-27T14:28:41.768+0000] {processor.py:183} INFO - Processing /home/airflow/.local/lib/python3.12/site-packages/airflow/example_dags/example_short_circuit_operator.py took 0.487 seconds
[2025-12-27T14:29:12.368+0000] {processor.py:161} INFO - Started process (PID=1314) to work on /home/airflow/.local/lib/python3.12/site-packages/airflow/example_dags/example_short_circuit_operator.py
[2025-12-27T14:29:12.371+0000] {processor.py:830} INFO - Processing file /home/airflow/.local/lib/python3.12/site-packages/airflow/example_dags/example_short_circuit_operator.py for tasks to queue
[2025-12-27T14:29:12.374+0000] {logging_mixin.py:188} INFO - [2025-12-27T14:29:12.373+0000] {dagbag.py:540} INFO - Filling up the DagBag from /home/airflow/.local/lib/python3.12/site-packages/airflow/example_dags/example_short_circuit_operator.py
[2025-12-27T14:29:12.396+0000] {processor.py:840} INFO - DAG(s) 'example_short_circuit_operator' retrieved from /home/airflow/.local/lib/python3.12/site-packages/airflow/example_dags/example_short_circuit_operator.py
[2025-12-27T14:29:12.460+0000] {logging_mixin.py:188} INFO - [2025-12-27T14:29:12.459+0000] {dag.py:3096} INFO - Sync 1 DAGs
[2025-12-27T14:29:12.516+0000] {logging_mixin.py:188} INFO - [2025-12-27T14:29:12.516+0000] {dag.py:3954} INFO - Setting next_dagrun for example_short_circuit_operator to 2025-12-26 00:00:00+00:00, run_after=2025-12-27 00:00:00+00:00
[2025-12-27T14:29:12.569+0000] {processor.py:183} INFO - Processing /home/airflow/.local/lib/python3.12/site-packages/airflow/example_dags/example_short_circuit_operator.py took 0.217 seconds
[2025-12-27T14:29:43.222+0000] {processor.py:161} INFO - Started process (PID=1372) to work on /home/airflow/.local/lib/python3.12/site-packages/airflow/example_dags/example_short_circuit_operator.py
[2025-12-27T14:29:43.226+0000] {processor.py:830} INFO - Processing file /home/airflow/.local/lib/python3.12/site-packages/airflow/example_dags/example_short_circuit_operator.py for tasks to queue
[2025-12-27T14:29:43.231+0000] {logging_mixin.py:188} INFO - [2025-12-27T14:29:43.230+0000] {dagbag.py:540} INFO - Filling up the DagBag from /home/airflow/.local/lib/python3.12/site-packages/airflow/example_dags/example_short_circuit_operator.py
[2025-12-27T14:29:43.273+0000] {processor.py:840} INFO - DAG(s) 'example_short_circuit_operator' retrieved from /home/airflow/.local/lib/python3.12/site-packages/airflow/example_dags/example_short_circuit_operator.py
[2025-12-27T14:29:43.354+0000] {logging_mixin.py:188} INFO - [2025-12-27T14:29:43.353+0000] {dag.py:3096} INFO - Sync 1 DAGs
[2025-12-27T14:29:43.424+0000] {logging_mixin.py:188} INFO - [2025-12-27T14:29:43.423+0000] {dag.py:3954} INFO - Setting next_dagrun for example_short_circuit_operator to 2025-12-26 00:00:00+00:00, run_after=2025-12-27 00:00:00+00:00
[2025-12-27T14:29:43.478+0000] {processor.py:183} INFO - Processing /home/airflow/.local/lib/python3.12/site-packages/airflow/example_dags/example_short_circuit_operator.py took 0.275 seconds
[2025-12-27T14:30:14.081+0000] {processor.py:161} INFO - Started process (PID=1431) to work on /home/airflow/.local/lib/python3.12/site-packages/airflow/example_dags/example_short_circuit_operator.py
[2025-12-27T14:30:14.085+0000] {processor.py:830} INFO - Processing file /home/airflow/.local/lib/python3.12/site-packages/airflow/example_dags/example_short_circuit_operator.py for tasks to queue
[2025-12-27T14:30:14.093+0000] {logging_mixin.py:188} INFO - [2025-12-27T14:30:14.092+0000] {dagbag.py:540} INFO - Filling up the DagBag from /home/airflow/.local/lib/python3.12/site-packages/airflow/example_dags/example_short_circuit_operator.py
[2025-12-27T14:30:14.133+0000] {processor.py:840} INFO - DAG(s) 'example_short_circuit_operator' retrieved from /home/airflow/.local/lib/python3.12/site-packages/airflow/example_dags/example_short_circuit_operator.py
[2025-12-27T14:30:14.231+0000] {logging_mixin.py:188} INFO - [2025-12-27T14:30:14.230+0000] {dag.py:3096} INFO - Sync 1 DAGs
[2025-12-27T14:30:14.397+0000] {logging_mixin.py:188} INFO - [2025-12-27T14:30:14.396+0000] {dag.py:3954} INFO - Setting next_dagrun for example_short_circuit_operator to 2025-12-26 00:00:00+00:00, run_after=2025-12-27 00:00:00+00:00
[2025-12-27T14:30:14.631+0000] {processor.py:183} INFO - Processing /home/airflow/.local/lib/python3.12/site-packages/airflow/example_dags/example_short_circuit_operator.py took 0.598 seconds
[2025-12-27T14:30:45.422+0000] {processor.py:161} INFO - Started process (PID=1490) to work on /home/airflow/.local/lib/python3.12/site-packages/airflow/example_dags/example_short_circuit_operator.py
[2025-12-27T14:30:45.424+0000] {processor.py:830} INFO - Processing file /home/airflow/.local/lib/python3.12/site-packages/airflow/example_dags/example_short_circuit_operator.py for tasks to queue
[2025-12-27T14:30:45.427+0000] {logging_mixin.py:188} INFO - [2025-12-27T14:30:45.426+0000] {dagbag.py:540} INFO - Filling up the DagBag from /home/airflow/.local/lib/python3.12/site-packages/airflow/example_dags/example_short_circuit_operator.py
[2025-12-27T14:30:45.454+0000] {processor.py:840} INFO - DAG(s) 'example_short_circuit_operator' retrieved from /home/airflow/.local/lib/python3.12/site-packages/airflow/example_dags/example_short_circuit_operator.py
[2025-12-27T14:30:45.532+0000] {logging_mixin.py:188} INFO - [2025-12-27T14:30:45.531+0000] {dag.py:3096} INFO - Sync 1 DAGs
[2025-12-27T14:30:45.598+0000] {logging_mixin.py:188} INFO - [2025-12-27T14:30:45.598+0000] {dag.py:3954} INFO - Setting next_dagrun for example_short_circuit_operator to 2025-12-26 00:00:00+00:00, run_after=2025-12-27 00:00:00+00:00
[2025-12-27T14:30:45.671+0000] {processor.py:183} INFO - Processing /home/airflow/.local/lib/python3.12/site-packages/airflow/example_dags/example_short_circuit_operator.py took 0.267 seconds
[2025-12-27T14:31:15.978+0000] {processor.py:161} INFO - Started process (PID=1548) to work on /home/airflow/.local/lib/python3.12/site-packages/airflow/example_dags/example_short_circuit_operator.py
[2025-12-27T14:31:15.980+0000] {processor.py:830} INFO - Processing file /home/airflow/.local/lib/python3.12/site-packages/airflow/example_dags/example_short_circuit_operator.py for tasks to queue
[2025-12-27T14:31:15.983+0000] {logging_mixin.py:188} INFO - [2025-12-27T14:31:15.982+0000] {dagbag.py:540} INFO - Filling up the DagBag from /home/airflow/.local/lib/python3.12/site-packages/airflow/example_dags/example_short_circuit_operator.py
[2025-12-27T14:31:16.014+0000] {processor.py:840} INFO - DAG(s) 'example_short_circuit_operator' retrieved from /home/airflow/.local/lib/python3.12/site-packages/airflow/example_dags/example_short_circuit_operator.py
[2025-12-27T14:31:16.078+0000] {logging_mixin.py:188} INFO - [2025-12-27T14:31:16.078+0000] {dag.py:3096} INFO - Sync 1 DAGs
[2025-12-27T14:31:16.137+0000] {logging_mixin.py:188} INFO - [2025-12-27T14:31:16.137+0000] {dag.py:3954} INFO - Setting next_dagrun for example_short_circuit_operator to 2025-12-26 00:00:00+00:00, run_after=2025-12-27 00:00:00+00:00
[2025-12-27T14:31:16.192+0000] {processor.py:183} INFO - Processing /home/airflow/.local/lib/python3.12/site-packages/airflow/example_dags/example_short_circuit_operator.py took 0.231 seconds
[2025-12-27T14:31:46.630+0000] {processor.py:161} INFO - Started process (PID=1606) to work on /home/airflow/.local/lib/python3.12/site-packages/airflow/example_dags/example_short_circuit_operator.py
[2025-12-27T14:31:46.633+0000] {processor.py:830} INFO - Processing file /home/airflow/.local/lib/python3.12/site-packages/airflow/example_dags/example_short_circuit_operator.py for tasks to queue
[2025-12-27T14:31:46.637+0000] {logging_mixin.py:188} INFO - [2025-12-27T14:31:46.636+0000] {dagbag.py:540} INFO - Filling up the DagBag from /home/airflow/.local/lib/python3.12/site-packages/airflow/example_dags/example_short_circuit_operator.py
[2025-12-27T14:31:46.665+0000] {processor.py:840} INFO - DAG(s) 'example_short_circuit_operator' retrieved from /home/airflow/.local/lib/python3.12/site-packages/airflow/example_dags/example_short_circuit_operator.py
[2025-12-27T14:31:46.728+0000] {logging_mixin.py:188} INFO - [2025-12-27T14:31:46.727+0000] {dag.py:3096} INFO - Sync 1 DAGs
[2025-12-27T14:31:46.795+0000] {logging_mixin.py:188} INFO - [2025-12-27T14:31:46.795+0000] {dag.py:3954} INFO - Setting next_dagrun for example_short_circuit_operator to 2025-12-26 00:00:00+00:00, run_after=2025-12-27 00:00:00+00:00
[2025-12-27T14:31:46.876+0000] {processor.py:183} INFO - Processing /home/airflow/.local/lib/python3.12/site-packages/airflow/example_dags/example_short_circuit_operator.py took 0.271 seconds
[2025-12-27T14:32:17.205+0000] {processor.py:161} INFO - Started process (PID=1664) to work on /home/airflow/.local/lib/python3.12/site-packages/airflow/example_dags/example_short_circuit_operator.py
[2025-12-27T14:32:17.208+0000] {processor.py:830} INFO - Processing file /home/airflow/.local/lib/python3.12/site-packages/airflow/example_dags/example_short_circuit_operator.py for tasks to queue
[2025-12-27T14:32:17.210+0000] {logging_mixin.py:188} INFO - [2025-12-27T14:32:17.209+0000] {dagbag.py:540} INFO - Filling up the DagBag from /home/airflow/.local/lib/python3.12/site-packages/airflow/example_dags/example_short_circuit_operator.py
[2025-12-27T14:32:17.234+0000] {processor.py:840} INFO - DAG(s) 'example_short_circuit_operator' retrieved from /home/airflow/.local/lib/python3.12/site-packages/airflow/example_dags/example_short_circuit_operator.py
[2025-12-27T14:32:17.309+0000] {logging_mixin.py:188} INFO - [2025-12-27T14:32:17.308+0000] {dag.py:3096} INFO - Sync 1 DAGs
[2025-12-27T14:32:17.402+0000] {logging_mixin.py:188} INFO - [2025-12-27T14:32:17.402+0000] {dag.py:3954} INFO - Setting next_dagrun for example_short_circuit_operator to 2025-12-26 00:00:00+00:00, run_after=2025-12-27 00:00:00+00:00
[2025-12-27T14:32:17.457+0000] {processor.py:183} INFO - Processing /home/airflow/.local/lib/python3.12/site-packages/airflow/example_dags/example_short_circuit_operator.py took 0.270 seconds
[2025-12-27T14:32:48.224+0000] {processor.py:161} INFO - Started process (PID=1722) to work on /home/airflow/.local/lib/python3.12/site-packages/airflow/example_dags/example_short_circuit_operator.py
[2025-12-27T14:32:48.227+0000] {processor.py:830} INFO - Processing file /home/airflow/.local/lib/python3.12/site-packages/airflow/example_dags/example_short_circuit_operator.py for tasks to queue
[2025-12-27T14:32:48.230+0000] {logging_mixin.py:188} INFO - [2025-12-27T14:32:48.229+0000] {dagbag.py:540} INFO - Filling up the DagBag from /home/airflow/.local/lib/python3.12/site-packages/airflow/example_dags/example_short_circuit_operator.py
[2025-12-27T14:32:48.255+0000] {processor.py:840} INFO - DAG(s) 'example_short_circuit_operator' retrieved from /home/airflow/.local/lib/python3.12/site-packages/airflow/example_dags/example_short_circuit_operator.py
[2025-12-27T14:32:48.330+0000] {logging_mixin.py:188} INFO - [2025-12-27T14:32:48.330+0000] {dag.py:3096} INFO - Sync 1 DAGs
[2025-12-27T14:32:48.425+0000] {logging_mixin.py:188} INFO - [2025-12-27T14:32:48.424+0000] {dag.py:3954} INFO - Setting next_dagrun for example_short_circuit_operator to 2025-12-26 00:00:00+00:00, run_after=2025-12-27 00:00:00+00:00
[2025-12-27T14:32:48.502+0000] {processor.py:183} INFO - Processing /home/airflow/.local/lib/python3.12/site-packages/airflow/example_dags/example_short_circuit_operator.py took 0.295 seconds
[2025-12-27T14:33:20.679+0000] {processor.py:161} INFO - Started process (PID=1787) to work on /home/airflow/.local/lib/python3.12/site-packages/airflow/example_dags/example_short_circuit_operator.py
[2025-12-27T14:33:20.684+0000] {processor.py:830} INFO - Processing file /home/airflow/.local/lib/python3.12/site-packages/airflow/example_dags/example_short_circuit_operator.py for tasks to queue
[2025-12-27T14:33:20.689+0000] {logging_mixin.py:188} INFO - [2025-12-27T14:33:20.687+0000] {dagbag.py:540} INFO - Filling up the DagBag from /home/airflow/.local/lib/python3.12/site-packages/airflow/example_dags/example_short_circuit_operator.py
[2025-12-27T14:33:20.720+0000] {processor.py:840} INFO - DAG(s) 'example_short_circuit_operator' retrieved from /home/airflow/.local/lib/python3.12/site-packages/airflow/example_dags/example_short_circuit_operator.py
[2025-12-27T14:33:20.829+0000] {logging_mixin.py:188} INFO - [2025-12-27T14:33:20.828+0000] {dag.py:3096} INFO - Sync 1 DAGs
[2025-12-27T14:33:21.084+0000] {logging_mixin.py:188} INFO - [2025-12-27T14:33:21.083+0000] {dag.py:3954} INFO - Setting next_dagrun for example_short_circuit_operator to 2025-12-26 00:00:00+00:00, run_after=2025-12-27 00:00:00+00:00
[2025-12-27T14:33:21.230+0000] {processor.py:183} INFO - Processing /home/airflow/.local/lib/python3.12/site-packages/airflow/example_dags/example_short_circuit_operator.py took 0.575 seconds
[2025-12-27T14:33:51.360+0000] {processor.py:161} INFO - Started process (PID=1843) to work on /home/airflow/.local/lib/python3.12/site-packages/airflow/example_dags/example_short_circuit_operator.py
[2025-12-27T14:33:51.363+0000] {processor.py:830} INFO - Processing file /home/airflow/.local/lib/python3.12/site-packages/airflow/example_dags/example_short_circuit_operator.py for tasks to queue
[2025-12-27T14:33:51.366+0000] {logging_mixin.py:188} INFO - [2025-12-27T14:33:51.365+0000] {dagbag.py:540} INFO - Filling up the DagBag from /home/airflow/.local/lib/python3.12/site-packages/airflow/example_dags/example_short_circuit_operator.py
[2025-12-27T14:33:51.392+0000] {processor.py:840} INFO - DAG(s) 'example_short_circuit_operator' retrieved from /home/airflow/.local/lib/python3.12/site-packages/airflow/example_dags/example_short_circuit_operator.py
[2025-12-27T14:33:51.462+0000] {logging_mixin.py:188} INFO - [2025-12-27T14:33:51.461+0000] {dag.py:3096} INFO - Sync 1 DAGs
[2025-12-27T14:33:51.544+0000] {logging_mixin.py:188} INFO - [2025-12-27T14:33:51.543+0000] {dag.py:3954} INFO - Setting next_dagrun for example_short_circuit_operator to 2025-12-26 00:00:00+00:00, run_after=2025-12-27 00:00:00+00:00
[2025-12-27T14:33:51.606+0000] {processor.py:183} INFO - Processing /home/airflow/.local/lib/python3.12/site-packages/airflow/example_dags/example_short_circuit_operator.py took 0.262 seconds
[2025-12-27T14:34:22.444+0000] {processor.py:161} INFO - Started process (PID=1901) to work on /home/airflow/.local/lib/python3.12/site-packages/airflow/example_dags/example_short_circuit_operator.py
[2025-12-27T14:34:22.447+0000] {processor.py:830} INFO - Processing file /home/airflow/.local/lib/python3.12/site-packages/airflow/example_dags/example_short_circuit_operator.py for tasks to queue
[2025-12-27T14:34:22.450+0000] {logging_mixin.py:188} INFO - [2025-12-27T14:34:22.449+0000] {dagbag.py:540} INFO - Filling up the DagBag from /home/airflow/.local/lib/python3.12/site-packages/airflow/example_dags/example_short_circuit_operator.py
[2025-12-27T14:34:22.475+0000] {processor.py:840} INFO - DAG(s) 'example_short_circuit_operator' retrieved from /home/airflow/.local/lib/python3.12/site-packages/airflow/example_dags/example_short_circuit_operator.py
[2025-12-27T14:34:22.588+0000] {logging_mixin.py:188} INFO - [2025-12-27T14:34:22.588+0000] {dag.py:3096} INFO - Sync 1 DAGs
[2025-12-27T14:34:22.697+0000] {logging_mixin.py:188} INFO - [2025-12-27T14:34:22.697+0000] {dag.py:3954} INFO - Setting next_dagrun for example_short_circuit_operator to 2025-12-26 00:00:00+00:00, run_after=2025-12-27 00:00:00+00:00
[2025-12-27T14:34:22.752+0000] {processor.py:183} INFO - Processing /home/airflow/.local/lib/python3.12/site-packages/airflow/example_dags/example_short_circuit_operator.py took 0.326 seconds
[2025-12-27T14:34:53.256+0000] {processor.py:161} INFO - Started process (PID=1960) to work on /home/airflow/.local/lib/python3.12/site-packages/airflow/example_dags/example_short_circuit_operator.py
[2025-12-27T14:34:53.259+0000] {processor.py:830} INFO - Processing file /home/airflow/.local/lib/python3.12/site-packages/airflow/example_dags/example_short_circuit_operator.py for tasks to queue
[2025-12-27T14:34:53.262+0000] {logging_mixin.py:188} INFO - [2025-12-27T14:34:53.261+0000] {dagbag.py:540} INFO - Filling up the DagBag from /home/airflow/.local/lib/python3.12/site-packages/airflow/example_dags/example_short_circuit_operator.py
[2025-12-27T14:34:53.290+0000] {processor.py:840} INFO - DAG(s) 'example_short_circuit_operator' retrieved from /home/airflow/.local/lib/python3.12/site-packages/airflow/example_dags/example_short_circuit_operator.py
[2025-12-27T14:34:53.363+0000] {logging_mixin.py:188} INFO - [2025-12-27T14:34:53.363+0000] {dag.py:3096} INFO - Sync 1 DAGs
[2025-12-27T14:34:53.447+0000] {logging_mixin.py:188} INFO - [2025-12-27T14:34:53.446+0000] {dag.py:3954} INFO - Setting next_dagrun for example_short_circuit_operator to 2025-12-26 00:00:00+00:00, run_after=2025-12-27 00:00:00+00:00
[2025-12-27T14:34:53.502+0000] {processor.py:183} INFO - Processing /home/airflow/.local/lib/python3.12/site-packages/airflow/example_dags/example_short_circuit_operator.py took 0.264 seconds
[2025-12-27T14:35:24.201+0000] {processor.py:161} INFO - Started process (PID=2018) to work on /home/airflow/.local/lib/python3.12/site-packages/airflow/example_dags/example_short_circuit_operator.py
[2025-12-27T14:35:24.206+0000] {processor.py:830} INFO - Processing file /home/airflow/.local/lib/python3.12/site-packages/airflow/example_dags/example_short_circuit_operator.py for tasks to queue
[2025-12-27T14:35:24.213+0000] {logging_mixin.py:188} INFO - [2025-12-27T14:35:24.211+0000] {dagbag.py:540} INFO - Filling up the DagBag from /home/airflow/.local/lib/python3.12/site-packages/airflow/example_dags/example_short_circuit_operator.py
[2025-12-27T14:35:24.249+0000] {processor.py:840} INFO - DAG(s) 'example_short_circuit_operator' retrieved from /home/airflow/.local/lib/python3.12/site-packages/airflow/example_dags/example_short_circuit_operator.py
[2025-12-27T14:35:24.355+0000] {logging_mixin.py:188} INFO - [2025-12-27T14:35:24.354+0000] {dag.py:3096} INFO - Sync 1 DAGs
[2025-12-27T14:35:24.458+0000] {logging_mixin.py:188} INFO - [2025-12-27T14:35:24.457+0000] {dag.py:3954} INFO - Setting next_dagrun for example_short_circuit_operator to 2025-12-26 00:00:00+00:00, run_after=2025-12-27 00:00:00+00:00
[2025-12-27T14:35:24.535+0000] {processor.py:183} INFO - Processing /home/airflow/.local/lib/python3.12/site-packages/airflow/example_dags/example_short_circuit_operator.py took 0.358 seconds
[2025-12-27T14:35:55.930+0000] {processor.py:161} INFO - Started process (PID=2075) to work on /home/airflow/.local/lib/python3.12/site-packages/airflow/example_dags/example_short_circuit_operator.py
[2025-12-27T14:35:55.944+0000] {processor.py:830} INFO - Processing file /home/airflow/.local/lib/python3.12/site-packages/airflow/example_dags/example_short_circuit_operator.py for tasks to queue
[2025-12-27T14:35:55.952+0000] {logging_mixin.py:188} INFO - [2025-12-27T14:35:55.950+0000] {dagbag.py:540} INFO - Filling up the DagBag from /home/airflow/.local/lib/python3.12/site-packages/airflow/example_dags/example_short_circuit_operator.py
[2025-12-27T14:35:56.041+0000] {processor.py:840} INFO - DAG(s) 'example_short_circuit_operator' retrieved from /home/airflow/.local/lib/python3.12/site-packages/airflow/example_dags/example_short_circuit_operator.py
[2025-12-27T14:35:56.435+0000] {logging_mixin.py:188} INFO - [2025-12-27T14:35:56.424+0000] {dag.py:3096} INFO - Sync 1 DAGs
[2025-12-27T14:35:56.738+0000] {logging_mixin.py:188} INFO - [2025-12-27T14:35:56.737+0000] {dag.py:3954} INFO - Setting next_dagrun for example_short_circuit_operator to 2025-12-26 00:00:00+00:00, run_after=2025-12-27 00:00:00+00:00
[2025-12-27T14:35:57.001+0000] {processor.py:183} INFO - Processing /home/airflow/.local/lib/python3.12/site-packages/airflow/example_dags/example_short_circuit_operator.py took 1.134 seconds
[2025-12-27T14:36:36.337+0000] {processor.py:161} INFO - Started process (PID=2130) to work on /home/airflow/.local/lib/python3.12/site-packages/airflow/example_dags/example_short_circuit_operator.py
[2025-12-27T14:36:36.341+0000] {processor.py:830} INFO - Processing file /home/airflow/.local/lib/python3.12/site-packages/airflow/example_dags/example_short_circuit_operator.py for tasks to queue
[2025-12-27T14:36:36.345+0000] {logging_mixin.py:188} INFO - [2025-12-27T14:36:36.344+0000] {dagbag.py:540} INFO - Filling up the DagBag from /home/airflow/.local/lib/python3.12/site-packages/airflow/example_dags/example_short_circuit_operator.py
[2025-12-27T14:36:36.390+0000] {processor.py:840} INFO - DAG(s) 'example_short_circuit_operator' retrieved from /home/airflow/.local/lib/python3.12/site-packages/airflow/example_dags/example_short_circuit_operator.py
[2025-12-27T14:36:36.495+0000] {logging_mixin.py:188} INFO - [2025-12-27T14:36:36.494+0000] {dag.py:3096} INFO - Sync 1 DAGs
[2025-12-27T14:36:36.591+0000] {logging_mixin.py:188} INFO - [2025-12-27T14:36:36.591+0000] {dag.py:3954} INFO - Setting next_dagrun for example_short_circuit_operator to 2025-12-26 00:00:00+00:00, run_after=2025-12-27 00:00:00+00:00
[2025-12-27T14:36:36.671+0000] {processor.py:183} INFO - Processing /home/airflow/.local/lib/python3.12/site-packages/airflow/example_dags/example_short_circuit_operator.py took 0.357 seconds
[2025-12-27T14:37:06.961+0000] {processor.py:161} INFO - Started process (PID=2189) to work on /home/airflow/.local/lib/python3.12/site-packages/airflow/example_dags/example_short_circuit_operator.py
[2025-12-27T14:37:06.965+0000] {processor.py:830} INFO - Processing file /home/airflow/.local/lib/python3.12/site-packages/airflow/example_dags/example_short_circuit_operator.py for tasks to queue
[2025-12-27T14:37:06.967+0000] {logging_mixin.py:188} INFO - [2025-12-27T14:37:06.967+0000] {dagbag.py:540} INFO - Filling up the DagBag from /home/airflow/.local/lib/python3.12/site-packages/airflow/example_dags/example_short_circuit_operator.py
[2025-12-27T14:37:06.990+0000] {processor.py:840} INFO - DAG(s) 'example_short_circuit_operator' retrieved from /home/airflow/.local/lib/python3.12/site-packages/airflow/example_dags/example_short_circuit_operator.py
[2025-12-27T14:37:07.077+0000] {logging_mixin.py:188} INFO - [2025-12-27T14:37:07.076+0000] {dag.py:3096} INFO - Sync 1 DAGs
[2025-12-27T14:37:07.156+0000] {logging_mixin.py:188} INFO - [2025-12-27T14:37:07.156+0000] {dag.py:3954} INFO - Setting next_dagrun for example_short_circuit_operator to 2025-12-26 00:00:00+00:00, run_after=2025-12-27 00:00:00+00:00
[2025-12-27T14:37:07.216+0000] {processor.py:183} INFO - Processing /home/airflow/.local/lib/python3.12/site-packages/airflow/example_dags/example_short_circuit_operator.py took 0.274 seconds
[2025-12-27T14:37:38.982+0000] {processor.py:161} INFO - Started process (PID=2248) to work on /home/airflow/.local/lib/python3.12/site-packages/airflow/example_dags/example_short_circuit_operator.py
[2025-12-27T14:37:38.986+0000] {processor.py:830} INFO - Processing file /home/airflow/.local/lib/python3.12/site-packages/airflow/example_dags/example_short_circuit_operator.py for tasks to queue
[2025-12-27T14:37:38.988+0000] {logging_mixin.py:188} INFO - [2025-12-27T14:37:38.988+0000] {dagbag.py:540} INFO - Filling up the DagBag from /home/airflow/.local/lib/python3.12/site-packages/airflow/example_dags/example_short_circuit_operator.py
[2025-12-27T14:37:39.020+0000] {processor.py:840} INFO - DAG(s) 'example_short_circuit_operator' retrieved from /home/airflow/.local/lib/python3.12/site-packages/airflow/example_dags/example_short_circuit_operator.py
[2025-12-27T14:37:39.125+0000] {logging_mixin.py:188} INFO - [2025-12-27T14:37:39.124+0000] {dag.py:3096} INFO - Sync 1 DAGs
[2025-12-27T14:37:39.239+0000] {logging_mixin.py:188} INFO - [2025-12-27T14:37:39.238+0000] {dag.py:3954} INFO - Setting next_dagrun for example_short_circuit_operator to 2025-12-26 00:00:00+00:00, run_after=2025-12-27 00:00:00+00:00
[2025-12-27T14:37:39.308+0000] {processor.py:183} INFO - Processing /home/airflow/.local/lib/python3.12/site-packages/airflow/example_dags/example_short_circuit_operator.py took 0.345 seconds
[2025-12-27T14:38:10.387+0000] {processor.py:161} INFO - Started process (PID=2306) to work on /home/airflow/.local/lib/python3.12/site-packages/airflow/example_dags/example_short_circuit_operator.py
[2025-12-27T14:38:10.390+0000] {processor.py:830} INFO - Processing file /home/airflow/.local/lib/python3.12/site-packages/airflow/example_dags/example_short_circuit_operator.py for tasks to queue
[2025-12-27T14:38:10.395+0000] {logging_mixin.py:188} INFO - [2025-12-27T14:38:10.393+0000] {dagbag.py:540} INFO - Filling up the DagBag from /home/airflow/.local/lib/python3.12/site-packages/airflow/example_dags/example_short_circuit_operator.py
[2025-12-27T14:38:10.449+0000] {processor.py:840} INFO - DAG(s) 'example_short_circuit_operator' retrieved from /home/airflow/.local/lib/python3.12/site-packages/airflow/example_dags/example_short_circuit_operator.py
[2025-12-27T14:38:10.607+0000] {logging_mixin.py:188} INFO - [2025-12-27T14:38:10.606+0000] {dag.py:3096} INFO - Sync 1 DAGs
[2025-12-27T14:38:10.847+0000] {logging_mixin.py:188} INFO - [2025-12-27T14:38:10.846+0000] {dag.py:3954} INFO - Setting next_dagrun for example_short_circuit_operator to 2025-12-26 00:00:00+00:00, run_after=2025-12-27 00:00:00+00:00
[2025-12-27T14:38:10.945+0000] {processor.py:183} INFO - Processing /home/airflow/.local/lib/python3.12/site-packages/airflow/example_dags/example_short_circuit_operator.py took 0.596 seconds
[2025-12-27T14:38:42.399+0000] {processor.py:161} INFO - Started process (PID=2364) to work on /home/airflow/.local/lib/python3.12/site-packages/airflow/example_dags/example_short_circuit_operator.py
[2025-12-27T14:38:42.403+0000] {processor.py:830} INFO - Processing file /home/airflow/.local/lib/python3.12/site-packages/airflow/example_dags/example_short_circuit_operator.py for tasks to queue
[2025-12-27T14:38:42.407+0000] {logging_mixin.py:188} INFO - [2025-12-27T14:38:42.406+0000] {dagbag.py:540} INFO - Filling up the DagBag from /home/airflow/.local/lib/python3.12/site-packages/airflow/example_dags/example_short_circuit_operator.py
[2025-12-27T14:38:42.451+0000] {processor.py:840} INFO - DAG(s) 'example_short_circuit_operator' retrieved from /home/airflow/.local/lib/python3.12/site-packages/airflow/example_dags/example_short_circuit_operator.py
[2025-12-27T14:38:42.600+0000] {logging_mixin.py:188} INFO - [2025-12-27T14:38:42.599+0000] {dag.py:3096} INFO - Sync 1 DAGs
[2025-12-27T14:38:42.765+0000] {logging_mixin.py:188} INFO - [2025-12-27T14:38:42.764+0000] {dag.py:3954} INFO - Setting next_dagrun for example_short_circuit_operator to 2025-12-26 00:00:00+00:00, run_after=2025-12-27 00:00:00+00:00
[2025-12-27T14:38:42.900+0000] {processor.py:183} INFO - Processing /home/airflow/.local/lib/python3.12/site-packages/airflow/example_dags/example_short_circuit_operator.py took 0.532 seconds
[2025-12-27T14:39:13.454+0000] {processor.py:161} INFO - Started process (PID=2422) to work on /home/airflow/.local/lib/python3.12/site-packages/airflow/example_dags/example_short_circuit_operator.py
[2025-12-27T14:39:13.460+0000] {processor.py:830} INFO - Processing file /home/airflow/.local/lib/python3.12/site-packages/airflow/example_dags/example_short_circuit_operator.py for tasks to queue
[2025-12-27T14:39:13.472+0000] {logging_mixin.py:188} INFO - [2025-12-27T14:39:13.471+0000] {dagbag.py:540} INFO - Filling up the DagBag from /home/airflow/.local/lib/python3.12/site-packages/airflow/example_dags/example_short_circuit_operator.py
[2025-12-27T14:39:13.513+0000] {processor.py:840} INFO - DAG(s) 'example_short_circuit_operator' retrieved from /home/airflow/.local/lib/python3.12/site-packages/airflow/example_dags/example_short_circuit_operator.py
[2025-12-27T14:39:13.628+0000] {logging_mixin.py:188} INFO - [2025-12-27T14:39:13.627+0000] {dag.py:3096} INFO - Sync 1 DAGs
[2025-12-27T14:39:13.725+0000] {logging_mixin.py:188} INFO - [2025-12-27T14:39:13.725+0000] {dag.py:3954} INFO - Setting next_dagrun for example_short_circuit_operator to 2025-12-26 00:00:00+00:00, run_after=2025-12-27 00:00:00+00:00
[2025-12-27T14:39:13.798+0000] {processor.py:183} INFO - Processing /home/airflow/.local/lib/python3.12/site-packages/airflow/example_dags/example_short_circuit_operator.py took 0.378 seconds
[2025-12-27T14:39:44.544+0000] {processor.py:161} INFO - Started process (PID=2478) to work on /home/airflow/.local/lib/python3.12/site-packages/airflow/example_dags/example_short_circuit_operator.py
[2025-12-27T14:39:44.550+0000] {processor.py:830} INFO - Processing file /home/airflow/.local/lib/python3.12/site-packages/airflow/example_dags/example_short_circuit_operator.py for tasks to queue
[2025-12-27T14:39:44.553+0000] {logging_mixin.py:188} INFO - [2025-12-27T14:39:44.552+0000] {dagbag.py:540} INFO - Filling up the DagBag from /home/airflow/.local/lib/python3.12/site-packages/airflow/example_dags/example_short_circuit_operator.py
[2025-12-27T14:39:44.586+0000] {processor.py:840} INFO - DAG(s) 'example_short_circuit_operator' retrieved from /home/airflow/.local/lib/python3.12/site-packages/airflow/example_dags/example_short_circuit_operator.py
[2025-12-27T14:39:44.672+0000] {logging_mixin.py:188} INFO - [2025-12-27T14:39:44.672+0000] {dag.py:3096} INFO - Sync 1 DAGs
[2025-12-27T14:39:44.740+0000] {logging_mixin.py:188} INFO - [2025-12-27T14:39:44.740+0000] {dag.py:3954} INFO - Setting next_dagrun for example_short_circuit_operator to 2025-12-26 00:00:00+00:00, run_after=2025-12-27 00:00:00+00:00
[2025-12-27T14:39:44.794+0000] {processor.py:183} INFO - Processing /home/airflow/.local/lib/python3.12/site-packages/airflow/example_dags/example_short_circuit_operator.py took 0.271 seconds
[2025-12-27T14:40:15.272+0000] {processor.py:161} INFO - Started process (PID=2536) to work on /home/airflow/.local/lib/python3.12/site-packages/airflow/example_dags/example_short_circuit_operator.py
[2025-12-27T14:40:15.276+0000] {processor.py:830} INFO - Processing file /home/airflow/.local/lib/python3.12/site-packages/airflow/example_dags/example_short_circuit_operator.py for tasks to queue
[2025-12-27T14:40:15.278+0000] {logging_mixin.py:188} INFO - [2025-12-27T14:40:15.277+0000] {dagbag.py:540} INFO - Filling up the DagBag from /home/airflow/.local/lib/python3.12/site-packages/airflow/example_dags/example_short_circuit_operator.py
[2025-12-27T14:40:15.304+0000] {processor.py:840} INFO - DAG(s) 'example_short_circuit_operator' retrieved from /home/airflow/.local/lib/python3.12/site-packages/airflow/example_dags/example_short_circuit_operator.py
[2025-12-27T14:40:15.366+0000] {logging_mixin.py:188} INFO - [2025-12-27T14:40:15.366+0000] {dag.py:3096} INFO - Sync 1 DAGs
[2025-12-27T14:40:15.442+0000] {logging_mixin.py:188} INFO - [2025-12-27T14:40:15.441+0000] {dag.py:3954} INFO - Setting next_dagrun for example_short_circuit_operator to 2025-12-26 00:00:00+00:00, run_after=2025-12-27 00:00:00+00:00
[2025-12-27T14:40:15.503+0000] {processor.py:183} INFO - Processing /home/airflow/.local/lib/python3.12/site-packages/airflow/example_dags/example_short_circuit_operator.py took 0.260 seconds
[2025-12-27T14:40:46.448+0000] {processor.py:161} INFO - Started process (PID=2594) to work on /home/airflow/.local/lib/python3.12/site-packages/airflow/example_dags/example_short_circuit_operator.py
[2025-12-27T14:40:46.451+0000] {processor.py:830} INFO - Processing file /home/airflow/.local/lib/python3.12/site-packages/airflow/example_dags/example_short_circuit_operator.py for tasks to queue
[2025-12-27T14:40:46.455+0000] {logging_mixin.py:188} INFO - [2025-12-27T14:40:46.454+0000] {dagbag.py:540} INFO - Filling up the DagBag from /home/airflow/.local/lib/python3.12/site-packages/airflow/example_dags/example_short_circuit_operator.py
[2025-12-27T14:40:46.486+0000] {processor.py:840} INFO - DAG(s) 'example_short_circuit_operator' retrieved from /home/airflow/.local/lib/python3.12/site-packages/airflow/example_dags/example_short_circuit_operator.py
[2025-12-27T14:40:46.582+0000] {logging_mixin.py:188} INFO - [2025-12-27T14:40:46.581+0000] {dag.py:3096} INFO - Sync 1 DAGs
[2025-12-27T14:40:46.657+0000] {logging_mixin.py:188} INFO - [2025-12-27T14:40:46.656+0000] {dag.py:3954} INFO - Setting next_dagrun for example_short_circuit_operator to 2025-12-26 00:00:00+00:00, run_after=2025-12-27 00:00:00+00:00
[2025-12-27T14:40:46.745+0000] {processor.py:183} INFO - Processing /home/airflow/.local/lib/python3.12/site-packages/airflow/example_dags/example_short_circuit_operator.py took 0.320 seconds
[2025-12-27T14:41:17.194+0000] {processor.py:161} INFO - Started process (PID=2651) to work on /home/airflow/.local/lib/python3.12/site-packages/airflow/example_dags/example_short_circuit_operator.py
[2025-12-27T14:41:17.197+0000] {processor.py:830} INFO - Processing file /home/airflow/.local/lib/python3.12/site-packages/airflow/example_dags/example_short_circuit_operator.py for tasks to queue
[2025-12-27T14:41:17.199+0000] {logging_mixin.py:188} INFO - [2025-12-27T14:41:17.198+0000] {dagbag.py:540} INFO - Filling up the DagBag from /home/airflow/.local/lib/python3.12/site-packages/airflow/example_dags/example_short_circuit_operator.py
[2025-12-27T14:41:17.228+0000] {processor.py:840} INFO - DAG(s) 'example_short_circuit_operator' retrieved from /home/airflow/.local/lib/python3.12/site-packages/airflow/example_dags/example_short_circuit_operator.py
[2025-12-27T14:41:17.312+0000] {logging_mixin.py:188} INFO - [2025-12-27T14:41:17.312+0000] {dag.py:3096} INFO - Sync 1 DAGs
[2025-12-27T14:41:17.412+0000] {logging_mixin.py:188} INFO - [2025-12-27T14:41:17.412+0000] {dag.py:3954} INFO - Setting next_dagrun for example_short_circuit_operator to 2025-12-26 00:00:00+00:00, run_after=2025-12-27 00:00:00+00:00
[2025-12-27T14:41:17.463+0000] {processor.py:183} INFO - Processing /home/airflow/.local/lib/python3.12/site-packages/airflow/example_dags/example_short_circuit_operator.py took 0.295 seconds
[2025-12-27T14:41:47.783+0000] {processor.py:161} INFO - Started process (PID=2708) to work on /home/airflow/.local/lib/python3.12/site-packages/airflow/example_dags/example_short_circuit_operator.py
[2025-12-27T14:41:47.787+0000] {processor.py:830} INFO - Processing file /home/airflow/.local/lib/python3.12/site-packages/airflow/example_dags/example_short_circuit_operator.py for tasks to queue
[2025-12-27T14:41:47.792+0000] {logging_mixin.py:188} INFO - [2025-12-27T14:41:47.790+0000] {dagbag.py:540} INFO - Filling up the DagBag from /home/airflow/.local/lib/python3.12/site-packages/airflow/example_dags/example_short_circuit_operator.py
[2025-12-27T14:41:47.831+0000] {processor.py:840} INFO - DAG(s) 'example_short_circuit_operator' retrieved from /home/airflow/.local/lib/python3.12/site-packages/airflow/example_dags/example_short_circuit_operator.py
[2025-12-27T14:41:47.925+0000] {logging_mixin.py:188} INFO - [2025-12-27T14:41:47.924+0000] {dag.py:3096} INFO - Sync 1 DAGs
[2025-12-27T14:41:48.003+0000] {logging_mixin.py:188} INFO - [2025-12-27T14:41:48.002+0000] {dag.py:3954} INFO - Setting next_dagrun for example_short_circuit_operator to 2025-12-26 00:00:00+00:00, run_after=2025-12-27 00:00:00+00:00
[2025-12-27T14:41:48.069+0000] {processor.py:183} INFO - Processing /home/airflow/.local/lib/python3.12/site-packages/airflow/example_dags/example_short_circuit_operator.py took 0.307 seconds
[2025-12-27T14:42:18.474+0000] {processor.py:161} INFO - Started process (PID=2766) to work on /home/airflow/.local/lib/python3.12/site-packages/airflow/example_dags/example_short_circuit_operator.py
[2025-12-27T14:42:18.477+0000] {processor.py:830} INFO - Processing file /home/airflow/.local/lib/python3.12/site-packages/airflow/example_dags/example_short_circuit_operator.py for tasks to queue
[2025-12-27T14:42:18.480+0000] {logging_mixin.py:188} INFO - [2025-12-27T14:42:18.479+0000] {dagbag.py:540} INFO - Filling up the DagBag from /home/airflow/.local/lib/python3.12/site-packages/airflow/example_dags/example_short_circuit_operator.py
[2025-12-27T14:42:18.506+0000] {processor.py:840} INFO - DAG(s) 'example_short_circuit_operator' retrieved from /home/airflow/.local/lib/python3.12/site-packages/airflow/example_dags/example_short_circuit_operator.py
[2025-12-27T14:42:18.579+0000] {logging_mixin.py:188} INFO - [2025-12-27T14:42:18.578+0000] {dag.py:3096} INFO - Sync 1 DAGs
[2025-12-27T14:42:18.653+0000] {logging_mixin.py:188} INFO - [2025-12-27T14:42:18.652+0000] {dag.py:3954} INFO - Setting next_dagrun for example_short_circuit_operator to 2025-12-26 00:00:00+00:00, run_after=2025-12-27 00:00:00+00:00
[2025-12-27T14:42:18.738+0000] {processor.py:183} INFO - Processing /home/airflow/.local/lib/python3.12/site-packages/airflow/example_dags/example_short_circuit_operator.py took 0.287 seconds
[2025-12-27T14:42:48.938+0000] {processor.py:161} INFO - Started process (PID=2824) to work on /home/airflow/.local/lib/python3.12/site-packages/airflow/example_dags/example_short_circuit_operator.py
[2025-12-27T14:42:48.940+0000] {processor.py:830} INFO - Processing file /home/airflow/.local/lib/python3.12/site-packages/airflow/example_dags/example_short_circuit_operator.py for tasks to queue
[2025-12-27T14:42:48.943+0000] {logging_mixin.py:188} INFO - [2025-12-27T14:42:48.942+0000] {dagbag.py:540} INFO - Filling up the DagBag from /home/airflow/.local/lib/python3.12/site-packages/airflow/example_dags/example_short_circuit_operator.py
[2025-12-27T14:42:48.966+0000] {processor.py:840} INFO - DAG(s) 'example_short_circuit_operator' retrieved from /home/airflow/.local/lib/python3.12/site-packages/airflow/example_dags/example_short_circuit_operator.py
[2025-12-27T14:42:49.029+0000] {logging_mixin.py:188} INFO - [2025-12-27T14:42:49.028+0000] {dag.py:3096} INFO - Sync 1 DAGs
[2025-12-27T14:42:49.094+0000] {logging_mixin.py:188} INFO - [2025-12-27T14:42:49.093+0000] {dag.py:3954} INFO - Setting next_dagrun for example_short_circuit_operator to 2025-12-26 00:00:00+00:00, run_after=2025-12-27 00:00:00+00:00
[2025-12-27T14:42:49.144+0000] {processor.py:183} INFO - Processing /home/airflow/.local/lib/python3.12/site-packages/airflow/example_dags/example_short_circuit_operator.py took 0.223 seconds
[2025-12-27T14:43:19.865+0000] {processor.py:161} INFO - Started process (PID=2883) to work on /home/airflow/.local/lib/python3.12/site-packages/airflow/example_dags/example_short_circuit_operator.py
[2025-12-27T14:43:19.868+0000] {processor.py:830} INFO - Processing file /home/airflow/.local/lib/python3.12/site-packages/airflow/example_dags/example_short_circuit_operator.py for tasks to queue
[2025-12-27T14:43:19.871+0000] {logging_mixin.py:188} INFO - [2025-12-27T14:43:19.870+0000] {dagbag.py:540} INFO - Filling up the DagBag from /home/airflow/.local/lib/python3.12/site-packages/airflow/example_dags/example_short_circuit_operator.py
[2025-12-27T14:43:19.898+0000] {processor.py:840} INFO - DAG(s) 'example_short_circuit_operator' retrieved from /home/airflow/.local/lib/python3.12/site-packages/airflow/example_dags/example_short_circuit_operator.py
[2025-12-27T14:43:19.984+0000] {logging_mixin.py:188} INFO - [2025-12-27T14:43:19.983+0000] {dag.py:3096} INFO - Sync 1 DAGs
[2025-12-27T14:43:20.074+0000] {logging_mixin.py:188} INFO - [2025-12-27T14:43:20.073+0000] {dag.py:3954} INFO - Setting next_dagrun for example_short_circuit_operator to 2025-12-26 00:00:00+00:00, run_after=2025-12-27 00:00:00+00:00
[2025-12-27T14:43:20.140+0000] {processor.py:183} INFO - Processing /home/airflow/.local/lib/python3.12/site-packages/airflow/example_dags/example_short_circuit_operator.py took 0.295 seconds
[2025-12-27T14:43:50.400+0000] {processor.py:161} INFO - Started process (PID=2940) to work on /home/airflow/.local/lib/python3.12/site-packages/airflow/example_dags/example_short_circuit_operator.py
[2025-12-27T14:43:50.405+0000] {processor.py:830} INFO - Processing file /home/airflow/.local/lib/python3.12/site-packages/airflow/example_dags/example_short_circuit_operator.py for tasks to queue
[2025-12-27T14:43:50.420+0000] {logging_mixin.py:188} INFO - [2025-12-27T14:43:50.409+0000] {dagbag.py:540} INFO - Filling up the DagBag from /home/airflow/.local/lib/python3.12/site-packages/airflow/example_dags/example_short_circuit_operator.py
[2025-12-27T14:43:50.487+0000] {processor.py:840} INFO - DAG(s) 'example_short_circuit_operator' retrieved from /home/airflow/.local/lib/python3.12/site-packages/airflow/example_dags/example_short_circuit_operator.py
[2025-12-27T14:43:50.620+0000] {logging_mixin.py:188} INFO - [2025-12-27T14:43:50.620+0000] {dag.py:3096} INFO - Sync 1 DAGs
[2025-12-27T14:43:50.738+0000] {logging_mixin.py:188} INFO - [2025-12-27T14:43:50.737+0000] {dag.py:3954} INFO - Setting next_dagrun for example_short_circuit_operator to 2025-12-26 00:00:00+00:00, run_after=2025-12-27 00:00:00+00:00
[2025-12-27T14:43:50.836+0000] {processor.py:183} INFO - Processing /home/airflow/.local/lib/python3.12/site-packages/airflow/example_dags/example_short_circuit_operator.py took 0.492 seconds
[2025-12-27T14:44:21.006+0000] {processor.py:161} INFO - Started process (PID=2999) to work on /home/airflow/.local/lib/python3.12/site-packages/airflow/example_dags/example_short_circuit_operator.py
[2025-12-27T14:44:21.014+0000] {processor.py:830} INFO - Processing file /home/airflow/.local/lib/python3.12/site-packages/airflow/example_dags/example_short_circuit_operator.py for tasks to queue
[2025-12-27T14:44:21.024+0000] {logging_mixin.py:188} INFO - [2025-12-27T14:44:21.016+0000] {dagbag.py:540} INFO - Filling up the DagBag from /home/airflow/.local/lib/python3.12/site-packages/airflow/example_dags/example_short_circuit_operator.py
[2025-12-27T14:44:21.092+0000] {processor.py:840} INFO - DAG(s) 'example_short_circuit_operator' retrieved from /home/airflow/.local/lib/python3.12/site-packages/airflow/example_dags/example_short_circuit_operator.py
[2025-12-27T14:44:21.257+0000] {logging_mixin.py:188} INFO - [2025-12-27T14:44:21.256+0000] {dag.py:3096} INFO - Sync 1 DAGs
[2025-12-27T14:44:21.320+0000] {logging_mixin.py:188} INFO - [2025-12-27T14:44:21.319+0000] {dag.py:3954} INFO - Setting next_dagrun for example_short_circuit_operator to 2025-12-26 00:00:00+00:00, run_after=2025-12-27 00:00:00+00:00
[2025-12-27T14:44:21.373+0000] {processor.py:183} INFO - Processing /home/airflow/.local/lib/python3.12/site-packages/airflow/example_dags/example_short_circuit_operator.py took 0.399 seconds
[2025-12-27T14:44:52.924+0000] {processor.py:161} INFO - Started process (PID=3058) to work on /home/airflow/.local/lib/python3.12/site-packages/airflow/example_dags/example_short_circuit_operator.py
[2025-12-27T14:44:52.929+0000] {processor.py:830} INFO - Processing file /home/airflow/.local/lib/python3.12/site-packages/airflow/example_dags/example_short_circuit_operator.py for tasks to queue
[2025-12-27T14:44:52.937+0000] {logging_mixin.py:188} INFO - [2025-12-27T14:44:52.936+0000] {dagbag.py:540} INFO - Filling up the DagBag from /home/airflow/.local/lib/python3.12/site-packages/airflow/example_dags/example_short_circuit_operator.py
[2025-12-27T14:44:52.984+0000] {processor.py:840} INFO - DAG(s) 'example_short_circuit_operator' retrieved from /home/airflow/.local/lib/python3.12/site-packages/airflow/example_dags/example_short_circuit_operator.py
[2025-12-27T14:44:53.106+0000] {logging_mixin.py:188} INFO - [2025-12-27T14:44:53.106+0000] {dag.py:3096} INFO - Sync 1 DAGs
[2025-12-27T14:44:53.230+0000] {logging_mixin.py:188} INFO - [2025-12-27T14:44:53.229+0000] {dag.py:3954} INFO - Setting next_dagrun for example_short_circuit_operator to 2025-12-26 00:00:00+00:00, run_after=2025-12-27 00:00:00+00:00
[2025-12-27T14:44:53.333+0000] {processor.py:183} INFO - Processing /home/airflow/.local/lib/python3.12/site-packages/airflow/example_dags/example_short_circuit_operator.py took 0.439 seconds
[2025-12-27T14:45:23.877+0000] {processor.py:161} INFO - Started process (PID=3116) to work on /home/airflow/.local/lib/python3.12/site-packages/airflow/example_dags/example_short_circuit_operator.py
[2025-12-27T14:45:23.881+0000] {processor.py:830} INFO - Processing file /home/airflow/.local/lib/python3.12/site-packages/airflow/example_dags/example_short_circuit_operator.py for tasks to queue
[2025-12-27T14:45:23.885+0000] {logging_mixin.py:188} INFO - [2025-12-27T14:45:23.883+0000] {dagbag.py:540} INFO - Filling up the DagBag from /home/airflow/.local/lib/python3.12/site-packages/airflow/example_dags/example_short_circuit_operator.py
[2025-12-27T14:45:23.908+0000] {processor.py:840} INFO - DAG(s) 'example_short_circuit_operator' retrieved from /home/airflow/.local/lib/python3.12/site-packages/airflow/example_dags/example_short_circuit_operator.py
[2025-12-27T14:45:23.979+0000] {logging_mixin.py:188} INFO - [2025-12-27T14:45:23.979+0000] {dag.py:3096} INFO - Sync 1 DAGs
[2025-12-27T14:45:24.062+0000] {logging_mixin.py:188} INFO - [2025-12-27T14:45:24.062+0000] {dag.py:3954} INFO - Setting next_dagrun for example_short_circuit_operator to 2025-12-26 00:00:00+00:00, run_after=2025-12-27 00:00:00+00:00
[2025-12-27T14:45:24.121+0000] {processor.py:183} INFO - Processing /home/airflow/.local/lib/python3.12/site-packages/airflow/example_dags/example_short_circuit_operator.py took 0.263 seconds
[2025-12-27T14:45:54.231+0000] {processor.py:161} INFO - Started process (PID=3174) to work on /home/airflow/.local/lib/python3.12/site-packages/airflow/example_dags/example_short_circuit_operator.py
[2025-12-27T14:45:54.234+0000] {processor.py:830} INFO - Processing file /home/airflow/.local/lib/python3.12/site-packages/airflow/example_dags/example_short_circuit_operator.py for tasks to queue
[2025-12-27T14:45:54.237+0000] {logging_mixin.py:188} INFO - [2025-12-27T14:45:54.236+0000] {dagbag.py:540} INFO - Filling up the DagBag from /home/airflow/.local/lib/python3.12/site-packages/airflow/example_dags/example_short_circuit_operator.py
[2025-12-27T14:45:54.262+0000] {processor.py:840} INFO - DAG(s) 'example_short_circuit_operator' retrieved from /home/airflow/.local/lib/python3.12/site-packages/airflow/example_dags/example_short_circuit_operator.py
[2025-12-27T14:45:54.329+0000] {logging_mixin.py:188} INFO - [2025-12-27T14:45:54.329+0000] {dag.py:3096} INFO - Sync 1 DAGs
[2025-12-27T14:45:54.393+0000] {logging_mixin.py:188} INFO - [2025-12-27T14:45:54.392+0000] {dag.py:3954} INFO - Setting next_dagrun for example_short_circuit_operator to 2025-12-26 00:00:00+00:00, run_after=2025-12-27 00:00:00+00:00
[2025-12-27T14:45:54.450+0000] {processor.py:183} INFO - Processing /home/airflow/.local/lib/python3.12/site-packages/airflow/example_dags/example_short_circuit_operator.py took 0.240 seconds
[2025-12-27T14:46:24.777+0000] {processor.py:161} INFO - Started process (PID=3232) to work on /home/airflow/.local/lib/python3.12/site-packages/airflow/example_dags/example_short_circuit_operator.py
[2025-12-27T14:46:24.780+0000] {processor.py:830} INFO - Processing file /home/airflow/.local/lib/python3.12/site-packages/airflow/example_dags/example_short_circuit_operator.py for tasks to queue
[2025-12-27T14:46:24.784+0000] {logging_mixin.py:188} INFO - [2025-12-27T14:46:24.783+0000] {dagbag.py:540} INFO - Filling up the DagBag from /home/airflow/.local/lib/python3.12/site-packages/airflow/example_dags/example_short_circuit_operator.py
[2025-12-27T14:46:24.821+0000] {processor.py:840} INFO - DAG(s) 'example_short_circuit_operator' retrieved from /home/airflow/.local/lib/python3.12/site-packages/airflow/example_dags/example_short_circuit_operator.py
[2025-12-27T14:46:24.890+0000] {logging_mixin.py:188} INFO - [2025-12-27T14:46:24.889+0000] {dag.py:3096} INFO - Sync 1 DAGs
[2025-12-27T14:46:24.955+0000] {logging_mixin.py:188} INFO - [2025-12-27T14:46:24.955+0000] {dag.py:3954} INFO - Setting next_dagrun for example_short_circuit_operator to 2025-12-26 00:00:00+00:00, run_after=2025-12-27 00:00:00+00:00
[2025-12-27T14:46:25.012+0000] {processor.py:183} INFO - Processing /home/airflow/.local/lib/python3.12/site-packages/airflow/example_dags/example_short_circuit_operator.py took 0.258 seconds
[2025-12-27T14:46:55.531+0000] {processor.py:161} INFO - Started process (PID=3291) to work on /home/airflow/.local/lib/python3.12/site-packages/airflow/example_dags/example_short_circuit_operator.py
[2025-12-27T14:46:55.535+0000] {processor.py:830} INFO - Processing file /home/airflow/.local/lib/python3.12/site-packages/airflow/example_dags/example_short_circuit_operator.py for tasks to queue
[2025-12-27T14:46:55.538+0000] {logging_mixin.py:188} INFO - [2025-12-27T14:46:55.537+0000] {dagbag.py:540} INFO - Filling up the DagBag from /home/airflow/.local/lib/python3.12/site-packages/airflow/example_dags/example_short_circuit_operator.py
[2025-12-27T14:46:55.567+0000] {processor.py:840} INFO - DAG(s) 'example_short_circuit_operator' retrieved from /home/airflow/.local/lib/python3.12/site-packages/airflow/example_dags/example_short_circuit_operator.py
[2025-12-27T14:46:55.646+0000] {logging_mixin.py:188} INFO - [2025-12-27T14:46:55.646+0000] {dag.py:3096} INFO - Sync 1 DAGs
[2025-12-27T14:46:55.724+0000] {logging_mixin.py:188} INFO - [2025-12-27T14:46:55.724+0000] {dag.py:3954} INFO - Setting next_dagrun for example_short_circuit_operator to 2025-12-26 00:00:00+00:00, run_after=2025-12-27 00:00:00+00:00
[2025-12-27T14:46:55.791+0000] {processor.py:183} INFO - Processing /home/airflow/.local/lib/python3.12/site-packages/airflow/example_dags/example_short_circuit_operator.py took 0.284 seconds
[2025-12-27T14:47:25.905+0000] {processor.py:161} INFO - Started process (PID=3349) to work on /home/airflow/.local/lib/python3.12/site-packages/airflow/example_dags/example_short_circuit_operator.py
[2025-12-27T14:47:25.908+0000] {processor.py:830} INFO - Processing file /home/airflow/.local/lib/python3.12/site-packages/airflow/example_dags/example_short_circuit_operator.py for tasks to queue
[2025-12-27T14:47:25.910+0000] {logging_mixin.py:188} INFO - [2025-12-27T14:47:25.909+0000] {dagbag.py:540} INFO - Filling up the DagBag from /home/airflow/.local/lib/python3.12/site-packages/airflow/example_dags/example_short_circuit_operator.py
[2025-12-27T14:47:25.941+0000] {processor.py:840} INFO - DAG(s) 'example_short_circuit_operator' retrieved from /home/airflow/.local/lib/python3.12/site-packages/airflow/example_dags/example_short_circuit_operator.py
[2025-12-27T14:47:26.007+0000] {logging_mixin.py:188} INFO - [2025-12-27T14:47:26.006+0000] {dag.py:3096} INFO - Sync 1 DAGs
[2025-12-27T14:47:26.066+0000] {logging_mixin.py:188} INFO - [2025-12-27T14:47:26.066+0000] {dag.py:3954} INFO - Setting next_dagrun for example_short_circuit_operator to 2025-12-26 00:00:00+00:00, run_after=2025-12-27 00:00:00+00:00
[2025-12-27T14:47:26.120+0000] {processor.py:183} INFO - Processing /home/airflow/.local/lib/python3.12/site-packages/airflow/example_dags/example_short_circuit_operator.py took 0.231 seconds
[2025-12-27T14:47:56.350+0000] {processor.py:161} INFO - Started process (PID=3407) to work on /home/airflow/.local/lib/python3.12/site-packages/airflow/example_dags/example_short_circuit_operator.py
[2025-12-27T14:47:56.353+0000] {processor.py:830} INFO - Processing file /home/airflow/.local/lib/python3.12/site-packages/airflow/example_dags/example_short_circuit_operator.py for tasks to queue
[2025-12-27T14:47:56.358+0000] {logging_mixin.py:188} INFO - [2025-12-27T14:47:56.357+0000] {dagbag.py:540} INFO - Filling up the DagBag from /home/airflow/.local/lib/python3.12/site-packages/airflow/example_dags/example_short_circuit_operator.py
[2025-12-27T14:47:56.389+0000] {processor.py:840} INFO - DAG(s) 'example_short_circuit_operator' retrieved from /home/airflow/.local/lib/python3.12/site-packages/airflow/example_dags/example_short_circuit_operator.py
[2025-12-27T14:47:56.453+0000] {logging_mixin.py:188} INFO - [2025-12-27T14:47:56.452+0000] {dag.py:3096} INFO - Sync 1 DAGs
[2025-12-27T14:47:56.522+0000] {logging_mixin.py:188} INFO - [2025-12-27T14:47:56.521+0000] {dag.py:3954} INFO - Setting next_dagrun for example_short_circuit_operator to 2025-12-26 00:00:00+00:00, run_after=2025-12-27 00:00:00+00:00
[2025-12-27T14:47:56.628+0000] {processor.py:183} INFO - Processing /home/airflow/.local/lib/python3.12/site-packages/airflow/example_dags/example_short_circuit_operator.py took 0.296 seconds
[2025-12-27T14:48:27.520+0000] {processor.py:161} INFO - Started process (PID=3465) to work on /home/airflow/.local/lib/python3.12/site-packages/airflow/example_dags/example_short_circuit_operator.py
[2025-12-27T14:48:27.528+0000] {processor.py:830} INFO - Processing file /home/airflow/.local/lib/python3.12/site-packages/airflow/example_dags/example_short_circuit_operator.py for tasks to queue
[2025-12-27T14:48:27.535+0000] {logging_mixin.py:188} INFO - [2025-12-27T14:48:27.531+0000] {dagbag.py:540} INFO - Filling up the DagBag from /home/airflow/.local/lib/python3.12/site-packages/airflow/example_dags/example_short_circuit_operator.py
[2025-12-27T14:48:27.610+0000] {processor.py:840} INFO - DAG(s) 'example_short_circuit_operator' retrieved from /home/airflow/.local/lib/python3.12/site-packages/airflow/example_dags/example_short_circuit_operator.py
[2025-12-27T14:48:27.784+0000] {logging_mixin.py:188} INFO - [2025-12-27T14:48:27.783+0000] {dag.py:3096} INFO - Sync 1 DAGs
[2025-12-27T14:48:27.937+0000] {logging_mixin.py:188} INFO - [2025-12-27T14:48:27.936+0000] {dag.py:3954} INFO - Setting next_dagrun for example_short_circuit_operator to 2025-12-26 00:00:00+00:00, run_after=2025-12-27 00:00:00+00:00
[2025-12-27T14:48:28.037+0000] {processor.py:183} INFO - Processing /home/airflow/.local/lib/python3.12/site-packages/airflow/example_dags/example_short_circuit_operator.py took 0.552 seconds
[2025-12-27T14:49:01.604+0000] {processor.py:161} INFO - Started process (PID=3523) to work on /home/airflow/.local/lib/python3.12/site-packages/airflow/example_dags/example_short_circuit_operator.py
[2025-12-27T14:49:01.617+0000] {processor.py:830} INFO - Processing file /home/airflow/.local/lib/python3.12/site-packages/airflow/example_dags/example_short_circuit_operator.py for tasks to queue
[2025-12-27T14:49:01.622+0000] {logging_mixin.py:188} INFO - [2025-12-27T14:49:01.620+0000] {dagbag.py:540} INFO - Filling up the DagBag from /home/airflow/.local/lib/python3.12/site-packages/airflow/example_dags/example_short_circuit_operator.py
[2025-12-27T14:49:01.704+0000] {processor.py:840} INFO - DAG(s) 'example_short_circuit_operator' retrieved from /home/airflow/.local/lib/python3.12/site-packages/airflow/example_dags/example_short_circuit_operator.py
[2025-12-27T14:49:01.830+0000] {logging_mixin.py:188} INFO - [2025-12-27T14:49:01.829+0000] {dag.py:3096} INFO - Sync 1 DAGs
[2025-12-27T14:49:02.014+0000] {logging_mixin.py:188} INFO - [2025-12-27T14:49:02.012+0000] {dag.py:3954} INFO - Setting next_dagrun for example_short_circuit_operator to 2025-12-26 00:00:00+00:00, run_after=2025-12-27 00:00:00+00:00
[2025-12-27T14:49:02.149+0000] {processor.py:183} INFO - Processing /home/airflow/.local/lib/python3.12/site-packages/airflow/example_dags/example_short_circuit_operator.py took 0.577 seconds
[2025-12-27T14:49:32.743+0000] {processor.py:161} INFO - Started process (PID=3581) to work on /home/airflow/.local/lib/python3.12/site-packages/airflow/example_dags/example_short_circuit_operator.py
[2025-12-27T14:49:32.746+0000] {processor.py:830} INFO - Processing file /home/airflow/.local/lib/python3.12/site-packages/airflow/example_dags/example_short_circuit_operator.py for tasks to queue
[2025-12-27T14:49:32.749+0000] {logging_mixin.py:188} INFO - [2025-12-27T14:49:32.748+0000] {dagbag.py:540} INFO - Filling up the DagBag from /home/airflow/.local/lib/python3.12/site-packages/airflow/example_dags/example_short_circuit_operator.py
[2025-12-27T14:49:32.776+0000] {processor.py:840} INFO - DAG(s) 'example_short_circuit_operator' retrieved from /home/airflow/.local/lib/python3.12/site-packages/airflow/example_dags/example_short_circuit_operator.py
[2025-12-27T14:49:32.848+0000] {logging_mixin.py:188} INFO - [2025-12-27T14:49:32.846+0000] {dag.py:3096} INFO - Sync 1 DAGs
[2025-12-27T14:49:32.915+0000] {logging_mixin.py:188} INFO - [2025-12-27T14:49:32.915+0000] {dag.py:3954} INFO - Setting next_dagrun for example_short_circuit_operator to 2025-12-26 00:00:00+00:00, run_after=2025-12-27 00:00:00+00:00
[2025-12-27T14:49:32.969+0000] {processor.py:183} INFO - Processing /home/airflow/.local/lib/python3.12/site-packages/airflow/example_dags/example_short_circuit_operator.py took 0.248 seconds
[2025-12-27T14:50:03.337+0000] {processor.py:161} INFO - Started process (PID=3636) to work on /home/airflow/.local/lib/python3.12/site-packages/airflow/example_dags/example_short_circuit_operator.py
[2025-12-27T14:50:03.341+0000] {processor.py:830} INFO - Processing file /home/airflow/.local/lib/python3.12/site-packages/airflow/example_dags/example_short_circuit_operator.py for tasks to queue
[2025-12-27T14:50:03.345+0000] {logging_mixin.py:188} INFO - [2025-12-27T14:50:03.343+0000] {dagbag.py:540} INFO - Filling up the DagBag from /home/airflow/.local/lib/python3.12/site-packages/airflow/example_dags/example_short_circuit_operator.py
[2025-12-27T14:50:03.375+0000] {processor.py:840} INFO - DAG(s) 'example_short_circuit_operator' retrieved from /home/airflow/.local/lib/python3.12/site-packages/airflow/example_dags/example_short_circuit_operator.py
[2025-12-27T14:50:03.501+0000] {logging_mixin.py:188} INFO - [2025-12-27T14:50:03.500+0000] {dag.py:3096} INFO - Sync 1 DAGs
[2025-12-27T14:50:03.661+0000] {logging_mixin.py:188} INFO - [2025-12-27T14:50:03.660+0000] {dag.py:3954} INFO - Setting next_dagrun for example_short_circuit_operator to 2025-12-26 00:00:00+00:00, run_after=2025-12-27 00:00:00+00:00
[2025-12-27T14:50:03.781+0000] {processor.py:183} INFO - Processing /home/airflow/.local/lib/python3.12/site-packages/airflow/example_dags/example_short_circuit_operator.py took 0.479 seconds
[2025-12-27T14:50:34.037+0000] {processor.py:161} INFO - Started process (PID=3694) to work on /home/airflow/.local/lib/python3.12/site-packages/airflow/example_dags/example_short_circuit_operator.py
[2025-12-27T14:50:34.048+0000] {processor.py:830} INFO - Processing file /home/airflow/.local/lib/python3.12/site-packages/airflow/example_dags/example_short_circuit_operator.py for tasks to queue
[2025-12-27T14:50:34.052+0000] {logging_mixin.py:188} INFO - [2025-12-27T14:50:34.050+0000] {dagbag.py:540} INFO - Filling up the DagBag from /home/airflow/.local/lib/python3.12/site-packages/airflow/example_dags/example_short_circuit_operator.py
[2025-12-27T14:50:34.107+0000] {processor.py:840} INFO - DAG(s) 'example_short_circuit_operator' retrieved from /home/airflow/.local/lib/python3.12/site-packages/airflow/example_dags/example_short_circuit_operator.py
[2025-12-27T14:50:34.214+0000] {logging_mixin.py:188} INFO - [2025-12-27T14:50:34.213+0000] {dag.py:3096} INFO - Sync 1 DAGs
[2025-12-27T14:50:34.334+0000] {logging_mixin.py:188} INFO - [2025-12-27T14:50:34.332+0000] {dag.py:3954} INFO - Setting next_dagrun for example_short_circuit_operator to 2025-12-26 00:00:00+00:00, run_after=2025-12-27 00:00:00+00:00
[2025-12-27T14:50:34.415+0000] {processor.py:183} INFO - Processing /home/airflow/.local/lib/python3.12/site-packages/airflow/example_dags/example_short_circuit_operator.py took 0.415 seconds
[2025-12-27T14:51:07.508+0000] {processor.py:161} INFO - Started process (PID=3752) to work on /home/airflow/.local/lib/python3.12/site-packages/airflow/example_dags/example_short_circuit_operator.py
[2025-12-27T14:51:07.559+0000] {processor.py:830} INFO - Processing file /home/airflow/.local/lib/python3.12/site-packages/airflow/example_dags/example_short_circuit_operator.py for tasks to queue
[2025-12-27T14:51:07.624+0000] {logging_mixin.py:188} INFO - [2025-12-27T14:51:07.582+0000] {dagbag.py:540} INFO - Filling up the DagBag from /home/airflow/.local/lib/python3.12/site-packages/airflow/example_dags/example_short_circuit_operator.py
[2025-12-27T14:51:07.868+0000] {processor.py:840} INFO - DAG(s) 'example_short_circuit_operator' retrieved from /home/airflow/.local/lib/python3.12/site-packages/airflow/example_dags/example_short_circuit_operator.py
[2025-12-27T14:51:08.686+0000] {logging_mixin.py:188} INFO - [2025-12-27T14:51:08.685+0000] {dag.py:3096} INFO - Sync 1 DAGs
[2025-12-27T14:51:09.182+0000] {logging_mixin.py:188} INFO - [2025-12-27T14:51:09.181+0000] {dag.py:3954} INFO - Setting next_dagrun for example_short_circuit_operator to 2025-12-26 00:00:00+00:00, run_after=2025-12-27 00:00:00+00:00
[2025-12-27T14:51:09.930+0000] {processor.py:183} INFO - Processing /home/airflow/.local/lib/python3.12/site-packages/airflow/example_dags/example_short_circuit_operator.py took 2.484 seconds
[2025-12-27T14:53:04.524+0000] {processor.py:161} INFO - Started process (PID=3821) to work on /home/airflow/.local/lib/python3.12/site-packages/airflow/example_dags/example_short_circuit_operator.py
[2025-12-27T14:53:04.595+0000] {processor.py:830} INFO - Processing file /home/airflow/.local/lib/python3.12/site-packages/airflow/example_dags/example_short_circuit_operator.py for tasks to queue
[2025-12-27T14:53:04.598+0000] {logging_mixin.py:188} INFO - [2025-12-27T14:53:04.597+0000] {dagbag.py:540} INFO - Filling up the DagBag from /home/airflow/.local/lib/python3.12/site-packages/airflow/example_dags/example_short_circuit_operator.py
[2025-12-27T14:53:04.695+0000] {processor.py:840} INFO - DAG(s) 'example_short_circuit_operator' retrieved from /home/airflow/.local/lib/python3.12/site-packages/airflow/example_dags/example_short_circuit_operator.py
[2025-12-27T14:53:04.978+0000] {logging_mixin.py:188} INFO - [2025-12-27T14:53:04.977+0000] {dag.py:3096} INFO - Sync 1 DAGs
[2025-12-27T14:53:05.092+0000] {logging_mixin.py:188} INFO - [2025-12-27T14:53:05.091+0000] {dag.py:3954} INFO - Setting next_dagrun for example_short_circuit_operator to 2025-12-26 00:00:00+00:00, run_after=2025-12-27 00:00:00+00:00
[2025-12-27T14:53:05.544+0000] {processor.py:183} INFO - Processing /home/airflow/.local/lib/python3.12/site-packages/airflow/example_dags/example_short_circuit_operator.py took 1.062 seconds
[2025-12-27T14:55:18.956+0000] {processor.py:161} INFO - Started process (PID=3878) to work on /home/airflow/.local/lib/python3.12/site-packages/airflow/example_dags/example_short_circuit_operator.py
[2025-12-27T14:55:18.971+0000] {processor.py:830} INFO - Processing file /home/airflow/.local/lib/python3.12/site-packages/airflow/example_dags/example_short_circuit_operator.py for tasks to queue
[2025-12-27T14:55:18.990+0000] {logging_mixin.py:188} INFO - [2025-12-27T14:55:18.986+0000] {dagbag.py:540} INFO - Filling up the DagBag from /home/airflow/.local/lib/python3.12/site-packages/airflow/example_dags/example_short_circuit_operator.py
[2025-12-27T14:55:19.776+0000] {processor.py:840} INFO - DAG(s) 'example_short_circuit_operator' retrieved from /home/airflow/.local/lib/python3.12/site-packages/airflow/example_dags/example_short_circuit_operator.py
[2025-12-27T14:55:21.017+0000] {logging_mixin.py:188} INFO - [2025-12-27T14:55:21.006+0000] {dag.py:3096} INFO - Sync 1 DAGs
[2025-12-27T14:55:22.821+0000] {logging_mixin.py:188} INFO - [2025-12-27T14:55:22.754+0000] {dag.py:3954} INFO - Setting next_dagrun for example_short_circuit_operator to 2025-12-26 00:00:00+00:00, run_after=2025-12-27 00:00:00+00:00
[2025-12-27T14:55:24.819+0000] {processor.py:183} INFO - Processing /home/airflow/.local/lib/python3.12/site-packages/airflow/example_dags/example_short_circuit_operator.py took 6.115 seconds
