[2025-12-27T14:15:14.178+0000] {processor.py:161} INFO - Started process (PID=127) to work on /home/airflow/.local/lib/python3.12/site-packages/airflow/example_dags/example_complex.py
[2025-12-27T14:15:14.185+0000] {processor.py:830} INFO - Processing file /home/airflow/.local/lib/python3.12/site-packages/airflow/example_dags/example_complex.py for tasks to queue
[2025-12-27T14:15:14.197+0000] {logging_mixin.py:188} INFO - [2025-12-27T14:15:14.195+0000] {dagbag.py:540} INFO - Filling up the DagBag from /home/airflow/.local/lib/python3.12/site-packages/airflow/example_dags/example_complex.py
[2025-12-27T14:15:14.275+0000] {processor.py:840} INFO - DAG(s) 'example_complex' retrieved from /home/airflow/.local/lib/python3.12/site-packages/airflow/example_dags/example_complex.py
[2025-12-27T14:15:15.365+0000] {logging_mixin.py:188} INFO - [2025-12-27T14:15:15.363+0000] {dag.py:3096} INFO - Sync 1 DAGs
[2025-12-27T14:15:15.465+0000] {logging_mixin.py:188} INFO - [2025-12-27T14:15:15.464+0000] {dag.py:3954} INFO - Setting next_dagrun for example_complex to None, run_after=None
[2025-12-27T14:15:15.625+0000] {processor.py:183} INFO - Processing /home/airflow/.local/lib/python3.12/site-packages/airflow/example_dags/example_complex.py took 1.482 seconds
[2025-12-27T14:15:46.520+0000] {processor.py:161} INFO - Started process (PID=191) to work on /home/airflow/.local/lib/python3.12/site-packages/airflow/example_dags/example_complex.py
[2025-12-27T14:15:46.523+0000] {processor.py:830} INFO - Processing file /home/airflow/.local/lib/python3.12/site-packages/airflow/example_dags/example_complex.py for tasks to queue
[2025-12-27T14:15:46.532+0000] {logging_mixin.py:188} INFO - [2025-12-27T14:15:46.530+0000] {dagbag.py:540} INFO - Filling up the DagBag from /home/airflow/.local/lib/python3.12/site-packages/airflow/example_dags/example_complex.py
[2025-12-27T14:15:46.575+0000] {processor.py:840} INFO - DAG(s) 'example_complex' retrieved from /home/airflow/.local/lib/python3.12/site-packages/airflow/example_dags/example_complex.py
[2025-12-27T14:15:46.907+0000] {logging_mixin.py:188} INFO - [2025-12-27T14:15:46.906+0000] {dag.py:3096} INFO - Sync 1 DAGs
[2025-12-27T14:15:47.084+0000] {logging_mixin.py:188} INFO - [2025-12-27T14:15:47.082+0000] {dag.py:3954} INFO - Setting next_dagrun for example_complex to None, run_after=None
[2025-12-27T14:15:47.166+0000] {processor.py:183} INFO - Processing /home/airflow/.local/lib/python3.12/site-packages/airflow/example_dags/example_complex.py took 0.679 seconds
[2025-12-27T14:16:18.150+0000] {processor.py:161} INFO - Started process (PID=249) to work on /home/airflow/.local/lib/python3.12/site-packages/airflow/example_dags/example_complex.py
[2025-12-27T14:16:18.154+0000] {processor.py:830} INFO - Processing file /home/airflow/.local/lib/python3.12/site-packages/airflow/example_dags/example_complex.py for tasks to queue
[2025-12-27T14:16:18.166+0000] {logging_mixin.py:188} INFO - [2025-12-27T14:16:18.164+0000] {dagbag.py:540} INFO - Filling up the DagBag from /home/airflow/.local/lib/python3.12/site-packages/airflow/example_dags/example_complex.py
[2025-12-27T14:16:18.236+0000] {processor.py:840} INFO - DAG(s) 'example_complex' retrieved from /home/airflow/.local/lib/python3.12/site-packages/airflow/example_dags/example_complex.py
[2025-12-27T14:16:18.408+0000] {logging_mixin.py:188} INFO - [2025-12-27T14:16:18.407+0000] {dag.py:3096} INFO - Sync 1 DAGs
[2025-12-27T14:16:18.466+0000] {logging_mixin.py:188} INFO - [2025-12-27T14:16:18.465+0000] {dag.py:3954} INFO - Setting next_dagrun for example_complex to None, run_after=None
[2025-12-27T14:16:18.554+0000] {processor.py:183} INFO - Processing /home/airflow/.local/lib/python3.12/site-packages/airflow/example_dags/example_complex.py took 0.435 seconds
[2025-12-27T14:16:49.447+0000] {processor.py:161} INFO - Started process (PID=307) to work on /home/airflow/.local/lib/python3.12/site-packages/airflow/example_dags/example_complex.py
[2025-12-27T14:16:49.452+0000] {processor.py:830} INFO - Processing file /home/airflow/.local/lib/python3.12/site-packages/airflow/example_dags/example_complex.py for tasks to queue
[2025-12-27T14:16:49.463+0000] {logging_mixin.py:188} INFO - [2025-12-27T14:16:49.458+0000] {dagbag.py:540} INFO - Filling up the DagBag from /home/airflow/.local/lib/python3.12/site-packages/airflow/example_dags/example_complex.py
[2025-12-27T14:16:49.534+0000] {processor.py:840} INFO - DAG(s) 'example_complex' retrieved from /home/airflow/.local/lib/python3.12/site-packages/airflow/example_dags/example_complex.py
[2025-12-27T14:16:49.695+0000] {logging_mixin.py:188} INFO - [2025-12-27T14:16:49.694+0000] {dag.py:3096} INFO - Sync 1 DAGs
[2025-12-27T14:16:49.756+0000] {logging_mixin.py:188} INFO - [2025-12-27T14:16:49.755+0000] {dag.py:3954} INFO - Setting next_dagrun for example_complex to None, run_after=None
[2025-12-27T14:16:49.836+0000] {processor.py:183} INFO - Processing /home/airflow/.local/lib/python3.12/site-packages/airflow/example_dags/example_complex.py took 0.415 seconds
[2025-12-27T14:17:53.287+0000] {processor.py:161} INFO - Started process (PID=393) to work on /home/airflow/.local/lib/python3.12/site-packages/airflow/example_dags/example_complex.py
[2025-12-27T14:17:53.300+0000] {processor.py:830} INFO - Processing file /home/airflow/.local/lib/python3.12/site-packages/airflow/example_dags/example_complex.py for tasks to queue
[2025-12-27T14:17:53.318+0000] {logging_mixin.py:188} INFO - [2025-12-27T14:17:53.317+0000] {dagbag.py:540} INFO - Filling up the DagBag from /home/airflow/.local/lib/python3.12/site-packages/airflow/example_dags/example_complex.py
[2025-12-27T14:17:53.471+0000] {processor.py:840} INFO - DAG(s) 'example_complex' retrieved from /home/airflow/.local/lib/python3.12/site-packages/airflow/example_dags/example_complex.py
[2025-12-27T14:17:53.694+0000] {logging_mixin.py:188} INFO - [2025-12-27T14:17:53.693+0000] {dag.py:3096} INFO - Sync 1 DAGs
[2025-12-27T14:17:53.751+0000] {logging_mixin.py:188} INFO - [2025-12-27T14:17:53.750+0000] {dag.py:3954} INFO - Setting next_dagrun for example_complex to None, run_after=None
[2025-12-27T14:17:53.896+0000] {processor.py:183} INFO - Processing /home/airflow/.local/lib/python3.12/site-packages/airflow/example_dags/example_complex.py took 0.677 seconds
[2025-12-27T14:18:35.749+0000] {processor.py:161} INFO - Started process (PID=450) to work on /home/airflow/.local/lib/python3.12/site-packages/airflow/example_dags/example_complex.py
[2025-12-27T14:18:35.752+0000] {processor.py:830} INFO - Processing file /home/airflow/.local/lib/python3.12/site-packages/airflow/example_dags/example_complex.py for tasks to queue
[2025-12-27T14:18:35.760+0000] {logging_mixin.py:188} INFO - [2025-12-27T14:18:35.759+0000] {dagbag.py:540} INFO - Filling up the DagBag from /home/airflow/.local/lib/python3.12/site-packages/airflow/example_dags/example_complex.py
[2025-12-27T14:18:35.814+0000] {processor.py:840} INFO - DAG(s) 'example_complex' retrieved from /home/airflow/.local/lib/python3.12/site-packages/airflow/example_dags/example_complex.py
[2025-12-27T14:18:36.001+0000] {logging_mixin.py:188} INFO - [2025-12-27T14:18:36.000+0000] {dag.py:3096} INFO - Sync 1 DAGs
[2025-12-27T14:18:36.057+0000] {logging_mixin.py:188} INFO - [2025-12-27T14:18:36.056+0000] {dag.py:3954} INFO - Setting next_dagrun for example_complex to None, run_after=None
[2025-12-27T14:18:36.117+0000] {processor.py:183} INFO - Processing /home/airflow/.local/lib/python3.12/site-packages/airflow/example_dags/example_complex.py took 0.394 seconds
[2025-12-27T14:19:06.563+0000] {processor.py:161} INFO - Started process (PID=508) to work on /home/airflow/.local/lib/python3.12/site-packages/airflow/example_dags/example_complex.py
[2025-12-27T14:19:06.567+0000] {processor.py:830} INFO - Processing file /home/airflow/.local/lib/python3.12/site-packages/airflow/example_dags/example_complex.py for tasks to queue
[2025-12-27T14:19:06.574+0000] {logging_mixin.py:188} INFO - [2025-12-27T14:19:06.573+0000] {dagbag.py:540} INFO - Filling up the DagBag from /home/airflow/.local/lib/python3.12/site-packages/airflow/example_dags/example_complex.py
[2025-12-27T14:19:06.614+0000] {processor.py:840} INFO - DAG(s) 'example_complex' retrieved from /home/airflow/.local/lib/python3.12/site-packages/airflow/example_dags/example_complex.py
[2025-12-27T14:19:06.745+0000] {logging_mixin.py:188} INFO - [2025-12-27T14:19:06.744+0000] {dag.py:3096} INFO - Sync 1 DAGs
[2025-12-27T14:19:06.793+0000] {logging_mixin.py:188} INFO - [2025-12-27T14:19:06.792+0000] {dag.py:3954} INFO - Setting next_dagrun for example_complex to None, run_after=None
[2025-12-27T14:19:06.873+0000] {processor.py:183} INFO - Processing /home/airflow/.local/lib/python3.12/site-packages/airflow/example_dags/example_complex.py took 0.333 seconds
[2025-12-27T14:19:42.003+0000] {processor.py:161} INFO - Started process (PID=575) to work on /home/airflow/.local/lib/python3.12/site-packages/airflow/example_dags/example_complex.py
[2025-12-27T14:19:42.007+0000] {processor.py:830} INFO - Processing file /home/airflow/.local/lib/python3.12/site-packages/airflow/example_dags/example_complex.py for tasks to queue
[2025-12-27T14:19:42.016+0000] {logging_mixin.py:188} INFO - [2025-12-27T14:19:42.014+0000] {dagbag.py:540} INFO - Filling up the DagBag from /home/airflow/.local/lib/python3.12/site-packages/airflow/example_dags/example_complex.py
[2025-12-27T14:19:42.062+0000] {processor.py:840} INFO - DAG(s) 'example_complex' retrieved from /home/airflow/.local/lib/python3.12/site-packages/airflow/example_dags/example_complex.py
[2025-12-27T14:19:42.184+0000] {logging_mixin.py:188} INFO - [2025-12-27T14:19:42.183+0000] {dag.py:3096} INFO - Sync 1 DAGs
[2025-12-27T14:19:42.230+0000] {logging_mixin.py:188} INFO - [2025-12-27T14:19:42.229+0000] {dag.py:3954} INFO - Setting next_dagrun for example_complex to None, run_after=None
[2025-12-27T14:19:42.289+0000] {processor.py:183} INFO - Processing /home/airflow/.local/lib/python3.12/site-packages/airflow/example_dags/example_complex.py took 0.311 seconds
[2025-12-27T14:20:16.423+0000] {processor.py:161} INFO - Started process (PID=637) to work on /home/airflow/.local/lib/python3.12/site-packages/airflow/example_dags/example_complex.py
[2025-12-27T14:20:16.426+0000] {processor.py:830} INFO - Processing file /home/airflow/.local/lib/python3.12/site-packages/airflow/example_dags/example_complex.py for tasks to queue
[2025-12-27T14:20:16.432+0000] {logging_mixin.py:188} INFO - [2025-12-27T14:20:16.431+0000] {dagbag.py:540} INFO - Filling up the DagBag from /home/airflow/.local/lib/python3.12/site-packages/airflow/example_dags/example_complex.py
[2025-12-27T14:20:16.468+0000] {processor.py:840} INFO - DAG(s) 'example_complex' retrieved from /home/airflow/.local/lib/python3.12/site-packages/airflow/example_dags/example_complex.py
[2025-12-27T14:20:16.559+0000] {logging_mixin.py:188} INFO - [2025-12-27T14:20:16.558+0000] {dag.py:3096} INFO - Sync 1 DAGs
[2025-12-27T14:20:16.594+0000] {logging_mixin.py:188} INFO - [2025-12-27T14:20:16.594+0000] {dag.py:3954} INFO - Setting next_dagrun for example_complex to None, run_after=None
[2025-12-27T14:20:16.658+0000] {processor.py:183} INFO - Processing /home/airflow/.local/lib/python3.12/site-packages/airflow/example_dags/example_complex.py took 0.251 seconds
[2025-12-27T14:20:47.183+0000] {processor.py:161} INFO - Started process (PID=695) to work on /home/airflow/.local/lib/python3.12/site-packages/airflow/example_dags/example_complex.py
[2025-12-27T14:20:47.185+0000] {processor.py:830} INFO - Processing file /home/airflow/.local/lib/python3.12/site-packages/airflow/example_dags/example_complex.py for tasks to queue
[2025-12-27T14:20:47.191+0000] {logging_mixin.py:188} INFO - [2025-12-27T14:20:47.190+0000] {dagbag.py:540} INFO - Filling up the DagBag from /home/airflow/.local/lib/python3.12/site-packages/airflow/example_dags/example_complex.py
[2025-12-27T14:20:47.223+0000] {processor.py:840} INFO - DAG(s) 'example_complex' retrieved from /home/airflow/.local/lib/python3.12/site-packages/airflow/example_dags/example_complex.py
[2025-12-27T14:20:47.313+0000] {logging_mixin.py:188} INFO - [2025-12-27T14:20:47.313+0000] {dag.py:3096} INFO - Sync 1 DAGs
[2025-12-27T14:20:47.358+0000] {logging_mixin.py:188} INFO - [2025-12-27T14:20:47.357+0000] {dag.py:3954} INFO - Setting next_dagrun for example_complex to None, run_after=None
[2025-12-27T14:20:47.431+0000] {processor.py:183} INFO - Processing /home/airflow/.local/lib/python3.12/site-packages/airflow/example_dags/example_complex.py took 0.263 seconds
[2025-12-27T14:21:37.688+0000] {processor.py:161} INFO - Started process (PID=761) to work on /home/airflow/.local/lib/python3.12/site-packages/airflow/example_dags/example_complex.py
[2025-12-27T14:21:37.691+0000] {processor.py:830} INFO - Processing file /home/airflow/.local/lib/python3.12/site-packages/airflow/example_dags/example_complex.py for tasks to queue
[2025-12-27T14:21:37.702+0000] {logging_mixin.py:188} INFO - [2025-12-27T14:21:37.701+0000] {dagbag.py:540} INFO - Filling up the DagBag from /home/airflow/.local/lib/python3.12/site-packages/airflow/example_dags/example_complex.py
[2025-12-27T14:21:37.800+0000] {processor.py:840} INFO - DAG(s) 'example_complex' retrieved from /home/airflow/.local/lib/python3.12/site-packages/airflow/example_dags/example_complex.py
[2025-12-27T14:21:38.006+0000] {logging_mixin.py:188} INFO - [2025-12-27T14:21:38.001+0000] {dag.py:3096} INFO - Sync 1 DAGs
[2025-12-27T14:21:38.113+0000] {logging_mixin.py:188} INFO - [2025-12-27T14:21:38.113+0000] {dag.py:3954} INFO - Setting next_dagrun for example_complex to None, run_after=None
[2025-12-27T14:21:38.237+0000] {processor.py:183} INFO - Processing /home/airflow/.local/lib/python3.12/site-packages/airflow/example_dags/example_complex.py took 0.577 seconds
[2025-12-27T14:22:37.986+0000] {processor.py:161} INFO - Started process (PID=828) to work on /home/airflow/.local/lib/python3.12/site-packages/airflow/example_dags/example_complex.py
[2025-12-27T14:22:38.004+0000] {processor.py:830} INFO - Processing file /home/airflow/.local/lib/python3.12/site-packages/airflow/example_dags/example_complex.py for tasks to queue
[2025-12-27T14:22:38.025+0000] {logging_mixin.py:188} INFO - [2025-12-27T14:22:38.023+0000] {dagbag.py:540} INFO - Filling up the DagBag from /home/airflow/.local/lib/python3.12/site-packages/airflow/example_dags/example_complex.py
[2025-12-27T14:22:38.166+0000] {processor.py:840} INFO - DAG(s) 'example_complex' retrieved from /home/airflow/.local/lib/python3.12/site-packages/airflow/example_dags/example_complex.py
[2025-12-27T14:22:38.489+0000] {logging_mixin.py:188} INFO - [2025-12-27T14:22:38.488+0000] {dag.py:3096} INFO - Sync 1 DAGs
[2025-12-27T14:22:38.616+0000] {logging_mixin.py:188} INFO - [2025-12-27T14:22:38.614+0000] {dag.py:3954} INFO - Setting next_dagrun for example_complex to None, run_after=None
[2025-12-27T14:22:38.870+0000] {processor.py:183} INFO - Processing /home/airflow/.local/lib/python3.12/site-packages/airflow/example_dags/example_complex.py took 0.941 seconds
[2025-12-27T14:24:06.542+0000] {processor.py:161} INFO - Started process (PID=904) to work on /home/airflow/.local/lib/python3.12/site-packages/airflow/example_dags/example_complex.py
[2025-12-27T14:24:06.548+0000] {processor.py:830} INFO - Processing file /home/airflow/.local/lib/python3.12/site-packages/airflow/example_dags/example_complex.py for tasks to queue
[2025-12-27T14:24:06.566+0000] {logging_mixin.py:188} INFO - [2025-12-27T14:24:06.565+0000] {dagbag.py:540} INFO - Filling up the DagBag from /home/airflow/.local/lib/python3.12/site-packages/airflow/example_dags/example_complex.py
[2025-12-27T14:24:06.635+0000] {processor.py:840} INFO - DAG(s) 'example_complex' retrieved from /home/airflow/.local/lib/python3.12/site-packages/airflow/example_dags/example_complex.py
[2025-12-27T14:24:06.831+0000] {logging_mixin.py:188} INFO - [2025-12-27T14:24:06.830+0000] {dag.py:3096} INFO - Sync 1 DAGs
[2025-12-27T14:24:06.909+0000] {logging_mixin.py:188} INFO - [2025-12-27T14:24:06.909+0000] {dag.py:3954} INFO - Setting next_dagrun for example_complex to None, run_after=None
[2025-12-27T14:24:07.013+0000] {processor.py:183} INFO - Processing /home/airflow/.local/lib/python3.12/site-packages/airflow/example_dags/example_complex.py took 0.533 seconds
[2025-12-27T14:24:37.781+0000] {processor.py:161} INFO - Started process (PID=962) to work on /home/airflow/.local/lib/python3.12/site-packages/airflow/example_dags/example_complex.py
[2025-12-27T14:24:37.785+0000] {processor.py:830} INFO - Processing file /home/airflow/.local/lib/python3.12/site-packages/airflow/example_dags/example_complex.py for tasks to queue
[2025-12-27T14:24:37.789+0000] {logging_mixin.py:188} INFO - [2025-12-27T14:24:37.787+0000] {dagbag.py:540} INFO - Filling up the DagBag from /home/airflow/.local/lib/python3.12/site-packages/airflow/example_dags/example_complex.py
[2025-12-27T14:24:37.839+0000] {processor.py:840} INFO - DAG(s) 'example_complex' retrieved from /home/airflow/.local/lib/python3.12/site-packages/airflow/example_dags/example_complex.py
[2025-12-27T14:24:38.034+0000] {logging_mixin.py:188} INFO - [2025-12-27T14:24:38.033+0000] {dag.py:3096} INFO - Sync 1 DAGs
[2025-12-27T14:24:38.108+0000] {logging_mixin.py:188} INFO - [2025-12-27T14:24:38.108+0000] {dag.py:3954} INFO - Setting next_dagrun for example_complex to None, run_after=None
[2025-12-27T14:24:38.180+0000] {processor.py:183} INFO - Processing /home/airflow/.local/lib/python3.12/site-packages/airflow/example_dags/example_complex.py took 0.417 seconds
[2025-12-27T14:25:20.106+0000] {processor.py:161} INFO - Started process (PID=1020) to work on /home/airflow/.local/lib/python3.12/site-packages/airflow/example_dags/example_complex.py
[2025-12-27T14:25:20.111+0000] {processor.py:830} INFO - Processing file /home/airflow/.local/lib/python3.12/site-packages/airflow/example_dags/example_complex.py for tasks to queue
[2025-12-27T14:25:20.115+0000] {logging_mixin.py:188} INFO - [2025-12-27T14:25:20.114+0000] {dagbag.py:540} INFO - Filling up the DagBag from /home/airflow/.local/lib/python3.12/site-packages/airflow/example_dags/example_complex.py
[2025-12-27T14:25:20.175+0000] {processor.py:840} INFO - DAG(s) 'example_complex' retrieved from /home/airflow/.local/lib/python3.12/site-packages/airflow/example_dags/example_complex.py
[2025-12-27T14:25:20.438+0000] {logging_mixin.py:188} INFO - [2025-12-27T14:25:20.437+0000] {dag.py:3096} INFO - Sync 1 DAGs
[2025-12-27T14:25:20.519+0000] {logging_mixin.py:188} INFO - [2025-12-27T14:25:20.509+0000] {dag.py:3954} INFO - Setting next_dagrun for example_complex to None, run_after=None
[2025-12-27T14:25:20.649+0000] {processor.py:183} INFO - Processing /home/airflow/.local/lib/python3.12/site-packages/airflow/example_dags/example_complex.py took 0.589 seconds
[2025-12-27T14:26:31.655+0000] {processor.py:161} INFO - Started process (PID=1091) to work on /home/airflow/.local/lib/python3.12/site-packages/airflow/example_dags/example_complex.py
[2025-12-27T14:26:31.663+0000] {processor.py:830} INFO - Processing file /home/airflow/.local/lib/python3.12/site-packages/airflow/example_dags/example_complex.py for tasks to queue
[2025-12-27T14:26:31.667+0000] {logging_mixin.py:188} INFO - [2025-12-27T14:26:31.666+0000] {dagbag.py:540} INFO - Filling up the DagBag from /home/airflow/.local/lib/python3.12/site-packages/airflow/example_dags/example_complex.py
[2025-12-27T14:26:31.710+0000] {processor.py:840} INFO - DAG(s) 'example_complex' retrieved from /home/airflow/.local/lib/python3.12/site-packages/airflow/example_dags/example_complex.py
[2025-12-27T14:26:31.852+0000] {logging_mixin.py:188} INFO - [2025-12-27T14:26:31.852+0000] {dag.py:3096} INFO - Sync 1 DAGs
[2025-12-27T14:26:31.898+0000] {logging_mixin.py:188} INFO - [2025-12-27T14:26:31.897+0000] {dag.py:3954} INFO - Setting next_dagrun for example_complex to None, run_after=None
[2025-12-27T14:26:31.969+0000] {processor.py:183} INFO - Processing /home/airflow/.local/lib/python3.12/site-packages/airflow/example_dags/example_complex.py took 0.337 seconds
[2025-12-27T14:27:48.408+0000] {processor.py:161} INFO - Started process (PID=1172) to work on /home/airflow/.local/lib/python3.12/site-packages/airflow/example_dags/example_complex.py
[2025-12-27T14:27:48.412+0000] {processor.py:830} INFO - Processing file /home/airflow/.local/lib/python3.12/site-packages/airflow/example_dags/example_complex.py for tasks to queue
[2025-12-27T14:27:48.416+0000] {logging_mixin.py:188} INFO - [2025-12-27T14:27:48.414+0000] {dagbag.py:540} INFO - Filling up the DagBag from /home/airflow/.local/lib/python3.12/site-packages/airflow/example_dags/example_complex.py
[2025-12-27T14:27:48.455+0000] {processor.py:840} INFO - DAG(s) 'example_complex' retrieved from /home/airflow/.local/lib/python3.12/site-packages/airflow/example_dags/example_complex.py
[2025-12-27T14:27:48.574+0000] {logging_mixin.py:188} INFO - [2025-12-27T14:27:48.574+0000] {dag.py:3096} INFO - Sync 1 DAGs
[2025-12-27T14:27:48.619+0000] {logging_mixin.py:188} INFO - [2025-12-27T14:27:48.618+0000] {dag.py:3954} INFO - Setting next_dagrun for example_complex to None, run_after=None
[2025-12-27T14:27:48.684+0000] {processor.py:183} INFO - Processing /home/airflow/.local/lib/python3.12/site-packages/airflow/example_dags/example_complex.py took 0.300 seconds
[2025-12-27T14:28:18.889+0000] {processor.py:161} INFO - Started process (PID=1230) to work on /home/airflow/.local/lib/python3.12/site-packages/airflow/example_dags/example_complex.py
[2025-12-27T14:28:18.892+0000] {processor.py:830} INFO - Processing file /home/airflow/.local/lib/python3.12/site-packages/airflow/example_dags/example_complex.py for tasks to queue
[2025-12-27T14:28:18.895+0000] {logging_mixin.py:188} INFO - [2025-12-27T14:28:18.894+0000] {dagbag.py:540} INFO - Filling up the DagBag from /home/airflow/.local/lib/python3.12/site-packages/airflow/example_dags/example_complex.py
[2025-12-27T14:28:18.922+0000] {processor.py:840} INFO - DAG(s) 'example_complex' retrieved from /home/airflow/.local/lib/python3.12/site-packages/airflow/example_dags/example_complex.py
[2025-12-27T14:28:19.027+0000] {logging_mixin.py:188} INFO - [2025-12-27T14:28:19.026+0000] {dag.py:3096} INFO - Sync 1 DAGs
[2025-12-27T14:28:19.079+0000] {logging_mixin.py:188} INFO - [2025-12-27T14:28:19.078+0000] {dag.py:3954} INFO - Setting next_dagrun for example_complex to None, run_after=None
[2025-12-27T14:28:19.163+0000] {processor.py:183} INFO - Processing /home/airflow/.local/lib/python3.12/site-packages/airflow/example_dags/example_complex.py took 0.293 seconds
[2025-12-27T14:28:50.906+0000] {processor.py:161} INFO - Started process (PID=1288) to work on /home/airflow/.local/lib/python3.12/site-packages/airflow/example_dags/example_complex.py
[2025-12-27T14:28:50.910+0000] {processor.py:830} INFO - Processing file /home/airflow/.local/lib/python3.12/site-packages/airflow/example_dags/example_complex.py for tasks to queue
[2025-12-27T14:28:50.915+0000] {logging_mixin.py:188} INFO - [2025-12-27T14:28:50.914+0000] {dagbag.py:540} INFO - Filling up the DagBag from /home/airflow/.local/lib/python3.12/site-packages/airflow/example_dags/example_complex.py
[2025-12-27T14:28:50.962+0000] {processor.py:840} INFO - DAG(s) 'example_complex' retrieved from /home/airflow/.local/lib/python3.12/site-packages/airflow/example_dags/example_complex.py
[2025-12-27T14:28:51.157+0000] {logging_mixin.py:188} INFO - [2025-12-27T14:28:51.156+0000] {dag.py:3096} INFO - Sync 1 DAGs
[2025-12-27T14:28:51.225+0000] {logging_mixin.py:188} INFO - [2025-12-27T14:28:51.224+0000] {dag.py:3954} INFO - Setting next_dagrun for example_complex to None, run_after=None
[2025-12-27T14:28:51.310+0000] {processor.py:183} INFO - Processing /home/airflow/.local/lib/python3.12/site-packages/airflow/example_dags/example_complex.py took 0.431 seconds
[2025-12-27T14:29:24.844+0000] {processor.py:161} INFO - Started process (PID=1348) to work on /home/airflow/.local/lib/python3.12/site-packages/airflow/example_dags/example_complex.py
[2025-12-27T14:29:24.849+0000] {processor.py:830} INFO - Processing file /home/airflow/.local/lib/python3.12/site-packages/airflow/example_dags/example_complex.py for tasks to queue
[2025-12-27T14:29:24.853+0000] {logging_mixin.py:188} INFO - [2025-12-27T14:29:24.851+0000] {dagbag.py:540} INFO - Filling up the DagBag from /home/airflow/.local/lib/python3.12/site-packages/airflow/example_dags/example_complex.py
[2025-12-27T14:29:24.890+0000] {processor.py:840} INFO - DAG(s) 'example_complex' retrieved from /home/airflow/.local/lib/python3.12/site-packages/airflow/example_dags/example_complex.py
[2025-12-27T14:29:25.003+0000] {logging_mixin.py:188} INFO - [2025-12-27T14:29:25.002+0000] {dag.py:3096} INFO - Sync 1 DAGs
[2025-12-27T14:29:25.041+0000] {logging_mixin.py:188} INFO - [2025-12-27T14:29:25.040+0000] {dag.py:3954} INFO - Setting next_dagrun for example_complex to None, run_after=None
[2025-12-27T14:29:25.103+0000] {processor.py:183} INFO - Processing /home/airflow/.local/lib/python3.12/site-packages/airflow/example_dags/example_complex.py took 0.280 seconds
[2025-12-27T14:30:07.592+0000] {processor.py:161} INFO - Started process (PID=1414) to work on /home/airflow/.local/lib/python3.12/site-packages/airflow/example_dags/example_complex.py
[2025-12-27T14:30:07.606+0000] {processor.py:830} INFO - Processing file /home/airflow/.local/lib/python3.12/site-packages/airflow/example_dags/example_complex.py for tasks to queue
[2025-12-27T14:30:07.611+0000] {logging_mixin.py:188} INFO - [2025-12-27T14:30:07.609+0000] {dagbag.py:540} INFO - Filling up the DagBag from /home/airflow/.local/lib/python3.12/site-packages/airflow/example_dags/example_complex.py
[2025-12-27T14:30:07.700+0000] {processor.py:840} INFO - DAG(s) 'example_complex' retrieved from /home/airflow/.local/lib/python3.12/site-packages/airflow/example_dags/example_complex.py
[2025-12-27T14:30:07.983+0000] {logging_mixin.py:188} INFO - [2025-12-27T14:30:07.982+0000] {dag.py:3096} INFO - Sync 1 DAGs
[2025-12-27T14:30:08.150+0000] {logging_mixin.py:188} INFO - [2025-12-27T14:30:08.149+0000] {dag.py:3954} INFO - Setting next_dagrun for example_complex to None, run_after=None
[2025-12-27T14:30:08.519+0000] {processor.py:183} INFO - Processing /home/airflow/.local/lib/python3.12/site-packages/airflow/example_dags/example_complex.py took 0.948 seconds
[2025-12-27T14:30:38.932+0000] {processor.py:161} INFO - Started process (PID=1471) to work on /home/airflow/.local/lib/python3.12/site-packages/airflow/example_dags/example_complex.py
[2025-12-27T14:30:38.936+0000] {processor.py:830} INFO - Processing file /home/airflow/.local/lib/python3.12/site-packages/airflow/example_dags/example_complex.py for tasks to queue
[2025-12-27T14:30:38.939+0000] {logging_mixin.py:188} INFO - [2025-12-27T14:30:38.938+0000] {dagbag.py:540} INFO - Filling up the DagBag from /home/airflow/.local/lib/python3.12/site-packages/airflow/example_dags/example_complex.py
[2025-12-27T14:30:38.968+0000] {processor.py:840} INFO - DAG(s) 'example_complex' retrieved from /home/airflow/.local/lib/python3.12/site-packages/airflow/example_dags/example_complex.py
[2025-12-27T14:30:39.086+0000] {logging_mixin.py:188} INFO - [2025-12-27T14:30:39.085+0000] {dag.py:3096} INFO - Sync 1 DAGs
[2025-12-27T14:30:39.120+0000] {logging_mixin.py:188} INFO - [2025-12-27T14:30:39.119+0000] {dag.py:3954} INFO - Setting next_dagrun for example_complex to None, run_after=None
[2025-12-27T14:30:39.172+0000] {processor.py:183} INFO - Processing /home/airflow/.local/lib/python3.12/site-packages/airflow/example_dags/example_complex.py took 0.261 seconds
[2025-12-27T14:31:09.384+0000] {processor.py:161} INFO - Started process (PID=1529) to work on /home/airflow/.local/lib/python3.12/site-packages/airflow/example_dags/example_complex.py
[2025-12-27T14:31:09.387+0000] {processor.py:830} INFO - Processing file /home/airflow/.local/lib/python3.12/site-packages/airflow/example_dags/example_complex.py for tasks to queue
[2025-12-27T14:31:09.391+0000] {logging_mixin.py:188} INFO - [2025-12-27T14:31:09.390+0000] {dagbag.py:540} INFO - Filling up the DagBag from /home/airflow/.local/lib/python3.12/site-packages/airflow/example_dags/example_complex.py
[2025-12-27T14:31:09.425+0000] {processor.py:840} INFO - DAG(s) 'example_complex' retrieved from /home/airflow/.local/lib/python3.12/site-packages/airflow/example_dags/example_complex.py
[2025-12-27T14:31:09.510+0000] {logging_mixin.py:188} INFO - [2025-12-27T14:31:09.510+0000] {dag.py:3096} INFO - Sync 1 DAGs
[2025-12-27T14:31:09.542+0000] {logging_mixin.py:188} INFO - [2025-12-27T14:31:09.542+0000] {dag.py:3954} INFO - Setting next_dagrun for example_complex to None, run_after=None
[2025-12-27T14:31:09.596+0000] {processor.py:183} INFO - Processing /home/airflow/.local/lib/python3.12/site-packages/airflow/example_dags/example_complex.py took 0.231 seconds
[2025-12-27T14:31:40.025+0000] {processor.py:161} INFO - Started process (PID=1587) to work on /home/airflow/.local/lib/python3.12/site-packages/airflow/example_dags/example_complex.py
[2025-12-27T14:31:40.028+0000] {processor.py:830} INFO - Processing file /home/airflow/.local/lib/python3.12/site-packages/airflow/example_dags/example_complex.py for tasks to queue
[2025-12-27T14:31:40.031+0000] {logging_mixin.py:188} INFO - [2025-12-27T14:31:40.030+0000] {dagbag.py:540} INFO - Filling up the DagBag from /home/airflow/.local/lib/python3.12/site-packages/airflow/example_dags/example_complex.py
[2025-12-27T14:31:40.063+0000] {processor.py:840} INFO - DAG(s) 'example_complex' retrieved from /home/airflow/.local/lib/python3.12/site-packages/airflow/example_dags/example_complex.py
[2025-12-27T14:31:40.145+0000] {logging_mixin.py:188} INFO - [2025-12-27T14:31:40.145+0000] {dag.py:3096} INFO - Sync 1 DAGs
[2025-12-27T14:31:40.177+0000] {logging_mixin.py:188} INFO - [2025-12-27T14:31:40.177+0000] {dag.py:3954} INFO - Setting next_dagrun for example_complex to None, run_after=None
[2025-12-27T14:31:40.228+0000] {processor.py:183} INFO - Processing /home/airflow/.local/lib/python3.12/site-packages/airflow/example_dags/example_complex.py took 0.222 seconds
[2025-12-27T14:32:10.727+0000] {processor.py:161} INFO - Started process (PID=1645) to work on /home/airflow/.local/lib/python3.12/site-packages/airflow/example_dags/example_complex.py
[2025-12-27T14:32:10.730+0000] {processor.py:830} INFO - Processing file /home/airflow/.local/lib/python3.12/site-packages/airflow/example_dags/example_complex.py for tasks to queue
[2025-12-27T14:32:10.732+0000] {logging_mixin.py:188} INFO - [2025-12-27T14:32:10.732+0000] {dagbag.py:540} INFO - Filling up the DagBag from /home/airflow/.local/lib/python3.12/site-packages/airflow/example_dags/example_complex.py
[2025-12-27T14:32:10.760+0000] {processor.py:840} INFO - DAG(s) 'example_complex' retrieved from /home/airflow/.local/lib/python3.12/site-packages/airflow/example_dags/example_complex.py
[2025-12-27T14:32:10.846+0000] {logging_mixin.py:188} INFO - [2025-12-27T14:32:10.845+0000] {dag.py:3096} INFO - Sync 1 DAGs
[2025-12-27T14:32:10.880+0000] {logging_mixin.py:188} INFO - [2025-12-27T14:32:10.880+0000] {dag.py:3954} INFO - Setting next_dagrun for example_complex to None, run_after=None
[2025-12-27T14:32:10.943+0000] {processor.py:183} INFO - Processing /home/airflow/.local/lib/python3.12/site-packages/airflow/example_dags/example_complex.py took 0.232 seconds
[2025-12-27T14:32:41.922+0000] {processor.py:161} INFO - Started process (PID=1703) to work on /home/airflow/.local/lib/python3.12/site-packages/airflow/example_dags/example_complex.py
[2025-12-27T14:32:41.925+0000] {processor.py:830} INFO - Processing file /home/airflow/.local/lib/python3.12/site-packages/airflow/example_dags/example_complex.py for tasks to queue
[2025-12-27T14:32:41.928+0000] {logging_mixin.py:188} INFO - [2025-12-27T14:32:41.927+0000] {dagbag.py:540} INFO - Filling up the DagBag from /home/airflow/.local/lib/python3.12/site-packages/airflow/example_dags/example_complex.py
[2025-12-27T14:32:41.957+0000] {processor.py:840} INFO - DAG(s) 'example_complex' retrieved from /home/airflow/.local/lib/python3.12/site-packages/airflow/example_dags/example_complex.py
[2025-12-27T14:32:42.154+0000] {logging_mixin.py:188} INFO - [2025-12-27T14:32:42.153+0000] {dag.py:3096} INFO - Sync 1 DAGs
[2025-12-27T14:32:42.219+0000] {logging_mixin.py:188} INFO - [2025-12-27T14:32:42.218+0000] {dag.py:3954} INFO - Setting next_dagrun for example_complex to None, run_after=None
[2025-12-27T14:32:42.337+0000] {processor.py:183} INFO - Processing /home/airflow/.local/lib/python3.12/site-packages/airflow/example_dags/example_complex.py took 0.431 seconds
[2025-12-27T14:33:13.120+0000] {processor.py:161} INFO - Started process (PID=1762) to work on /home/airflow/.local/lib/python3.12/site-packages/airflow/example_dags/example_complex.py
[2025-12-27T14:33:13.123+0000] {processor.py:830} INFO - Processing file /home/airflow/.local/lib/python3.12/site-packages/airflow/example_dags/example_complex.py for tasks to queue
[2025-12-27T14:33:13.127+0000] {logging_mixin.py:188} INFO - [2025-12-27T14:33:13.126+0000] {dagbag.py:540} INFO - Filling up the DagBag from /home/airflow/.local/lib/python3.12/site-packages/airflow/example_dags/example_complex.py
[2025-12-27T14:33:13.161+0000] {processor.py:840} INFO - DAG(s) 'example_complex' retrieved from /home/airflow/.local/lib/python3.12/site-packages/airflow/example_dags/example_complex.py
[2025-12-27T14:33:13.294+0000] {logging_mixin.py:188} INFO - [2025-12-27T14:33:13.294+0000] {dag.py:3096} INFO - Sync 1 DAGs
[2025-12-27T14:33:13.345+0000] {logging_mixin.py:188} INFO - [2025-12-27T14:33:13.345+0000] {dag.py:3954} INFO - Setting next_dagrun for example_complex to None, run_after=None
[2025-12-27T14:33:13.411+0000] {processor.py:183} INFO - Processing /home/airflow/.local/lib/python3.12/site-packages/airflow/example_dags/example_complex.py took 0.312 seconds
[2025-12-27T14:33:43.645+0000] {processor.py:161} INFO - Started process (PID=1820) to work on /home/airflow/.local/lib/python3.12/site-packages/airflow/example_dags/example_complex.py
[2025-12-27T14:33:43.647+0000] {processor.py:830} INFO - Processing file /home/airflow/.local/lib/python3.12/site-packages/airflow/example_dags/example_complex.py for tasks to queue
[2025-12-27T14:33:43.650+0000] {logging_mixin.py:188} INFO - [2025-12-27T14:33:43.649+0000] {dagbag.py:540} INFO - Filling up the DagBag from /home/airflow/.local/lib/python3.12/site-packages/airflow/example_dags/example_complex.py
[2025-12-27T14:33:43.683+0000] {processor.py:840} INFO - DAG(s) 'example_complex' retrieved from /home/airflow/.local/lib/python3.12/site-packages/airflow/example_dags/example_complex.py
[2025-12-27T14:33:43.779+0000] {logging_mixin.py:188} INFO - [2025-12-27T14:33:43.778+0000] {dag.py:3096} INFO - Sync 1 DAGs
[2025-12-27T14:33:43.813+0000] {logging_mixin.py:188} INFO - [2025-12-27T14:33:43.813+0000] {dag.py:3954} INFO - Setting next_dagrun for example_complex to None, run_after=None
[2025-12-27T14:33:43.866+0000] {processor.py:183} INFO - Processing /home/airflow/.local/lib/python3.12/site-packages/airflow/example_dags/example_complex.py took 0.238 seconds
[2025-12-27T14:34:14.562+0000] {processor.py:161} INFO - Started process (PID=1878) to work on /home/airflow/.local/lib/python3.12/site-packages/airflow/example_dags/example_complex.py
[2025-12-27T14:34:14.566+0000] {processor.py:830} INFO - Processing file /home/airflow/.local/lib/python3.12/site-packages/airflow/example_dags/example_complex.py for tasks to queue
[2025-12-27T14:34:14.569+0000] {logging_mixin.py:188} INFO - [2025-12-27T14:34:14.568+0000] {dagbag.py:540} INFO - Filling up the DagBag from /home/airflow/.local/lib/python3.12/site-packages/airflow/example_dags/example_complex.py
[2025-12-27T14:34:14.639+0000] {processor.py:840} INFO - DAG(s) 'example_complex' retrieved from /home/airflow/.local/lib/python3.12/site-packages/airflow/example_dags/example_complex.py
[2025-12-27T14:34:14.911+0000] {logging_mixin.py:188} INFO - [2025-12-27T14:34:14.910+0000] {dag.py:3096} INFO - Sync 1 DAGs
[2025-12-27T14:34:15.033+0000] {logging_mixin.py:188} INFO - [2025-12-27T14:34:15.032+0000] {dag.py:3954} INFO - Setting next_dagrun for example_complex to None, run_after=None
[2025-12-27T14:34:15.133+0000] {processor.py:183} INFO - Processing /home/airflow/.local/lib/python3.12/site-packages/airflow/example_dags/example_complex.py took 0.613 seconds
[2025-12-27T14:34:45.475+0000] {processor.py:161} INFO - Started process (PID=1936) to work on /home/airflow/.local/lib/python3.12/site-packages/airflow/example_dags/example_complex.py
[2025-12-27T14:34:45.480+0000] {processor.py:830} INFO - Processing file /home/airflow/.local/lib/python3.12/site-packages/airflow/example_dags/example_complex.py for tasks to queue
[2025-12-27T14:34:45.483+0000] {logging_mixin.py:188} INFO - [2025-12-27T14:34:45.482+0000] {dagbag.py:540} INFO - Filling up the DagBag from /home/airflow/.local/lib/python3.12/site-packages/airflow/example_dags/example_complex.py
[2025-12-27T14:34:45.515+0000] {processor.py:840} INFO - DAG(s) 'example_complex' retrieved from /home/airflow/.local/lib/python3.12/site-packages/airflow/example_dags/example_complex.py
[2025-12-27T14:34:45.629+0000] {logging_mixin.py:188} INFO - [2025-12-27T14:34:45.628+0000] {dag.py:3096} INFO - Sync 1 DAGs
[2025-12-27T14:34:45.665+0000] {logging_mixin.py:188} INFO - [2025-12-27T14:34:45.664+0000] {dag.py:3954} INFO - Setting next_dagrun for example_complex to None, run_after=None
[2025-12-27T14:34:45.723+0000] {processor.py:183} INFO - Processing /home/airflow/.local/lib/python3.12/site-packages/airflow/example_dags/example_complex.py took 0.266 seconds
[2025-12-27T14:35:16.187+0000] {processor.py:161} INFO - Started process (PID=1995) to work on /home/airflow/.local/lib/python3.12/site-packages/airflow/example_dags/example_complex.py
[2025-12-27T14:35:16.194+0000] {processor.py:830} INFO - Processing file /home/airflow/.local/lib/python3.12/site-packages/airflow/example_dags/example_complex.py for tasks to queue
[2025-12-27T14:35:16.202+0000] {logging_mixin.py:188} INFO - [2025-12-27T14:35:16.201+0000] {dagbag.py:540} INFO - Filling up the DagBag from /home/airflow/.local/lib/python3.12/site-packages/airflow/example_dags/example_complex.py
[2025-12-27T14:35:16.291+0000] {processor.py:840} INFO - DAG(s) 'example_complex' retrieved from /home/airflow/.local/lib/python3.12/site-packages/airflow/example_dags/example_complex.py
[2025-12-27T14:35:16.645+0000] {logging_mixin.py:188} INFO - [2025-12-27T14:35:16.644+0000] {dag.py:3096} INFO - Sync 1 DAGs
[2025-12-27T14:35:16.776+0000] {logging_mixin.py:188} INFO - [2025-12-27T14:35:16.775+0000] {dag.py:3954} INFO - Setting next_dagrun for example_complex to None, run_after=None
[2025-12-27T14:35:16.933+0000] {processor.py:183} INFO - Processing /home/airflow/.local/lib/python3.12/site-packages/airflow/example_dags/example_complex.py took 0.786 seconds
[2025-12-27T14:35:47.420+0000] {processor.py:161} INFO - Started process (PID=2053) to work on /home/airflow/.local/lib/python3.12/site-packages/airflow/example_dags/example_complex.py
[2025-12-27T14:35:47.424+0000] {processor.py:830} INFO - Processing file /home/airflow/.local/lib/python3.12/site-packages/airflow/example_dags/example_complex.py for tasks to queue
[2025-12-27T14:35:47.427+0000] {logging_mixin.py:188} INFO - [2025-12-27T14:35:47.426+0000] {dagbag.py:540} INFO - Filling up the DagBag from /home/airflow/.local/lib/python3.12/site-packages/airflow/example_dags/example_complex.py
[2025-12-27T14:35:47.470+0000] {processor.py:840} INFO - DAG(s) 'example_complex' retrieved from /home/airflow/.local/lib/python3.12/site-packages/airflow/example_dags/example_complex.py
[2025-12-27T14:35:47.597+0000] {logging_mixin.py:188} INFO - [2025-12-27T14:35:47.596+0000] {dag.py:3096} INFO - Sync 1 DAGs
[2025-12-27T14:35:47.657+0000] {logging_mixin.py:188} INFO - [2025-12-27T14:35:47.656+0000] {dag.py:3954} INFO - Setting next_dagrun for example_complex to None, run_after=None
[2025-12-27T14:35:47.724+0000] {processor.py:183} INFO - Processing /home/airflow/.local/lib/python3.12/site-packages/airflow/example_dags/example_complex.py took 0.325 seconds
[2025-12-27T14:36:29.644+0000] {processor.py:161} INFO - Started process (PID=2117) to work on /home/airflow/.local/lib/python3.12/site-packages/airflow/example_dags/example_complex.py
[2025-12-27T14:36:29.647+0000] {processor.py:830} INFO - Processing file /home/airflow/.local/lib/python3.12/site-packages/airflow/example_dags/example_complex.py for tasks to queue
[2025-12-27T14:36:29.651+0000] {logging_mixin.py:188} INFO - [2025-12-27T14:36:29.649+0000] {dagbag.py:540} INFO - Filling up the DagBag from /home/airflow/.local/lib/python3.12/site-packages/airflow/example_dags/example_complex.py
[2025-12-27T14:36:29.703+0000] {processor.py:840} INFO - DAG(s) 'example_complex' retrieved from /home/airflow/.local/lib/python3.12/site-packages/airflow/example_dags/example_complex.py
[2025-12-27T14:36:29.850+0000] {logging_mixin.py:188} INFO - [2025-12-27T14:36:29.850+0000] {dag.py:3096} INFO - Sync 1 DAGs
[2025-12-27T14:36:29.907+0000] {logging_mixin.py:188} INFO - [2025-12-27T14:36:29.906+0000] {dag.py:3954} INFO - Setting next_dagrun for example_complex to None, run_after=None
[2025-12-27T14:36:29.984+0000] {processor.py:183} INFO - Processing /home/airflow/.local/lib/python3.12/site-packages/airflow/example_dags/example_complex.py took 0.363 seconds
[2025-12-27T14:37:00.384+0000] {processor.py:161} INFO - Started process (PID=2174) to work on /home/airflow/.local/lib/python3.12/site-packages/airflow/example_dags/example_complex.py
[2025-12-27T14:37:00.391+0000] {processor.py:830} INFO - Processing file /home/airflow/.local/lib/python3.12/site-packages/airflow/example_dags/example_complex.py for tasks to queue
[2025-12-27T14:37:00.395+0000] {logging_mixin.py:188} INFO - [2025-12-27T14:37:00.394+0000] {dagbag.py:540} INFO - Filling up the DagBag from /home/airflow/.local/lib/python3.12/site-packages/airflow/example_dags/example_complex.py
[2025-12-27T14:37:00.423+0000] {processor.py:840} INFO - DAG(s) 'example_complex' retrieved from /home/airflow/.local/lib/python3.12/site-packages/airflow/example_dags/example_complex.py
[2025-12-27T14:37:00.512+0000] {logging_mixin.py:188} INFO - [2025-12-27T14:37:00.511+0000] {dag.py:3096} INFO - Sync 1 DAGs
[2025-12-27T14:37:00.545+0000] {logging_mixin.py:188} INFO - [2025-12-27T14:37:00.545+0000] {dag.py:3954} INFO - Setting next_dagrun for example_complex to None, run_after=None
[2025-12-27T14:37:00.605+0000] {processor.py:183} INFO - Processing /home/airflow/.local/lib/python3.12/site-packages/airflow/example_dags/example_complex.py took 0.237 seconds
[2025-12-27T14:37:32.528+0000] {processor.py:161} INFO - Started process (PID=2233) to work on /home/airflow/.local/lib/python3.12/site-packages/airflow/example_dags/example_complex.py
[2025-12-27T14:37:32.532+0000] {processor.py:830} INFO - Processing file /home/airflow/.local/lib/python3.12/site-packages/airflow/example_dags/example_complex.py for tasks to queue
[2025-12-27T14:37:32.534+0000] {logging_mixin.py:188} INFO - [2025-12-27T14:37:32.533+0000] {dagbag.py:540} INFO - Filling up the DagBag from /home/airflow/.local/lib/python3.12/site-packages/airflow/example_dags/example_complex.py
[2025-12-27T14:37:32.567+0000] {processor.py:840} INFO - DAG(s) 'example_complex' retrieved from /home/airflow/.local/lib/python3.12/site-packages/airflow/example_dags/example_complex.py
[2025-12-27T14:37:32.673+0000] {logging_mixin.py:188} INFO - [2025-12-27T14:37:32.672+0000] {dag.py:3096} INFO - Sync 1 DAGs
[2025-12-27T14:37:32.723+0000] {logging_mixin.py:188} INFO - [2025-12-27T14:37:32.722+0000] {dag.py:3954} INFO - Setting next_dagrun for example_complex to None, run_after=None
[2025-12-27T14:37:32.793+0000] {processor.py:183} INFO - Processing /home/airflow/.local/lib/python3.12/site-packages/airflow/example_dags/example_complex.py took 0.289 seconds
[2025-12-27T14:38:03.079+0000] {processor.py:161} INFO - Started process (PID=2291) to work on /home/airflow/.local/lib/python3.12/site-packages/airflow/example_dags/example_complex.py
[2025-12-27T14:38:03.083+0000] {processor.py:830} INFO - Processing file /home/airflow/.local/lib/python3.12/site-packages/airflow/example_dags/example_complex.py for tasks to queue
[2025-12-27T14:38:03.088+0000] {logging_mixin.py:188} INFO - [2025-12-27T14:38:03.086+0000] {dagbag.py:540} INFO - Filling up the DagBag from /home/airflow/.local/lib/python3.12/site-packages/airflow/example_dags/example_complex.py
[2025-12-27T14:38:03.144+0000] {processor.py:840} INFO - DAG(s) 'example_complex' retrieved from /home/airflow/.local/lib/python3.12/site-packages/airflow/example_dags/example_complex.py
[2025-12-27T14:38:03.262+0000] {logging_mixin.py:188} INFO - [2025-12-27T14:38:03.261+0000] {dag.py:3096} INFO - Sync 1 DAGs
[2025-12-27T14:38:03.319+0000] {logging_mixin.py:188} INFO - [2025-12-27T14:38:03.318+0000] {dag.py:3954} INFO - Setting next_dagrun for example_complex to None, run_after=None
[2025-12-27T14:38:03.390+0000] {processor.py:183} INFO - Processing /home/airflow/.local/lib/python3.12/site-packages/airflow/example_dags/example_complex.py took 0.337 seconds
[2025-12-27T14:38:34.568+0000] {processor.py:161} INFO - Started process (PID=2349) to work on /home/airflow/.local/lib/python3.12/site-packages/airflow/example_dags/example_complex.py
[2025-12-27T14:38:34.572+0000] {processor.py:830} INFO - Processing file /home/airflow/.local/lib/python3.12/site-packages/airflow/example_dags/example_complex.py for tasks to queue
[2025-12-27T14:38:34.575+0000] {logging_mixin.py:188} INFO - [2025-12-27T14:38:34.574+0000] {dagbag.py:540} INFO - Filling up the DagBag from /home/airflow/.local/lib/python3.12/site-packages/airflow/example_dags/example_complex.py
[2025-12-27T14:38:34.607+0000] {processor.py:840} INFO - DAG(s) 'example_complex' retrieved from /home/airflow/.local/lib/python3.12/site-packages/airflow/example_dags/example_complex.py
[2025-12-27T14:38:34.844+0000] {logging_mixin.py:188} INFO - [2025-12-27T14:38:34.841+0000] {dag.py:3096} INFO - Sync 1 DAGs
[2025-12-27T14:38:34.920+0000] {logging_mixin.py:188} INFO - [2025-12-27T14:38:34.918+0000] {dag.py:3954} INFO - Setting next_dagrun for example_complex to None, run_after=None
[2025-12-27T14:38:35.084+0000] {processor.py:183} INFO - Processing /home/airflow/.local/lib/python3.12/site-packages/airflow/example_dags/example_complex.py took 0.534 seconds
[2025-12-27T14:39:05.409+0000] {processor.py:161} INFO - Started process (PID=2407) to work on /home/airflow/.local/lib/python3.12/site-packages/airflow/example_dags/example_complex.py
[2025-12-27T14:39:05.412+0000] {processor.py:830} INFO - Processing file /home/airflow/.local/lib/python3.12/site-packages/airflow/example_dags/example_complex.py for tasks to queue
[2025-12-27T14:39:05.415+0000] {logging_mixin.py:188} INFO - [2025-12-27T14:39:05.414+0000] {dagbag.py:540} INFO - Filling up the DagBag from /home/airflow/.local/lib/python3.12/site-packages/airflow/example_dags/example_complex.py
[2025-12-27T14:39:05.448+0000] {processor.py:840} INFO - DAG(s) 'example_complex' retrieved from /home/airflow/.local/lib/python3.12/site-packages/airflow/example_dags/example_complex.py
[2025-12-27T14:39:05.542+0000] {logging_mixin.py:188} INFO - [2025-12-27T14:39:05.542+0000] {dag.py:3096} INFO - Sync 1 DAGs
[2025-12-27T14:39:05.580+0000] {logging_mixin.py:188} INFO - [2025-12-27T14:39:05.579+0000] {dag.py:3954} INFO - Setting next_dagrun for example_complex to None, run_after=None
[2025-12-27T14:39:05.651+0000] {processor.py:183} INFO - Processing /home/airflow/.local/lib/python3.12/site-packages/airflow/example_dags/example_complex.py took 0.268 seconds
[2025-12-27T14:39:38.689+0000] {processor.py:161} INFO - Started process (PID=2465) to work on /home/airflow/.local/lib/python3.12/site-packages/airflow/example_dags/example_complex.py
[2025-12-27T14:39:38.716+0000] {processor.py:830} INFO - Processing file /home/airflow/.local/lib/python3.12/site-packages/airflow/example_dags/example_complex.py for tasks to queue
[2025-12-27T14:39:38.747+0000] {logging_mixin.py:188} INFO - [2025-12-27T14:39:38.746+0000] {dagbag.py:540} INFO - Filling up the DagBag from /home/airflow/.local/lib/python3.12/site-packages/airflow/example_dags/example_complex.py
[2025-12-27T14:39:39.030+0000] {processor.py:840} INFO - DAG(s) 'example_complex' retrieved from /home/airflow/.local/lib/python3.12/site-packages/airflow/example_dags/example_complex.py
[2025-12-27T14:39:39.416+0000] {logging_mixin.py:188} INFO - [2025-12-27T14:39:39.415+0000] {dag.py:3096} INFO - Sync 1 DAGs
[2025-12-27T14:39:39.514+0000] {logging_mixin.py:188} INFO - [2025-12-27T14:39:39.513+0000] {dag.py:3954} INFO - Setting next_dagrun for example_complex to None, run_after=None
[2025-12-27T14:39:39.647+0000] {processor.py:183} INFO - Processing /home/airflow/.local/lib/python3.12/site-packages/airflow/example_dags/example_complex.py took 1.039 seconds
[2025-12-27T14:40:10.159+0000] {processor.py:161} INFO - Started process (PID=2522) to work on /home/airflow/.local/lib/python3.12/site-packages/airflow/example_dags/example_complex.py
[2025-12-27T14:40:10.162+0000] {processor.py:830} INFO - Processing file /home/airflow/.local/lib/python3.12/site-packages/airflow/example_dags/example_complex.py for tasks to queue
[2025-12-27T14:40:10.165+0000] {logging_mixin.py:188} INFO - [2025-12-27T14:40:10.164+0000] {dagbag.py:540} INFO - Filling up the DagBag from /home/airflow/.local/lib/python3.12/site-packages/airflow/example_dags/example_complex.py
[2025-12-27T14:40:10.210+0000] {processor.py:840} INFO - DAG(s) 'example_complex' retrieved from /home/airflow/.local/lib/python3.12/site-packages/airflow/example_dags/example_complex.py
[2025-12-27T14:40:10.292+0000] {logging_mixin.py:188} INFO - [2025-12-27T14:40:10.291+0000] {dag.py:3096} INFO - Sync 1 DAGs
[2025-12-27T14:40:10.331+0000] {logging_mixin.py:188} INFO - [2025-12-27T14:40:10.330+0000] {dag.py:3954} INFO - Setting next_dagrun for example_complex to None, run_after=None
[2025-12-27T14:40:10.385+0000] {processor.py:183} INFO - Processing /home/airflow/.local/lib/python3.12/site-packages/airflow/example_dags/example_complex.py took 0.241 seconds
[2025-12-27T14:40:40.918+0000] {processor.py:161} INFO - Started process (PID=2580) to work on /home/airflow/.local/lib/python3.12/site-packages/airflow/example_dags/example_complex.py
[2025-12-27T14:40:40.925+0000] {processor.py:830} INFO - Processing file /home/airflow/.local/lib/python3.12/site-packages/airflow/example_dags/example_complex.py for tasks to queue
[2025-12-27T14:40:40.963+0000] {logging_mixin.py:188} INFO - [2025-12-27T14:40:40.929+0000] {dagbag.py:540} INFO - Filling up the DagBag from /home/airflow/.local/lib/python3.12/site-packages/airflow/example_dags/example_complex.py
[2025-12-27T14:40:41.045+0000] {processor.py:840} INFO - DAG(s) 'example_complex' retrieved from /home/airflow/.local/lib/python3.12/site-packages/airflow/example_dags/example_complex.py
[2025-12-27T14:40:41.129+0000] {logging_mixin.py:188} INFO - [2025-12-27T14:40:41.128+0000] {dag.py:3096} INFO - Sync 1 DAGs
[2025-12-27T14:40:41.163+0000] {logging_mixin.py:188} INFO - [2025-12-27T14:40:41.162+0000] {dag.py:3954} INFO - Setting next_dagrun for example_complex to None, run_after=None
[2025-12-27T14:40:41.236+0000] {processor.py:183} INFO - Processing /home/airflow/.local/lib/python3.12/site-packages/airflow/example_dags/example_complex.py took 0.375 seconds
[2025-12-27T14:41:11.692+0000] {processor.py:161} INFO - Started process (PID=2638) to work on /home/airflow/.local/lib/python3.12/site-packages/airflow/example_dags/example_complex.py
[2025-12-27T14:41:11.695+0000] {processor.py:830} INFO - Processing file /home/airflow/.local/lib/python3.12/site-packages/airflow/example_dags/example_complex.py for tasks to queue
[2025-12-27T14:41:11.698+0000] {logging_mixin.py:188} INFO - [2025-12-27T14:41:11.697+0000] {dagbag.py:540} INFO - Filling up the DagBag from /home/airflow/.local/lib/python3.12/site-packages/airflow/example_dags/example_complex.py
[2025-12-27T14:41:11.755+0000] {processor.py:840} INFO - DAG(s) 'example_complex' retrieved from /home/airflow/.local/lib/python3.12/site-packages/airflow/example_dags/example_complex.py
[2025-12-27T14:41:11.879+0000] {logging_mixin.py:188} INFO - [2025-12-27T14:41:11.878+0000] {dag.py:3096} INFO - Sync 1 DAGs
[2025-12-27T14:41:11.930+0000] {logging_mixin.py:188} INFO - [2025-12-27T14:41:11.929+0000] {dag.py:3954} INFO - Setting next_dagrun for example_complex to None, run_after=None
[2025-12-27T14:41:11.981+0000] {processor.py:183} INFO - Processing /home/airflow/.local/lib/python3.12/site-packages/airflow/example_dags/example_complex.py took 0.306 seconds
[2025-12-27T14:41:42.347+0000] {processor.py:161} INFO - Started process (PID=2696) to work on /home/airflow/.local/lib/python3.12/site-packages/airflow/example_dags/example_complex.py
[2025-12-27T14:41:42.351+0000] {processor.py:830} INFO - Processing file /home/airflow/.local/lib/python3.12/site-packages/airflow/example_dags/example_complex.py for tasks to queue
[2025-12-27T14:41:42.354+0000] {logging_mixin.py:188} INFO - [2025-12-27T14:41:42.353+0000] {dagbag.py:540} INFO - Filling up the DagBag from /home/airflow/.local/lib/python3.12/site-packages/airflow/example_dags/example_complex.py
[2025-12-27T14:41:42.399+0000] {processor.py:840} INFO - DAG(s) 'example_complex' retrieved from /home/airflow/.local/lib/python3.12/site-packages/airflow/example_dags/example_complex.py
[2025-12-27T14:41:42.486+0000] {logging_mixin.py:188} INFO - [2025-12-27T14:41:42.486+0000] {dag.py:3096} INFO - Sync 1 DAGs
[2025-12-27T14:41:42.521+0000] {logging_mixin.py:188} INFO - [2025-12-27T14:41:42.520+0000] {dag.py:3954} INFO - Setting next_dagrun for example_complex to None, run_after=None
[2025-12-27T14:41:42.569+0000] {processor.py:183} INFO - Processing /home/airflow/.local/lib/python3.12/site-packages/airflow/example_dags/example_complex.py took 0.244 seconds
[2025-12-27T14:42:13.305+0000] {processor.py:161} INFO - Started process (PID=2754) to work on /home/airflow/.local/lib/python3.12/site-packages/airflow/example_dags/example_complex.py
[2025-12-27T14:42:13.308+0000] {processor.py:830} INFO - Processing file /home/airflow/.local/lib/python3.12/site-packages/airflow/example_dags/example_complex.py for tasks to queue
[2025-12-27T14:42:13.310+0000] {logging_mixin.py:188} INFO - [2025-12-27T14:42:13.309+0000] {dagbag.py:540} INFO - Filling up the DagBag from /home/airflow/.local/lib/python3.12/site-packages/airflow/example_dags/example_complex.py
[2025-12-27T14:42:13.339+0000] {processor.py:840} INFO - DAG(s) 'example_complex' retrieved from /home/airflow/.local/lib/python3.12/site-packages/airflow/example_dags/example_complex.py
[2025-12-27T14:42:13.426+0000] {logging_mixin.py:188} INFO - [2025-12-27T14:42:13.425+0000] {dag.py:3096} INFO - Sync 1 DAGs
[2025-12-27T14:42:13.461+0000] {logging_mixin.py:188} INFO - [2025-12-27T14:42:13.461+0000] {dag.py:3954} INFO - Setting next_dagrun for example_complex to None, run_after=None
[2025-12-27T14:42:13.542+0000] {processor.py:183} INFO - Processing /home/airflow/.local/lib/python3.12/site-packages/airflow/example_dags/example_complex.py took 0.253 seconds
[2025-12-27T14:42:43.852+0000] {processor.py:161} INFO - Started process (PID=2812) to work on /home/airflow/.local/lib/python3.12/site-packages/airflow/example_dags/example_complex.py
[2025-12-27T14:42:43.856+0000] {processor.py:830} INFO - Processing file /home/airflow/.local/lib/python3.12/site-packages/airflow/example_dags/example_complex.py for tasks to queue
[2025-12-27T14:42:43.867+0000] {logging_mixin.py:188} INFO - [2025-12-27T14:42:43.865+0000] {dagbag.py:540} INFO - Filling up the DagBag from /home/airflow/.local/lib/python3.12/site-packages/airflow/example_dags/example_complex.py
[2025-12-27T14:42:43.967+0000] {processor.py:840} INFO - DAG(s) 'example_complex' retrieved from /home/airflow/.local/lib/python3.12/site-packages/airflow/example_dags/example_complex.py
[2025-12-27T14:42:44.178+0000] {logging_mixin.py:188} INFO - [2025-12-27T14:42:44.177+0000] {dag.py:3096} INFO - Sync 1 DAGs
[2025-12-27T14:42:44.256+0000] {logging_mixin.py:188} INFO - [2025-12-27T14:42:44.255+0000] {dag.py:3954} INFO - Setting next_dagrun for example_complex to None, run_after=None
[2025-12-27T14:42:44.363+0000] {processor.py:183} INFO - Processing /home/airflow/.local/lib/python3.12/site-packages/airflow/example_dags/example_complex.py took 0.543 seconds
[2025-12-27T14:43:15.194+0000] {processor.py:161} INFO - Started process (PID=2871) to work on /home/airflow/.local/lib/python3.12/site-packages/airflow/example_dags/example_complex.py
[2025-12-27T14:43:15.198+0000] {processor.py:830} INFO - Processing file /home/airflow/.local/lib/python3.12/site-packages/airflow/example_dags/example_complex.py for tasks to queue
[2025-12-27T14:43:15.202+0000] {logging_mixin.py:188} INFO - [2025-12-27T14:43:15.201+0000] {dagbag.py:540} INFO - Filling up the DagBag from /home/airflow/.local/lib/python3.12/site-packages/airflow/example_dags/example_complex.py
[2025-12-27T14:43:15.254+0000] {processor.py:840} INFO - DAG(s) 'example_complex' retrieved from /home/airflow/.local/lib/python3.12/site-packages/airflow/example_dags/example_complex.py
[2025-12-27T14:43:15.389+0000] {logging_mixin.py:188} INFO - [2025-12-27T14:43:15.388+0000] {dag.py:3096} INFO - Sync 1 DAGs
[2025-12-27T14:43:15.431+0000] {logging_mixin.py:188} INFO - [2025-12-27T14:43:15.431+0000] {dag.py:3954} INFO - Setting next_dagrun for example_complex to None, run_after=None
[2025-12-27T14:43:15.503+0000] {processor.py:183} INFO - Processing /home/airflow/.local/lib/python3.12/site-packages/airflow/example_dags/example_complex.py took 0.341 seconds
[2025-12-27T14:43:45.673+0000] {processor.py:161} INFO - Started process (PID=2929) to work on /home/airflow/.local/lib/python3.12/site-packages/airflow/example_dags/example_complex.py
[2025-12-27T14:43:45.677+0000] {processor.py:830} INFO - Processing file /home/airflow/.local/lib/python3.12/site-packages/airflow/example_dags/example_complex.py for tasks to queue
[2025-12-27T14:43:45.680+0000] {logging_mixin.py:188} INFO - [2025-12-27T14:43:45.679+0000] {dagbag.py:540} INFO - Filling up the DagBag from /home/airflow/.local/lib/python3.12/site-packages/airflow/example_dags/example_complex.py
[2025-12-27T14:43:45.722+0000] {processor.py:840} INFO - DAG(s) 'example_complex' retrieved from /home/airflow/.local/lib/python3.12/site-packages/airflow/example_dags/example_complex.py
[2025-12-27T14:43:45.867+0000] {logging_mixin.py:188} INFO - [2025-12-27T14:43:45.867+0000] {dag.py:3096} INFO - Sync 1 DAGs
[2025-12-27T14:43:45.988+0000] {logging_mixin.py:188} INFO - [2025-12-27T14:43:45.987+0000] {dag.py:3954} INFO - Setting next_dagrun for example_complex to None, run_after=None
[2025-12-27T14:43:46.087+0000] {processor.py:183} INFO - Processing /home/airflow/.local/lib/python3.12/site-packages/airflow/example_dags/example_complex.py took 0.433 seconds
[2025-12-27T14:44:16.338+0000] {processor.py:161} INFO - Started process (PID=2988) to work on /home/airflow/.local/lib/python3.12/site-packages/airflow/example_dags/example_complex.py
[2025-12-27T14:44:16.341+0000] {processor.py:830} INFO - Processing file /home/airflow/.local/lib/python3.12/site-packages/airflow/example_dags/example_complex.py for tasks to queue
[2025-12-27T14:44:16.345+0000] {logging_mixin.py:188} INFO - [2025-12-27T14:44:16.343+0000] {dagbag.py:540} INFO - Filling up the DagBag from /home/airflow/.local/lib/python3.12/site-packages/airflow/example_dags/example_complex.py
[2025-12-27T14:44:16.382+0000] {processor.py:840} INFO - DAG(s) 'example_complex' retrieved from /home/airflow/.local/lib/python3.12/site-packages/airflow/example_dags/example_complex.py
[2025-12-27T14:44:16.469+0000] {logging_mixin.py:188} INFO - [2025-12-27T14:44:16.469+0000] {dag.py:3096} INFO - Sync 1 DAGs
[2025-12-27T14:44:16.507+0000] {logging_mixin.py:188} INFO - [2025-12-27T14:44:16.506+0000] {dag.py:3954} INFO - Setting next_dagrun for example_complex to None, run_after=None
[2025-12-27T14:44:16.571+0000] {processor.py:183} INFO - Processing /home/airflow/.local/lib/python3.12/site-packages/airflow/example_dags/example_complex.py took 0.250 seconds
[2025-12-27T14:44:47.144+0000] {processor.py:161} INFO - Started process (PID=3047) to work on /home/airflow/.local/lib/python3.12/site-packages/airflow/example_dags/example_complex.py
[2025-12-27T14:44:47.149+0000] {processor.py:830} INFO - Processing file /home/airflow/.local/lib/python3.12/site-packages/airflow/example_dags/example_complex.py for tasks to queue
[2025-12-27T14:44:47.152+0000] {logging_mixin.py:188} INFO - [2025-12-27T14:44:47.151+0000] {dagbag.py:540} INFO - Filling up the DagBag from /home/airflow/.local/lib/python3.12/site-packages/airflow/example_dags/example_complex.py
[2025-12-27T14:44:47.213+0000] {processor.py:840} INFO - DAG(s) 'example_complex' retrieved from /home/airflow/.local/lib/python3.12/site-packages/airflow/example_dags/example_complex.py
[2025-12-27T14:44:47.366+0000] {logging_mixin.py:188} INFO - [2025-12-27T14:44:47.365+0000] {dag.py:3096} INFO - Sync 1 DAGs
[2025-12-27T14:44:47.447+0000] {logging_mixin.py:188} INFO - [2025-12-27T14:44:47.446+0000] {dag.py:3954} INFO - Setting next_dagrun for example_complex to None, run_after=None
[2025-12-27T14:44:47.528+0000] {processor.py:183} INFO - Processing /home/airflow/.local/lib/python3.12/site-packages/airflow/example_dags/example_complex.py took 0.416 seconds
[2025-12-27T14:45:17.819+0000] {processor.py:161} INFO - Started process (PID=3106) to work on /home/airflow/.local/lib/python3.12/site-packages/airflow/example_dags/example_complex.py
[2025-12-27T14:45:17.824+0000] {processor.py:830} INFO - Processing file /home/airflow/.local/lib/python3.12/site-packages/airflow/example_dags/example_complex.py for tasks to queue
[2025-12-27T14:45:17.828+0000] {logging_mixin.py:188} INFO - [2025-12-27T14:45:17.826+0000] {dagbag.py:540} INFO - Filling up the DagBag from /home/airflow/.local/lib/python3.12/site-packages/airflow/example_dags/example_complex.py
[2025-12-27T14:45:17.881+0000] {processor.py:840} INFO - DAG(s) 'example_complex' retrieved from /home/airflow/.local/lib/python3.12/site-packages/airflow/example_dags/example_complex.py
[2025-12-27T14:45:18.024+0000] {logging_mixin.py:188} INFO - [2025-12-27T14:45:18.023+0000] {dag.py:3096} INFO - Sync 1 DAGs
[2025-12-27T14:45:18.078+0000] {logging_mixin.py:188} INFO - [2025-12-27T14:45:18.077+0000] {dag.py:3954} INFO - Setting next_dagrun for example_complex to None, run_after=None
[2025-12-27T14:45:18.155+0000] {processor.py:183} INFO - Processing /home/airflow/.local/lib/python3.12/site-packages/airflow/example_dags/example_complex.py took 0.367 seconds
[2025-12-27T14:45:48.301+0000] {processor.py:161} INFO - Started process (PID=3164) to work on /home/airflow/.local/lib/python3.12/site-packages/airflow/example_dags/example_complex.py
[2025-12-27T14:45:48.304+0000] {processor.py:830} INFO - Processing file /home/airflow/.local/lib/python3.12/site-packages/airflow/example_dags/example_complex.py for tasks to queue
[2025-12-27T14:45:48.307+0000] {logging_mixin.py:188} INFO - [2025-12-27T14:45:48.306+0000] {dagbag.py:540} INFO - Filling up the DagBag from /home/airflow/.local/lib/python3.12/site-packages/airflow/example_dags/example_complex.py
[2025-12-27T14:45:48.353+0000] {processor.py:840} INFO - DAG(s) 'example_complex' retrieved from /home/airflow/.local/lib/python3.12/site-packages/airflow/example_dags/example_complex.py
[2025-12-27T14:45:48.493+0000] {logging_mixin.py:188} INFO - [2025-12-27T14:45:48.492+0000] {dag.py:3096} INFO - Sync 1 DAGs
[2025-12-27T14:45:48.527+0000] {logging_mixin.py:188} INFO - [2025-12-27T14:45:48.526+0000] {dag.py:3954} INFO - Setting next_dagrun for example_complex to None, run_after=None
[2025-12-27T14:45:48.578+0000] {processor.py:183} INFO - Processing /home/airflow/.local/lib/python3.12/site-packages/airflow/example_dags/example_complex.py took 0.307 seconds
[2025-12-27T14:46:18.911+0000] {processor.py:161} INFO - Started process (PID=3222) to work on /home/airflow/.local/lib/python3.12/site-packages/airflow/example_dags/example_complex.py
[2025-12-27T14:46:18.915+0000] {processor.py:830} INFO - Processing file /home/airflow/.local/lib/python3.12/site-packages/airflow/example_dags/example_complex.py for tasks to queue
[2025-12-27T14:46:18.919+0000] {logging_mixin.py:188} INFO - [2025-12-27T14:46:18.917+0000] {dagbag.py:540} INFO - Filling up the DagBag from /home/airflow/.local/lib/python3.12/site-packages/airflow/example_dags/example_complex.py
[2025-12-27T14:46:18.952+0000] {processor.py:840} INFO - DAG(s) 'example_complex' retrieved from /home/airflow/.local/lib/python3.12/site-packages/airflow/example_dags/example_complex.py
[2025-12-27T14:46:19.077+0000] {logging_mixin.py:188} INFO - [2025-12-27T14:46:19.077+0000] {dag.py:3096} INFO - Sync 1 DAGs
[2025-12-27T14:46:19.115+0000] {logging_mixin.py:188} INFO - [2025-12-27T14:46:19.114+0000] {dag.py:3954} INFO - Setting next_dagrun for example_complex to None, run_after=None
[2025-12-27T14:46:19.166+0000] {processor.py:183} INFO - Processing /home/airflow/.local/lib/python3.12/site-packages/airflow/example_dags/example_complex.py took 0.286 seconds
[2025-12-27T14:46:49.473+0000] {processor.py:161} INFO - Started process (PID=3281) to work on /home/airflow/.local/lib/python3.12/site-packages/airflow/example_dags/example_complex.py
[2025-12-27T14:46:49.477+0000] {processor.py:830} INFO - Processing file /home/airflow/.local/lib/python3.12/site-packages/airflow/example_dags/example_complex.py for tasks to queue
[2025-12-27T14:46:49.481+0000] {logging_mixin.py:188} INFO - [2025-12-27T14:46:49.480+0000] {dagbag.py:540} INFO - Filling up the DagBag from /home/airflow/.local/lib/python3.12/site-packages/airflow/example_dags/example_complex.py
[2025-12-27T14:46:49.535+0000] {processor.py:840} INFO - DAG(s) 'example_complex' retrieved from /home/airflow/.local/lib/python3.12/site-packages/airflow/example_dags/example_complex.py
[2025-12-27T14:46:49.668+0000] {logging_mixin.py:188} INFO - [2025-12-27T14:46:49.667+0000] {dag.py:3096} INFO - Sync 1 DAGs
[2025-12-27T14:46:49.746+0000] {logging_mixin.py:188} INFO - [2025-12-27T14:46:49.746+0000] {dag.py:3954} INFO - Setting next_dagrun for example_complex to None, run_after=None
[2025-12-27T14:46:50.071+0000] {processor.py:183} INFO - Processing /home/airflow/.local/lib/python3.12/site-packages/airflow/example_dags/example_complex.py took 0.629 seconds
[2025-12-27T14:47:20.211+0000] {processor.py:161} INFO - Started process (PID=3338) to work on /home/airflow/.local/lib/python3.12/site-packages/airflow/example_dags/example_complex.py
[2025-12-27T14:47:20.214+0000] {processor.py:830} INFO - Processing file /home/airflow/.local/lib/python3.12/site-packages/airflow/example_dags/example_complex.py for tasks to queue
[2025-12-27T14:47:20.218+0000] {logging_mixin.py:188} INFO - [2025-12-27T14:47:20.216+0000] {dagbag.py:540} INFO - Filling up the DagBag from /home/airflow/.local/lib/python3.12/site-packages/airflow/example_dags/example_complex.py
[2025-12-27T14:47:20.252+0000] {processor.py:840} INFO - DAG(s) 'example_complex' retrieved from /home/airflow/.local/lib/python3.12/site-packages/airflow/example_dags/example_complex.py
[2025-12-27T14:47:20.340+0000] {logging_mixin.py:188} INFO - [2025-12-27T14:47:20.340+0000] {dag.py:3096} INFO - Sync 1 DAGs
[2025-12-27T14:47:20.374+0000] {logging_mixin.py:188} INFO - [2025-12-27T14:47:20.374+0000] {dag.py:3954} INFO - Setting next_dagrun for example_complex to None, run_after=None
[2025-12-27T14:47:20.425+0000] {processor.py:183} INFO - Processing /home/airflow/.local/lib/python3.12/site-packages/airflow/example_dags/example_complex.py took 0.233 seconds
[2025-12-27T14:47:50.778+0000] {processor.py:161} INFO - Started process (PID=3396) to work on /home/airflow/.local/lib/python3.12/site-packages/airflow/example_dags/example_complex.py
[2025-12-27T14:47:50.782+0000] {processor.py:830} INFO - Processing file /home/airflow/.local/lib/python3.12/site-packages/airflow/example_dags/example_complex.py for tasks to queue
[2025-12-27T14:47:50.785+0000] {logging_mixin.py:188} INFO - [2025-12-27T14:47:50.784+0000] {dagbag.py:540} INFO - Filling up the DagBag from /home/airflow/.local/lib/python3.12/site-packages/airflow/example_dags/example_complex.py
[2025-12-27T14:47:50.817+0000] {processor.py:840} INFO - DAG(s) 'example_complex' retrieved from /home/airflow/.local/lib/python3.12/site-packages/airflow/example_dags/example_complex.py
[2025-12-27T14:47:50.916+0000] {logging_mixin.py:188} INFO - [2025-12-27T14:47:50.916+0000] {dag.py:3096} INFO - Sync 1 DAGs
[2025-12-27T14:47:50.951+0000] {logging_mixin.py:188} INFO - [2025-12-27T14:47:50.951+0000] {dag.py:3954} INFO - Setting next_dagrun for example_complex to None, run_after=None
[2025-12-27T14:47:51.006+0000] {processor.py:183} INFO - Processing /home/airflow/.local/lib/python3.12/site-packages/airflow/example_dags/example_complex.py took 0.250 seconds
[2025-12-27T14:48:21.360+0000] {processor.py:161} INFO - Started process (PID=3457) to work on /home/airflow/.local/lib/python3.12/site-packages/airflow/example_dags/example_complex.py
[2025-12-27T14:48:21.364+0000] {processor.py:830} INFO - Processing file /home/airflow/.local/lib/python3.12/site-packages/airflow/example_dags/example_complex.py for tasks to queue
[2025-12-27T14:48:21.372+0000] {logging_mixin.py:188} INFO - [2025-12-27T14:48:21.370+0000] {dagbag.py:540} INFO - Filling up the DagBag from /home/airflow/.local/lib/python3.12/site-packages/airflow/example_dags/example_complex.py
[2025-12-27T14:48:21.420+0000] {processor.py:840} INFO - DAG(s) 'example_complex' retrieved from /home/airflow/.local/lib/python3.12/site-packages/airflow/example_dags/example_complex.py
[2025-12-27T14:48:21.575+0000] {logging_mixin.py:188} INFO - [2025-12-27T14:48:21.574+0000] {dag.py:3096} INFO - Sync 1 DAGs
[2025-12-27T14:48:21.647+0000] {logging_mixin.py:188} INFO - [2025-12-27T14:48:21.646+0000] {dag.py:3954} INFO - Setting next_dagrun for example_complex to None, run_after=None
[2025-12-27T14:48:21.713+0000] {processor.py:183} INFO - Processing /home/airflow/.local/lib/python3.12/site-packages/airflow/example_dags/example_complex.py took 0.401 seconds
[2025-12-27T14:48:52.929+0000] {processor.py:161} INFO - Started process (PID=3515) to work on /home/airflow/.local/lib/python3.12/site-packages/airflow/example_dags/example_complex.py
[2025-12-27T14:48:52.943+0000] {processor.py:830} INFO - Processing file /home/airflow/.local/lib/python3.12/site-packages/airflow/example_dags/example_complex.py for tasks to queue
[2025-12-27T14:48:52.955+0000] {logging_mixin.py:188} INFO - [2025-12-27T14:48:52.954+0000] {dagbag.py:540} INFO - Filling up the DagBag from /home/airflow/.local/lib/python3.12/site-packages/airflow/example_dags/example_complex.py
[2025-12-27T14:48:53.086+0000] {processor.py:840} INFO - DAG(s) 'example_complex' retrieved from /home/airflow/.local/lib/python3.12/site-packages/airflow/example_dags/example_complex.py
[2025-12-27T14:48:53.389+0000] {logging_mixin.py:188} INFO - [2025-12-27T14:48:53.388+0000] {dag.py:3096} INFO - Sync 1 DAGs
[2025-12-27T14:48:53.558+0000] {logging_mixin.py:188} INFO - [2025-12-27T14:48:53.557+0000] {dag.py:3954} INFO - Setting next_dagrun for example_complex to None, run_after=None
[2025-12-27T14:48:53.833+0000] {processor.py:183} INFO - Processing /home/airflow/.local/lib/python3.12/site-packages/airflow/example_dags/example_complex.py took 0.973 seconds
[2025-12-27T14:49:24.275+0000] {processor.py:161} INFO - Started process (PID=3571) to work on /home/airflow/.local/lib/python3.12/site-packages/airflow/example_dags/example_complex.py
[2025-12-27T14:49:24.278+0000] {processor.py:830} INFO - Processing file /home/airflow/.local/lib/python3.12/site-packages/airflow/example_dags/example_complex.py for tasks to queue
[2025-12-27T14:49:24.280+0000] {logging_mixin.py:188} INFO - [2025-12-27T14:49:24.280+0000] {dagbag.py:540} INFO - Filling up the DagBag from /home/airflow/.local/lib/python3.12/site-packages/airflow/example_dags/example_complex.py
[2025-12-27T14:49:24.312+0000] {processor.py:840} INFO - DAG(s) 'example_complex' retrieved from /home/airflow/.local/lib/python3.12/site-packages/airflow/example_dags/example_complex.py
[2025-12-27T14:49:24.440+0000] {logging_mixin.py:188} INFO - [2025-12-27T14:49:24.439+0000] {dag.py:3096} INFO - Sync 1 DAGs
[2025-12-27T14:49:24.491+0000] {logging_mixin.py:188} INFO - [2025-12-27T14:49:24.490+0000] {dag.py:3954} INFO - Setting next_dagrun for example_complex to None, run_after=None
[2025-12-27T14:49:24.554+0000] {processor.py:183} INFO - Processing /home/airflow/.local/lib/python3.12/site-packages/airflow/example_dags/example_complex.py took 0.300 seconds
[2025-12-27T14:49:55.166+0000] {processor.py:161} INFO - Started process (PID=3628) to work on /home/airflow/.local/lib/python3.12/site-packages/airflow/example_dags/example_complex.py
[2025-12-27T14:49:55.171+0000] {processor.py:830} INFO - Processing file /home/airflow/.local/lib/python3.12/site-packages/airflow/example_dags/example_complex.py for tasks to queue
[2025-12-27T14:49:55.175+0000] {logging_mixin.py:188} INFO - [2025-12-27T14:49:55.174+0000] {dagbag.py:540} INFO - Filling up the DagBag from /home/airflow/.local/lib/python3.12/site-packages/airflow/example_dags/example_complex.py
[2025-12-27T14:49:55.229+0000] {processor.py:840} INFO - DAG(s) 'example_complex' retrieved from /home/airflow/.local/lib/python3.12/site-packages/airflow/example_dags/example_complex.py
[2025-12-27T14:49:55.396+0000] {logging_mixin.py:188} INFO - [2025-12-27T14:49:55.396+0000] {dag.py:3096} INFO - Sync 1 DAGs
[2025-12-27T14:49:55.448+0000] {logging_mixin.py:188} INFO - [2025-12-27T14:49:55.447+0000] {dag.py:3954} INFO - Setting next_dagrun for example_complex to None, run_after=None
[2025-12-27T14:49:55.549+0000] {processor.py:183} INFO - Processing /home/airflow/.local/lib/python3.12/site-packages/airflow/example_dags/example_complex.py took 0.408 seconds
[2025-12-27T14:50:27.515+0000] {processor.py:161} INFO - Started process (PID=3685) to work on /home/airflow/.local/lib/python3.12/site-packages/airflow/example_dags/example_complex.py
[2025-12-27T14:50:27.529+0000] {processor.py:830} INFO - Processing file /home/airflow/.local/lib/python3.12/site-packages/airflow/example_dags/example_complex.py for tasks to queue
[2025-12-27T14:50:27.550+0000] {logging_mixin.py:188} INFO - [2025-12-27T14:50:27.545+0000] {dagbag.py:540} INFO - Filling up the DagBag from /home/airflow/.local/lib/python3.12/site-packages/airflow/example_dags/example_complex.py
[2025-12-27T14:50:27.674+0000] {processor.py:840} INFO - DAG(s) 'example_complex' retrieved from /home/airflow/.local/lib/python3.12/site-packages/airflow/example_dags/example_complex.py
[2025-12-27T14:50:28.067+0000] {logging_mixin.py:188} INFO - [2025-12-27T14:50:28.057+0000] {dag.py:3096} INFO - Sync 1 DAGs
[2025-12-27T14:50:28.270+0000] {logging_mixin.py:188} INFO - [2025-12-27T14:50:28.265+0000] {dag.py:3954} INFO - Setting next_dagrun for example_complex to None, run_after=None
[2025-12-27T14:50:28.464+0000] {processor.py:183} INFO - Processing /home/airflow/.local/lib/python3.12/site-packages/airflow/example_dags/example_complex.py took 0.990 seconds
[2025-12-27T14:51:01.100+0000] {processor.py:161} INFO - Started process (PID=3744) to work on /home/airflow/.local/lib/python3.12/site-packages/airflow/example_dags/example_complex.py
[2025-12-27T14:51:01.104+0000] {processor.py:830} INFO - Processing file /home/airflow/.local/lib/python3.12/site-packages/airflow/example_dags/example_complex.py for tasks to queue
[2025-12-27T14:51:01.108+0000] {logging_mixin.py:188} INFO - [2025-12-27T14:51:01.106+0000] {dagbag.py:540} INFO - Filling up the DagBag from /home/airflow/.local/lib/python3.12/site-packages/airflow/example_dags/example_complex.py
[2025-12-27T14:51:01.183+0000] {processor.py:840} INFO - DAG(s) 'example_complex' retrieved from /home/airflow/.local/lib/python3.12/site-packages/airflow/example_dags/example_complex.py
[2025-12-27T14:51:01.374+0000] {logging_mixin.py:188} INFO - [2025-12-27T14:51:01.373+0000] {dag.py:3096} INFO - Sync 1 DAGs
[2025-12-27T14:51:01.434+0000] {logging_mixin.py:188} INFO - [2025-12-27T14:51:01.433+0000] {dag.py:3954} INFO - Setting next_dagrun for example_complex to None, run_after=None
[2025-12-27T14:51:01.534+0000] {processor.py:183} INFO - Processing /home/airflow/.local/lib/python3.12/site-packages/airflow/example_dags/example_complex.py took 0.471 seconds
[2025-12-27T14:54:22.295+0000] {processor.py:161} INFO - Started process (PID=3855) to work on /home/airflow/.local/lib/python3.12/site-packages/airflow/example_dags/example_complex.py
[2025-12-27T14:54:22.321+0000] {processor.py:830} INFO - Processing file /home/airflow/.local/lib/python3.12/site-packages/airflow/example_dags/example_complex.py for tasks to queue
[2025-12-27T14:54:22.336+0000] {logging_mixin.py:188} INFO - [2025-12-27T14:54:22.325+0000] {dagbag.py:540} INFO - Filling up the DagBag from /home/airflow/.local/lib/python3.12/site-packages/airflow/example_dags/example_complex.py
[2025-12-27T14:54:22.639+0000] {processor.py:840} INFO - DAG(s) 'example_complex' retrieved from /home/airflow/.local/lib/python3.12/site-packages/airflow/example_dags/example_complex.py
[2025-12-27T14:54:23.204+0000] {logging_mixin.py:188} INFO - [2025-12-27T14:54:23.195+0000] {dag.py:3096} INFO - Sync 1 DAGs
[2025-12-27T14:54:23.649+0000] {logging_mixin.py:188} INFO - [2025-12-27T14:54:23.646+0000] {dag.py:3954} INFO - Setting next_dagrun for example_complex to None, run_after=None
[2025-12-27T14:54:32.868+0000] {processor.py:183} INFO - Processing /home/airflow/.local/lib/python3.12/site-packages/airflow/example_dags/example_complex.py took 10.728 seconds
