[2025-12-27T14:15:08.126+0000] {processor.py:161} INFO - Started process (PID=118) to work on /home/airflow/.local/lib/python3.12/site-packages/airflow/example_dags/example_skip_dag.py
[2025-12-27T14:15:08.130+0000] {processor.py:830} INFO - Processing file /home/airflow/.local/lib/python3.12/site-packages/airflow/example_dags/example_skip_dag.py for tasks to queue
[2025-12-27T14:15:08.139+0000] {logging_mixin.py:188} INFO - [2025-12-27T14:15:08.136+0000] {dagbag.py:540} INFO - Filling up the DagBag from /home/airflow/.local/lib/python3.12/site-packages/airflow/example_dags/example_skip_dag.py
[2025-12-27T14:15:08.181+0000] {processor.py:840} INFO - DAG(s) 'example_skip_dag' retrieved from /home/airflow/.local/lib/python3.12/site-packages/airflow/example_dags/example_skip_dag.py
[2025-12-27T14:15:08.860+0000] {logging_mixin.py:188} INFO - [2025-12-27T14:15:08.859+0000] {dag.py:3096} INFO - Sync 1 DAGs
[2025-12-27T14:15:08.978+0000] {logging_mixin.py:188} INFO - [2025-12-27T14:15:08.977+0000] {dag.py:3954} INFO - Setting next_dagrun for example_skip_dag to 2025-12-26 00:00:00+00:00, run_after=2025-12-27 00:00:00+00:00
[2025-12-27T14:15:09.089+0000] {processor.py:183} INFO - Processing /home/airflow/.local/lib/python3.12/site-packages/airflow/example_dags/example_skip_dag.py took 0.996 seconds
[2025-12-27T14:15:39.704+0000] {processor.py:161} INFO - Started process (PID=175) to work on /home/airflow/.local/lib/python3.12/site-packages/airflow/example_dags/example_skip_dag.py
[2025-12-27T14:15:39.709+0000] {processor.py:830} INFO - Processing file /home/airflow/.local/lib/python3.12/site-packages/airflow/example_dags/example_skip_dag.py for tasks to queue
[2025-12-27T14:15:39.718+0000] {logging_mixin.py:188} INFO - [2025-12-27T14:15:39.717+0000] {dagbag.py:540} INFO - Filling up the DagBag from /home/airflow/.local/lib/python3.12/site-packages/airflow/example_dags/example_skip_dag.py
[2025-12-27T14:15:39.744+0000] {processor.py:840} INFO - DAG(s) 'example_skip_dag' retrieved from /home/airflow/.local/lib/python3.12/site-packages/airflow/example_dags/example_skip_dag.py
[2025-12-27T14:15:39.864+0000] {logging_mixin.py:188} INFO - [2025-12-27T14:15:39.864+0000] {dag.py:3096} INFO - Sync 1 DAGs
[2025-12-27T14:15:39.981+0000] {logging_mixin.py:188} INFO - [2025-12-27T14:15:39.980+0000] {dag.py:3954} INFO - Setting next_dagrun for example_skip_dag to 2025-12-26 00:00:00+00:00, run_after=2025-12-27 00:00:00+00:00
[2025-12-27T14:15:40.089+0000] {processor.py:183} INFO - Processing /home/airflow/.local/lib/python3.12/site-packages/airflow/example_dags/example_skip_dag.py took 0.430 seconds
[2025-12-27T14:16:10.526+0000] {processor.py:161} INFO - Started process (PID=234) to work on /home/airflow/.local/lib/python3.12/site-packages/airflow/example_dags/example_skip_dag.py
[2025-12-27T14:16:10.528+0000] {processor.py:830} INFO - Processing file /home/airflow/.local/lib/python3.12/site-packages/airflow/example_dags/example_skip_dag.py for tasks to queue
[2025-12-27T14:16:10.536+0000] {logging_mixin.py:188} INFO - [2025-12-27T14:16:10.535+0000] {dagbag.py:540} INFO - Filling up the DagBag from /home/airflow/.local/lib/python3.12/site-packages/airflow/example_dags/example_skip_dag.py
[2025-12-27T14:16:10.555+0000] {processor.py:840} INFO - DAG(s) 'example_skip_dag' retrieved from /home/airflow/.local/lib/python3.12/site-packages/airflow/example_dags/example_skip_dag.py
[2025-12-27T14:16:10.630+0000] {logging_mixin.py:188} INFO - [2025-12-27T14:16:10.629+0000] {dag.py:3096} INFO - Sync 1 DAGs
[2025-12-27T14:16:10.709+0000] {logging_mixin.py:188} INFO - [2025-12-27T14:16:10.709+0000] {dag.py:3954} INFO - Setting next_dagrun for example_skip_dag to 2025-12-26 00:00:00+00:00, run_after=2025-12-27 00:00:00+00:00
[2025-12-27T14:16:10.763+0000] {processor.py:183} INFO - Processing /home/airflow/.local/lib/python3.12/site-packages/airflow/example_dags/example_skip_dag.py took 0.259 seconds
[2025-12-27T14:16:40.935+0000] {processor.py:161} INFO - Started process (PID=291) to work on /home/airflow/.local/lib/python3.12/site-packages/airflow/example_dags/example_skip_dag.py
[2025-12-27T14:16:40.939+0000] {processor.py:830} INFO - Processing file /home/airflow/.local/lib/python3.12/site-packages/airflow/example_dags/example_skip_dag.py for tasks to queue
[2025-12-27T14:16:40.947+0000] {logging_mixin.py:188} INFO - [2025-12-27T14:16:40.946+0000] {dagbag.py:540} INFO - Filling up the DagBag from /home/airflow/.local/lib/python3.12/site-packages/airflow/example_dags/example_skip_dag.py
[2025-12-27T14:16:40.976+0000] {processor.py:840} INFO - DAG(s) 'example_skip_dag' retrieved from /home/airflow/.local/lib/python3.12/site-packages/airflow/example_dags/example_skip_dag.py
[2025-12-27T14:16:41.049+0000] {logging_mixin.py:188} INFO - [2025-12-27T14:16:41.048+0000] {dag.py:3096} INFO - Sync 1 DAGs
[2025-12-27T14:16:41.125+0000] {logging_mixin.py:188} INFO - [2025-12-27T14:16:41.125+0000] {dag.py:3954} INFO - Setting next_dagrun for example_skip_dag to 2025-12-26 00:00:00+00:00, run_after=2025-12-27 00:00:00+00:00
[2025-12-27T14:16:41.193+0000] {processor.py:183} INFO - Processing /home/airflow/.local/lib/python3.12/site-packages/airflow/example_dags/example_skip_dag.py took 0.282 seconds
[2025-12-27T14:17:13.342+0000] {processor.py:161} INFO - Started process (PID=349) to work on /home/airflow/.local/lib/python3.12/site-packages/airflow/example_dags/example_skip_dag.py
[2025-12-27T14:17:13.346+0000] {processor.py:830} INFO - Processing file /home/airflow/.local/lib/python3.12/site-packages/airflow/example_dags/example_skip_dag.py for tasks to queue
[2025-12-27T14:17:13.355+0000] {logging_mixin.py:188} INFO - [2025-12-27T14:17:13.354+0000] {dagbag.py:540} INFO - Filling up the DagBag from /home/airflow/.local/lib/python3.12/site-packages/airflow/example_dags/example_skip_dag.py
[2025-12-27T14:17:13.391+0000] {processor.py:840} INFO - DAG(s) 'example_skip_dag' retrieved from /home/airflow/.local/lib/python3.12/site-packages/airflow/example_dags/example_skip_dag.py
[2025-12-27T14:17:13.540+0000] {logging_mixin.py:188} INFO - [2025-12-27T14:17:13.538+0000] {dag.py:3096} INFO - Sync 1 DAGs
[2025-12-27T14:17:13.936+0000] {logging_mixin.py:188} INFO - [2025-12-27T14:17:13.935+0000] {dag.py:3954} INFO - Setting next_dagrun for example_skip_dag to 2025-12-26 00:00:00+00:00, run_after=2025-12-27 00:00:00+00:00
[2025-12-27T14:17:14.046+0000] {processor.py:183} INFO - Processing /home/airflow/.local/lib/python3.12/site-packages/airflow/example_dags/example_skip_dag.py took 0.758 seconds
[2025-12-27T14:18:04.488+0000] {processor.py:161} INFO - Started process (PID=410) to work on /home/airflow/.local/lib/python3.12/site-packages/airflow/example_dags/example_skip_dag.py
[2025-12-27T14:18:04.493+0000] {processor.py:830} INFO - Processing file /home/airflow/.local/lib/python3.12/site-packages/airflow/example_dags/example_skip_dag.py for tasks to queue
[2025-12-27T14:18:04.521+0000] {logging_mixin.py:188} INFO - [2025-12-27T14:18:04.520+0000] {dagbag.py:540} INFO - Filling up the DagBag from /home/airflow/.local/lib/python3.12/site-packages/airflow/example_dags/example_skip_dag.py
[2025-12-27T14:18:04.590+0000] {processor.py:840} INFO - DAG(s) 'example_skip_dag' retrieved from /home/airflow/.local/lib/python3.12/site-packages/airflow/example_dags/example_skip_dag.py
[2025-12-27T14:18:04.763+0000] {logging_mixin.py:188} INFO - [2025-12-27T14:18:04.762+0000] {dag.py:3096} INFO - Sync 1 DAGs
[2025-12-27T14:18:04.934+0000] {logging_mixin.py:188} INFO - [2025-12-27T14:18:04.933+0000] {dag.py:3954} INFO - Setting next_dagrun for example_skip_dag to 2025-12-26 00:00:00+00:00, run_after=2025-12-27 00:00:00+00:00
[2025-12-27T14:18:05.125+0000] {processor.py:183} INFO - Processing /home/airflow/.local/lib/python3.12/site-packages/airflow/example_dags/example_skip_dag.py took 0.695 seconds
[2025-12-27T14:18:38.379+0000] {processor.py:161} INFO - Started process (PID=462) to work on /home/airflow/.local/lib/python3.12/site-packages/airflow/example_dags/example_skip_dag.py
[2025-12-27T14:18:38.391+0000] {processor.py:830} INFO - Processing file /home/airflow/.local/lib/python3.12/site-packages/airflow/example_dags/example_skip_dag.py for tasks to queue
[2025-12-27T14:18:38.401+0000] {logging_mixin.py:188} INFO - [2025-12-27T14:18:38.399+0000] {dagbag.py:540} INFO - Filling up the DagBag from /home/airflow/.local/lib/python3.12/site-packages/airflow/example_dags/example_skip_dag.py
[2025-12-27T14:18:38.429+0000] {processor.py:840} INFO - DAG(s) 'example_skip_dag' retrieved from /home/airflow/.local/lib/python3.12/site-packages/airflow/example_dags/example_skip_dag.py
[2025-12-27T14:18:38.492+0000] {logging_mixin.py:188} INFO - [2025-12-27T14:18:38.492+0000] {dag.py:3096} INFO - Sync 1 DAGs
[2025-12-27T14:18:38.558+0000] {logging_mixin.py:188} INFO - [2025-12-27T14:18:38.557+0000] {dag.py:3954} INFO - Setting next_dagrun for example_skip_dag to 2025-12-26 00:00:00+00:00, run_after=2025-12-27 00:00:00+00:00
[2025-12-27T14:18:38.613+0000] {processor.py:183} INFO - Processing /home/airflow/.local/lib/python3.12/site-packages/airflow/example_dags/example_skip_dag.py took 0.250 seconds
[2025-12-27T14:19:09.475+0000] {processor.py:161} INFO - Started process (PID=520) to work on /home/airflow/.local/lib/python3.12/site-packages/airflow/example_dags/example_skip_dag.py
[2025-12-27T14:19:09.488+0000] {processor.py:830} INFO - Processing file /home/airflow/.local/lib/python3.12/site-packages/airflow/example_dags/example_skip_dag.py for tasks to queue
[2025-12-27T14:19:09.508+0000] {logging_mixin.py:188} INFO - [2025-12-27T14:19:09.506+0000] {dagbag.py:540} INFO - Filling up the DagBag from /home/airflow/.local/lib/python3.12/site-packages/airflow/example_dags/example_skip_dag.py
[2025-12-27T14:19:09.628+0000] {processor.py:840} INFO - DAG(s) 'example_skip_dag' retrieved from /home/airflow/.local/lib/python3.12/site-packages/airflow/example_dags/example_skip_dag.py
[2025-12-27T14:19:09.779+0000] {logging_mixin.py:188} INFO - [2025-12-27T14:19:09.779+0000] {dag.py:3096} INFO - Sync 1 DAGs
[2025-12-27T14:19:09.899+0000] {logging_mixin.py:188} INFO - [2025-12-27T14:19:09.898+0000] {dag.py:3954} INFO - Setting next_dagrun for example_skip_dag to 2025-12-26 00:00:00+00:00, run_after=2025-12-27 00:00:00+00:00
[2025-12-27T14:19:09.975+0000] {processor.py:183} INFO - Processing /home/airflow/.local/lib/python3.12/site-packages/airflow/example_dags/example_skip_dag.py took 0.576 seconds
[2025-12-27T14:19:42.693+0000] {processor.py:161} INFO - Started process (PID=578) to work on /home/airflow/.local/lib/python3.12/site-packages/airflow/example_dags/example_skip_dag.py
[2025-12-27T14:19:42.696+0000] {processor.py:830} INFO - Processing file /home/airflow/.local/lib/python3.12/site-packages/airflow/example_dags/example_skip_dag.py for tasks to queue
[2025-12-27T14:19:42.703+0000] {logging_mixin.py:188} INFO - [2025-12-27T14:19:42.702+0000] {dagbag.py:540} INFO - Filling up the DagBag from /home/airflow/.local/lib/python3.12/site-packages/airflow/example_dags/example_skip_dag.py
[2025-12-27T14:19:42.725+0000] {processor.py:840} INFO - DAG(s) 'example_skip_dag' retrieved from /home/airflow/.local/lib/python3.12/site-packages/airflow/example_dags/example_skip_dag.py
[2025-12-27T14:19:42.797+0000] {logging_mixin.py:188} INFO - [2025-12-27T14:19:42.797+0000] {dag.py:3096} INFO - Sync 1 DAGs
[2025-12-27T14:19:42.866+0000] {logging_mixin.py:188} INFO - [2025-12-27T14:19:42.866+0000] {dag.py:3954} INFO - Setting next_dagrun for example_skip_dag to 2025-12-26 00:00:00+00:00, run_after=2025-12-27 00:00:00+00:00
[2025-12-27T14:19:42.923+0000] {processor.py:183} INFO - Processing /home/airflow/.local/lib/python3.12/site-packages/airflow/example_dags/example_skip_dag.py took 0.250 seconds
[2025-12-27T14:20:15.469+0000] {processor.py:161} INFO - Started process (PID=632) to work on /home/airflow/.local/lib/python3.12/site-packages/airflow/example_dags/example_skip_dag.py
[2025-12-27T14:20:15.474+0000] {processor.py:830} INFO - Processing file /home/airflow/.local/lib/python3.12/site-packages/airflow/example_dags/example_skip_dag.py for tasks to queue
[2025-12-27T14:20:15.484+0000] {logging_mixin.py:188} INFO - [2025-12-27T14:20:15.482+0000] {dagbag.py:540} INFO - Filling up the DagBag from /home/airflow/.local/lib/python3.12/site-packages/airflow/example_dags/example_skip_dag.py
[2025-12-27T14:20:15.514+0000] {processor.py:840} INFO - DAG(s) 'example_skip_dag' retrieved from /home/airflow/.local/lib/python3.12/site-packages/airflow/example_dags/example_skip_dag.py
[2025-12-27T14:20:15.576+0000] {logging_mixin.py:188} INFO - [2025-12-27T14:20:15.575+0000] {dag.py:3096} INFO - Sync 1 DAGs
[2025-12-27T14:20:15.646+0000] {logging_mixin.py:188} INFO - [2025-12-27T14:20:15.646+0000] {dag.py:3954} INFO - Setting next_dagrun for example_skip_dag to 2025-12-26 00:00:00+00:00, run_after=2025-12-27 00:00:00+00:00
[2025-12-27T14:20:15.707+0000] {processor.py:183} INFO - Processing /home/airflow/.local/lib/python3.12/site-packages/airflow/example_dags/example_skip_dag.py took 0.259 seconds
[2025-12-27T14:20:46.571+0000] {processor.py:161} INFO - Started process (PID=690) to work on /home/airflow/.local/lib/python3.12/site-packages/airflow/example_dags/example_skip_dag.py
[2025-12-27T14:20:46.574+0000] {processor.py:830} INFO - Processing file /home/airflow/.local/lib/python3.12/site-packages/airflow/example_dags/example_skip_dag.py for tasks to queue
[2025-12-27T14:20:46.579+0000] {logging_mixin.py:188} INFO - [2025-12-27T14:20:46.578+0000] {dagbag.py:540} INFO - Filling up the DagBag from /home/airflow/.local/lib/python3.12/site-packages/airflow/example_dags/example_skip_dag.py
[2025-12-27T14:20:46.598+0000] {processor.py:840} INFO - DAG(s) 'example_skip_dag' retrieved from /home/airflow/.local/lib/python3.12/site-packages/airflow/example_dags/example_skip_dag.py
[2025-12-27T14:20:46.655+0000] {logging_mixin.py:188} INFO - [2025-12-27T14:20:46.655+0000] {dag.py:3096} INFO - Sync 1 DAGs
[2025-12-27T14:20:46.712+0000] {logging_mixin.py:188} INFO - [2025-12-27T14:20:46.712+0000] {dag.py:3954} INFO - Setting next_dagrun for example_skip_dag to 2025-12-26 00:00:00+00:00, run_after=2025-12-27 00:00:00+00:00
[2025-12-27T14:20:46.767+0000] {processor.py:183} INFO - Processing /home/airflow/.local/lib/python3.12/site-packages/airflow/example_dags/example_skip_dag.py took 0.210 seconds
[2025-12-27T14:21:35.275+0000] {processor.py:161} INFO - Started process (PID=752) to work on /home/airflow/.local/lib/python3.12/site-packages/airflow/example_dags/example_skip_dag.py
[2025-12-27T14:21:35.280+0000] {processor.py:830} INFO - Processing file /home/airflow/.local/lib/python3.12/site-packages/airflow/example_dags/example_skip_dag.py for tasks to queue
[2025-12-27T14:21:35.287+0000] {logging_mixin.py:188} INFO - [2025-12-27T14:21:35.286+0000] {dagbag.py:540} INFO - Filling up the DagBag from /home/airflow/.local/lib/python3.12/site-packages/airflow/example_dags/example_skip_dag.py
[2025-12-27T14:21:35.322+0000] {processor.py:840} INFO - DAG(s) 'example_skip_dag' retrieved from /home/airflow/.local/lib/python3.12/site-packages/airflow/example_dags/example_skip_dag.py
[2025-12-27T14:21:35.416+0000] {logging_mixin.py:188} INFO - [2025-12-27T14:21:35.415+0000] {dag.py:3096} INFO - Sync 1 DAGs
[2025-12-27T14:21:35.513+0000] {logging_mixin.py:188} INFO - [2025-12-27T14:21:35.512+0000] {dag.py:3954} INFO - Setting next_dagrun for example_skip_dag to 2025-12-26 00:00:00+00:00, run_after=2025-12-27 00:00:00+00:00
[2025-12-27T14:21:35.616+0000] {processor.py:183} INFO - Processing /home/airflow/.local/lib/python3.12/site-packages/airflow/example_dags/example_skip_dag.py took 0.364 seconds
[2025-12-27T14:22:26.257+0000] {processor.py:161} INFO - Started process (PID=812) to work on /home/airflow/.local/lib/python3.12/site-packages/airflow/example_dags/example_skip_dag.py
[2025-12-27T14:22:26.274+0000] {processor.py:830} INFO - Processing file /home/airflow/.local/lib/python3.12/site-packages/airflow/example_dags/example_skip_dag.py for tasks to queue
[2025-12-27T14:22:26.286+0000] {logging_mixin.py:188} INFO - [2025-12-27T14:22:26.284+0000] {dagbag.py:540} INFO - Filling up the DagBag from /home/airflow/.local/lib/python3.12/site-packages/airflow/example_dags/example_skip_dag.py
[2025-12-27T14:22:26.349+0000] {processor.py:840} INFO - DAG(s) 'example_skip_dag' retrieved from /home/airflow/.local/lib/python3.12/site-packages/airflow/example_dags/example_skip_dag.py
[2025-12-27T14:22:26.599+0000] {logging_mixin.py:188} INFO - [2025-12-27T14:22:26.598+0000] {dag.py:3096} INFO - Sync 1 DAGs
[2025-12-27T14:22:26.862+0000] {logging_mixin.py:188} INFO - [2025-12-27T14:22:26.861+0000] {dag.py:3954} INFO - Setting next_dagrun for example_skip_dag to 2025-12-26 00:00:00+00:00, run_after=2025-12-27 00:00:00+00:00
[2025-12-27T14:22:27.027+0000] {processor.py:183} INFO - Processing /home/airflow/.local/lib/python3.12/site-packages/airflow/example_dags/example_skip_dag.py took 0.818 seconds
[2025-12-27T14:24:02.717+0000] {processor.py:161} INFO - Started process (PID=895) to work on /home/airflow/.local/lib/python3.12/site-packages/airflow/example_dags/example_skip_dag.py
[2025-12-27T14:24:02.726+0000] {processor.py:830} INFO - Processing file /home/airflow/.local/lib/python3.12/site-packages/airflow/example_dags/example_skip_dag.py for tasks to queue
[2025-12-27T14:24:02.736+0000] {logging_mixin.py:188} INFO - [2025-12-27T14:24:02.733+0000] {dagbag.py:540} INFO - Filling up the DagBag from /home/airflow/.local/lib/python3.12/site-packages/airflow/example_dags/example_skip_dag.py
[2025-12-27T14:24:02.786+0000] {processor.py:840} INFO - DAG(s) 'example_skip_dag' retrieved from /home/airflow/.local/lib/python3.12/site-packages/airflow/example_dags/example_skip_dag.py
[2025-12-27T14:24:02.958+0000] {logging_mixin.py:188} INFO - [2025-12-27T14:24:02.957+0000] {dag.py:3096} INFO - Sync 1 DAGs
[2025-12-27T14:24:03.150+0000] {logging_mixin.py:188} INFO - [2025-12-27T14:24:03.149+0000] {dag.py:3954} INFO - Setting next_dagrun for example_skip_dag to 2025-12-26 00:00:00+00:00, run_after=2025-12-27 00:00:00+00:00
[2025-12-27T14:24:03.352+0000] {processor.py:183} INFO - Processing /home/airflow/.local/lib/python3.12/site-packages/airflow/example_dags/example_skip_dag.py took 0.689 seconds
[2025-12-27T14:24:33.792+0000] {processor.py:161} INFO - Started process (PID=953) to work on /home/airflow/.local/lib/python3.12/site-packages/airflow/example_dags/example_skip_dag.py
[2025-12-27T14:24:33.797+0000] {processor.py:830} INFO - Processing file /home/airflow/.local/lib/python3.12/site-packages/airflow/example_dags/example_skip_dag.py for tasks to queue
[2025-12-27T14:24:33.801+0000] {logging_mixin.py:188} INFO - [2025-12-27T14:24:33.799+0000] {dagbag.py:540} INFO - Filling up the DagBag from /home/airflow/.local/lib/python3.12/site-packages/airflow/example_dags/example_skip_dag.py
[2025-12-27T14:24:33.842+0000] {processor.py:840} INFO - DAG(s) 'example_skip_dag' retrieved from /home/airflow/.local/lib/python3.12/site-packages/airflow/example_dags/example_skip_dag.py
[2025-12-27T14:24:33.954+0000] {logging_mixin.py:188} INFO - [2025-12-27T14:24:33.954+0000] {dag.py:3096} INFO - Sync 1 DAGs
[2025-12-27T14:24:34.098+0000] {logging_mixin.py:188} INFO - [2025-12-27T14:24:34.097+0000] {dag.py:3954} INFO - Setting next_dagrun for example_skip_dag to 2025-12-26 00:00:00+00:00, run_after=2025-12-27 00:00:00+00:00
[2025-12-27T14:24:34.211+0000] {processor.py:183} INFO - Processing /home/airflow/.local/lib/python3.12/site-packages/airflow/example_dags/example_skip_dag.py took 0.455 seconds
[2025-12-27T14:25:16.030+0000] {processor.py:161} INFO - Started process (PID=1011) to work on /home/airflow/.local/lib/python3.12/site-packages/airflow/example_dags/example_skip_dag.py
[2025-12-27T14:25:16.036+0000] {processor.py:830} INFO - Processing file /home/airflow/.local/lib/python3.12/site-packages/airflow/example_dags/example_skip_dag.py for tasks to queue
[2025-12-27T14:25:16.043+0000] {logging_mixin.py:188} INFO - [2025-12-27T14:25:16.040+0000] {dagbag.py:540} INFO - Filling up the DagBag from /home/airflow/.local/lib/python3.12/site-packages/airflow/example_dags/example_skip_dag.py
[2025-12-27T14:25:16.104+0000] {processor.py:840} INFO - DAG(s) 'example_skip_dag' retrieved from /home/airflow/.local/lib/python3.12/site-packages/airflow/example_dags/example_skip_dag.py
[2025-12-27T14:25:16.421+0000] {logging_mixin.py:188} INFO - [2025-12-27T14:25:16.420+0000] {dag.py:3096} INFO - Sync 1 DAGs
[2025-12-27T14:25:16.906+0000] {logging_mixin.py:188} INFO - [2025-12-27T14:25:16.904+0000] {dag.py:3954} INFO - Setting next_dagrun for example_skip_dag to 2025-12-26 00:00:00+00:00, run_after=2025-12-27 00:00:00+00:00
[2025-12-27T14:25:17.148+0000] {processor.py:183} INFO - Processing /home/airflow/.local/lib/python3.12/site-packages/airflow/example_dags/example_skip_dag.py took 1.156 seconds
[2025-12-27T14:26:28.753+0000] {processor.py:161} INFO - Started process (PID=1082) to work on /home/airflow/.local/lib/python3.12/site-packages/airflow/example_dags/example_skip_dag.py
[2025-12-27T14:26:28.758+0000] {processor.py:830} INFO - Processing file /home/airflow/.local/lib/python3.12/site-packages/airflow/example_dags/example_skip_dag.py for tasks to queue
[2025-12-27T14:26:28.761+0000] {logging_mixin.py:188} INFO - [2025-12-27T14:26:28.760+0000] {dagbag.py:540} INFO - Filling up the DagBag from /home/airflow/.local/lib/python3.12/site-packages/airflow/example_dags/example_skip_dag.py
[2025-12-27T14:26:28.793+0000] {processor.py:840} INFO - DAG(s) 'example_skip_dag' retrieved from /home/airflow/.local/lib/python3.12/site-packages/airflow/example_dags/example_skip_dag.py
[2025-12-27T14:26:28.879+0000] {logging_mixin.py:188} INFO - [2025-12-27T14:26:28.878+0000] {dag.py:3096} INFO - Sync 1 DAGs
[2025-12-27T14:26:28.954+0000] {logging_mixin.py:188} INFO - [2025-12-27T14:26:28.954+0000] {dag.py:3954} INFO - Setting next_dagrun for example_skip_dag to 2025-12-26 00:00:00+00:00, run_after=2025-12-27 00:00:00+00:00
[2025-12-27T14:26:29.030+0000] {processor.py:183} INFO - Processing /home/airflow/.local/lib/python3.12/site-packages/airflow/example_dags/example_skip_dag.py took 0.300 seconds
[2025-12-27T14:27:45.241+0000] {processor.py:161} INFO - Started process (PID=1157) to work on /home/airflow/.local/lib/python3.12/site-packages/airflow/example_dags/example_skip_dag.py
[2025-12-27T14:27:45.277+0000] {processor.py:830} INFO - Processing file /home/airflow/.local/lib/python3.12/site-packages/airflow/example_dags/example_skip_dag.py for tasks to queue
[2025-12-27T14:27:45.285+0000] {logging_mixin.py:188} INFO - [2025-12-27T14:27:45.283+0000] {dagbag.py:540} INFO - Filling up the DagBag from /home/airflow/.local/lib/python3.12/site-packages/airflow/example_dags/example_skip_dag.py
[2025-12-27T14:27:45.355+0000] {processor.py:840} INFO - DAG(s) 'example_skip_dag' retrieved from /home/airflow/.local/lib/python3.12/site-packages/airflow/example_dags/example_skip_dag.py
[2025-12-27T14:27:45.567+0000] {logging_mixin.py:188} INFO - [2025-12-27T14:27:45.566+0000] {dag.py:3096} INFO - Sync 1 DAGs
[2025-12-27T14:27:45.854+0000] {logging_mixin.py:188} INFO - [2025-12-27T14:27:45.851+0000] {dag.py:3954} INFO - Setting next_dagrun for example_skip_dag to 2025-12-26 00:00:00+00:00, run_after=2025-12-27 00:00:00+00:00
[2025-12-27T14:27:45.987+0000] {processor.py:183} INFO - Processing /home/airflow/.local/lib/python3.12/site-packages/airflow/example_dags/example_skip_dag.py took 0.800 seconds
[2025-12-27T14:28:16.622+0000] {processor.py:161} INFO - Started process (PID=1215) to work on /home/airflow/.local/lib/python3.12/site-packages/airflow/example_dags/example_skip_dag.py
[2025-12-27T14:28:16.626+0000] {processor.py:830} INFO - Processing file /home/airflow/.local/lib/python3.12/site-packages/airflow/example_dags/example_skip_dag.py for tasks to queue
[2025-12-27T14:28:16.629+0000] {logging_mixin.py:188} INFO - [2025-12-27T14:28:16.628+0000] {dagbag.py:540} INFO - Filling up the DagBag from /home/airflow/.local/lib/python3.12/site-packages/airflow/example_dags/example_skip_dag.py
[2025-12-27T14:28:16.653+0000] {processor.py:840} INFO - DAG(s) 'example_skip_dag' retrieved from /home/airflow/.local/lib/python3.12/site-packages/airflow/example_dags/example_skip_dag.py
[2025-12-27T14:28:16.726+0000] {logging_mixin.py:188} INFO - [2025-12-27T14:28:16.725+0000] {dag.py:3096} INFO - Sync 1 DAGs
[2025-12-27T14:28:16.789+0000] {logging_mixin.py:188} INFO - [2025-12-27T14:28:16.789+0000] {dag.py:3954} INFO - Setting next_dagrun for example_skip_dag to 2025-12-26 00:00:00+00:00, run_after=2025-12-27 00:00:00+00:00
[2025-12-27T14:28:16.848+0000] {processor.py:183} INFO - Processing /home/airflow/.local/lib/python3.12/site-packages/airflow/example_dags/example_skip_dag.py took 0.243 seconds
[2025-12-27T14:28:47.467+0000] {processor.py:161} INFO - Started process (PID=1272) to work on /home/airflow/.local/lib/python3.12/site-packages/airflow/example_dags/example_skip_dag.py
[2025-12-27T14:28:47.472+0000] {processor.py:830} INFO - Processing file /home/airflow/.local/lib/python3.12/site-packages/airflow/example_dags/example_skip_dag.py for tasks to queue
[2025-12-27T14:28:47.488+0000] {logging_mixin.py:188} INFO - [2025-12-27T14:28:47.481+0000] {dagbag.py:540} INFO - Filling up the DagBag from /home/airflow/.local/lib/python3.12/site-packages/airflow/example_dags/example_skip_dag.py
[2025-12-27T14:28:47.534+0000] {processor.py:840} INFO - DAG(s) 'example_skip_dag' retrieved from /home/airflow/.local/lib/python3.12/site-packages/airflow/example_dags/example_skip_dag.py
[2025-12-27T14:28:47.706+0000] {logging_mixin.py:188} INFO - [2025-12-27T14:28:47.705+0000] {dag.py:3096} INFO - Sync 1 DAGs
[2025-12-27T14:28:47.835+0000] {logging_mixin.py:188} INFO - [2025-12-27T14:28:47.835+0000] {dag.py:3954} INFO - Setting next_dagrun for example_skip_dag to 2025-12-26 00:00:00+00:00, run_after=2025-12-27 00:00:00+00:00
[2025-12-27T14:28:47.929+0000] {processor.py:183} INFO - Processing /home/airflow/.local/lib/python3.12/site-packages/airflow/example_dags/example_skip_dag.py took 0.502 seconds
[2025-12-27T14:29:20.184+0000] {processor.py:161} INFO - Started process (PID=1336) to work on /home/airflow/.local/lib/python3.12/site-packages/airflow/example_dags/example_skip_dag.py
[2025-12-27T14:29:20.187+0000] {processor.py:830} INFO - Processing file /home/airflow/.local/lib/python3.12/site-packages/airflow/example_dags/example_skip_dag.py for tasks to queue
[2025-12-27T14:29:20.190+0000] {logging_mixin.py:188} INFO - [2025-12-27T14:29:20.189+0000] {dagbag.py:540} INFO - Filling up the DagBag from /home/airflow/.local/lib/python3.12/site-packages/airflow/example_dags/example_skip_dag.py
[2025-12-27T14:29:20.218+0000] {processor.py:840} INFO - DAG(s) 'example_skip_dag' retrieved from /home/airflow/.local/lib/python3.12/site-packages/airflow/example_dags/example_skip_dag.py
[2025-12-27T14:29:20.297+0000] {logging_mixin.py:188} INFO - [2025-12-27T14:29:20.295+0000] {dag.py:3096} INFO - Sync 1 DAGs
[2025-12-27T14:29:20.367+0000] {logging_mixin.py:188} INFO - [2025-12-27T14:29:20.366+0000] {dag.py:3954} INFO - Setting next_dagrun for example_skip_dag to 2025-12-26 00:00:00+00:00, run_after=2025-12-27 00:00:00+00:00
[2025-12-27T14:29:20.440+0000] {processor.py:183} INFO - Processing /home/airflow/.local/lib/python3.12/site-packages/airflow/example_dags/example_skip_dag.py took 0.275 seconds
[2025-12-27T14:29:50.565+0000] {processor.py:161} INFO - Started process (PID=1393) to work on /home/airflow/.local/lib/python3.12/site-packages/airflow/example_dags/example_skip_dag.py
[2025-12-27T14:29:50.569+0000] {processor.py:830} INFO - Processing file /home/airflow/.local/lib/python3.12/site-packages/airflow/example_dags/example_skip_dag.py for tasks to queue
[2025-12-27T14:29:50.572+0000] {logging_mixin.py:188} INFO - [2025-12-27T14:29:50.571+0000] {dagbag.py:540} INFO - Filling up the DagBag from /home/airflow/.local/lib/python3.12/site-packages/airflow/example_dags/example_skip_dag.py
[2025-12-27T14:29:50.594+0000] {processor.py:840} INFO - DAG(s) 'example_skip_dag' retrieved from /home/airflow/.local/lib/python3.12/site-packages/airflow/example_dags/example_skip_dag.py
[2025-12-27T14:29:50.661+0000] {logging_mixin.py:188} INFO - [2025-12-27T14:29:50.660+0000] {dag.py:3096} INFO - Sync 1 DAGs
[2025-12-27T14:29:50.725+0000] {logging_mixin.py:188} INFO - [2025-12-27T14:29:50.725+0000] {dag.py:3954} INFO - Setting next_dagrun for example_skip_dag to 2025-12-26 00:00:00+00:00, run_after=2025-12-27 00:00:00+00:00
[2025-12-27T14:29:50.781+0000] {processor.py:183} INFO - Processing /home/airflow/.local/lib/python3.12/site-packages/airflow/example_dags/example_skip_dag.py took 0.234 seconds
[2025-12-27T14:30:21.752+0000] {processor.py:161} INFO - Started process (PID=1452) to work on /home/airflow/.local/lib/python3.12/site-packages/airflow/example_dags/example_skip_dag.py
[2025-12-27T14:30:21.760+0000] {processor.py:830} INFO - Processing file /home/airflow/.local/lib/python3.12/site-packages/airflow/example_dags/example_skip_dag.py for tasks to queue
[2025-12-27T14:30:21.764+0000] {logging_mixin.py:188} INFO - [2025-12-27T14:30:21.762+0000] {dagbag.py:540} INFO - Filling up the DagBag from /home/airflow/.local/lib/python3.12/site-packages/airflow/example_dags/example_skip_dag.py
[2025-12-27T14:30:21.802+0000] {processor.py:840} INFO - DAG(s) 'example_skip_dag' retrieved from /home/airflow/.local/lib/python3.12/site-packages/airflow/example_dags/example_skip_dag.py
[2025-12-27T14:30:21.932+0000] {logging_mixin.py:188} INFO - [2025-12-27T14:30:21.931+0000] {dag.py:3096} INFO - Sync 1 DAGs
[2025-12-27T14:30:22.044+0000] {logging_mixin.py:188} INFO - [2025-12-27T14:30:22.043+0000] {dag.py:3954} INFO - Setting next_dagrun for example_skip_dag to 2025-12-26 00:00:00+00:00, run_after=2025-12-27 00:00:00+00:00
[2025-12-27T14:30:22.132+0000] {processor.py:183} INFO - Processing /home/airflow/.local/lib/python3.12/site-packages/airflow/example_dags/example_skip_dag.py took 0.410 seconds
[2025-12-27T14:30:52.361+0000] {processor.py:161} INFO - Started process (PID=1510) to work on /home/airflow/.local/lib/python3.12/site-packages/airflow/example_dags/example_skip_dag.py
[2025-12-27T14:30:52.363+0000] {processor.py:830} INFO - Processing file /home/airflow/.local/lib/python3.12/site-packages/airflow/example_dags/example_skip_dag.py for tasks to queue
[2025-12-27T14:30:52.366+0000] {logging_mixin.py:188} INFO - [2025-12-27T14:30:52.365+0000] {dagbag.py:540} INFO - Filling up the DagBag from /home/airflow/.local/lib/python3.12/site-packages/airflow/example_dags/example_skip_dag.py
[2025-12-27T14:30:52.385+0000] {processor.py:840} INFO - DAG(s) 'example_skip_dag' retrieved from /home/airflow/.local/lib/python3.12/site-packages/airflow/example_dags/example_skip_dag.py
[2025-12-27T14:30:52.440+0000] {logging_mixin.py:188} INFO - [2025-12-27T14:30:52.440+0000] {dag.py:3096} INFO - Sync 1 DAGs
[2025-12-27T14:30:52.496+0000] {logging_mixin.py:188} INFO - [2025-12-27T14:30:52.496+0000] {dag.py:3954} INFO - Setting next_dagrun for example_skip_dag to 2025-12-26 00:00:00+00:00, run_after=2025-12-27 00:00:00+00:00
[2025-12-27T14:30:52.546+0000] {processor.py:183} INFO - Processing /home/airflow/.local/lib/python3.12/site-packages/airflow/example_dags/example_skip_dag.py took 0.202 seconds
[2025-12-27T14:31:23.562+0000] {processor.py:161} INFO - Started process (PID=1568) to work on /home/airflow/.local/lib/python3.12/site-packages/airflow/example_dags/example_skip_dag.py
[2025-12-27T14:31:23.567+0000] {processor.py:830} INFO - Processing file /home/airflow/.local/lib/python3.12/site-packages/airflow/example_dags/example_skip_dag.py for tasks to queue
[2025-12-27T14:31:23.569+0000] {logging_mixin.py:188} INFO - [2025-12-27T14:31:23.569+0000] {dagbag.py:540} INFO - Filling up the DagBag from /home/airflow/.local/lib/python3.12/site-packages/airflow/example_dags/example_skip_dag.py
[2025-12-27T14:31:23.595+0000] {processor.py:840} INFO - DAG(s) 'example_skip_dag' retrieved from /home/airflow/.local/lib/python3.12/site-packages/airflow/example_dags/example_skip_dag.py
[2025-12-27T14:31:23.679+0000] {logging_mixin.py:188} INFO - [2025-12-27T14:31:23.678+0000] {dag.py:3096} INFO - Sync 1 DAGs
[2025-12-27T14:31:23.768+0000] {logging_mixin.py:188} INFO - [2025-12-27T14:31:23.768+0000] {dag.py:3954} INFO - Setting next_dagrun for example_skip_dag to 2025-12-26 00:00:00+00:00, run_after=2025-12-27 00:00:00+00:00
[2025-12-27T14:31:23.834+0000] {processor.py:183} INFO - Processing /home/airflow/.local/lib/python3.12/site-packages/airflow/example_dags/example_skip_dag.py took 0.293 seconds
[2025-12-27T14:31:53.990+0000] {processor.py:161} INFO - Started process (PID=1626) to work on /home/airflow/.local/lib/python3.12/site-packages/airflow/example_dags/example_skip_dag.py
[2025-12-27T14:31:53.993+0000] {processor.py:830} INFO - Processing file /home/airflow/.local/lib/python3.12/site-packages/airflow/example_dags/example_skip_dag.py for tasks to queue
[2025-12-27T14:31:53.995+0000] {logging_mixin.py:188} INFO - [2025-12-27T14:31:53.995+0000] {dagbag.py:540} INFO - Filling up the DagBag from /home/airflow/.local/lib/python3.12/site-packages/airflow/example_dags/example_skip_dag.py
[2025-12-27T14:31:54.015+0000] {processor.py:840} INFO - DAG(s) 'example_skip_dag' retrieved from /home/airflow/.local/lib/python3.12/site-packages/airflow/example_dags/example_skip_dag.py
[2025-12-27T14:31:54.072+0000] {logging_mixin.py:188} INFO - [2025-12-27T14:31:54.072+0000] {dag.py:3096} INFO - Sync 1 DAGs
[2025-12-27T14:31:54.147+0000] {logging_mixin.py:188} INFO - [2025-12-27T14:31:54.146+0000] {dag.py:3954} INFO - Setting next_dagrun for example_skip_dag to 2025-12-26 00:00:00+00:00, run_after=2025-12-27 00:00:00+00:00
[2025-12-27T14:31:54.206+0000] {processor.py:183} INFO - Processing /home/airflow/.local/lib/python3.12/site-packages/airflow/example_dags/example_skip_dag.py took 0.232 seconds
[2025-12-27T14:32:24.424+0000] {processor.py:161} INFO - Started process (PID=1684) to work on /home/airflow/.local/lib/python3.12/site-packages/airflow/example_dags/example_skip_dag.py
[2025-12-27T14:32:24.428+0000] {processor.py:830} INFO - Processing file /home/airflow/.local/lib/python3.12/site-packages/airflow/example_dags/example_skip_dag.py for tasks to queue
[2025-12-27T14:32:24.432+0000] {logging_mixin.py:188} INFO - [2025-12-27T14:32:24.431+0000] {dagbag.py:540} INFO - Filling up the DagBag from /home/airflow/.local/lib/python3.12/site-packages/airflow/example_dags/example_skip_dag.py
[2025-12-27T14:32:24.472+0000] {processor.py:840} INFO - DAG(s) 'example_skip_dag' retrieved from /home/airflow/.local/lib/python3.12/site-packages/airflow/example_dags/example_skip_dag.py
[2025-12-27T14:32:24.560+0000] {logging_mixin.py:188} INFO - [2025-12-27T14:32:24.554+0000] {dag.py:3096} INFO - Sync 1 DAGs
[2025-12-27T14:32:24.751+0000] {logging_mixin.py:188} INFO - [2025-12-27T14:32:24.750+0000] {dag.py:3954} INFO - Setting next_dagrun for example_skip_dag to 2025-12-26 00:00:00+00:00, run_after=2025-12-27 00:00:00+00:00
[2025-12-27T14:32:24.821+0000] {processor.py:183} INFO - Processing /home/airflow/.local/lib/python3.12/site-packages/airflow/example_dags/example_skip_dag.py took 0.416 seconds
[2025-12-27T14:32:55.309+0000] {processor.py:161} INFO - Started process (PID=1743) to work on /home/airflow/.local/lib/python3.12/site-packages/airflow/example_dags/example_skip_dag.py
[2025-12-27T14:32:55.312+0000] {processor.py:830} INFO - Processing file /home/airflow/.local/lib/python3.12/site-packages/airflow/example_dags/example_skip_dag.py for tasks to queue
[2025-12-27T14:32:55.314+0000] {logging_mixin.py:188} INFO - [2025-12-27T14:32:55.313+0000] {dagbag.py:540} INFO - Filling up the DagBag from /home/airflow/.local/lib/python3.12/site-packages/airflow/example_dags/example_skip_dag.py
[2025-12-27T14:32:55.333+0000] {processor.py:840} INFO - DAG(s) 'example_skip_dag' retrieved from /home/airflow/.local/lib/python3.12/site-packages/airflow/example_dags/example_skip_dag.py
[2025-12-27T14:32:55.390+0000] {logging_mixin.py:188} INFO - [2025-12-27T14:32:55.390+0000] {dag.py:3096} INFO - Sync 1 DAGs
[2025-12-27T14:32:55.445+0000] {logging_mixin.py:188} INFO - [2025-12-27T14:32:55.444+0000] {dag.py:3954} INFO - Setting next_dagrun for example_skip_dag to 2025-12-26 00:00:00+00:00, run_after=2025-12-27 00:00:00+00:00
[2025-12-27T14:32:55.496+0000] {processor.py:183} INFO - Processing /home/airflow/.local/lib/python3.12/site-packages/airflow/example_dags/example_skip_dag.py took 0.204 seconds
[2025-12-27T14:33:26.198+0000] {processor.py:161} INFO - Started process (PID=1801) to work on /home/airflow/.local/lib/python3.12/site-packages/airflow/example_dags/example_skip_dag.py
[2025-12-27T14:33:26.202+0000] {processor.py:830} INFO - Processing file /home/airflow/.local/lib/python3.12/site-packages/airflow/example_dags/example_skip_dag.py for tasks to queue
[2025-12-27T14:33:26.205+0000] {logging_mixin.py:188} INFO - [2025-12-27T14:33:26.204+0000] {dagbag.py:540} INFO - Filling up the DagBag from /home/airflow/.local/lib/python3.12/site-packages/airflow/example_dags/example_skip_dag.py
[2025-12-27T14:33:26.225+0000] {processor.py:840} INFO - DAG(s) 'example_skip_dag' retrieved from /home/airflow/.local/lib/python3.12/site-packages/airflow/example_dags/example_skip_dag.py
[2025-12-27T14:33:26.280+0000] {logging_mixin.py:188} INFO - [2025-12-27T14:33:26.280+0000] {dag.py:3096} INFO - Sync 1 DAGs
[2025-12-27T14:33:26.343+0000] {logging_mixin.py:188} INFO - [2025-12-27T14:33:26.342+0000] {dag.py:3954} INFO - Setting next_dagrun for example_skip_dag to 2025-12-26 00:00:00+00:00, run_after=2025-12-27 00:00:00+00:00
[2025-12-27T14:33:26.398+0000] {processor.py:183} INFO - Processing /home/airflow/.local/lib/python3.12/site-packages/airflow/example_dags/example_skip_dag.py took 0.221 seconds
[2025-12-27T14:33:56.572+0000] {processor.py:161} INFO - Started process (PID=1859) to work on /home/airflow/.local/lib/python3.12/site-packages/airflow/example_dags/example_skip_dag.py
[2025-12-27T14:33:56.575+0000] {processor.py:830} INFO - Processing file /home/airflow/.local/lib/python3.12/site-packages/airflow/example_dags/example_skip_dag.py for tasks to queue
[2025-12-27T14:33:56.578+0000] {logging_mixin.py:188} INFO - [2025-12-27T14:33:56.577+0000] {dagbag.py:540} INFO - Filling up the DagBag from /home/airflow/.local/lib/python3.12/site-packages/airflow/example_dags/example_skip_dag.py
[2025-12-27T14:33:56.599+0000] {processor.py:840} INFO - DAG(s) 'example_skip_dag' retrieved from /home/airflow/.local/lib/python3.12/site-packages/airflow/example_dags/example_skip_dag.py
[2025-12-27T14:33:56.664+0000] {logging_mixin.py:188} INFO - [2025-12-27T14:33:56.663+0000] {dag.py:3096} INFO - Sync 1 DAGs
[2025-12-27T14:33:56.722+0000] {logging_mixin.py:188} INFO - [2025-12-27T14:33:56.721+0000] {dag.py:3954} INFO - Setting next_dagrun for example_skip_dag to 2025-12-26 00:00:00+00:00, run_after=2025-12-27 00:00:00+00:00
[2025-12-27T14:33:56.777+0000] {processor.py:183} INFO - Processing /home/airflow/.local/lib/python3.12/site-packages/airflow/example_dags/example_skip_dag.py took 0.221 seconds
[2025-12-27T14:34:29.743+0000] {processor.py:161} INFO - Started process (PID=1917) to work on /home/airflow/.local/lib/python3.12/site-packages/airflow/example_dags/example_skip_dag.py
[2025-12-27T14:34:29.745+0000] {processor.py:830} INFO - Processing file /home/airflow/.local/lib/python3.12/site-packages/airflow/example_dags/example_skip_dag.py for tasks to queue
[2025-12-27T14:34:29.749+0000] {logging_mixin.py:188} INFO - [2025-12-27T14:34:29.748+0000] {dagbag.py:540} INFO - Filling up the DagBag from /home/airflow/.local/lib/python3.12/site-packages/airflow/example_dags/example_skip_dag.py
[2025-12-27T14:34:29.769+0000] {processor.py:840} INFO - DAG(s) 'example_skip_dag' retrieved from /home/airflow/.local/lib/python3.12/site-packages/airflow/example_dags/example_skip_dag.py
[2025-12-27T14:34:29.881+0000] {logging_mixin.py:188} INFO - [2025-12-27T14:34:29.880+0000] {dag.py:3096} INFO - Sync 1 DAGs
[2025-12-27T14:34:29.980+0000] {logging_mixin.py:188} INFO - [2025-12-27T14:34:29.980+0000] {dag.py:3954} INFO - Setting next_dagrun for example_skip_dag to 2025-12-26 00:00:00+00:00, run_after=2025-12-27 00:00:00+00:00
[2025-12-27T14:34:30.059+0000] {processor.py:183} INFO - Processing /home/airflow/.local/lib/python3.12/site-packages/airflow/example_dags/example_skip_dag.py took 0.334 seconds
[2025-12-27T14:35:00.162+0000] {processor.py:161} INFO - Started process (PID=1976) to work on /home/airflow/.local/lib/python3.12/site-packages/airflow/example_dags/example_skip_dag.py
[2025-12-27T14:35:00.166+0000] {processor.py:830} INFO - Processing file /home/airflow/.local/lib/python3.12/site-packages/airflow/example_dags/example_skip_dag.py for tasks to queue
[2025-12-27T14:35:00.173+0000] {logging_mixin.py:188} INFO - [2025-12-27T14:35:00.171+0000] {dagbag.py:540} INFO - Filling up the DagBag from /home/airflow/.local/lib/python3.12/site-packages/airflow/example_dags/example_skip_dag.py
[2025-12-27T14:35:00.197+0000] {processor.py:840} INFO - DAG(s) 'example_skip_dag' retrieved from /home/airflow/.local/lib/python3.12/site-packages/airflow/example_dags/example_skip_dag.py
[2025-12-27T14:35:00.274+0000] {logging_mixin.py:188} INFO - [2025-12-27T14:35:00.273+0000] {dag.py:3096} INFO - Sync 1 DAGs
[2025-12-27T14:35:00.362+0000] {logging_mixin.py:188} INFO - [2025-12-27T14:35:00.362+0000] {dag.py:3954} INFO - Setting next_dagrun for example_skip_dag to 2025-12-26 00:00:00+00:00, run_after=2025-12-27 00:00:00+00:00
[2025-12-27T14:35:00.432+0000] {processor.py:183} INFO - Processing /home/airflow/.local/lib/python3.12/site-packages/airflow/example_dags/example_skip_dag.py took 0.293 seconds
[2025-12-27T14:35:31.502+0000] {processor.py:161} INFO - Started process (PID=2033) to work on /home/airflow/.local/lib/python3.12/site-packages/airflow/example_dags/example_skip_dag.py
[2025-12-27T14:35:31.505+0000] {processor.py:830} INFO - Processing file /home/airflow/.local/lib/python3.12/site-packages/airflow/example_dags/example_skip_dag.py for tasks to queue
[2025-12-27T14:35:31.509+0000] {logging_mixin.py:188} INFO - [2025-12-27T14:35:31.508+0000] {dagbag.py:540} INFO - Filling up the DagBag from /home/airflow/.local/lib/python3.12/site-packages/airflow/example_dags/example_skip_dag.py
[2025-12-27T14:35:31.553+0000] {processor.py:840} INFO - DAG(s) 'example_skip_dag' retrieved from /home/airflow/.local/lib/python3.12/site-packages/airflow/example_dags/example_skip_dag.py
[2025-12-27T14:35:31.639+0000] {logging_mixin.py:188} INFO - [2025-12-27T14:35:31.635+0000] {dag.py:3096} INFO - Sync 1 DAGs
[2025-12-27T14:35:31.740+0000] {logging_mixin.py:188} INFO - [2025-12-27T14:35:31.739+0000] {dag.py:3954} INFO - Setting next_dagrun for example_skip_dag to 2025-12-26 00:00:00+00:00, run_after=2025-12-27 00:00:00+00:00
[2025-12-27T14:35:31.807+0000] {processor.py:183} INFO - Processing /home/airflow/.local/lib/python3.12/site-packages/airflow/example_dags/example_skip_dag.py took 0.324 seconds
[2025-12-27T14:36:07.507+0000] {processor.py:161} INFO - Started process (PID=2091) to work on /home/airflow/.local/lib/python3.12/site-packages/airflow/example_dags/example_skip_dag.py
[2025-12-27T14:36:07.513+0000] {processor.py:830} INFO - Processing file /home/airflow/.local/lib/python3.12/site-packages/airflow/example_dags/example_skip_dag.py for tasks to queue
[2025-12-27T14:36:07.525+0000] {logging_mixin.py:188} INFO - [2025-12-27T14:36:07.518+0000] {dagbag.py:540} INFO - Filling up the DagBag from /home/airflow/.local/lib/python3.12/site-packages/airflow/example_dags/example_skip_dag.py
[2025-12-27T14:36:07.589+0000] {processor.py:840} INFO - DAG(s) 'example_skip_dag' retrieved from /home/airflow/.local/lib/python3.12/site-packages/airflow/example_dags/example_skip_dag.py
[2025-12-27T14:36:07.789+0000] {logging_mixin.py:188} INFO - [2025-12-27T14:36:07.789+0000] {dag.py:3096} INFO - Sync 1 DAGs
[2025-12-27T14:36:07.935+0000] {logging_mixin.py:188} INFO - [2025-12-27T14:36:07.934+0000] {dag.py:3954} INFO - Setting next_dagrun for example_skip_dag to 2025-12-26 00:00:00+00:00, run_after=2025-12-27 00:00:00+00:00
[2025-12-27T14:36:08.124+0000] {processor.py:183} INFO - Processing /home/airflow/.local/lib/python3.12/site-packages/airflow/example_dags/example_skip_dag.py took 0.671 seconds
[2025-12-27T14:36:40.445+0000] {processor.py:161} INFO - Started process (PID=2149) to work on /home/airflow/.local/lib/python3.12/site-packages/airflow/example_dags/example_skip_dag.py
[2025-12-27T14:36:40.448+0000] {processor.py:830} INFO - Processing file /home/airflow/.local/lib/python3.12/site-packages/airflow/example_dags/example_skip_dag.py for tasks to queue
[2025-12-27T14:36:40.451+0000] {logging_mixin.py:188} INFO - [2025-12-27T14:36:40.450+0000] {dagbag.py:540} INFO - Filling up the DagBag from /home/airflow/.local/lib/python3.12/site-packages/airflow/example_dags/example_skip_dag.py
[2025-12-27T14:36:40.484+0000] {processor.py:840} INFO - DAG(s) 'example_skip_dag' retrieved from /home/airflow/.local/lib/python3.12/site-packages/airflow/example_dags/example_skip_dag.py
[2025-12-27T14:36:40.586+0000] {logging_mixin.py:188} INFO - [2025-12-27T14:36:40.585+0000] {dag.py:3096} INFO - Sync 1 DAGs
[2025-12-27T14:36:40.723+0000] {logging_mixin.py:188} INFO - [2025-12-27T14:36:40.722+0000] {dag.py:3954} INFO - Setting next_dagrun for example_skip_dag to 2025-12-26 00:00:00+00:00, run_after=2025-12-27 00:00:00+00:00
[2025-12-27T14:36:40.885+0000] {processor.py:183} INFO - Processing /home/airflow/.local/lib/python3.12/site-packages/airflow/example_dags/example_skip_dag.py took 0.466 seconds
[2025-12-27T14:37:11.567+0000] {processor.py:161} INFO - Started process (PID=2208) to work on /home/airflow/.local/lib/python3.12/site-packages/airflow/example_dags/example_skip_dag.py
[2025-12-27T14:37:11.570+0000] {processor.py:830} INFO - Processing file /home/airflow/.local/lib/python3.12/site-packages/airflow/example_dags/example_skip_dag.py for tasks to queue
[2025-12-27T14:37:11.573+0000] {logging_mixin.py:188} INFO - [2025-12-27T14:37:11.572+0000] {dagbag.py:540} INFO - Filling up the DagBag from /home/airflow/.local/lib/python3.12/site-packages/airflow/example_dags/example_skip_dag.py
[2025-12-27T14:37:11.601+0000] {processor.py:840} INFO - DAG(s) 'example_skip_dag' retrieved from /home/airflow/.local/lib/python3.12/site-packages/airflow/example_dags/example_skip_dag.py
[2025-12-27T14:37:11.674+0000] {logging_mixin.py:188} INFO - [2025-12-27T14:37:11.674+0000] {dag.py:3096} INFO - Sync 1 DAGs
[2025-12-27T14:37:11.768+0000] {logging_mixin.py:188} INFO - [2025-12-27T14:37:11.767+0000] {dag.py:3954} INFO - Setting next_dagrun for example_skip_dag to 2025-12-26 00:00:00+00:00, run_after=2025-12-27 00:00:00+00:00
[2025-12-27T14:37:11.832+0000] {processor.py:183} INFO - Processing /home/airflow/.local/lib/python3.12/site-packages/airflow/example_dags/example_skip_dag.py took 0.289 seconds
[2025-12-27T14:37:43.369+0000] {processor.py:161} INFO - Started process (PID=2268) to work on /home/airflow/.local/lib/python3.12/site-packages/airflow/example_dags/example_skip_dag.py
[2025-12-27T14:37:43.378+0000] {processor.py:830} INFO - Processing file /home/airflow/.local/lib/python3.12/site-packages/airflow/example_dags/example_skip_dag.py for tasks to queue
[2025-12-27T14:37:43.384+0000] {logging_mixin.py:188} INFO - [2025-12-27T14:37:43.382+0000] {dagbag.py:540} INFO - Filling up the DagBag from /home/airflow/.local/lib/python3.12/site-packages/airflow/example_dags/example_skip_dag.py
[2025-12-27T14:37:43.428+0000] {processor.py:840} INFO - DAG(s) 'example_skip_dag' retrieved from /home/airflow/.local/lib/python3.12/site-packages/airflow/example_dags/example_skip_dag.py
[2025-12-27T14:37:43.540+0000] {logging_mixin.py:188} INFO - [2025-12-27T14:37:43.539+0000] {dag.py:3096} INFO - Sync 1 DAGs
[2025-12-27T14:37:43.619+0000] {logging_mixin.py:188} INFO - [2025-12-27T14:37:43.618+0000] {dag.py:3954} INFO - Setting next_dagrun for example_skip_dag to 2025-12-26 00:00:00+00:00, run_after=2025-12-27 00:00:00+00:00
[2025-12-27T14:37:43.688+0000] {processor.py:183} INFO - Processing /home/airflow/.local/lib/python3.12/site-packages/airflow/example_dags/example_skip_dag.py took 0.361 seconds
[2025-12-27T14:38:15.130+0000] {processor.py:161} INFO - Started process (PID=2326) to work on /home/airflow/.local/lib/python3.12/site-packages/airflow/example_dags/example_skip_dag.py
[2025-12-27T14:38:15.132+0000] {processor.py:830} INFO - Processing file /home/airflow/.local/lib/python3.12/site-packages/airflow/example_dags/example_skip_dag.py for tasks to queue
[2025-12-27T14:38:15.135+0000] {logging_mixin.py:188} INFO - [2025-12-27T14:38:15.134+0000] {dagbag.py:540} INFO - Filling up the DagBag from /home/airflow/.local/lib/python3.12/site-packages/airflow/example_dags/example_skip_dag.py
[2025-12-27T14:38:15.162+0000] {processor.py:840} INFO - DAG(s) 'example_skip_dag' retrieved from /home/airflow/.local/lib/python3.12/site-packages/airflow/example_dags/example_skip_dag.py
[2025-12-27T14:38:15.226+0000] {logging_mixin.py:188} INFO - [2025-12-27T14:38:15.225+0000] {dag.py:3096} INFO - Sync 1 DAGs
[2025-12-27T14:38:15.291+0000] {logging_mixin.py:188} INFO - [2025-12-27T14:38:15.290+0000] {dag.py:3954} INFO - Setting next_dagrun for example_skip_dag to 2025-12-26 00:00:00+00:00, run_after=2025-12-27 00:00:00+00:00
[2025-12-27T14:38:15.365+0000] {processor.py:183} INFO - Processing /home/airflow/.local/lib/python3.12/site-packages/airflow/example_dags/example_skip_dag.py took 0.254 seconds
[2025-12-27T14:38:47.589+0000] {processor.py:161} INFO - Started process (PID=2384) to work on /home/airflow/.local/lib/python3.12/site-packages/airflow/example_dags/example_skip_dag.py
[2025-12-27T14:38:47.591+0000] {processor.py:830} INFO - Processing file /home/airflow/.local/lib/python3.12/site-packages/airflow/example_dags/example_skip_dag.py for tasks to queue
[2025-12-27T14:38:47.594+0000] {logging_mixin.py:188} INFO - [2025-12-27T14:38:47.593+0000] {dagbag.py:540} INFO - Filling up the DagBag from /home/airflow/.local/lib/python3.12/site-packages/airflow/example_dags/example_skip_dag.py
[2025-12-27T14:38:47.613+0000] {processor.py:840} INFO - DAG(s) 'example_skip_dag' retrieved from /home/airflow/.local/lib/python3.12/site-packages/airflow/example_dags/example_skip_dag.py
[2025-12-27T14:38:47.673+0000] {logging_mixin.py:188} INFO - [2025-12-27T14:38:47.672+0000] {dag.py:3096} INFO - Sync 1 DAGs
[2025-12-27T14:38:47.751+0000] {logging_mixin.py:188} INFO - [2025-12-27T14:38:47.749+0000] {dag.py:3954} INFO - Setting next_dagrun for example_skip_dag to 2025-12-26 00:00:00+00:00, run_after=2025-12-27 00:00:00+00:00
[2025-12-27T14:38:47.837+0000] {processor.py:183} INFO - Processing /home/airflow/.local/lib/python3.12/site-packages/airflow/example_dags/example_skip_dag.py took 0.265 seconds
[2025-12-27T14:39:21.968+0000] {processor.py:161} INFO - Started process (PID=2443) to work on /home/airflow/.local/lib/python3.12/site-packages/airflow/example_dags/example_skip_dag.py
[2025-12-27T14:39:22.032+0000] {processor.py:830} INFO - Processing file /home/airflow/.local/lib/python3.12/site-packages/airflow/example_dags/example_skip_dag.py for tasks to queue
[2025-12-27T14:39:22.037+0000] {logging_mixin.py:188} INFO - [2025-12-27T14:39:22.035+0000] {dagbag.py:540} INFO - Filling up the DagBag from /home/airflow/.local/lib/python3.12/site-packages/airflow/example_dags/example_skip_dag.py
[2025-12-27T14:39:22.074+0000] {processor.py:840} INFO - DAG(s) 'example_skip_dag' retrieved from /home/airflow/.local/lib/python3.12/site-packages/airflow/example_dags/example_skip_dag.py
[2025-12-27T14:39:22.213+0000] {logging_mixin.py:188} INFO - [2025-12-27T14:39:22.212+0000] {dag.py:3096} INFO - Sync 1 DAGs
[2025-12-27T14:39:22.333+0000] {logging_mixin.py:188} INFO - [2025-12-27T14:39:22.333+0000] {dag.py:3954} INFO - Setting next_dagrun for example_skip_dag to 2025-12-26 00:00:00+00:00, run_after=2025-12-27 00:00:00+00:00
[2025-12-27T14:39:22.453+0000] {processor.py:183} INFO - Processing /home/airflow/.local/lib/python3.12/site-packages/airflow/example_dags/example_skip_dag.py took 0.513 seconds
[2025-12-27T14:39:52.622+0000] {processor.py:161} INFO - Started process (PID=2501) to work on /home/airflow/.local/lib/python3.12/site-packages/airflow/example_dags/example_skip_dag.py
[2025-12-27T14:39:52.634+0000] {processor.py:830} INFO - Processing file /home/airflow/.local/lib/python3.12/site-packages/airflow/example_dags/example_skip_dag.py for tasks to queue
[2025-12-27T14:39:52.638+0000] {logging_mixin.py:188} INFO - [2025-12-27T14:39:52.637+0000] {dagbag.py:540} INFO - Filling up the DagBag from /home/airflow/.local/lib/python3.12/site-packages/airflow/example_dags/example_skip_dag.py
[2025-12-27T14:39:52.697+0000] {processor.py:840} INFO - DAG(s) 'example_skip_dag' retrieved from /home/airflow/.local/lib/python3.12/site-packages/airflow/example_dags/example_skip_dag.py
[2025-12-27T14:39:52.817+0000] {logging_mixin.py:188} INFO - [2025-12-27T14:39:52.816+0000] {dag.py:3096} INFO - Sync 1 DAGs
[2025-12-27T14:39:52.916+0000] {logging_mixin.py:188} INFO - [2025-12-27T14:39:52.916+0000] {dag.py:3954} INFO - Setting next_dagrun for example_skip_dag to 2025-12-26 00:00:00+00:00, run_after=2025-12-27 00:00:00+00:00
[2025-12-27T14:39:52.991+0000] {processor.py:183} INFO - Processing /home/airflow/.local/lib/python3.12/site-packages/airflow/example_dags/example_skip_dag.py took 0.397 seconds
[2025-12-27T14:40:23.199+0000] {processor.py:161} INFO - Started process (PID=2559) to work on /home/airflow/.local/lib/python3.12/site-packages/airflow/example_dags/example_skip_dag.py
[2025-12-27T14:40:23.203+0000] {processor.py:830} INFO - Processing file /home/airflow/.local/lib/python3.12/site-packages/airflow/example_dags/example_skip_dag.py for tasks to queue
[2025-12-27T14:40:23.205+0000] {logging_mixin.py:188} INFO - [2025-12-27T14:40:23.205+0000] {dagbag.py:540} INFO - Filling up the DagBag from /home/airflow/.local/lib/python3.12/site-packages/airflow/example_dags/example_skip_dag.py
[2025-12-27T14:40:23.229+0000] {processor.py:840} INFO - DAG(s) 'example_skip_dag' retrieved from /home/airflow/.local/lib/python3.12/site-packages/airflow/example_dags/example_skip_dag.py
[2025-12-27T14:40:23.304+0000] {logging_mixin.py:188} INFO - [2025-12-27T14:40:23.304+0000] {dag.py:3096} INFO - Sync 1 DAGs
[2025-12-27T14:40:23.367+0000] {logging_mixin.py:188} INFO - [2025-12-27T14:40:23.367+0000] {dag.py:3954} INFO - Setting next_dagrun for example_skip_dag to 2025-12-26 00:00:00+00:00, run_after=2025-12-27 00:00:00+00:00
[2025-12-27T14:40:23.429+0000] {processor.py:183} INFO - Processing /home/airflow/.local/lib/python3.12/site-packages/airflow/example_dags/example_skip_dag.py took 0.246 seconds
[2025-12-27T14:40:53.571+0000] {processor.py:161} INFO - Started process (PID=2617) to work on /home/airflow/.local/lib/python3.12/site-packages/airflow/example_dags/example_skip_dag.py
[2025-12-27T14:40:53.574+0000] {processor.py:830} INFO - Processing file /home/airflow/.local/lib/python3.12/site-packages/airflow/example_dags/example_skip_dag.py for tasks to queue
[2025-12-27T14:40:53.577+0000] {logging_mixin.py:188} INFO - [2025-12-27T14:40:53.576+0000] {dagbag.py:540} INFO - Filling up the DagBag from /home/airflow/.local/lib/python3.12/site-packages/airflow/example_dags/example_skip_dag.py
[2025-12-27T14:40:53.605+0000] {processor.py:840} INFO - DAG(s) 'example_skip_dag' retrieved from /home/airflow/.local/lib/python3.12/site-packages/airflow/example_dags/example_skip_dag.py
[2025-12-27T14:40:53.672+0000] {logging_mixin.py:188} INFO - [2025-12-27T14:40:53.671+0000] {dag.py:3096} INFO - Sync 1 DAGs
[2025-12-27T14:40:53.743+0000] {logging_mixin.py:188} INFO - [2025-12-27T14:40:53.742+0000] {dag.py:3954} INFO - Setting next_dagrun for example_skip_dag to 2025-12-26 00:00:00+00:00, run_after=2025-12-27 00:00:00+00:00
[2025-12-27T14:40:53.808+0000] {processor.py:183} INFO - Processing /home/airflow/.local/lib/python3.12/site-packages/airflow/example_dags/example_skip_dag.py took 0.256 seconds
[2025-12-27T14:41:24.821+0000] {processor.py:161} INFO - Started process (PID=2675) to work on /home/airflow/.local/lib/python3.12/site-packages/airflow/example_dags/example_skip_dag.py
[2025-12-27T14:41:24.825+0000] {processor.py:830} INFO - Processing file /home/airflow/.local/lib/python3.12/site-packages/airflow/example_dags/example_skip_dag.py for tasks to queue
[2025-12-27T14:41:24.828+0000] {logging_mixin.py:188} INFO - [2025-12-27T14:41:24.827+0000] {dagbag.py:540} INFO - Filling up the DagBag from /home/airflow/.local/lib/python3.12/site-packages/airflow/example_dags/example_skip_dag.py
[2025-12-27T14:41:24.852+0000] {processor.py:840} INFO - DAG(s) 'example_skip_dag' retrieved from /home/airflow/.local/lib/python3.12/site-packages/airflow/example_dags/example_skip_dag.py
[2025-12-27T14:41:24.905+0000] {logging_mixin.py:188} INFO - [2025-12-27T14:41:24.904+0000] {dag.py:3096} INFO - Sync 1 DAGs
[2025-12-27T14:41:24.962+0000] {logging_mixin.py:188} INFO - [2025-12-27T14:41:24.962+0000] {dag.py:3954} INFO - Setting next_dagrun for example_skip_dag to 2025-12-26 00:00:00+00:00, run_after=2025-12-27 00:00:00+00:00
[2025-12-27T14:41:25.015+0000] {processor.py:183} INFO - Processing /home/airflow/.local/lib/python3.12/site-packages/airflow/example_dags/example_skip_dag.py took 0.215 seconds
[2025-12-27T14:41:55.652+0000] {processor.py:161} INFO - Started process (PID=2733) to work on /home/airflow/.local/lib/python3.12/site-packages/airflow/example_dags/example_skip_dag.py
[2025-12-27T14:41:55.655+0000] {processor.py:830} INFO - Processing file /home/airflow/.local/lib/python3.12/site-packages/airflow/example_dags/example_skip_dag.py for tasks to queue
[2025-12-27T14:41:55.657+0000] {logging_mixin.py:188} INFO - [2025-12-27T14:41:55.656+0000] {dagbag.py:540} INFO - Filling up the DagBag from /home/airflow/.local/lib/python3.12/site-packages/airflow/example_dags/example_skip_dag.py
[2025-12-27T14:41:55.677+0000] {processor.py:840} INFO - DAG(s) 'example_skip_dag' retrieved from /home/airflow/.local/lib/python3.12/site-packages/airflow/example_dags/example_skip_dag.py
[2025-12-27T14:41:55.738+0000] {logging_mixin.py:188} INFO - [2025-12-27T14:41:55.738+0000] {dag.py:3096} INFO - Sync 1 DAGs
[2025-12-27T14:41:55.807+0000] {logging_mixin.py:188} INFO - [2025-12-27T14:41:55.806+0000] {dag.py:3954} INFO - Setting next_dagrun for example_skip_dag to 2025-12-26 00:00:00+00:00, run_after=2025-12-27 00:00:00+00:00
[2025-12-27T14:41:55.862+0000] {processor.py:183} INFO - Processing /home/airflow/.local/lib/python3.12/site-packages/airflow/example_dags/example_skip_dag.py took 0.230 seconds
[2025-12-27T14:42:26.192+0000] {processor.py:161} INFO - Started process (PID=2791) to work on /home/airflow/.local/lib/python3.12/site-packages/airflow/example_dags/example_skip_dag.py
[2025-12-27T14:42:26.195+0000] {processor.py:830} INFO - Processing file /home/airflow/.local/lib/python3.12/site-packages/airflow/example_dags/example_skip_dag.py for tasks to queue
[2025-12-27T14:42:26.198+0000] {logging_mixin.py:188} INFO - [2025-12-27T14:42:26.197+0000] {dagbag.py:540} INFO - Filling up the DagBag from /home/airflow/.local/lib/python3.12/site-packages/airflow/example_dags/example_skip_dag.py
[2025-12-27T14:42:26.219+0000] {processor.py:840} INFO - DAG(s) 'example_skip_dag' retrieved from /home/airflow/.local/lib/python3.12/site-packages/airflow/example_dags/example_skip_dag.py
[2025-12-27T14:42:26.287+0000] {logging_mixin.py:188} INFO - [2025-12-27T14:42:26.286+0000] {dag.py:3096} INFO - Sync 1 DAGs
[2025-12-27T14:42:26.364+0000] {logging_mixin.py:188} INFO - [2025-12-27T14:42:26.363+0000] {dag.py:3954} INFO - Setting next_dagrun for example_skip_dag to 2025-12-26 00:00:00+00:00, run_after=2025-12-27 00:00:00+00:00
[2025-12-27T14:42:26.430+0000] {processor.py:183} INFO - Processing /home/airflow/.local/lib/python3.12/site-packages/airflow/example_dags/example_skip_dag.py took 0.259 seconds
[2025-12-27T14:42:56.571+0000] {processor.py:161} INFO - Started process (PID=2847) to work on /home/airflow/.local/lib/python3.12/site-packages/airflow/example_dags/example_skip_dag.py
[2025-12-27T14:42:56.574+0000] {processor.py:830} INFO - Processing file /home/airflow/.local/lib/python3.12/site-packages/airflow/example_dags/example_skip_dag.py for tasks to queue
[2025-12-27T14:42:56.576+0000] {logging_mixin.py:188} INFO - [2025-12-27T14:42:56.576+0000] {dagbag.py:540} INFO - Filling up the DagBag from /home/airflow/.local/lib/python3.12/site-packages/airflow/example_dags/example_skip_dag.py
[2025-12-27T14:42:56.599+0000] {processor.py:840} INFO - DAG(s) 'example_skip_dag' retrieved from /home/airflow/.local/lib/python3.12/site-packages/airflow/example_dags/example_skip_dag.py
[2025-12-27T14:42:56.660+0000] {logging_mixin.py:188} INFO - [2025-12-27T14:42:56.659+0000] {dag.py:3096} INFO - Sync 1 DAGs
[2025-12-27T14:42:56.715+0000] {logging_mixin.py:188} INFO - [2025-12-27T14:42:56.714+0000] {dag.py:3954} INFO - Setting next_dagrun for example_skip_dag to 2025-12-26 00:00:00+00:00, run_after=2025-12-27 00:00:00+00:00
[2025-12-27T14:42:56.763+0000] {processor.py:183} INFO - Processing /home/airflow/.local/lib/python3.12/site-packages/airflow/example_dags/example_skip_dag.py took 0.209 seconds
[2025-12-27T14:43:27.064+0000] {processor.py:161} INFO - Started process (PID=2905) to work on /home/airflow/.local/lib/python3.12/site-packages/airflow/example_dags/example_skip_dag.py
[2025-12-27T14:43:27.067+0000] {processor.py:830} INFO - Processing file /home/airflow/.local/lib/python3.12/site-packages/airflow/example_dags/example_skip_dag.py for tasks to queue
[2025-12-27T14:43:27.071+0000] {logging_mixin.py:188} INFO - [2025-12-27T14:43:27.070+0000] {dagbag.py:540} INFO - Filling up the DagBag from /home/airflow/.local/lib/python3.12/site-packages/airflow/example_dags/example_skip_dag.py
[2025-12-27T14:43:27.096+0000] {processor.py:840} INFO - DAG(s) 'example_skip_dag' retrieved from /home/airflow/.local/lib/python3.12/site-packages/airflow/example_dags/example_skip_dag.py
[2025-12-27T14:43:27.157+0000] {logging_mixin.py:188} INFO - [2025-12-27T14:43:27.156+0000] {dag.py:3096} INFO - Sync 1 DAGs
[2025-12-27T14:43:27.218+0000] {logging_mixin.py:188} INFO - [2025-12-27T14:43:27.218+0000] {dag.py:3954} INFO - Setting next_dagrun for example_skip_dag to 2025-12-26 00:00:00+00:00, run_after=2025-12-27 00:00:00+00:00
[2025-12-27T14:43:27.273+0000] {processor.py:183} INFO - Processing /home/airflow/.local/lib/python3.12/site-packages/airflow/example_dags/example_skip_dag.py took 0.227 seconds
[2025-12-27T14:43:58.118+0000] {processor.py:161} INFO - Started process (PID=2963) to work on /home/airflow/.local/lib/python3.12/site-packages/airflow/example_dags/example_skip_dag.py
[2025-12-27T14:43:58.121+0000] {processor.py:830} INFO - Processing file /home/airflow/.local/lib/python3.12/site-packages/airflow/example_dags/example_skip_dag.py for tasks to queue
[2025-12-27T14:43:58.125+0000] {logging_mixin.py:188} INFO - [2025-12-27T14:43:58.124+0000] {dagbag.py:540} INFO - Filling up the DagBag from /home/airflow/.local/lib/python3.12/site-packages/airflow/example_dags/example_skip_dag.py
[2025-12-27T14:43:58.147+0000] {processor.py:840} INFO - DAG(s) 'example_skip_dag' retrieved from /home/airflow/.local/lib/python3.12/site-packages/airflow/example_dags/example_skip_dag.py
[2025-12-27T14:43:58.216+0000] {logging_mixin.py:188} INFO - [2025-12-27T14:43:58.216+0000] {dag.py:3096} INFO - Sync 1 DAGs
[2025-12-27T14:43:58.277+0000] {logging_mixin.py:188} INFO - [2025-12-27T14:43:58.276+0000] {dag.py:3954} INFO - Setting next_dagrun for example_skip_dag to 2025-12-26 00:00:00+00:00, run_after=2025-12-27 00:00:00+00:00
[2025-12-27T14:43:58.346+0000] {processor.py:183} INFO - Processing /home/airflow/.local/lib/python3.12/site-packages/airflow/example_dags/example_skip_dag.py took 0.244 seconds
[2025-12-27T14:44:28.959+0000] {processor.py:161} INFO - Started process (PID=3022) to work on /home/airflow/.local/lib/python3.12/site-packages/airflow/example_dags/example_skip_dag.py
[2025-12-27T14:44:28.964+0000] {processor.py:830} INFO - Processing file /home/airflow/.local/lib/python3.12/site-packages/airflow/example_dags/example_skip_dag.py for tasks to queue
[2025-12-27T14:44:28.969+0000] {logging_mixin.py:188} INFO - [2025-12-27T14:44:28.968+0000] {dagbag.py:540} INFO - Filling up the DagBag from /home/airflow/.local/lib/python3.12/site-packages/airflow/example_dags/example_skip_dag.py
[2025-12-27T14:44:28.996+0000] {processor.py:840} INFO - DAG(s) 'example_skip_dag' retrieved from /home/airflow/.local/lib/python3.12/site-packages/airflow/example_dags/example_skip_dag.py
[2025-12-27T14:44:29.102+0000] {logging_mixin.py:188} INFO - [2025-12-27T14:44:29.101+0000] {dag.py:3096} INFO - Sync 1 DAGs
[2025-12-27T14:44:29.193+0000] {logging_mixin.py:188} INFO - [2025-12-27T14:44:29.192+0000] {dag.py:3954} INFO - Setting next_dagrun for example_skip_dag to 2025-12-26 00:00:00+00:00, run_after=2025-12-27 00:00:00+00:00
[2025-12-27T14:44:29.254+0000] {processor.py:183} INFO - Processing /home/airflow/.local/lib/python3.12/site-packages/airflow/example_dags/example_skip_dag.py took 0.317 seconds
[2025-12-27T14:45:01.290+0000] {processor.py:161} INFO - Started process (PID=3081) to work on /home/airflow/.local/lib/python3.12/site-packages/airflow/example_dags/example_skip_dag.py
[2025-12-27T14:45:01.325+0000] {processor.py:830} INFO - Processing file /home/airflow/.local/lib/python3.12/site-packages/airflow/example_dags/example_skip_dag.py for tasks to queue
[2025-12-27T14:45:01.329+0000] {logging_mixin.py:188} INFO - [2025-12-27T14:45:01.328+0000] {dagbag.py:540} INFO - Filling up the DagBag from /home/airflow/.local/lib/python3.12/site-packages/airflow/example_dags/example_skip_dag.py
[2025-12-27T14:45:01.367+0000] {processor.py:840} INFO - DAG(s) 'example_skip_dag' retrieved from /home/airflow/.local/lib/python3.12/site-packages/airflow/example_dags/example_skip_dag.py
[2025-12-27T14:45:01.454+0000] {logging_mixin.py:188} INFO - [2025-12-27T14:45:01.453+0000] {dag.py:3096} INFO - Sync 1 DAGs
[2025-12-27T14:45:01.530+0000] {logging_mixin.py:188} INFO - [2025-12-27T14:45:01.529+0000] {dag.py:3954} INFO - Setting next_dagrun for example_skip_dag to 2025-12-26 00:00:00+00:00, run_after=2025-12-27 00:00:00+00:00
[2025-12-27T14:45:01.669+0000] {processor.py:183} INFO - Processing /home/airflow/.local/lib/python3.12/site-packages/airflow/example_dags/example_skip_dag.py took 0.410 seconds
[2025-12-27T14:45:32.238+0000] {processor.py:161} INFO - Started process (PID=3140) to work on /home/airflow/.local/lib/python3.12/site-packages/airflow/example_dags/example_skip_dag.py
[2025-12-27T14:45:32.242+0000] {processor.py:830} INFO - Processing file /home/airflow/.local/lib/python3.12/site-packages/airflow/example_dags/example_skip_dag.py for tasks to queue
[2025-12-27T14:45:32.245+0000] {logging_mixin.py:188} INFO - [2025-12-27T14:45:32.244+0000] {dagbag.py:540} INFO - Filling up the DagBag from /home/airflow/.local/lib/python3.12/site-packages/airflow/example_dags/example_skip_dag.py
[2025-12-27T14:45:32.271+0000] {processor.py:840} INFO - DAG(s) 'example_skip_dag' retrieved from /home/airflow/.local/lib/python3.12/site-packages/airflow/example_dags/example_skip_dag.py
[2025-12-27T14:45:32.347+0000] {logging_mixin.py:188} INFO - [2025-12-27T14:45:32.346+0000] {dag.py:3096} INFO - Sync 1 DAGs
[2025-12-27T14:45:32.425+0000] {logging_mixin.py:188} INFO - [2025-12-27T14:45:32.424+0000] {dag.py:3954} INFO - Setting next_dagrun for example_skip_dag to 2025-12-26 00:00:00+00:00, run_after=2025-12-27 00:00:00+00:00
[2025-12-27T14:45:32.492+0000] {processor.py:183} INFO - Processing /home/airflow/.local/lib/python3.12/site-packages/airflow/example_dags/example_skip_dag.py took 0.278 seconds
[2025-12-27T14:46:03.358+0000] {processor.py:161} INFO - Started process (PID=3198) to work on /home/airflow/.local/lib/python3.12/site-packages/airflow/example_dags/example_skip_dag.py
[2025-12-27T14:46:03.360+0000] {processor.py:830} INFO - Processing file /home/airflow/.local/lib/python3.12/site-packages/airflow/example_dags/example_skip_dag.py for tasks to queue
[2025-12-27T14:46:03.363+0000] {logging_mixin.py:188} INFO - [2025-12-27T14:46:03.362+0000] {dagbag.py:540} INFO - Filling up the DagBag from /home/airflow/.local/lib/python3.12/site-packages/airflow/example_dags/example_skip_dag.py
[2025-12-27T14:46:03.384+0000] {processor.py:840} INFO - DAG(s) 'example_skip_dag' retrieved from /home/airflow/.local/lib/python3.12/site-packages/airflow/example_dags/example_skip_dag.py
[2025-12-27T14:46:03.439+0000] {logging_mixin.py:188} INFO - [2025-12-27T14:46:03.438+0000] {dag.py:3096} INFO - Sync 1 DAGs
[2025-12-27T14:46:03.494+0000] {logging_mixin.py:188} INFO - [2025-12-27T14:46:03.493+0000] {dag.py:3954} INFO - Setting next_dagrun for example_skip_dag to 2025-12-26 00:00:00+00:00, run_after=2025-12-27 00:00:00+00:00
[2025-12-27T14:46:03.543+0000] {processor.py:183} INFO - Processing /home/airflow/.local/lib/python3.12/site-packages/airflow/example_dags/example_skip_dag.py took 0.206 seconds
[2025-12-27T14:46:33.684+0000] {processor.py:161} INFO - Started process (PID=3255) to work on /home/airflow/.local/lib/python3.12/site-packages/airflow/example_dags/example_skip_dag.py
[2025-12-27T14:46:33.687+0000] {processor.py:830} INFO - Processing file /home/airflow/.local/lib/python3.12/site-packages/airflow/example_dags/example_skip_dag.py for tasks to queue
[2025-12-27T14:46:33.689+0000] {logging_mixin.py:188} INFO - [2025-12-27T14:46:33.688+0000] {dagbag.py:540} INFO - Filling up the DagBag from /home/airflow/.local/lib/python3.12/site-packages/airflow/example_dags/example_skip_dag.py
[2025-12-27T14:46:33.709+0000] {processor.py:840} INFO - DAG(s) 'example_skip_dag' retrieved from /home/airflow/.local/lib/python3.12/site-packages/airflow/example_dags/example_skip_dag.py
[2025-12-27T14:46:33.766+0000] {logging_mixin.py:188} INFO - [2025-12-27T14:46:33.765+0000] {dag.py:3096} INFO - Sync 1 DAGs
[2025-12-27T14:46:33.820+0000] {logging_mixin.py:188} INFO - [2025-12-27T14:46:33.819+0000] {dag.py:3954} INFO - Setting next_dagrun for example_skip_dag to 2025-12-26 00:00:00+00:00, run_after=2025-12-27 00:00:00+00:00
[2025-12-27T14:46:33.869+0000] {processor.py:183} INFO - Processing /home/airflow/.local/lib/python3.12/site-packages/airflow/example_dags/example_skip_dag.py took 0.200 seconds
[2025-12-27T14:47:04.035+0000] {processor.py:161} INFO - Started process (PID=3314) to work on /home/airflow/.local/lib/python3.12/site-packages/airflow/example_dags/example_skip_dag.py
[2025-12-27T14:47:04.038+0000] {processor.py:830} INFO - Processing file /home/airflow/.local/lib/python3.12/site-packages/airflow/example_dags/example_skip_dag.py for tasks to queue
[2025-12-27T14:47:04.041+0000] {logging_mixin.py:188} INFO - [2025-12-27T14:47:04.040+0000] {dagbag.py:540} INFO - Filling up the DagBag from /home/airflow/.local/lib/python3.12/site-packages/airflow/example_dags/example_skip_dag.py
[2025-12-27T14:47:04.072+0000] {processor.py:840} INFO - DAG(s) 'example_skip_dag' retrieved from /home/airflow/.local/lib/python3.12/site-packages/airflow/example_dags/example_skip_dag.py
[2025-12-27T14:47:04.160+0000] {logging_mixin.py:188} INFO - [2025-12-27T14:47:04.159+0000] {dag.py:3096} INFO - Sync 1 DAGs
[2025-12-27T14:47:04.236+0000] {logging_mixin.py:188} INFO - [2025-12-27T14:47:04.235+0000] {dag.py:3954} INFO - Setting next_dagrun for example_skip_dag to 2025-12-26 00:00:00+00:00, run_after=2025-12-27 00:00:00+00:00
[2025-12-27T14:47:04.295+0000] {processor.py:183} INFO - Processing /home/airflow/.local/lib/python3.12/site-packages/airflow/example_dags/example_skip_dag.py took 0.277 seconds
[2025-12-27T14:47:34.433+0000] {processor.py:161} INFO - Started process (PID=3372) to work on /home/airflow/.local/lib/python3.12/site-packages/airflow/example_dags/example_skip_dag.py
[2025-12-27T14:47:34.436+0000] {processor.py:830} INFO - Processing file /home/airflow/.local/lib/python3.12/site-packages/airflow/example_dags/example_skip_dag.py for tasks to queue
[2025-12-27T14:47:34.440+0000] {logging_mixin.py:188} INFO - [2025-12-27T14:47:34.439+0000] {dagbag.py:540} INFO - Filling up the DagBag from /home/airflow/.local/lib/python3.12/site-packages/airflow/example_dags/example_skip_dag.py
[2025-12-27T14:47:34.469+0000] {processor.py:840} INFO - DAG(s) 'example_skip_dag' retrieved from /home/airflow/.local/lib/python3.12/site-packages/airflow/example_dags/example_skip_dag.py
[2025-12-27T14:47:34.529+0000] {logging_mixin.py:188} INFO - [2025-12-27T14:47:34.528+0000] {dag.py:3096} INFO - Sync 1 DAGs
[2025-12-27T14:47:34.587+0000] {logging_mixin.py:188} INFO - [2025-12-27T14:47:34.587+0000] {dag.py:3954} INFO - Setting next_dagrun for example_skip_dag to 2025-12-26 00:00:00+00:00, run_after=2025-12-27 00:00:00+00:00
[2025-12-27T14:47:34.641+0000] {processor.py:183} INFO - Processing /home/airflow/.local/lib/python3.12/site-packages/airflow/example_dags/example_skip_dag.py took 0.224 seconds
[2025-12-27T14:48:04.736+0000] {processor.py:161} INFO - Started process (PID=3430) to work on /home/airflow/.local/lib/python3.12/site-packages/airflow/example_dags/example_skip_dag.py
[2025-12-27T14:48:04.739+0000] {processor.py:830} INFO - Processing file /home/airflow/.local/lib/python3.12/site-packages/airflow/example_dags/example_skip_dag.py for tasks to queue
[2025-12-27T14:48:04.742+0000] {logging_mixin.py:188} INFO - [2025-12-27T14:48:04.741+0000] {dagbag.py:540} INFO - Filling up the DagBag from /home/airflow/.local/lib/python3.12/site-packages/airflow/example_dags/example_skip_dag.py
[2025-12-27T14:48:04.761+0000] {processor.py:840} INFO - DAG(s) 'example_skip_dag' retrieved from /home/airflow/.local/lib/python3.12/site-packages/airflow/example_dags/example_skip_dag.py
[2025-12-27T14:48:04.818+0000] {logging_mixin.py:188} INFO - [2025-12-27T14:48:04.817+0000] {dag.py:3096} INFO - Sync 1 DAGs
[2025-12-27T14:48:04.872+0000] {logging_mixin.py:188} INFO - [2025-12-27T14:48:04.872+0000] {dag.py:3954} INFO - Setting next_dagrun for example_skip_dag to 2025-12-26 00:00:00+00:00, run_after=2025-12-27 00:00:00+00:00
[2025-12-27T14:48:04.926+0000] {processor.py:183} INFO - Processing /home/airflow/.local/lib/python3.12/site-packages/airflow/example_dags/example_skip_dag.py took 0.205 seconds
[2025-12-27T14:48:38.097+0000] {processor.py:161} INFO - Started process (PID=3489) to work on /home/airflow/.local/lib/python3.12/site-packages/airflow/example_dags/example_skip_dag.py
[2025-12-27T14:48:38.117+0000] {processor.py:830} INFO - Processing file /home/airflow/.local/lib/python3.12/site-packages/airflow/example_dags/example_skip_dag.py for tasks to queue
[2025-12-27T14:48:38.124+0000] {logging_mixin.py:188} INFO - [2025-12-27T14:48:38.123+0000] {dagbag.py:540} INFO - Filling up the DagBag from /home/airflow/.local/lib/python3.12/site-packages/airflow/example_dags/example_skip_dag.py
[2025-12-27T14:48:38.190+0000] {processor.py:840} INFO - DAG(s) 'example_skip_dag' retrieved from /home/airflow/.local/lib/python3.12/site-packages/airflow/example_dags/example_skip_dag.py
[2025-12-27T14:48:38.438+0000] {logging_mixin.py:188} INFO - [2025-12-27T14:48:38.437+0000] {dag.py:3096} INFO - Sync 1 DAGs
[2025-12-27T14:48:38.626+0000] {logging_mixin.py:188} INFO - [2025-12-27T14:48:38.625+0000] {dag.py:3954} INFO - Setting next_dagrun for example_skip_dag to 2025-12-26 00:00:00+00:00, run_after=2025-12-27 00:00:00+00:00
[2025-12-27T14:48:38.797+0000] {processor.py:183} INFO - Processing /home/airflow/.local/lib/python3.12/site-packages/airflow/example_dags/example_skip_dag.py took 0.765 seconds
[2025-12-27T14:49:10.786+0000] {processor.py:161} INFO - Started process (PID=3547) to work on /home/airflow/.local/lib/python3.12/site-packages/airflow/example_dags/example_skip_dag.py
[2025-12-27T14:49:10.812+0000] {processor.py:830} INFO - Processing file /home/airflow/.local/lib/python3.12/site-packages/airflow/example_dags/example_skip_dag.py for tasks to queue
[2025-12-27T14:49:10.815+0000] {logging_mixin.py:188} INFO - [2025-12-27T14:49:10.814+0000] {dagbag.py:540} INFO - Filling up the DagBag from /home/airflow/.local/lib/python3.12/site-packages/airflow/example_dags/example_skip_dag.py
[2025-12-27T14:49:10.839+0000] {processor.py:840} INFO - DAG(s) 'example_skip_dag' retrieved from /home/airflow/.local/lib/python3.12/site-packages/airflow/example_dags/example_skip_dag.py
[2025-12-27T14:49:10.937+0000] {logging_mixin.py:188} INFO - [2025-12-27T14:49:10.936+0000] {dag.py:3096} INFO - Sync 1 DAGs
[2025-12-27T14:49:11.054+0000] {logging_mixin.py:188} INFO - [2025-12-27T14:49:11.054+0000] {dag.py:3954} INFO - Setting next_dagrun for example_skip_dag to 2025-12-26 00:00:00+00:00, run_after=2025-12-27 00:00:00+00:00
[2025-12-27T14:49:11.236+0000] {processor.py:183} INFO - Processing /home/airflow/.local/lib/python3.12/site-packages/airflow/example_dags/example_skip_dag.py took 0.471 seconds
[2025-12-27T14:49:41.703+0000] {processor.py:161} INFO - Started process (PID=3605) to work on /home/airflow/.local/lib/python3.12/site-packages/airflow/example_dags/example_skip_dag.py
[2025-12-27T14:49:41.707+0000] {processor.py:830} INFO - Processing file /home/airflow/.local/lib/python3.12/site-packages/airflow/example_dags/example_skip_dag.py for tasks to queue
[2025-12-27T14:49:41.710+0000] {logging_mixin.py:188} INFO - [2025-12-27T14:49:41.709+0000] {dagbag.py:540} INFO - Filling up the DagBag from /home/airflow/.local/lib/python3.12/site-packages/airflow/example_dags/example_skip_dag.py
[2025-12-27T14:49:41.751+0000] {processor.py:840} INFO - DAG(s) 'example_skip_dag' retrieved from /home/airflow/.local/lib/python3.12/site-packages/airflow/example_dags/example_skip_dag.py
[2025-12-27T14:49:41.857+0000] {logging_mixin.py:188} INFO - [2025-12-27T14:49:41.856+0000] {dag.py:3096} INFO - Sync 1 DAGs
[2025-12-27T14:49:41.987+0000] {logging_mixin.py:188} INFO - [2025-12-27T14:49:41.986+0000] {dag.py:3954} INFO - Setting next_dagrun for example_skip_dag to 2025-12-26 00:00:00+00:00, run_after=2025-12-27 00:00:00+00:00
[2025-12-27T14:49:42.143+0000] {processor.py:183} INFO - Processing /home/airflow/.local/lib/python3.12/site-packages/airflow/example_dags/example_skip_dag.py took 0.461 seconds
[2025-12-27T14:50:22.576+0000] {processor.py:161} INFO - Started process (PID=3674) to work on /home/airflow/.local/lib/python3.12/site-packages/airflow/example_dags/example_skip_dag.py
[2025-12-27T14:50:22.583+0000] {processor.py:830} INFO - Processing file /home/airflow/.local/lib/python3.12/site-packages/airflow/example_dags/example_skip_dag.py for tasks to queue
[2025-12-27T14:50:22.587+0000] {logging_mixin.py:188} INFO - [2025-12-27T14:50:22.586+0000] {dagbag.py:540} INFO - Filling up the DagBag from /home/airflow/.local/lib/python3.12/site-packages/airflow/example_dags/example_skip_dag.py
[2025-12-27T14:50:22.657+0000] {processor.py:840} INFO - DAG(s) 'example_skip_dag' retrieved from /home/airflow/.local/lib/python3.12/site-packages/airflow/example_dags/example_skip_dag.py
[2025-12-27T14:50:22.840+0000] {logging_mixin.py:188} INFO - [2025-12-27T14:50:22.839+0000] {dag.py:3096} INFO - Sync 1 DAGs
[2025-12-27T14:50:23.111+0000] {logging_mixin.py:188} INFO - [2025-12-27T14:50:23.110+0000] {dag.py:3954} INFO - Setting next_dagrun for example_skip_dag to 2025-12-26 00:00:00+00:00, run_after=2025-12-27 00:00:00+00:00
[2025-12-27T14:50:23.291+0000] {processor.py:183} INFO - Processing /home/airflow/.local/lib/python3.12/site-packages/airflow/example_dags/example_skip_dag.py took 0.754 seconds
[2025-12-27T14:50:55.635+0000] {processor.py:161} INFO - Started process (PID=3731) to work on /home/airflow/.local/lib/python3.12/site-packages/airflow/example_dags/example_skip_dag.py
[2025-12-27T14:50:55.649+0000] {processor.py:830} INFO - Processing file /home/airflow/.local/lib/python3.12/site-packages/airflow/example_dags/example_skip_dag.py for tasks to queue
[2025-12-27T14:50:55.654+0000] {logging_mixin.py:188} INFO - [2025-12-27T14:50:55.652+0000] {dagbag.py:540} INFO - Filling up the DagBag from /home/airflow/.local/lib/python3.12/site-packages/airflow/example_dags/example_skip_dag.py
[2025-12-27T14:50:55.714+0000] {processor.py:840} INFO - DAG(s) 'example_skip_dag' retrieved from /home/airflow/.local/lib/python3.12/site-packages/airflow/example_dags/example_skip_dag.py
[2025-12-27T14:50:55.814+0000] {logging_mixin.py:188} INFO - [2025-12-27T14:50:55.813+0000] {dag.py:3096} INFO - Sync 1 DAGs
[2025-12-27T14:50:55.936+0000] {logging_mixin.py:188} INFO - [2025-12-27T14:50:55.935+0000] {dag.py:3954} INFO - Setting next_dagrun for example_skip_dag to 2025-12-26 00:00:00+00:00, run_after=2025-12-27 00:00:00+00:00
[2025-12-27T14:50:56.118+0000] {processor.py:183} INFO - Processing /home/airflow/.local/lib/python3.12/site-packages/airflow/example_dags/example_skip_dag.py took 0.576 seconds
[2025-12-27T14:51:45.706+0000] {processor.py:161} INFO - Started process (PID=3789) to work on /home/airflow/.local/lib/python3.12/site-packages/airflow/example_dags/example_skip_dag.py
[2025-12-27T14:51:45.724+0000] {processor.py:830} INFO - Processing file /home/airflow/.local/lib/python3.12/site-packages/airflow/example_dags/example_skip_dag.py for tasks to queue
[2025-12-27T14:51:45.734+0000] {logging_mixin.py:188} INFO - [2025-12-27T14:51:45.731+0000] {dagbag.py:540} INFO - Filling up the DagBag from /home/airflow/.local/lib/python3.12/site-packages/airflow/example_dags/example_skip_dag.py
[2025-12-27T14:51:45.873+0000] {processor.py:840} INFO - DAG(s) 'example_skip_dag' retrieved from /home/airflow/.local/lib/python3.12/site-packages/airflow/example_dags/example_skip_dag.py
[2025-12-27T14:51:46.478+0000] {logging_mixin.py:188} INFO - [2025-12-27T14:51:46.477+0000] {dag.py:3096} INFO - Sync 1 DAGs
[2025-12-27T14:51:46.861+0000] {logging_mixin.py:188} INFO - [2025-12-27T14:51:46.860+0000] {dag.py:3954} INFO - Setting next_dagrun for example_skip_dag to 2025-12-26 00:00:00+00:00, run_after=2025-12-27 00:00:00+00:00
[2025-12-27T14:51:47.051+0000] {processor.py:183} INFO - Processing /home/airflow/.local/lib/python3.12/site-packages/airflow/example_dags/example_skip_dag.py took 1.429 seconds
[2025-12-27T14:57:00.502+0000] {processor.py:161} INFO - Started process (PID=3910) to work on /home/airflow/.local/lib/python3.12/site-packages/airflow/example_dags/example_skip_dag.py
[2025-12-27T14:57:00.561+0000] {processor.py:830} INFO - Processing file /home/airflow/.local/lib/python3.12/site-packages/airflow/example_dags/example_skip_dag.py for tasks to queue
[2025-12-27T14:57:00.609+0000] {logging_mixin.py:188} INFO - [2025-12-27T14:57:00.574+0000] {dagbag.py:540} INFO - Filling up the DagBag from /home/airflow/.local/lib/python3.12/site-packages/airflow/example_dags/example_skip_dag.py
[2025-12-27T14:57:01.025+0000] {processor.py:840} INFO - DAG(s) 'example_skip_dag' retrieved from /home/airflow/.local/lib/python3.12/site-packages/airflow/example_dags/example_skip_dag.py
[2025-12-27T14:57:03.866+0000] {logging_mixin.py:188} INFO - [2025-12-27T14:57:03.760+0000] {dag.py:3096} INFO - Sync 1 DAGs
[2025-12-27T14:57:05.166+0000] {logging_mixin.py:188} INFO - [2025-12-27T14:57:05.106+0000] {dag.py:3954} INFO - Setting next_dagrun for example_skip_dag to 2025-12-26 00:00:00+00:00, run_after=2025-12-27 00:00:00+00:00
[2025-12-27T14:57:06.410+0000] {processor.py:183} INFO - Processing /home/airflow/.local/lib/python3.12/site-packages/airflow/example_dags/example_skip_dag.py took 6.443 seconds
