[2025-12-27T14:15:15.908+0000] {processor.py:161} INFO - Started process (PID=134) to work on /home/airflow/.local/lib/python3.12/site-packages/airflow/example_dags/example_xcom.py
[2025-12-27T14:15:15.915+0000] {processor.py:830} INFO - Processing file /home/airflow/.local/lib/python3.12/site-packages/airflow/example_dags/example_xcom.py for tasks to queue
[2025-12-27T14:15:15.925+0000] {logging_mixin.py:188} INFO - [2025-12-27T14:15:15.922+0000] {dagbag.py:540} INFO - Filling up the DagBag from /home/airflow/.local/lib/python3.12/site-packages/airflow/example_dags/example_xcom.py
[2025-12-27T14:15:16.014+0000] {processor.py:840} INFO - DAG(s) 'example_xcom' retrieved from /home/airflow/.local/lib/python3.12/site-packages/airflow/example_dags/example_xcom.py
[2025-12-27T14:15:16.926+0000] {logging_mixin.py:188} INFO - [2025-12-27T14:15:16.925+0000] {dag.py:3096} INFO - Sync 1 DAGs
[2025-12-27T14:15:17.130+0000] {logging_mixin.py:188} INFO - [2025-12-27T14:15:17.129+0000] {dag.py:3954} INFO - Setting next_dagrun for example_xcom to 2021-01-01 00:00:00+00:00, run_after=2021-01-01 00:00:00+00:00
[2025-12-27T14:15:17.545+0000] {processor.py:183} INFO - Processing /home/airflow/.local/lib/python3.12/site-packages/airflow/example_dags/example_xcom.py took 1.680 seconds
[2025-12-27T14:15:48.614+0000] {processor.py:161} INFO - Started process (PID=195) to work on /home/airflow/.local/lib/python3.12/site-packages/airflow/example_dags/example_xcom.py
[2025-12-27T14:15:48.621+0000] {processor.py:830} INFO - Processing file /home/airflow/.local/lib/python3.12/site-packages/airflow/example_dags/example_xcom.py for tasks to queue
[2025-12-27T14:15:48.628+0000] {logging_mixin.py:188} INFO - [2025-12-27T14:15:48.626+0000] {dagbag.py:540} INFO - Filling up the DagBag from /home/airflow/.local/lib/python3.12/site-packages/airflow/example_dags/example_xcom.py
[2025-12-27T14:15:48.666+0000] {processor.py:840} INFO - DAG(s) 'example_xcom' retrieved from /home/airflow/.local/lib/python3.12/site-packages/airflow/example_dags/example_xcom.py
[2025-12-27T14:15:48.758+0000] {logging_mixin.py:188} INFO - [2025-12-27T14:15:48.757+0000] {dag.py:3096} INFO - Sync 1 DAGs
[2025-12-27T14:15:48.893+0000] {logging_mixin.py:188} INFO - [2025-12-27T14:15:48.892+0000] {dag.py:3954} INFO - Setting next_dagrun for example_xcom to 2021-01-01 00:00:00+00:00, run_after=2021-01-01 00:00:00+00:00
[2025-12-27T14:15:49.005+0000] {processor.py:183} INFO - Processing /home/airflow/.local/lib/python3.12/site-packages/airflow/example_dags/example_xcom.py took 0.409 seconds
[2025-12-27T14:16:19.188+0000] {processor.py:161} INFO - Started process (PID=254) to work on /home/airflow/.local/lib/python3.12/site-packages/airflow/example_dags/example_xcom.py
[2025-12-27T14:16:19.191+0000] {processor.py:830} INFO - Processing file /home/airflow/.local/lib/python3.12/site-packages/airflow/example_dags/example_xcom.py for tasks to queue
[2025-12-27T14:16:19.198+0000] {logging_mixin.py:188} INFO - [2025-12-27T14:16:19.197+0000] {dagbag.py:540} INFO - Filling up the DagBag from /home/airflow/.local/lib/python3.12/site-packages/airflow/example_dags/example_xcom.py
[2025-12-27T14:16:19.232+0000] {processor.py:840} INFO - DAG(s) 'example_xcom' retrieved from /home/airflow/.local/lib/python3.12/site-packages/airflow/example_dags/example_xcom.py
[2025-12-27T14:16:19.309+0000] {logging_mixin.py:188} INFO - [2025-12-27T14:16:19.308+0000] {dag.py:3096} INFO - Sync 1 DAGs
[2025-12-27T14:16:19.384+0000] {logging_mixin.py:188} INFO - [2025-12-27T14:16:19.383+0000] {dag.py:3954} INFO - Setting next_dagrun for example_xcom to 2021-01-01 00:00:00+00:00, run_after=2021-01-01 00:00:00+00:00
[2025-12-27T14:16:19.441+0000] {processor.py:183} INFO - Processing /home/airflow/.local/lib/python3.12/site-packages/airflow/example_dags/example_xcom.py took 0.283 seconds
[2025-12-27T14:16:51.102+0000] {processor.py:161} INFO - Started process (PID=315) to work on /home/airflow/.local/lib/python3.12/site-packages/airflow/example_dags/example_xcom.py
[2025-12-27T14:16:51.107+0000] {processor.py:830} INFO - Processing file /home/airflow/.local/lib/python3.12/site-packages/airflow/example_dags/example_xcom.py for tasks to queue
[2025-12-27T14:16:51.114+0000] {logging_mixin.py:188} INFO - [2025-12-27T14:16:51.112+0000] {dagbag.py:540} INFO - Filling up the DagBag from /home/airflow/.local/lib/python3.12/site-packages/airflow/example_dags/example_xcom.py
[2025-12-27T14:16:51.163+0000] {processor.py:840} INFO - DAG(s) 'example_xcom' retrieved from /home/airflow/.local/lib/python3.12/site-packages/airflow/example_dags/example_xcom.py
[2025-12-27T14:16:51.272+0000] {logging_mixin.py:188} INFO - [2025-12-27T14:16:51.266+0000] {dag.py:3096} INFO - Sync 1 DAGs
[2025-12-27T14:16:51.396+0000] {logging_mixin.py:188} INFO - [2025-12-27T14:16:51.396+0000] {dag.py:3954} INFO - Setting next_dagrun for example_xcom to 2021-01-01 00:00:00+00:00, run_after=2021-01-01 00:00:00+00:00
[2025-12-27T14:16:51.521+0000] {processor.py:183} INFO - Processing /home/airflow/.local/lib/python3.12/site-packages/airflow/example_dags/example_xcom.py took 0.456 seconds
[2025-12-27T14:17:54.267+0000] {processor.py:161} INFO - Started process (PID=395) to work on /home/airflow/.local/lib/python3.12/site-packages/airflow/example_dags/example_xcom.py
[2025-12-27T14:17:54.295+0000] {processor.py:830} INFO - Processing file /home/airflow/.local/lib/python3.12/site-packages/airflow/example_dags/example_xcom.py for tasks to queue
[2025-12-27T14:17:54.312+0000] {logging_mixin.py:188} INFO - [2025-12-27T14:17:54.310+0000] {dagbag.py:540} INFO - Filling up the DagBag from /home/airflow/.local/lib/python3.12/site-packages/airflow/example_dags/example_xcom.py
[2025-12-27T14:17:54.515+0000] {processor.py:840} INFO - DAG(s) 'example_xcom' retrieved from /home/airflow/.local/lib/python3.12/site-packages/airflow/example_dags/example_xcom.py
[2025-12-27T14:17:54.973+0000] {logging_mixin.py:188} INFO - [2025-12-27T14:17:54.972+0000] {dag.py:3096} INFO - Sync 1 DAGs
[2025-12-27T14:17:55.321+0000] {logging_mixin.py:188} INFO - [2025-12-27T14:17:55.320+0000] {dag.py:3954} INFO - Setting next_dagrun for example_xcom to 2021-01-01 00:00:00+00:00, run_after=2021-01-01 00:00:00+00:00
[2025-12-27T14:17:55.515+0000] {processor.py:183} INFO - Processing /home/airflow/.local/lib/python3.12/site-packages/airflow/example_dags/example_xcom.py took 1.326 seconds
[2025-12-27T14:18:38.823+0000] {processor.py:161} INFO - Started process (PID=465) to work on /home/airflow/.local/lib/python3.12/site-packages/airflow/example_dags/example_xcom.py
[2025-12-27T14:18:38.826+0000] {processor.py:830} INFO - Processing file /home/airflow/.local/lib/python3.12/site-packages/airflow/example_dags/example_xcom.py for tasks to queue
[2025-12-27T14:18:38.832+0000] {logging_mixin.py:188} INFO - [2025-12-27T14:18:38.831+0000] {dagbag.py:540} INFO - Filling up the DagBag from /home/airflow/.local/lib/python3.12/site-packages/airflow/example_dags/example_xcom.py
[2025-12-27T14:18:38.858+0000] {processor.py:840} INFO - DAG(s) 'example_xcom' retrieved from /home/airflow/.local/lib/python3.12/site-packages/airflow/example_dags/example_xcom.py
[2025-12-27T14:18:38.931+0000] {logging_mixin.py:188} INFO - [2025-12-27T14:18:38.930+0000] {dag.py:3096} INFO - Sync 1 DAGs
[2025-12-27T14:18:39.017+0000] {logging_mixin.py:188} INFO - [2025-12-27T14:18:39.016+0000] {dag.py:3954} INFO - Setting next_dagrun for example_xcom to 2021-01-01 00:00:00+00:00, run_after=2021-01-01 00:00:00+00:00
[2025-12-27T14:18:39.089+0000] {processor.py:183} INFO - Processing /home/airflow/.local/lib/python3.12/site-packages/airflow/example_dags/example_xcom.py took 0.283 seconds
[2025-12-27T14:19:10.497+0000] {processor.py:161} INFO - Started process (PID=523) to work on /home/airflow/.local/lib/python3.12/site-packages/airflow/example_dags/example_xcom.py
[2025-12-27T14:19:10.504+0000] {processor.py:830} INFO - Processing file /home/airflow/.local/lib/python3.12/site-packages/airflow/example_dags/example_xcom.py for tasks to queue
[2025-12-27T14:19:10.514+0000] {logging_mixin.py:188} INFO - [2025-12-27T14:19:10.512+0000] {dagbag.py:540} INFO - Filling up the DagBag from /home/airflow/.local/lib/python3.12/site-packages/airflow/example_dags/example_xcom.py
[2025-12-27T14:19:10.550+0000] {processor.py:840} INFO - DAG(s) 'example_xcom' retrieved from /home/airflow/.local/lib/python3.12/site-packages/airflow/example_dags/example_xcom.py
[2025-12-27T14:19:10.656+0000] {logging_mixin.py:188} INFO - [2025-12-27T14:19:10.655+0000] {dag.py:3096} INFO - Sync 1 DAGs
[2025-12-27T14:19:10.757+0000] {logging_mixin.py:188} INFO - [2025-12-27T14:19:10.756+0000] {dag.py:3954} INFO - Setting next_dagrun for example_xcom to 2021-01-01 00:00:00+00:00, run_after=2021-01-01 00:00:00+00:00
[2025-12-27T14:19:10.880+0000] {processor.py:183} INFO - Processing /home/airflow/.local/lib/python3.12/site-packages/airflow/example_dags/example_xcom.py took 0.413 seconds
[2025-12-27T14:19:43.328+0000] {processor.py:161} INFO - Started process (PID=581) to work on /home/airflow/.local/lib/python3.12/site-packages/airflow/example_dags/example_xcom.py
[2025-12-27T14:19:43.332+0000] {processor.py:830} INFO - Processing file /home/airflow/.local/lib/python3.12/site-packages/airflow/example_dags/example_xcom.py for tasks to queue
[2025-12-27T14:19:43.339+0000] {logging_mixin.py:188} INFO - [2025-12-27T14:19:43.337+0000] {dagbag.py:540} INFO - Filling up the DagBag from /home/airflow/.local/lib/python3.12/site-packages/airflow/example_dags/example_xcom.py
[2025-12-27T14:19:43.368+0000] {processor.py:840} INFO - DAG(s) 'example_xcom' retrieved from /home/airflow/.local/lib/python3.12/site-packages/airflow/example_dags/example_xcom.py
[2025-12-27T14:19:43.449+0000] {logging_mixin.py:188} INFO - [2025-12-27T14:19:43.447+0000] {dag.py:3096} INFO - Sync 1 DAGs
[2025-12-27T14:19:43.528+0000] {logging_mixin.py:188} INFO - [2025-12-27T14:19:43.527+0000] {dag.py:3954} INFO - Setting next_dagrun for example_xcom to 2021-01-01 00:00:00+00:00, run_after=2021-01-01 00:00:00+00:00
[2025-12-27T14:19:43.593+0000] {processor.py:183} INFO - Processing /home/airflow/.local/lib/python3.12/site-packages/airflow/example_dags/example_xcom.py took 0.286 seconds
[2025-12-27T14:20:16.957+0000] {processor.py:161} INFO - Started process (PID=640) to work on /home/airflow/.local/lib/python3.12/site-packages/airflow/example_dags/example_xcom.py
[2025-12-27T14:20:16.961+0000] {processor.py:830} INFO - Processing file /home/airflow/.local/lib/python3.12/site-packages/airflow/example_dags/example_xcom.py for tasks to queue
[2025-12-27T14:20:16.966+0000] {logging_mixin.py:188} INFO - [2025-12-27T14:20:16.965+0000] {dagbag.py:540} INFO - Filling up the DagBag from /home/airflow/.local/lib/python3.12/site-packages/airflow/example_dags/example_xcom.py
[2025-12-27T14:20:16.994+0000] {processor.py:840} INFO - DAG(s) 'example_xcom' retrieved from /home/airflow/.local/lib/python3.12/site-packages/airflow/example_dags/example_xcom.py
[2025-12-27T14:20:17.060+0000] {logging_mixin.py:188} INFO - [2025-12-27T14:20:17.059+0000] {dag.py:3096} INFO - Sync 1 DAGs
[2025-12-27T14:20:17.139+0000] {logging_mixin.py:188} INFO - [2025-12-27T14:20:17.138+0000] {dag.py:3954} INFO - Setting next_dagrun for example_xcom to 2021-01-01 00:00:00+00:00, run_after=2021-01-01 00:00:00+00:00
[2025-12-27T14:20:17.205+0000] {processor.py:183} INFO - Processing /home/airflow/.local/lib/python3.12/site-packages/airflow/example_dags/example_xcom.py took 0.265 seconds
[2025-12-27T14:20:47.887+0000] {processor.py:161} INFO - Started process (PID=697) to work on /home/airflow/.local/lib/python3.12/site-packages/airflow/example_dags/example_xcom.py
[2025-12-27T14:20:47.890+0000] {processor.py:830} INFO - Processing file /home/airflow/.local/lib/python3.12/site-packages/airflow/example_dags/example_xcom.py for tasks to queue
[2025-12-27T14:20:47.897+0000] {logging_mixin.py:188} INFO - [2025-12-27T14:20:47.896+0000] {dagbag.py:540} INFO - Filling up the DagBag from /home/airflow/.local/lib/python3.12/site-packages/airflow/example_dags/example_xcom.py
[2025-12-27T14:20:47.923+0000] {processor.py:840} INFO - DAG(s) 'example_xcom' retrieved from /home/airflow/.local/lib/python3.12/site-packages/airflow/example_dags/example_xcom.py
[2025-12-27T14:20:47.980+0000] {logging_mixin.py:188} INFO - [2025-12-27T14:20:47.980+0000] {dag.py:3096} INFO - Sync 1 DAGs
[2025-12-27T14:20:48.040+0000] {logging_mixin.py:188} INFO - [2025-12-27T14:20:48.039+0000] {dag.py:3954} INFO - Setting next_dagrun for example_xcom to 2021-01-01 00:00:00+00:00, run_after=2021-01-01 00:00:00+00:00
[2025-12-27T14:20:48.095+0000] {processor.py:183} INFO - Processing /home/airflow/.local/lib/python3.12/site-packages/airflow/example_dags/example_xcom.py took 0.227 seconds
[2025-12-27T14:21:38.394+0000] {processor.py:161} INFO - Started process (PID=763) to work on /home/airflow/.local/lib/python3.12/site-packages/airflow/example_dags/example_xcom.py
[2025-12-27T14:21:38.420+0000] {processor.py:830} INFO - Processing file /home/airflow/.local/lib/python3.12/site-packages/airflow/example_dags/example_xcom.py for tasks to queue
[2025-12-27T14:21:38.430+0000] {logging_mixin.py:188} INFO - [2025-12-27T14:21:38.429+0000] {dagbag.py:540} INFO - Filling up the DagBag from /home/airflow/.local/lib/python3.12/site-packages/airflow/example_dags/example_xcom.py
[2025-12-27T14:21:38.466+0000] {processor.py:840} INFO - DAG(s) 'example_xcom' retrieved from /home/airflow/.local/lib/python3.12/site-packages/airflow/example_dags/example_xcom.py
[2025-12-27T14:21:38.556+0000] {logging_mixin.py:188} INFO - [2025-12-27T14:21:38.555+0000] {dag.py:3096} INFO - Sync 1 DAGs
[2025-12-27T14:21:38.838+0000] {logging_mixin.py:188} INFO - [2025-12-27T14:21:38.837+0000] {dag.py:3954} INFO - Setting next_dagrun for example_xcom to 2021-01-01 00:00:00+00:00, run_after=2021-01-01 00:00:00+00:00
[2025-12-27T14:21:38.993+0000] {processor.py:183} INFO - Processing /home/airflow/.local/lib/python3.12/site-packages/airflow/example_dags/example_xcom.py took 0.625 seconds
[2025-12-27T14:22:39.319+0000] {processor.py:161} INFO - Started process (PID=830) to work on /home/airflow/.local/lib/python3.12/site-packages/airflow/example_dags/example_xcom.py
[2025-12-27T14:22:39.333+0000] {processor.py:830} INFO - Processing file /home/airflow/.local/lib/python3.12/site-packages/airflow/example_dags/example_xcom.py for tasks to queue
[2025-12-27T14:22:39.356+0000] {logging_mixin.py:188} INFO - [2025-12-27T14:22:39.355+0000] {dagbag.py:540} INFO - Filling up the DagBag from /home/airflow/.local/lib/python3.12/site-packages/airflow/example_dags/example_xcom.py
[2025-12-27T14:22:39.542+0000] {processor.py:840} INFO - DAG(s) 'example_xcom' retrieved from /home/airflow/.local/lib/python3.12/site-packages/airflow/example_dags/example_xcom.py
[2025-12-27T14:22:39.859+0000] {logging_mixin.py:188} INFO - [2025-12-27T14:22:39.858+0000] {dag.py:3096} INFO - Sync 1 DAGs
[2025-12-27T14:22:40.116+0000] {logging_mixin.py:188} INFO - [2025-12-27T14:22:40.110+0000] {dag.py:3954} INFO - Setting next_dagrun for example_xcom to 2021-01-01 00:00:00+00:00, run_after=2021-01-01 00:00:00+00:00
[2025-12-27T14:22:40.267+0000] {processor.py:183} INFO - Processing /home/airflow/.local/lib/python3.12/site-packages/airflow/example_dags/example_xcom.py took 1.011 seconds
[2025-12-27T14:24:07.184+0000] {processor.py:161} INFO - Started process (PID=906) to work on /home/airflow/.local/lib/python3.12/site-packages/airflow/example_dags/example_xcom.py
[2025-12-27T14:24:07.194+0000] {processor.py:830} INFO - Processing file /home/airflow/.local/lib/python3.12/site-packages/airflow/example_dags/example_xcom.py for tasks to queue
[2025-12-27T14:24:07.207+0000] {logging_mixin.py:188} INFO - [2025-12-27T14:24:07.201+0000] {dagbag.py:540} INFO - Filling up the DagBag from /home/airflow/.local/lib/python3.12/site-packages/airflow/example_dags/example_xcom.py
[2025-12-27T14:24:07.267+0000] {processor.py:840} INFO - DAG(s) 'example_xcom' retrieved from /home/airflow/.local/lib/python3.12/site-packages/airflow/example_dags/example_xcom.py
[2025-12-27T14:24:07.378+0000] {logging_mixin.py:188} INFO - [2025-12-27T14:24:07.377+0000] {dag.py:3096} INFO - Sync 1 DAGs
[2025-12-27T14:24:07.587+0000] {logging_mixin.py:188} INFO - [2025-12-27T14:24:07.586+0000] {dag.py:3954} INFO - Setting next_dagrun for example_xcom to 2021-01-01 00:00:00+00:00, run_after=2021-01-01 00:00:00+00:00
[2025-12-27T14:24:16.777+0000] {processor.py:183} INFO - Processing /home/airflow/.local/lib/python3.12/site-packages/airflow/example_dags/example_xcom.py took 9.667 seconds
[2025-12-27T14:24:47.129+0000] {processor.py:161} INFO - Started process (PID=964) to work on /home/airflow/.local/lib/python3.12/site-packages/airflow/example_dags/example_xcom.py
[2025-12-27T14:24:47.133+0000] {processor.py:830} INFO - Processing file /home/airflow/.local/lib/python3.12/site-packages/airflow/example_dags/example_xcom.py for tasks to queue
[2025-12-27T14:24:47.136+0000] {logging_mixin.py:188} INFO - [2025-12-27T14:24:47.135+0000] {dagbag.py:540} INFO - Filling up the DagBag from /home/airflow/.local/lib/python3.12/site-packages/airflow/example_dags/example_xcom.py
[2025-12-27T14:24:47.163+0000] {processor.py:840} INFO - DAG(s) 'example_xcom' retrieved from /home/airflow/.local/lib/python3.12/site-packages/airflow/example_dags/example_xcom.py
[2025-12-27T14:24:47.234+0000] {logging_mixin.py:188} INFO - [2025-12-27T14:24:47.234+0000] {dag.py:3096} INFO - Sync 1 DAGs
[2025-12-27T14:24:47.332+0000] {logging_mixin.py:188} INFO - [2025-12-27T14:24:47.332+0000] {dag.py:3954} INFO - Setting next_dagrun for example_xcom to 2021-01-01 00:00:00+00:00, run_after=2021-01-01 00:00:00+00:00
[2025-12-27T14:24:47.406+0000] {processor.py:183} INFO - Processing /home/airflow/.local/lib/python3.12/site-packages/airflow/example_dags/example_xcom.py took 0.295 seconds
[2025-12-27T14:25:21.806+0000] {processor.py:161} INFO - Started process (PID=1023) to work on /home/airflow/.local/lib/python3.12/site-packages/airflow/example_dags/example_xcom.py
[2025-12-27T14:25:21.819+0000] {processor.py:830} INFO - Processing file /home/airflow/.local/lib/python3.12/site-packages/airflow/example_dags/example_xcom.py for tasks to queue
[2025-12-27T14:25:21.829+0000] {logging_mixin.py:188} INFO - [2025-12-27T14:25:21.828+0000] {dagbag.py:540} INFO - Filling up the DagBag from /home/airflow/.local/lib/python3.12/site-packages/airflow/example_dags/example_xcom.py
[2025-12-27T14:25:21.897+0000] {processor.py:840} INFO - DAG(s) 'example_xcom' retrieved from /home/airflow/.local/lib/python3.12/site-packages/airflow/example_dags/example_xcom.py
[2025-12-27T14:25:22.152+0000] {logging_mixin.py:188} INFO - [2025-12-27T14:25:22.150+0000] {dag.py:3096} INFO - Sync 1 DAGs
[2025-12-27T14:25:22.684+0000] {logging_mixin.py:188} INFO - [2025-12-27T14:25:22.683+0000] {dag.py:3954} INFO - Setting next_dagrun for example_xcom to 2021-01-01 00:00:00+00:00, run_after=2021-01-01 00:00:00+00:00
[2025-12-27T14:25:23.058+0000] {processor.py:183} INFO - Processing /home/airflow/.local/lib/python3.12/site-packages/airflow/example_dags/example_xcom.py took 1.299 seconds
[2025-12-27T14:26:32.086+0000] {processor.py:161} INFO - Started process (PID=1093) to work on /home/airflow/.local/lib/python3.12/site-packages/airflow/example_dags/example_xcom.py
[2025-12-27T14:26:32.089+0000] {processor.py:830} INFO - Processing file /home/airflow/.local/lib/python3.12/site-packages/airflow/example_dags/example_xcom.py for tasks to queue
[2025-12-27T14:26:32.093+0000] {logging_mixin.py:188} INFO - [2025-12-27T14:26:32.092+0000] {dagbag.py:540} INFO - Filling up the DagBag from /home/airflow/.local/lib/python3.12/site-packages/airflow/example_dags/example_xcom.py
[2025-12-27T14:26:32.123+0000] {processor.py:840} INFO - DAG(s) 'example_xcom' retrieved from /home/airflow/.local/lib/python3.12/site-packages/airflow/example_dags/example_xcom.py
[2025-12-27T14:26:32.200+0000] {logging_mixin.py:188} INFO - [2025-12-27T14:26:32.199+0000] {dag.py:3096} INFO - Sync 1 DAGs
[2025-12-27T14:26:32.298+0000] {logging_mixin.py:188} INFO - [2025-12-27T14:26:32.297+0000] {dag.py:3954} INFO - Setting next_dagrun for example_xcom to 2021-01-01 00:00:00+00:00, run_after=2021-01-01 00:00:00+00:00
[2025-12-27T14:26:32.391+0000] {processor.py:183} INFO - Processing /home/airflow/.local/lib/python3.12/site-packages/airflow/example_dags/example_xcom.py took 0.326 seconds
[2025-12-27T14:27:48.790+0000] {processor.py:161} INFO - Started process (PID=1174) to work on /home/airflow/.local/lib/python3.12/site-packages/airflow/example_dags/example_xcom.py
[2025-12-27T14:27:48.793+0000] {processor.py:830} INFO - Processing file /home/airflow/.local/lib/python3.12/site-packages/airflow/example_dags/example_xcom.py for tasks to queue
[2025-12-27T14:27:48.797+0000] {logging_mixin.py:188} INFO - [2025-12-27T14:27:48.796+0000] {dagbag.py:540} INFO - Filling up the DagBag from /home/airflow/.local/lib/python3.12/site-packages/airflow/example_dags/example_xcom.py
[2025-12-27T14:27:48.824+0000] {processor.py:840} INFO - DAG(s) 'example_xcom' retrieved from /home/airflow/.local/lib/python3.12/site-packages/airflow/example_dags/example_xcom.py
[2025-12-27T14:27:48.898+0000] {logging_mixin.py:188} INFO - [2025-12-27T14:27:48.898+0000] {dag.py:3096} INFO - Sync 1 DAGs
[2025-12-27T14:27:48.978+0000] {logging_mixin.py:188} INFO - [2025-12-27T14:27:48.977+0000] {dag.py:3954} INFO - Setting next_dagrun for example_xcom to 2021-01-01 00:00:00+00:00, run_after=2021-01-01 00:00:00+00:00
[2025-12-27T14:27:49.055+0000] {processor.py:183} INFO - Processing /home/airflow/.local/lib/python3.12/site-packages/airflow/example_dags/example_xcom.py took 0.285 seconds
[2025-12-27T14:28:19.466+0000] {processor.py:161} INFO - Started process (PID=1232) to work on /home/airflow/.local/lib/python3.12/site-packages/airflow/example_dags/example_xcom.py
[2025-12-27T14:28:19.470+0000] {processor.py:830} INFO - Processing file /home/airflow/.local/lib/python3.12/site-packages/airflow/example_dags/example_xcom.py for tasks to queue
[2025-12-27T14:28:19.473+0000] {logging_mixin.py:188} INFO - [2025-12-27T14:28:19.472+0000] {dagbag.py:540} INFO - Filling up the DagBag from /home/airflow/.local/lib/python3.12/site-packages/airflow/example_dags/example_xcom.py
[2025-12-27T14:28:19.503+0000] {processor.py:840} INFO - DAG(s) 'example_xcom' retrieved from /home/airflow/.local/lib/python3.12/site-packages/airflow/example_dags/example_xcom.py
[2025-12-27T14:28:19.561+0000] {logging_mixin.py:188} INFO - [2025-12-27T14:28:19.560+0000] {dag.py:3096} INFO - Sync 1 DAGs
[2025-12-27T14:28:19.626+0000] {logging_mixin.py:188} INFO - [2025-12-27T14:28:19.625+0000] {dag.py:3954} INFO - Setting next_dagrun for example_xcom to 2021-01-01 00:00:00+00:00, run_after=2021-01-01 00:00:00+00:00
[2025-12-27T14:28:19.687+0000] {processor.py:183} INFO - Processing /home/airflow/.local/lib/python3.12/site-packages/airflow/example_dags/example_xcom.py took 0.263 seconds
[2025-12-27T14:28:51.703+0000] {processor.py:161} INFO - Started process (PID=1291) to work on /home/airflow/.local/lib/python3.12/site-packages/airflow/example_dags/example_xcom.py
[2025-12-27T14:28:51.707+0000] {processor.py:830} INFO - Processing file /home/airflow/.local/lib/python3.12/site-packages/airflow/example_dags/example_xcom.py for tasks to queue
[2025-12-27T14:28:51.711+0000] {logging_mixin.py:188} INFO - [2025-12-27T14:28:51.710+0000] {dagbag.py:540} INFO - Filling up the DagBag from /home/airflow/.local/lib/python3.12/site-packages/airflow/example_dags/example_xcom.py
[2025-12-27T14:28:51.748+0000] {processor.py:840} INFO - DAG(s) 'example_xcom' retrieved from /home/airflow/.local/lib/python3.12/site-packages/airflow/example_dags/example_xcom.py
[2025-12-27T14:28:51.896+0000] {logging_mixin.py:188} INFO - [2025-12-27T14:28:51.895+0000] {dag.py:3096} INFO - Sync 1 DAGs
[2025-12-27T14:28:51.985+0000] {logging_mixin.py:188} INFO - [2025-12-27T14:28:51.985+0000] {dag.py:3954} INFO - Setting next_dagrun for example_xcom to 2021-01-01 00:00:00+00:00, run_after=2021-01-01 00:00:00+00:00
[2025-12-27T14:28:52.058+0000] {processor.py:183} INFO - Processing /home/airflow/.local/lib/python3.12/site-packages/airflow/example_dags/example_xcom.py took 0.382 seconds
[2025-12-27T14:29:25.228+0000] {processor.py:161} INFO - Started process (PID=1350) to work on /home/airflow/.local/lib/python3.12/site-packages/airflow/example_dags/example_xcom.py
[2025-12-27T14:29:25.231+0000] {processor.py:830} INFO - Processing file /home/airflow/.local/lib/python3.12/site-packages/airflow/example_dags/example_xcom.py for tasks to queue
[2025-12-27T14:29:25.235+0000] {logging_mixin.py:188} INFO - [2025-12-27T14:29:25.234+0000] {dagbag.py:540} INFO - Filling up the DagBag from /home/airflow/.local/lib/python3.12/site-packages/airflow/example_dags/example_xcom.py
[2025-12-27T14:29:25.260+0000] {processor.py:840} INFO - DAG(s) 'example_xcom' retrieved from /home/airflow/.local/lib/python3.12/site-packages/airflow/example_dags/example_xcom.py
[2025-12-27T14:29:25.346+0000] {logging_mixin.py:188} INFO - [2025-12-27T14:29:25.345+0000] {dag.py:3096} INFO - Sync 1 DAGs
[2025-12-27T14:29:25.427+0000] {logging_mixin.py:188} INFO - [2025-12-27T14:29:25.426+0000] {dag.py:3954} INFO - Setting next_dagrun for example_xcom to 2021-01-01 00:00:00+00:00, run_after=2021-01-01 00:00:00+00:00
[2025-12-27T14:29:25.491+0000] {processor.py:183} INFO - Processing /home/airflow/.local/lib/python3.12/site-packages/airflow/example_dags/example_xcom.py took 0.281 seconds
[2025-12-27T14:30:10.047+0000] {processor.py:161} INFO - Started process (PID=1416) to work on /home/airflow/.local/lib/python3.12/site-packages/airflow/example_dags/example_xcom.py
[2025-12-27T14:30:10.052+0000] {processor.py:830} INFO - Processing file /home/airflow/.local/lib/python3.12/site-packages/airflow/example_dags/example_xcom.py for tasks to queue
[2025-12-27T14:30:10.063+0000] {logging_mixin.py:188} INFO - [2025-12-27T14:30:10.062+0000] {dagbag.py:540} INFO - Filling up the DagBag from /home/airflow/.local/lib/python3.12/site-packages/airflow/example_dags/example_xcom.py
[2025-12-27T14:30:10.114+0000] {processor.py:840} INFO - DAG(s) 'example_xcom' retrieved from /home/airflow/.local/lib/python3.12/site-packages/airflow/example_dags/example_xcom.py
[2025-12-27T14:30:10.245+0000] {logging_mixin.py:188} INFO - [2025-12-27T14:30:10.244+0000] {dag.py:3096} INFO - Sync 1 DAGs
[2025-12-27T14:30:10.369+0000] {logging_mixin.py:188} INFO - [2025-12-27T14:30:10.368+0000] {dag.py:3954} INFO - Setting next_dagrun for example_xcom to 2021-01-01 00:00:00+00:00, run_after=2021-01-01 00:00:00+00:00
[2025-12-27T14:30:10.455+0000] {processor.py:183} INFO - Processing /home/airflow/.local/lib/python3.12/site-packages/airflow/example_dags/example_xcom.py took 0.436 seconds
[2025-12-27T14:30:40.676+0000] {processor.py:161} INFO - Started process (PID=1475) to work on /home/airflow/.local/lib/python3.12/site-packages/airflow/example_dags/example_xcom.py
[2025-12-27T14:30:40.678+0000] {processor.py:830} INFO - Processing file /home/airflow/.local/lib/python3.12/site-packages/airflow/example_dags/example_xcom.py for tasks to queue
[2025-12-27T14:30:40.681+0000] {logging_mixin.py:188} INFO - [2025-12-27T14:30:40.680+0000] {dagbag.py:540} INFO - Filling up the DagBag from /home/airflow/.local/lib/python3.12/site-packages/airflow/example_dags/example_xcom.py
[2025-12-27T14:30:40.707+0000] {processor.py:840} INFO - DAG(s) 'example_xcom' retrieved from /home/airflow/.local/lib/python3.12/site-packages/airflow/example_dags/example_xcom.py
[2025-12-27T14:30:40.767+0000] {logging_mixin.py:188} INFO - [2025-12-27T14:30:40.767+0000] {dag.py:3096} INFO - Sync 1 DAGs
[2025-12-27T14:30:40.832+0000] {logging_mixin.py:188} INFO - [2025-12-27T14:30:40.832+0000] {dag.py:3954} INFO - Setting next_dagrun for example_xcom to 2021-01-01 00:00:00+00:00, run_after=2021-01-01 00:00:00+00:00
[2025-12-27T14:30:40.888+0000] {processor.py:183} INFO - Processing /home/airflow/.local/lib/python3.12/site-packages/airflow/example_dags/example_xcom.py took 0.228 seconds
[2025-12-27T14:31:11.041+0000] {processor.py:161} INFO - Started process (PID=1531) to work on /home/airflow/.local/lib/python3.12/site-packages/airflow/example_dags/example_xcom.py
[2025-12-27T14:31:11.044+0000] {processor.py:830} INFO - Processing file /home/airflow/.local/lib/python3.12/site-packages/airflow/example_dags/example_xcom.py for tasks to queue
[2025-12-27T14:31:11.046+0000] {logging_mixin.py:188} INFO - [2025-12-27T14:31:11.046+0000] {dagbag.py:540} INFO - Filling up the DagBag from /home/airflow/.local/lib/python3.12/site-packages/airflow/example_dags/example_xcom.py
[2025-12-27T14:31:11.068+0000] {processor.py:840} INFO - DAG(s) 'example_xcom' retrieved from /home/airflow/.local/lib/python3.12/site-packages/airflow/example_dags/example_xcom.py
[2025-12-27T14:31:11.126+0000] {logging_mixin.py:188} INFO - [2025-12-27T14:31:11.126+0000] {dag.py:3096} INFO - Sync 1 DAGs
[2025-12-27T14:31:11.182+0000] {logging_mixin.py:188} INFO - [2025-12-27T14:31:11.182+0000] {dag.py:3954} INFO - Setting next_dagrun for example_xcom to 2021-01-01 00:00:00+00:00, run_after=2021-01-01 00:00:00+00:00
[2025-12-27T14:31:11.234+0000] {processor.py:183} INFO - Processing /home/airflow/.local/lib/python3.12/site-packages/airflow/example_dags/example_xcom.py took 0.210 seconds
[2025-12-27T14:31:41.320+0000] {processor.py:161} INFO - Started process (PID=1589) to work on /home/airflow/.local/lib/python3.12/site-packages/airflow/example_dags/example_xcom.py
[2025-12-27T14:31:41.324+0000] {processor.py:830} INFO - Processing file /home/airflow/.local/lib/python3.12/site-packages/airflow/example_dags/example_xcom.py for tasks to queue
[2025-12-27T14:31:41.327+0000] {logging_mixin.py:188} INFO - [2025-12-27T14:31:41.326+0000] {dagbag.py:540} INFO - Filling up the DagBag from /home/airflow/.local/lib/python3.12/site-packages/airflow/example_dags/example_xcom.py
[2025-12-27T14:31:41.351+0000] {processor.py:840} INFO - DAG(s) 'example_xcom' retrieved from /home/airflow/.local/lib/python3.12/site-packages/airflow/example_dags/example_xcom.py
[2025-12-27T14:31:41.413+0000] {logging_mixin.py:188} INFO - [2025-12-27T14:31:41.412+0000] {dag.py:3096} INFO - Sync 1 DAGs
[2025-12-27T14:31:41.471+0000] {logging_mixin.py:188} INFO - [2025-12-27T14:31:41.470+0000] {dag.py:3954} INFO - Setting next_dagrun for example_xcom to 2021-01-01 00:00:00+00:00, run_after=2021-01-01 00:00:00+00:00
[2025-12-27T14:31:41.548+0000] {processor.py:183} INFO - Processing /home/airflow/.local/lib/python3.12/site-packages/airflow/example_dags/example_xcom.py took 0.245 seconds
[2025-12-27T14:32:11.953+0000] {processor.py:161} INFO - Started process (PID=1647) to work on /home/airflow/.local/lib/python3.12/site-packages/airflow/example_dags/example_xcom.py
[2025-12-27T14:32:11.955+0000] {processor.py:830} INFO - Processing file /home/airflow/.local/lib/python3.12/site-packages/airflow/example_dags/example_xcom.py for tasks to queue
[2025-12-27T14:32:11.958+0000] {logging_mixin.py:188} INFO - [2025-12-27T14:32:11.957+0000] {dagbag.py:540} INFO - Filling up the DagBag from /home/airflow/.local/lib/python3.12/site-packages/airflow/example_dags/example_xcom.py
[2025-12-27T14:32:11.980+0000] {processor.py:840} INFO - DAG(s) 'example_xcom' retrieved from /home/airflow/.local/lib/python3.12/site-packages/airflow/example_dags/example_xcom.py
[2025-12-27T14:32:12.038+0000] {logging_mixin.py:188} INFO - [2025-12-27T14:32:12.038+0000] {dag.py:3096} INFO - Sync 1 DAGs
[2025-12-27T14:32:12.098+0000] {logging_mixin.py:188} INFO - [2025-12-27T14:32:12.097+0000] {dag.py:3954} INFO - Setting next_dagrun for example_xcom to 2021-01-01 00:00:00+00:00, run_after=2021-01-01 00:00:00+00:00
[2025-12-27T14:32:12.158+0000] {processor.py:183} INFO - Processing /home/airflow/.local/lib/python3.12/site-packages/airflow/example_dags/example_xcom.py took 0.222 seconds
[2025-12-27T14:32:42.535+0000] {processor.py:161} INFO - Started process (PID=1705) to work on /home/airflow/.local/lib/python3.12/site-packages/airflow/example_dags/example_xcom.py
[2025-12-27T14:32:42.539+0000] {processor.py:830} INFO - Processing file /home/airflow/.local/lib/python3.12/site-packages/airflow/example_dags/example_xcom.py for tasks to queue
[2025-12-27T14:32:42.544+0000] {logging_mixin.py:188} INFO - [2025-12-27T14:32:42.543+0000] {dagbag.py:540} INFO - Filling up the DagBag from /home/airflow/.local/lib/python3.12/site-packages/airflow/example_dags/example_xcom.py
[2025-12-27T14:32:42.577+0000] {processor.py:840} INFO - DAG(s) 'example_xcom' retrieved from /home/airflow/.local/lib/python3.12/site-packages/airflow/example_dags/example_xcom.py
[2025-12-27T14:32:42.711+0000] {logging_mixin.py:188} INFO - [2025-12-27T14:32:42.707+0000] {dag.py:3096} INFO - Sync 1 DAGs
[2025-12-27T14:32:42.835+0000] {logging_mixin.py:188} INFO - [2025-12-27T14:32:42.834+0000] {dag.py:3954} INFO - Setting next_dagrun for example_xcom to 2021-01-01 00:00:00+00:00, run_after=2021-01-01 00:00:00+00:00
[2025-12-27T14:32:42.904+0000] {processor.py:183} INFO - Processing /home/airflow/.local/lib/python3.12/site-packages/airflow/example_dags/example_xcom.py took 0.392 seconds
[2025-12-27T14:33:13.525+0000] {processor.py:161} INFO - Started process (PID=1764) to work on /home/airflow/.local/lib/python3.12/site-packages/airflow/example_dags/example_xcom.py
[2025-12-27T14:33:13.528+0000] {processor.py:830} INFO - Processing file /home/airflow/.local/lib/python3.12/site-packages/airflow/example_dags/example_xcom.py for tasks to queue
[2025-12-27T14:33:13.530+0000] {logging_mixin.py:188} INFO - [2025-12-27T14:33:13.529+0000] {dagbag.py:540} INFO - Filling up the DagBag from /home/airflow/.local/lib/python3.12/site-packages/airflow/example_dags/example_xcom.py
[2025-12-27T14:33:13.552+0000] {processor.py:840} INFO - DAG(s) 'example_xcom' retrieved from /home/airflow/.local/lib/python3.12/site-packages/airflow/example_dags/example_xcom.py
[2025-12-27T14:33:13.621+0000] {logging_mixin.py:188} INFO - [2025-12-27T14:33:13.621+0000] {dag.py:3096} INFO - Sync 1 DAGs
[2025-12-27T14:33:13.705+0000] {logging_mixin.py:188} INFO - [2025-12-27T14:33:13.704+0000] {dag.py:3954} INFO - Setting next_dagrun for example_xcom to 2021-01-01 00:00:00+00:00, run_after=2021-01-01 00:00:00+00:00
[2025-12-27T14:33:13.773+0000] {processor.py:183} INFO - Processing /home/airflow/.local/lib/python3.12/site-packages/airflow/example_dags/example_xcom.py took 0.265 seconds
[2025-12-27T14:33:43.967+0000] {processor.py:161} INFO - Started process (PID=1822) to work on /home/airflow/.local/lib/python3.12/site-packages/airflow/example_dags/example_xcom.py
[2025-12-27T14:33:43.969+0000] {processor.py:830} INFO - Processing file /home/airflow/.local/lib/python3.12/site-packages/airflow/example_dags/example_xcom.py for tasks to queue
[2025-12-27T14:33:43.972+0000] {logging_mixin.py:188} INFO - [2025-12-27T14:33:43.971+0000] {dagbag.py:540} INFO - Filling up the DagBag from /home/airflow/.local/lib/python3.12/site-packages/airflow/example_dags/example_xcom.py
[2025-12-27T14:33:43.992+0000] {processor.py:840} INFO - DAG(s) 'example_xcom' retrieved from /home/airflow/.local/lib/python3.12/site-packages/airflow/example_dags/example_xcom.py
[2025-12-27T14:33:44.048+0000] {logging_mixin.py:188} INFO - [2025-12-27T14:33:44.047+0000] {dag.py:3096} INFO - Sync 1 DAGs
[2025-12-27T14:33:44.104+0000] {logging_mixin.py:188} INFO - [2025-12-27T14:33:44.104+0000] {dag.py:3954} INFO - Setting next_dagrun for example_xcom to 2021-01-01 00:00:00+00:00, run_after=2021-01-01 00:00:00+00:00
[2025-12-27T14:33:44.152+0000] {processor.py:183} INFO - Processing /home/airflow/.local/lib/python3.12/site-packages/airflow/example_dags/example_xcom.py took 0.203 seconds
[2025-12-27T14:34:15.283+0000] {processor.py:161} INFO - Started process (PID=1880) to work on /home/airflow/.local/lib/python3.12/site-packages/airflow/example_dags/example_xcom.py
[2025-12-27T14:34:15.288+0000] {processor.py:830} INFO - Processing file /home/airflow/.local/lib/python3.12/site-packages/airflow/example_dags/example_xcom.py for tasks to queue
[2025-12-27T14:34:15.290+0000] {logging_mixin.py:188} INFO - [2025-12-27T14:34:15.289+0000] {dagbag.py:540} INFO - Filling up the DagBag from /home/airflow/.local/lib/python3.12/site-packages/airflow/example_dags/example_xcom.py
[2025-12-27T14:34:15.313+0000] {processor.py:840} INFO - DAG(s) 'example_xcom' retrieved from /home/airflow/.local/lib/python3.12/site-packages/airflow/example_dags/example_xcom.py
[2025-12-27T14:34:15.397+0000] {logging_mixin.py:188} INFO - [2025-12-27T14:34:15.396+0000] {dag.py:3096} INFO - Sync 1 DAGs
[2025-12-27T14:34:15.575+0000] {logging_mixin.py:188} INFO - [2025-12-27T14:34:15.574+0000] {dag.py:3954} INFO - Setting next_dagrun for example_xcom to 2021-01-01 00:00:00+00:00, run_after=2021-01-01 00:00:00+00:00
[2025-12-27T14:34:15.685+0000] {processor.py:183} INFO - Processing /home/airflow/.local/lib/python3.12/site-packages/airflow/example_dags/example_xcom.py took 0.429 seconds
[2025-12-27T14:34:45.969+0000] {processor.py:161} INFO - Started process (PID=1939) to work on /home/airflow/.local/lib/python3.12/site-packages/airflow/example_dags/example_xcom.py
[2025-12-27T14:34:45.977+0000] {processor.py:830} INFO - Processing file /home/airflow/.local/lib/python3.12/site-packages/airflow/example_dags/example_xcom.py for tasks to queue
[2025-12-27T14:34:45.981+0000] {logging_mixin.py:188} INFO - [2025-12-27T14:34:45.979+0000] {dagbag.py:540} INFO - Filling up the DagBag from /home/airflow/.local/lib/python3.12/site-packages/airflow/example_dags/example_xcom.py
[2025-12-27T14:34:46.011+0000] {processor.py:840} INFO - DAG(s) 'example_xcom' retrieved from /home/airflow/.local/lib/python3.12/site-packages/airflow/example_dags/example_xcom.py
[2025-12-27T14:34:46.096+0000] {logging_mixin.py:188} INFO - [2025-12-27T14:34:46.095+0000] {dag.py:3096} INFO - Sync 1 DAGs
[2025-12-27T14:34:46.149+0000] {logging_mixin.py:188} INFO - [2025-12-27T14:34:46.148+0000] {dag.py:3954} INFO - Setting next_dagrun for example_xcom to 2021-01-01 00:00:00+00:00, run_after=2021-01-01 00:00:00+00:00
[2025-12-27T14:34:46.267+0000] {processor.py:183} INFO - Processing /home/airflow/.local/lib/python3.12/site-packages/airflow/example_dags/example_xcom.py took 0.320 seconds
[2025-12-27T14:35:17.858+0000] {processor.py:161} INFO - Started process (PID=1998) to work on /home/airflow/.local/lib/python3.12/site-packages/airflow/example_dags/example_xcom.py
[2025-12-27T14:35:17.898+0000] {processor.py:830} INFO - Processing file /home/airflow/.local/lib/python3.12/site-packages/airflow/example_dags/example_xcom.py for tasks to queue
[2025-12-27T14:35:17.906+0000] {logging_mixin.py:188} INFO - [2025-12-27T14:35:17.904+0000] {dagbag.py:540} INFO - Filling up the DagBag from /home/airflow/.local/lib/python3.12/site-packages/airflow/example_dags/example_xcom.py
[2025-12-27T14:35:17.941+0000] {processor.py:840} INFO - DAG(s) 'example_xcom' retrieved from /home/airflow/.local/lib/python3.12/site-packages/airflow/example_dags/example_xcom.py
[2025-12-27T14:35:18.058+0000] {logging_mixin.py:188} INFO - [2025-12-27T14:35:18.057+0000] {dag.py:3096} INFO - Sync 1 DAGs
[2025-12-27T14:35:18.120+0000] {logging_mixin.py:188} INFO - [2025-12-27T14:35:18.119+0000] {dag.py:3954} INFO - Setting next_dagrun for example_xcom to 2021-01-01 00:00:00+00:00, run_after=2021-01-01 00:00:00+00:00
[2025-12-27T14:35:18.188+0000] {processor.py:183} INFO - Processing /home/airflow/.local/lib/python3.12/site-packages/airflow/example_dags/example_xcom.py took 0.348 seconds
[2025-12-27T14:35:49.092+0000] {processor.py:161} INFO - Started process (PID=2056) to work on /home/airflow/.local/lib/python3.12/site-packages/airflow/example_dags/example_xcom.py
[2025-12-27T14:35:49.097+0000] {processor.py:830} INFO - Processing file /home/airflow/.local/lib/python3.12/site-packages/airflow/example_dags/example_xcom.py for tasks to queue
[2025-12-27T14:35:49.103+0000] {logging_mixin.py:188} INFO - [2025-12-27T14:35:49.101+0000] {dagbag.py:540} INFO - Filling up the DagBag from /home/airflow/.local/lib/python3.12/site-packages/airflow/example_dags/example_xcom.py
[2025-12-27T14:35:49.138+0000] {processor.py:840} INFO - DAG(s) 'example_xcom' retrieved from /home/airflow/.local/lib/python3.12/site-packages/airflow/example_dags/example_xcom.py
[2025-12-27T14:35:49.243+0000] {logging_mixin.py:188} INFO - [2025-12-27T14:35:49.242+0000] {dag.py:3096} INFO - Sync 1 DAGs
[2025-12-27T14:35:49.318+0000] {logging_mixin.py:188} INFO - [2025-12-27T14:35:49.317+0000] {dag.py:3954} INFO - Setting next_dagrun for example_xcom to 2021-01-01 00:00:00+00:00, run_after=2021-01-01 00:00:00+00:00
[2025-12-27T14:35:49.382+0000] {processor.py:183} INFO - Processing /home/airflow/.local/lib/python3.12/site-packages/airflow/example_dags/example_xcom.py took 0.325 seconds
[2025-12-27T14:36:30.475+0000] {processor.py:161} INFO - Started process (PID=2119) to work on /home/airflow/.local/lib/python3.12/site-packages/airflow/example_dags/example_xcom.py
[2025-12-27T14:36:30.481+0000] {processor.py:830} INFO - Processing file /home/airflow/.local/lib/python3.12/site-packages/airflow/example_dags/example_xcom.py for tasks to queue
[2025-12-27T14:36:30.491+0000] {logging_mixin.py:188} INFO - [2025-12-27T14:36:30.488+0000] {dagbag.py:540} INFO - Filling up the DagBag from /home/airflow/.local/lib/python3.12/site-packages/airflow/example_dags/example_xcom.py
[2025-12-27T14:36:30.546+0000] {processor.py:840} INFO - DAG(s) 'example_xcom' retrieved from /home/airflow/.local/lib/python3.12/site-packages/airflow/example_dags/example_xcom.py
[2025-12-27T14:36:30.723+0000] {logging_mixin.py:188} INFO - [2025-12-27T14:36:30.722+0000] {dag.py:3096} INFO - Sync 1 DAGs
[2025-12-27T14:36:30.884+0000] {logging_mixin.py:188} INFO - [2025-12-27T14:36:30.883+0000] {dag.py:3954} INFO - Setting next_dagrun for example_xcom to 2021-01-01 00:00:00+00:00, run_after=2021-01-01 00:00:00+00:00
[2025-12-27T14:36:31.322+0000] {processor.py:183} INFO - Processing /home/airflow/.local/lib/python3.12/site-packages/airflow/example_dags/example_xcom.py took 0.888 seconds
[2025-12-27T14:37:02.071+0000] {processor.py:161} INFO - Started process (PID=2178) to work on /home/airflow/.local/lib/python3.12/site-packages/airflow/example_dags/example_xcom.py
[2025-12-27T14:37:02.075+0000] {processor.py:830} INFO - Processing file /home/airflow/.local/lib/python3.12/site-packages/airflow/example_dags/example_xcom.py for tasks to queue
[2025-12-27T14:37:02.077+0000] {logging_mixin.py:188} INFO - [2025-12-27T14:37:02.077+0000] {dagbag.py:540} INFO - Filling up the DagBag from /home/airflow/.local/lib/python3.12/site-packages/airflow/example_dags/example_xcom.py
[2025-12-27T14:37:02.098+0000] {processor.py:840} INFO - DAG(s) 'example_xcom' retrieved from /home/airflow/.local/lib/python3.12/site-packages/airflow/example_dags/example_xcom.py
[2025-12-27T14:37:02.158+0000] {logging_mixin.py:188} INFO - [2025-12-27T14:37:02.157+0000] {dag.py:3096} INFO - Sync 1 DAGs
[2025-12-27T14:37:02.221+0000] {logging_mixin.py:188} INFO - [2025-12-27T14:37:02.221+0000] {dag.py:3954} INFO - Setting next_dagrun for example_xcom to 2021-01-01 00:00:00+00:00, run_after=2021-01-01 00:00:00+00:00
[2025-12-27T14:37:02.278+0000] {processor.py:183} INFO - Processing /home/airflow/.local/lib/python3.12/site-packages/airflow/example_dags/example_xcom.py took 0.224 seconds
[2025-12-27T14:37:33.017+0000] {processor.py:161} INFO - Started process (PID=2235) to work on /home/airflow/.local/lib/python3.12/site-packages/airflow/example_dags/example_xcom.py
[2025-12-27T14:37:33.026+0000] {processor.py:830} INFO - Processing file /home/airflow/.local/lib/python3.12/site-packages/airflow/example_dags/example_xcom.py for tasks to queue
[2025-12-27T14:37:33.032+0000] {logging_mixin.py:188} INFO - [2025-12-27T14:37:33.030+0000] {dagbag.py:540} INFO - Filling up the DagBag from /home/airflow/.local/lib/python3.12/site-packages/airflow/example_dags/example_xcom.py
[2025-12-27T14:37:33.079+0000] {processor.py:840} INFO - DAG(s) 'example_xcom' retrieved from /home/airflow/.local/lib/python3.12/site-packages/airflow/example_dags/example_xcom.py
[2025-12-27T14:37:33.188+0000] {logging_mixin.py:188} INFO - [2025-12-27T14:37:33.186+0000] {dag.py:3096} INFO - Sync 1 DAGs
[2025-12-27T14:37:33.272+0000] {logging_mixin.py:188} INFO - [2025-12-27T14:37:33.272+0000] {dag.py:3954} INFO - Setting next_dagrun for example_xcom to 2021-01-01 00:00:00+00:00, run_after=2021-01-01 00:00:00+00:00
[2025-12-27T14:37:33.359+0000] {processor.py:183} INFO - Processing /home/airflow/.local/lib/python3.12/site-packages/airflow/example_dags/example_xcom.py took 0.385 seconds
[2025-12-27T14:38:03.536+0000] {processor.py:161} INFO - Started process (PID=2292) to work on /home/airflow/.local/lib/python3.12/site-packages/airflow/example_dags/example_xcom.py
[2025-12-27T14:38:03.539+0000] {processor.py:830} INFO - Processing file /home/airflow/.local/lib/python3.12/site-packages/airflow/example_dags/example_xcom.py for tasks to queue
[2025-12-27T14:38:03.543+0000] {logging_mixin.py:188} INFO - [2025-12-27T14:38:03.542+0000] {dagbag.py:540} INFO - Filling up the DagBag from /home/airflow/.local/lib/python3.12/site-packages/airflow/example_dags/example_xcom.py
[2025-12-27T14:38:03.590+0000] {processor.py:840} INFO - DAG(s) 'example_xcom' retrieved from /home/airflow/.local/lib/python3.12/site-packages/airflow/example_dags/example_xcom.py
[2025-12-27T14:38:03.686+0000] {logging_mixin.py:188} INFO - [2025-12-27T14:38:03.685+0000] {dag.py:3096} INFO - Sync 1 DAGs
[2025-12-27T14:38:03.754+0000] {logging_mixin.py:188} INFO - [2025-12-27T14:38:03.753+0000] {dag.py:3954} INFO - Setting next_dagrun for example_xcom to 2021-01-01 00:00:00+00:00, run_after=2021-01-01 00:00:00+00:00
[2025-12-27T14:38:03.832+0000] {processor.py:183} INFO - Processing /home/airflow/.local/lib/python3.12/site-packages/airflow/example_dags/example_xcom.py took 0.326 seconds
[2025-12-27T14:38:35.535+0000] {processor.py:161} INFO - Started process (PID=2351) to work on /home/airflow/.local/lib/python3.12/site-packages/airflow/example_dags/example_xcom.py
[2025-12-27T14:38:35.553+0000] {processor.py:830} INFO - Processing file /home/airflow/.local/lib/python3.12/site-packages/airflow/example_dags/example_xcom.py for tasks to queue
[2025-12-27T14:38:35.559+0000] {logging_mixin.py:188} INFO - [2025-12-27T14:38:35.556+0000] {dagbag.py:540} INFO - Filling up the DagBag from /home/airflow/.local/lib/python3.12/site-packages/airflow/example_dags/example_xcom.py
[2025-12-27T14:38:35.617+0000] {processor.py:840} INFO - DAG(s) 'example_xcom' retrieved from /home/airflow/.local/lib/python3.12/site-packages/airflow/example_dags/example_xcom.py
[2025-12-27T14:38:35.710+0000] {logging_mixin.py:188} INFO - [2025-12-27T14:38:35.709+0000] {dag.py:3096} INFO - Sync 1 DAGs
[2025-12-27T14:38:35.814+0000] {logging_mixin.py:188} INFO - [2025-12-27T14:38:35.813+0000] {dag.py:3954} INFO - Setting next_dagrun for example_xcom to 2021-01-01 00:00:00+00:00, run_after=2021-01-01 00:00:00+00:00
[2025-12-27T14:38:35.883+0000] {processor.py:183} INFO - Processing /home/airflow/.local/lib/python3.12/site-packages/airflow/example_dags/example_xcom.py took 0.399 seconds
[2025-12-27T14:39:06.137+0000] {processor.py:161} INFO - Started process (PID=2410) to work on /home/airflow/.local/lib/python3.12/site-packages/airflow/example_dags/example_xcom.py
[2025-12-27T14:39:06.140+0000] {processor.py:830} INFO - Processing file /home/airflow/.local/lib/python3.12/site-packages/airflow/example_dags/example_xcom.py for tasks to queue
[2025-12-27T14:39:06.143+0000] {logging_mixin.py:188} INFO - [2025-12-27T14:39:06.142+0000] {dagbag.py:540} INFO - Filling up the DagBag from /home/airflow/.local/lib/python3.12/site-packages/airflow/example_dags/example_xcom.py
[2025-12-27T14:39:06.176+0000] {processor.py:840} INFO - DAG(s) 'example_xcom' retrieved from /home/airflow/.local/lib/python3.12/site-packages/airflow/example_dags/example_xcom.py
[2025-12-27T14:39:06.249+0000] {logging_mixin.py:188} INFO - [2025-12-27T14:39:06.248+0000] {dag.py:3096} INFO - Sync 1 DAGs
[2025-12-27T14:39:06.347+0000] {logging_mixin.py:188} INFO - [2025-12-27T14:39:06.344+0000] {dag.py:3954} INFO - Setting next_dagrun for example_xcom to 2021-01-01 00:00:00+00:00, run_after=2021-01-01 00:00:00+00:00
[2025-12-27T14:39:06.427+0000] {processor.py:183} INFO - Processing /home/airflow/.local/lib/python3.12/site-packages/airflow/example_dags/example_xcom.py took 0.309 seconds
[2025-12-27T14:39:43.465+0000] {processor.py:161} INFO - Started process (PID=2473) to work on /home/airflow/.local/lib/python3.12/site-packages/airflow/example_dags/example_xcom.py
[2025-12-27T14:39:43.470+0000] {processor.py:830} INFO - Processing file /home/airflow/.local/lib/python3.12/site-packages/airflow/example_dags/example_xcom.py for tasks to queue
[2025-12-27T14:39:43.473+0000] {logging_mixin.py:188} INFO - [2025-12-27T14:39:43.472+0000] {dagbag.py:540} INFO - Filling up the DagBag from /home/airflow/.local/lib/python3.12/site-packages/airflow/example_dags/example_xcom.py
[2025-12-27T14:39:43.497+0000] {processor.py:840} INFO - DAG(s) 'example_xcom' retrieved from /home/airflow/.local/lib/python3.12/site-packages/airflow/example_dags/example_xcom.py
[2025-12-27T14:39:43.568+0000] {logging_mixin.py:188} INFO - [2025-12-27T14:39:43.567+0000] {dag.py:3096} INFO - Sync 1 DAGs
[2025-12-27T14:39:43.624+0000] {logging_mixin.py:188} INFO - [2025-12-27T14:39:43.623+0000] {dag.py:3954} INFO - Setting next_dagrun for example_xcom to 2021-01-01 00:00:00+00:00, run_after=2021-01-01 00:00:00+00:00
[2025-12-27T14:39:43.760+0000] {processor.py:183} INFO - Processing /home/airflow/.local/lib/python3.12/site-packages/airflow/example_dags/example_xcom.py took 0.312 seconds
[2025-12-27T14:40:14.398+0000] {processor.py:161} INFO - Started process (PID=2532) to work on /home/airflow/.local/lib/python3.12/site-packages/airflow/example_dags/example_xcom.py
[2025-12-27T14:40:14.402+0000] {processor.py:830} INFO - Processing file /home/airflow/.local/lib/python3.12/site-packages/airflow/example_dags/example_xcom.py for tasks to queue
[2025-12-27T14:40:14.405+0000] {logging_mixin.py:188} INFO - [2025-12-27T14:40:14.404+0000] {dagbag.py:540} INFO - Filling up the DagBag from /home/airflow/.local/lib/python3.12/site-packages/airflow/example_dags/example_xcom.py
[2025-12-27T14:40:14.431+0000] {processor.py:840} INFO - DAG(s) 'example_xcom' retrieved from /home/airflow/.local/lib/python3.12/site-packages/airflow/example_dags/example_xcom.py
[2025-12-27T14:40:14.496+0000] {logging_mixin.py:188} INFO - [2025-12-27T14:40:14.495+0000] {dag.py:3096} INFO - Sync 1 DAGs
[2025-12-27T14:40:14.559+0000] {logging_mixin.py:188} INFO - [2025-12-27T14:40:14.559+0000] {dag.py:3954} INFO - Setting next_dagrun for example_xcom to 2021-01-01 00:00:00+00:00, run_after=2021-01-01 00:00:00+00:00
[2025-12-27T14:40:14.615+0000] {processor.py:183} INFO - Processing /home/airflow/.local/lib/python3.12/site-packages/airflow/example_dags/example_xcom.py took 0.233 seconds
[2025-12-27T14:40:45.203+0000] {processor.py:161} INFO - Started process (PID=2588) to work on /home/airflow/.local/lib/python3.12/site-packages/airflow/example_dags/example_xcom.py
[2025-12-27T14:40:45.207+0000] {processor.py:830} INFO - Processing file /home/airflow/.local/lib/python3.12/site-packages/airflow/example_dags/example_xcom.py for tasks to queue
[2025-12-27T14:40:45.210+0000] {logging_mixin.py:188} INFO - [2025-12-27T14:40:45.209+0000] {dagbag.py:540} INFO - Filling up the DagBag from /home/airflow/.local/lib/python3.12/site-packages/airflow/example_dags/example_xcom.py
[2025-12-27T14:40:45.239+0000] {processor.py:840} INFO - DAG(s) 'example_xcom' retrieved from /home/airflow/.local/lib/python3.12/site-packages/airflow/example_dags/example_xcom.py
[2025-12-27T14:40:45.298+0000] {logging_mixin.py:188} INFO - [2025-12-27T14:40:45.298+0000] {dag.py:3096} INFO - Sync 1 DAGs
[2025-12-27T14:40:45.367+0000] {logging_mixin.py:188} INFO - [2025-12-27T14:40:45.366+0000] {dag.py:3954} INFO - Setting next_dagrun for example_xcom to 2021-01-01 00:00:00+00:00, run_after=2021-01-01 00:00:00+00:00
[2025-12-27T14:40:45.422+0000] {processor.py:183} INFO - Processing /home/airflow/.local/lib/python3.12/site-packages/airflow/example_dags/example_xcom.py took 0.246 seconds
[2025-12-27T14:41:15.797+0000] {processor.py:161} INFO - Started process (PID=2647) to work on /home/airflow/.local/lib/python3.12/site-packages/airflow/example_dags/example_xcom.py
[2025-12-27T14:41:15.800+0000] {processor.py:830} INFO - Processing file /home/airflow/.local/lib/python3.12/site-packages/airflow/example_dags/example_xcom.py for tasks to queue
[2025-12-27T14:41:15.803+0000] {logging_mixin.py:188} INFO - [2025-12-27T14:41:15.802+0000] {dagbag.py:540} INFO - Filling up the DagBag from /home/airflow/.local/lib/python3.12/site-packages/airflow/example_dags/example_xcom.py
[2025-12-27T14:41:15.826+0000] {processor.py:840} INFO - DAG(s) 'example_xcom' retrieved from /home/airflow/.local/lib/python3.12/site-packages/airflow/example_dags/example_xcom.py
[2025-12-27T14:41:15.902+0000] {logging_mixin.py:188} INFO - [2025-12-27T14:41:15.902+0000] {dag.py:3096} INFO - Sync 1 DAGs
[2025-12-27T14:41:15.970+0000] {logging_mixin.py:188} INFO - [2025-12-27T14:41:15.969+0000] {dag.py:3954} INFO - Setting next_dagrun for example_xcom to 2021-01-01 00:00:00+00:00, run_after=2021-01-01 00:00:00+00:00
[2025-12-27T14:41:16.022+0000] {processor.py:183} INFO - Processing /home/airflow/.local/lib/python3.12/site-packages/airflow/example_dags/example_xcom.py took 0.241 seconds
[2025-12-27T14:41:46.449+0000] {processor.py:161} INFO - Started process (PID=2706) to work on /home/airflow/.local/lib/python3.12/site-packages/airflow/example_dags/example_xcom.py
[2025-12-27T14:41:46.452+0000] {processor.py:830} INFO - Processing file /home/airflow/.local/lib/python3.12/site-packages/airflow/example_dags/example_xcom.py for tasks to queue
[2025-12-27T14:41:46.454+0000] {logging_mixin.py:188} INFO - [2025-12-27T14:41:46.453+0000] {dagbag.py:540} INFO - Filling up the DagBag from /home/airflow/.local/lib/python3.12/site-packages/airflow/example_dags/example_xcom.py
[2025-12-27T14:41:46.475+0000] {processor.py:840} INFO - DAG(s) 'example_xcom' retrieved from /home/airflow/.local/lib/python3.12/site-packages/airflow/example_dags/example_xcom.py
[2025-12-27T14:41:46.540+0000] {logging_mixin.py:188} INFO - [2025-12-27T14:41:46.540+0000] {dag.py:3096} INFO - Sync 1 DAGs
[2025-12-27T14:41:46.602+0000] {logging_mixin.py:188} INFO - [2025-12-27T14:41:46.601+0000] {dag.py:3954} INFO - Setting next_dagrun for example_xcom to 2021-01-01 00:00:00+00:00, run_after=2021-01-01 00:00:00+00:00
[2025-12-27T14:41:46.659+0000] {processor.py:183} INFO - Processing /home/airflow/.local/lib/python3.12/site-packages/airflow/example_dags/example_xcom.py took 0.226 seconds
[2025-12-27T14:42:17.045+0000] {processor.py:161} INFO - Started process (PID=2764) to work on /home/airflow/.local/lib/python3.12/site-packages/airflow/example_dags/example_xcom.py
[2025-12-27T14:42:17.048+0000] {processor.py:830} INFO - Processing file /home/airflow/.local/lib/python3.12/site-packages/airflow/example_dags/example_xcom.py for tasks to queue
[2025-12-27T14:42:17.051+0000] {logging_mixin.py:188} INFO - [2025-12-27T14:42:17.050+0000] {dagbag.py:540} INFO - Filling up the DagBag from /home/airflow/.local/lib/python3.12/site-packages/airflow/example_dags/example_xcom.py
[2025-12-27T14:42:17.073+0000] {processor.py:840} INFO - DAG(s) 'example_xcom' retrieved from /home/airflow/.local/lib/python3.12/site-packages/airflow/example_dags/example_xcom.py
[2025-12-27T14:42:17.144+0000] {logging_mixin.py:188} INFO - [2025-12-27T14:42:17.143+0000] {dag.py:3096} INFO - Sync 1 DAGs
[2025-12-27T14:42:17.205+0000] {logging_mixin.py:188} INFO - [2025-12-27T14:42:17.204+0000] {dag.py:3954} INFO - Setting next_dagrun for example_xcom to 2021-01-01 00:00:00+00:00, run_after=2021-01-01 00:00:00+00:00
[2025-12-27T14:42:17.351+0000] {processor.py:183} INFO - Processing /home/airflow/.local/lib/python3.12/site-packages/airflow/example_dags/example_xcom.py took 0.329 seconds
[2025-12-27T14:42:47.473+0000] {processor.py:161} INFO - Started process (PID=2822) to work on /home/airflow/.local/lib/python3.12/site-packages/airflow/example_dags/example_xcom.py
[2025-12-27T14:42:47.475+0000] {processor.py:830} INFO - Processing file /home/airflow/.local/lib/python3.12/site-packages/airflow/example_dags/example_xcom.py for tasks to queue
[2025-12-27T14:42:47.478+0000] {logging_mixin.py:188} INFO - [2025-12-27T14:42:47.477+0000] {dagbag.py:540} INFO - Filling up the DagBag from /home/airflow/.local/lib/python3.12/site-packages/airflow/example_dags/example_xcom.py
[2025-12-27T14:42:47.504+0000] {processor.py:840} INFO - DAG(s) 'example_xcom' retrieved from /home/airflow/.local/lib/python3.12/site-packages/airflow/example_dags/example_xcom.py
[2025-12-27T14:42:47.560+0000] {logging_mixin.py:188} INFO - [2025-12-27T14:42:47.559+0000] {dag.py:3096} INFO - Sync 1 DAGs
[2025-12-27T14:42:47.615+0000] {logging_mixin.py:188} INFO - [2025-12-27T14:42:47.614+0000] {dag.py:3954} INFO - Setting next_dagrun for example_xcom to 2021-01-01 00:00:00+00:00, run_after=2021-01-01 00:00:00+00:00
[2025-12-27T14:42:47.668+0000] {processor.py:183} INFO - Processing /home/airflow/.local/lib/python3.12/site-packages/airflow/example_dags/example_xcom.py took 0.212 seconds
[2025-12-27T14:43:18.395+0000] {processor.py:161} INFO - Started process (PID=2879) to work on /home/airflow/.local/lib/python3.12/site-packages/airflow/example_dags/example_xcom.py
[2025-12-27T14:43:18.398+0000] {processor.py:830} INFO - Processing file /home/airflow/.local/lib/python3.12/site-packages/airflow/example_dags/example_xcom.py for tasks to queue
[2025-12-27T14:43:18.405+0000] {logging_mixin.py:188} INFO - [2025-12-27T14:43:18.404+0000] {dagbag.py:540} INFO - Filling up the DagBag from /home/airflow/.local/lib/python3.12/site-packages/airflow/example_dags/example_xcom.py
[2025-12-27T14:43:18.429+0000] {processor.py:840} INFO - DAG(s) 'example_xcom' retrieved from /home/airflow/.local/lib/python3.12/site-packages/airflow/example_dags/example_xcom.py
[2025-12-27T14:43:18.504+0000] {logging_mixin.py:188} INFO - [2025-12-27T14:43:18.503+0000] {dag.py:3096} INFO - Sync 1 DAGs
[2025-12-27T14:43:18.566+0000] {logging_mixin.py:188} INFO - [2025-12-27T14:43:18.565+0000] {dag.py:3954} INFO - Setting next_dagrun for example_xcom to 2021-01-01 00:00:00+00:00, run_after=2021-01-01 00:00:00+00:00
[2025-12-27T14:43:18.632+0000] {processor.py:183} INFO - Processing /home/airflow/.local/lib/python3.12/site-packages/airflow/example_dags/example_xcom.py took 0.259 seconds
[2025-12-27T14:43:49.652+0000] {processor.py:161} INFO - Started process (PID=2937) to work on /home/airflow/.local/lib/python3.12/site-packages/airflow/example_dags/example_xcom.py
[2025-12-27T14:43:49.658+0000] {processor.py:830} INFO - Processing file /home/airflow/.local/lib/python3.12/site-packages/airflow/example_dags/example_xcom.py for tasks to queue
[2025-12-27T14:43:49.664+0000] {logging_mixin.py:188} INFO - [2025-12-27T14:43:49.661+0000] {dagbag.py:540} INFO - Filling up the DagBag from /home/airflow/.local/lib/python3.12/site-packages/airflow/example_dags/example_xcom.py
[2025-12-27T14:43:49.702+0000] {processor.py:840} INFO - DAG(s) 'example_xcom' retrieved from /home/airflow/.local/lib/python3.12/site-packages/airflow/example_dags/example_xcom.py
[2025-12-27T14:43:49.808+0000] {logging_mixin.py:188} INFO - [2025-12-27T14:43:49.807+0000] {dag.py:3096} INFO - Sync 1 DAGs
[2025-12-27T14:43:49.895+0000] {logging_mixin.py:188} INFO - [2025-12-27T14:43:49.893+0000] {dag.py:3954} INFO - Setting next_dagrun for example_xcom to 2021-01-01 00:00:00+00:00, run_after=2021-01-01 00:00:00+00:00
[2025-12-27T14:43:49.983+0000] {processor.py:183} INFO - Processing /home/airflow/.local/lib/python3.12/site-packages/airflow/example_dags/example_xcom.py took 0.366 seconds
[2025-12-27T14:44:20.447+0000] {processor.py:161} INFO - Started process (PID=2996) to work on /home/airflow/.local/lib/python3.12/site-packages/airflow/example_dags/example_xcom.py
[2025-12-27T14:44:20.449+0000] {processor.py:830} INFO - Processing file /home/airflow/.local/lib/python3.12/site-packages/airflow/example_dags/example_xcom.py for tasks to queue
[2025-12-27T14:44:20.451+0000] {logging_mixin.py:188} INFO - [2025-12-27T14:44:20.451+0000] {dagbag.py:540} INFO - Filling up the DagBag from /home/airflow/.local/lib/python3.12/site-packages/airflow/example_dags/example_xcom.py
[2025-12-27T14:44:20.473+0000] {processor.py:840} INFO - DAG(s) 'example_xcom' retrieved from /home/airflow/.local/lib/python3.12/site-packages/airflow/example_dags/example_xcom.py
[2025-12-27T14:44:20.544+0000] {logging_mixin.py:188} INFO - [2025-12-27T14:44:20.542+0000] {dag.py:3096} INFO - Sync 1 DAGs
[2025-12-27T14:44:20.610+0000] {logging_mixin.py:188} INFO - [2025-12-27T14:44:20.610+0000] {dag.py:3954} INFO - Setting next_dagrun for example_xcom to 2021-01-01 00:00:00+00:00, run_after=2021-01-01 00:00:00+00:00
[2025-12-27T14:44:20.674+0000] {processor.py:183} INFO - Processing /home/airflow/.local/lib/python3.12/site-packages/airflow/example_dags/example_xcom.py took 0.245 seconds
[2025-12-27T14:44:52.390+0000] {processor.py:161} INFO - Started process (PID=3055) to work on /home/airflow/.local/lib/python3.12/site-packages/airflow/example_dags/example_xcom.py
[2025-12-27T14:44:52.394+0000] {processor.py:830} INFO - Processing file /home/airflow/.local/lib/python3.12/site-packages/airflow/example_dags/example_xcom.py for tasks to queue
[2025-12-27T14:44:52.398+0000] {logging_mixin.py:188} INFO - [2025-12-27T14:44:52.397+0000] {dagbag.py:540} INFO - Filling up the DagBag from /home/airflow/.local/lib/python3.12/site-packages/airflow/example_dags/example_xcom.py
[2025-12-27T14:44:52.428+0000] {processor.py:840} INFO - DAG(s) 'example_xcom' retrieved from /home/airflow/.local/lib/python3.12/site-packages/airflow/example_dags/example_xcom.py
[2025-12-27T14:44:52.516+0000] {logging_mixin.py:188} INFO - [2025-12-27T14:44:52.516+0000] {dag.py:3096} INFO - Sync 1 DAGs
[2025-12-27T14:44:52.623+0000] {logging_mixin.py:188} INFO - [2025-12-27T14:44:52.622+0000] {dag.py:3954} INFO - Setting next_dagrun for example_xcom to 2021-01-01 00:00:00+00:00, run_after=2021-01-01 00:00:00+00:00
[2025-12-27T14:44:52.707+0000] {processor.py:183} INFO - Processing /home/airflow/.local/lib/python3.12/site-packages/airflow/example_dags/example_xcom.py took 0.342 seconds
[2025-12-27T14:45:23.525+0000] {processor.py:161} INFO - Started process (PID=3114) to work on /home/airflow/.local/lib/python3.12/site-packages/airflow/example_dags/example_xcom.py
[2025-12-27T14:45:23.528+0000] {processor.py:830} INFO - Processing file /home/airflow/.local/lib/python3.12/site-packages/airflow/example_dags/example_xcom.py for tasks to queue
[2025-12-27T14:45:23.530+0000] {logging_mixin.py:188} INFO - [2025-12-27T14:45:23.529+0000] {dagbag.py:540} INFO - Filling up the DagBag from /home/airflow/.local/lib/python3.12/site-packages/airflow/example_dags/example_xcom.py
[2025-12-27T14:45:23.560+0000] {processor.py:840} INFO - DAG(s) 'example_xcom' retrieved from /home/airflow/.local/lib/python3.12/site-packages/airflow/example_dags/example_xcom.py
[2025-12-27T14:45:23.628+0000] {logging_mixin.py:188} INFO - [2025-12-27T14:45:23.628+0000] {dag.py:3096} INFO - Sync 1 DAGs
[2025-12-27T14:45:23.696+0000] {logging_mixin.py:188} INFO - [2025-12-27T14:45:23.695+0000] {dag.py:3954} INFO - Setting next_dagrun for example_xcom to 2021-01-01 00:00:00+00:00, run_after=2021-01-01 00:00:00+00:00
[2025-12-27T14:45:23.762+0000] {processor.py:183} INFO - Processing /home/airflow/.local/lib/python3.12/site-packages/airflow/example_dags/example_xcom.py took 0.259 seconds
[2025-12-27T14:45:53.928+0000] {processor.py:161} INFO - Started process (PID=3172) to work on /home/airflow/.local/lib/python3.12/site-packages/airflow/example_dags/example_xcom.py
[2025-12-27T14:45:53.930+0000] {processor.py:830} INFO - Processing file /home/airflow/.local/lib/python3.12/site-packages/airflow/example_dags/example_xcom.py for tasks to queue
[2025-12-27T14:45:53.933+0000] {logging_mixin.py:188} INFO - [2025-12-27T14:45:53.932+0000] {dagbag.py:540} INFO - Filling up the DagBag from /home/airflow/.local/lib/python3.12/site-packages/airflow/example_dags/example_xcom.py
[2025-12-27T14:45:53.960+0000] {processor.py:840} INFO - DAG(s) 'example_xcom' retrieved from /home/airflow/.local/lib/python3.12/site-packages/airflow/example_dags/example_xcom.py
[2025-12-27T14:45:54.022+0000] {logging_mixin.py:188} INFO - [2025-12-27T14:45:54.022+0000] {dag.py:3096} INFO - Sync 1 DAGs
[2025-12-27T14:45:54.085+0000] {logging_mixin.py:188} INFO - [2025-12-27T14:45:54.084+0000] {dag.py:3954} INFO - Setting next_dagrun for example_xcom to 2021-01-01 00:00:00+00:00, run_after=2021-01-01 00:00:00+00:00
[2025-12-27T14:45:54.138+0000] {processor.py:183} INFO - Processing /home/airflow/.local/lib/python3.12/site-packages/airflow/example_dags/example_xcom.py took 0.229 seconds
[2025-12-27T14:46:24.405+0000] {processor.py:161} INFO - Started process (PID=3230) to work on /home/airflow/.local/lib/python3.12/site-packages/airflow/example_dags/example_xcom.py
[2025-12-27T14:46:24.408+0000] {processor.py:830} INFO - Processing file /home/airflow/.local/lib/python3.12/site-packages/airflow/example_dags/example_xcom.py for tasks to queue
[2025-12-27T14:46:24.411+0000] {logging_mixin.py:188} INFO - [2025-12-27T14:46:24.410+0000] {dagbag.py:540} INFO - Filling up the DagBag from /home/airflow/.local/lib/python3.12/site-packages/airflow/example_dags/example_xcom.py
[2025-12-27T14:46:24.439+0000] {processor.py:840} INFO - DAG(s) 'example_xcom' retrieved from /home/airflow/.local/lib/python3.12/site-packages/airflow/example_dags/example_xcom.py
[2025-12-27T14:46:24.505+0000] {logging_mixin.py:188} INFO - [2025-12-27T14:46:24.504+0000] {dag.py:3096} INFO - Sync 1 DAGs
[2025-12-27T14:46:24.606+0000] {logging_mixin.py:188} INFO - [2025-12-27T14:46:24.605+0000] {dag.py:3954} INFO - Setting next_dagrun for example_xcom to 2021-01-01 00:00:00+00:00, run_after=2021-01-01 00:00:00+00:00
[2025-12-27T14:46:24.677+0000] {processor.py:183} INFO - Processing /home/airflow/.local/lib/python3.12/site-packages/airflow/example_dags/example_xcom.py took 0.290 seconds
[2025-12-27T14:46:55.172+0000] {processor.py:161} INFO - Started process (PID=3289) to work on /home/airflow/.local/lib/python3.12/site-packages/airflow/example_dags/example_xcom.py
[2025-12-27T14:46:55.174+0000] {processor.py:830} INFO - Processing file /home/airflow/.local/lib/python3.12/site-packages/airflow/example_dags/example_xcom.py for tasks to queue
[2025-12-27T14:46:55.177+0000] {logging_mixin.py:188} INFO - [2025-12-27T14:46:55.176+0000] {dagbag.py:540} INFO - Filling up the DagBag from /home/airflow/.local/lib/python3.12/site-packages/airflow/example_dags/example_xcom.py
[2025-12-27T14:46:55.205+0000] {processor.py:840} INFO - DAG(s) 'example_xcom' retrieved from /home/airflow/.local/lib/python3.12/site-packages/airflow/example_dags/example_xcom.py
[2025-12-27T14:46:55.266+0000] {logging_mixin.py:188} INFO - [2025-12-27T14:46:55.266+0000] {dag.py:3096} INFO - Sync 1 DAGs
[2025-12-27T14:46:55.340+0000] {logging_mixin.py:188} INFO - [2025-12-27T14:46:55.339+0000] {dag.py:3954} INFO - Setting next_dagrun for example_xcom to 2021-01-01 00:00:00+00:00, run_after=2021-01-01 00:00:00+00:00
[2025-12-27T14:46:55.415+0000] {processor.py:183} INFO - Processing /home/airflow/.local/lib/python3.12/site-packages/airflow/example_dags/example_xcom.py took 0.260 seconds
[2025-12-27T14:47:25.611+0000] {processor.py:161} INFO - Started process (PID=3347) to work on /home/airflow/.local/lib/python3.12/site-packages/airflow/example_dags/example_xcom.py
[2025-12-27T14:47:25.614+0000] {processor.py:830} INFO - Processing file /home/airflow/.local/lib/python3.12/site-packages/airflow/example_dags/example_xcom.py for tasks to queue
[2025-12-27T14:47:25.617+0000] {logging_mixin.py:188} INFO - [2025-12-27T14:47:25.615+0000] {dagbag.py:540} INFO - Filling up the DagBag from /home/airflow/.local/lib/python3.12/site-packages/airflow/example_dags/example_xcom.py
[2025-12-27T14:47:25.641+0000] {processor.py:840} INFO - DAG(s) 'example_xcom' retrieved from /home/airflow/.local/lib/python3.12/site-packages/airflow/example_dags/example_xcom.py
[2025-12-27T14:47:25.704+0000] {logging_mixin.py:188} INFO - [2025-12-27T14:47:25.703+0000] {dag.py:3096} INFO - Sync 1 DAGs
[2025-12-27T14:47:25.761+0000] {logging_mixin.py:188} INFO - [2025-12-27T14:47:25.760+0000] {dag.py:3954} INFO - Setting next_dagrun for example_xcom to 2021-01-01 00:00:00+00:00, run_after=2021-01-01 00:00:00+00:00
[2025-12-27T14:47:25.816+0000] {processor.py:183} INFO - Processing /home/airflow/.local/lib/python3.12/site-packages/airflow/example_dags/example_xcom.py took 0.226 seconds
[2025-12-27T14:47:56.040+0000] {processor.py:161} INFO - Started process (PID=3405) to work on /home/airflow/.local/lib/python3.12/site-packages/airflow/example_dags/example_xcom.py
[2025-12-27T14:47:56.043+0000] {processor.py:830} INFO - Processing file /home/airflow/.local/lib/python3.12/site-packages/airflow/example_dags/example_xcom.py for tasks to queue
[2025-12-27T14:47:56.046+0000] {logging_mixin.py:188} INFO - [2025-12-27T14:47:56.045+0000] {dagbag.py:540} INFO - Filling up the DagBag from /home/airflow/.local/lib/python3.12/site-packages/airflow/example_dags/example_xcom.py
[2025-12-27T14:47:56.070+0000] {processor.py:840} INFO - DAG(s) 'example_xcom' retrieved from /home/airflow/.local/lib/python3.12/site-packages/airflow/example_dags/example_xcom.py
[2025-12-27T14:47:56.128+0000] {logging_mixin.py:188} INFO - [2025-12-27T14:47:56.127+0000] {dag.py:3096} INFO - Sync 1 DAGs
[2025-12-27T14:47:56.186+0000] {logging_mixin.py:188} INFO - [2025-12-27T14:47:56.185+0000] {dag.py:3954} INFO - Setting next_dagrun for example_xcom to 2021-01-01 00:00:00+00:00, run_after=2021-01-01 00:00:00+00:00
[2025-12-27T14:47:56.246+0000] {processor.py:183} INFO - Processing /home/airflow/.local/lib/python3.12/site-packages/airflow/example_dags/example_xcom.py took 0.223 seconds
[2025-12-27T14:48:27.675+0000] {processor.py:161} INFO - Started process (PID=3466) to work on /home/airflow/.local/lib/python3.12/site-packages/airflow/example_dags/example_xcom.py
[2025-12-27T14:48:27.687+0000] {processor.py:830} INFO - Processing file /home/airflow/.local/lib/python3.12/site-packages/airflow/example_dags/example_xcom.py for tasks to queue
[2025-12-27T14:48:27.692+0000] {logging_mixin.py:188} INFO - [2025-12-27T14:48:27.690+0000] {dagbag.py:540} INFO - Filling up the DagBag from /home/airflow/.local/lib/python3.12/site-packages/airflow/example_dags/example_xcom.py
[2025-12-27T14:48:27.748+0000] {processor.py:840} INFO - DAG(s) 'example_xcom' retrieved from /home/airflow/.local/lib/python3.12/site-packages/airflow/example_dags/example_xcom.py
[2025-12-27T14:48:27.942+0000] {logging_mixin.py:188} INFO - [2025-12-27T14:48:27.941+0000] {dag.py:3096} INFO - Sync 1 DAGs
[2025-12-27T14:48:28.098+0000] {logging_mixin.py:188} INFO - [2025-12-27T14:48:28.097+0000] {dag.py:3954} INFO - Setting next_dagrun for example_xcom to 2021-01-01 00:00:00+00:00, run_after=2021-01-01 00:00:00+00:00
[2025-12-27T14:48:28.264+0000] {processor.py:183} INFO - Processing /home/airflow/.local/lib/python3.12/site-packages/airflow/example_dags/example_xcom.py took 0.622 seconds
[2025-12-27T14:49:04.122+0000] {processor.py:161} INFO - Started process (PID=3527) to work on /home/airflow/.local/lib/python3.12/site-packages/airflow/example_dags/example_xcom.py
[2025-12-27T14:49:04.125+0000] {processor.py:830} INFO - Processing file /home/airflow/.local/lib/python3.12/site-packages/airflow/example_dags/example_xcom.py for tasks to queue
[2025-12-27T14:49:04.139+0000] {logging_mixin.py:188} INFO - [2025-12-27T14:49:04.138+0000] {dagbag.py:540} INFO - Filling up the DagBag from /home/airflow/.local/lib/python3.12/site-packages/airflow/example_dags/example_xcom.py
[2025-12-27T14:49:04.213+0000] {processor.py:840} INFO - DAG(s) 'example_xcom' retrieved from /home/airflow/.local/lib/python3.12/site-packages/airflow/example_dags/example_xcom.py
[2025-12-27T14:49:04.326+0000] {logging_mixin.py:188} INFO - [2025-12-27T14:49:04.324+0000] {dag.py:3096} INFO - Sync 1 DAGs
[2025-12-27T14:49:04.454+0000] {logging_mixin.py:188} INFO - [2025-12-27T14:49:04.454+0000] {dag.py:3954} INFO - Setting next_dagrun for example_xcom to 2021-01-01 00:00:00+00:00, run_after=2021-01-01 00:00:00+00:00
[2025-12-27T14:49:04.523+0000] {processor.py:183} INFO - Processing /home/airflow/.local/lib/python3.12/site-packages/airflow/example_dags/example_xcom.py took 0.461 seconds
[2025-12-27T14:49:35.037+0000] {processor.py:161} INFO - Started process (PID=3585) to work on /home/airflow/.local/lib/python3.12/site-packages/airflow/example_dags/example_xcom.py
[2025-12-27T14:49:35.040+0000] {processor.py:830} INFO - Processing file /home/airflow/.local/lib/python3.12/site-packages/airflow/example_dags/example_xcom.py for tasks to queue
[2025-12-27T14:49:35.044+0000] {logging_mixin.py:188} INFO - [2025-12-27T14:49:35.042+0000] {dagbag.py:540} INFO - Filling up the DagBag from /home/airflow/.local/lib/python3.12/site-packages/airflow/example_dags/example_xcom.py
[2025-12-27T14:49:35.079+0000] {processor.py:840} INFO - DAG(s) 'example_xcom' retrieved from /home/airflow/.local/lib/python3.12/site-packages/airflow/example_dags/example_xcom.py
[2025-12-27T14:49:35.179+0000] {logging_mixin.py:188} INFO - [2025-12-27T14:49:35.179+0000] {dag.py:3096} INFO - Sync 1 DAGs
[2025-12-27T14:49:35.279+0000] {logging_mixin.py:188} INFO - [2025-12-27T14:49:35.278+0000] {dag.py:3954} INFO - Setting next_dagrun for example_xcom to 2021-01-01 00:00:00+00:00, run_after=2021-01-01 00:00:00+00:00
[2025-12-27T14:49:35.370+0000] {processor.py:183} INFO - Processing /home/airflow/.local/lib/python3.12/site-packages/airflow/example_dags/example_xcom.py took 0.358 seconds
[2025-12-27T14:50:10.157+0000] {processor.py:161} INFO - Started process (PID=3643) to work on /home/airflow/.local/lib/python3.12/site-packages/airflow/example_dags/example_xcom.py
[2025-12-27T14:50:10.161+0000] {processor.py:830} INFO - Processing file /home/airflow/.local/lib/python3.12/site-packages/airflow/example_dags/example_xcom.py for tasks to queue
[2025-12-27T14:50:10.164+0000] {logging_mixin.py:188} INFO - [2025-12-27T14:50:10.163+0000] {dagbag.py:540} INFO - Filling up the DagBag from /home/airflow/.local/lib/python3.12/site-packages/airflow/example_dags/example_xcom.py
[2025-12-27T14:50:10.201+0000] {processor.py:840} INFO - DAG(s) 'example_xcom' retrieved from /home/airflow/.local/lib/python3.12/site-packages/airflow/example_dags/example_xcom.py
[2025-12-27T14:50:10.292+0000] {logging_mixin.py:188} INFO - [2025-12-27T14:50:10.291+0000] {dag.py:3096} INFO - Sync 1 DAGs
[2025-12-27T14:50:10.425+0000] {logging_mixin.py:188} INFO - [2025-12-27T14:50:10.425+0000] {dag.py:3954} INFO - Setting next_dagrun for example_xcom to 2021-01-01 00:00:00+00:00, run_after=2021-01-01 00:00:00+00:00
[2025-12-27T14:50:10.515+0000] {processor.py:183} INFO - Processing /home/airflow/.local/lib/python3.12/site-packages/airflow/example_dags/example_xcom.py took 0.380 seconds
[2025-12-27T14:50:40.940+0000] {processor.py:161} INFO - Started process (PID=3699) to work on /home/airflow/.local/lib/python3.12/site-packages/airflow/example_dags/example_xcom.py
[2025-12-27T14:50:40.944+0000] {processor.py:830} INFO - Processing file /home/airflow/.local/lib/python3.12/site-packages/airflow/example_dags/example_xcom.py for tasks to queue
[2025-12-27T14:50:40.949+0000] {logging_mixin.py:188} INFO - [2025-12-27T14:50:40.948+0000] {dagbag.py:540} INFO - Filling up the DagBag from /home/airflow/.local/lib/python3.12/site-packages/airflow/example_dags/example_xcom.py
[2025-12-27T14:50:40.991+0000] {processor.py:840} INFO - DAG(s) 'example_xcom' retrieved from /home/airflow/.local/lib/python3.12/site-packages/airflow/example_dags/example_xcom.py
[2025-12-27T14:50:41.108+0000] {logging_mixin.py:188} INFO - [2025-12-27T14:50:41.108+0000] {dag.py:3096} INFO - Sync 1 DAGs
[2025-12-27T14:50:41.228+0000] {logging_mixin.py:188} INFO - [2025-12-27T14:50:41.227+0000] {dag.py:3954} INFO - Setting next_dagrun for example_xcom to 2021-01-01 00:00:00+00:00, run_after=2021-01-01 00:00:00+00:00
[2025-12-27T14:50:41.347+0000] {processor.py:183} INFO - Processing /home/airflow/.local/lib/python3.12/site-packages/airflow/example_dags/example_xcom.py took 0.438 seconds
[2025-12-27T14:51:23.341+0000] {processor.py:161} INFO - Started process (PID=3771) to work on /home/airflow/.local/lib/python3.12/site-packages/airflow/example_dags/example_xcom.py
[2025-12-27T14:51:23.372+0000] {processor.py:830} INFO - Processing file /home/airflow/.local/lib/python3.12/site-packages/airflow/example_dags/example_xcom.py for tasks to queue
[2025-12-27T14:51:23.377+0000] {logging_mixin.py:188} INFO - [2025-12-27T14:51:23.375+0000] {dagbag.py:540} INFO - Filling up the DagBag from /home/airflow/.local/lib/python3.12/site-packages/airflow/example_dags/example_xcom.py
[2025-12-27T14:51:23.449+0000] {processor.py:840} INFO - DAG(s) 'example_xcom' retrieved from /home/airflow/.local/lib/python3.12/site-packages/airflow/example_dags/example_xcom.py
[2025-12-27T14:51:23.637+0000] {logging_mixin.py:188} INFO - [2025-12-27T14:51:23.636+0000] {dag.py:3096} INFO - Sync 1 DAGs
[2025-12-27T14:51:23.847+0000] {logging_mixin.py:188} INFO - [2025-12-27T14:51:23.846+0000] {dag.py:3954} INFO - Setting next_dagrun for example_xcom to 2021-01-01 00:00:00+00:00, run_after=2021-01-01 00:00:00+00:00
[2025-12-27T14:51:24.049+0000] {processor.py:183} INFO - Processing /home/airflow/.local/lib/python3.12/site-packages/airflow/example_dags/example_xcom.py took 0.748 seconds
[2025-12-27T14:54:35.977+0000] {processor.py:161} INFO - Started process (PID=3857) to work on /home/airflow/.local/lib/python3.12/site-packages/airflow/example_dags/example_xcom.py
[2025-12-27T14:54:36.053+0000] {processor.py:830} INFO - Processing file /home/airflow/.local/lib/python3.12/site-packages/airflow/example_dags/example_xcom.py for tasks to queue
[2025-12-27T14:54:36.270+0000] {logging_mixin.py:188} INFO - [2025-12-27T14:54:36.079+0000] {dagbag.py:540} INFO - Filling up the DagBag from /home/airflow/.local/lib/python3.12/site-packages/airflow/example_dags/example_xcom.py
[2025-12-27T14:54:37.311+0000] {processor.py:840} INFO - DAG(s) 'example_xcom' retrieved from /home/airflow/.local/lib/python3.12/site-packages/airflow/example_dags/example_xcom.py
[2025-12-27T14:54:38.048+0000] {logging_mixin.py:188} INFO - [2025-12-27T14:54:38.046+0000] {dag.py:3096} INFO - Sync 1 DAGs
[2025-12-27T14:54:38.438+0000] {logging_mixin.py:188} INFO - [2025-12-27T14:54:38.438+0000] {dag.py:3954} INFO - Setting next_dagrun for example_xcom to 2021-01-01 00:00:00+00:00, run_after=2021-01-01 00:00:00+00:00
[2025-12-27T14:54:38.669+0000] {processor.py:183} INFO - Processing /home/airflow/.local/lib/python3.12/site-packages/airflow/example_dags/example_xcom.py took 2.984 seconds
