[2025-12-27T14:14:14.191+0000] {processor.py:161} INFO - Started process (PID=80) to work on /home/airflow/.local/lib/python3.12/site-packages/airflow/example_dags/example_branch_day_of_week_operator.py
[2025-12-27T14:14:14.231+0000] {processor.py:830} INFO - Processing file /home/airflow/.local/lib/python3.12/site-packages/airflow/example_dags/example_branch_day_of_week_operator.py for tasks to queue
[2025-12-27T14:14:14.303+0000] {logging_mixin.py:188} INFO - [2025-12-27T14:14:14.298+0000] {dagbag.py:540} INFO - Filling up the DagBag from /home/airflow/.local/lib/python3.12/site-packages/airflow/example_dags/example_branch_day_of_week_operator.py
[2025-12-27T14:14:14.880+0000] {processor.py:840} INFO - DAG(s) 'example_weekday_branch_operator' retrieved from /home/airflow/.local/lib/python3.12/site-packages/airflow/example_dags/example_branch_day_of_week_operator.py
[2025-12-27T14:14:17.466+0000] {logging_mixin.py:188} INFO - [2025-12-27T14:14:17.464+0000] {dag.py:3096} INFO - Sync 1 DAGs
[2025-12-27T14:14:17.717+0000] {logging_mixin.py:188} INFO - [2025-12-27T14:14:17.716+0000] {dag.py:3954} INFO - Setting next_dagrun for example_weekday_branch_operator to 2025-12-26 00:00:00+00:00, run_after=2025-12-27 00:00:00+00:00
[2025-12-27T14:14:17.938+0000] {processor.py:183} INFO - Processing /home/airflow/.local/lib/python3.12/site-packages/airflow/example_dags/example_branch_day_of_week_operator.py took 3.961 seconds
[2025-12-27T14:15:19.444+0000] {processor.py:161} INFO - Started process (PID=143) to work on /home/airflow/.local/lib/python3.12/site-packages/airflow/example_dags/example_branch_day_of_week_operator.py
[2025-12-27T14:15:19.447+0000] {processor.py:830} INFO - Processing file /home/airflow/.local/lib/python3.12/site-packages/airflow/example_dags/example_branch_day_of_week_operator.py for tasks to queue
[2025-12-27T14:15:19.455+0000] {logging_mixin.py:188} INFO - [2025-12-27T14:15:19.454+0000] {dagbag.py:540} INFO - Filling up the DagBag from /home/airflow/.local/lib/python3.12/site-packages/airflow/example_dags/example_branch_day_of_week_operator.py
[2025-12-27T14:15:19.485+0000] {processor.py:840} INFO - DAG(s) 'example_weekday_branch_operator' retrieved from /home/airflow/.local/lib/python3.12/site-packages/airflow/example_dags/example_branch_day_of_week_operator.py
[2025-12-27T14:15:19.567+0000] {logging_mixin.py:188} INFO - [2025-12-27T14:15:19.566+0000] {dag.py:3096} INFO - Sync 1 DAGs
[2025-12-27T14:15:19.656+0000] {logging_mixin.py:188} INFO - [2025-12-27T14:15:19.655+0000] {dag.py:3954} INFO - Setting next_dagrun for example_weekday_branch_operator to 2025-12-26 00:00:00+00:00, run_after=2025-12-27 00:00:00+00:00
[2025-12-27T14:15:19.736+0000] {processor.py:183} INFO - Processing /home/airflow/.local/lib/python3.12/site-packages/airflow/example_dags/example_branch_day_of_week_operator.py took 0.317 seconds
[2025-12-27T14:15:49.967+0000] {processor.py:161} INFO - Started process (PID=200) to work on /home/airflow/.local/lib/python3.12/site-packages/airflow/example_dags/example_branch_day_of_week_operator.py
[2025-12-27T14:15:49.971+0000] {processor.py:830} INFO - Processing file /home/airflow/.local/lib/python3.12/site-packages/airflow/example_dags/example_branch_day_of_week_operator.py for tasks to queue
[2025-12-27T14:15:49.976+0000] {logging_mixin.py:188} INFO - [2025-12-27T14:15:49.975+0000] {dagbag.py:540} INFO - Filling up the DagBag from /home/airflow/.local/lib/python3.12/site-packages/airflow/example_dags/example_branch_day_of_week_operator.py
[2025-12-27T14:15:50.005+0000] {processor.py:840} INFO - DAG(s) 'example_weekday_branch_operator' retrieved from /home/airflow/.local/lib/python3.12/site-packages/airflow/example_dags/example_branch_day_of_week_operator.py
[2025-12-27T14:15:50.075+0000] {logging_mixin.py:188} INFO - [2025-12-27T14:15:50.074+0000] {dag.py:3096} INFO - Sync 1 DAGs
[2025-12-27T14:15:50.141+0000] {logging_mixin.py:188} INFO - [2025-12-27T14:15:50.140+0000] {dag.py:3954} INFO - Setting next_dagrun for example_weekday_branch_operator to 2025-12-26 00:00:00+00:00, run_after=2025-12-27 00:00:00+00:00
[2025-12-27T14:15:50.201+0000] {processor.py:183} INFO - Processing /home/airflow/.local/lib/python3.12/site-packages/airflow/example_dags/example_branch_day_of_week_operator.py took 0.252 seconds
[2025-12-27T14:16:20.445+0000] {processor.py:161} INFO - Started process (PID=258) to work on /home/airflow/.local/lib/python3.12/site-packages/airflow/example_dags/example_branch_day_of_week_operator.py
[2025-12-27T14:16:20.459+0000] {processor.py:830} INFO - Processing file /home/airflow/.local/lib/python3.12/site-packages/airflow/example_dags/example_branch_day_of_week_operator.py for tasks to queue
[2025-12-27T14:16:20.473+0000] {logging_mixin.py:188} INFO - [2025-12-27T14:16:20.470+0000] {dagbag.py:540} INFO - Filling up the DagBag from /home/airflow/.local/lib/python3.12/site-packages/airflow/example_dags/example_branch_day_of_week_operator.py
[2025-12-27T14:16:20.508+0000] {processor.py:840} INFO - DAG(s) 'example_weekday_branch_operator' retrieved from /home/airflow/.local/lib/python3.12/site-packages/airflow/example_dags/example_branch_day_of_week_operator.py
[2025-12-27T14:16:20.622+0000] {logging_mixin.py:188} INFO - [2025-12-27T14:16:20.621+0000] {dag.py:3096} INFO - Sync 1 DAGs
[2025-12-27T14:16:20.716+0000] {logging_mixin.py:188} INFO - [2025-12-27T14:16:20.716+0000] {dag.py:3954} INFO - Setting next_dagrun for example_weekday_branch_operator to 2025-12-26 00:00:00+00:00, run_after=2025-12-27 00:00:00+00:00
[2025-12-27T14:16:20.793+0000] {processor.py:183} INFO - Processing /home/airflow/.local/lib/python3.12/site-packages/airflow/example_dags/example_branch_day_of_week_operator.py took 0.375 seconds
[2025-12-27T14:16:51.590+0000] {processor.py:161} INFO - Started process (PID=316) to work on /home/airflow/.local/lib/python3.12/site-packages/airflow/example_dags/example_branch_day_of_week_operator.py
[2025-12-27T14:16:51.595+0000] {processor.py:830} INFO - Processing file /home/airflow/.local/lib/python3.12/site-packages/airflow/example_dags/example_branch_day_of_week_operator.py for tasks to queue
[2025-12-27T14:16:51.607+0000] {logging_mixin.py:188} INFO - [2025-12-27T14:16:51.606+0000] {dagbag.py:540} INFO - Filling up the DagBag from /home/airflow/.local/lib/python3.12/site-packages/airflow/example_dags/example_branch_day_of_week_operator.py
[2025-12-27T14:16:51.647+0000] {processor.py:840} INFO - DAG(s) 'example_weekday_branch_operator' retrieved from /home/airflow/.local/lib/python3.12/site-packages/airflow/example_dags/example_branch_day_of_week_operator.py
[2025-12-27T14:16:51.750+0000] {logging_mixin.py:188} INFO - [2025-12-27T14:16:51.749+0000] {dag.py:3096} INFO - Sync 1 DAGs
[2025-12-27T14:16:51.891+0000] {logging_mixin.py:188} INFO - [2025-12-27T14:16:51.890+0000] {dag.py:3954} INFO - Setting next_dagrun for example_weekday_branch_operator to 2025-12-26 00:00:00+00:00, run_after=2025-12-27 00:00:00+00:00
[2025-12-27T14:16:52.005+0000] {processor.py:183} INFO - Processing /home/airflow/.local/lib/python3.12/site-packages/airflow/example_dags/example_branch_day_of_week_operator.py took 0.453 seconds
[2025-12-27T14:17:39.388+0000] {processor.py:161} INFO - Started process (PID=364) to work on /home/airflow/.local/lib/python3.12/site-packages/airflow/example_dags/example_branch_day_of_week_operator.py
[2025-12-27T14:17:39.410+0000] {processor.py:830} INFO - Processing file /home/airflow/.local/lib/python3.12/site-packages/airflow/example_dags/example_branch_day_of_week_operator.py for tasks to queue
[2025-12-27T14:17:39.439+0000] {logging_mixin.py:188} INFO - [2025-12-27T14:17:39.432+0000] {dagbag.py:540} INFO - Filling up the DagBag from /home/airflow/.local/lib/python3.12/site-packages/airflow/example_dags/example_branch_day_of_week_operator.py
[2025-12-27T14:17:39.520+0000] {processor.py:840} INFO - DAG(s) 'example_weekday_branch_operator' retrieved from /home/airflow/.local/lib/python3.12/site-packages/airflow/example_dags/example_branch_day_of_week_operator.py
[2025-12-27T14:17:39.672+0000] {logging_mixin.py:188} INFO - [2025-12-27T14:17:39.669+0000] {dag.py:3096} INFO - Sync 1 DAGs
[2025-12-27T14:17:39.843+0000] {logging_mixin.py:188} INFO - [2025-12-27T14:17:39.842+0000] {dag.py:3954} INFO - Setting next_dagrun for example_weekday_branch_operator to 2025-12-26 00:00:00+00:00, run_after=2025-12-27 00:00:00+00:00
[2025-12-27T14:17:39.971+0000] {processor.py:183} INFO - Processing /home/airflow/.local/lib/python3.12/site-packages/airflow/example_dags/example_branch_day_of_week_operator.py took 0.650 seconds
[2025-12-27T14:18:25.905+0000] {processor.py:161} INFO - Started process (PID=425) to work on /home/airflow/.local/lib/python3.12/site-packages/airflow/example_dags/example_branch_day_of_week_operator.py
[2025-12-27T14:18:25.926+0000] {processor.py:830} INFO - Processing file /home/airflow/.local/lib/python3.12/site-packages/airflow/example_dags/example_branch_day_of_week_operator.py for tasks to queue
[2025-12-27T14:18:25.935+0000] {logging_mixin.py:188} INFO - [2025-12-27T14:18:25.934+0000] {dagbag.py:540} INFO - Filling up the DagBag from /home/airflow/.local/lib/python3.12/site-packages/airflow/example_dags/example_branch_day_of_week_operator.py
[2025-12-27T14:18:25.974+0000] {processor.py:840} INFO - DAG(s) 'example_weekday_branch_operator' retrieved from /home/airflow/.local/lib/python3.12/site-packages/airflow/example_dags/example_branch_day_of_week_operator.py
[2025-12-27T14:18:26.050+0000] {logging_mixin.py:188} INFO - [2025-12-27T14:18:26.050+0000] {dag.py:3096} INFO - Sync 1 DAGs
[2025-12-27T14:18:26.144+0000] {logging_mixin.py:188} INFO - [2025-12-27T14:18:26.143+0000] {dag.py:3954} INFO - Setting next_dagrun for example_weekday_branch_operator to 2025-12-26 00:00:00+00:00, run_after=2025-12-27 00:00:00+00:00
[2025-12-27T14:18:26.371+0000] {processor.py:183} INFO - Processing /home/airflow/.local/lib/python3.12/site-packages/airflow/example_dags/example_branch_day_of_week_operator.py took 0.486 seconds
[2025-12-27T14:18:59.701+0000] {processor.py:161} INFO - Started process (PID=483) to work on /home/airflow/.local/lib/python3.12/site-packages/airflow/example_dags/example_branch_day_of_week_operator.py
[2025-12-27T14:18:59.711+0000] {processor.py:830} INFO - Processing file /home/airflow/.local/lib/python3.12/site-packages/airflow/example_dags/example_branch_day_of_week_operator.py for tasks to queue
[2025-12-27T14:18:59.721+0000] {logging_mixin.py:188} INFO - [2025-12-27T14:18:59.718+0000] {dagbag.py:540} INFO - Filling up the DagBag from /home/airflow/.local/lib/python3.12/site-packages/airflow/example_dags/example_branch_day_of_week_operator.py
[2025-12-27T14:18:59.769+0000] {processor.py:840} INFO - DAG(s) 'example_weekday_branch_operator' retrieved from /home/airflow/.local/lib/python3.12/site-packages/airflow/example_dags/example_branch_day_of_week_operator.py
[2025-12-27T14:18:59.872+0000] {logging_mixin.py:188} INFO - [2025-12-27T14:18:59.869+0000] {dag.py:3096} INFO - Sync 1 DAGs
[2025-12-27T14:18:59.974+0000] {logging_mixin.py:188} INFO - [2025-12-27T14:18:59.973+0000] {dag.py:3954} INFO - Setting next_dagrun for example_weekday_branch_operator to 2025-12-26 00:00:00+00:00, run_after=2025-12-27 00:00:00+00:00
[2025-12-27T14:19:00.057+0000] {processor.py:183} INFO - Processing /home/airflow/.local/lib/python3.12/site-packages/airflow/example_dags/example_branch_day_of_week_operator.py took 0.387 seconds
[2025-12-27T14:19:32.707+0000] {processor.py:161} INFO - Started process (PID=541) to work on /home/airflow/.local/lib/python3.12/site-packages/airflow/example_dags/example_branch_day_of_week_operator.py
[2025-12-27T14:19:32.712+0000] {processor.py:830} INFO - Processing file /home/airflow/.local/lib/python3.12/site-packages/airflow/example_dags/example_branch_day_of_week_operator.py for tasks to queue
[2025-12-27T14:19:32.723+0000] {logging_mixin.py:188} INFO - [2025-12-27T14:19:32.721+0000] {dagbag.py:540} INFO - Filling up the DagBag from /home/airflow/.local/lib/python3.12/site-packages/airflow/example_dags/example_branch_day_of_week_operator.py
[2025-12-27T14:19:32.764+0000] {processor.py:840} INFO - DAG(s) 'example_weekday_branch_operator' retrieved from /home/airflow/.local/lib/python3.12/site-packages/airflow/example_dags/example_branch_day_of_week_operator.py
[2025-12-27T14:19:32.845+0000] {logging_mixin.py:188} INFO - [2025-12-27T14:19:32.844+0000] {dag.py:3096} INFO - Sync 1 DAGs
[2025-12-27T14:19:32.923+0000] {logging_mixin.py:188} INFO - [2025-12-27T14:19:32.922+0000] {dag.py:3954} INFO - Setting next_dagrun for example_weekday_branch_operator to 2025-12-26 00:00:00+00:00, run_after=2025-12-27 00:00:00+00:00
[2025-12-27T14:19:33.166+0000] {processor.py:183} INFO - Processing /home/airflow/.local/lib/python3.12/site-packages/airflow/example_dags/example_branch_day_of_week_operator.py took 0.487 seconds
[2025-12-27T14:20:03.858+0000] {processor.py:161} INFO - Started process (PID=597) to work on /home/airflow/.local/lib/python3.12/site-packages/airflow/example_dags/example_branch_day_of_week_operator.py
[2025-12-27T14:20:03.862+0000] {processor.py:830} INFO - Processing file /home/airflow/.local/lib/python3.12/site-packages/airflow/example_dags/example_branch_day_of_week_operator.py for tasks to queue
[2025-12-27T14:20:03.876+0000] {logging_mixin.py:188} INFO - [2025-12-27T14:20:03.874+0000] {dagbag.py:540} INFO - Filling up the DagBag from /home/airflow/.local/lib/python3.12/site-packages/airflow/example_dags/example_branch_day_of_week_operator.py
[2025-12-27T14:20:03.933+0000] {processor.py:840} INFO - DAG(s) 'example_weekday_branch_operator' retrieved from /home/airflow/.local/lib/python3.12/site-packages/airflow/example_dags/example_branch_day_of_week_operator.py
[2025-12-27T14:20:04.051+0000] {logging_mixin.py:188} INFO - [2025-12-27T14:20:04.050+0000] {dag.py:3096} INFO - Sync 1 DAGs
[2025-12-27T14:20:04.152+0000] {logging_mixin.py:188} INFO - [2025-12-27T14:20:04.151+0000] {dag.py:3954} INFO - Setting next_dagrun for example_weekday_branch_operator to 2025-12-26 00:00:00+00:00, run_after=2025-12-27 00:00:00+00:00
[2025-12-27T14:20:04.211+0000] {processor.py:183} INFO - Processing /home/airflow/.local/lib/python3.12/site-packages/airflow/example_dags/example_branch_day_of_week_operator.py took 0.398 seconds
[2025-12-27T14:20:34.395+0000] {processor.py:161} INFO - Started process (PID=654) to work on /home/airflow/.local/lib/python3.12/site-packages/airflow/example_dags/example_branch_day_of_week_operator.py
[2025-12-27T14:20:34.399+0000] {processor.py:830} INFO - Processing file /home/airflow/.local/lib/python3.12/site-packages/airflow/example_dags/example_branch_day_of_week_operator.py for tasks to queue
[2025-12-27T14:20:34.404+0000] {logging_mixin.py:188} INFO - [2025-12-27T14:20:34.403+0000] {dagbag.py:540} INFO - Filling up the DagBag from /home/airflow/.local/lib/python3.12/site-packages/airflow/example_dags/example_branch_day_of_week_operator.py
[2025-12-27T14:20:34.427+0000] {processor.py:840} INFO - DAG(s) 'example_weekday_branch_operator' retrieved from /home/airflow/.local/lib/python3.12/site-packages/airflow/example_dags/example_branch_day_of_week_operator.py
[2025-12-27T14:20:34.487+0000] {logging_mixin.py:188} INFO - [2025-12-27T14:20:34.486+0000] {dag.py:3096} INFO - Sync 1 DAGs
[2025-12-27T14:20:34.553+0000] {logging_mixin.py:188} INFO - [2025-12-27T14:20:34.552+0000] {dag.py:3954} INFO - Setting next_dagrun for example_weekday_branch_operator to 2025-12-26 00:00:00+00:00, run_after=2025-12-27 00:00:00+00:00
[2025-12-27T14:20:34.603+0000] {processor.py:183} INFO - Processing /home/airflow/.local/lib/python3.12/site-packages/airflow/example_dags/example_branch_day_of_week_operator.py took 0.224 seconds
[2025-12-27T14:21:05.161+0000] {processor.py:161} INFO - Started process (PID=712) to work on /home/airflow/.local/lib/python3.12/site-packages/airflow/example_dags/example_branch_day_of_week_operator.py
[2025-12-27T14:21:05.173+0000] {processor.py:830} INFO - Processing file /home/airflow/.local/lib/python3.12/site-packages/airflow/example_dags/example_branch_day_of_week_operator.py for tasks to queue
[2025-12-27T14:21:05.187+0000] {logging_mixin.py:188} INFO - [2025-12-27T14:21:05.183+0000] {dagbag.py:540} INFO - Filling up the DagBag from /home/airflow/.local/lib/python3.12/site-packages/airflow/example_dags/example_branch_day_of_week_operator.py
[2025-12-27T14:21:05.230+0000] {processor.py:840} INFO - DAG(s) 'example_weekday_branch_operator' retrieved from /home/airflow/.local/lib/python3.12/site-packages/airflow/example_dags/example_branch_day_of_week_operator.py
[2025-12-27T14:21:05.343+0000] {logging_mixin.py:188} INFO - [2025-12-27T14:21:05.341+0000] {dag.py:3096} INFO - Sync 1 DAGs
[2025-12-27T14:21:05.508+0000] {logging_mixin.py:188} INFO - [2025-12-27T14:21:05.507+0000] {dag.py:3954} INFO - Setting next_dagrun for example_weekday_branch_operator to 2025-12-26 00:00:00+00:00, run_after=2025-12-27 00:00:00+00:00
[2025-12-27T14:21:05.632+0000] {processor.py:183} INFO - Processing /home/airflow/.local/lib/python3.12/site-packages/airflow/example_dags/example_branch_day_of_week_operator.py took 0.499 seconds
[2025-12-27T14:21:42.642+0000] {processor.py:161} INFO - Started process (PID=770) to work on /home/airflow/.local/lib/python3.12/site-packages/airflow/example_dags/example_branch_day_of_week_operator.py
[2025-12-27T14:21:42.647+0000] {processor.py:830} INFO - Processing file /home/airflow/.local/lib/python3.12/site-packages/airflow/example_dags/example_branch_day_of_week_operator.py for tasks to queue
[2025-12-27T14:21:42.663+0000] {logging_mixin.py:188} INFO - [2025-12-27T14:21:42.661+0000] {dagbag.py:540} INFO - Filling up the DagBag from /home/airflow/.local/lib/python3.12/site-packages/airflow/example_dags/example_branch_day_of_week_operator.py
[2025-12-27T14:21:42.701+0000] {processor.py:840} INFO - DAG(s) 'example_weekday_branch_operator' retrieved from /home/airflow/.local/lib/python3.12/site-packages/airflow/example_dags/example_branch_day_of_week_operator.py
[2025-12-27T14:21:42.850+0000] {logging_mixin.py:188} INFO - [2025-12-27T14:21:42.849+0000] {dag.py:3096} INFO - Sync 1 DAGs
[2025-12-27T14:21:43.009+0000] {logging_mixin.py:188} INFO - [2025-12-27T14:21:43.006+0000] {dag.py:3954} INFO - Setting next_dagrun for example_weekday_branch_operator to 2025-12-26 00:00:00+00:00, run_after=2025-12-27 00:00:00+00:00
[2025-12-27T14:21:43.128+0000] {processor.py:183} INFO - Processing /home/airflow/.local/lib/python3.12/site-packages/airflow/example_dags/example_branch_day_of_week_operator.py took 0.582 seconds
[2025-12-27T14:22:41.496+0000] {processor.py:161} INFO - Started process (PID=835) to work on /home/airflow/.local/lib/python3.12/site-packages/airflow/example_dags/example_branch_day_of_week_operator.py
[2025-12-27T14:22:41.503+0000] {processor.py:830} INFO - Processing file /home/airflow/.local/lib/python3.12/site-packages/airflow/example_dags/example_branch_day_of_week_operator.py for tasks to queue
[2025-12-27T14:22:41.520+0000] {logging_mixin.py:188} INFO - [2025-12-27T14:22:41.518+0000] {dagbag.py:540} INFO - Filling up the DagBag from /home/airflow/.local/lib/python3.12/site-packages/airflow/example_dags/example_branch_day_of_week_operator.py
[2025-12-27T14:22:41.591+0000] {processor.py:840} INFO - DAG(s) 'example_weekday_branch_operator' retrieved from /home/airflow/.local/lib/python3.12/site-packages/airflow/example_dags/example_branch_day_of_week_operator.py
[2025-12-27T14:22:41.746+0000] {logging_mixin.py:188} INFO - [2025-12-27T14:22:41.740+0000] {dag.py:3096} INFO - Sync 1 DAGs
[2025-12-27T14:22:41.932+0000] {logging_mixin.py:188} INFO - [2025-12-27T14:22:41.931+0000] {dag.py:3954} INFO - Setting next_dagrun for example_weekday_branch_operator to 2025-12-26 00:00:00+00:00, run_after=2025-12-27 00:00:00+00:00
[2025-12-27T14:22:42.105+0000] {processor.py:183} INFO - Processing /home/airflow/.local/lib/python3.12/site-packages/airflow/example_dags/example_branch_day_of_week_operator.py took 0.660 seconds
[2025-12-27T14:23:37.881+0000] {processor.py:161} INFO - Started process (PID=867) to work on /home/airflow/.local/lib/python3.12/site-packages/airflow/example_dags/example_branch_day_of_week_operator.py
[2025-12-27T14:23:37.891+0000] {processor.py:830} INFO - Processing file /home/airflow/.local/lib/python3.12/site-packages/airflow/example_dags/example_branch_day_of_week_operator.py for tasks to queue
[2025-12-27T14:23:37.908+0000] {logging_mixin.py:188} INFO - [2025-12-27T14:23:37.907+0000] {dagbag.py:540} INFO - Filling up the DagBag from /home/airflow/.local/lib/python3.12/site-packages/airflow/example_dags/example_branch_day_of_week_operator.py
[2025-12-27T14:23:37.985+0000] {processor.py:840} INFO - DAG(s) 'example_weekday_branch_operator' retrieved from /home/airflow/.local/lib/python3.12/site-packages/airflow/example_dags/example_branch_day_of_week_operator.py
[2025-12-27T14:23:38.297+0000] {logging_mixin.py:188} INFO - [2025-12-27T14:23:38.295+0000] {dag.py:3096} INFO - Sync 1 DAGs
[2025-12-27T14:23:38.526+0000] {logging_mixin.py:188} INFO - [2025-12-27T14:23:38.525+0000] {dag.py:3954} INFO - Setting next_dagrun for example_weekday_branch_operator to 2025-12-26 00:00:00+00:00, run_after=2025-12-27 00:00:00+00:00
[2025-12-27T14:23:38.731+0000] {processor.py:183} INFO - Processing /home/airflow/.local/lib/python3.12/site-packages/airflow/example_dags/example_branch_day_of_week_operator.py took 0.898 seconds
[2025-12-27T14:24:19.435+0000] {processor.py:161} INFO - Started process (PID=915) to work on /home/airflow/.local/lib/python3.12/site-packages/airflow/example_dags/example_branch_day_of_week_operator.py
[2025-12-27T14:24:19.440+0000] {processor.py:830} INFO - Processing file /home/airflow/.local/lib/python3.12/site-packages/airflow/example_dags/example_branch_day_of_week_operator.py for tasks to queue
[2025-12-27T14:24:19.444+0000] {logging_mixin.py:188} INFO - [2025-12-27T14:24:19.443+0000] {dagbag.py:540} INFO - Filling up the DagBag from /home/airflow/.local/lib/python3.12/site-packages/airflow/example_dags/example_branch_day_of_week_operator.py
[2025-12-27T14:24:19.478+0000] {processor.py:840} INFO - DAG(s) 'example_weekday_branch_operator' retrieved from /home/airflow/.local/lib/python3.12/site-packages/airflow/example_dags/example_branch_day_of_week_operator.py
[2025-12-27T14:24:19.561+0000] {logging_mixin.py:188} INFO - [2025-12-27T14:24:19.560+0000] {dag.py:3096} INFO - Sync 1 DAGs
[2025-12-27T14:24:19.667+0000] {logging_mixin.py:188} INFO - [2025-12-27T14:24:19.666+0000] {dag.py:3954} INFO - Setting next_dagrun for example_weekday_branch_operator to 2025-12-26 00:00:00+00:00, run_after=2025-12-27 00:00:00+00:00
[2025-12-27T14:24:19.760+0000] {processor.py:183} INFO - Processing /home/airflow/.local/lib/python3.12/site-packages/airflow/example_dags/example_branch_day_of_week_operator.py took 0.350 seconds
[2025-12-27T14:24:49.948+0000] {processor.py:161} INFO - Started process (PID=971) to work on /home/airflow/.local/lib/python3.12/site-packages/airflow/example_dags/example_branch_day_of_week_operator.py
[2025-12-27T14:24:49.951+0000] {processor.py:830} INFO - Processing file /home/airflow/.local/lib/python3.12/site-packages/airflow/example_dags/example_branch_day_of_week_operator.py for tasks to queue
[2025-12-27T14:24:49.955+0000] {logging_mixin.py:188} INFO - [2025-12-27T14:24:49.953+0000] {dagbag.py:540} INFO - Filling up the DagBag from /home/airflow/.local/lib/python3.12/site-packages/airflow/example_dags/example_branch_day_of_week_operator.py
[2025-12-27T14:24:49.977+0000] {processor.py:840} INFO - DAG(s) 'example_weekday_branch_operator' retrieved from /home/airflow/.local/lib/python3.12/site-packages/airflow/example_dags/example_branch_day_of_week_operator.py
[2025-12-27T14:24:50.048+0000] {logging_mixin.py:188} INFO - [2025-12-27T14:24:50.047+0000] {dag.py:3096} INFO - Sync 1 DAGs
[2025-12-27T14:24:50.129+0000] {logging_mixin.py:188} INFO - [2025-12-27T14:24:50.128+0000] {dag.py:3954} INFO - Setting next_dagrun for example_weekday_branch_operator to 2025-12-26 00:00:00+00:00, run_after=2025-12-27 00:00:00+00:00
[2025-12-27T14:24:50.617+0000] {processor.py:183} INFO - Processing /home/airflow/.local/lib/python3.12/site-packages/airflow/example_dags/example_branch_day_of_week_operator.py took 0.686 seconds
[2025-12-27T14:25:24.531+0000] {processor.py:161} INFO - Started process (PID=1029) to work on /home/airflow/.local/lib/python3.12/site-packages/airflow/example_dags/example_branch_day_of_week_operator.py
[2025-12-27T14:25:24.548+0000] {processor.py:830} INFO - Processing file /home/airflow/.local/lib/python3.12/site-packages/airflow/example_dags/example_branch_day_of_week_operator.py for tasks to queue
[2025-12-27T14:25:24.563+0000] {logging_mixin.py:188} INFO - [2025-12-27T14:25:24.562+0000] {dagbag.py:540} INFO - Filling up the DagBag from /home/airflow/.local/lib/python3.12/site-packages/airflow/example_dags/example_branch_day_of_week_operator.py
[2025-12-27T14:25:24.640+0000] {processor.py:840} INFO - DAG(s) 'example_weekday_branch_operator' retrieved from /home/airflow/.local/lib/python3.12/site-packages/airflow/example_dags/example_branch_day_of_week_operator.py
[2025-12-27T14:25:25.781+0000] {logging_mixin.py:188} INFO - [2025-12-27T14:25:25.780+0000] {dag.py:3096} INFO - Sync 1 DAGs
[2025-12-27T14:25:25.964+0000] {logging_mixin.py:188} INFO - [2025-12-27T14:25:25.964+0000] {dag.py:3954} INFO - Setting next_dagrun for example_weekday_branch_operator to 2025-12-26 00:00:00+00:00, run_after=2025-12-27 00:00:00+00:00
[2025-12-27T14:25:26.106+0000] {processor.py:183} INFO - Processing /home/airflow/.local/lib/python3.12/site-packages/airflow/example_dags/example_branch_day_of_week_operator.py took 1.619 seconds
[2025-12-27T14:26:19.753+0000] {processor.py:161} INFO - Started process (PID=1060) to work on /home/airflow/.local/lib/python3.12/site-packages/airflow/example_dags/example_branch_day_of_week_operator.py
[2025-12-27T14:26:19.760+0000] {processor.py:830} INFO - Processing file /home/airflow/.local/lib/python3.12/site-packages/airflow/example_dags/example_branch_day_of_week_operator.py for tasks to queue
[2025-12-27T14:26:19.764+0000] {logging_mixin.py:188} INFO - [2025-12-27T14:26:19.762+0000] {dagbag.py:540} INFO - Filling up the DagBag from /home/airflow/.local/lib/python3.12/site-packages/airflow/example_dags/example_branch_day_of_week_operator.py
[2025-12-27T14:26:19.816+0000] {processor.py:840} INFO - DAG(s) 'example_weekday_branch_operator' retrieved from /home/airflow/.local/lib/python3.12/site-packages/airflow/example_dags/example_branch_day_of_week_operator.py
[2025-12-27T14:26:19.929+0000] {logging_mixin.py:188} INFO - [2025-12-27T14:26:19.928+0000] {dag.py:3096} INFO - Sync 1 DAGs
[2025-12-27T14:26:20.047+0000] {logging_mixin.py:188} INFO - [2025-12-27T14:26:20.046+0000] {dag.py:3954} INFO - Setting next_dagrun for example_weekday_branch_operator to 2025-12-26 00:00:00+00:00, run_after=2025-12-27 00:00:00+00:00
[2025-12-27T14:26:20.132+0000] {processor.py:183} INFO - Processing /home/airflow/.local/lib/python3.12/site-packages/airflow/example_dags/example_branch_day_of_week_operator.py took 0.416 seconds
[2025-12-27T14:26:56.993+0000] {processor.py:161} INFO - Started process (PID=1117) to work on /home/airflow/.local/lib/python3.12/site-packages/airflow/example_dags/example_branch_day_of_week_operator.py
[2025-12-27T14:26:57.142+0000] {processor.py:830} INFO - Processing file /home/airflow/.local/lib/python3.12/site-packages/airflow/example_dags/example_branch_day_of_week_operator.py for tasks to queue
[2025-12-27T14:26:57.165+0000] {logging_mixin.py:188} INFO - [2025-12-27T14:26:57.158+0000] {dagbag.py:540} INFO - Filling up the DagBag from /home/airflow/.local/lib/python3.12/site-packages/airflow/example_dags/example_branch_day_of_week_operator.py
[2025-12-27T14:26:57.396+0000] {processor.py:840} INFO - DAG(s) 'example_weekday_branch_operator' retrieved from /home/airflow/.local/lib/python3.12/site-packages/airflow/example_dags/example_branch_day_of_week_operator.py
[2025-12-27T14:26:57.746+0000] {logging_mixin.py:188} INFO - [2025-12-27T14:26:57.745+0000] {dag.py:3096} INFO - Sync 1 DAGs
[2025-12-27T14:26:59.978+0000] {logging_mixin.py:188} INFO - [2025-12-27T14:26:59.977+0000] {dag.py:3954} INFO - Setting next_dagrun for example_weekday_branch_operator to 2025-12-26 00:00:00+00:00, run_after=2025-12-27 00:00:00+00:00
[2025-12-27T14:27:00.084+0000] {processor.py:183} INFO - Processing /home/airflow/.local/lib/python3.12/site-packages/airflow/example_dags/example_branch_day_of_week_operator.py took 3.189 seconds
[2025-12-27T14:27:50.523+0000] {processor.py:161} INFO - Started process (PID=1180) to work on /home/airflow/.local/lib/python3.12/site-packages/airflow/example_dags/example_branch_day_of_week_operator.py
[2025-12-27T14:27:50.534+0000] {processor.py:830} INFO - Processing file /home/airflow/.local/lib/python3.12/site-packages/airflow/example_dags/example_branch_day_of_week_operator.py for tasks to queue
[2025-12-27T14:27:50.539+0000] {logging_mixin.py:188} INFO - [2025-12-27T14:27:50.538+0000] {dagbag.py:540} INFO - Filling up the DagBag from /home/airflow/.local/lib/python3.12/site-packages/airflow/example_dags/example_branch_day_of_week_operator.py
[2025-12-27T14:27:50.577+0000] {processor.py:840} INFO - DAG(s) 'example_weekday_branch_operator' retrieved from /home/airflow/.local/lib/python3.12/site-packages/airflow/example_dags/example_branch_day_of_week_operator.py
[2025-12-27T14:27:50.658+0000] {logging_mixin.py:188} INFO - [2025-12-27T14:27:50.658+0000] {dag.py:3096} INFO - Sync 1 DAGs
[2025-12-27T14:27:50.741+0000] {logging_mixin.py:188} INFO - [2025-12-27T14:27:50.741+0000] {dag.py:3954} INFO - Setting next_dagrun for example_weekday_branch_operator to 2025-12-26 00:00:00+00:00, run_after=2025-12-27 00:00:00+00:00
[2025-12-27T14:27:50.804+0000] {processor.py:183} INFO - Processing /home/airflow/.local/lib/python3.12/site-packages/airflow/example_dags/example_branch_day_of_week_operator.py took 0.315 seconds
[2025-12-27T14:28:21.517+0000] {processor.py:161} INFO - Started process (PID=1238) to work on /home/airflow/.local/lib/python3.12/site-packages/airflow/example_dags/example_branch_day_of_week_operator.py
[2025-12-27T14:28:21.521+0000] {processor.py:830} INFO - Processing file /home/airflow/.local/lib/python3.12/site-packages/airflow/example_dags/example_branch_day_of_week_operator.py for tasks to queue
[2025-12-27T14:28:21.524+0000] {logging_mixin.py:188} INFO - [2025-12-27T14:28:21.523+0000] {dagbag.py:540} INFO - Filling up the DagBag from /home/airflow/.local/lib/python3.12/site-packages/airflow/example_dags/example_branch_day_of_week_operator.py
[2025-12-27T14:28:21.551+0000] {processor.py:840} INFO - DAG(s) 'example_weekday_branch_operator' retrieved from /home/airflow/.local/lib/python3.12/site-packages/airflow/example_dags/example_branch_day_of_week_operator.py
[2025-12-27T14:28:21.634+0000] {logging_mixin.py:188} INFO - [2025-12-27T14:28:21.634+0000] {dag.py:3096} INFO - Sync 1 DAGs
[2025-12-27T14:28:21.706+0000] {logging_mixin.py:188} INFO - [2025-12-27T14:28:21.705+0000] {dag.py:3954} INFO - Setting next_dagrun for example_weekday_branch_operator to 2025-12-26 00:00:00+00:00, run_after=2025-12-27 00:00:00+00:00
[2025-12-27T14:28:21.769+0000] {processor.py:183} INFO - Processing /home/airflow/.local/lib/python3.12/site-packages/airflow/example_dags/example_branch_day_of_week_operator.py took 0.278 seconds
[2025-12-27T14:28:52.576+0000] {processor.py:161} INFO - Started process (PID=1296) to work on /home/airflow/.local/lib/python3.12/site-packages/airflow/example_dags/example_branch_day_of_week_operator.py
[2025-12-27T14:28:52.579+0000] {processor.py:830} INFO - Processing file /home/airflow/.local/lib/python3.12/site-packages/airflow/example_dags/example_branch_day_of_week_operator.py for tasks to queue
[2025-12-27T14:28:52.582+0000] {logging_mixin.py:188} INFO - [2025-12-27T14:28:52.581+0000] {dagbag.py:540} INFO - Filling up the DagBag from /home/airflow/.local/lib/python3.12/site-packages/airflow/example_dags/example_branch_day_of_week_operator.py
[2025-12-27T14:28:52.607+0000] {processor.py:840} INFO - DAG(s) 'example_weekday_branch_operator' retrieved from /home/airflow/.local/lib/python3.12/site-packages/airflow/example_dags/example_branch_day_of_week_operator.py
[2025-12-27T14:28:52.684+0000] {logging_mixin.py:188} INFO - [2025-12-27T14:28:52.683+0000] {dag.py:3096} INFO - Sync 1 DAGs
[2025-12-27T14:28:52.762+0000] {logging_mixin.py:188} INFO - [2025-12-27T14:28:52.761+0000] {dag.py:3954} INFO - Setting next_dagrun for example_weekday_branch_operator to 2025-12-26 00:00:00+00:00, run_after=2025-12-27 00:00:00+00:00
[2025-12-27T14:28:52.836+0000] {processor.py:183} INFO - Processing /home/airflow/.local/lib/python3.12/site-packages/airflow/example_dags/example_branch_day_of_week_operator.py took 0.280 seconds
[2025-12-27T14:29:23.587+0000] {processor.py:161} INFO - Started process (PID=1344) to work on /home/airflow/.local/lib/python3.12/site-packages/airflow/example_dags/example_branch_day_of_week_operator.py
[2025-12-27T14:29:23.600+0000] {processor.py:830} INFO - Processing file /home/airflow/.local/lib/python3.12/site-packages/airflow/example_dags/example_branch_day_of_week_operator.py for tasks to queue
[2025-12-27T14:29:23.603+0000] {logging_mixin.py:188} INFO - [2025-12-27T14:29:23.602+0000] {dagbag.py:540} INFO - Filling up the DagBag from /home/airflow/.local/lib/python3.12/site-packages/airflow/example_dags/example_branch_day_of_week_operator.py
[2025-12-27T14:29:23.634+0000] {processor.py:840} INFO - DAG(s) 'example_weekday_branch_operator' retrieved from /home/airflow/.local/lib/python3.12/site-packages/airflow/example_dags/example_branch_day_of_week_operator.py
[2025-12-27T14:29:23.728+0000] {logging_mixin.py:188} INFO - [2025-12-27T14:29:23.727+0000] {dag.py:3096} INFO - Sync 1 DAGs
[2025-12-27T14:29:23.829+0000] {logging_mixin.py:188} INFO - [2025-12-27T14:29:23.829+0000] {dag.py:3954} INFO - Setting next_dagrun for example_weekday_branch_operator to 2025-12-26 00:00:00+00:00, run_after=2025-12-27 00:00:00+00:00
[2025-12-27T14:29:24.131+0000] {processor.py:183} INFO - Processing /home/airflow/.local/lib/python3.12/site-packages/airflow/example_dags/example_branch_day_of_week_operator.py took 0.575 seconds
[2025-12-27T14:29:54.914+0000] {processor.py:161} INFO - Started process (PID=1400) to work on /home/airflow/.local/lib/python3.12/site-packages/airflow/example_dags/example_branch_day_of_week_operator.py
[2025-12-27T14:29:54.926+0000] {processor.py:830} INFO - Processing file /home/airflow/.local/lib/python3.12/site-packages/airflow/example_dags/example_branch_day_of_week_operator.py for tasks to queue
[2025-12-27T14:29:54.932+0000] {logging_mixin.py:188} INFO - [2025-12-27T14:29:54.930+0000] {dagbag.py:540} INFO - Filling up the DagBag from /home/airflow/.local/lib/python3.12/site-packages/airflow/example_dags/example_branch_day_of_week_operator.py
[2025-12-27T14:29:54.992+0000] {processor.py:840} INFO - DAG(s) 'example_weekday_branch_operator' retrieved from /home/airflow/.local/lib/python3.12/site-packages/airflow/example_dags/example_branch_day_of_week_operator.py
[2025-12-27T14:29:55.196+0000] {logging_mixin.py:188} INFO - [2025-12-27T14:29:55.195+0000] {dag.py:3096} INFO - Sync 1 DAGs
[2025-12-27T14:29:55.415+0000] {logging_mixin.py:188} INFO - [2025-12-27T14:29:55.414+0000] {dag.py:3954} INFO - Setting next_dagrun for example_weekday_branch_operator to 2025-12-26 00:00:00+00:00, run_after=2025-12-27 00:00:00+00:00
[2025-12-27T14:29:55.515+0000] {processor.py:183} INFO - Processing /home/airflow/.local/lib/python3.12/site-packages/airflow/example_dags/example_branch_day_of_week_operator.py took 0.636 seconds
[2025-12-27T14:30:25.963+0000] {processor.py:161} INFO - Started process (PID=1457) to work on /home/airflow/.local/lib/python3.12/site-packages/airflow/example_dags/example_branch_day_of_week_operator.py
[2025-12-27T14:30:25.968+0000] {processor.py:830} INFO - Processing file /home/airflow/.local/lib/python3.12/site-packages/airflow/example_dags/example_branch_day_of_week_operator.py for tasks to queue
[2025-12-27T14:30:25.971+0000] {logging_mixin.py:188} INFO - [2025-12-27T14:30:25.970+0000] {dagbag.py:540} INFO - Filling up the DagBag from /home/airflow/.local/lib/python3.12/site-packages/airflow/example_dags/example_branch_day_of_week_operator.py
[2025-12-27T14:30:26.000+0000] {processor.py:840} INFO - DAG(s) 'example_weekday_branch_operator' retrieved from /home/airflow/.local/lib/python3.12/site-packages/airflow/example_dags/example_branch_day_of_week_operator.py
[2025-12-27T14:30:26.095+0000] {logging_mixin.py:188} INFO - [2025-12-27T14:30:26.094+0000] {dag.py:3096} INFO - Sync 1 DAGs
[2025-12-27T14:30:26.185+0000] {logging_mixin.py:188} INFO - [2025-12-27T14:30:26.184+0000] {dag.py:3954} INFO - Setting next_dagrun for example_weekday_branch_operator to 2025-12-26 00:00:00+00:00, run_after=2025-12-27 00:00:00+00:00
[2025-12-27T14:30:26.408+0000] {processor.py:183} INFO - Processing /home/airflow/.local/lib/python3.12/site-packages/airflow/example_dags/example_branch_day_of_week_operator.py took 0.463 seconds
[2025-12-27T14:30:57.016+0000] {processor.py:161} INFO - Started process (PID=1515) to work on /home/airflow/.local/lib/python3.12/site-packages/airflow/example_dags/example_branch_day_of_week_operator.py
[2025-12-27T14:30:57.019+0000] {processor.py:830} INFO - Processing file /home/airflow/.local/lib/python3.12/site-packages/airflow/example_dags/example_branch_day_of_week_operator.py for tasks to queue
[2025-12-27T14:30:57.022+0000] {logging_mixin.py:188} INFO - [2025-12-27T14:30:57.021+0000] {dagbag.py:540} INFO - Filling up the DagBag from /home/airflow/.local/lib/python3.12/site-packages/airflow/example_dags/example_branch_day_of_week_operator.py
[2025-12-27T14:30:57.044+0000] {processor.py:840} INFO - DAG(s) 'example_weekday_branch_operator' retrieved from /home/airflow/.local/lib/python3.12/site-packages/airflow/example_dags/example_branch_day_of_week_operator.py
[2025-12-27T14:30:57.104+0000] {logging_mixin.py:188} INFO - [2025-12-27T14:30:57.104+0000] {dag.py:3096} INFO - Sync 1 DAGs
[2025-12-27T14:30:57.163+0000] {logging_mixin.py:188} INFO - [2025-12-27T14:30:57.162+0000] {dag.py:3954} INFO - Setting next_dagrun for example_weekday_branch_operator to 2025-12-26 00:00:00+00:00, run_after=2025-12-27 00:00:00+00:00
[2025-12-27T14:30:57.236+0000] {processor.py:183} INFO - Processing /home/airflow/.local/lib/python3.12/site-packages/airflow/example_dags/example_branch_day_of_week_operator.py took 0.238 seconds
[2025-12-27T14:31:27.565+0000] {processor.py:161} INFO - Started process (PID=1573) to work on /home/airflow/.local/lib/python3.12/site-packages/airflow/example_dags/example_branch_day_of_week_operator.py
[2025-12-27T14:31:27.567+0000] {processor.py:830} INFO - Processing file /home/airflow/.local/lib/python3.12/site-packages/airflow/example_dags/example_branch_day_of_week_operator.py for tasks to queue
[2025-12-27T14:31:27.570+0000] {logging_mixin.py:188} INFO - [2025-12-27T14:31:27.569+0000] {dagbag.py:540} INFO - Filling up the DagBag from /home/airflow/.local/lib/python3.12/site-packages/airflow/example_dags/example_branch_day_of_week_operator.py
[2025-12-27T14:31:27.593+0000] {processor.py:840} INFO - DAG(s) 'example_weekday_branch_operator' retrieved from /home/airflow/.local/lib/python3.12/site-packages/airflow/example_dags/example_branch_day_of_week_operator.py
[2025-12-27T14:31:27.669+0000] {logging_mixin.py:188} INFO - [2025-12-27T14:31:27.668+0000] {dag.py:3096} INFO - Sync 1 DAGs
[2025-12-27T14:31:27.732+0000] {logging_mixin.py:188} INFO - [2025-12-27T14:31:27.732+0000] {dag.py:3954} INFO - Setting next_dagrun for example_weekday_branch_operator to 2025-12-26 00:00:00+00:00, run_after=2025-12-27 00:00:00+00:00
[2025-12-27T14:31:27.799+0000] {processor.py:183} INFO - Processing /home/airflow/.local/lib/python3.12/site-packages/airflow/example_dags/example_branch_day_of_week_operator.py took 0.257 seconds
[2025-12-27T14:31:58.106+0000] {processor.py:161} INFO - Started process (PID=1630) to work on /home/airflow/.local/lib/python3.12/site-packages/airflow/example_dags/example_branch_day_of_week_operator.py
[2025-12-27T14:31:58.109+0000] {processor.py:830} INFO - Processing file /home/airflow/.local/lib/python3.12/site-packages/airflow/example_dags/example_branch_day_of_week_operator.py for tasks to queue
[2025-12-27T14:31:58.111+0000] {logging_mixin.py:188} INFO - [2025-12-27T14:31:58.110+0000] {dagbag.py:540} INFO - Filling up the DagBag from /home/airflow/.local/lib/python3.12/site-packages/airflow/example_dags/example_branch_day_of_week_operator.py
[2025-12-27T14:31:58.133+0000] {processor.py:840} INFO - DAG(s) 'example_weekday_branch_operator' retrieved from /home/airflow/.local/lib/python3.12/site-packages/airflow/example_dags/example_branch_day_of_week_operator.py
[2025-12-27T14:31:58.198+0000] {logging_mixin.py:188} INFO - [2025-12-27T14:31:58.197+0000] {dag.py:3096} INFO - Sync 1 DAGs
[2025-12-27T14:31:58.284+0000] {logging_mixin.py:188} INFO - [2025-12-27T14:31:58.283+0000] {dag.py:3954} INFO - Setting next_dagrun for example_weekday_branch_operator to 2025-12-26 00:00:00+00:00, run_after=2025-12-27 00:00:00+00:00
[2025-12-27T14:31:58.342+0000] {processor.py:183} INFO - Processing /home/airflow/.local/lib/python3.12/site-packages/airflow/example_dags/example_branch_day_of_week_operator.py took 0.252 seconds
[2025-12-27T14:32:28.473+0000] {processor.py:161} INFO - Started process (PID=1688) to work on /home/airflow/.local/lib/python3.12/site-packages/airflow/example_dags/example_branch_day_of_week_operator.py
[2025-12-27T14:32:28.475+0000] {processor.py:830} INFO - Processing file /home/airflow/.local/lib/python3.12/site-packages/airflow/example_dags/example_branch_day_of_week_operator.py for tasks to queue
[2025-12-27T14:32:28.478+0000] {logging_mixin.py:188} INFO - [2025-12-27T14:32:28.477+0000] {dagbag.py:540} INFO - Filling up the DagBag from /home/airflow/.local/lib/python3.12/site-packages/airflow/example_dags/example_branch_day_of_week_operator.py
[2025-12-27T14:32:28.498+0000] {processor.py:840} INFO - DAG(s) 'example_weekday_branch_operator' retrieved from /home/airflow/.local/lib/python3.12/site-packages/airflow/example_dags/example_branch_day_of_week_operator.py
[2025-12-27T14:32:28.555+0000] {logging_mixin.py:188} INFO - [2025-12-27T14:32:28.555+0000] {dag.py:3096} INFO - Sync 1 DAGs
[2025-12-27T14:32:28.611+0000] {logging_mixin.py:188} INFO - [2025-12-27T14:32:28.611+0000] {dag.py:3954} INFO - Setting next_dagrun for example_weekday_branch_operator to 2025-12-26 00:00:00+00:00, run_after=2025-12-27 00:00:00+00:00
[2025-12-27T14:32:28.660+0000] {processor.py:183} INFO - Processing /home/airflow/.local/lib/python3.12/site-packages/airflow/example_dags/example_branch_day_of_week_operator.py took 0.204 seconds
[2025-12-27T14:32:58.873+0000] {processor.py:161} INFO - Started process (PID=1747) to work on /home/airflow/.local/lib/python3.12/site-packages/airflow/example_dags/example_branch_day_of_week_operator.py
[2025-12-27T14:32:58.876+0000] {processor.py:830} INFO - Processing file /home/airflow/.local/lib/python3.12/site-packages/airflow/example_dags/example_branch_day_of_week_operator.py for tasks to queue
[2025-12-27T14:32:58.879+0000] {logging_mixin.py:188} INFO - [2025-12-27T14:32:58.878+0000] {dagbag.py:540} INFO - Filling up the DagBag from /home/airflow/.local/lib/python3.12/site-packages/airflow/example_dags/example_branch_day_of_week_operator.py
[2025-12-27T14:32:58.906+0000] {processor.py:840} INFO - DAG(s) 'example_weekday_branch_operator' retrieved from /home/airflow/.local/lib/python3.12/site-packages/airflow/example_dags/example_branch_day_of_week_operator.py
[2025-12-27T14:32:58.959+0000] {logging_mixin.py:188} INFO - [2025-12-27T14:32:58.959+0000] {dag.py:3096} INFO - Sync 1 DAGs
[2025-12-27T14:32:59.016+0000] {logging_mixin.py:188} INFO - [2025-12-27T14:32:59.015+0000] {dag.py:3954} INFO - Setting next_dagrun for example_weekday_branch_operator to 2025-12-26 00:00:00+00:00, run_after=2025-12-27 00:00:00+00:00
[2025-12-27T14:32:59.067+0000] {processor.py:183} INFO - Processing /home/airflow/.local/lib/python3.12/site-packages/airflow/example_dags/example_branch_day_of_week_operator.py took 0.213 seconds
[2025-12-27T14:33:29.534+0000] {processor.py:161} INFO - Started process (PID=1804) to work on /home/airflow/.local/lib/python3.12/site-packages/airflow/example_dags/example_branch_day_of_week_operator.py
[2025-12-27T14:33:29.538+0000] {processor.py:830} INFO - Processing file /home/airflow/.local/lib/python3.12/site-packages/airflow/example_dags/example_branch_day_of_week_operator.py for tasks to queue
[2025-12-27T14:33:29.541+0000] {logging_mixin.py:188} INFO - [2025-12-27T14:33:29.540+0000] {dagbag.py:540} INFO - Filling up the DagBag from /home/airflow/.local/lib/python3.12/site-packages/airflow/example_dags/example_branch_day_of_week_operator.py
[2025-12-27T14:33:29.565+0000] {processor.py:840} INFO - DAG(s) 'example_weekday_branch_operator' retrieved from /home/airflow/.local/lib/python3.12/site-packages/airflow/example_dags/example_branch_day_of_week_operator.py
[2025-12-27T14:33:29.627+0000] {logging_mixin.py:188} INFO - [2025-12-27T14:33:29.626+0000] {dag.py:3096} INFO - Sync 1 DAGs
[2025-12-27T14:33:29.686+0000] {logging_mixin.py:188} INFO - [2025-12-27T14:33:29.685+0000] {dag.py:3954} INFO - Setting next_dagrun for example_weekday_branch_operator to 2025-12-26 00:00:00+00:00, run_after=2025-12-27 00:00:00+00:00
[2025-12-27T14:33:29.740+0000] {processor.py:183} INFO - Processing /home/airflow/.local/lib/python3.12/site-packages/airflow/example_dags/example_branch_day_of_week_operator.py took 0.223 seconds
[2025-12-27T14:33:59.929+0000] {processor.py:161} INFO - Started process (PID=1862) to work on /home/airflow/.local/lib/python3.12/site-packages/airflow/example_dags/example_branch_day_of_week_operator.py
[2025-12-27T14:33:59.932+0000] {processor.py:830} INFO - Processing file /home/airflow/.local/lib/python3.12/site-packages/airflow/example_dags/example_branch_day_of_week_operator.py for tasks to queue
[2025-12-27T14:33:59.935+0000] {logging_mixin.py:188} INFO - [2025-12-27T14:33:59.934+0000] {dagbag.py:540} INFO - Filling up the DagBag from /home/airflow/.local/lib/python3.12/site-packages/airflow/example_dags/example_branch_day_of_week_operator.py
[2025-12-27T14:33:59.960+0000] {processor.py:840} INFO - DAG(s) 'example_weekday_branch_operator' retrieved from /home/airflow/.local/lib/python3.12/site-packages/airflow/example_dags/example_branch_day_of_week_operator.py
[2025-12-27T14:34:00.027+0000] {logging_mixin.py:188} INFO - [2025-12-27T14:34:00.026+0000] {dag.py:3096} INFO - Sync 1 DAGs
[2025-12-27T14:34:00.114+0000] {logging_mixin.py:188} INFO - [2025-12-27T14:34:00.113+0000] {dag.py:3954} INFO - Setting next_dagrun for example_weekday_branch_operator to 2025-12-26 00:00:00+00:00, run_after=2025-12-27 00:00:00+00:00
[2025-12-27T14:34:00.169+0000] {processor.py:183} INFO - Processing /home/airflow/.local/lib/python3.12/site-packages/airflow/example_dags/example_branch_day_of_week_operator.py took 0.257 seconds
[2025-12-27T14:34:30.378+0000] {processor.py:161} INFO - Started process (PID=1920) to work on /home/airflow/.local/lib/python3.12/site-packages/airflow/example_dags/example_branch_day_of_week_operator.py
[2025-12-27T14:34:30.381+0000] {processor.py:830} INFO - Processing file /home/airflow/.local/lib/python3.12/site-packages/airflow/example_dags/example_branch_day_of_week_operator.py for tasks to queue
[2025-12-27T14:34:30.384+0000] {logging_mixin.py:188} INFO - [2025-12-27T14:34:30.383+0000] {dagbag.py:540} INFO - Filling up the DagBag from /home/airflow/.local/lib/python3.12/site-packages/airflow/example_dags/example_branch_day_of_week_operator.py
[2025-12-27T14:34:30.410+0000] {processor.py:840} INFO - DAG(s) 'example_weekday_branch_operator' retrieved from /home/airflow/.local/lib/python3.12/site-packages/airflow/example_dags/example_branch_day_of_week_operator.py
[2025-12-27T14:34:30.480+0000] {logging_mixin.py:188} INFO - [2025-12-27T14:34:30.478+0000] {dag.py:3096} INFO - Sync 1 DAGs
[2025-12-27T14:34:30.579+0000] {logging_mixin.py:188} INFO - [2025-12-27T14:34:30.578+0000] {dag.py:3954} INFO - Setting next_dagrun for example_weekday_branch_operator to 2025-12-26 00:00:00+00:00, run_after=2025-12-27 00:00:00+00:00
[2025-12-27T14:34:30.725+0000] {processor.py:183} INFO - Processing /home/airflow/.local/lib/python3.12/site-packages/airflow/example_dags/example_branch_day_of_week_operator.py took 0.371 seconds
[2025-12-27T14:35:01.569+0000] {processor.py:161} INFO - Started process (PID=1979) to work on /home/airflow/.local/lib/python3.12/site-packages/airflow/example_dags/example_branch_day_of_week_operator.py
[2025-12-27T14:35:01.573+0000] {processor.py:830} INFO - Processing file /home/airflow/.local/lib/python3.12/site-packages/airflow/example_dags/example_branch_day_of_week_operator.py for tasks to queue
[2025-12-27T14:35:01.577+0000] {logging_mixin.py:188} INFO - [2025-12-27T14:35:01.576+0000] {dagbag.py:540} INFO - Filling up the DagBag from /home/airflow/.local/lib/python3.12/site-packages/airflow/example_dags/example_branch_day_of_week_operator.py
[2025-12-27T14:35:01.600+0000] {processor.py:840} INFO - DAG(s) 'example_weekday_branch_operator' retrieved from /home/airflow/.local/lib/python3.12/site-packages/airflow/example_dags/example_branch_day_of_week_operator.py
[2025-12-27T14:35:01.678+0000] {logging_mixin.py:188} INFO - [2025-12-27T14:35:01.678+0000] {dag.py:3096} INFO - Sync 1 DAGs
[2025-12-27T14:35:01.757+0000] {logging_mixin.py:188} INFO - [2025-12-27T14:35:01.756+0000] {dag.py:3954} INFO - Setting next_dagrun for example_weekday_branch_operator to 2025-12-26 00:00:00+00:00, run_after=2025-12-27 00:00:00+00:00
[2025-12-27T14:35:01.823+0000] {processor.py:183} INFO - Processing /home/airflow/.local/lib/python3.12/site-packages/airflow/example_dags/example_branch_day_of_week_operator.py took 0.275 seconds
[2025-12-27T14:35:32.731+0000] {processor.py:161} INFO - Started process (PID=2037) to work on /home/airflow/.local/lib/python3.12/site-packages/airflow/example_dags/example_branch_day_of_week_operator.py
[2025-12-27T14:35:32.735+0000] {processor.py:830} INFO - Processing file /home/airflow/.local/lib/python3.12/site-packages/airflow/example_dags/example_branch_day_of_week_operator.py for tasks to queue
[2025-12-27T14:35:32.739+0000] {logging_mixin.py:188} INFO - [2025-12-27T14:35:32.737+0000] {dagbag.py:540} INFO - Filling up the DagBag from /home/airflow/.local/lib/python3.12/site-packages/airflow/example_dags/example_branch_day_of_week_operator.py
[2025-12-27T14:35:32.768+0000] {processor.py:840} INFO - DAG(s) 'example_weekday_branch_operator' retrieved from /home/airflow/.local/lib/python3.12/site-packages/airflow/example_dags/example_branch_day_of_week_operator.py
[2025-12-27T14:35:32.850+0000] {logging_mixin.py:188} INFO - [2025-12-27T14:35:32.849+0000] {dag.py:3096} INFO - Sync 1 DAGs
[2025-12-27T14:35:32.931+0000] {logging_mixin.py:188} INFO - [2025-12-27T14:35:32.930+0000] {dag.py:3954} INFO - Setting next_dagrun for example_weekday_branch_operator to 2025-12-26 00:00:00+00:00, run_after=2025-12-27 00:00:00+00:00
[2025-12-27T14:35:33.022+0000] {processor.py:183} INFO - Processing /home/airflow/.local/lib/python3.12/site-packages/airflow/example_dags/example_branch_day_of_week_operator.py took 0.311 seconds
[2025-12-27T14:36:08.619+0000] {processor.py:161} INFO - Started process (PID=2093) to work on /home/airflow/.local/lib/python3.12/site-packages/airflow/example_dags/example_branch_day_of_week_operator.py
[2025-12-27T14:36:08.633+0000] {processor.py:830} INFO - Processing file /home/airflow/.local/lib/python3.12/site-packages/airflow/example_dags/example_branch_day_of_week_operator.py for tasks to queue
[2025-12-27T14:36:08.638+0000] {logging_mixin.py:188} INFO - [2025-12-27T14:36:08.636+0000] {dagbag.py:540} INFO - Filling up the DagBag from /home/airflow/.local/lib/python3.12/site-packages/airflow/example_dags/example_branch_day_of_week_operator.py
[2025-12-27T14:36:08.869+0000] {processor.py:840} INFO - DAG(s) 'example_weekday_branch_operator' retrieved from /home/airflow/.local/lib/python3.12/site-packages/airflow/example_dags/example_branch_day_of_week_operator.py
[2025-12-27T14:36:09.109+0000] {logging_mixin.py:188} INFO - [2025-12-27T14:36:09.108+0000] {dag.py:3096} INFO - Sync 1 DAGs
[2025-12-27T14:36:09.384+0000] {logging_mixin.py:188} INFO - [2025-12-27T14:36:09.383+0000] {dag.py:3954} INFO - Setting next_dagrun for example_weekday_branch_operator to 2025-12-26 00:00:00+00:00, run_after=2025-12-27 00:00:00+00:00
[2025-12-27T14:36:09.520+0000] {processor.py:183} INFO - Processing /home/airflow/.local/lib/python3.12/site-packages/airflow/example_dags/example_branch_day_of_week_operator.py took 1.005 seconds
[2025-12-27T14:36:41.223+0000] {processor.py:161} INFO - Started process (PID=2151) to work on /home/airflow/.local/lib/python3.12/site-packages/airflow/example_dags/example_branch_day_of_week_operator.py
[2025-12-27T14:36:41.228+0000] {processor.py:830} INFO - Processing file /home/airflow/.local/lib/python3.12/site-packages/airflow/example_dags/example_branch_day_of_week_operator.py for tasks to queue
[2025-12-27T14:36:41.233+0000] {logging_mixin.py:188} INFO - [2025-12-27T14:36:41.232+0000] {dagbag.py:540} INFO - Filling up the DagBag from /home/airflow/.local/lib/python3.12/site-packages/airflow/example_dags/example_branch_day_of_week_operator.py
[2025-12-27T14:36:41.276+0000] {processor.py:840} INFO - DAG(s) 'example_weekday_branch_operator' retrieved from /home/airflow/.local/lib/python3.12/site-packages/airflow/example_dags/example_branch_day_of_week_operator.py
[2025-12-27T14:36:41.520+0000] {logging_mixin.py:188} INFO - [2025-12-27T14:36:41.519+0000] {dag.py:3096} INFO - Sync 1 DAGs
[2025-12-27T14:36:41.741+0000] {logging_mixin.py:188} INFO - [2025-12-27T14:36:41.740+0000] {dag.py:3954} INFO - Setting next_dagrun for example_weekday_branch_operator to 2025-12-26 00:00:00+00:00, run_after=2025-12-27 00:00:00+00:00
[2025-12-27T14:36:41.985+0000] {processor.py:183} INFO - Processing /home/airflow/.local/lib/python3.12/site-packages/airflow/example_dags/example_branch_day_of_week_operator.py took 0.793 seconds
[2025-12-27T14:37:12.166+0000] {processor.py:161} INFO - Started process (PID=2210) to work on /home/airflow/.local/lib/python3.12/site-packages/airflow/example_dags/example_branch_day_of_week_operator.py
[2025-12-27T14:37:12.169+0000] {processor.py:830} INFO - Processing file /home/airflow/.local/lib/python3.12/site-packages/airflow/example_dags/example_branch_day_of_week_operator.py for tasks to queue
[2025-12-27T14:37:12.172+0000] {logging_mixin.py:188} INFO - [2025-12-27T14:37:12.171+0000] {dagbag.py:540} INFO - Filling up the DagBag from /home/airflow/.local/lib/python3.12/site-packages/airflow/example_dags/example_branch_day_of_week_operator.py
[2025-12-27T14:37:12.196+0000] {processor.py:840} INFO - DAG(s) 'example_weekday_branch_operator' retrieved from /home/airflow/.local/lib/python3.12/site-packages/airflow/example_dags/example_branch_day_of_week_operator.py
[2025-12-27T14:37:12.274+0000] {logging_mixin.py:188} INFO - [2025-12-27T14:37:12.273+0000] {dag.py:3096} INFO - Sync 1 DAGs
[2025-12-27T14:37:12.343+0000] {logging_mixin.py:188} INFO - [2025-12-27T14:37:12.342+0000] {dag.py:3954} INFO - Setting next_dagrun for example_weekday_branch_operator to 2025-12-26 00:00:00+00:00, run_after=2025-12-27 00:00:00+00:00
[2025-12-27T14:37:12.397+0000] {processor.py:183} INFO - Processing /home/airflow/.local/lib/python3.12/site-packages/airflow/example_dags/example_branch_day_of_week_operator.py took 0.248 seconds
[2025-12-27T14:37:42.501+0000] {processor.py:161} INFO - Started process (PID=2264) to work on /home/airflow/.local/lib/python3.12/site-packages/airflow/example_dags/example_branch_day_of_week_operator.py
[2025-12-27T14:37:42.505+0000] {processor.py:830} INFO - Processing file /home/airflow/.local/lib/python3.12/site-packages/airflow/example_dags/example_branch_day_of_week_operator.py for tasks to queue
[2025-12-27T14:37:42.508+0000] {logging_mixin.py:188} INFO - [2025-12-27T14:37:42.507+0000] {dagbag.py:540} INFO - Filling up the DagBag from /home/airflow/.local/lib/python3.12/site-packages/airflow/example_dags/example_branch_day_of_week_operator.py
[2025-12-27T14:37:42.535+0000] {processor.py:840} INFO - DAG(s) 'example_weekday_branch_operator' retrieved from /home/airflow/.local/lib/python3.12/site-packages/airflow/example_dags/example_branch_day_of_week_operator.py
[2025-12-27T14:37:42.617+0000] {logging_mixin.py:188} INFO - [2025-12-27T14:37:42.614+0000] {dag.py:3096} INFO - Sync 1 DAGs
[2025-12-27T14:37:42.702+0000] {logging_mixin.py:188} INFO - [2025-12-27T14:37:42.701+0000] {dag.py:3954} INFO - Setting next_dagrun for example_weekday_branch_operator to 2025-12-26 00:00:00+00:00, run_after=2025-12-27 00:00:00+00:00
[2025-12-27T14:37:42.807+0000] {processor.py:183} INFO - Processing /home/airflow/.local/lib/python3.12/site-packages/airflow/example_dags/example_branch_day_of_week_operator.py took 0.323 seconds
[2025-12-27T14:38:14.066+0000] {processor.py:161} INFO - Started process (PID=2319) to work on /home/airflow/.local/lib/python3.12/site-packages/airflow/example_dags/example_branch_day_of_week_operator.py
[2025-12-27T14:38:14.070+0000] {processor.py:830} INFO - Processing file /home/airflow/.local/lib/python3.12/site-packages/airflow/example_dags/example_branch_day_of_week_operator.py for tasks to queue
[2025-12-27T14:38:14.072+0000] {logging_mixin.py:188} INFO - [2025-12-27T14:38:14.072+0000] {dagbag.py:540} INFO - Filling up the DagBag from /home/airflow/.local/lib/python3.12/site-packages/airflow/example_dags/example_branch_day_of_week_operator.py
[2025-12-27T14:38:14.097+0000] {processor.py:840} INFO - DAG(s) 'example_weekday_branch_operator' retrieved from /home/airflow/.local/lib/python3.12/site-packages/airflow/example_dags/example_branch_day_of_week_operator.py
[2025-12-27T14:38:14.179+0000] {logging_mixin.py:188} INFO - [2025-12-27T14:38:14.178+0000] {dag.py:3096} INFO - Sync 1 DAGs
[2025-12-27T14:38:14.245+0000] {logging_mixin.py:188} INFO - [2025-12-27T14:38:14.244+0000] {dag.py:3954} INFO - Setting next_dagrun for example_weekday_branch_operator to 2025-12-26 00:00:00+00:00, run_after=2025-12-27 00:00:00+00:00
[2025-12-27T14:38:14.303+0000] {processor.py:183} INFO - Processing /home/airflow/.local/lib/python3.12/site-packages/airflow/example_dags/example_branch_day_of_week_operator.py took 0.274 seconds
[2025-12-27T14:38:45.038+0000] {processor.py:161} INFO - Started process (PID=2371) to work on /home/airflow/.local/lib/python3.12/site-packages/airflow/example_dags/example_branch_day_of_week_operator.py
[2025-12-27T14:38:45.041+0000] {processor.py:830} INFO - Processing file /home/airflow/.local/lib/python3.12/site-packages/airflow/example_dags/example_branch_day_of_week_operator.py for tasks to queue
[2025-12-27T14:38:45.044+0000] {logging_mixin.py:188} INFO - [2025-12-27T14:38:45.043+0000] {dagbag.py:540} INFO - Filling up the DagBag from /home/airflow/.local/lib/python3.12/site-packages/airflow/example_dags/example_branch_day_of_week_operator.py
[2025-12-27T14:38:45.071+0000] {processor.py:840} INFO - DAG(s) 'example_weekday_branch_operator' retrieved from /home/airflow/.local/lib/python3.12/site-packages/airflow/example_dags/example_branch_day_of_week_operator.py
[2025-12-27T14:38:45.163+0000] {logging_mixin.py:188} INFO - [2025-12-27T14:38:45.163+0000] {dag.py:3096} INFO - Sync 1 DAGs
[2025-12-27T14:38:45.257+0000] {logging_mixin.py:188} INFO - [2025-12-27T14:38:45.256+0000] {dag.py:3954} INFO - Setting next_dagrun for example_weekday_branch_operator to 2025-12-26 00:00:00+00:00, run_after=2025-12-27 00:00:00+00:00
[2025-12-27T14:38:45.335+0000] {processor.py:183} INFO - Processing /home/airflow/.local/lib/python3.12/site-packages/airflow/example_dags/example_branch_day_of_week_operator.py took 0.315 seconds
[2025-12-27T14:39:16.323+0000] {processor.py:161} INFO - Started process (PID=2429) to work on /home/airflow/.local/lib/python3.12/site-packages/airflow/example_dags/example_branch_day_of_week_operator.py
[2025-12-27T14:39:16.328+0000] {processor.py:830} INFO - Processing file /home/airflow/.local/lib/python3.12/site-packages/airflow/example_dags/example_branch_day_of_week_operator.py for tasks to queue
[2025-12-27T14:39:16.333+0000] {logging_mixin.py:188} INFO - [2025-12-27T14:39:16.331+0000] {dagbag.py:540} INFO - Filling up the DagBag from /home/airflow/.local/lib/python3.12/site-packages/airflow/example_dags/example_branch_day_of_week_operator.py
[2025-12-27T14:39:16.407+0000] {processor.py:840} INFO - DAG(s) 'example_weekday_branch_operator' retrieved from /home/airflow/.local/lib/python3.12/site-packages/airflow/example_dags/example_branch_day_of_week_operator.py
[2025-12-27T14:39:16.583+0000] {logging_mixin.py:188} INFO - [2025-12-27T14:39:16.582+0000] {dag.py:3096} INFO - Sync 1 DAGs
[2025-12-27T14:39:16.787+0000] {logging_mixin.py:188} INFO - [2025-12-27T14:39:16.787+0000] {dag.py:3954} INFO - Setting next_dagrun for example_weekday_branch_operator to 2025-12-26 00:00:00+00:00, run_after=2025-12-27 00:00:00+00:00
[2025-12-27T14:39:16.924+0000] {processor.py:183} INFO - Processing /home/airflow/.local/lib/python3.12/site-packages/airflow/example_dags/example_branch_day_of_week_operator.py took 0.650 seconds
[2025-12-27T14:39:47.554+0000] {processor.py:161} INFO - Started process (PID=2487) to work on /home/airflow/.local/lib/python3.12/site-packages/airflow/example_dags/example_branch_day_of_week_operator.py
[2025-12-27T14:39:47.558+0000] {processor.py:830} INFO - Processing file /home/airflow/.local/lib/python3.12/site-packages/airflow/example_dags/example_branch_day_of_week_operator.py for tasks to queue
[2025-12-27T14:39:47.560+0000] {logging_mixin.py:188} INFO - [2025-12-27T14:39:47.559+0000] {dagbag.py:540} INFO - Filling up the DagBag from /home/airflow/.local/lib/python3.12/site-packages/airflow/example_dags/example_branch_day_of_week_operator.py
[2025-12-27T14:39:47.584+0000] {processor.py:840} INFO - DAG(s) 'example_weekday_branch_operator' retrieved from /home/airflow/.local/lib/python3.12/site-packages/airflow/example_dags/example_branch_day_of_week_operator.py
[2025-12-27T14:39:47.648+0000] {logging_mixin.py:188} INFO - [2025-12-27T14:39:47.648+0000] {dag.py:3096} INFO - Sync 1 DAGs
[2025-12-27T14:39:47.719+0000] {logging_mixin.py:188} INFO - [2025-12-27T14:39:47.718+0000] {dag.py:3954} INFO - Setting next_dagrun for example_weekday_branch_operator to 2025-12-26 00:00:00+00:00, run_after=2025-12-27 00:00:00+00:00
[2025-12-27T14:39:47.798+0000] {processor.py:183} INFO - Processing /home/airflow/.local/lib/python3.12/site-packages/airflow/example_dags/example_branch_day_of_week_operator.py took 0.262 seconds
[2025-12-27T14:40:17.928+0000] {processor.py:161} INFO - Started process (PID=2543) to work on /home/airflow/.local/lib/python3.12/site-packages/airflow/example_dags/example_branch_day_of_week_operator.py
[2025-12-27T14:40:17.931+0000] {processor.py:830} INFO - Processing file /home/airflow/.local/lib/python3.12/site-packages/airflow/example_dags/example_branch_day_of_week_operator.py for tasks to queue
[2025-12-27T14:40:17.934+0000] {logging_mixin.py:188} INFO - [2025-12-27T14:40:17.933+0000] {dagbag.py:540} INFO - Filling up the DagBag from /home/airflow/.local/lib/python3.12/site-packages/airflow/example_dags/example_branch_day_of_week_operator.py
[2025-12-27T14:40:17.962+0000] {processor.py:840} INFO - DAG(s) 'example_weekday_branch_operator' retrieved from /home/airflow/.local/lib/python3.12/site-packages/airflow/example_dags/example_branch_day_of_week_operator.py
[2025-12-27T14:40:18.023+0000] {logging_mixin.py:188} INFO - [2025-12-27T14:40:18.022+0000] {dag.py:3096} INFO - Sync 1 DAGs
[2025-12-27T14:40:18.083+0000] {logging_mixin.py:188} INFO - [2025-12-27T14:40:18.082+0000] {dag.py:3954} INFO - Setting next_dagrun for example_weekday_branch_operator to 2025-12-26 00:00:00+00:00, run_after=2025-12-27 00:00:00+00:00
[2025-12-27T14:40:18.139+0000] {processor.py:183} INFO - Processing /home/airflow/.local/lib/python3.12/site-packages/airflow/example_dags/example_branch_day_of_week_operator.py took 0.228 seconds
[2025-12-27T14:40:48.433+0000] {processor.py:161} INFO - Started process (PID=2599) to work on /home/airflow/.local/lib/python3.12/site-packages/airflow/example_dags/example_branch_day_of_week_operator.py
[2025-12-27T14:40:48.436+0000] {processor.py:830} INFO - Processing file /home/airflow/.local/lib/python3.12/site-packages/airflow/example_dags/example_branch_day_of_week_operator.py for tasks to queue
[2025-12-27T14:40:48.439+0000] {logging_mixin.py:188} INFO - [2025-12-27T14:40:48.439+0000] {dagbag.py:540} INFO - Filling up the DagBag from /home/airflow/.local/lib/python3.12/site-packages/airflow/example_dags/example_branch_day_of_week_operator.py
[2025-12-27T14:40:48.461+0000] {processor.py:840} INFO - DAG(s) 'example_weekday_branch_operator' retrieved from /home/airflow/.local/lib/python3.12/site-packages/airflow/example_dags/example_branch_day_of_week_operator.py
[2025-12-27T14:40:48.532+0000] {logging_mixin.py:188} INFO - [2025-12-27T14:40:48.531+0000] {dag.py:3096} INFO - Sync 1 DAGs
[2025-12-27T14:40:48.599+0000] {logging_mixin.py:188} INFO - [2025-12-27T14:40:48.598+0000] {dag.py:3954} INFO - Setting next_dagrun for example_weekday_branch_operator to 2025-12-26 00:00:00+00:00, run_after=2025-12-27 00:00:00+00:00
[2025-12-27T14:40:48.669+0000] {processor.py:183} INFO - Processing /home/airflow/.local/lib/python3.12/site-packages/airflow/example_dags/example_branch_day_of_week_operator.py took 0.261 seconds
[2025-12-27T14:41:18.781+0000] {processor.py:161} INFO - Started process (PID=2657) to work on /home/airflow/.local/lib/python3.12/site-packages/airflow/example_dags/example_branch_day_of_week_operator.py
[2025-12-27T14:41:18.785+0000] {processor.py:830} INFO - Processing file /home/airflow/.local/lib/python3.12/site-packages/airflow/example_dags/example_branch_day_of_week_operator.py for tasks to queue
[2025-12-27T14:41:18.787+0000] {logging_mixin.py:188} INFO - [2025-12-27T14:41:18.787+0000] {dagbag.py:540} INFO - Filling up the DagBag from /home/airflow/.local/lib/python3.12/site-packages/airflow/example_dags/example_branch_day_of_week_operator.py
[2025-12-27T14:41:18.807+0000] {processor.py:840} INFO - DAG(s) 'example_weekday_branch_operator' retrieved from /home/airflow/.local/lib/python3.12/site-packages/airflow/example_dags/example_branch_day_of_week_operator.py
[2025-12-27T14:41:18.870+0000] {logging_mixin.py:188} INFO - [2025-12-27T14:41:18.870+0000] {dag.py:3096} INFO - Sync 1 DAGs
[2025-12-27T14:41:18.931+0000] {logging_mixin.py:188} INFO - [2025-12-27T14:41:18.931+0000] {dag.py:3954} INFO - Setting next_dagrun for example_weekday_branch_operator to 2025-12-26 00:00:00+00:00, run_after=2025-12-27 00:00:00+00:00
[2025-12-27T14:41:18.982+0000] {processor.py:183} INFO - Processing /home/airflow/.local/lib/python3.12/site-packages/airflow/example_dags/example_branch_day_of_week_operator.py took 0.218 seconds
[2025-12-27T14:41:49.195+0000] {processor.py:161} INFO - Started process (PID=2715) to work on /home/airflow/.local/lib/python3.12/site-packages/airflow/example_dags/example_branch_day_of_week_operator.py
[2025-12-27T14:41:49.198+0000] {processor.py:830} INFO - Processing file /home/airflow/.local/lib/python3.12/site-packages/airflow/example_dags/example_branch_day_of_week_operator.py for tasks to queue
[2025-12-27T14:41:49.201+0000] {logging_mixin.py:188} INFO - [2025-12-27T14:41:49.200+0000] {dagbag.py:540} INFO - Filling up the DagBag from /home/airflow/.local/lib/python3.12/site-packages/airflow/example_dags/example_branch_day_of_week_operator.py
[2025-12-27T14:41:49.240+0000] {processor.py:840} INFO - DAG(s) 'example_weekday_branch_operator' retrieved from /home/airflow/.local/lib/python3.12/site-packages/airflow/example_dags/example_branch_day_of_week_operator.py
[2025-12-27T14:41:49.301+0000] {logging_mixin.py:188} INFO - [2025-12-27T14:41:49.300+0000] {dag.py:3096} INFO - Sync 1 DAGs
[2025-12-27T14:41:49.370+0000] {logging_mixin.py:188} INFO - [2025-12-27T14:41:49.369+0000] {dag.py:3954} INFO - Setting next_dagrun for example_weekday_branch_operator to 2025-12-26 00:00:00+00:00, run_after=2025-12-27 00:00:00+00:00
[2025-12-27T14:41:49.430+0000] {processor.py:183} INFO - Processing /home/airflow/.local/lib/python3.12/site-packages/airflow/example_dags/example_branch_day_of_week_operator.py took 0.252 seconds
[2025-12-27T14:42:19.891+0000] {processor.py:161} INFO - Started process (PID=2772) to work on /home/airflow/.local/lib/python3.12/site-packages/airflow/example_dags/example_branch_day_of_week_operator.py
[2025-12-27T14:42:19.894+0000] {processor.py:830} INFO - Processing file /home/airflow/.local/lib/python3.12/site-packages/airflow/example_dags/example_branch_day_of_week_operator.py for tasks to queue
[2025-12-27T14:42:19.897+0000] {logging_mixin.py:188} INFO - [2025-12-27T14:42:19.896+0000] {dagbag.py:540} INFO - Filling up the DagBag from /home/airflow/.local/lib/python3.12/site-packages/airflow/example_dags/example_branch_day_of_week_operator.py
[2025-12-27T14:42:19.918+0000] {processor.py:840} INFO - DAG(s) 'example_weekday_branch_operator' retrieved from /home/airflow/.local/lib/python3.12/site-packages/airflow/example_dags/example_branch_day_of_week_operator.py
[2025-12-27T14:42:19.976+0000] {logging_mixin.py:188} INFO - [2025-12-27T14:42:19.975+0000] {dag.py:3096} INFO - Sync 1 DAGs
[2025-12-27T14:42:20.037+0000] {logging_mixin.py:188} INFO - [2025-12-27T14:42:20.036+0000] {dag.py:3954} INFO - Setting next_dagrun for example_weekday_branch_operator to 2025-12-26 00:00:00+00:00, run_after=2025-12-27 00:00:00+00:00
[2025-12-27T14:42:20.087+0000] {processor.py:183} INFO - Processing /home/airflow/.local/lib/python3.12/site-packages/airflow/example_dags/example_branch_day_of_week_operator.py took 0.212 seconds
[2025-12-27T14:42:50.229+0000] {processor.py:161} INFO - Started process (PID=2829) to work on /home/airflow/.local/lib/python3.12/site-packages/airflow/example_dags/example_branch_day_of_week_operator.py
[2025-12-27T14:42:50.231+0000] {processor.py:830} INFO - Processing file /home/airflow/.local/lib/python3.12/site-packages/airflow/example_dags/example_branch_day_of_week_operator.py for tasks to queue
[2025-12-27T14:42:50.235+0000] {logging_mixin.py:188} INFO - [2025-12-27T14:42:50.234+0000] {dagbag.py:540} INFO - Filling up the DagBag from /home/airflow/.local/lib/python3.12/site-packages/airflow/example_dags/example_branch_day_of_week_operator.py
[2025-12-27T14:42:50.256+0000] {processor.py:840} INFO - DAG(s) 'example_weekday_branch_operator' retrieved from /home/airflow/.local/lib/python3.12/site-packages/airflow/example_dags/example_branch_day_of_week_operator.py
[2025-12-27T14:42:50.319+0000] {logging_mixin.py:188} INFO - [2025-12-27T14:42:50.318+0000] {dag.py:3096} INFO - Sync 1 DAGs
[2025-12-27T14:42:50.384+0000] {logging_mixin.py:188} INFO - [2025-12-27T14:42:50.383+0000] {dag.py:3954} INFO - Setting next_dagrun for example_weekday_branch_operator to 2025-12-26 00:00:00+00:00, run_after=2025-12-27 00:00:00+00:00
[2025-12-27T14:42:50.438+0000] {processor.py:183} INFO - Processing /home/airflow/.local/lib/python3.12/site-packages/airflow/example_dags/example_branch_day_of_week_operator.py took 0.227 seconds
[2025-12-27T14:43:20.762+0000] {processor.py:161} INFO - Started process (PID=2886) to work on /home/airflow/.local/lib/python3.12/site-packages/airflow/example_dags/example_branch_day_of_week_operator.py
[2025-12-27T14:43:20.772+0000] {processor.py:830} INFO - Processing file /home/airflow/.local/lib/python3.12/site-packages/airflow/example_dags/example_branch_day_of_week_operator.py for tasks to queue
[2025-12-27T14:43:20.780+0000] {logging_mixin.py:188} INFO - [2025-12-27T14:43:20.778+0000] {dagbag.py:540} INFO - Filling up the DagBag from /home/airflow/.local/lib/python3.12/site-packages/airflow/example_dags/example_branch_day_of_week_operator.py
[2025-12-27T14:43:20.873+0000] {processor.py:840} INFO - DAG(s) 'example_weekday_branch_operator' retrieved from /home/airflow/.local/lib/python3.12/site-packages/airflow/example_dags/example_branch_day_of_week_operator.py
[2025-12-27T14:43:21.061+0000] {logging_mixin.py:188} INFO - [2025-12-27T14:43:21.060+0000] {dag.py:3096} INFO - Sync 1 DAGs
[2025-12-27T14:43:21.288+0000] {logging_mixin.py:188} INFO - [2025-12-27T14:43:21.287+0000] {dag.py:3954} INFO - Setting next_dagrun for example_weekday_branch_operator to 2025-12-26 00:00:00+00:00, run_after=2025-12-27 00:00:00+00:00
[2025-12-27T14:43:21.389+0000] {processor.py:183} INFO - Processing /home/airflow/.local/lib/python3.12/site-packages/airflow/example_dags/example_branch_day_of_week_operator.py took 0.668 seconds
[2025-12-27T14:43:52.113+0000] {processor.py:161} INFO - Started process (PID=2944) to work on /home/airflow/.local/lib/python3.12/site-packages/airflow/example_dags/example_branch_day_of_week_operator.py
[2025-12-27T14:43:52.117+0000] {processor.py:830} INFO - Processing file /home/airflow/.local/lib/python3.12/site-packages/airflow/example_dags/example_branch_day_of_week_operator.py for tasks to queue
[2025-12-27T14:43:52.123+0000] {logging_mixin.py:188} INFO - [2025-12-27T14:43:52.121+0000] {dagbag.py:540} INFO - Filling up the DagBag from /home/airflow/.local/lib/python3.12/site-packages/airflow/example_dags/example_branch_day_of_week_operator.py
[2025-12-27T14:43:52.152+0000] {processor.py:840} INFO - DAG(s) 'example_weekday_branch_operator' retrieved from /home/airflow/.local/lib/python3.12/site-packages/airflow/example_dags/example_branch_day_of_week_operator.py
[2025-12-27T14:43:52.263+0000] {logging_mixin.py:188} INFO - [2025-12-27T14:43:52.262+0000] {dag.py:3096} INFO - Sync 1 DAGs
[2025-12-27T14:43:52.374+0000] {logging_mixin.py:188} INFO - [2025-12-27T14:43:52.373+0000] {dag.py:3954} INFO - Setting next_dagrun for example_weekday_branch_operator to 2025-12-26 00:00:00+00:00, run_after=2025-12-27 00:00:00+00:00
[2025-12-27T14:43:52.442+0000] {processor.py:183} INFO - Processing /home/airflow/.local/lib/python3.12/site-packages/airflow/example_dags/example_branch_day_of_week_operator.py took 0.360 seconds
[2025-12-27T14:44:22.838+0000] {processor.py:161} INFO - Started process (PID=3003) to work on /home/airflow/.local/lib/python3.12/site-packages/airflow/example_dags/example_branch_day_of_week_operator.py
[2025-12-27T14:44:22.847+0000] {processor.py:830} INFO - Processing file /home/airflow/.local/lib/python3.12/site-packages/airflow/example_dags/example_branch_day_of_week_operator.py for tasks to queue
[2025-12-27T14:44:22.850+0000] {logging_mixin.py:188} INFO - [2025-12-27T14:44:22.849+0000] {dagbag.py:540} INFO - Filling up the DagBag from /home/airflow/.local/lib/python3.12/site-packages/airflow/example_dags/example_branch_day_of_week_operator.py
[2025-12-27T14:44:22.893+0000] {processor.py:840} INFO - DAG(s) 'example_weekday_branch_operator' retrieved from /home/airflow/.local/lib/python3.12/site-packages/airflow/example_dags/example_branch_day_of_week_operator.py
[2025-12-27T14:44:22.977+0000] {logging_mixin.py:188} INFO - [2025-12-27T14:44:22.976+0000] {dag.py:3096} INFO - Sync 1 DAGs
[2025-12-27T14:44:23.085+0000] {logging_mixin.py:188} INFO - [2025-12-27T14:44:23.084+0000] {dag.py:3954} INFO - Setting next_dagrun for example_weekday_branch_operator to 2025-12-26 00:00:00+00:00, run_after=2025-12-27 00:00:00+00:00
[2025-12-27T14:44:23.151+0000] {processor.py:183} INFO - Processing /home/airflow/.local/lib/python3.12/site-packages/airflow/example_dags/example_branch_day_of_week_operator.py took 0.338 seconds
[2025-12-27T14:44:53.812+0000] {processor.py:161} INFO - Started process (PID=3061) to work on /home/airflow/.local/lib/python3.12/site-packages/airflow/example_dags/example_branch_day_of_week_operator.py
[2025-12-27T14:44:53.818+0000] {processor.py:830} INFO - Processing file /home/airflow/.local/lib/python3.12/site-packages/airflow/example_dags/example_branch_day_of_week_operator.py for tasks to queue
[2025-12-27T14:44:53.825+0000] {logging_mixin.py:188} INFO - [2025-12-27T14:44:53.821+0000] {dagbag.py:540} INFO - Filling up the DagBag from /home/airflow/.local/lib/python3.12/site-packages/airflow/example_dags/example_branch_day_of_week_operator.py
[2025-12-27T14:44:53.860+0000] {processor.py:840} INFO - DAG(s) 'example_weekday_branch_operator' retrieved from /home/airflow/.local/lib/python3.12/site-packages/airflow/example_dags/example_branch_day_of_week_operator.py
[2025-12-27T14:44:53.958+0000] {logging_mixin.py:188} INFO - [2025-12-27T14:44:53.957+0000] {dag.py:3096} INFO - Sync 1 DAGs
[2025-12-27T14:44:54.049+0000] {logging_mixin.py:188} INFO - [2025-12-27T14:44:54.048+0000] {dag.py:3954} INFO - Setting next_dagrun for example_weekday_branch_operator to 2025-12-26 00:00:00+00:00, run_after=2025-12-27 00:00:00+00:00
[2025-12-27T14:44:54.127+0000] {processor.py:183} INFO - Processing /home/airflow/.local/lib/python3.12/site-packages/airflow/example_dags/example_branch_day_of_week_operator.py took 0.351 seconds
[2025-12-27T14:45:24.401+0000] {processor.py:161} INFO - Started process (PID=3119) to work on /home/airflow/.local/lib/python3.12/site-packages/airflow/example_dags/example_branch_day_of_week_operator.py
[2025-12-27T14:45:24.404+0000] {processor.py:830} INFO - Processing file /home/airflow/.local/lib/python3.12/site-packages/airflow/example_dags/example_branch_day_of_week_operator.py for tasks to queue
[2025-12-27T14:45:24.407+0000] {logging_mixin.py:188} INFO - [2025-12-27T14:45:24.406+0000] {dagbag.py:540} INFO - Filling up the DagBag from /home/airflow/.local/lib/python3.12/site-packages/airflow/example_dags/example_branch_day_of_week_operator.py
[2025-12-27T14:45:24.435+0000] {processor.py:840} INFO - DAG(s) 'example_weekday_branch_operator' retrieved from /home/airflow/.local/lib/python3.12/site-packages/airflow/example_dags/example_branch_day_of_week_operator.py
[2025-12-27T14:45:24.508+0000] {logging_mixin.py:188} INFO - [2025-12-27T14:45:24.507+0000] {dag.py:3096} INFO - Sync 1 DAGs
[2025-12-27T14:45:24.574+0000] {logging_mixin.py:188} INFO - [2025-12-27T14:45:24.574+0000] {dag.py:3954} INFO - Setting next_dagrun for example_weekday_branch_operator to 2025-12-26 00:00:00+00:00, run_after=2025-12-27 00:00:00+00:00
[2025-12-27T14:45:24.633+0000] {processor.py:183} INFO - Processing /home/airflow/.local/lib/python3.12/site-packages/airflow/example_dags/example_branch_day_of_week_operator.py took 0.253 seconds
[2025-12-27T14:45:54.707+0000] {processor.py:161} INFO - Started process (PID=3177) to work on /home/airflow/.local/lib/python3.12/site-packages/airflow/example_dags/example_branch_day_of_week_operator.py
[2025-12-27T14:45:54.709+0000] {processor.py:830} INFO - Processing file /home/airflow/.local/lib/python3.12/site-packages/airflow/example_dags/example_branch_day_of_week_operator.py for tasks to queue
[2025-12-27T14:45:54.712+0000] {logging_mixin.py:188} INFO - [2025-12-27T14:45:54.711+0000] {dagbag.py:540} INFO - Filling up the DagBag from /home/airflow/.local/lib/python3.12/site-packages/airflow/example_dags/example_branch_day_of_week_operator.py
[2025-12-27T14:45:54.732+0000] {processor.py:840} INFO - DAG(s) 'example_weekday_branch_operator' retrieved from /home/airflow/.local/lib/python3.12/site-packages/airflow/example_dags/example_branch_day_of_week_operator.py
[2025-12-27T14:45:54.792+0000] {logging_mixin.py:188} INFO - [2025-12-27T14:45:54.791+0000] {dag.py:3096} INFO - Sync 1 DAGs
[2025-12-27T14:45:54.853+0000] {logging_mixin.py:188} INFO - [2025-12-27T14:45:54.853+0000] {dag.py:3954} INFO - Setting next_dagrun for example_weekday_branch_operator to 2025-12-26 00:00:00+00:00, run_after=2025-12-27 00:00:00+00:00
[2025-12-27T14:45:54.902+0000] {processor.py:183} INFO - Processing /home/airflow/.local/lib/python3.12/site-packages/airflow/example_dags/example_branch_day_of_week_operator.py took 0.211 seconds
[2025-12-27T14:46:25.110+0000] {processor.py:161} INFO - Started process (PID=3235) to work on /home/airflow/.local/lib/python3.12/site-packages/airflow/example_dags/example_branch_day_of_week_operator.py
[2025-12-27T14:46:25.114+0000] {processor.py:830} INFO - Processing file /home/airflow/.local/lib/python3.12/site-packages/airflow/example_dags/example_branch_day_of_week_operator.py for tasks to queue
[2025-12-27T14:46:25.117+0000] {logging_mixin.py:188} INFO - [2025-12-27T14:46:25.116+0000] {dagbag.py:540} INFO - Filling up the DagBag from /home/airflow/.local/lib/python3.12/site-packages/airflow/example_dags/example_branch_day_of_week_operator.py
[2025-12-27T14:46:25.139+0000] {processor.py:840} INFO - DAG(s) 'example_weekday_branch_operator' retrieved from /home/airflow/.local/lib/python3.12/site-packages/airflow/example_dags/example_branch_day_of_week_operator.py
[2025-12-27T14:46:25.198+0000] {logging_mixin.py:188} INFO - [2025-12-27T14:46:25.198+0000] {dag.py:3096} INFO - Sync 1 DAGs
[2025-12-27T14:46:25.259+0000] {logging_mixin.py:188} INFO - [2025-12-27T14:46:25.258+0000] {dag.py:3954} INFO - Setting next_dagrun for example_weekday_branch_operator to 2025-12-26 00:00:00+00:00, run_after=2025-12-27 00:00:00+00:00
[2025-12-27T14:46:25.316+0000] {processor.py:183} INFO - Processing /home/airflow/.local/lib/python3.12/site-packages/airflow/example_dags/example_branch_day_of_week_operator.py took 0.224 seconds
[2025-12-27T14:46:55.444+0000] {processor.py:161} INFO - Started process (PID=3290) to work on /home/airflow/.local/lib/python3.12/site-packages/airflow/example_dags/example_branch_day_of_week_operator.py
[2025-12-27T14:46:55.447+0000] {processor.py:830} INFO - Processing file /home/airflow/.local/lib/python3.12/site-packages/airflow/example_dags/example_branch_day_of_week_operator.py for tasks to queue
[2025-12-27T14:46:55.451+0000] {logging_mixin.py:188} INFO - [2025-12-27T14:46:55.449+0000] {dagbag.py:540} INFO - Filling up the DagBag from /home/airflow/.local/lib/python3.12/site-packages/airflow/example_dags/example_branch_day_of_week_operator.py
[2025-12-27T14:46:55.484+0000] {processor.py:840} INFO - DAG(s) 'example_weekday_branch_operator' retrieved from /home/airflow/.local/lib/python3.12/site-packages/airflow/example_dags/example_branch_day_of_week_operator.py
[2025-12-27T14:46:55.548+0000] {logging_mixin.py:188} INFO - [2025-12-27T14:46:55.548+0000] {dag.py:3096} INFO - Sync 1 DAGs
[2025-12-27T14:46:55.622+0000] {logging_mixin.py:188} INFO - [2025-12-27T14:46:55.622+0000] {dag.py:3954} INFO - Setting next_dagrun for example_weekday_branch_operator to 2025-12-26 00:00:00+00:00, run_after=2025-12-27 00:00:00+00:00
[2025-12-27T14:46:55.683+0000] {processor.py:183} INFO - Processing /home/airflow/.local/lib/python3.12/site-packages/airflow/example_dags/example_branch_day_of_week_operator.py took 0.267 seconds
[2025-12-27T14:47:25.848+0000] {processor.py:161} INFO - Started process (PID=3348) to work on /home/airflow/.local/lib/python3.12/site-packages/airflow/example_dags/example_branch_day_of_week_operator.py
[2025-12-27T14:47:25.852+0000] {processor.py:830} INFO - Processing file /home/airflow/.local/lib/python3.12/site-packages/airflow/example_dags/example_branch_day_of_week_operator.py for tasks to queue
[2025-12-27T14:47:25.855+0000] {logging_mixin.py:188} INFO - [2025-12-27T14:47:25.854+0000] {dagbag.py:540} INFO - Filling up the DagBag from /home/airflow/.local/lib/python3.12/site-packages/airflow/example_dags/example_branch_day_of_week_operator.py
[2025-12-27T14:47:25.876+0000] {processor.py:840} INFO - DAG(s) 'example_weekday_branch_operator' retrieved from /home/airflow/.local/lib/python3.12/site-packages/airflow/example_dags/example_branch_day_of_week_operator.py
[2025-12-27T14:47:25.941+0000] {logging_mixin.py:188} INFO - [2025-12-27T14:47:25.941+0000] {dag.py:3096} INFO - Sync 1 DAGs
[2025-12-27T14:47:26.004+0000] {logging_mixin.py:188} INFO - [2025-12-27T14:47:26.003+0000] {dag.py:3954} INFO - Setting next_dagrun for example_weekday_branch_operator to 2025-12-26 00:00:00+00:00, run_after=2025-12-27 00:00:00+00:00
[2025-12-27T14:47:26.056+0000] {processor.py:183} INFO - Processing /home/airflow/.local/lib/python3.12/site-packages/airflow/example_dags/example_branch_day_of_week_operator.py took 0.223 seconds
[2025-12-27T14:47:56.270+0000] {processor.py:161} INFO - Started process (PID=3406) to work on /home/airflow/.local/lib/python3.12/site-packages/airflow/example_dags/example_branch_day_of_week_operator.py
[2025-12-27T14:47:56.274+0000] {processor.py:830} INFO - Processing file /home/airflow/.local/lib/python3.12/site-packages/airflow/example_dags/example_branch_day_of_week_operator.py for tasks to queue
[2025-12-27T14:47:56.277+0000] {logging_mixin.py:188} INFO - [2025-12-27T14:47:56.276+0000] {dagbag.py:540} INFO - Filling up the DagBag from /home/airflow/.local/lib/python3.12/site-packages/airflow/example_dags/example_branch_day_of_week_operator.py
[2025-12-27T14:47:56.304+0000] {processor.py:840} INFO - DAG(s) 'example_weekday_branch_operator' retrieved from /home/airflow/.local/lib/python3.12/site-packages/airflow/example_dags/example_branch_day_of_week_operator.py
[2025-12-27T14:47:56.387+0000] {logging_mixin.py:188} INFO - [2025-12-27T14:47:56.386+0000] {dag.py:3096} INFO - Sync 1 DAGs
[2025-12-27T14:47:56.454+0000] {logging_mixin.py:188} INFO - [2025-12-27T14:47:56.453+0000] {dag.py:3954} INFO - Setting next_dagrun for example_weekday_branch_operator to 2025-12-26 00:00:00+00:00, run_after=2025-12-27 00:00:00+00:00
[2025-12-27T14:47:56.511+0000] {processor.py:183} INFO - Processing /home/airflow/.local/lib/python3.12/site-packages/airflow/example_dags/example_branch_day_of_week_operator.py took 0.264 seconds
[2025-12-27T14:48:27.136+0000] {processor.py:161} INFO - Started process (PID=3464) to work on /home/airflow/.local/lib/python3.12/site-packages/airflow/example_dags/example_branch_day_of_week_operator.py
[2025-12-27T14:48:27.141+0000] {processor.py:830} INFO - Processing file /home/airflow/.local/lib/python3.12/site-packages/airflow/example_dags/example_branch_day_of_week_operator.py for tasks to queue
[2025-12-27T14:48:27.145+0000] {logging_mixin.py:188} INFO - [2025-12-27T14:48:27.144+0000] {dagbag.py:540} INFO - Filling up the DagBag from /home/airflow/.local/lib/python3.12/site-packages/airflow/example_dags/example_branch_day_of_week_operator.py
[2025-12-27T14:48:27.179+0000] {processor.py:840} INFO - DAG(s) 'example_weekday_branch_operator' retrieved from /home/airflow/.local/lib/python3.12/site-packages/airflow/example_dags/example_branch_day_of_week_operator.py
[2025-12-27T14:48:27.262+0000] {logging_mixin.py:188} INFO - [2025-12-27T14:48:27.261+0000] {dag.py:3096} INFO - Sync 1 DAGs
[2025-12-27T14:48:27.392+0000] {logging_mixin.py:188} INFO - [2025-12-27T14:48:27.392+0000] {dag.py:3954} INFO - Setting next_dagrun for example_weekday_branch_operator to 2025-12-26 00:00:00+00:00, run_after=2025-12-27 00:00:00+00:00
[2025-12-27T14:48:27.494+0000] {processor.py:183} INFO - Processing /home/airflow/.local/lib/python3.12/site-packages/airflow/example_dags/example_branch_day_of_week_operator.py took 0.435 seconds
[2025-12-27T14:49:00.410+0000] {processor.py:161} INFO - Started process (PID=3521) to work on /home/airflow/.local/lib/python3.12/site-packages/airflow/example_dags/example_branch_day_of_week_operator.py
[2025-12-27T14:49:00.429+0000] {processor.py:830} INFO - Processing file /home/airflow/.local/lib/python3.12/site-packages/airflow/example_dags/example_branch_day_of_week_operator.py for tasks to queue
[2025-12-27T14:49:00.442+0000] {logging_mixin.py:188} INFO - [2025-12-27T14:49:00.438+0000] {dagbag.py:540} INFO - Filling up the DagBag from /home/airflow/.local/lib/python3.12/site-packages/airflow/example_dags/example_branch_day_of_week_operator.py
[2025-12-27T14:49:00.617+0000] {processor.py:840} INFO - DAG(s) 'example_weekday_branch_operator' retrieved from /home/airflow/.local/lib/python3.12/site-packages/airflow/example_dags/example_branch_day_of_week_operator.py
[2025-12-27T14:49:00.987+0000] {logging_mixin.py:188} INFO - [2025-12-27T14:49:00.979+0000] {dag.py:3096} INFO - Sync 1 DAGs
[2025-12-27T14:49:01.272+0000] {logging_mixin.py:188} INFO - [2025-12-27T14:49:01.270+0000] {dag.py:3954} INFO - Setting next_dagrun for example_weekday_branch_operator to 2025-12-26 00:00:00+00:00, run_after=2025-12-27 00:00:00+00:00
[2025-12-27T14:49:01.417+0000] {processor.py:183} INFO - Processing /home/airflow/.local/lib/python3.12/site-packages/airflow/example_dags/example_branch_day_of_week_operator.py took 1.066 seconds
[2025-12-27T14:49:31.845+0000] {processor.py:161} INFO - Started process (PID=3579) to work on /home/airflow/.local/lib/python3.12/site-packages/airflow/example_dags/example_branch_day_of_week_operator.py
[2025-12-27T14:49:31.857+0000] {processor.py:830} INFO - Processing file /home/airflow/.local/lib/python3.12/site-packages/airflow/example_dags/example_branch_day_of_week_operator.py for tasks to queue
[2025-12-27T14:49:31.861+0000] {logging_mixin.py:188} INFO - [2025-12-27T14:49:31.860+0000] {dagbag.py:540} INFO - Filling up the DagBag from /home/airflow/.local/lib/python3.12/site-packages/airflow/example_dags/example_branch_day_of_week_operator.py
[2025-12-27T14:49:31.903+0000] {processor.py:840} INFO - DAG(s) 'example_weekday_branch_operator' retrieved from /home/airflow/.local/lib/python3.12/site-packages/airflow/example_dags/example_branch_day_of_week_operator.py
[2025-12-27T14:49:32.051+0000] {logging_mixin.py:188} INFO - [2025-12-27T14:49:32.049+0000] {dag.py:3096} INFO - Sync 1 DAGs
[2025-12-27T14:49:32.225+0000] {logging_mixin.py:188} INFO - [2025-12-27T14:49:32.225+0000] {dag.py:3954} INFO - Setting next_dagrun for example_weekday_branch_operator to 2025-12-26 00:00:00+00:00, run_after=2025-12-27 00:00:00+00:00
[2025-12-27T14:49:32.289+0000] {processor.py:183} INFO - Processing /home/airflow/.local/lib/python3.12/site-packages/airflow/example_dags/example_branch_day_of_week_operator.py took 0.486 seconds
[2025-12-27T14:50:02.588+0000] {processor.py:161} INFO - Started process (PID=3634) to work on /home/airflow/.local/lib/python3.12/site-packages/airflow/example_dags/example_branch_day_of_week_operator.py
[2025-12-27T14:50:02.591+0000] {processor.py:830} INFO - Processing file /home/airflow/.local/lib/python3.12/site-packages/airflow/example_dags/example_branch_day_of_week_operator.py for tasks to queue
[2025-12-27T14:50:02.595+0000] {logging_mixin.py:188} INFO - [2025-12-27T14:50:02.593+0000] {dagbag.py:540} INFO - Filling up the DagBag from /home/airflow/.local/lib/python3.12/site-packages/airflow/example_dags/example_branch_day_of_week_operator.py
[2025-12-27T14:50:02.627+0000] {processor.py:840} INFO - DAG(s) 'example_weekday_branch_operator' retrieved from /home/airflow/.local/lib/python3.12/site-packages/airflow/example_dags/example_branch_day_of_week_operator.py
[2025-12-27T14:50:02.738+0000] {logging_mixin.py:188} INFO - [2025-12-27T14:50:02.737+0000] {dag.py:3096} INFO - Sync 1 DAGs
[2025-12-27T14:50:02.812+0000] {logging_mixin.py:188} INFO - [2025-12-27T14:50:02.811+0000] {dag.py:3954} INFO - Setting next_dagrun for example_weekday_branch_operator to 2025-12-26 00:00:00+00:00, run_after=2025-12-27 00:00:00+00:00
[2025-12-27T14:50:02.872+0000] {processor.py:183} INFO - Processing /home/airflow/.local/lib/python3.12/site-packages/airflow/example_dags/example_branch_day_of_week_operator.py took 0.303 seconds
[2025-12-27T14:50:33.287+0000] {processor.py:161} INFO - Started process (PID=3692) to work on /home/airflow/.local/lib/python3.12/site-packages/airflow/example_dags/example_branch_day_of_week_operator.py
[2025-12-27T14:50:33.293+0000] {processor.py:830} INFO - Processing file /home/airflow/.local/lib/python3.12/site-packages/airflow/example_dags/example_branch_day_of_week_operator.py for tasks to queue
[2025-12-27T14:50:33.303+0000] {logging_mixin.py:188} INFO - [2025-12-27T14:50:33.300+0000] {dagbag.py:540} INFO - Filling up the DagBag from /home/airflow/.local/lib/python3.12/site-packages/airflow/example_dags/example_branch_day_of_week_operator.py
[2025-12-27T14:50:33.348+0000] {processor.py:840} INFO - DAG(s) 'example_weekday_branch_operator' retrieved from /home/airflow/.local/lib/python3.12/site-packages/airflow/example_dags/example_branch_day_of_week_operator.py
[2025-12-27T14:50:33.478+0000] {logging_mixin.py:188} INFO - [2025-12-27T14:50:33.477+0000] {dag.py:3096} INFO - Sync 1 DAGs
[2025-12-27T14:50:33.650+0000] {logging_mixin.py:188} INFO - [2025-12-27T14:50:33.648+0000] {dag.py:3954} INFO - Setting next_dagrun for example_weekday_branch_operator to 2025-12-26 00:00:00+00:00, run_after=2025-12-27 00:00:00+00:00
[2025-12-27T14:50:33.803+0000] {processor.py:183} INFO - Processing /home/airflow/.local/lib/python3.12/site-packages/airflow/example_dags/example_branch_day_of_week_operator.py took 0.544 seconds
[2025-12-27T14:51:06.051+0000] {processor.py:161} INFO - Started process (PID=3750) to work on /home/airflow/.local/lib/python3.12/site-packages/airflow/example_dags/example_branch_day_of_week_operator.py
[2025-12-27T14:51:06.057+0000] {processor.py:830} INFO - Processing file /home/airflow/.local/lib/python3.12/site-packages/airflow/example_dags/example_branch_day_of_week_operator.py for tasks to queue
[2025-12-27T14:51:06.063+0000] {logging_mixin.py:188} INFO - [2025-12-27T14:51:06.062+0000] {dagbag.py:540} INFO - Filling up the DagBag from /home/airflow/.local/lib/python3.12/site-packages/airflow/example_dags/example_branch_day_of_week_operator.py
[2025-12-27T14:51:06.125+0000] {processor.py:840} INFO - DAG(s) 'example_weekday_branch_operator' retrieved from /home/airflow/.local/lib/python3.12/site-packages/airflow/example_dags/example_branch_day_of_week_operator.py
[2025-12-27T14:51:06.321+0000] {logging_mixin.py:188} INFO - [2025-12-27T14:51:06.320+0000] {dag.py:3096} INFO - Sync 1 DAGs
[2025-12-27T14:51:06.504+0000] {logging_mixin.py:188} INFO - [2025-12-27T14:51:06.503+0000] {dag.py:3954} INFO - Setting next_dagrun for example_weekday_branch_operator to 2025-12-26 00:00:00+00:00, run_after=2025-12-27 00:00:00+00:00
[2025-12-27T14:51:06.719+0000] {processor.py:183} INFO - Processing /home/airflow/.local/lib/python3.12/site-packages/airflow/example_dags/example_branch_day_of_week_operator.py took 0.716 seconds
[2025-12-27T14:52:26.491+0000] {processor.py:161} INFO - Started process (PID=3807) to work on /home/airflow/.local/lib/python3.12/site-packages/airflow/example_dags/example_branch_day_of_week_operator.py
[2025-12-27T14:52:26.500+0000] {processor.py:830} INFO - Processing file /home/airflow/.local/lib/python3.12/site-packages/airflow/example_dags/example_branch_day_of_week_operator.py for tasks to queue
[2025-12-27T14:52:26.512+0000] {logging_mixin.py:188} INFO - [2025-12-27T14:52:26.510+0000] {dagbag.py:540} INFO - Filling up the DagBag from /home/airflow/.local/lib/python3.12/site-packages/airflow/example_dags/example_branch_day_of_week_operator.py
[2025-12-27T14:52:26.671+0000] {processor.py:840} INFO - DAG(s) 'example_weekday_branch_operator' retrieved from /home/airflow/.local/lib/python3.12/site-packages/airflow/example_dags/example_branch_day_of_week_operator.py
[2025-12-27T14:52:27.107+0000] {logging_mixin.py:188} INFO - [2025-12-27T14:52:27.104+0000] {dag.py:3096} INFO - Sync 1 DAGs
[2025-12-27T14:52:27.696+0000] {logging_mixin.py:188} INFO - [2025-12-27T14:52:27.695+0000] {dag.py:3954} INFO - Setting next_dagrun for example_weekday_branch_operator to 2025-12-26 00:00:00+00:00, run_after=2025-12-27 00:00:00+00:00
[2025-12-27T14:52:28.092+0000] {processor.py:183} INFO - Processing /home/airflow/.local/lib/python3.12/site-packages/airflow/example_dags/example_branch_day_of_week_operator.py took 1.659 seconds
[2025-12-27T14:54:48.911+0000] {processor.py:161} INFO - Started process (PID=3863) to work on /home/airflow/.local/lib/python3.12/site-packages/airflow/example_dags/example_branch_day_of_week_operator.py
[2025-12-27T14:54:48.925+0000] {processor.py:830} INFO - Processing file /home/airflow/.local/lib/python3.12/site-packages/airflow/example_dags/example_branch_day_of_week_operator.py for tasks to queue
[2025-12-27T14:54:48.950+0000] {logging_mixin.py:188} INFO - [2025-12-27T14:54:48.939+0000] {dagbag.py:540} INFO - Filling up the DagBag from /home/airflow/.local/lib/python3.12/site-packages/airflow/example_dags/example_branch_day_of_week_operator.py
[2025-12-27T14:54:49.236+0000] {processor.py:840} INFO - DAG(s) 'example_weekday_branch_operator' retrieved from /home/airflow/.local/lib/python3.12/site-packages/airflow/example_dags/example_branch_day_of_week_operator.py
[2025-12-27T14:54:49.941+0000] {logging_mixin.py:188} INFO - [2025-12-27T14:54:49.940+0000] {dag.py:3096} INFO - Sync 1 DAGs
[2025-12-27T14:54:50.379+0000] {logging_mixin.py:188} INFO - [2025-12-27T14:54:50.368+0000] {dag.py:3954} INFO - Setting next_dagrun for example_weekday_branch_operator to 2025-12-26 00:00:00+00:00, run_after=2025-12-27 00:00:00+00:00
[2025-12-27T14:54:50.634+0000] {processor.py:183} INFO - Processing /home/airflow/.local/lib/python3.12/site-packages/airflow/example_dags/example_branch_day_of_week_operator.py took 2.020 seconds
