[2025-12-27T14:14:52.247+0000] {processor.py:161} INFO - Started process (PID=106) to work on /home/airflow/.local/lib/python3.12/site-packages/airflow/example_dags/example_nested_branch_dag.py
[2025-12-27T14:14:52.266+0000] {processor.py:830} INFO - Processing file /home/airflow/.local/lib/python3.12/site-packages/airflow/example_dags/example_nested_branch_dag.py for tasks to queue
[2025-12-27T14:14:52.278+0000] {logging_mixin.py:188} INFO - [2025-12-27T14:14:52.276+0000] {dagbag.py:540} INFO - Filling up the DagBag from /home/airflow/.local/lib/python3.12/site-packages/airflow/example_dags/example_nested_branch_dag.py
[2025-12-27T14:14:52.357+0000] {processor.py:840} INFO - DAG(s) 'example_nested_branch_dag' retrieved from /home/airflow/.local/lib/python3.12/site-packages/airflow/example_dags/example_nested_branch_dag.py
[2025-12-27T14:14:53.869+0000] {logging_mixin.py:188} INFO - [2025-12-27T14:14:53.868+0000] {dag.py:3096} INFO - Sync 1 DAGs
[2025-12-27T14:14:54.349+0000] {logging_mixin.py:188} INFO - [2025-12-27T14:14:54.348+0000] {dag.py:3954} INFO - Setting next_dagrun for example_nested_branch_dag to 2025-12-26 00:00:00+00:00, run_after=2025-12-27 00:00:00+00:00
[2025-12-27T14:14:54.889+0000] {processor.py:183} INFO - Processing /home/airflow/.local/lib/python3.12/site-packages/airflow/example_dags/example_nested_branch_dag.py took 2.695 seconds
[2025-12-27T14:15:30.456+0000] {processor.py:161} INFO - Started process (PID=163) to work on /home/airflow/.local/lib/python3.12/site-packages/airflow/example_dags/example_nested_branch_dag.py
[2025-12-27T14:15:30.470+0000] {processor.py:830} INFO - Processing file /home/airflow/.local/lib/python3.12/site-packages/airflow/example_dags/example_nested_branch_dag.py for tasks to queue
[2025-12-27T14:15:30.478+0000] {logging_mixin.py:188} INFO - [2025-12-27T14:15:30.476+0000] {dagbag.py:540} INFO - Filling up the DagBag from /home/airflow/.local/lib/python3.12/site-packages/airflow/example_dags/example_nested_branch_dag.py
[2025-12-27T14:15:30.549+0000] {processor.py:840} INFO - DAG(s) 'example_nested_branch_dag' retrieved from /home/airflow/.local/lib/python3.12/site-packages/airflow/example_dags/example_nested_branch_dag.py
[2025-12-27T14:15:30.753+0000] {logging_mixin.py:188} INFO - [2025-12-27T14:15:30.752+0000] {dag.py:3096} INFO - Sync 1 DAGs
[2025-12-27T14:15:30.949+0000] {logging_mixin.py:188} INFO - [2025-12-27T14:15:30.948+0000] {dag.py:3954} INFO - Setting next_dagrun for example_nested_branch_dag to 2025-12-26 00:00:00+00:00, run_after=2025-12-27 00:00:00+00:00
[2025-12-27T14:15:31.187+0000] {processor.py:183} INFO - Processing /home/airflow/.local/lib/python3.12/site-packages/airflow/example_dags/example_nested_branch_dag.py took 0.761 seconds
[2025-12-27T14:16:01.935+0000] {processor.py:161} INFO - Started process (PID=222) to work on /home/airflow/.local/lib/python3.12/site-packages/airflow/example_dags/example_nested_branch_dag.py
[2025-12-27T14:16:01.938+0000] {processor.py:830} INFO - Processing file /home/airflow/.local/lib/python3.12/site-packages/airflow/example_dags/example_nested_branch_dag.py for tasks to queue
[2025-12-27T14:16:01.943+0000] {logging_mixin.py:188} INFO - [2025-12-27T14:16:01.942+0000] {dagbag.py:540} INFO - Filling up the DagBag from /home/airflow/.local/lib/python3.12/site-packages/airflow/example_dags/example_nested_branch_dag.py
[2025-12-27T14:16:01.969+0000] {processor.py:840} INFO - DAG(s) 'example_nested_branch_dag' retrieved from /home/airflow/.local/lib/python3.12/site-packages/airflow/example_dags/example_nested_branch_dag.py
[2025-12-27T14:16:02.024+0000] {logging_mixin.py:188} INFO - [2025-12-27T14:16:02.024+0000] {dag.py:3096} INFO - Sync 1 DAGs
[2025-12-27T14:16:02.084+0000] {logging_mixin.py:188} INFO - [2025-12-27T14:16:02.083+0000] {dag.py:3954} INFO - Setting next_dagrun for example_nested_branch_dag to 2025-12-26 00:00:00+00:00, run_after=2025-12-27 00:00:00+00:00
[2025-12-27T14:16:02.134+0000] {processor.py:183} INFO - Processing /home/airflow/.local/lib/python3.12/site-packages/airflow/example_dags/example_nested_branch_dag.py took 0.216 seconds
[2025-12-27T14:16:33.672+0000] {processor.py:161} INFO - Started process (PID=278) to work on /home/airflow/.local/lib/python3.12/site-packages/airflow/example_dags/example_nested_branch_dag.py
[2025-12-27T14:16:33.681+0000] {processor.py:830} INFO - Processing file /home/airflow/.local/lib/python3.12/site-packages/airflow/example_dags/example_nested_branch_dag.py for tasks to queue
[2025-12-27T14:16:33.699+0000] {logging_mixin.py:188} INFO - [2025-12-27T14:16:33.694+0000] {dagbag.py:540} INFO - Filling up the DagBag from /home/airflow/.local/lib/python3.12/site-packages/airflow/example_dags/example_nested_branch_dag.py
[2025-12-27T14:16:33.791+0000] {processor.py:840} INFO - DAG(s) 'example_nested_branch_dag' retrieved from /home/airflow/.local/lib/python3.12/site-packages/airflow/example_dags/example_nested_branch_dag.py
[2025-12-27T14:16:33.944+0000] {logging_mixin.py:188} INFO - [2025-12-27T14:16:33.943+0000] {dag.py:3096} INFO - Sync 1 DAGs
[2025-12-27T14:16:34.112+0000] {logging_mixin.py:188} INFO - [2025-12-27T14:16:34.111+0000] {dag.py:3954} INFO - Setting next_dagrun for example_nested_branch_dag to 2025-12-26 00:00:00+00:00, run_after=2025-12-27 00:00:00+00:00
[2025-12-27T14:16:34.206+0000] {processor.py:183} INFO - Processing /home/airflow/.local/lib/python3.12/site-packages/airflow/example_dags/example_nested_branch_dag.py took 0.578 seconds
[2025-12-27T14:17:06.213+0000] {processor.py:161} INFO - Started process (PID=336) to work on /home/airflow/.local/lib/python3.12/site-packages/airflow/example_dags/example_nested_branch_dag.py
[2025-12-27T14:17:06.221+0000] {processor.py:830} INFO - Processing file /home/airflow/.local/lib/python3.12/site-packages/airflow/example_dags/example_nested_branch_dag.py for tasks to queue
[2025-12-27T14:17:06.233+0000] {logging_mixin.py:188} INFO - [2025-12-27T14:17:06.231+0000] {dagbag.py:540} INFO - Filling up the DagBag from /home/airflow/.local/lib/python3.12/site-packages/airflow/example_dags/example_nested_branch_dag.py
[2025-12-27T14:17:06.345+0000] {processor.py:840} INFO - DAG(s) 'example_nested_branch_dag' retrieved from /home/airflow/.local/lib/python3.12/site-packages/airflow/example_dags/example_nested_branch_dag.py
[2025-12-27T14:17:06.580+0000] {logging_mixin.py:188} INFO - [2025-12-27T14:17:06.579+0000] {dag.py:3096} INFO - Sync 1 DAGs
[2025-12-27T14:17:06.859+0000] {logging_mixin.py:188} INFO - [2025-12-27T14:17:06.858+0000] {dag.py:3954} INFO - Setting next_dagrun for example_nested_branch_dag to 2025-12-26 00:00:00+00:00, run_after=2025-12-27 00:00:00+00:00
[2025-12-27T14:17:07.123+0000] {processor.py:183} INFO - Processing /home/airflow/.local/lib/python3.12/site-packages/airflow/example_dags/example_nested_branch_dag.py took 0.958 seconds
[2025-12-27T14:17:51.250+0000] {processor.py:161} INFO - Started process (PID=390) to work on /home/airflow/.local/lib/python3.12/site-packages/airflow/example_dags/example_nested_branch_dag.py
[2025-12-27T14:17:51.256+0000] {processor.py:830} INFO - Processing file /home/airflow/.local/lib/python3.12/site-packages/airflow/example_dags/example_nested_branch_dag.py for tasks to queue
[2025-12-27T14:17:51.271+0000] {logging_mixin.py:188} INFO - [2025-12-27T14:17:51.267+0000] {dagbag.py:540} INFO - Filling up the DagBag from /home/airflow/.local/lib/python3.12/site-packages/airflow/example_dags/example_nested_branch_dag.py
[2025-12-27T14:17:51.345+0000] {processor.py:840} INFO - DAG(s) 'example_nested_branch_dag' retrieved from /home/airflow/.local/lib/python3.12/site-packages/airflow/example_dags/example_nested_branch_dag.py
[2025-12-27T14:17:51.496+0000] {logging_mixin.py:188} INFO - [2025-12-27T14:17:51.495+0000] {dag.py:3096} INFO - Sync 1 DAGs
[2025-12-27T14:17:51.625+0000] {logging_mixin.py:188} INFO - [2025-12-27T14:17:51.625+0000] {dag.py:3954} INFO - Setting next_dagrun for example_nested_branch_dag to 2025-12-26 00:00:00+00:00, run_after=2025-12-27 00:00:00+00:00
[2025-12-27T14:17:51.970+0000] {processor.py:183} INFO - Processing /home/airflow/.local/lib/python3.12/site-packages/airflow/example_dags/example_nested_branch_dag.py took 0.768 seconds
[2025-12-27T14:18:34.612+0000] {processor.py:161} INFO - Started process (PID=445) to work on /home/airflow/.local/lib/python3.12/site-packages/airflow/example_dags/example_nested_branch_dag.py
[2025-12-27T14:18:34.624+0000] {processor.py:830} INFO - Processing file /home/airflow/.local/lib/python3.12/site-packages/airflow/example_dags/example_nested_branch_dag.py for tasks to queue
[2025-12-27T14:18:34.630+0000] {logging_mixin.py:188} INFO - [2025-12-27T14:18:34.629+0000] {dagbag.py:540} INFO - Filling up the DagBag from /home/airflow/.local/lib/python3.12/site-packages/airflow/example_dags/example_nested_branch_dag.py
[2025-12-27T14:18:34.671+0000] {processor.py:840} INFO - DAG(s) 'example_nested_branch_dag' retrieved from /home/airflow/.local/lib/python3.12/site-packages/airflow/example_dags/example_nested_branch_dag.py
[2025-12-27T14:18:34.761+0000] {logging_mixin.py:188} INFO - [2025-12-27T14:18:34.759+0000] {dag.py:3096} INFO - Sync 1 DAGs
[2025-12-27T14:18:34.877+0000] {logging_mixin.py:188} INFO - [2025-12-27T14:18:34.877+0000] {dag.py:3954} INFO - Setting next_dagrun for example_nested_branch_dag to 2025-12-26 00:00:00+00:00, run_after=2025-12-27 00:00:00+00:00
[2025-12-27T14:18:34.953+0000] {processor.py:183} INFO - Processing /home/airflow/.local/lib/python3.12/site-packages/airflow/example_dags/example_nested_branch_dag.py took 0.371 seconds
[2025-12-27T14:19:05.084+0000] {processor.py:161} INFO - Started process (PID=503) to work on /home/airflow/.local/lib/python3.12/site-packages/airflow/example_dags/example_nested_branch_dag.py
[2025-12-27T14:19:05.088+0000] {processor.py:830} INFO - Processing file /home/airflow/.local/lib/python3.12/site-packages/airflow/example_dags/example_nested_branch_dag.py for tasks to queue
[2025-12-27T14:19:05.095+0000] {logging_mixin.py:188} INFO - [2025-12-27T14:19:05.094+0000] {dagbag.py:540} INFO - Filling up the DagBag from /home/airflow/.local/lib/python3.12/site-packages/airflow/example_dags/example_nested_branch_dag.py
[2025-12-27T14:19:05.130+0000] {processor.py:840} INFO - DAG(s) 'example_nested_branch_dag' retrieved from /home/airflow/.local/lib/python3.12/site-packages/airflow/example_dags/example_nested_branch_dag.py
[2025-12-27T14:19:05.214+0000] {logging_mixin.py:188} INFO - [2025-12-27T14:19:05.214+0000] {dag.py:3096} INFO - Sync 1 DAGs
[2025-12-27T14:19:05.296+0000] {logging_mixin.py:188} INFO - [2025-12-27T14:19:05.295+0000] {dag.py:3954} INFO - Setting next_dagrun for example_nested_branch_dag to 2025-12-26 00:00:00+00:00, run_after=2025-12-27 00:00:00+00:00
[2025-12-27T14:19:05.369+0000] {processor.py:183} INFO - Processing /home/airflow/.local/lib/python3.12/site-packages/airflow/example_dags/example_nested_branch_dag.py took 0.304 seconds
[2025-12-27T14:19:38.389+0000] {processor.py:161} INFO - Started process (PID=561) to work on /home/airflow/.local/lib/python3.12/site-packages/airflow/example_dags/example_nested_branch_dag.py
[2025-12-27T14:19:38.392+0000] {processor.py:830} INFO - Processing file /home/airflow/.local/lib/python3.12/site-packages/airflow/example_dags/example_nested_branch_dag.py for tasks to queue
[2025-12-27T14:19:38.399+0000] {logging_mixin.py:188} INFO - [2025-12-27T14:19:38.398+0000] {dagbag.py:540} INFO - Filling up the DagBag from /home/airflow/.local/lib/python3.12/site-packages/airflow/example_dags/example_nested_branch_dag.py
[2025-12-27T14:19:38.430+0000] {processor.py:840} INFO - DAG(s) 'example_nested_branch_dag' retrieved from /home/airflow/.local/lib/python3.12/site-packages/airflow/example_dags/example_nested_branch_dag.py
[2025-12-27T14:19:38.493+0000] {logging_mixin.py:188} INFO - [2025-12-27T14:19:38.492+0000] {dag.py:3096} INFO - Sync 1 DAGs
[2025-12-27T14:19:38.564+0000] {logging_mixin.py:188} INFO - [2025-12-27T14:19:38.564+0000] {dag.py:3954} INFO - Setting next_dagrun for example_nested_branch_dag to 2025-12-26 00:00:00+00:00, run_after=2025-12-27 00:00:00+00:00
[2025-12-27T14:19:38.630+0000] {processor.py:183} INFO - Processing /home/airflow/.local/lib/python3.12/site-packages/airflow/example_dags/example_nested_branch_dag.py took 0.266 seconds
[2025-12-27T14:20:12.427+0000] {processor.py:161} INFO - Started process (PID=619) to work on /home/airflow/.local/lib/python3.12/site-packages/airflow/example_dags/example_nested_branch_dag.py
[2025-12-27T14:20:12.430+0000] {processor.py:830} INFO - Processing file /home/airflow/.local/lib/python3.12/site-packages/airflow/example_dags/example_nested_branch_dag.py for tasks to queue
[2025-12-27T14:20:12.440+0000] {logging_mixin.py:188} INFO - [2025-12-27T14:20:12.439+0000] {dagbag.py:540} INFO - Filling up the DagBag from /home/airflow/.local/lib/python3.12/site-packages/airflow/example_dags/example_nested_branch_dag.py
[2025-12-27T14:20:12.537+0000] {processor.py:840} INFO - DAG(s) 'example_nested_branch_dag' retrieved from /home/airflow/.local/lib/python3.12/site-packages/airflow/example_dags/example_nested_branch_dag.py
[2025-12-27T14:20:12.710+0000] {logging_mixin.py:188} INFO - [2025-12-27T14:20:12.710+0000] {dag.py:3096} INFO - Sync 1 DAGs
[2025-12-27T14:20:12.816+0000] {logging_mixin.py:188} INFO - [2025-12-27T14:20:12.815+0000] {dag.py:3954} INFO - Setting next_dagrun for example_nested_branch_dag to 2025-12-26 00:00:00+00:00, run_after=2025-12-27 00:00:00+00:00
[2025-12-27T14:20:12.882+0000] {processor.py:183} INFO - Processing /home/airflow/.local/lib/python3.12/site-packages/airflow/example_dags/example_nested_branch_dag.py took 0.478 seconds
[2025-12-27T14:20:43.895+0000] {processor.py:161} INFO - Started process (PID=677) to work on /home/airflow/.local/lib/python3.12/site-packages/airflow/example_dags/example_nested_branch_dag.py
[2025-12-27T14:20:43.898+0000] {processor.py:830} INFO - Processing file /home/airflow/.local/lib/python3.12/site-packages/airflow/example_dags/example_nested_branch_dag.py for tasks to queue
[2025-12-27T14:20:43.904+0000] {logging_mixin.py:188} INFO - [2025-12-27T14:20:43.903+0000] {dagbag.py:540} INFO - Filling up the DagBag from /home/airflow/.local/lib/python3.12/site-packages/airflow/example_dags/example_nested_branch_dag.py
[2025-12-27T14:20:43.940+0000] {processor.py:840} INFO - DAG(s) 'example_nested_branch_dag' retrieved from /home/airflow/.local/lib/python3.12/site-packages/airflow/example_dags/example_nested_branch_dag.py
[2025-12-27T14:20:44.015+0000] {logging_mixin.py:188} INFO - [2025-12-27T14:20:44.013+0000] {dag.py:3096} INFO - Sync 1 DAGs
[2025-12-27T14:20:44.120+0000] {logging_mixin.py:188} INFO - [2025-12-27T14:20:44.119+0000] {dag.py:3954} INFO - Setting next_dagrun for example_nested_branch_dag to 2025-12-26 00:00:00+00:00, run_after=2025-12-27 00:00:00+00:00
[2025-12-27T14:20:44.214+0000] {processor.py:183} INFO - Processing /home/airflow/.local/lib/python3.12/site-packages/airflow/example_dags/example_nested_branch_dag.py took 0.342 seconds
[2025-12-27T14:21:30.453+0000] {processor.py:161} INFO - Started process (PID=741) to work on /home/airflow/.local/lib/python3.12/site-packages/airflow/example_dags/example_nested_branch_dag.py
[2025-12-27T14:21:30.468+0000] {processor.py:830} INFO - Processing file /home/airflow/.local/lib/python3.12/site-packages/airflow/example_dags/example_nested_branch_dag.py for tasks to queue
[2025-12-27T14:21:30.486+0000] {logging_mixin.py:188} INFO - [2025-12-27T14:21:30.483+0000] {dagbag.py:540} INFO - Filling up the DagBag from /home/airflow/.local/lib/python3.12/site-packages/airflow/example_dags/example_nested_branch_dag.py
[2025-12-27T14:21:30.551+0000] {processor.py:840} INFO - DAG(s) 'example_nested_branch_dag' retrieved from /home/airflow/.local/lib/python3.12/site-packages/airflow/example_dags/example_nested_branch_dag.py
[2025-12-27T14:21:30.710+0000] {logging_mixin.py:188} INFO - [2025-12-27T14:21:30.709+0000] {dag.py:3096} INFO - Sync 1 DAGs
[2025-12-27T14:21:30.906+0000] {logging_mixin.py:188} INFO - [2025-12-27T14:21:30.905+0000] {dag.py:3954} INFO - Setting next_dagrun for example_nested_branch_dag to 2025-12-26 00:00:00+00:00, run_after=2025-12-27 00:00:00+00:00
[2025-12-27T14:21:31.021+0000] {processor.py:183} INFO - Processing /home/airflow/.local/lib/python3.12/site-packages/airflow/example_dags/example_nested_branch_dag.py took 0.629 seconds
[2025-12-27T14:22:04.306+0000] {processor.py:161} INFO - Started process (PID=799) to work on /home/airflow/.local/lib/python3.12/site-packages/airflow/example_dags/example_nested_branch_dag.py
[2025-12-27T14:22:04.312+0000] {processor.py:830} INFO - Processing file /home/airflow/.local/lib/python3.12/site-packages/airflow/example_dags/example_nested_branch_dag.py for tasks to queue
[2025-12-27T14:22:04.322+0000] {logging_mixin.py:188} INFO - [2025-12-27T14:22:04.320+0000] {dagbag.py:540} INFO - Filling up the DagBag from /home/airflow/.local/lib/python3.12/site-packages/airflow/example_dags/example_nested_branch_dag.py
[2025-12-27T14:22:04.394+0000] {processor.py:840} INFO - DAG(s) 'example_nested_branch_dag' retrieved from /home/airflow/.local/lib/python3.12/site-packages/airflow/example_dags/example_nested_branch_dag.py
[2025-12-27T14:22:04.540+0000] {logging_mixin.py:188} INFO - [2025-12-27T14:22:04.539+0000] {dag.py:3096} INFO - Sync 1 DAGs
[2025-12-27T14:22:04.835+0000] {logging_mixin.py:188} INFO - [2025-12-27T14:22:04.835+0000] {dag.py:3954} INFO - Setting next_dagrun for example_nested_branch_dag to 2025-12-26 00:00:00+00:00, run_after=2025-12-27 00:00:00+00:00
[2025-12-27T14:22:05.035+0000] {processor.py:183} INFO - Processing /home/airflow/.local/lib/python3.12/site-packages/airflow/example_dags/example_nested_branch_dag.py took 0.756 seconds
[2025-12-27T14:23:28.009+0000] {processor.py:161} INFO - Started process (PID=861) to work on /home/airflow/.local/lib/python3.12/site-packages/airflow/example_dags/example_nested_branch_dag.py
[2025-12-27T14:23:28.041+0000] {processor.py:830} INFO - Processing file /home/airflow/.local/lib/python3.12/site-packages/airflow/example_dags/example_nested_branch_dag.py for tasks to queue
[2025-12-27T14:23:28.064+0000] {logging_mixin.py:188} INFO - [2025-12-27T14:23:28.063+0000] {dagbag.py:540} INFO - Filling up the DagBag from /home/airflow/.local/lib/python3.12/site-packages/airflow/example_dags/example_nested_branch_dag.py
[2025-12-27T14:23:28.438+0000] {processor.py:840} INFO - DAG(s) 'example_nested_branch_dag' retrieved from /home/airflow/.local/lib/python3.12/site-packages/airflow/example_dags/example_nested_branch_dag.py
[2025-12-27T14:23:28.899+0000] {logging_mixin.py:188} INFO - [2025-12-27T14:23:28.886+0000] {dag.py:3096} INFO - Sync 1 DAGs
[2025-12-27T14:23:29.457+0000] {logging_mixin.py:188} INFO - [2025-12-27T14:23:29.455+0000] {dag.py:3954} INFO - Setting next_dagrun for example_nested_branch_dag to 2025-12-26 00:00:00+00:00, run_after=2025-12-27 00:00:00+00:00
[2025-12-27T14:23:30.088+0000] {processor.py:183} INFO - Processing /home/airflow/.local/lib/python3.12/site-packages/airflow/example_dags/example_nested_branch_dag.py took 2.357 seconds
[2025-12-27T14:24:24.442+0000] {processor.py:161} INFO - Started process (PID=926) to work on /home/airflow/.local/lib/python3.12/site-packages/airflow/example_dags/example_nested_branch_dag.py
[2025-12-27T14:24:24.445+0000] {processor.py:830} INFO - Processing file /home/airflow/.local/lib/python3.12/site-packages/airflow/example_dags/example_nested_branch_dag.py for tasks to queue
[2025-12-27T14:24:24.449+0000] {logging_mixin.py:188} INFO - [2025-12-27T14:24:24.447+0000] {dagbag.py:540} INFO - Filling up the DagBag from /home/airflow/.local/lib/python3.12/site-packages/airflow/example_dags/example_nested_branch_dag.py
[2025-12-27T14:24:24.481+0000] {processor.py:840} INFO - DAG(s) 'example_nested_branch_dag' retrieved from /home/airflow/.local/lib/python3.12/site-packages/airflow/example_dags/example_nested_branch_dag.py
[2025-12-27T14:24:24.548+0000] {logging_mixin.py:188} INFO - [2025-12-27T14:24:24.547+0000] {dag.py:3096} INFO - Sync 1 DAGs
[2025-12-27T14:24:24.624+0000] {logging_mixin.py:188} INFO - [2025-12-27T14:24:24.623+0000] {dag.py:3954} INFO - Setting next_dagrun for example_nested_branch_dag to 2025-12-26 00:00:00+00:00, run_after=2025-12-27 00:00:00+00:00
[2025-12-27T14:24:24.742+0000] {processor.py:183} INFO - Processing /home/airflow/.local/lib/python3.12/site-packages/airflow/example_dags/example_nested_branch_dag.py took 0.317 seconds
[2025-12-27T14:25:09.338+0000] {processor.py:161} INFO - Started process (PID=999) to work on /home/airflow/.local/lib/python3.12/site-packages/airflow/example_dags/example_nested_branch_dag.py
[2025-12-27T14:25:09.343+0000] {processor.py:830} INFO - Processing file /home/airflow/.local/lib/python3.12/site-packages/airflow/example_dags/example_nested_branch_dag.py for tasks to queue
[2025-12-27T14:25:09.347+0000] {logging_mixin.py:188} INFO - [2025-12-27T14:25:09.345+0000] {dagbag.py:540} INFO - Filling up the DagBag from /home/airflow/.local/lib/python3.12/site-packages/airflow/example_dags/example_nested_branch_dag.py
[2025-12-27T14:25:09.419+0000] {processor.py:840} INFO - DAG(s) 'example_nested_branch_dag' retrieved from /home/airflow/.local/lib/python3.12/site-packages/airflow/example_dags/example_nested_branch_dag.py
[2025-12-27T14:25:09.570+0000] {logging_mixin.py:188} INFO - [2025-12-27T14:25:09.569+0000] {dag.py:3096} INFO - Sync 1 DAGs
[2025-12-27T14:25:09.691+0000] {logging_mixin.py:188} INFO - [2025-12-27T14:25:09.690+0000] {dag.py:3954} INFO - Setting next_dagrun for example_nested_branch_dag to 2025-12-26 00:00:00+00:00, run_after=2025-12-27 00:00:00+00:00
[2025-12-27T14:25:09.796+0000] {processor.py:183} INFO - Processing /home/airflow/.local/lib/python3.12/site-packages/airflow/example_dags/example_nested_branch_dag.py took 0.494 seconds
[2025-12-27T14:26:24.490+0000] {processor.py:161} INFO - Started process (PID=1070) to work on /home/airflow/.local/lib/python3.12/site-packages/airflow/example_dags/example_nested_branch_dag.py
[2025-12-27T14:26:24.501+0000] {processor.py:830} INFO - Processing file /home/airflow/.local/lib/python3.12/site-packages/airflow/example_dags/example_nested_branch_dag.py for tasks to queue
[2025-12-27T14:26:24.509+0000] {logging_mixin.py:188} INFO - [2025-12-27T14:26:24.505+0000] {dagbag.py:540} INFO - Filling up the DagBag from /home/airflow/.local/lib/python3.12/site-packages/airflow/example_dags/example_nested_branch_dag.py
[2025-12-27T14:26:24.587+0000] {processor.py:840} INFO - DAG(s) 'example_nested_branch_dag' retrieved from /home/airflow/.local/lib/python3.12/site-packages/airflow/example_dags/example_nested_branch_dag.py
[2025-12-27T14:26:24.877+0000] {logging_mixin.py:188} INFO - [2025-12-27T14:26:24.876+0000] {dag.py:3096} INFO - Sync 1 DAGs
[2025-12-27T14:26:25.002+0000] {logging_mixin.py:188} INFO - [2025-12-27T14:26:25.001+0000] {dag.py:3954} INFO - Setting next_dagrun for example_nested_branch_dag to 2025-12-26 00:00:00+00:00, run_after=2025-12-27 00:00:00+00:00
[2025-12-27T14:26:25.071+0000] {processor.py:183} INFO - Processing /home/airflow/.local/lib/python3.12/site-packages/airflow/example_dags/example_nested_branch_dag.py took 0.622 seconds
[2025-12-27T14:27:09.691+0000] {processor.py:161} INFO - Started process (PID=1126) to work on /home/airflow/.local/lib/python3.12/site-packages/airflow/example_dags/example_nested_branch_dag.py
[2025-12-27T14:27:09.707+0000] {processor.py:830} INFO - Processing file /home/airflow/.local/lib/python3.12/site-packages/airflow/example_dags/example_nested_branch_dag.py for tasks to queue
[2025-12-27T14:27:09.719+0000] {logging_mixin.py:188} INFO - [2025-12-27T14:27:09.718+0000] {dagbag.py:540} INFO - Filling up the DagBag from /home/airflow/.local/lib/python3.12/site-packages/airflow/example_dags/example_nested_branch_dag.py
[2025-12-27T14:27:10.228+0000] {processor.py:840} INFO - DAG(s) 'example_nested_branch_dag' retrieved from /home/airflow/.local/lib/python3.12/site-packages/airflow/example_dags/example_nested_branch_dag.py
[2025-12-27T14:27:11.784+0000] {logging_mixin.py:188} INFO - [2025-12-27T14:27:11.783+0000] {dag.py:3096} INFO - Sync 1 DAGs
[2025-12-27T14:27:12.121+0000] {logging_mixin.py:188} INFO - [2025-12-27T14:27:12.120+0000] {dag.py:3954} INFO - Setting next_dagrun for example_nested_branch_dag to 2025-12-26 00:00:00+00:00, run_after=2025-12-27 00:00:00+00:00
[2025-12-27T14:27:12.342+0000] {processor.py:183} INFO - Processing /home/airflow/.local/lib/python3.12/site-packages/airflow/example_dags/example_nested_branch_dag.py took 2.700 seconds
[2025-12-27T14:27:53.536+0000] {processor.py:161} INFO - Started process (PID=1190) to work on /home/airflow/.local/lib/python3.12/site-packages/airflow/example_dags/example_nested_branch_dag.py
[2025-12-27T14:27:53.540+0000] {processor.py:830} INFO - Processing file /home/airflow/.local/lib/python3.12/site-packages/airflow/example_dags/example_nested_branch_dag.py for tasks to queue
[2025-12-27T14:27:53.543+0000] {logging_mixin.py:188} INFO - [2025-12-27T14:27:53.542+0000] {dagbag.py:540} INFO - Filling up the DagBag from /home/airflow/.local/lib/python3.12/site-packages/airflow/example_dags/example_nested_branch_dag.py
[2025-12-27T14:27:53.577+0000] {processor.py:840} INFO - DAG(s) 'example_nested_branch_dag' retrieved from /home/airflow/.local/lib/python3.12/site-packages/airflow/example_dags/example_nested_branch_dag.py
[2025-12-27T14:27:53.642+0000] {logging_mixin.py:188} INFO - [2025-12-27T14:27:53.642+0000] {dag.py:3096} INFO - Sync 1 DAGs
[2025-12-27T14:27:53.713+0000] {logging_mixin.py:188} INFO - [2025-12-27T14:27:53.712+0000] {dag.py:3954} INFO - Setting next_dagrun for example_nested_branch_dag to 2025-12-26 00:00:00+00:00, run_after=2025-12-27 00:00:00+00:00
[2025-12-27T14:27:53.764+0000] {processor.py:183} INFO - Processing /home/airflow/.local/lib/python3.12/site-packages/airflow/example_dags/example_nested_branch_dag.py took 0.249 seconds
[2025-12-27T14:28:24.182+0000] {processor.py:161} INFO - Started process (PID=1248) to work on /home/airflow/.local/lib/python3.12/site-packages/airflow/example_dags/example_nested_branch_dag.py
[2025-12-27T14:28:24.185+0000] {processor.py:830} INFO - Processing file /home/airflow/.local/lib/python3.12/site-packages/airflow/example_dags/example_nested_branch_dag.py for tasks to queue
[2025-12-27T14:28:24.188+0000] {logging_mixin.py:188} INFO - [2025-12-27T14:28:24.187+0000] {dagbag.py:540} INFO - Filling up the DagBag from /home/airflow/.local/lib/python3.12/site-packages/airflow/example_dags/example_nested_branch_dag.py
[2025-12-27T14:28:24.219+0000] {processor.py:840} INFO - DAG(s) 'example_nested_branch_dag' retrieved from /home/airflow/.local/lib/python3.12/site-packages/airflow/example_dags/example_nested_branch_dag.py
[2025-12-27T14:28:24.286+0000] {logging_mixin.py:188} INFO - [2025-12-27T14:28:24.286+0000] {dag.py:3096} INFO - Sync 1 DAGs
[2025-12-27T14:28:24.367+0000] {logging_mixin.py:188} INFO - [2025-12-27T14:28:24.366+0000] {dag.py:3954} INFO - Setting next_dagrun for example_nested_branch_dag to 2025-12-26 00:00:00+00:00, run_after=2025-12-27 00:00:00+00:00
[2025-12-27T14:28:24.436+0000] {processor.py:183} INFO - Processing /home/airflow/.local/lib/python3.12/site-packages/airflow/example_dags/example_nested_branch_dag.py took 0.272 seconds
[2025-12-27T14:28:55.987+0000] {processor.py:161} INFO - Started process (PID=1306) to work on /home/airflow/.local/lib/python3.12/site-packages/airflow/example_dags/example_nested_branch_dag.py
[2025-12-27T14:28:55.991+0000] {processor.py:830} INFO - Processing file /home/airflow/.local/lib/python3.12/site-packages/airflow/example_dags/example_nested_branch_dag.py for tasks to queue
[2025-12-27T14:28:55.995+0000] {logging_mixin.py:188} INFO - [2025-12-27T14:28:55.994+0000] {dagbag.py:540} INFO - Filling up the DagBag from /home/airflow/.local/lib/python3.12/site-packages/airflow/example_dags/example_nested_branch_dag.py
[2025-12-27T14:28:56.066+0000] {processor.py:840} INFO - DAG(s) 'example_nested_branch_dag' retrieved from /home/airflow/.local/lib/python3.12/site-packages/airflow/example_dags/example_nested_branch_dag.py
[2025-12-27T14:28:56.303+0000] {logging_mixin.py:188} INFO - [2025-12-27T14:28:56.302+0000] {dag.py:3096} INFO - Sync 1 DAGs
[2025-12-27T14:28:56.465+0000] {logging_mixin.py:188} INFO - [2025-12-27T14:28:56.464+0000] {dag.py:3954} INFO - Setting next_dagrun for example_nested_branch_dag to 2025-12-26 00:00:00+00:00, run_after=2025-12-27 00:00:00+00:00
[2025-12-27T14:28:56.558+0000] {processor.py:183} INFO - Processing /home/airflow/.local/lib/python3.12/site-packages/airflow/example_dags/example_nested_branch_dag.py took 0.602 seconds
[2025-12-27T14:29:29.743+0000] {processor.py:161} INFO - Started process (PID=1364) to work on /home/airflow/.local/lib/python3.12/site-packages/airflow/example_dags/example_nested_branch_dag.py
[2025-12-27T14:29:29.751+0000] {processor.py:830} INFO - Processing file /home/airflow/.local/lib/python3.12/site-packages/airflow/example_dags/example_nested_branch_dag.py for tasks to queue
[2025-12-27T14:29:29.756+0000] {logging_mixin.py:188} INFO - [2025-12-27T14:29:29.754+0000] {dagbag.py:540} INFO - Filling up the DagBag from /home/airflow/.local/lib/python3.12/site-packages/airflow/example_dags/example_nested_branch_dag.py
[2025-12-27T14:29:29.813+0000] {processor.py:840} INFO - DAG(s) 'example_nested_branch_dag' retrieved from /home/airflow/.local/lib/python3.12/site-packages/airflow/example_dags/example_nested_branch_dag.py
[2025-12-27T14:29:29.946+0000] {logging_mixin.py:188} INFO - [2025-12-27T14:29:29.945+0000] {dag.py:3096} INFO - Sync 1 DAGs
[2025-12-27T14:29:30.069+0000] {logging_mixin.py:188} INFO - [2025-12-27T14:29:30.068+0000] {dag.py:3954} INFO - Setting next_dagrun for example_nested_branch_dag to 2025-12-26 00:00:00+00:00, run_after=2025-12-27 00:00:00+00:00
[2025-12-27T14:29:30.189+0000] {processor.py:183} INFO - Processing /home/airflow/.local/lib/python3.12/site-packages/airflow/example_dags/example_nested_branch_dag.py took 0.482 seconds
[2025-12-27T14:30:12.314+0000] {processor.py:161} INFO - Started process (PID=1426) to work on /home/airflow/.local/lib/python3.12/site-packages/airflow/example_dags/example_nested_branch_dag.py
[2025-12-27T14:30:12.317+0000] {processor.py:830} INFO - Processing file /home/airflow/.local/lib/python3.12/site-packages/airflow/example_dags/example_nested_branch_dag.py for tasks to queue
[2025-12-27T14:30:12.322+0000] {logging_mixin.py:188} INFO - [2025-12-27T14:30:12.321+0000] {dagbag.py:540} INFO - Filling up the DagBag from /home/airflow/.local/lib/python3.12/site-packages/airflow/example_dags/example_nested_branch_dag.py
[2025-12-27T14:30:12.356+0000] {processor.py:840} INFO - DAG(s) 'example_nested_branch_dag' retrieved from /home/airflow/.local/lib/python3.12/site-packages/airflow/example_dags/example_nested_branch_dag.py
[2025-12-27T14:30:12.473+0000] {logging_mixin.py:188} INFO - [2025-12-27T14:30:12.472+0000] {dag.py:3096} INFO - Sync 1 DAGs
[2025-12-27T14:30:12.631+0000] {logging_mixin.py:188} INFO - [2025-12-27T14:30:12.630+0000] {dag.py:3954} INFO - Setting next_dagrun for example_nested_branch_dag to 2025-12-26 00:00:00+00:00, run_after=2025-12-27 00:00:00+00:00
[2025-12-27T14:30:12.745+0000] {processor.py:183} INFO - Processing /home/airflow/.local/lib/python3.12/site-packages/airflow/example_dags/example_nested_branch_dag.py took 0.449 seconds
[2025-12-27T14:30:43.317+0000] {processor.py:161} INFO - Started process (PID=1485) to work on /home/airflow/.local/lib/python3.12/site-packages/airflow/example_dags/example_nested_branch_dag.py
[2025-12-27T14:30:43.320+0000] {processor.py:830} INFO - Processing file /home/airflow/.local/lib/python3.12/site-packages/airflow/example_dags/example_nested_branch_dag.py for tasks to queue
[2025-12-27T14:30:43.323+0000] {logging_mixin.py:188} INFO - [2025-12-27T14:30:43.322+0000] {dagbag.py:540} INFO - Filling up the DagBag from /home/airflow/.local/lib/python3.12/site-packages/airflow/example_dags/example_nested_branch_dag.py
[2025-12-27T14:30:43.362+0000] {processor.py:840} INFO - DAG(s) 'example_nested_branch_dag' retrieved from /home/airflow/.local/lib/python3.12/site-packages/airflow/example_dags/example_nested_branch_dag.py
[2025-12-27T14:30:43.433+0000] {logging_mixin.py:188} INFO - [2025-12-27T14:30:43.432+0000] {dag.py:3096} INFO - Sync 1 DAGs
[2025-12-27T14:30:43.491+0000] {logging_mixin.py:188} INFO - [2025-12-27T14:30:43.491+0000] {dag.py:3954} INFO - Setting next_dagrun for example_nested_branch_dag to 2025-12-26 00:00:00+00:00, run_after=2025-12-27 00:00:00+00:00
[2025-12-27T14:30:43.544+0000] {processor.py:183} INFO - Processing /home/airflow/.local/lib/python3.12/site-packages/airflow/example_dags/example_nested_branch_dag.py took 0.245 seconds
[2025-12-27T14:31:13.945+0000] {processor.py:161} INFO - Started process (PID=1543) to work on /home/airflow/.local/lib/python3.12/site-packages/airflow/example_dags/example_nested_branch_dag.py
[2025-12-27T14:31:13.948+0000] {processor.py:830} INFO - Processing file /home/airflow/.local/lib/python3.12/site-packages/airflow/example_dags/example_nested_branch_dag.py for tasks to queue
[2025-12-27T14:31:13.951+0000] {logging_mixin.py:188} INFO - [2025-12-27T14:31:13.950+0000] {dagbag.py:540} INFO - Filling up the DagBag from /home/airflow/.local/lib/python3.12/site-packages/airflow/example_dags/example_nested_branch_dag.py
[2025-12-27T14:31:13.982+0000] {processor.py:840} INFO - DAG(s) 'example_nested_branch_dag' retrieved from /home/airflow/.local/lib/python3.12/site-packages/airflow/example_dags/example_nested_branch_dag.py
[2025-12-27T14:31:14.046+0000] {logging_mixin.py:188} INFO - [2025-12-27T14:31:14.045+0000] {dag.py:3096} INFO - Sync 1 DAGs
[2025-12-27T14:31:14.107+0000] {logging_mixin.py:188} INFO - [2025-12-27T14:31:14.106+0000] {dag.py:3954} INFO - Setting next_dagrun for example_nested_branch_dag to 2025-12-26 00:00:00+00:00, run_after=2025-12-27 00:00:00+00:00
[2025-12-27T14:31:14.156+0000] {processor.py:183} INFO - Processing /home/airflow/.local/lib/python3.12/site-packages/airflow/example_dags/example_nested_branch_dag.py took 0.228 seconds
[2025-12-27T14:31:44.376+0000] {processor.py:161} INFO - Started process (PID=1601) to work on /home/airflow/.local/lib/python3.12/site-packages/airflow/example_dags/example_nested_branch_dag.py
[2025-12-27T14:31:44.380+0000] {processor.py:830} INFO - Processing file /home/airflow/.local/lib/python3.12/site-packages/airflow/example_dags/example_nested_branch_dag.py for tasks to queue
[2025-12-27T14:31:44.389+0000] {logging_mixin.py:188} INFO - [2025-12-27T14:31:44.385+0000] {dagbag.py:540} INFO - Filling up the DagBag from /home/airflow/.local/lib/python3.12/site-packages/airflow/example_dags/example_nested_branch_dag.py
[2025-12-27T14:31:44.451+0000] {processor.py:840} INFO - DAG(s) 'example_nested_branch_dag' retrieved from /home/airflow/.local/lib/python3.12/site-packages/airflow/example_dags/example_nested_branch_dag.py
[2025-12-27T14:31:44.595+0000] {logging_mixin.py:188} INFO - [2025-12-27T14:31:44.595+0000] {dag.py:3096} INFO - Sync 1 DAGs
[2025-12-27T14:31:44.767+0000] {logging_mixin.py:188} INFO - [2025-12-27T14:31:44.765+0000] {dag.py:3954} INFO - Setting next_dagrun for example_nested_branch_dag to 2025-12-26 00:00:00+00:00, run_after=2025-12-27 00:00:00+00:00
[2025-12-27T14:31:44.969+0000] {processor.py:183} INFO - Processing /home/airflow/.local/lib/python3.12/site-packages/airflow/example_dags/example_nested_branch_dag.py took 0.637 seconds
[2025-12-27T14:32:15.188+0000] {processor.py:161} INFO - Started process (PID=1659) to work on /home/airflow/.local/lib/python3.12/site-packages/airflow/example_dags/example_nested_branch_dag.py
[2025-12-27T14:32:15.191+0000] {processor.py:830} INFO - Processing file /home/airflow/.local/lib/python3.12/site-packages/airflow/example_dags/example_nested_branch_dag.py for tasks to queue
[2025-12-27T14:32:15.194+0000] {logging_mixin.py:188} INFO - [2025-12-27T14:32:15.193+0000] {dagbag.py:540} INFO - Filling up the DagBag from /home/airflow/.local/lib/python3.12/site-packages/airflow/example_dags/example_nested_branch_dag.py
[2025-12-27T14:32:15.222+0000] {processor.py:840} INFO - DAG(s) 'example_nested_branch_dag' retrieved from /home/airflow/.local/lib/python3.12/site-packages/airflow/example_dags/example_nested_branch_dag.py
[2025-12-27T14:32:15.308+0000] {logging_mixin.py:188} INFO - [2025-12-27T14:32:15.307+0000] {dag.py:3096} INFO - Sync 1 DAGs
[2025-12-27T14:32:15.377+0000] {logging_mixin.py:188} INFO - [2025-12-27T14:32:15.376+0000] {dag.py:3954} INFO - Setting next_dagrun for example_nested_branch_dag to 2025-12-26 00:00:00+00:00, run_after=2025-12-27 00:00:00+00:00
[2025-12-27T14:32:15.447+0000] {processor.py:183} INFO - Processing /home/airflow/.local/lib/python3.12/site-packages/airflow/example_dags/example_nested_branch_dag.py took 0.275 seconds
[2025-12-27T14:32:45.889+0000] {processor.py:161} INFO - Started process (PID=1715) to work on /home/airflow/.local/lib/python3.12/site-packages/airflow/example_dags/example_nested_branch_dag.py
[2025-12-27T14:32:45.891+0000] {processor.py:830} INFO - Processing file /home/airflow/.local/lib/python3.12/site-packages/airflow/example_dags/example_nested_branch_dag.py for tasks to queue
[2025-12-27T14:32:45.893+0000] {logging_mixin.py:188} INFO - [2025-12-27T14:32:45.893+0000] {dagbag.py:540} INFO - Filling up the DagBag from /home/airflow/.local/lib/python3.12/site-packages/airflow/example_dags/example_nested_branch_dag.py
[2025-12-27T14:32:45.926+0000] {processor.py:840} INFO - DAG(s) 'example_nested_branch_dag' retrieved from /home/airflow/.local/lib/python3.12/site-packages/airflow/example_dags/example_nested_branch_dag.py
[2025-12-27T14:32:46.000+0000] {logging_mixin.py:188} INFO - [2025-12-27T14:32:45.999+0000] {dag.py:3096} INFO - Sync 1 DAGs
[2025-12-27T14:32:46.080+0000] {logging_mixin.py:188} INFO - [2025-12-27T14:32:46.079+0000] {dag.py:3954} INFO - Setting next_dagrun for example_nested_branch_dag to 2025-12-26 00:00:00+00:00, run_after=2025-12-27 00:00:00+00:00
[2025-12-27T14:32:46.160+0000] {processor.py:183} INFO - Processing /home/airflow/.local/lib/python3.12/site-packages/airflow/example_dags/example_nested_branch_dag.py took 0.293 seconds
[2025-12-27T14:33:17.831+0000] {processor.py:161} INFO - Started process (PID=1774) to work on /home/airflow/.local/lib/python3.12/site-packages/airflow/example_dags/example_nested_branch_dag.py
[2025-12-27T14:33:17.835+0000] {processor.py:830} INFO - Processing file /home/airflow/.local/lib/python3.12/site-packages/airflow/example_dags/example_nested_branch_dag.py for tasks to queue
[2025-12-27T14:33:17.839+0000] {logging_mixin.py:188} INFO - [2025-12-27T14:33:17.838+0000] {dagbag.py:540} INFO - Filling up the DagBag from /home/airflow/.local/lib/python3.12/site-packages/airflow/example_dags/example_nested_branch_dag.py
[2025-12-27T14:33:17.895+0000] {processor.py:840} INFO - DAG(s) 'example_nested_branch_dag' retrieved from /home/airflow/.local/lib/python3.12/site-packages/airflow/example_dags/example_nested_branch_dag.py
[2025-12-27T14:33:18.037+0000] {logging_mixin.py:188} INFO - [2025-12-27T14:33:18.036+0000] {dag.py:3096} INFO - Sync 1 DAGs
[2025-12-27T14:33:18.144+0000] {logging_mixin.py:188} INFO - [2025-12-27T14:33:18.144+0000] {dag.py:3954} INFO - Setting next_dagrun for example_nested_branch_dag to 2025-12-26 00:00:00+00:00, run_after=2025-12-27 00:00:00+00:00
[2025-12-27T14:33:18.228+0000] {processor.py:183} INFO - Processing /home/airflow/.local/lib/python3.12/site-packages/airflow/example_dags/example_nested_branch_dag.py took 0.439 seconds
[2025-12-27T14:33:48.687+0000] {processor.py:161} INFO - Started process (PID=1832) to work on /home/airflow/.local/lib/python3.12/site-packages/airflow/example_dags/example_nested_branch_dag.py
[2025-12-27T14:33:48.690+0000] {processor.py:830} INFO - Processing file /home/airflow/.local/lib/python3.12/site-packages/airflow/example_dags/example_nested_branch_dag.py for tasks to queue
[2025-12-27T14:33:48.692+0000] {logging_mixin.py:188} INFO - [2025-12-27T14:33:48.691+0000] {dagbag.py:540} INFO - Filling up the DagBag from /home/airflow/.local/lib/python3.12/site-packages/airflow/example_dags/example_nested_branch_dag.py
[2025-12-27T14:33:48.719+0000] {processor.py:840} INFO - DAG(s) 'example_nested_branch_dag' retrieved from /home/airflow/.local/lib/python3.12/site-packages/airflow/example_dags/example_nested_branch_dag.py
[2025-12-27T14:33:48.780+0000] {logging_mixin.py:188} INFO - [2025-12-27T14:33:48.780+0000] {dag.py:3096} INFO - Sync 1 DAGs
[2025-12-27T14:33:48.839+0000] {logging_mixin.py:188} INFO - [2025-12-27T14:33:48.839+0000] {dag.py:3954} INFO - Setting next_dagrun for example_nested_branch_dag to 2025-12-26 00:00:00+00:00, run_after=2025-12-27 00:00:00+00:00
[2025-12-27T14:33:48.894+0000] {processor.py:183} INFO - Processing /home/airflow/.local/lib/python3.12/site-packages/airflow/example_dags/example_nested_branch_dag.py took 0.223 seconds
[2025-12-27T14:34:19.490+0000] {processor.py:161} INFO - Started process (PID=1890) to work on /home/airflow/.local/lib/python3.12/site-packages/airflow/example_dags/example_nested_branch_dag.py
[2025-12-27T14:34:19.493+0000] {processor.py:830} INFO - Processing file /home/airflow/.local/lib/python3.12/site-packages/airflow/example_dags/example_nested_branch_dag.py for tasks to queue
[2025-12-27T14:34:19.496+0000] {logging_mixin.py:188} INFO - [2025-12-27T14:34:19.495+0000] {dagbag.py:540} INFO - Filling up the DagBag from /home/airflow/.local/lib/python3.12/site-packages/airflow/example_dags/example_nested_branch_dag.py
[2025-12-27T14:34:19.526+0000] {processor.py:840} INFO - DAG(s) 'example_nested_branch_dag' retrieved from /home/airflow/.local/lib/python3.12/site-packages/airflow/example_dags/example_nested_branch_dag.py
[2025-12-27T14:34:19.595+0000] {logging_mixin.py:188} INFO - [2025-12-27T14:34:19.594+0000] {dag.py:3096} INFO - Sync 1 DAGs
[2025-12-27T14:34:19.718+0000] {logging_mixin.py:188} INFO - [2025-12-27T14:34:19.718+0000] {dag.py:3954} INFO - Setting next_dagrun for example_nested_branch_dag to 2025-12-26 00:00:00+00:00, run_after=2025-12-27 00:00:00+00:00
[2025-12-27T14:34:19.803+0000] {processor.py:183} INFO - Processing /home/airflow/.local/lib/python3.12/site-packages/airflow/example_dags/example_nested_branch_dag.py took 0.332 seconds
[2025-12-27T14:34:50.377+0000] {processor.py:161} INFO - Started process (PID=1948) to work on /home/airflow/.local/lib/python3.12/site-packages/airflow/example_dags/example_nested_branch_dag.py
[2025-12-27T14:34:50.381+0000] {processor.py:830} INFO - Processing file /home/airflow/.local/lib/python3.12/site-packages/airflow/example_dags/example_nested_branch_dag.py for tasks to queue
[2025-12-27T14:34:50.384+0000] {logging_mixin.py:188} INFO - [2025-12-27T14:34:50.383+0000] {dagbag.py:540} INFO - Filling up the DagBag from /home/airflow/.local/lib/python3.12/site-packages/airflow/example_dags/example_nested_branch_dag.py
[2025-12-27T14:34:50.422+0000] {processor.py:840} INFO - DAG(s) 'example_nested_branch_dag' retrieved from /home/airflow/.local/lib/python3.12/site-packages/airflow/example_dags/example_nested_branch_dag.py
[2025-12-27T14:34:50.499+0000] {logging_mixin.py:188} INFO - [2025-12-27T14:34:50.498+0000] {dag.py:3096} INFO - Sync 1 DAGs
[2025-12-27T14:34:50.595+0000] {logging_mixin.py:188} INFO - [2025-12-27T14:34:50.594+0000] {dag.py:3954} INFO - Setting next_dagrun for example_nested_branch_dag to 2025-12-26 00:00:00+00:00, run_after=2025-12-27 00:00:00+00:00
[2025-12-27T14:34:50.649+0000] {processor.py:183} INFO - Processing /home/airflow/.local/lib/python3.12/site-packages/airflow/example_dags/example_nested_branch_dag.py took 0.290 seconds
[2025-12-27T14:35:21.770+0000] {processor.py:161} INFO - Started process (PID=2007) to work on /home/airflow/.local/lib/python3.12/site-packages/airflow/example_dags/example_nested_branch_dag.py
[2025-12-27T14:35:21.775+0000] {processor.py:830} INFO - Processing file /home/airflow/.local/lib/python3.12/site-packages/airflow/example_dags/example_nested_branch_dag.py for tasks to queue
[2025-12-27T14:35:21.781+0000] {logging_mixin.py:188} INFO - [2025-12-27T14:35:21.780+0000] {dagbag.py:540} INFO - Filling up the DagBag from /home/airflow/.local/lib/python3.12/site-packages/airflow/example_dags/example_nested_branch_dag.py
[2025-12-27T14:35:21.897+0000] {processor.py:840} INFO - DAG(s) 'example_nested_branch_dag' retrieved from /home/airflow/.local/lib/python3.12/site-packages/airflow/example_dags/example_nested_branch_dag.py
[2025-12-27T14:35:22.173+0000] {logging_mixin.py:188} INFO - [2025-12-27T14:35:22.172+0000] {dag.py:3096} INFO - Sync 1 DAGs
[2025-12-27T14:35:22.394+0000] {logging_mixin.py:188} INFO - [2025-12-27T14:35:22.393+0000] {dag.py:3954} INFO - Setting next_dagrun for example_nested_branch_dag to 2025-12-26 00:00:00+00:00, run_after=2025-12-27 00:00:00+00:00
[2025-12-27T14:35:22.659+0000] {processor.py:183} INFO - Processing /home/airflow/.local/lib/python3.12/site-packages/airflow/example_dags/example_nested_branch_dag.py took 0.926 seconds
[2025-12-27T14:35:53.698+0000] {processor.py:161} INFO - Started process (PID=2065) to work on /home/airflow/.local/lib/python3.12/site-packages/airflow/example_dags/example_nested_branch_dag.py
[2025-12-27T14:35:53.703+0000] {processor.py:830} INFO - Processing file /home/airflow/.local/lib/python3.12/site-packages/airflow/example_dags/example_nested_branch_dag.py for tasks to queue
[2025-12-27T14:35:53.707+0000] {logging_mixin.py:188} INFO - [2025-12-27T14:35:53.706+0000] {dagbag.py:540} INFO - Filling up the DagBag from /home/airflow/.local/lib/python3.12/site-packages/airflow/example_dags/example_nested_branch_dag.py
[2025-12-27T14:35:53.832+0000] {processor.py:840} INFO - DAG(s) 'example_nested_branch_dag' retrieved from /home/airflow/.local/lib/python3.12/site-packages/airflow/example_dags/example_nested_branch_dag.py
[2025-12-27T14:35:54.156+0000] {logging_mixin.py:188} INFO - [2025-12-27T14:35:54.155+0000] {dag.py:3096} INFO - Sync 1 DAGs
[2025-12-27T14:35:54.404+0000] {logging_mixin.py:188} INFO - [2025-12-27T14:35:54.403+0000] {dag.py:3954} INFO - Setting next_dagrun for example_nested_branch_dag to 2025-12-26 00:00:00+00:00, run_after=2025-12-27 00:00:00+00:00
[2025-12-27T14:35:54.516+0000] {processor.py:183} INFO - Processing /home/airflow/.local/lib/python3.12/site-packages/airflow/example_dags/example_nested_branch_dag.py took 0.872 seconds
[2025-12-27T14:36:37.977+0000] {processor.py:161} INFO - Started process (PID=2138) to work on /home/airflow/.local/lib/python3.12/site-packages/airflow/example_dags/example_nested_branch_dag.py
[2025-12-27T14:36:37.981+0000] {processor.py:830} INFO - Processing file /home/airflow/.local/lib/python3.12/site-packages/airflow/example_dags/example_nested_branch_dag.py for tasks to queue
[2025-12-27T14:36:37.985+0000] {logging_mixin.py:188} INFO - [2025-12-27T14:36:37.983+0000] {dagbag.py:540} INFO - Filling up the DagBag from /home/airflow/.local/lib/python3.12/site-packages/airflow/example_dags/example_nested_branch_dag.py
[2025-12-27T14:36:38.023+0000] {processor.py:840} INFO - DAG(s) 'example_nested_branch_dag' retrieved from /home/airflow/.local/lib/python3.12/site-packages/airflow/example_dags/example_nested_branch_dag.py
[2025-12-27T14:36:38.141+0000] {logging_mixin.py:188} INFO - [2025-12-27T14:36:38.140+0000] {dag.py:3096} INFO - Sync 1 DAGs
[2025-12-27T14:36:38.272+0000] {logging_mixin.py:188} INFO - [2025-12-27T14:36:38.271+0000] {dag.py:3954} INFO - Setting next_dagrun for example_nested_branch_dag to 2025-12-26 00:00:00+00:00, run_after=2025-12-27 00:00:00+00:00
[2025-12-27T14:36:38.364+0000] {processor.py:183} INFO - Processing /home/airflow/.local/lib/python3.12/site-packages/airflow/example_dags/example_nested_branch_dag.py took 0.408 seconds
[2025-12-27T14:37:08.728+0000] {processor.py:161} INFO - Started process (PID=2197) to work on /home/airflow/.local/lib/python3.12/site-packages/airflow/example_dags/example_nested_branch_dag.py
[2025-12-27T14:37:08.731+0000] {processor.py:830} INFO - Processing file /home/airflow/.local/lib/python3.12/site-packages/airflow/example_dags/example_nested_branch_dag.py for tasks to queue
[2025-12-27T14:37:08.733+0000] {logging_mixin.py:188} INFO - [2025-12-27T14:37:08.732+0000] {dagbag.py:540} INFO - Filling up the DagBag from /home/airflow/.local/lib/python3.12/site-packages/airflow/example_dags/example_nested_branch_dag.py
[2025-12-27T14:37:08.763+0000] {processor.py:840} INFO - DAG(s) 'example_nested_branch_dag' retrieved from /home/airflow/.local/lib/python3.12/site-packages/airflow/example_dags/example_nested_branch_dag.py
[2025-12-27T14:37:08.820+0000] {logging_mixin.py:188} INFO - [2025-12-27T14:37:08.819+0000] {dag.py:3096} INFO - Sync 1 DAGs
[2025-12-27T14:37:08.885+0000] {logging_mixin.py:188} INFO - [2025-12-27T14:37:08.885+0000] {dag.py:3954} INFO - Setting next_dagrun for example_nested_branch_dag to 2025-12-26 00:00:00+00:00, run_after=2025-12-27 00:00:00+00:00
[2025-12-27T14:37:08.938+0000] {processor.py:183} INFO - Processing /home/airflow/.local/lib/python3.12/site-packages/airflow/example_dags/example_nested_branch_dag.py took 0.228 seconds
[2025-12-27T14:37:41.167+0000] {processor.py:161} INFO - Started process (PID=2256) to work on /home/airflow/.local/lib/python3.12/site-packages/airflow/example_dags/example_nested_branch_dag.py
[2025-12-27T14:37:41.170+0000] {processor.py:830} INFO - Processing file /home/airflow/.local/lib/python3.12/site-packages/airflow/example_dags/example_nested_branch_dag.py for tasks to queue
[2025-12-27T14:37:41.173+0000] {logging_mixin.py:188} INFO - [2025-12-27T14:37:41.172+0000] {dagbag.py:540} INFO - Filling up the DagBag from /home/airflow/.local/lib/python3.12/site-packages/airflow/example_dags/example_nested_branch_dag.py
[2025-12-27T14:37:41.216+0000] {processor.py:840} INFO - DAG(s) 'example_nested_branch_dag' retrieved from /home/airflow/.local/lib/python3.12/site-packages/airflow/example_dags/example_nested_branch_dag.py
[2025-12-27T14:37:41.288+0000] {logging_mixin.py:188} INFO - [2025-12-27T14:37:41.287+0000] {dag.py:3096} INFO - Sync 1 DAGs
[2025-12-27T14:37:41.367+0000] {logging_mixin.py:188} INFO - [2025-12-27T14:37:41.366+0000] {dag.py:3954} INFO - Setting next_dagrun for example_nested_branch_dag to 2025-12-26 00:00:00+00:00, run_after=2025-12-27 00:00:00+00:00
[2025-12-27T14:37:41.478+0000] {processor.py:183} INFO - Processing /home/airflow/.local/lib/python3.12/site-packages/airflow/example_dags/example_nested_branch_dag.py took 0.329 seconds
[2025-12-27T14:38:12.707+0000] {processor.py:161} INFO - Started process (PID=2314) to work on /home/airflow/.local/lib/python3.12/site-packages/airflow/example_dags/example_nested_branch_dag.py
[2025-12-27T14:38:12.710+0000] {processor.py:830} INFO - Processing file /home/airflow/.local/lib/python3.12/site-packages/airflow/example_dags/example_nested_branch_dag.py for tasks to queue
[2025-12-27T14:38:12.715+0000] {logging_mixin.py:188} INFO - [2025-12-27T14:38:12.713+0000] {dagbag.py:540} INFO - Filling up the DagBag from /home/airflow/.local/lib/python3.12/site-packages/airflow/example_dags/example_nested_branch_dag.py
[2025-12-27T14:38:12.752+0000] {processor.py:840} INFO - DAG(s) 'example_nested_branch_dag' retrieved from /home/airflow/.local/lib/python3.12/site-packages/airflow/example_dags/example_nested_branch_dag.py
[2025-12-27T14:38:12.832+0000] {logging_mixin.py:188} INFO - [2025-12-27T14:38:12.831+0000] {dag.py:3096} INFO - Sync 1 DAGs
[2025-12-27T14:38:13.054+0000] {logging_mixin.py:188} INFO - [2025-12-27T14:38:13.053+0000] {dag.py:3954} INFO - Setting next_dagrun for example_nested_branch_dag to 2025-12-26 00:00:00+00:00, run_after=2025-12-27 00:00:00+00:00
[2025-12-27T14:38:13.142+0000] {processor.py:183} INFO - Processing /home/airflow/.local/lib/python3.12/site-packages/airflow/example_dags/example_nested_branch_dag.py took 0.456 seconds
[2025-12-27T14:38:45.449+0000] {processor.py:161} INFO - Started process (PID=2373) to work on /home/airflow/.local/lib/python3.12/site-packages/airflow/example_dags/example_nested_branch_dag.py
[2025-12-27T14:38:45.453+0000] {processor.py:830} INFO - Processing file /home/airflow/.local/lib/python3.12/site-packages/airflow/example_dags/example_nested_branch_dag.py for tasks to queue
[2025-12-27T14:38:45.456+0000] {logging_mixin.py:188} INFO - [2025-12-27T14:38:45.454+0000] {dagbag.py:540} INFO - Filling up the DagBag from /home/airflow/.local/lib/python3.12/site-packages/airflow/example_dags/example_nested_branch_dag.py
[2025-12-27T14:38:45.495+0000] {processor.py:840} INFO - DAG(s) 'example_nested_branch_dag' retrieved from /home/airflow/.local/lib/python3.12/site-packages/airflow/example_dags/example_nested_branch_dag.py
[2025-12-27T14:38:45.584+0000] {logging_mixin.py:188} INFO - [2025-12-27T14:38:45.583+0000] {dag.py:3096} INFO - Sync 1 DAGs
[2025-12-27T14:38:45.681+0000] {logging_mixin.py:188} INFO - [2025-12-27T14:38:45.681+0000] {dag.py:3954} INFO - Setting next_dagrun for example_nested_branch_dag to 2025-12-26 00:00:00+00:00, run_after=2025-12-27 00:00:00+00:00
[2025-12-27T14:38:45.754+0000] {processor.py:183} INFO - Processing /home/airflow/.local/lib/python3.12/site-packages/airflow/example_dags/example_nested_branch_dag.py took 0.329 seconds
[2025-12-27T14:39:17.119+0000] {processor.py:161} INFO - Started process (PID=2431) to work on /home/airflow/.local/lib/python3.12/site-packages/airflow/example_dags/example_nested_branch_dag.py
[2025-12-27T14:39:17.123+0000] {processor.py:830} INFO - Processing file /home/airflow/.local/lib/python3.12/site-packages/airflow/example_dags/example_nested_branch_dag.py for tasks to queue
[2025-12-27T14:39:17.129+0000] {logging_mixin.py:188} INFO - [2025-12-27T14:39:17.127+0000] {dagbag.py:540} INFO - Filling up the DagBag from /home/airflow/.local/lib/python3.12/site-packages/airflow/example_dags/example_nested_branch_dag.py
[2025-12-27T14:39:17.189+0000] {processor.py:840} INFO - DAG(s) 'example_nested_branch_dag' retrieved from /home/airflow/.local/lib/python3.12/site-packages/airflow/example_dags/example_nested_branch_dag.py
[2025-12-27T14:39:17.316+0000] {logging_mixin.py:188} INFO - [2025-12-27T14:39:17.315+0000] {dag.py:3096} INFO - Sync 1 DAGs
[2025-12-27T14:39:17.489+0000] {logging_mixin.py:188} INFO - [2025-12-27T14:39:17.488+0000] {dag.py:3954} INFO - Setting next_dagrun for example_nested_branch_dag to 2025-12-26 00:00:00+00:00, run_after=2025-12-27 00:00:00+00:00
[2025-12-27T14:39:17.644+0000] {processor.py:183} INFO - Processing /home/airflow/.local/lib/python3.12/site-packages/airflow/example_dags/example_nested_branch_dag.py took 0.553 seconds
[2025-12-27T14:39:48.225+0000] {processor.py:161} INFO - Started process (PID=2489) to work on /home/airflow/.local/lib/python3.12/site-packages/airflow/example_dags/example_nested_branch_dag.py
[2025-12-27T14:39:48.229+0000] {processor.py:830} INFO - Processing file /home/airflow/.local/lib/python3.12/site-packages/airflow/example_dags/example_nested_branch_dag.py for tasks to queue
[2025-12-27T14:39:48.232+0000] {logging_mixin.py:188} INFO - [2025-12-27T14:39:48.231+0000] {dagbag.py:540} INFO - Filling up the DagBag from /home/airflow/.local/lib/python3.12/site-packages/airflow/example_dags/example_nested_branch_dag.py
[2025-12-27T14:39:48.260+0000] {processor.py:840} INFO - DAG(s) 'example_nested_branch_dag' retrieved from /home/airflow/.local/lib/python3.12/site-packages/airflow/example_dags/example_nested_branch_dag.py
[2025-12-27T14:39:48.325+0000] {logging_mixin.py:188} INFO - [2025-12-27T14:39:48.325+0000] {dag.py:3096} INFO - Sync 1 DAGs
[2025-12-27T14:39:48.407+0000] {logging_mixin.py:188} INFO - [2025-12-27T14:39:48.406+0000] {dag.py:3954} INFO - Setting next_dagrun for example_nested_branch_dag to 2025-12-26 00:00:00+00:00, run_after=2025-12-27 00:00:00+00:00
[2025-12-27T14:39:48.472+0000] {processor.py:183} INFO - Processing /home/airflow/.local/lib/python3.12/site-packages/airflow/example_dags/example_nested_branch_dag.py took 0.265 seconds
[2025-12-27T14:40:18.616+0000] {processor.py:161} INFO - Started process (PID=2545) to work on /home/airflow/.local/lib/python3.12/site-packages/airflow/example_dags/example_nested_branch_dag.py
[2025-12-27T14:40:18.620+0000] {processor.py:830} INFO - Processing file /home/airflow/.local/lib/python3.12/site-packages/airflow/example_dags/example_nested_branch_dag.py for tasks to queue
[2025-12-27T14:40:18.623+0000] {logging_mixin.py:188} INFO - [2025-12-27T14:40:18.622+0000] {dagbag.py:540} INFO - Filling up the DagBag from /home/airflow/.local/lib/python3.12/site-packages/airflow/example_dags/example_nested_branch_dag.py
[2025-12-27T14:40:18.658+0000] {processor.py:840} INFO - DAG(s) 'example_nested_branch_dag' retrieved from /home/airflow/.local/lib/python3.12/site-packages/airflow/example_dags/example_nested_branch_dag.py
[2025-12-27T14:40:18.721+0000] {logging_mixin.py:188} INFO - [2025-12-27T14:40:18.721+0000] {dag.py:3096} INFO - Sync 1 DAGs
[2025-12-27T14:40:18.782+0000] {logging_mixin.py:188} INFO - [2025-12-27T14:40:18.782+0000] {dag.py:3954} INFO - Setting next_dagrun for example_nested_branch_dag to 2025-12-26 00:00:00+00:00, run_after=2025-12-27 00:00:00+00:00
[2025-12-27T14:40:18.834+0000] {processor.py:183} INFO - Processing /home/airflow/.local/lib/python3.12/site-packages/airflow/example_dags/example_nested_branch_dag.py took 0.241 seconds
[2025-12-27T14:40:49.086+0000] {processor.py:161} INFO - Started process (PID=2603) to work on /home/airflow/.local/lib/python3.12/site-packages/airflow/example_dags/example_nested_branch_dag.py
[2025-12-27T14:40:49.088+0000] {processor.py:830} INFO - Processing file /home/airflow/.local/lib/python3.12/site-packages/airflow/example_dags/example_nested_branch_dag.py for tasks to queue
[2025-12-27T14:40:49.092+0000] {logging_mixin.py:188} INFO - [2025-12-27T14:40:49.091+0000] {dagbag.py:540} INFO - Filling up the DagBag from /home/airflow/.local/lib/python3.12/site-packages/airflow/example_dags/example_nested_branch_dag.py
[2025-12-27T14:40:49.124+0000] {processor.py:840} INFO - DAG(s) 'example_nested_branch_dag' retrieved from /home/airflow/.local/lib/python3.12/site-packages/airflow/example_dags/example_nested_branch_dag.py
[2025-12-27T14:40:49.191+0000] {logging_mixin.py:188} INFO - [2025-12-27T14:40:49.190+0000] {dag.py:3096} INFO - Sync 1 DAGs
[2025-12-27T14:40:49.247+0000] {logging_mixin.py:188} INFO - [2025-12-27T14:40:49.246+0000] {dag.py:3954} INFO - Setting next_dagrun for example_nested_branch_dag to 2025-12-26 00:00:00+00:00, run_after=2025-12-27 00:00:00+00:00
[2025-12-27T14:40:49.304+0000] {processor.py:183} INFO - Processing /home/airflow/.local/lib/python3.12/site-packages/airflow/example_dags/example_nested_branch_dag.py took 0.236 seconds
[2025-12-27T14:41:19.702+0000] {processor.py:161} INFO - Started process (PID=2661) to work on /home/airflow/.local/lib/python3.12/site-packages/airflow/example_dags/example_nested_branch_dag.py
[2025-12-27T14:41:19.705+0000] {processor.py:830} INFO - Processing file /home/airflow/.local/lib/python3.12/site-packages/airflow/example_dags/example_nested_branch_dag.py for tasks to queue
[2025-12-27T14:41:19.708+0000] {logging_mixin.py:188} INFO - [2025-12-27T14:41:19.707+0000] {dagbag.py:540} INFO - Filling up the DagBag from /home/airflow/.local/lib/python3.12/site-packages/airflow/example_dags/example_nested_branch_dag.py
[2025-12-27T14:41:19.736+0000] {processor.py:840} INFO - DAG(s) 'example_nested_branch_dag' retrieved from /home/airflow/.local/lib/python3.12/site-packages/airflow/example_dags/example_nested_branch_dag.py
[2025-12-27T14:41:19.794+0000] {logging_mixin.py:188} INFO - [2025-12-27T14:41:19.793+0000] {dag.py:3096} INFO - Sync 1 DAGs
[2025-12-27T14:41:19.857+0000] {logging_mixin.py:188} INFO - [2025-12-27T14:41:19.857+0000] {dag.py:3954} INFO - Setting next_dagrun for example_nested_branch_dag to 2025-12-26 00:00:00+00:00, run_after=2025-12-27 00:00:00+00:00
[2025-12-27T14:41:19.911+0000] {processor.py:183} INFO - Processing /home/airflow/.local/lib/python3.12/site-packages/airflow/example_dags/example_nested_branch_dag.py took 0.226 seconds
[2025-12-27T14:41:50.118+0000] {processor.py:161} INFO - Started process (PID=2719) to work on /home/airflow/.local/lib/python3.12/site-packages/airflow/example_dags/example_nested_branch_dag.py
[2025-12-27T14:41:50.121+0000] {processor.py:830} INFO - Processing file /home/airflow/.local/lib/python3.12/site-packages/airflow/example_dags/example_nested_branch_dag.py for tasks to queue
[2025-12-27T14:41:50.126+0000] {logging_mixin.py:188} INFO - [2025-12-27T14:41:50.125+0000] {dagbag.py:540} INFO - Filling up the DagBag from /home/airflow/.local/lib/python3.12/site-packages/airflow/example_dags/example_nested_branch_dag.py
[2025-12-27T14:41:50.160+0000] {processor.py:840} INFO - DAG(s) 'example_nested_branch_dag' retrieved from /home/airflow/.local/lib/python3.12/site-packages/airflow/example_dags/example_nested_branch_dag.py
[2025-12-27T14:41:50.223+0000] {logging_mixin.py:188} INFO - [2025-12-27T14:41:50.223+0000] {dag.py:3096} INFO - Sync 1 DAGs
[2025-12-27T14:41:50.299+0000] {logging_mixin.py:188} INFO - [2025-12-27T14:41:50.298+0000] {dag.py:3954} INFO - Setting next_dagrun for example_nested_branch_dag to 2025-12-26 00:00:00+00:00, run_after=2025-12-27 00:00:00+00:00
[2025-12-27T14:41:50.366+0000] {processor.py:183} INFO - Processing /home/airflow/.local/lib/python3.12/site-packages/airflow/example_dags/example_nested_branch_dag.py took 0.270 seconds
[2025-12-27T14:42:20.899+0000] {processor.py:161} INFO - Started process (PID=2777) to work on /home/airflow/.local/lib/python3.12/site-packages/airflow/example_dags/example_nested_branch_dag.py
[2025-12-27T14:42:20.904+0000] {processor.py:830} INFO - Processing file /home/airflow/.local/lib/python3.12/site-packages/airflow/example_dags/example_nested_branch_dag.py for tasks to queue
[2025-12-27T14:42:20.915+0000] {logging_mixin.py:188} INFO - [2025-12-27T14:42:20.913+0000] {dagbag.py:540} INFO - Filling up the DagBag from /home/airflow/.local/lib/python3.12/site-packages/airflow/example_dags/example_nested_branch_dag.py
[2025-12-27T14:42:20.989+0000] {processor.py:840} INFO - DAG(s) 'example_nested_branch_dag' retrieved from /home/airflow/.local/lib/python3.12/site-packages/airflow/example_dags/example_nested_branch_dag.py
[2025-12-27T14:42:21.112+0000] {logging_mixin.py:188} INFO - [2025-12-27T14:42:21.111+0000] {dag.py:3096} INFO - Sync 1 DAGs
[2025-12-27T14:42:21.169+0000] {logging_mixin.py:188} INFO - [2025-12-27T14:42:21.168+0000] {dag.py:3954} INFO - Setting next_dagrun for example_nested_branch_dag to 2025-12-26 00:00:00+00:00, run_after=2025-12-27 00:00:00+00:00
[2025-12-27T14:42:21.220+0000] {processor.py:183} INFO - Processing /home/airflow/.local/lib/python3.12/site-packages/airflow/example_dags/example_nested_branch_dag.py took 0.352 seconds
[2025-12-27T14:42:51.322+0000] {processor.py:161} INFO - Started process (PID=2834) to work on /home/airflow/.local/lib/python3.12/site-packages/airflow/example_dags/example_nested_branch_dag.py
[2025-12-27T14:42:51.326+0000] {processor.py:830} INFO - Processing file /home/airflow/.local/lib/python3.12/site-packages/airflow/example_dags/example_nested_branch_dag.py for tasks to queue
[2025-12-27T14:42:51.329+0000] {logging_mixin.py:188} INFO - [2025-12-27T14:42:51.328+0000] {dagbag.py:540} INFO - Filling up the DagBag from /home/airflow/.local/lib/python3.12/site-packages/airflow/example_dags/example_nested_branch_dag.py
[2025-12-27T14:42:51.357+0000] {processor.py:840} INFO - DAG(s) 'example_nested_branch_dag' retrieved from /home/airflow/.local/lib/python3.12/site-packages/airflow/example_dags/example_nested_branch_dag.py
[2025-12-27T14:42:51.431+0000] {logging_mixin.py:188} INFO - [2025-12-27T14:42:51.430+0000] {dag.py:3096} INFO - Sync 1 DAGs
[2025-12-27T14:42:51.501+0000] {logging_mixin.py:188} INFO - [2025-12-27T14:42:51.500+0000] {dag.py:3954} INFO - Setting next_dagrun for example_nested_branch_dag to 2025-12-26 00:00:00+00:00, run_after=2025-12-27 00:00:00+00:00
[2025-12-27T14:42:51.566+0000] {processor.py:183} INFO - Processing /home/airflow/.local/lib/python3.12/site-packages/airflow/example_dags/example_nested_branch_dag.py took 0.264 seconds
[2025-12-27T14:43:22.301+0000] {processor.py:161} INFO - Started process (PID=2892) to work on /home/airflow/.local/lib/python3.12/site-packages/airflow/example_dags/example_nested_branch_dag.py
[2025-12-27T14:43:22.304+0000] {processor.py:830} INFO - Processing file /home/airflow/.local/lib/python3.12/site-packages/airflow/example_dags/example_nested_branch_dag.py for tasks to queue
[2025-12-27T14:43:22.307+0000] {logging_mixin.py:188} INFO - [2025-12-27T14:43:22.306+0000] {dagbag.py:540} INFO - Filling up the DagBag from /home/airflow/.local/lib/python3.12/site-packages/airflow/example_dags/example_nested_branch_dag.py
[2025-12-27T14:43:22.339+0000] {processor.py:840} INFO - DAG(s) 'example_nested_branch_dag' retrieved from /home/airflow/.local/lib/python3.12/site-packages/airflow/example_dags/example_nested_branch_dag.py
[2025-12-27T14:43:22.472+0000] {logging_mixin.py:188} INFO - [2025-12-27T14:43:22.471+0000] {dag.py:3096} INFO - Sync 1 DAGs
[2025-12-27T14:43:22.738+0000] {logging_mixin.py:188} INFO - [2025-12-27T14:43:22.737+0000] {dag.py:3954} INFO - Setting next_dagrun for example_nested_branch_dag to 2025-12-26 00:00:00+00:00, run_after=2025-12-27 00:00:00+00:00
[2025-12-27T14:43:22.839+0000] {processor.py:183} INFO - Processing /home/airflow/.local/lib/python3.12/site-packages/airflow/example_dags/example_nested_branch_dag.py took 0.561 seconds
[2025-12-27T14:43:53.402+0000] {processor.py:161} INFO - Started process (PID=2950) to work on /home/airflow/.local/lib/python3.12/site-packages/airflow/example_dags/example_nested_branch_dag.py
[2025-12-27T14:43:53.409+0000] {processor.py:830} INFO - Processing file /home/airflow/.local/lib/python3.12/site-packages/airflow/example_dags/example_nested_branch_dag.py for tasks to queue
[2025-12-27T14:43:53.416+0000] {logging_mixin.py:188} INFO - [2025-12-27T14:43:53.415+0000] {dagbag.py:540} INFO - Filling up the DagBag from /home/airflow/.local/lib/python3.12/site-packages/airflow/example_dags/example_nested_branch_dag.py
[2025-12-27T14:43:53.482+0000] {processor.py:840} INFO - DAG(s) 'example_nested_branch_dag' retrieved from /home/airflow/.local/lib/python3.12/site-packages/airflow/example_dags/example_nested_branch_dag.py
[2025-12-27T14:43:53.551+0000] {logging_mixin.py:188} INFO - [2025-12-27T14:43:53.551+0000] {dag.py:3096} INFO - Sync 1 DAGs
[2025-12-27T14:43:53.628+0000] {logging_mixin.py:188} INFO - [2025-12-27T14:43:53.627+0000] {dag.py:3954} INFO - Setting next_dagrun for example_nested_branch_dag to 2025-12-26 00:00:00+00:00, run_after=2025-12-27 00:00:00+00:00
[2025-12-27T14:43:53.700+0000] {processor.py:183} INFO - Processing /home/airflow/.local/lib/python3.12/site-packages/airflow/example_dags/example_nested_branch_dag.py took 0.348 seconds
[2025-12-27T14:44:23.974+0000] {processor.py:161} INFO - Started process (PID=3009) to work on /home/airflow/.local/lib/python3.12/site-packages/airflow/example_dags/example_nested_branch_dag.py
[2025-12-27T14:44:23.978+0000] {processor.py:830} INFO - Processing file /home/airflow/.local/lib/python3.12/site-packages/airflow/example_dags/example_nested_branch_dag.py for tasks to queue
[2025-12-27T14:44:23.981+0000] {logging_mixin.py:188} INFO - [2025-12-27T14:44:23.980+0000] {dagbag.py:540} INFO - Filling up the DagBag from /home/airflow/.local/lib/python3.12/site-packages/airflow/example_dags/example_nested_branch_dag.py
[2025-12-27T14:44:24.021+0000] {processor.py:840} INFO - DAG(s) 'example_nested_branch_dag' retrieved from /home/airflow/.local/lib/python3.12/site-packages/airflow/example_dags/example_nested_branch_dag.py
[2025-12-27T14:44:24.113+0000] {logging_mixin.py:188} INFO - [2025-12-27T14:44:24.111+0000] {dag.py:3096} INFO - Sync 1 DAGs
[2025-12-27T14:44:24.199+0000] {logging_mixin.py:188} INFO - [2025-12-27T14:44:24.198+0000] {dag.py:3954} INFO - Setting next_dagrun for example_nested_branch_dag to 2025-12-26 00:00:00+00:00, run_after=2025-12-27 00:00:00+00:00
[2025-12-27T14:44:24.269+0000] {processor.py:183} INFO - Processing /home/airflow/.local/lib/python3.12/site-packages/airflow/example_dags/example_nested_branch_dag.py took 0.315 seconds
[2025-12-27T14:44:56.330+0000] {processor.py:161} INFO - Started process (PID=3068) to work on /home/airflow/.local/lib/python3.12/site-packages/airflow/example_dags/example_nested_branch_dag.py
[2025-12-27T14:44:56.335+0000] {processor.py:830} INFO - Processing file /home/airflow/.local/lib/python3.12/site-packages/airflow/example_dags/example_nested_branch_dag.py for tasks to queue
[2025-12-27T14:44:56.339+0000] {logging_mixin.py:188} INFO - [2025-12-27T14:44:56.338+0000] {dagbag.py:540} INFO - Filling up the DagBag from /home/airflow/.local/lib/python3.12/site-packages/airflow/example_dags/example_nested_branch_dag.py
[2025-12-27T14:44:56.401+0000] {processor.py:840} INFO - DAG(s) 'example_nested_branch_dag' retrieved from /home/airflow/.local/lib/python3.12/site-packages/airflow/example_dags/example_nested_branch_dag.py
[2025-12-27T14:44:56.509+0000] {logging_mixin.py:188} INFO - [2025-12-27T14:44:56.508+0000] {dag.py:3096} INFO - Sync 1 DAGs
[2025-12-27T14:44:56.636+0000] {logging_mixin.py:188} INFO - [2025-12-27T14:44:56.634+0000] {dag.py:3954} INFO - Setting next_dagrun for example_nested_branch_dag to 2025-12-26 00:00:00+00:00, run_after=2025-12-27 00:00:00+00:00
[2025-12-27T14:44:56.746+0000] {processor.py:183} INFO - Processing /home/airflow/.local/lib/python3.12/site-packages/airflow/example_dags/example_nested_branch_dag.py took 0.453 seconds
[2025-12-27T14:45:27.335+0000] {processor.py:161} INFO - Started process (PID=3127) to work on /home/airflow/.local/lib/python3.12/site-packages/airflow/example_dags/example_nested_branch_dag.py
[2025-12-27T14:45:27.342+0000] {processor.py:830} INFO - Processing file /home/airflow/.local/lib/python3.12/site-packages/airflow/example_dags/example_nested_branch_dag.py for tasks to queue
[2025-12-27T14:45:27.367+0000] {logging_mixin.py:188} INFO - [2025-12-27T14:45:27.365+0000] {dagbag.py:540} INFO - Filling up the DagBag from /home/airflow/.local/lib/python3.12/site-packages/airflow/example_dags/example_nested_branch_dag.py
[2025-12-27T14:45:27.732+0000] {processor.py:840} INFO - DAG(s) 'example_nested_branch_dag' retrieved from /home/airflow/.local/lib/python3.12/site-packages/airflow/example_dags/example_nested_branch_dag.py
[2025-12-27T14:45:27.999+0000] {logging_mixin.py:188} INFO - [2025-12-27T14:45:27.988+0000] {dag.py:3096} INFO - Sync 1 DAGs
[2025-12-27T14:45:28.267+0000] {logging_mixin.py:188} INFO - [2025-12-27T14:45:28.266+0000] {dag.py:3954} INFO - Setting next_dagrun for example_nested_branch_dag to 2025-12-26 00:00:00+00:00, run_after=2025-12-27 00:00:00+00:00
[2025-12-27T14:45:28.367+0000] {processor.py:183} INFO - Processing /home/airflow/.local/lib/python3.12/site-packages/airflow/example_dags/example_nested_branch_dag.py took 1.132 seconds
[2025-12-27T14:45:58.598+0000] {processor.py:161} INFO - Started process (PID=3185) to work on /home/airflow/.local/lib/python3.12/site-packages/airflow/example_dags/example_nested_branch_dag.py
[2025-12-27T14:45:58.601+0000] {processor.py:830} INFO - Processing file /home/airflow/.local/lib/python3.12/site-packages/airflow/example_dags/example_nested_branch_dag.py for tasks to queue
[2025-12-27T14:45:58.603+0000] {logging_mixin.py:188} INFO - [2025-12-27T14:45:58.603+0000] {dagbag.py:540} INFO - Filling up the DagBag from /home/airflow/.local/lib/python3.12/site-packages/airflow/example_dags/example_nested_branch_dag.py
[2025-12-27T14:45:58.652+0000] {processor.py:840} INFO - DAG(s) 'example_nested_branch_dag' retrieved from /home/airflow/.local/lib/python3.12/site-packages/airflow/example_dags/example_nested_branch_dag.py
[2025-12-27T14:45:58.722+0000] {logging_mixin.py:188} INFO - [2025-12-27T14:45:58.722+0000] {dag.py:3096} INFO - Sync 1 DAGs
[2025-12-27T14:45:58.818+0000] {logging_mixin.py:188} INFO - [2025-12-27T14:45:58.817+0000] {dag.py:3954} INFO - Setting next_dagrun for example_nested_branch_dag to 2025-12-26 00:00:00+00:00, run_after=2025-12-27 00:00:00+00:00
[2025-12-27T14:45:58.876+0000] {processor.py:183} INFO - Processing /home/airflow/.local/lib/python3.12/site-packages/airflow/example_dags/example_nested_branch_dag.py took 0.299 seconds
[2025-12-27T14:46:29.002+0000] {processor.py:161} INFO - Started process (PID=3242) to work on /home/airflow/.local/lib/python3.12/site-packages/airflow/example_dags/example_nested_branch_dag.py
[2025-12-27T14:46:29.005+0000] {processor.py:830} INFO - Processing file /home/airflow/.local/lib/python3.12/site-packages/airflow/example_dags/example_nested_branch_dag.py for tasks to queue
[2025-12-27T14:46:29.009+0000] {logging_mixin.py:188} INFO - [2025-12-27T14:46:29.007+0000] {dagbag.py:540} INFO - Filling up the DagBag from /home/airflow/.local/lib/python3.12/site-packages/airflow/example_dags/example_nested_branch_dag.py
[2025-12-27T14:46:29.037+0000] {processor.py:840} INFO - DAG(s) 'example_nested_branch_dag' retrieved from /home/airflow/.local/lib/python3.12/site-packages/airflow/example_dags/example_nested_branch_dag.py
[2025-12-27T14:46:29.129+0000] {logging_mixin.py:188} INFO - [2025-12-27T14:46:29.129+0000] {dag.py:3096} INFO - Sync 1 DAGs
[2025-12-27T14:46:29.199+0000] {logging_mixin.py:188} INFO - [2025-12-27T14:46:29.199+0000] {dag.py:3954} INFO - Setting next_dagrun for example_nested_branch_dag to 2025-12-26 00:00:00+00:00, run_after=2025-12-27 00:00:00+00:00
[2025-12-27T14:46:29.265+0000] {processor.py:183} INFO - Processing /home/airflow/.local/lib/python3.12/site-packages/airflow/example_dags/example_nested_branch_dag.py took 0.282 seconds
[2025-12-27T14:47:00.186+0000] {processor.py:161} INFO - Started process (PID=3302) to work on /home/airflow/.local/lib/python3.12/site-packages/airflow/example_dags/example_nested_branch_dag.py
[2025-12-27T14:47:00.188+0000] {processor.py:830} INFO - Processing file /home/airflow/.local/lib/python3.12/site-packages/airflow/example_dags/example_nested_branch_dag.py for tasks to queue
[2025-12-27T14:47:00.191+0000] {logging_mixin.py:188} INFO - [2025-12-27T14:47:00.190+0000] {dagbag.py:540} INFO - Filling up the DagBag from /home/airflow/.local/lib/python3.12/site-packages/airflow/example_dags/example_nested_branch_dag.py
[2025-12-27T14:47:00.219+0000] {processor.py:840} INFO - DAG(s) 'example_nested_branch_dag' retrieved from /home/airflow/.local/lib/python3.12/site-packages/airflow/example_dags/example_nested_branch_dag.py
[2025-12-27T14:47:00.284+0000] {logging_mixin.py:188} INFO - [2025-12-27T14:47:00.283+0000] {dag.py:3096} INFO - Sync 1 DAGs
[2025-12-27T14:47:00.354+0000] {logging_mixin.py:188} INFO - [2025-12-27T14:47:00.353+0000] {dag.py:3954} INFO - Setting next_dagrun for example_nested_branch_dag to 2025-12-26 00:00:00+00:00, run_after=2025-12-27 00:00:00+00:00
[2025-12-27T14:47:00.410+0000] {processor.py:183} INFO - Processing /home/airflow/.local/lib/python3.12/site-packages/airflow/example_dags/example_nested_branch_dag.py took 0.242 seconds
[2025-12-27T14:47:31.049+0000] {processor.py:161} INFO - Started process (PID=3360) to work on /home/airflow/.local/lib/python3.12/site-packages/airflow/example_dags/example_nested_branch_dag.py
[2025-12-27T14:47:31.051+0000] {processor.py:830} INFO - Processing file /home/airflow/.local/lib/python3.12/site-packages/airflow/example_dags/example_nested_branch_dag.py for tasks to queue
[2025-12-27T14:47:31.054+0000] {logging_mixin.py:188} INFO - [2025-12-27T14:47:31.053+0000] {dagbag.py:540} INFO - Filling up the DagBag from /home/airflow/.local/lib/python3.12/site-packages/airflow/example_dags/example_nested_branch_dag.py
[2025-12-27T14:47:31.082+0000] {processor.py:840} INFO - DAG(s) 'example_nested_branch_dag' retrieved from /home/airflow/.local/lib/python3.12/site-packages/airflow/example_dags/example_nested_branch_dag.py
[2025-12-27T14:47:31.146+0000] {logging_mixin.py:188} INFO - [2025-12-27T14:47:31.145+0000] {dag.py:3096} INFO - Sync 1 DAGs
[2025-12-27T14:47:31.211+0000] {logging_mixin.py:188} INFO - [2025-12-27T14:47:31.211+0000] {dag.py:3954} INFO - Setting next_dagrun for example_nested_branch_dag to 2025-12-26 00:00:00+00:00, run_after=2025-12-27 00:00:00+00:00
[2025-12-27T14:47:31.267+0000] {processor.py:183} INFO - Processing /home/airflow/.local/lib/python3.12/site-packages/airflow/example_dags/example_nested_branch_dag.py took 0.239 seconds
[2025-12-27T14:48:01.680+0000] {processor.py:161} INFO - Started process (PID=3418) to work on /home/airflow/.local/lib/python3.12/site-packages/airflow/example_dags/example_nested_branch_dag.py
[2025-12-27T14:48:01.682+0000] {processor.py:830} INFO - Processing file /home/airflow/.local/lib/python3.12/site-packages/airflow/example_dags/example_nested_branch_dag.py for tasks to queue
[2025-12-27T14:48:01.685+0000] {logging_mixin.py:188} INFO - [2025-12-27T14:48:01.684+0000] {dagbag.py:540} INFO - Filling up the DagBag from /home/airflow/.local/lib/python3.12/site-packages/airflow/example_dags/example_nested_branch_dag.py
[2025-12-27T14:48:01.718+0000] {processor.py:840} INFO - DAG(s) 'example_nested_branch_dag' retrieved from /home/airflow/.local/lib/python3.12/site-packages/airflow/example_dags/example_nested_branch_dag.py
[2025-12-27T14:48:01.782+0000] {logging_mixin.py:188} INFO - [2025-12-27T14:48:01.782+0000] {dag.py:3096} INFO - Sync 1 DAGs
[2025-12-27T14:48:01.841+0000] {logging_mixin.py:188} INFO - [2025-12-27T14:48:01.841+0000] {dag.py:3954} INFO - Setting next_dagrun for example_nested_branch_dag to 2025-12-26 00:00:00+00:00, run_after=2025-12-27 00:00:00+00:00
[2025-12-27T14:48:01.890+0000] {processor.py:183} INFO - Processing /home/airflow/.local/lib/python3.12/site-packages/airflow/example_dags/example_nested_branch_dag.py took 0.227 seconds
[2025-12-27T14:48:33.229+0000] {processor.py:161} INFO - Started process (PID=3477) to work on /home/airflow/.local/lib/python3.12/site-packages/airflow/example_dags/example_nested_branch_dag.py
[2025-12-27T14:48:33.237+0000] {processor.py:830} INFO - Processing file /home/airflow/.local/lib/python3.12/site-packages/airflow/example_dags/example_nested_branch_dag.py for tasks to queue
[2025-12-27T14:48:33.245+0000] {logging_mixin.py:188} INFO - [2025-12-27T14:48:33.241+0000] {dagbag.py:540} INFO - Filling up the DagBag from /home/airflow/.local/lib/python3.12/site-packages/airflow/example_dags/example_nested_branch_dag.py
[2025-12-27T14:48:33.308+0000] {processor.py:840} INFO - DAG(s) 'example_nested_branch_dag' retrieved from /home/airflow/.local/lib/python3.12/site-packages/airflow/example_dags/example_nested_branch_dag.py
[2025-12-27T14:48:33.418+0000] {logging_mixin.py:188} INFO - [2025-12-27T14:48:33.417+0000] {dag.py:3096} INFO - Sync 1 DAGs
[2025-12-27T14:48:33.538+0000] {logging_mixin.py:188} INFO - [2025-12-27T14:48:33.537+0000] {dag.py:3954} INFO - Setting next_dagrun for example_nested_branch_dag to 2025-12-26 00:00:00+00:00, run_after=2025-12-27 00:00:00+00:00
[2025-12-27T14:48:33.621+0000] {processor.py:183} INFO - Processing /home/airflow/.local/lib/python3.12/site-packages/airflow/example_dags/example_nested_branch_dag.py took 0.431 seconds
[2025-12-27T14:49:06.490+0000] {processor.py:161} INFO - Started process (PID=3535) to work on /home/airflow/.local/lib/python3.12/site-packages/airflow/example_dags/example_nested_branch_dag.py
[2025-12-27T14:49:06.494+0000] {processor.py:830} INFO - Processing file /home/airflow/.local/lib/python3.12/site-packages/airflow/example_dags/example_nested_branch_dag.py for tasks to queue
[2025-12-27T14:49:06.498+0000] {logging_mixin.py:188} INFO - [2025-12-27T14:49:06.497+0000] {dagbag.py:540} INFO - Filling up the DagBag from /home/airflow/.local/lib/python3.12/site-packages/airflow/example_dags/example_nested_branch_dag.py
[2025-12-27T14:49:06.569+0000] {processor.py:840} INFO - DAG(s) 'example_nested_branch_dag' retrieved from /home/airflow/.local/lib/python3.12/site-packages/airflow/example_dags/example_nested_branch_dag.py
[2025-12-27T14:49:06.707+0000] {logging_mixin.py:188} INFO - [2025-12-27T14:49:06.706+0000] {dag.py:3096} INFO - Sync 1 DAGs
[2025-12-27T14:49:06.876+0000] {logging_mixin.py:188} INFO - [2025-12-27T14:49:06.874+0000] {dag.py:3954} INFO - Setting next_dagrun for example_nested_branch_dag to 2025-12-26 00:00:00+00:00, run_after=2025-12-27 00:00:00+00:00
[2025-12-27T14:49:07.011+0000] {processor.py:183} INFO - Processing /home/airflow/.local/lib/python3.12/site-packages/airflow/example_dags/example_nested_branch_dag.py took 0.560 seconds
[2025-12-27T14:49:37.357+0000] {processor.py:161} INFO - Started process (PID=3593) to work on /home/airflow/.local/lib/python3.12/site-packages/airflow/example_dags/example_nested_branch_dag.py
[2025-12-27T14:49:37.361+0000] {processor.py:830} INFO - Processing file /home/airflow/.local/lib/python3.12/site-packages/airflow/example_dags/example_nested_branch_dag.py for tasks to queue
[2025-12-27T14:49:37.364+0000] {logging_mixin.py:188} INFO - [2025-12-27T14:49:37.363+0000] {dagbag.py:540} INFO - Filling up the DagBag from /home/airflow/.local/lib/python3.12/site-packages/airflow/example_dags/example_nested_branch_dag.py
[2025-12-27T14:49:37.400+0000] {processor.py:840} INFO - DAG(s) 'example_nested_branch_dag' retrieved from /home/airflow/.local/lib/python3.12/site-packages/airflow/example_dags/example_nested_branch_dag.py
[2025-12-27T14:49:37.467+0000] {logging_mixin.py:188} INFO - [2025-12-27T14:49:37.466+0000] {dag.py:3096} INFO - Sync 1 DAGs
[2025-12-27T14:49:37.533+0000] {logging_mixin.py:188} INFO - [2025-12-27T14:49:37.533+0000] {dag.py:3954} INFO - Setting next_dagrun for example_nested_branch_dag to 2025-12-26 00:00:00+00:00, run_after=2025-12-27 00:00:00+00:00
[2025-12-27T14:49:37.589+0000] {processor.py:183} INFO - Processing /home/airflow/.local/lib/python3.12/site-packages/airflow/example_dags/example_nested_branch_dag.py took 0.250 seconds
[2025-12-27T14:50:14.983+0000] {processor.py:161} INFO - Started process (PID=3656) to work on /home/airflow/.local/lib/python3.12/site-packages/airflow/example_dags/example_nested_branch_dag.py
[2025-12-27T14:50:14.994+0000] {processor.py:830} INFO - Processing file /home/airflow/.local/lib/python3.12/site-packages/airflow/example_dags/example_nested_branch_dag.py for tasks to queue
[2025-12-27T14:50:15.021+0000] {logging_mixin.py:188} INFO - [2025-12-27T14:50:15.020+0000] {dagbag.py:540} INFO - Filling up the DagBag from /home/airflow/.local/lib/python3.12/site-packages/airflow/example_dags/example_nested_branch_dag.py
[2025-12-27T14:50:15.207+0000] {processor.py:840} INFO - DAG(s) 'example_nested_branch_dag' retrieved from /home/airflow/.local/lib/python3.12/site-packages/airflow/example_dags/example_nested_branch_dag.py
[2025-12-27T14:50:15.407+0000] {logging_mixin.py:188} INFO - [2025-12-27T14:50:15.406+0000] {dag.py:3096} INFO - Sync 1 DAGs
[2025-12-27T14:50:15.551+0000] {logging_mixin.py:188} INFO - [2025-12-27T14:50:15.550+0000] {dag.py:3954} INFO - Setting next_dagrun for example_nested_branch_dag to 2025-12-26 00:00:00+00:00, run_after=2025-12-27 00:00:00+00:00
[2025-12-27T14:50:15.853+0000] {processor.py:183} INFO - Processing /home/airflow/.local/lib/python3.12/site-packages/airflow/example_dags/example_nested_branch_dag.py took 0.965 seconds
[2025-12-27T14:50:46.279+0000] {processor.py:161} INFO - Started process (PID=3706) to work on /home/airflow/.local/lib/python3.12/site-packages/airflow/example_dags/example_nested_branch_dag.py
[2025-12-27T14:50:46.302+0000] {processor.py:830} INFO - Processing file /home/airflow/.local/lib/python3.12/site-packages/airflow/example_dags/example_nested_branch_dag.py for tasks to queue
[2025-12-27T14:50:46.305+0000] {logging_mixin.py:188} INFO - [2025-12-27T14:50:46.304+0000] {dagbag.py:540} INFO - Filling up the DagBag from /home/airflow/.local/lib/python3.12/site-packages/airflow/example_dags/example_nested_branch_dag.py
[2025-12-27T14:50:46.395+0000] {processor.py:840} INFO - DAG(s) 'example_nested_branch_dag' retrieved from /home/airflow/.local/lib/python3.12/site-packages/airflow/example_dags/example_nested_branch_dag.py
[2025-12-27T14:50:46.520+0000] {logging_mixin.py:188} INFO - [2025-12-27T14:50:46.519+0000] {dag.py:3096} INFO - Sync 1 DAGs
[2025-12-27T14:50:46.603+0000] {logging_mixin.py:188} INFO - [2025-12-27T14:50:46.602+0000] {dag.py:3954} INFO - Setting next_dagrun for example_nested_branch_dag to 2025-12-26 00:00:00+00:00, run_after=2025-12-27 00:00:00+00:00
[2025-12-27T14:50:46.782+0000] {processor.py:183} INFO - Processing /home/airflow/.local/lib/python3.12/site-packages/airflow/example_dags/example_nested_branch_dag.py took 0.527 seconds
[2025-12-27T14:51:21.617+0000] {processor.py:161} INFO - Started process (PID=3768) to work on /home/airflow/.local/lib/python3.12/site-packages/airflow/example_dags/example_nested_branch_dag.py
[2025-12-27T14:51:21.638+0000] {processor.py:830} INFO - Processing file /home/airflow/.local/lib/python3.12/site-packages/airflow/example_dags/example_nested_branch_dag.py for tasks to queue
[2025-12-27T14:51:21.643+0000] {logging_mixin.py:188} INFO - [2025-12-27T14:51:21.641+0000] {dagbag.py:540} INFO - Filling up the DagBag from /home/airflow/.local/lib/python3.12/site-packages/airflow/example_dags/example_nested_branch_dag.py
[2025-12-27T14:51:21.745+0000] {processor.py:840} INFO - DAG(s) 'example_nested_branch_dag' retrieved from /home/airflow/.local/lib/python3.12/site-packages/airflow/example_dags/example_nested_branch_dag.py
[2025-12-27T14:51:21.933+0000] {logging_mixin.py:188} INFO - [2025-12-27T14:51:21.932+0000] {dag.py:3096} INFO - Sync 1 DAGs
[2025-12-27T14:51:22.035+0000] {logging_mixin.py:188} INFO - [2025-12-27T14:51:22.035+0000] {dag.py:3954} INFO - Setting next_dagrun for example_nested_branch_dag to 2025-12-26 00:00:00+00:00, run_after=2025-12-27 00:00:00+00:00
[2025-12-27T14:51:22.279+0000] {processor.py:183} INFO - Processing /home/airflow/.local/lib/python3.12/site-packages/airflow/example_dags/example_nested_branch_dag.py took 0.685 seconds
[2025-12-27T14:53:35.960+0000] {processor.py:161} INFO - Started process (PID=3837) to work on /home/airflow/.local/lib/python3.12/site-packages/airflow/example_dags/example_nested_branch_dag.py
[2025-12-27T14:53:36.011+0000] {processor.py:830} INFO - Processing file /home/airflow/.local/lib/python3.12/site-packages/airflow/example_dags/example_nested_branch_dag.py for tasks to queue
[2025-12-27T14:53:36.046+0000] {logging_mixin.py:188} INFO - [2025-12-27T14:53:36.028+0000] {dagbag.py:540} INFO - Filling up the DagBag from /home/airflow/.local/lib/python3.12/site-packages/airflow/example_dags/example_nested_branch_dag.py
[2025-12-27T14:53:37.317+0000] {processor.py:840} INFO - DAG(s) 'example_nested_branch_dag' retrieved from /home/airflow/.local/lib/python3.12/site-packages/airflow/example_dags/example_nested_branch_dag.py
[2025-12-27T14:53:38.922+0000] {logging_mixin.py:188} INFO - [2025-12-27T14:53:38.920+0000] {dag.py:3096} INFO - Sync 1 DAGs
[2025-12-27T14:53:40.889+0000] {logging_mixin.py:188} INFO - [2025-12-27T14:53:40.827+0000] {dag.py:3954} INFO - Setting next_dagrun for example_nested_branch_dag to 2025-12-26 00:00:00+00:00, run_after=2025-12-27 00:00:00+00:00
[2025-12-27T14:53:42.759+0000] {processor.py:183} INFO - Processing /home/airflow/.local/lib/python3.12/site-packages/airflow/example_dags/example_nested_branch_dag.py took 7.312 seconds
[2025-12-27T14:56:24.895+0000] {processor.py:161} INFO - Started process (PID=3901) to work on /home/airflow/.local/lib/python3.12/site-packages/airflow/example_dags/example_nested_branch_dag.py
[2025-12-27T14:56:25.104+0000] {processor.py:830} INFO - Processing file /home/airflow/.local/lib/python3.12/site-packages/airflow/example_dags/example_nested_branch_dag.py for tasks to queue
[2025-12-27T14:56:25.111+0000] {logging_mixin.py:188} INFO - [2025-12-27T14:56:25.108+0000] {dagbag.py:540} INFO - Filling up the DagBag from /home/airflow/.local/lib/python3.12/site-packages/airflow/example_dags/example_nested_branch_dag.py
[2025-12-27T14:56:25.522+0000] {processor.py:840} INFO - DAG(s) 'example_nested_branch_dag' retrieved from /home/airflow/.local/lib/python3.12/site-packages/airflow/example_dags/example_nested_branch_dag.py
[2025-12-27T14:56:26.717+0000] {logging_mixin.py:188} INFO - [2025-12-27T14:56:26.610+0000] {dag.py:3096} INFO - Sync 1 DAGs
[2025-12-27T14:56:28.857+0000] {logging_mixin.py:188} INFO - [2025-12-27T14:56:28.856+0000] {dag.py:3954} INFO - Setting next_dagrun for example_nested_branch_dag to 2025-12-26 00:00:00+00:00, run_after=2025-12-27 00:00:00+00:00
[2025-12-27T14:56:29.859+0000] {processor.py:183} INFO - Processing /home/airflow/.local/lib/python3.12/site-packages/airflow/example_dags/example_nested_branch_dag.py took 5.064 seconds
