[2025-12-27T14:14:55.709+0000] {processor.py:161} INFO - Started process (PID=108) to work on /home/airflow/.local/lib/python3.12/site-packages/airflow/example_dags/example_bash_operator.py
[2025-12-27T14:14:55.726+0000] {processor.py:830} INFO - Processing file /home/airflow/.local/lib/python3.12/site-packages/airflow/example_dags/example_bash_operator.py for tasks to queue
[2025-12-27T14:14:55.757+0000] {logging_mixin.py:188} INFO - [2025-12-27T14:14:55.755+0000] {dagbag.py:540} INFO - Filling up the DagBag from /home/airflow/.local/lib/python3.12/site-packages/airflow/example_dags/example_bash_operator.py
[2025-12-27T14:14:55.888+0000] {processor.py:840} INFO - DAG(s) 'example_bash_operator' retrieved from /home/airflow/.local/lib/python3.12/site-packages/airflow/example_dags/example_bash_operator.py
[2025-12-27T14:14:57.318+0000] {logging_mixin.py:188} INFO - [2025-12-27T14:14:57.317+0000] {dag.py:3096} INFO - Sync 1 DAGs
[2025-12-27T14:14:57.562+0000] {logging_mixin.py:188} INFO - [2025-12-27T14:14:57.561+0000] {dag.py:3954} INFO - Setting next_dagrun for example_bash_operator to 2025-12-26 00:00:00+00:00, run_after=2025-12-27 00:00:00+00:00
[2025-12-27T14:14:57.892+0000] {processor.py:183} INFO - Processing /home/airflow/.local/lib/python3.12/site-packages/airflow/example_dags/example_bash_operator.py took 2.389 seconds
[2025-12-27T14:15:32.296+0000] {processor.py:161} INFO - Started process (PID=165) to work on /home/airflow/.local/lib/python3.12/site-packages/airflow/example_dags/example_bash_operator.py
[2025-12-27T14:15:32.302+0000] {processor.py:830} INFO - Processing file /home/airflow/.local/lib/python3.12/site-packages/airflow/example_dags/example_bash_operator.py for tasks to queue
[2025-12-27T14:15:32.319+0000] {logging_mixin.py:188} INFO - [2025-12-27T14:15:32.318+0000] {dagbag.py:540} INFO - Filling up the DagBag from /home/airflow/.local/lib/python3.12/site-packages/airflow/example_dags/example_bash_operator.py
[2025-12-27T14:15:32.497+0000] {processor.py:840} INFO - DAG(s) 'example_bash_operator' retrieved from /home/airflow/.local/lib/python3.12/site-packages/airflow/example_dags/example_bash_operator.py
[2025-12-27T14:15:32.827+0000] {logging_mixin.py:188} INFO - [2025-12-27T14:15:32.826+0000] {dag.py:3096} INFO - Sync 1 DAGs
[2025-12-27T14:15:33.024+0000] {logging_mixin.py:188} INFO - [2025-12-27T14:15:33.023+0000] {dag.py:3954} INFO - Setting next_dagrun for example_bash_operator to 2025-12-26 00:00:00+00:00, run_after=2025-12-27 00:00:00+00:00
[2025-12-27T14:15:33.213+0000] {processor.py:183} INFO - Processing /home/airflow/.local/lib/python3.12/site-packages/airflow/example_dags/example_bash_operator.py took 0.982 seconds
[2025-12-27T14:16:03.561+0000] {processor.py:161} INFO - Started process (PID=224) to work on /home/airflow/.local/lib/python3.12/site-packages/airflow/example_dags/example_bash_operator.py
[2025-12-27T14:16:03.566+0000] {processor.py:830} INFO - Processing file /home/airflow/.local/lib/python3.12/site-packages/airflow/example_dags/example_bash_operator.py for tasks to queue
[2025-12-27T14:16:03.574+0000] {logging_mixin.py:188} INFO - [2025-12-27T14:16:03.573+0000] {dagbag.py:540} INFO - Filling up the DagBag from /home/airflow/.local/lib/python3.12/site-packages/airflow/example_dags/example_bash_operator.py
[2025-12-27T14:16:03.620+0000] {processor.py:840} INFO - DAG(s) 'example_bash_operator' retrieved from /home/airflow/.local/lib/python3.12/site-packages/airflow/example_dags/example_bash_operator.py
[2025-12-27T14:16:03.743+0000] {logging_mixin.py:188} INFO - [2025-12-27T14:16:03.742+0000] {dag.py:3096} INFO - Sync 1 DAGs
[2025-12-27T14:16:03.839+0000] {logging_mixin.py:188} INFO - [2025-12-27T14:16:03.838+0000] {dag.py:3954} INFO - Setting next_dagrun for example_bash_operator to 2025-12-26 00:00:00+00:00, run_after=2025-12-27 00:00:00+00:00
[2025-12-27T14:16:03.912+0000] {processor.py:183} INFO - Processing /home/airflow/.local/lib/python3.12/site-packages/airflow/example_dags/example_bash_operator.py took 0.371 seconds
[2025-12-27T14:16:35.121+0000] {processor.py:161} INFO - Started process (PID=281) to work on /home/airflow/.local/lib/python3.12/site-packages/airflow/example_dags/example_bash_operator.py
[2025-12-27T14:16:35.130+0000] {processor.py:830} INFO - Processing file /home/airflow/.local/lib/python3.12/site-packages/airflow/example_dags/example_bash_operator.py for tasks to queue
[2025-12-27T14:16:35.146+0000] {logging_mixin.py:188} INFO - [2025-12-27T14:16:35.144+0000] {dagbag.py:540} INFO - Filling up the DagBag from /home/airflow/.local/lib/python3.12/site-packages/airflow/example_dags/example_bash_operator.py
[2025-12-27T14:16:35.232+0000] {processor.py:840} INFO - DAG(s) 'example_bash_operator' retrieved from /home/airflow/.local/lib/python3.12/site-packages/airflow/example_dags/example_bash_operator.py
[2025-12-27T14:16:35.400+0000] {logging_mixin.py:188} INFO - [2025-12-27T14:16:35.398+0000] {dag.py:3096} INFO - Sync 1 DAGs
[2025-12-27T14:16:35.516+0000] {logging_mixin.py:188} INFO - [2025-12-27T14:16:35.516+0000] {dag.py:3954} INFO - Setting next_dagrun for example_bash_operator to 2025-12-26 00:00:00+00:00, run_after=2025-12-27 00:00:00+00:00
[2025-12-27T14:16:35.603+0000] {processor.py:183} INFO - Processing /home/airflow/.local/lib/python3.12/site-packages/airflow/example_dags/example_bash_operator.py took 0.523 seconds
[2025-12-27T14:17:07.563+0000] {processor.py:161} INFO - Started process (PID=338) to work on /home/airflow/.local/lib/python3.12/site-packages/airflow/example_dags/example_bash_operator.py
[2025-12-27T14:17:07.633+0000] {processor.py:830} INFO - Processing file /home/airflow/.local/lib/python3.12/site-packages/airflow/example_dags/example_bash_operator.py for tasks to queue
[2025-12-27T14:17:07.659+0000] {logging_mixin.py:188} INFO - [2025-12-27T14:17:07.646+0000] {dagbag.py:540} INFO - Filling up the DagBag from /home/airflow/.local/lib/python3.12/site-packages/airflow/example_dags/example_bash_operator.py
[2025-12-27T14:17:07.861+0000] {processor.py:840} INFO - DAG(s) 'example_bash_operator' retrieved from /home/airflow/.local/lib/python3.12/site-packages/airflow/example_dags/example_bash_operator.py
[2025-12-27T14:17:08.184+0000] {logging_mixin.py:188} INFO - [2025-12-27T14:17:08.183+0000] {dag.py:3096} INFO - Sync 1 DAGs
[2025-12-27T14:17:08.542+0000] {logging_mixin.py:188} INFO - [2025-12-27T14:17:08.541+0000] {dag.py:3954} INFO - Setting next_dagrun for example_bash_operator to 2025-12-26 00:00:00+00:00, run_after=2025-12-27 00:00:00+00:00
[2025-12-27T14:17:08.708+0000] {processor.py:183} INFO - Processing /home/airflow/.local/lib/python3.12/site-packages/airflow/example_dags/example_bash_operator.py took 1.262 seconds
[2025-12-27T14:17:57.727+0000] {processor.py:161} INFO - Started process (PID=401) to work on /home/airflow/.local/lib/python3.12/site-packages/airflow/example_dags/example_bash_operator.py
[2025-12-27T14:17:57.741+0000] {processor.py:830} INFO - Processing file /home/airflow/.local/lib/python3.12/site-packages/airflow/example_dags/example_bash_operator.py for tasks to queue
[2025-12-27T14:17:57.778+0000] {logging_mixin.py:188} INFO - [2025-12-27T14:17:57.777+0000] {dagbag.py:540} INFO - Filling up the DagBag from /home/airflow/.local/lib/python3.12/site-packages/airflow/example_dags/example_bash_operator.py
[2025-12-27T14:17:58.340+0000] {processor.py:840} INFO - DAG(s) 'example_bash_operator' retrieved from /home/airflow/.local/lib/python3.12/site-packages/airflow/example_dags/example_bash_operator.py
[2025-12-27T14:17:58.740+0000] {logging_mixin.py:188} INFO - [2025-12-27T14:17:58.739+0000] {dag.py:3096} INFO - Sync 1 DAGs
[2025-12-27T14:17:58.945+0000] {logging_mixin.py:188} INFO - [2025-12-27T14:17:58.944+0000] {dag.py:3954} INFO - Setting next_dagrun for example_bash_operator to 2025-12-26 00:00:00+00:00, run_after=2025-12-27 00:00:00+00:00
[2025-12-27T14:17:59.112+0000] {processor.py:183} INFO - Processing /home/airflow/.local/lib/python3.12/site-packages/airflow/example_dags/example_bash_operator.py took 1.471 seconds
[2025-12-27T14:18:36.497+0000] {processor.py:161} INFO - Started process (PID=453) to work on /home/airflow/.local/lib/python3.12/site-packages/airflow/example_dags/example_bash_operator.py
[2025-12-27T14:18:36.502+0000] {processor.py:830} INFO - Processing file /home/airflow/.local/lib/python3.12/site-packages/airflow/example_dags/example_bash_operator.py for tasks to queue
[2025-12-27T14:18:36.511+0000] {logging_mixin.py:188} INFO - [2025-12-27T14:18:36.509+0000] {dagbag.py:540} INFO - Filling up the DagBag from /home/airflow/.local/lib/python3.12/site-packages/airflow/example_dags/example_bash_operator.py
[2025-12-27T14:18:36.556+0000] {processor.py:840} INFO - DAG(s) 'example_bash_operator' retrieved from /home/airflow/.local/lib/python3.12/site-packages/airflow/example_dags/example_bash_operator.py
[2025-12-27T14:18:36.641+0000] {logging_mixin.py:188} INFO - [2025-12-27T14:18:36.640+0000] {dag.py:3096} INFO - Sync 1 DAGs
[2025-12-27T14:18:36.720+0000] {logging_mixin.py:188} INFO - [2025-12-27T14:18:36.719+0000] {dag.py:3954} INFO - Setting next_dagrun for example_bash_operator to 2025-12-26 00:00:00+00:00, run_after=2025-12-27 00:00:00+00:00
[2025-12-27T14:18:36.784+0000] {processor.py:183} INFO - Processing /home/airflow/.local/lib/python3.12/site-packages/airflow/example_dags/example_bash_operator.py took 0.308 seconds
[2025-12-27T14:19:07.070+0000] {processor.py:161} INFO - Started process (PID=511) to work on /home/airflow/.local/lib/python3.12/site-packages/airflow/example_dags/example_bash_operator.py
[2025-12-27T14:19:07.074+0000] {processor.py:830} INFO - Processing file /home/airflow/.local/lib/python3.12/site-packages/airflow/example_dags/example_bash_operator.py for tasks to queue
[2025-12-27T14:19:07.088+0000] {logging_mixin.py:188} INFO - [2025-12-27T14:19:07.087+0000] {dagbag.py:540} INFO - Filling up the DagBag from /home/airflow/.local/lib/python3.12/site-packages/airflow/example_dags/example_bash_operator.py
[2025-12-27T14:19:07.156+0000] {processor.py:840} INFO - DAG(s) 'example_bash_operator' retrieved from /home/airflow/.local/lib/python3.12/site-packages/airflow/example_dags/example_bash_operator.py
[2025-12-27T14:19:07.425+0000] {logging_mixin.py:188} INFO - [2025-12-27T14:19:07.422+0000] {dag.py:3096} INFO - Sync 1 DAGs
[2025-12-27T14:19:07.634+0000] {logging_mixin.py:188} INFO - [2025-12-27T14:19:07.633+0000] {dag.py:3954} INFO - Setting next_dagrun for example_bash_operator to 2025-12-26 00:00:00+00:00, run_after=2025-12-27 00:00:00+00:00
[2025-12-27T14:19:07.718+0000] {processor.py:183} INFO - Processing /home/airflow/.local/lib/python3.12/site-packages/airflow/example_dags/example_bash_operator.py took 0.690 seconds
[2025-12-27T14:19:39.528+0000] {processor.py:161} INFO - Started process (PID=567) to work on /home/airflow/.local/lib/python3.12/site-packages/airflow/example_dags/example_bash_operator.py
[2025-12-27T14:19:39.532+0000] {processor.py:830} INFO - Processing file /home/airflow/.local/lib/python3.12/site-packages/airflow/example_dags/example_bash_operator.py for tasks to queue
[2025-12-27T14:19:39.537+0000] {logging_mixin.py:188} INFO - [2025-12-27T14:19:39.536+0000] {dagbag.py:540} INFO - Filling up the DagBag from /home/airflow/.local/lib/python3.12/site-packages/airflow/example_dags/example_bash_operator.py
[2025-12-27T14:19:39.582+0000] {processor.py:840} INFO - DAG(s) 'example_bash_operator' retrieved from /home/airflow/.local/lib/python3.12/site-packages/airflow/example_dags/example_bash_operator.py
[2025-12-27T14:19:39.697+0000] {logging_mixin.py:188} INFO - [2025-12-27T14:19:39.696+0000] {dag.py:3096} INFO - Sync 1 DAGs
[2025-12-27T14:19:39.853+0000] {logging_mixin.py:188} INFO - [2025-12-27T14:19:39.852+0000] {dag.py:3954} INFO - Setting next_dagrun for example_bash_operator to 2025-12-26 00:00:00+00:00, run_after=2025-12-27 00:00:00+00:00
[2025-12-27T14:19:39.963+0000] {processor.py:183} INFO - Processing /home/airflow/.local/lib/python3.12/site-packages/airflow/example_dags/example_bash_operator.py took 0.462 seconds
[2025-12-27T14:20:13.624+0000] {processor.py:161} INFO - Started process (PID=623) to work on /home/airflow/.local/lib/python3.12/site-packages/airflow/example_dags/example_bash_operator.py
[2025-12-27T14:20:13.628+0000] {processor.py:830} INFO - Processing file /home/airflow/.local/lib/python3.12/site-packages/airflow/example_dags/example_bash_operator.py for tasks to queue
[2025-12-27T14:20:13.634+0000] {logging_mixin.py:188} INFO - [2025-12-27T14:20:13.633+0000] {dagbag.py:540} INFO - Filling up the DagBag from /home/airflow/.local/lib/python3.12/site-packages/airflow/example_dags/example_bash_operator.py
[2025-12-27T14:20:13.668+0000] {processor.py:840} INFO - DAG(s) 'example_bash_operator' retrieved from /home/airflow/.local/lib/python3.12/site-packages/airflow/example_dags/example_bash_operator.py
[2025-12-27T14:20:13.773+0000] {logging_mixin.py:188} INFO - [2025-12-27T14:20:13.772+0000] {dag.py:3096} INFO - Sync 1 DAGs
[2025-12-27T14:20:13.848+0000] {logging_mixin.py:188} INFO - [2025-12-27T14:20:13.847+0000] {dag.py:3954} INFO - Setting next_dagrun for example_bash_operator to 2025-12-26 00:00:00+00:00, run_after=2025-12-27 00:00:00+00:00
[2025-12-27T14:20:13.956+0000] {processor.py:183} INFO - Processing /home/airflow/.local/lib/python3.12/site-packages/airflow/example_dags/example_bash_operator.py took 0.348 seconds
[2025-12-27T14:20:44.652+0000] {processor.py:161} INFO - Started process (PID=680) to work on /home/airflow/.local/lib/python3.12/site-packages/airflow/example_dags/example_bash_operator.py
[2025-12-27T14:20:44.655+0000] {processor.py:830} INFO - Processing file /home/airflow/.local/lib/python3.12/site-packages/airflow/example_dags/example_bash_operator.py for tasks to queue
[2025-12-27T14:20:44.661+0000] {logging_mixin.py:188} INFO - [2025-12-27T14:20:44.660+0000] {dagbag.py:540} INFO - Filling up the DagBag from /home/airflow/.local/lib/python3.12/site-packages/airflow/example_dags/example_bash_operator.py
[2025-12-27T14:20:44.705+0000] {processor.py:840} INFO - DAG(s) 'example_bash_operator' retrieved from /home/airflow/.local/lib/python3.12/site-packages/airflow/example_dags/example_bash_operator.py
[2025-12-27T14:20:44.787+0000] {logging_mixin.py:188} INFO - [2025-12-27T14:20:44.787+0000] {dag.py:3096} INFO - Sync 1 DAGs
[2025-12-27T14:20:44.856+0000] {logging_mixin.py:188} INFO - [2025-12-27T14:20:44.854+0000] {dag.py:3954} INFO - Setting next_dagrun for example_bash_operator to 2025-12-26 00:00:00+00:00, run_after=2025-12-27 00:00:00+00:00
[2025-12-27T14:20:44.912+0000] {processor.py:183} INFO - Processing /home/airflow/.local/lib/python3.12/site-packages/airflow/example_dags/example_bash_operator.py took 0.282 seconds
[2025-12-27T14:21:31.400+0000] {processor.py:161} INFO - Started process (PID=743) to work on /home/airflow/.local/lib/python3.12/site-packages/airflow/example_dags/example_bash_operator.py
[2025-12-27T14:21:31.411+0000] {processor.py:830} INFO - Processing file /home/airflow/.local/lib/python3.12/site-packages/airflow/example_dags/example_bash_operator.py for tasks to queue
[2025-12-27T14:21:31.419+0000] {logging_mixin.py:188} INFO - [2025-12-27T14:21:31.418+0000] {dagbag.py:540} INFO - Filling up the DagBag from /home/airflow/.local/lib/python3.12/site-packages/airflow/example_dags/example_bash_operator.py
[2025-12-27T14:21:31.487+0000] {processor.py:840} INFO - DAG(s) 'example_bash_operator' retrieved from /home/airflow/.local/lib/python3.12/site-packages/airflow/example_dags/example_bash_operator.py
[2025-12-27T14:21:31.632+0000] {logging_mixin.py:188} INFO - [2025-12-27T14:21:31.631+0000] {dag.py:3096} INFO - Sync 1 DAGs
[2025-12-27T14:21:31.742+0000] {logging_mixin.py:188} INFO - [2025-12-27T14:21:31.742+0000] {dag.py:3954} INFO - Setting next_dagrun for example_bash_operator to 2025-12-26 00:00:00+00:00, run_after=2025-12-27 00:00:00+00:00
[2025-12-27T14:21:31.856+0000] {processor.py:183} INFO - Processing /home/airflow/.local/lib/python3.12/site-packages/airflow/example_dags/example_bash_operator.py took 0.484 seconds
[2025-12-27T14:22:05.973+0000] {processor.py:161} INFO - Started process (PID=801) to work on /home/airflow/.local/lib/python3.12/site-packages/airflow/example_dags/example_bash_operator.py
[2025-12-27T14:22:05.977+0000] {processor.py:830} INFO - Processing file /home/airflow/.local/lib/python3.12/site-packages/airflow/example_dags/example_bash_operator.py for tasks to queue
[2025-12-27T14:22:05.986+0000] {logging_mixin.py:188} INFO - [2025-12-27T14:22:05.984+0000] {dagbag.py:540} INFO - Filling up the DagBag from /home/airflow/.local/lib/python3.12/site-packages/airflow/example_dags/example_bash_operator.py
[2025-12-27T14:22:06.079+0000] {processor.py:840} INFO - DAG(s) 'example_bash_operator' retrieved from /home/airflow/.local/lib/python3.12/site-packages/airflow/example_dags/example_bash_operator.py
[2025-12-27T14:22:06.356+0000] {logging_mixin.py:188} INFO - [2025-12-27T14:22:06.355+0000] {dag.py:3096} INFO - Sync 1 DAGs
[2025-12-27T14:22:07.101+0000] {logging_mixin.py:188} INFO - [2025-12-27T14:22:07.099+0000] {dag.py:3954} INFO - Setting next_dagrun for example_bash_operator to 2025-12-26 00:00:00+00:00, run_after=2025-12-27 00:00:00+00:00
[2025-12-27T14:22:07.927+0000] {processor.py:183} INFO - Processing /home/airflow/.local/lib/python3.12/site-packages/airflow/example_dags/example_bash_operator.py took 1.977 seconds
[2025-12-27T14:23:32.594+0000] {processor.py:161} INFO - Started process (PID=863) to work on /home/airflow/.local/lib/python3.12/site-packages/airflow/example_dags/example_bash_operator.py
[2025-12-27T14:23:32.604+0000] {processor.py:830} INFO - Processing file /home/airflow/.local/lib/python3.12/site-packages/airflow/example_dags/example_bash_operator.py for tasks to queue
[2025-12-27T14:23:32.618+0000] {logging_mixin.py:188} INFO - [2025-12-27T14:23:32.616+0000] {dagbag.py:540} INFO - Filling up the DagBag from /home/airflow/.local/lib/python3.12/site-packages/airflow/example_dags/example_bash_operator.py
[2025-12-27T14:23:32.816+0000] {processor.py:840} INFO - DAG(s) 'example_bash_operator' retrieved from /home/airflow/.local/lib/python3.12/site-packages/airflow/example_dags/example_bash_operator.py
[2025-12-27T14:23:33.477+0000] {logging_mixin.py:188} INFO - [2025-12-27T14:23:33.476+0000] {dag.py:3096} INFO - Sync 1 DAGs
[2025-12-27T14:23:34.000+0000] {logging_mixin.py:188} INFO - [2025-12-27T14:23:33.997+0000] {dag.py:3954} INFO - Setting next_dagrun for example_bash_operator to 2025-12-26 00:00:00+00:00, run_after=2025-12-27 00:00:00+00:00
[2025-12-27T14:23:34.421+0000] {processor.py:183} INFO - Processing /home/airflow/.local/lib/python3.12/site-packages/airflow/example_dags/example_bash_operator.py took 1.873 seconds
[2025-12-27T14:24:24.984+0000] {processor.py:161} INFO - Started process (PID=928) to work on /home/airflow/.local/lib/python3.12/site-packages/airflow/example_dags/example_bash_operator.py
[2025-12-27T14:24:24.987+0000] {processor.py:830} INFO - Processing file /home/airflow/.local/lib/python3.12/site-packages/airflow/example_dags/example_bash_operator.py for tasks to queue
[2025-12-27T14:24:24.990+0000] {logging_mixin.py:188} INFO - [2025-12-27T14:24:24.989+0000] {dagbag.py:540} INFO - Filling up the DagBag from /home/airflow/.local/lib/python3.12/site-packages/airflow/example_dags/example_bash_operator.py
[2025-12-27T14:24:25.036+0000] {processor.py:840} INFO - DAG(s) 'example_bash_operator' retrieved from /home/airflow/.local/lib/python3.12/site-packages/airflow/example_dags/example_bash_operator.py
[2025-12-27T14:24:25.149+0000] {logging_mixin.py:188} INFO - [2025-12-27T14:24:25.148+0000] {dag.py:3096} INFO - Sync 1 DAGs
[2025-12-27T14:24:25.222+0000] {logging_mixin.py:188} INFO - [2025-12-27T14:24:25.221+0000] {dag.py:3954} INFO - Setting next_dagrun for example_bash_operator to 2025-12-26 00:00:00+00:00, run_after=2025-12-27 00:00:00+00:00
[2025-12-27T14:24:25.286+0000] {processor.py:183} INFO - Processing /home/airflow/.local/lib/python3.12/site-packages/airflow/example_dags/example_bash_operator.py took 0.333 seconds
[2025-12-27T14:25:10.082+0000] {processor.py:161} INFO - Started process (PID=1001) to work on /home/airflow/.local/lib/python3.12/site-packages/airflow/example_dags/example_bash_operator.py
[2025-12-27T14:25:10.087+0000] {processor.py:830} INFO - Processing file /home/airflow/.local/lib/python3.12/site-packages/airflow/example_dags/example_bash_operator.py for tasks to queue
[2025-12-27T14:25:10.091+0000] {logging_mixin.py:188} INFO - [2025-12-27T14:25:10.090+0000] {dagbag.py:540} INFO - Filling up the DagBag from /home/airflow/.local/lib/python3.12/site-packages/airflow/example_dags/example_bash_operator.py
[2025-12-27T14:25:10.176+0000] {processor.py:840} INFO - DAG(s) 'example_bash_operator' retrieved from /home/airflow/.local/lib/python3.12/site-packages/airflow/example_dags/example_bash_operator.py
[2025-12-27T14:25:10.383+0000] {logging_mixin.py:188} INFO - [2025-12-27T14:25:10.382+0000] {dag.py:3096} INFO - Sync 1 DAGs
[2025-12-27T14:25:10.537+0000] {logging_mixin.py:188} INFO - [2025-12-27T14:25:10.536+0000] {dag.py:3954} INFO - Setting next_dagrun for example_bash_operator to 2025-12-26 00:00:00+00:00, run_after=2025-12-27 00:00:00+00:00
[2025-12-27T14:25:10.654+0000] {processor.py:183} INFO - Processing /home/airflow/.local/lib/python3.12/site-packages/airflow/example_dags/example_bash_operator.py took 0.625 seconds
[2025-12-27T14:26:25.402+0000] {processor.py:161} INFO - Started process (PID=1072) to work on /home/airflow/.local/lib/python3.12/site-packages/airflow/example_dags/example_bash_operator.py
[2025-12-27T14:26:25.406+0000] {processor.py:830} INFO - Processing file /home/airflow/.local/lib/python3.12/site-packages/airflow/example_dags/example_bash_operator.py for tasks to queue
[2025-12-27T14:26:25.411+0000] {logging_mixin.py:188} INFO - [2025-12-27T14:26:25.410+0000] {dagbag.py:540} INFO - Filling up the DagBag from /home/airflow/.local/lib/python3.12/site-packages/airflow/example_dags/example_bash_operator.py
[2025-12-27T14:26:25.460+0000] {processor.py:840} INFO - DAG(s) 'example_bash_operator' retrieved from /home/airflow/.local/lib/python3.12/site-packages/airflow/example_dags/example_bash_operator.py
[2025-12-27T14:26:25.602+0000] {logging_mixin.py:188} INFO - [2025-12-27T14:26:25.599+0000] {dag.py:3096} INFO - Sync 1 DAGs
[2025-12-27T14:26:25.742+0000] {logging_mixin.py:188} INFO - [2025-12-27T14:26:25.741+0000] {dag.py:3954} INFO - Setting next_dagrun for example_bash_operator to 2025-12-26 00:00:00+00:00, run_after=2025-12-27 00:00:00+00:00
[2025-12-27T14:26:25.822+0000] {processor.py:183} INFO - Processing /home/airflow/.local/lib/python3.12/site-packages/airflow/example_dags/example_bash_operator.py took 0.448 seconds
[2025-12-27T14:27:15.354+0000] {processor.py:161} INFO - Started process (PID=1134) to work on /home/airflow/.local/lib/python3.12/site-packages/airflow/example_dags/example_bash_operator.py
[2025-12-27T14:27:15.367+0000] {processor.py:830} INFO - Processing file /home/airflow/.local/lib/python3.12/site-packages/airflow/example_dags/example_bash_operator.py for tasks to queue
[2025-12-27T14:27:15.383+0000] {logging_mixin.py:188} INFO - [2025-12-27T14:27:15.377+0000] {dagbag.py:540} INFO - Filling up the DagBag from /home/airflow/.local/lib/python3.12/site-packages/airflow/example_dags/example_bash_operator.py
[2025-12-27T14:27:15.871+0000] {processor.py:840} INFO - DAG(s) 'example_bash_operator' retrieved from /home/airflow/.local/lib/python3.12/site-packages/airflow/example_dags/example_bash_operator.py
[2025-12-27T14:27:24.991+0000] {logging_mixin.py:188} INFO - [2025-12-27T14:27:24.988+0000] {dag.py:3096} INFO - Sync 1 DAGs
[2025-12-27T14:27:25.094+0000] {logging_mixin.py:188} INFO - [2025-12-27T14:27:25.093+0000] {dag.py:3954} INFO - Setting next_dagrun for example_bash_operator to 2025-12-26 00:00:00+00:00, run_after=2025-12-27 00:00:00+00:00
[2025-12-27T14:27:25.337+0000] {processor.py:183} INFO - Processing /home/airflow/.local/lib/python3.12/site-packages/airflow/example_dags/example_bash_operator.py took 10.130 seconds
[2025-12-27T14:27:55.860+0000] {processor.py:161} INFO - Started process (PID=1192) to work on /home/airflow/.local/lib/python3.12/site-packages/airflow/example_dags/example_bash_operator.py
[2025-12-27T14:27:55.870+0000] {processor.py:830} INFO - Processing file /home/airflow/.local/lib/python3.12/site-packages/airflow/example_dags/example_bash_operator.py for tasks to queue
[2025-12-27T14:27:55.873+0000] {logging_mixin.py:188} INFO - [2025-12-27T14:27:55.872+0000] {dagbag.py:540} INFO - Filling up the DagBag from /home/airflow/.local/lib/python3.12/site-packages/airflow/example_dags/example_bash_operator.py
[2025-12-27T14:27:55.928+0000] {processor.py:840} INFO - DAG(s) 'example_bash_operator' retrieved from /home/airflow/.local/lib/python3.12/site-packages/airflow/example_dags/example_bash_operator.py
[2025-12-27T14:27:56.041+0000] {logging_mixin.py:188} INFO - [2025-12-27T14:27:56.040+0000] {dag.py:3096} INFO - Sync 1 DAGs
[2025-12-27T14:27:56.130+0000] {logging_mixin.py:188} INFO - [2025-12-27T14:27:56.130+0000] {dag.py:3954} INFO - Setting next_dagrun for example_bash_operator to 2025-12-26 00:00:00+00:00, run_after=2025-12-27 00:00:00+00:00
[2025-12-27T14:27:56.235+0000] {processor.py:183} INFO - Processing /home/airflow/.local/lib/python3.12/site-packages/airflow/example_dags/example_bash_operator.py took 0.405 seconds
[2025-12-27T14:28:26.453+0000] {processor.py:161} INFO - Started process (PID=1250) to work on /home/airflow/.local/lib/python3.12/site-packages/airflow/example_dags/example_bash_operator.py
[2025-12-27T14:28:26.459+0000] {processor.py:830} INFO - Processing file /home/airflow/.local/lib/python3.12/site-packages/airflow/example_dags/example_bash_operator.py for tasks to queue
[2025-12-27T14:28:26.463+0000] {logging_mixin.py:188} INFO - [2025-12-27T14:28:26.461+0000] {dagbag.py:540} INFO - Filling up the DagBag from /home/airflow/.local/lib/python3.12/site-packages/airflow/example_dags/example_bash_operator.py
[2025-12-27T14:28:26.518+0000] {processor.py:840} INFO - DAG(s) 'example_bash_operator' retrieved from /home/airflow/.local/lib/python3.12/site-packages/airflow/example_dags/example_bash_operator.py
[2025-12-27T14:28:26.632+0000] {logging_mixin.py:188} INFO - [2025-12-27T14:28:26.631+0000] {dag.py:3096} INFO - Sync 1 DAGs
[2025-12-27T14:28:26.758+0000] {logging_mixin.py:188} INFO - [2025-12-27T14:28:26.757+0000] {dag.py:3954} INFO - Setting next_dagrun for example_bash_operator to 2025-12-26 00:00:00+00:00, run_after=2025-12-27 00:00:00+00:00
[2025-12-27T14:28:26.843+0000] {processor.py:183} INFO - Processing /home/airflow/.local/lib/python3.12/site-packages/airflow/example_dags/example_bash_operator.py took 0.415 seconds
[2025-12-27T14:28:57.625+0000] {processor.py:161} INFO - Started process (PID=1308) to work on /home/airflow/.local/lib/python3.12/site-packages/airflow/example_dags/example_bash_operator.py
[2025-12-27T14:28:57.629+0000] {processor.py:830} INFO - Processing file /home/airflow/.local/lib/python3.12/site-packages/airflow/example_dags/example_bash_operator.py for tasks to queue
[2025-12-27T14:28:57.633+0000] {logging_mixin.py:188} INFO - [2025-12-27T14:28:57.631+0000] {dagbag.py:540} INFO - Filling up the DagBag from /home/airflow/.local/lib/python3.12/site-packages/airflow/example_dags/example_bash_operator.py
[2025-12-27T14:28:57.689+0000] {processor.py:840} INFO - DAG(s) 'example_bash_operator' retrieved from /home/airflow/.local/lib/python3.12/site-packages/airflow/example_dags/example_bash_operator.py
[2025-12-27T14:28:57.799+0000] {logging_mixin.py:188} INFO - [2025-12-27T14:28:57.798+0000] {dag.py:3096} INFO - Sync 1 DAGs
[2025-12-27T14:28:57.895+0000] {logging_mixin.py:188} INFO - [2025-12-27T14:28:57.894+0000] {dag.py:3954} INFO - Setting next_dagrun for example_bash_operator to 2025-12-26 00:00:00+00:00, run_after=2025-12-27 00:00:00+00:00
[2025-12-27T14:28:57.976+0000] {processor.py:183} INFO - Processing /home/airflow/.local/lib/python3.12/site-packages/airflow/example_dags/example_bash_operator.py took 0.378 seconds
[2025-12-27T14:29:30.521+0000] {processor.py:161} INFO - Started process (PID=1366) to work on /home/airflow/.local/lib/python3.12/site-packages/airflow/example_dags/example_bash_operator.py
[2025-12-27T14:29:30.526+0000] {processor.py:830} INFO - Processing file /home/airflow/.local/lib/python3.12/site-packages/airflow/example_dags/example_bash_operator.py for tasks to queue
[2025-12-27T14:29:30.530+0000] {logging_mixin.py:188} INFO - [2025-12-27T14:29:30.528+0000] {dagbag.py:540} INFO - Filling up the DagBag from /home/airflow/.local/lib/python3.12/site-packages/airflow/example_dags/example_bash_operator.py
[2025-12-27T14:29:30.622+0000] {processor.py:840} INFO - DAG(s) 'example_bash_operator' retrieved from /home/airflow/.local/lib/python3.12/site-packages/airflow/example_dags/example_bash_operator.py
[2025-12-27T14:29:30.902+0000] {logging_mixin.py:188} INFO - [2025-12-27T14:29:30.901+0000] {dag.py:3096} INFO - Sync 1 DAGs
[2025-12-27T14:29:31.109+0000] {logging_mixin.py:188} INFO - [2025-12-27T14:29:31.108+0000] {dag.py:3954} INFO - Setting next_dagrun for example_bash_operator to 2025-12-26 00:00:00+00:00, run_after=2025-12-27 00:00:00+00:00
[2025-12-27T14:29:31.195+0000] {processor.py:183} INFO - Processing /home/airflow/.local/lib/python3.12/site-packages/airflow/example_dags/example_bash_operator.py took 0.707 seconds
[2025-12-27T14:30:12.917+0000] {processor.py:161} INFO - Started process (PID=1428) to work on /home/airflow/.local/lib/python3.12/site-packages/airflow/example_dags/example_bash_operator.py
[2025-12-27T14:30:12.950+0000] {processor.py:830} INFO - Processing file /home/airflow/.local/lib/python3.12/site-packages/airflow/example_dags/example_bash_operator.py for tasks to queue
[2025-12-27T14:30:12.954+0000] {logging_mixin.py:188} INFO - [2025-12-27T14:30:12.953+0000] {dagbag.py:540} INFO - Filling up the DagBag from /home/airflow/.local/lib/python3.12/site-packages/airflow/example_dags/example_bash_operator.py
[2025-12-27T14:30:13.014+0000] {processor.py:840} INFO - DAG(s) 'example_bash_operator' retrieved from /home/airflow/.local/lib/python3.12/site-packages/airflow/example_dags/example_bash_operator.py
[2025-12-27T14:30:13.143+0000] {logging_mixin.py:188} INFO - [2025-12-27T14:30:13.142+0000] {dag.py:3096} INFO - Sync 1 DAGs
[2025-12-27T14:30:13.239+0000] {logging_mixin.py:188} INFO - [2025-12-27T14:30:13.239+0000] {dag.py:3954} INFO - Setting next_dagrun for example_bash_operator to 2025-12-26 00:00:00+00:00, run_after=2025-12-27 00:00:00+00:00
[2025-12-27T14:30:13.305+0000] {processor.py:183} INFO - Processing /home/airflow/.local/lib/python3.12/site-packages/airflow/example_dags/example_bash_operator.py took 0.411 seconds
[2025-12-27T14:30:43.664+0000] {processor.py:161} INFO - Started process (PID=1487) to work on /home/airflow/.local/lib/python3.12/site-packages/airflow/example_dags/example_bash_operator.py
[2025-12-27T14:30:43.667+0000] {processor.py:830} INFO - Processing file /home/airflow/.local/lib/python3.12/site-packages/airflow/example_dags/example_bash_operator.py for tasks to queue
[2025-12-27T14:30:43.671+0000] {logging_mixin.py:188} INFO - [2025-12-27T14:30:43.670+0000] {dagbag.py:540} INFO - Filling up the DagBag from /home/airflow/.local/lib/python3.12/site-packages/airflow/example_dags/example_bash_operator.py
[2025-12-27T14:30:43.716+0000] {processor.py:840} INFO - DAG(s) 'example_bash_operator' retrieved from /home/airflow/.local/lib/python3.12/site-packages/airflow/example_dags/example_bash_operator.py
[2025-12-27T14:30:43.801+0000] {logging_mixin.py:188} INFO - [2025-12-27T14:30:43.801+0000] {dag.py:3096} INFO - Sync 1 DAGs
[2025-12-27T14:30:43.874+0000] {logging_mixin.py:188} INFO - [2025-12-27T14:30:43.873+0000] {dag.py:3954} INFO - Setting next_dagrun for example_bash_operator to 2025-12-26 00:00:00+00:00, run_after=2025-12-27 00:00:00+00:00
[2025-12-27T14:30:43.942+0000] {processor.py:183} INFO - Processing /home/airflow/.local/lib/python3.12/site-packages/airflow/example_dags/example_bash_operator.py took 0.303 seconds
[2025-12-27T14:31:14.255+0000] {processor.py:161} INFO - Started process (PID=1545) to work on /home/airflow/.local/lib/python3.12/site-packages/airflow/example_dags/example_bash_operator.py
[2025-12-27T14:31:14.259+0000] {processor.py:830} INFO - Processing file /home/airflow/.local/lib/python3.12/site-packages/airflow/example_dags/example_bash_operator.py for tasks to queue
[2025-12-27T14:31:14.262+0000] {logging_mixin.py:188} INFO - [2025-12-27T14:31:14.261+0000] {dagbag.py:540} INFO - Filling up the DagBag from /home/airflow/.local/lib/python3.12/site-packages/airflow/example_dags/example_bash_operator.py
[2025-12-27T14:31:14.295+0000] {processor.py:840} INFO - DAG(s) 'example_bash_operator' retrieved from /home/airflow/.local/lib/python3.12/site-packages/airflow/example_dags/example_bash_operator.py
[2025-12-27T14:31:14.417+0000] {logging_mixin.py:188} INFO - [2025-12-27T14:31:14.415+0000] {dag.py:3096} INFO - Sync 1 DAGs
[2025-12-27T14:31:14.518+0000] {logging_mixin.py:188} INFO - [2025-12-27T14:31:14.518+0000] {dag.py:3954} INFO - Setting next_dagrun for example_bash_operator to 2025-12-26 00:00:00+00:00, run_after=2025-12-27 00:00:00+00:00
[2025-12-27T14:31:14.634+0000] {processor.py:183} INFO - Processing /home/airflow/.local/lib/python3.12/site-packages/airflow/example_dags/example_bash_operator.py took 0.413 seconds
[2025-12-27T14:31:45.057+0000] {processor.py:161} INFO - Started process (PID=1603) to work on /home/airflow/.local/lib/python3.12/site-packages/airflow/example_dags/example_bash_operator.py
[2025-12-27T14:31:45.060+0000] {processor.py:830} INFO - Processing file /home/airflow/.local/lib/python3.12/site-packages/airflow/example_dags/example_bash_operator.py for tasks to queue
[2025-12-27T14:31:45.064+0000] {logging_mixin.py:188} INFO - [2025-12-27T14:31:45.063+0000] {dagbag.py:540} INFO - Filling up the DagBag from /home/airflow/.local/lib/python3.12/site-packages/airflow/example_dags/example_bash_operator.py
[2025-12-27T14:31:45.103+0000] {processor.py:840} INFO - DAG(s) 'example_bash_operator' retrieved from /home/airflow/.local/lib/python3.12/site-packages/airflow/example_dags/example_bash_operator.py
[2025-12-27T14:31:45.202+0000] {logging_mixin.py:188} INFO - [2025-12-27T14:31:45.202+0000] {dag.py:3096} INFO - Sync 1 DAGs
[2025-12-27T14:31:45.259+0000] {logging_mixin.py:188} INFO - [2025-12-27T14:31:45.259+0000] {dag.py:3954} INFO - Setting next_dagrun for example_bash_operator to 2025-12-26 00:00:00+00:00, run_after=2025-12-27 00:00:00+00:00
[2025-12-27T14:31:45.314+0000] {processor.py:183} INFO - Processing /home/airflow/.local/lib/python3.12/site-packages/airflow/example_dags/example_bash_operator.py took 0.277 seconds
[2025-12-27T14:32:15.630+0000] {processor.py:161} INFO - Started process (PID=1661) to work on /home/airflow/.local/lib/python3.12/site-packages/airflow/example_dags/example_bash_operator.py
[2025-12-27T14:32:15.633+0000] {processor.py:830} INFO - Processing file /home/airflow/.local/lib/python3.12/site-packages/airflow/example_dags/example_bash_operator.py for tasks to queue
[2025-12-27T14:32:15.636+0000] {logging_mixin.py:188} INFO - [2025-12-27T14:32:15.635+0000] {dagbag.py:540} INFO - Filling up the DagBag from /home/airflow/.local/lib/python3.12/site-packages/airflow/example_dags/example_bash_operator.py
[2025-12-27T14:32:15.674+0000] {processor.py:840} INFO - DAG(s) 'example_bash_operator' retrieved from /home/airflow/.local/lib/python3.12/site-packages/airflow/example_dags/example_bash_operator.py
[2025-12-27T14:32:15.768+0000] {logging_mixin.py:188} INFO - [2025-12-27T14:32:15.768+0000] {dag.py:3096} INFO - Sync 1 DAGs
[2025-12-27T14:32:15.834+0000] {logging_mixin.py:188} INFO - [2025-12-27T14:32:15.834+0000] {dag.py:3954} INFO - Setting next_dagrun for example_bash_operator to 2025-12-26 00:00:00+00:00, run_after=2025-12-27 00:00:00+00:00
[2025-12-27T14:32:15.881+0000] {processor.py:183} INFO - Processing /home/airflow/.local/lib/python3.12/site-packages/airflow/example_dags/example_bash_operator.py took 0.269 seconds
[2025-12-27T14:32:46.323+0000] {processor.py:161} INFO - Started process (PID=1717) to work on /home/airflow/.local/lib/python3.12/site-packages/airflow/example_dags/example_bash_operator.py
[2025-12-27T14:32:46.327+0000] {processor.py:830} INFO - Processing file /home/airflow/.local/lib/python3.12/site-packages/airflow/example_dags/example_bash_operator.py for tasks to queue
[2025-12-27T14:32:46.331+0000] {logging_mixin.py:188} INFO - [2025-12-27T14:32:46.330+0000] {dagbag.py:540} INFO - Filling up the DagBag from /home/airflow/.local/lib/python3.12/site-packages/airflow/example_dags/example_bash_operator.py
[2025-12-27T14:32:46.388+0000] {processor.py:840} INFO - DAG(s) 'example_bash_operator' retrieved from /home/airflow/.local/lib/python3.12/site-packages/airflow/example_dags/example_bash_operator.py
[2025-12-27T14:32:46.524+0000] {logging_mixin.py:188} INFO - [2025-12-27T14:32:46.524+0000] {dag.py:3096} INFO - Sync 1 DAGs
[2025-12-27T14:32:46.594+0000] {logging_mixin.py:188} INFO - [2025-12-27T14:32:46.593+0000] {dag.py:3954} INFO - Setting next_dagrun for example_bash_operator to 2025-12-26 00:00:00+00:00, run_after=2025-12-27 00:00:00+00:00
[2025-12-27T14:32:46.650+0000] {processor.py:183} INFO - Processing /home/airflow/.local/lib/python3.12/site-packages/airflow/example_dags/example_bash_operator.py took 0.353 seconds
[2025-12-27T14:33:19.161+0000] {processor.py:161} INFO - Started process (PID=1777) to work on /home/airflow/.local/lib/python3.12/site-packages/airflow/example_dags/example_bash_operator.py
[2025-12-27T14:33:19.165+0000] {processor.py:830} INFO - Processing file /home/airflow/.local/lib/python3.12/site-packages/airflow/example_dags/example_bash_operator.py for tasks to queue
[2025-12-27T14:33:19.171+0000] {logging_mixin.py:188} INFO - [2025-12-27T14:33:19.170+0000] {dagbag.py:540} INFO - Filling up the DagBag from /home/airflow/.local/lib/python3.12/site-packages/airflow/example_dags/example_bash_operator.py
[2025-12-27T14:33:19.242+0000] {processor.py:840} INFO - DAG(s) 'example_bash_operator' retrieved from /home/airflow/.local/lib/python3.12/site-packages/airflow/example_dags/example_bash_operator.py
[2025-12-27T14:33:19.446+0000] {logging_mixin.py:188} INFO - [2025-12-27T14:33:19.444+0000] {dag.py:3096} INFO - Sync 1 DAGs
[2025-12-27T14:33:19.568+0000] {logging_mixin.py:188} INFO - [2025-12-27T14:33:19.567+0000] {dag.py:3954} INFO - Setting next_dagrun for example_bash_operator to 2025-12-26 00:00:00+00:00, run_after=2025-12-27 00:00:00+00:00
[2025-12-27T14:33:19.680+0000] {processor.py:183} INFO - Processing /home/airflow/.local/lib/python3.12/site-packages/airflow/example_dags/example_bash_operator.py took 0.561 seconds
[2025-12-27T14:33:50.034+0000] {processor.py:161} INFO - Started process (PID=1835) to work on /home/airflow/.local/lib/python3.12/site-packages/airflow/example_dags/example_bash_operator.py
[2025-12-27T14:33:50.037+0000] {processor.py:830} INFO - Processing file /home/airflow/.local/lib/python3.12/site-packages/airflow/example_dags/example_bash_operator.py for tasks to queue
[2025-12-27T14:33:50.039+0000] {logging_mixin.py:188} INFO - [2025-12-27T14:33:50.038+0000] {dagbag.py:540} INFO - Filling up the DagBag from /home/airflow/.local/lib/python3.12/site-packages/airflow/example_dags/example_bash_operator.py
[2025-12-27T14:33:50.071+0000] {processor.py:840} INFO - DAG(s) 'example_bash_operator' retrieved from /home/airflow/.local/lib/python3.12/site-packages/airflow/example_dags/example_bash_operator.py
[2025-12-27T14:33:50.146+0000] {logging_mixin.py:188} INFO - [2025-12-27T14:33:50.145+0000] {dag.py:3096} INFO - Sync 1 DAGs
[2025-12-27T14:33:50.206+0000] {logging_mixin.py:188} INFO - [2025-12-27T14:33:50.206+0000] {dag.py:3954} INFO - Setting next_dagrun for example_bash_operator to 2025-12-26 00:00:00+00:00, run_after=2025-12-27 00:00:00+00:00
[2025-12-27T14:33:50.257+0000] {processor.py:183} INFO - Processing /home/airflow/.local/lib/python3.12/site-packages/airflow/example_dags/example_bash_operator.py took 0.240 seconds
[2025-12-27T14:34:21.246+0000] {processor.py:161} INFO - Started process (PID=1899) to work on /home/airflow/.local/lib/python3.12/site-packages/airflow/example_dags/example_bash_operator.py
[2025-12-27T14:34:21.254+0000] {processor.py:830} INFO - Processing file /home/airflow/.local/lib/python3.12/site-packages/airflow/example_dags/example_bash_operator.py for tasks to queue
[2025-12-27T14:34:21.257+0000] {logging_mixin.py:188} INFO - [2025-12-27T14:34:21.256+0000] {dagbag.py:540} INFO - Filling up the DagBag from /home/airflow/.local/lib/python3.12/site-packages/airflow/example_dags/example_bash_operator.py
[2025-12-27T14:34:21.305+0000] {processor.py:840} INFO - DAG(s) 'example_bash_operator' retrieved from /home/airflow/.local/lib/python3.12/site-packages/airflow/example_dags/example_bash_operator.py
[2025-12-27T14:34:21.418+0000] {logging_mixin.py:188} INFO - [2025-12-27T14:34:21.417+0000] {dag.py:3096} INFO - Sync 1 DAGs
[2025-12-27T14:34:21.532+0000] {logging_mixin.py:188} INFO - [2025-12-27T14:34:21.531+0000] {dag.py:3954} INFO - Setting next_dagrun for example_bash_operator to 2025-12-26 00:00:00+00:00, run_after=2025-12-27 00:00:00+00:00
[2025-12-27T14:34:21.590+0000] {processor.py:183} INFO - Processing /home/airflow/.local/lib/python3.12/site-packages/airflow/example_dags/example_bash_operator.py took 0.387 seconds
[2025-12-27T14:34:52.269+0000] {processor.py:161} INFO - Started process (PID=1958) to work on /home/airflow/.local/lib/python3.12/site-packages/airflow/example_dags/example_bash_operator.py
[2025-12-27T14:34:52.272+0000] {processor.py:830} INFO - Processing file /home/airflow/.local/lib/python3.12/site-packages/airflow/example_dags/example_bash_operator.py for tasks to queue
[2025-12-27T14:34:52.275+0000] {logging_mixin.py:188} INFO - [2025-12-27T14:34:52.274+0000] {dagbag.py:540} INFO - Filling up the DagBag from /home/airflow/.local/lib/python3.12/site-packages/airflow/example_dags/example_bash_operator.py
[2025-12-27T14:34:52.310+0000] {processor.py:840} INFO - DAG(s) 'example_bash_operator' retrieved from /home/airflow/.local/lib/python3.12/site-packages/airflow/example_dags/example_bash_operator.py
[2025-12-27T14:34:52.396+0000] {logging_mixin.py:188} INFO - [2025-12-27T14:34:52.396+0000] {dag.py:3096} INFO - Sync 1 DAGs
[2025-12-27T14:34:52.461+0000] {logging_mixin.py:188} INFO - [2025-12-27T14:34:52.461+0000] {dag.py:3954} INFO - Setting next_dagrun for example_bash_operator to 2025-12-26 00:00:00+00:00, run_after=2025-12-27 00:00:00+00:00
[2025-12-27T14:34:52.520+0000] {processor.py:183} INFO - Processing /home/airflow/.local/lib/python3.12/site-packages/airflow/example_dags/example_bash_operator.py took 0.270 seconds
[2025-12-27T14:35:23.642+0000] {processor.py:161} INFO - Started process (PID=2016) to work on /home/airflow/.local/lib/python3.12/site-packages/airflow/example_dags/example_bash_operator.py
[2025-12-27T14:35:23.646+0000] {processor.py:830} INFO - Processing file /home/airflow/.local/lib/python3.12/site-packages/airflow/example_dags/example_bash_operator.py for tasks to queue
[2025-12-27T14:35:23.650+0000] {logging_mixin.py:188} INFO - [2025-12-27T14:35:23.649+0000] {dagbag.py:540} INFO - Filling up the DagBag from /home/airflow/.local/lib/python3.12/site-packages/airflow/example_dags/example_bash_operator.py
[2025-12-27T14:35:23.730+0000] {processor.py:840} INFO - DAG(s) 'example_bash_operator' retrieved from /home/airflow/.local/lib/python3.12/site-packages/airflow/example_dags/example_bash_operator.py
[2025-12-27T14:35:23.913+0000] {logging_mixin.py:188} INFO - [2025-12-27T14:35:23.912+0000] {dag.py:3096} INFO - Sync 1 DAGs
[2025-12-27T14:35:24.013+0000] {logging_mixin.py:188} INFO - [2025-12-27T14:35:24.013+0000] {dag.py:3954} INFO - Setting next_dagrun for example_bash_operator to 2025-12-26 00:00:00+00:00, run_after=2025-12-27 00:00:00+00:00
[2025-12-27T14:35:24.078+0000] {processor.py:183} INFO - Processing /home/airflow/.local/lib/python3.12/site-packages/airflow/example_dags/example_bash_operator.py took 0.465 seconds
[2025-12-27T14:35:57.646+0000] {processor.py:161} INFO - Started process (PID=2076) to work on /home/airflow/.local/lib/python3.12/site-packages/airflow/example_dags/example_bash_operator.py
[2025-12-27T14:35:57.662+0000] {processor.py:830} INFO - Processing file /home/airflow/.local/lib/python3.12/site-packages/airflow/example_dags/example_bash_operator.py for tasks to queue
[2025-12-27T14:35:57.670+0000] {logging_mixin.py:188} INFO - [2025-12-27T14:35:57.669+0000] {dagbag.py:540} INFO - Filling up the DagBag from /home/airflow/.local/lib/python3.12/site-packages/airflow/example_dags/example_bash_operator.py
[2025-12-27T14:35:57.763+0000] {processor.py:840} INFO - DAG(s) 'example_bash_operator' retrieved from /home/airflow/.local/lib/python3.12/site-packages/airflow/example_dags/example_bash_operator.py
[2025-12-27T14:35:58.097+0000] {logging_mixin.py:188} INFO - [2025-12-27T14:35:58.096+0000] {dag.py:3096} INFO - Sync 1 DAGs
[2025-12-27T14:35:58.253+0000] {logging_mixin.py:188} INFO - [2025-12-27T14:35:58.252+0000] {dag.py:3954} INFO - Setting next_dagrun for example_bash_operator to 2025-12-26 00:00:00+00:00, run_after=2025-12-27 00:00:00+00:00
[2025-12-27T14:35:58.350+0000] {processor.py:183} INFO - Processing /home/airflow/.local/lib/python3.12/site-packages/airflow/example_dags/example_bash_operator.py took 0.759 seconds
[2025-12-27T14:36:38.478+0000] {processor.py:161} INFO - Started process (PID=2140) to work on /home/airflow/.local/lib/python3.12/site-packages/airflow/example_dags/example_bash_operator.py
[2025-12-27T14:36:38.483+0000] {processor.py:830} INFO - Processing file /home/airflow/.local/lib/python3.12/site-packages/airflow/example_dags/example_bash_operator.py for tasks to queue
[2025-12-27T14:36:38.487+0000] {logging_mixin.py:188} INFO - [2025-12-27T14:36:38.486+0000] {dagbag.py:540} INFO - Filling up the DagBag from /home/airflow/.local/lib/python3.12/site-packages/airflow/example_dags/example_bash_operator.py
[2025-12-27T14:36:38.531+0000] {processor.py:840} INFO - DAG(s) 'example_bash_operator' retrieved from /home/airflow/.local/lib/python3.12/site-packages/airflow/example_dags/example_bash_operator.py
[2025-12-27T14:36:38.666+0000] {logging_mixin.py:188} INFO - [2025-12-27T14:36:38.665+0000] {dag.py:3096} INFO - Sync 1 DAGs
[2025-12-27T14:36:38.743+0000] {logging_mixin.py:188} INFO - [2025-12-27T14:36:38.742+0000] {dag.py:3954} INFO - Setting next_dagrun for example_bash_operator to 2025-12-26 00:00:00+00:00, run_after=2025-12-27 00:00:00+00:00
[2025-12-27T14:36:38.808+0000] {processor.py:183} INFO - Processing /home/airflow/.local/lib/python3.12/site-packages/airflow/example_dags/example_bash_operator.py took 0.357 seconds
[2025-12-27T14:37:09.054+0000] {processor.py:161} INFO - Started process (PID=2199) to work on /home/airflow/.local/lib/python3.12/site-packages/airflow/example_dags/example_bash_operator.py
[2025-12-27T14:37:09.057+0000] {processor.py:830} INFO - Processing file /home/airflow/.local/lib/python3.12/site-packages/airflow/example_dags/example_bash_operator.py for tasks to queue
[2025-12-27T14:37:09.060+0000] {logging_mixin.py:188} INFO - [2025-12-27T14:37:09.059+0000] {dagbag.py:540} INFO - Filling up the DagBag from /home/airflow/.local/lib/python3.12/site-packages/airflow/example_dags/example_bash_operator.py
[2025-12-27T14:37:09.093+0000] {processor.py:840} INFO - DAG(s) 'example_bash_operator' retrieved from /home/airflow/.local/lib/python3.12/site-packages/airflow/example_dags/example_bash_operator.py
[2025-12-27T14:37:09.177+0000] {logging_mixin.py:188} INFO - [2025-12-27T14:37:09.176+0000] {dag.py:3096} INFO - Sync 1 DAGs
[2025-12-27T14:37:09.239+0000] {logging_mixin.py:188} INFO - [2025-12-27T14:37:09.238+0000] {dag.py:3954} INFO - Setting next_dagrun for example_bash_operator to 2025-12-26 00:00:00+00:00, run_after=2025-12-27 00:00:00+00:00
[2025-12-27T14:37:09.300+0000] {processor.py:183} INFO - Processing /home/airflow/.local/lib/python3.12/site-packages/airflow/example_dags/example_bash_operator.py took 0.262 seconds
[2025-12-27T14:37:41.516+0000] {processor.py:161} INFO - Started process (PID=2258) to work on /home/airflow/.local/lib/python3.12/site-packages/airflow/example_dags/example_bash_operator.py
[2025-12-27T14:37:41.520+0000] {processor.py:830} INFO - Processing file /home/airflow/.local/lib/python3.12/site-packages/airflow/example_dags/example_bash_operator.py for tasks to queue
[2025-12-27T14:37:41.522+0000] {logging_mixin.py:188} INFO - [2025-12-27T14:37:41.521+0000] {dagbag.py:540} INFO - Filling up the DagBag from /home/airflow/.local/lib/python3.12/site-packages/airflow/example_dags/example_bash_operator.py
[2025-12-27T14:37:41.560+0000] {processor.py:840} INFO - DAG(s) 'example_bash_operator' retrieved from /home/airflow/.local/lib/python3.12/site-packages/airflow/example_dags/example_bash_operator.py
[2025-12-27T14:37:41.668+0000] {logging_mixin.py:188} INFO - [2025-12-27T14:37:41.667+0000] {dag.py:3096} INFO - Sync 1 DAGs
[2025-12-27T14:37:41.753+0000] {logging_mixin.py:188} INFO - [2025-12-27T14:37:41.752+0000] {dag.py:3954} INFO - Setting next_dagrun for example_bash_operator to 2025-12-26 00:00:00+00:00, run_after=2025-12-27 00:00:00+00:00
[2025-12-27T14:37:41.819+0000] {processor.py:183} INFO - Processing /home/airflow/.local/lib/python3.12/site-packages/airflow/example_dags/example_bash_operator.py took 0.326 seconds
[2025-12-27T14:38:13.237+0000] {processor.py:161} INFO - Started process (PID=2316) to work on /home/airflow/.local/lib/python3.12/site-packages/airflow/example_dags/example_bash_operator.py
[2025-12-27T14:38:13.240+0000] {processor.py:830} INFO - Processing file /home/airflow/.local/lib/python3.12/site-packages/airflow/example_dags/example_bash_operator.py for tasks to queue
[2025-12-27T14:38:13.243+0000] {logging_mixin.py:188} INFO - [2025-12-27T14:38:13.242+0000] {dagbag.py:540} INFO - Filling up the DagBag from /home/airflow/.local/lib/python3.12/site-packages/airflow/example_dags/example_bash_operator.py
[2025-12-27T14:38:13.282+0000] {processor.py:840} INFO - DAG(s) 'example_bash_operator' retrieved from /home/airflow/.local/lib/python3.12/site-packages/airflow/example_dags/example_bash_operator.py
[2025-12-27T14:38:13.363+0000] {logging_mixin.py:188} INFO - [2025-12-27T14:38:13.363+0000] {dag.py:3096} INFO - Sync 1 DAGs
[2025-12-27T14:38:13.473+0000] {logging_mixin.py:188} INFO - [2025-12-27T14:38:13.472+0000] {dag.py:3954} INFO - Setting next_dagrun for example_bash_operator to 2025-12-26 00:00:00+00:00, run_after=2025-12-27 00:00:00+00:00
[2025-12-27T14:38:13.541+0000] {processor.py:183} INFO - Processing /home/airflow/.local/lib/python3.12/site-packages/airflow/example_dags/example_bash_operator.py took 0.325 seconds
[2025-12-27T14:38:45.864+0000] {processor.py:161} INFO - Started process (PID=2375) to work on /home/airflow/.local/lib/python3.12/site-packages/airflow/example_dags/example_bash_operator.py
[2025-12-27T14:38:45.870+0000] {processor.py:830} INFO - Processing file /home/airflow/.local/lib/python3.12/site-packages/airflow/example_dags/example_bash_operator.py for tasks to queue
[2025-12-27T14:38:45.874+0000] {logging_mixin.py:188} INFO - [2025-12-27T14:38:45.873+0000] {dagbag.py:540} INFO - Filling up the DagBag from /home/airflow/.local/lib/python3.12/site-packages/airflow/example_dags/example_bash_operator.py
[2025-12-27T14:38:45.933+0000] {processor.py:840} INFO - DAG(s) 'example_bash_operator' retrieved from /home/airflow/.local/lib/python3.12/site-packages/airflow/example_dags/example_bash_operator.py
[2025-12-27T14:38:46.056+0000] {logging_mixin.py:188} INFO - [2025-12-27T14:38:46.056+0000] {dag.py:3096} INFO - Sync 1 DAGs
[2025-12-27T14:38:46.140+0000] {logging_mixin.py:188} INFO - [2025-12-27T14:38:46.140+0000] {dag.py:3954} INFO - Setting next_dagrun for example_bash_operator to 2025-12-26 00:00:00+00:00, run_after=2025-12-27 00:00:00+00:00
[2025-12-27T14:38:46.202+0000] {processor.py:183} INFO - Processing /home/airflow/.local/lib/python3.12/site-packages/airflow/example_dags/example_bash_operator.py took 0.362 seconds
[2025-12-27T14:39:17.994+0000] {processor.py:161} INFO - Started process (PID=2433) to work on /home/airflow/.local/lib/python3.12/site-packages/airflow/example_dags/example_bash_operator.py
[2025-12-27T14:39:18.000+0000] {processor.py:830} INFO - Processing file /home/airflow/.local/lib/python3.12/site-packages/airflow/example_dags/example_bash_operator.py for tasks to queue
[2025-12-27T14:39:18.004+0000] {logging_mixin.py:188} INFO - [2025-12-27T14:39:18.003+0000] {dagbag.py:540} INFO - Filling up the DagBag from /home/airflow/.local/lib/python3.12/site-packages/airflow/example_dags/example_bash_operator.py
[2025-12-27T14:39:18.096+0000] {processor.py:840} INFO - DAG(s) 'example_bash_operator' retrieved from /home/airflow/.local/lib/python3.12/site-packages/airflow/example_dags/example_bash_operator.py
[2025-12-27T14:39:18.255+0000] {logging_mixin.py:188} INFO - [2025-12-27T14:39:18.254+0000] {dag.py:3096} INFO - Sync 1 DAGs
[2025-12-27T14:39:18.452+0000] {logging_mixin.py:188} INFO - [2025-12-27T14:39:18.451+0000] {dag.py:3954} INFO - Setting next_dagrun for example_bash_operator to 2025-12-26 00:00:00+00:00, run_after=2025-12-27 00:00:00+00:00
[2025-12-27T14:39:18.596+0000] {processor.py:183} INFO - Processing /home/airflow/.local/lib/python3.12/site-packages/airflow/example_dags/example_bash_operator.py took 0.652 seconds
[2025-12-27T14:39:48.930+0000] {processor.py:161} INFO - Started process (PID=2491) to work on /home/airflow/.local/lib/python3.12/site-packages/airflow/example_dags/example_bash_operator.py
[2025-12-27T14:39:48.933+0000] {processor.py:830} INFO - Processing file /home/airflow/.local/lib/python3.12/site-packages/airflow/example_dags/example_bash_operator.py for tasks to queue
[2025-12-27T14:39:48.936+0000] {logging_mixin.py:188} INFO - [2025-12-27T14:39:48.935+0000] {dagbag.py:540} INFO - Filling up the DagBag from /home/airflow/.local/lib/python3.12/site-packages/airflow/example_dags/example_bash_operator.py
[2025-12-27T14:39:48.968+0000] {processor.py:840} INFO - DAG(s) 'example_bash_operator' retrieved from /home/airflow/.local/lib/python3.12/site-packages/airflow/example_dags/example_bash_operator.py
[2025-12-27T14:39:49.064+0000] {logging_mixin.py:188} INFO - [2025-12-27T14:39:49.063+0000] {dag.py:3096} INFO - Sync 1 DAGs
[2025-12-27T14:39:49.134+0000] {logging_mixin.py:188} INFO - [2025-12-27T14:39:49.134+0000] {dag.py:3954} INFO - Setting next_dagrun for example_bash_operator to 2025-12-26 00:00:00+00:00, run_after=2025-12-27 00:00:00+00:00
[2025-12-27T14:39:49.196+0000] {processor.py:183} INFO - Processing /home/airflow/.local/lib/python3.12/site-packages/airflow/example_dags/example_bash_operator.py took 0.283 seconds
[2025-12-27T14:40:19.967+0000] {processor.py:161} INFO - Started process (PID=2549) to work on /home/airflow/.local/lib/python3.12/site-packages/airflow/example_dags/example_bash_operator.py
[2025-12-27T14:40:19.970+0000] {processor.py:830} INFO - Processing file /home/airflow/.local/lib/python3.12/site-packages/airflow/example_dags/example_bash_operator.py for tasks to queue
[2025-12-27T14:40:19.973+0000] {logging_mixin.py:188} INFO - [2025-12-27T14:40:19.972+0000] {dagbag.py:540} INFO - Filling up the DagBag from /home/airflow/.local/lib/python3.12/site-packages/airflow/example_dags/example_bash_operator.py
[2025-12-27T14:40:20.007+0000] {processor.py:840} INFO - DAG(s) 'example_bash_operator' retrieved from /home/airflow/.local/lib/python3.12/site-packages/airflow/example_dags/example_bash_operator.py
[2025-12-27T14:40:20.098+0000] {logging_mixin.py:188} INFO - [2025-12-27T14:40:20.097+0000] {dag.py:3096} INFO - Sync 1 DAGs
[2025-12-27T14:40:20.163+0000] {logging_mixin.py:188} INFO - [2025-12-27T14:40:20.163+0000] {dag.py:3954} INFO - Setting next_dagrun for example_bash_operator to 2025-12-26 00:00:00+00:00, run_after=2025-12-27 00:00:00+00:00
[2025-12-27T14:40:20.213+0000] {processor.py:183} INFO - Processing /home/airflow/.local/lib/python3.12/site-packages/airflow/example_dags/example_bash_operator.py took 0.264 seconds
[2025-12-27T14:40:50.438+0000] {processor.py:161} INFO - Started process (PID=2605) to work on /home/airflow/.local/lib/python3.12/site-packages/airflow/example_dags/example_bash_operator.py
[2025-12-27T14:40:50.441+0000] {processor.py:830} INFO - Processing file /home/airflow/.local/lib/python3.12/site-packages/airflow/example_dags/example_bash_operator.py for tasks to queue
[2025-12-27T14:40:50.444+0000] {logging_mixin.py:188} INFO - [2025-12-27T14:40:50.443+0000] {dagbag.py:540} INFO - Filling up the DagBag from /home/airflow/.local/lib/python3.12/site-packages/airflow/example_dags/example_bash_operator.py
[2025-12-27T14:40:50.477+0000] {processor.py:840} INFO - DAG(s) 'example_bash_operator' retrieved from /home/airflow/.local/lib/python3.12/site-packages/airflow/example_dags/example_bash_operator.py
[2025-12-27T14:40:50.554+0000] {logging_mixin.py:188} INFO - [2025-12-27T14:40:50.554+0000] {dag.py:3096} INFO - Sync 1 DAGs
[2025-12-27T14:40:50.652+0000] {logging_mixin.py:188} INFO - [2025-12-27T14:40:50.649+0000] {dag.py:3954} INFO - Setting next_dagrun for example_bash_operator to 2025-12-26 00:00:00+00:00, run_after=2025-12-27 00:00:00+00:00
[2025-12-27T14:40:50.738+0000] {processor.py:183} INFO - Processing /home/airflow/.local/lib/python3.12/site-packages/airflow/example_dags/example_bash_operator.py took 0.317 seconds
[2025-12-27T14:41:21.019+0000] {processor.py:161} INFO - Started process (PID=2663) to work on /home/airflow/.local/lib/python3.12/site-packages/airflow/example_dags/example_bash_operator.py
[2025-12-27T14:41:21.021+0000] {processor.py:830} INFO - Processing file /home/airflow/.local/lib/python3.12/site-packages/airflow/example_dags/example_bash_operator.py for tasks to queue
[2025-12-27T14:41:21.024+0000] {logging_mixin.py:188} INFO - [2025-12-27T14:41:21.023+0000] {dagbag.py:540} INFO - Filling up the DagBag from /home/airflow/.local/lib/python3.12/site-packages/airflow/example_dags/example_bash_operator.py
[2025-12-27T14:41:21.060+0000] {processor.py:840} INFO - DAG(s) 'example_bash_operator' retrieved from /home/airflow/.local/lib/python3.12/site-packages/airflow/example_dags/example_bash_operator.py
[2025-12-27T14:41:21.131+0000] {logging_mixin.py:188} INFO - [2025-12-27T14:41:21.131+0000] {dag.py:3096} INFO - Sync 1 DAGs
[2025-12-27T14:41:21.197+0000] {logging_mixin.py:188} INFO - [2025-12-27T14:41:21.196+0000] {dag.py:3954} INFO - Setting next_dagrun for example_bash_operator to 2025-12-26 00:00:00+00:00, run_after=2025-12-27 00:00:00+00:00
[2025-12-27T14:41:21.249+0000] {processor.py:183} INFO - Processing /home/airflow/.local/lib/python3.12/site-packages/airflow/example_dags/example_bash_operator.py took 0.250 seconds
[2025-12-27T14:41:51.501+0000] {processor.py:161} INFO - Started process (PID=2721) to work on /home/airflow/.local/lib/python3.12/site-packages/airflow/example_dags/example_bash_operator.py
[2025-12-27T14:41:51.504+0000] {processor.py:830} INFO - Processing file /home/airflow/.local/lib/python3.12/site-packages/airflow/example_dags/example_bash_operator.py for tasks to queue
[2025-12-27T14:41:51.507+0000] {logging_mixin.py:188} INFO - [2025-12-27T14:41:51.506+0000] {dagbag.py:540} INFO - Filling up the DagBag from /home/airflow/.local/lib/python3.12/site-packages/airflow/example_dags/example_bash_operator.py
[2025-12-27T14:41:51.546+0000] {processor.py:840} INFO - DAG(s) 'example_bash_operator' retrieved from /home/airflow/.local/lib/python3.12/site-packages/airflow/example_dags/example_bash_operator.py
[2025-12-27T14:41:51.622+0000] {logging_mixin.py:188} INFO - [2025-12-27T14:41:51.621+0000] {dag.py:3096} INFO - Sync 1 DAGs
[2025-12-27T14:41:51.701+0000] {logging_mixin.py:188} INFO - [2025-12-27T14:41:51.699+0000] {dag.py:3954} INFO - Setting next_dagrun for example_bash_operator to 2025-12-26 00:00:00+00:00, run_after=2025-12-27 00:00:00+00:00
[2025-12-27T14:41:51.769+0000] {processor.py:183} INFO - Processing /home/airflow/.local/lib/python3.12/site-packages/airflow/example_dags/example_bash_operator.py took 0.283 seconds
[2025-12-27T14:42:22.345+0000] {processor.py:161} INFO - Started process (PID=2779) to work on /home/airflow/.local/lib/python3.12/site-packages/airflow/example_dags/example_bash_operator.py
[2025-12-27T14:42:22.347+0000] {processor.py:830} INFO - Processing file /home/airflow/.local/lib/python3.12/site-packages/airflow/example_dags/example_bash_operator.py for tasks to queue
[2025-12-27T14:42:22.350+0000] {logging_mixin.py:188} INFO - [2025-12-27T14:42:22.349+0000] {dagbag.py:540} INFO - Filling up the DagBag from /home/airflow/.local/lib/python3.12/site-packages/airflow/example_dags/example_bash_operator.py
[2025-12-27T14:42:22.381+0000] {processor.py:840} INFO - DAG(s) 'example_bash_operator' retrieved from /home/airflow/.local/lib/python3.12/site-packages/airflow/example_dags/example_bash_operator.py
[2025-12-27T14:42:22.487+0000] {logging_mixin.py:188} INFO - [2025-12-27T14:42:22.486+0000] {dag.py:3096} INFO - Sync 1 DAGs
[2025-12-27T14:42:22.551+0000] {logging_mixin.py:188} INFO - [2025-12-27T14:42:22.550+0000] {dag.py:3954} INFO - Setting next_dagrun for example_bash_operator to 2025-12-26 00:00:00+00:00, run_after=2025-12-27 00:00:00+00:00
[2025-12-27T14:42:22.611+0000] {processor.py:183} INFO - Processing /home/airflow/.local/lib/python3.12/site-packages/airflow/example_dags/example_bash_operator.py took 0.288 seconds
[2025-12-27T14:42:52.997+0000] {processor.py:161} INFO - Started process (PID=2837) to work on /home/airflow/.local/lib/python3.12/site-packages/airflow/example_dags/example_bash_operator.py
[2025-12-27T14:42:53.000+0000] {processor.py:830} INFO - Processing file /home/airflow/.local/lib/python3.12/site-packages/airflow/example_dags/example_bash_operator.py for tasks to queue
[2025-12-27T14:42:53.003+0000] {logging_mixin.py:188} INFO - [2025-12-27T14:42:53.002+0000] {dagbag.py:540} INFO - Filling up the DagBag from /home/airflow/.local/lib/python3.12/site-packages/airflow/example_dags/example_bash_operator.py
[2025-12-27T14:42:53.034+0000] {processor.py:840} INFO - DAG(s) 'example_bash_operator' retrieved from /home/airflow/.local/lib/python3.12/site-packages/airflow/example_dags/example_bash_operator.py
[2025-12-27T14:42:53.108+0000] {logging_mixin.py:188} INFO - [2025-12-27T14:42:53.107+0000] {dag.py:3096} INFO - Sync 1 DAGs
[2025-12-27T14:42:53.208+0000] {logging_mixin.py:188} INFO - [2025-12-27T14:42:53.207+0000] {dag.py:3954} INFO - Setting next_dagrun for example_bash_operator to 2025-12-26 00:00:00+00:00, run_after=2025-12-27 00:00:00+00:00
[2025-12-27T14:42:53.260+0000] {processor.py:183} INFO - Processing /home/airflow/.local/lib/python3.12/site-packages/airflow/example_dags/example_bash_operator.py took 0.279 seconds
[2025-12-27T14:43:24.108+0000] {processor.py:161} INFO - Started process (PID=2895) to work on /home/airflow/.local/lib/python3.12/site-packages/airflow/example_dags/example_bash_operator.py
[2025-12-27T14:43:24.114+0000] {processor.py:830} INFO - Processing file /home/airflow/.local/lib/python3.12/site-packages/airflow/example_dags/example_bash_operator.py for tasks to queue
[2025-12-27T14:43:24.122+0000] {logging_mixin.py:188} INFO - [2025-12-27T14:43:24.120+0000] {dagbag.py:540} INFO - Filling up the DagBag from /home/airflow/.local/lib/python3.12/site-packages/airflow/example_dags/example_bash_operator.py
[2025-12-27T14:43:24.194+0000] {processor.py:840} INFO - DAG(s) 'example_bash_operator' retrieved from /home/airflow/.local/lib/python3.12/site-packages/airflow/example_dags/example_bash_operator.py
[2025-12-27T14:43:24.380+0000] {logging_mixin.py:188} INFO - [2025-12-27T14:43:24.380+0000] {dag.py:3096} INFO - Sync 1 DAGs
[2025-12-27T14:43:24.459+0000] {logging_mixin.py:188} INFO - [2025-12-27T14:43:24.458+0000] {dag.py:3954} INFO - Setting next_dagrun for example_bash_operator to 2025-12-26 00:00:00+00:00, run_after=2025-12-27 00:00:00+00:00
[2025-12-27T14:43:24.520+0000] {processor.py:183} INFO - Processing /home/airflow/.local/lib/python3.12/site-packages/airflow/example_dags/example_bash_operator.py took 0.468 seconds
[2025-12-27T14:43:54.866+0000] {processor.py:161} INFO - Started process (PID=2952) to work on /home/airflow/.local/lib/python3.12/site-packages/airflow/example_dags/example_bash_operator.py
[2025-12-27T14:43:54.869+0000] {processor.py:830} INFO - Processing file /home/airflow/.local/lib/python3.12/site-packages/airflow/example_dags/example_bash_operator.py for tasks to queue
[2025-12-27T14:43:54.873+0000] {logging_mixin.py:188} INFO - [2025-12-27T14:43:54.871+0000] {dagbag.py:540} INFO - Filling up the DagBag from /home/airflow/.local/lib/python3.12/site-packages/airflow/example_dags/example_bash_operator.py
[2025-12-27T14:43:54.938+0000] {processor.py:840} INFO - DAG(s) 'example_bash_operator' retrieved from /home/airflow/.local/lib/python3.12/site-packages/airflow/example_dags/example_bash_operator.py
[2025-12-27T14:43:55.019+0000] {logging_mixin.py:188} INFO - [2025-12-27T14:43:55.018+0000] {dag.py:3096} INFO - Sync 1 DAGs
[2025-12-27T14:43:55.086+0000] {logging_mixin.py:188} INFO - [2025-12-27T14:43:55.085+0000] {dag.py:3954} INFO - Setting next_dagrun for example_bash_operator to 2025-12-26 00:00:00+00:00, run_after=2025-12-27 00:00:00+00:00
[2025-12-27T14:43:55.143+0000] {processor.py:183} INFO - Processing /home/airflow/.local/lib/python3.12/site-packages/airflow/example_dags/example_bash_operator.py took 0.301 seconds
[2025-12-27T14:44:25.426+0000] {processor.py:161} INFO - Started process (PID=3011) to work on /home/airflow/.local/lib/python3.12/site-packages/airflow/example_dags/example_bash_operator.py
[2025-12-27T14:44:25.429+0000] {processor.py:830} INFO - Processing file /home/airflow/.local/lib/python3.12/site-packages/airflow/example_dags/example_bash_operator.py for tasks to queue
[2025-12-27T14:44:25.433+0000] {logging_mixin.py:188} INFO - [2025-12-27T14:44:25.431+0000] {dagbag.py:540} INFO - Filling up the DagBag from /home/airflow/.local/lib/python3.12/site-packages/airflow/example_dags/example_bash_operator.py
[2025-12-27T14:44:25.482+0000] {processor.py:840} INFO - DAG(s) 'example_bash_operator' retrieved from /home/airflow/.local/lib/python3.12/site-packages/airflow/example_dags/example_bash_operator.py
[2025-12-27T14:44:25.575+0000] {logging_mixin.py:188} INFO - [2025-12-27T14:44:25.575+0000] {dag.py:3096} INFO - Sync 1 DAGs
[2025-12-27T14:44:25.650+0000] {logging_mixin.py:188} INFO - [2025-12-27T14:44:25.650+0000] {dag.py:3954} INFO - Setting next_dagrun for example_bash_operator to 2025-12-26 00:00:00+00:00, run_after=2025-12-27 00:00:00+00:00
[2025-12-27T14:44:25.710+0000] {processor.py:183} INFO - Processing /home/airflow/.local/lib/python3.12/site-packages/airflow/example_dags/example_bash_operator.py took 0.305 seconds
[2025-12-27T14:44:56.912+0000] {processor.py:161} INFO - Started process (PID=3070) to work on /home/airflow/.local/lib/python3.12/site-packages/airflow/example_dags/example_bash_operator.py
[2025-12-27T14:44:56.918+0000] {processor.py:830} INFO - Processing file /home/airflow/.local/lib/python3.12/site-packages/airflow/example_dags/example_bash_operator.py for tasks to queue
[2025-12-27T14:44:56.927+0000] {logging_mixin.py:188} INFO - [2025-12-27T14:44:56.924+0000] {dagbag.py:540} INFO - Filling up the DagBag from /home/airflow/.local/lib/python3.12/site-packages/airflow/example_dags/example_bash_operator.py
[2025-12-27T14:44:57.019+0000] {processor.py:840} INFO - DAG(s) 'example_bash_operator' retrieved from /home/airflow/.local/lib/python3.12/site-packages/airflow/example_dags/example_bash_operator.py
[2025-12-27T14:44:57.174+0000] {logging_mixin.py:188} INFO - [2025-12-27T14:44:57.173+0000] {dag.py:3096} INFO - Sync 1 DAGs
[2025-12-27T14:44:57.288+0000] {logging_mixin.py:188} INFO - [2025-12-27T14:44:57.287+0000] {dag.py:3954} INFO - Setting next_dagrun for example_bash_operator to 2025-12-26 00:00:00+00:00, run_after=2025-12-27 00:00:00+00:00
[2025-12-27T14:44:57.384+0000] {processor.py:183} INFO - Processing /home/airflow/.local/lib/python3.12/site-packages/airflow/example_dags/example_bash_operator.py took 0.517 seconds
[2025-12-27T14:45:28.472+0000] {processor.py:161} INFO - Started process (PID=3129) to work on /home/airflow/.local/lib/python3.12/site-packages/airflow/example_dags/example_bash_operator.py
[2025-12-27T14:45:28.477+0000] {processor.py:830} INFO - Processing file /home/airflow/.local/lib/python3.12/site-packages/airflow/example_dags/example_bash_operator.py for tasks to queue
[2025-12-27T14:45:28.480+0000] {logging_mixin.py:188} INFO - [2025-12-27T14:45:28.479+0000] {dagbag.py:540} INFO - Filling up the DagBag from /home/airflow/.local/lib/python3.12/site-packages/airflow/example_dags/example_bash_operator.py
[2025-12-27T14:45:28.533+0000] {processor.py:840} INFO - DAG(s) 'example_bash_operator' retrieved from /home/airflow/.local/lib/python3.12/site-packages/airflow/example_dags/example_bash_operator.py
[2025-12-27T14:45:28.633+0000] {logging_mixin.py:188} INFO - [2025-12-27T14:45:28.633+0000] {dag.py:3096} INFO - Sync 1 DAGs
[2025-12-27T14:45:28.723+0000] {logging_mixin.py:188} INFO - [2025-12-27T14:45:28.722+0000] {dag.py:3954} INFO - Setting next_dagrun for example_bash_operator to 2025-12-26 00:00:00+00:00, run_after=2025-12-27 00:00:00+00:00
[2025-12-27T14:45:28.788+0000] {processor.py:183} INFO - Processing /home/airflow/.local/lib/python3.12/site-packages/airflow/example_dags/example_bash_operator.py took 0.343 seconds
[2025-12-27T14:45:58.999+0000] {processor.py:161} INFO - Started process (PID=3187) to work on /home/airflow/.local/lib/python3.12/site-packages/airflow/example_dags/example_bash_operator.py
[2025-12-27T14:45:59.002+0000] {processor.py:830} INFO - Processing file /home/airflow/.local/lib/python3.12/site-packages/airflow/example_dags/example_bash_operator.py for tasks to queue
[2025-12-27T14:45:59.005+0000] {logging_mixin.py:188} INFO - [2025-12-27T14:45:59.004+0000] {dagbag.py:540} INFO - Filling up the DagBag from /home/airflow/.local/lib/python3.12/site-packages/airflow/example_dags/example_bash_operator.py
[2025-12-27T14:45:59.040+0000] {processor.py:840} INFO - DAG(s) 'example_bash_operator' retrieved from /home/airflow/.local/lib/python3.12/site-packages/airflow/example_dags/example_bash_operator.py
[2025-12-27T14:45:59.111+0000] {logging_mixin.py:188} INFO - [2025-12-27T14:45:59.110+0000] {dag.py:3096} INFO - Sync 1 DAGs
[2025-12-27T14:45:59.173+0000] {logging_mixin.py:188} INFO - [2025-12-27T14:45:59.172+0000] {dag.py:3954} INFO - Setting next_dagrun for example_bash_operator to 2025-12-26 00:00:00+00:00, run_after=2025-12-27 00:00:00+00:00
[2025-12-27T14:45:59.229+0000] {processor.py:183} INFO - Processing /home/airflow/.local/lib/python3.12/site-packages/airflow/example_dags/example_bash_operator.py took 0.247 seconds
[2025-12-27T14:46:29.696+0000] {processor.py:161} INFO - Started process (PID=3245) to work on /home/airflow/.local/lib/python3.12/site-packages/airflow/example_dags/example_bash_operator.py
[2025-12-27T14:46:29.700+0000] {processor.py:830} INFO - Processing file /home/airflow/.local/lib/python3.12/site-packages/airflow/example_dags/example_bash_operator.py for tasks to queue
[2025-12-27T14:46:29.704+0000] {logging_mixin.py:188} INFO - [2025-12-27T14:46:29.703+0000] {dagbag.py:540} INFO - Filling up the DagBag from /home/airflow/.local/lib/python3.12/site-packages/airflow/example_dags/example_bash_operator.py
[2025-12-27T14:46:29.756+0000] {processor.py:840} INFO - DAG(s) 'example_bash_operator' retrieved from /home/airflow/.local/lib/python3.12/site-packages/airflow/example_dags/example_bash_operator.py
[2025-12-27T14:46:29.850+0000] {logging_mixin.py:188} INFO - [2025-12-27T14:46:29.849+0000] {dag.py:3096} INFO - Sync 1 DAGs
[2025-12-27T14:46:29.932+0000] {logging_mixin.py:188} INFO - [2025-12-27T14:46:29.932+0000] {dag.py:3954} INFO - Setting next_dagrun for example_bash_operator to 2025-12-26 00:00:00+00:00, run_after=2025-12-27 00:00:00+00:00
[2025-12-27T14:46:29.996+0000] {processor.py:183} INFO - Processing /home/airflow/.local/lib/python3.12/site-packages/airflow/example_dags/example_bash_operator.py took 0.324 seconds
[2025-12-27T14:47:00.555+0000] {processor.py:161} INFO - Started process (PID=3304) to work on /home/airflow/.local/lib/python3.12/site-packages/airflow/example_dags/example_bash_operator.py
[2025-12-27T14:47:00.558+0000] {processor.py:830} INFO - Processing file /home/airflow/.local/lib/python3.12/site-packages/airflow/example_dags/example_bash_operator.py for tasks to queue
[2025-12-27T14:47:00.562+0000] {logging_mixin.py:188} INFO - [2025-12-27T14:47:00.560+0000] {dagbag.py:540} INFO - Filling up the DagBag from /home/airflow/.local/lib/python3.12/site-packages/airflow/example_dags/example_bash_operator.py
[2025-12-27T14:47:00.606+0000] {processor.py:840} INFO - DAG(s) 'example_bash_operator' retrieved from /home/airflow/.local/lib/python3.12/site-packages/airflow/example_dags/example_bash_operator.py
[2025-12-27T14:47:00.715+0000] {logging_mixin.py:188} INFO - [2025-12-27T14:47:00.715+0000] {dag.py:3096} INFO - Sync 1 DAGs
[2025-12-27T14:47:00.779+0000] {logging_mixin.py:188} INFO - [2025-12-27T14:47:00.778+0000] {dag.py:3954} INFO - Setting next_dagrun for example_bash_operator to 2025-12-26 00:00:00+00:00, run_after=2025-12-27 00:00:00+00:00
[2025-12-27T14:47:00.841+0000] {processor.py:183} INFO - Processing /home/airflow/.local/lib/python3.12/site-packages/airflow/example_dags/example_bash_operator.py took 0.307 seconds
[2025-12-27T14:47:31.395+0000] {processor.py:161} INFO - Started process (PID=3362) to work on /home/airflow/.local/lib/python3.12/site-packages/airflow/example_dags/example_bash_operator.py
[2025-12-27T14:47:31.398+0000] {processor.py:830} INFO - Processing file /home/airflow/.local/lib/python3.12/site-packages/airflow/example_dags/example_bash_operator.py for tasks to queue
[2025-12-27T14:47:31.400+0000] {logging_mixin.py:188} INFO - [2025-12-27T14:47:31.399+0000] {dagbag.py:540} INFO - Filling up the DagBag from /home/airflow/.local/lib/python3.12/site-packages/airflow/example_dags/example_bash_operator.py
[2025-12-27T14:47:31.438+0000] {processor.py:840} INFO - DAG(s) 'example_bash_operator' retrieved from /home/airflow/.local/lib/python3.12/site-packages/airflow/example_dags/example_bash_operator.py
[2025-12-27T14:47:31.532+0000] {logging_mixin.py:188} INFO - [2025-12-27T14:47:31.532+0000] {dag.py:3096} INFO - Sync 1 DAGs
[2025-12-27T14:47:31.603+0000] {logging_mixin.py:188} INFO - [2025-12-27T14:47:31.602+0000] {dag.py:3954} INFO - Setting next_dagrun for example_bash_operator to 2025-12-26 00:00:00+00:00, run_after=2025-12-27 00:00:00+00:00
[2025-12-27T14:47:31.663+0000] {processor.py:183} INFO - Processing /home/airflow/.local/lib/python3.12/site-packages/airflow/example_dags/example_bash_operator.py took 0.286 seconds
[2025-12-27T14:48:02.012+0000] {processor.py:161} INFO - Started process (PID=3420) to work on /home/airflow/.local/lib/python3.12/site-packages/airflow/example_dags/example_bash_operator.py
[2025-12-27T14:48:02.016+0000] {processor.py:830} INFO - Processing file /home/airflow/.local/lib/python3.12/site-packages/airflow/example_dags/example_bash_operator.py for tasks to queue
[2025-12-27T14:48:02.019+0000] {logging_mixin.py:188} INFO - [2025-12-27T14:48:02.018+0000] {dagbag.py:540} INFO - Filling up the DagBag from /home/airflow/.local/lib/python3.12/site-packages/airflow/example_dags/example_bash_operator.py
[2025-12-27T14:48:02.050+0000] {processor.py:840} INFO - DAG(s) 'example_bash_operator' retrieved from /home/airflow/.local/lib/python3.12/site-packages/airflow/example_dags/example_bash_operator.py
[2025-12-27T14:48:02.123+0000] {logging_mixin.py:188} INFO - [2025-12-27T14:48:02.122+0000] {dag.py:3096} INFO - Sync 1 DAGs
[2025-12-27T14:48:02.181+0000] {logging_mixin.py:188} INFO - [2025-12-27T14:48:02.180+0000] {dag.py:3954} INFO - Setting next_dagrun for example_bash_operator to 2025-12-26 00:00:00+00:00, run_after=2025-12-27 00:00:00+00:00
[2025-12-27T14:48:02.234+0000] {processor.py:183} INFO - Processing /home/airflow/.local/lib/python3.12/site-packages/airflow/example_dags/example_bash_operator.py took 0.239 seconds
[2025-12-27T14:48:33.761+0000] {processor.py:161} INFO - Started process (PID=3479) to work on /home/airflow/.local/lib/python3.12/site-packages/airflow/example_dags/example_bash_operator.py
[2025-12-27T14:48:33.769+0000] {processor.py:830} INFO - Processing file /home/airflow/.local/lib/python3.12/site-packages/airflow/example_dags/example_bash_operator.py for tasks to queue
[2025-12-27T14:48:33.773+0000] {logging_mixin.py:188} INFO - [2025-12-27T14:48:33.772+0000] {dagbag.py:540} INFO - Filling up the DagBag from /home/airflow/.local/lib/python3.12/site-packages/airflow/example_dags/example_bash_operator.py
[2025-12-27T14:48:33.831+0000] {processor.py:840} INFO - DAG(s) 'example_bash_operator' retrieved from /home/airflow/.local/lib/python3.12/site-packages/airflow/example_dags/example_bash_operator.py
[2025-12-27T14:48:33.966+0000] {logging_mixin.py:188} INFO - [2025-12-27T14:48:33.964+0000] {dag.py:3096} INFO - Sync 1 DAGs
[2025-12-27T14:48:34.075+0000] {logging_mixin.py:188} INFO - [2025-12-27T14:48:34.074+0000] {dag.py:3954} INFO - Setting next_dagrun for example_bash_operator to 2025-12-26 00:00:00+00:00, run_after=2025-12-27 00:00:00+00:00
[2025-12-27T14:48:34.167+0000] {processor.py:183} INFO - Processing /home/airflow/.local/lib/python3.12/site-packages/airflow/example_dags/example_bash_operator.py took 0.434 seconds
[2025-12-27T14:49:07.200+0000] {processor.py:161} INFO - Started process (PID=3537) to work on /home/airflow/.local/lib/python3.12/site-packages/airflow/example_dags/example_bash_operator.py
[2025-12-27T14:49:07.206+0000] {processor.py:830} INFO - Processing file /home/airflow/.local/lib/python3.12/site-packages/airflow/example_dags/example_bash_operator.py for tasks to queue
[2025-12-27T14:49:07.210+0000] {logging_mixin.py:188} INFO - [2025-12-27T14:49:07.209+0000] {dagbag.py:540} INFO - Filling up the DagBag from /home/airflow/.local/lib/python3.12/site-packages/airflow/example_dags/example_bash_operator.py
[2025-12-27T14:49:07.285+0000] {processor.py:840} INFO - DAG(s) 'example_bash_operator' retrieved from /home/airflow/.local/lib/python3.12/site-packages/airflow/example_dags/example_bash_operator.py
[2025-12-27T14:49:07.486+0000] {logging_mixin.py:188} INFO - [2025-12-27T14:49:07.485+0000] {dag.py:3096} INFO - Sync 1 DAGs
[2025-12-27T14:49:07.592+0000] {logging_mixin.py:188} INFO - [2025-12-27T14:49:07.591+0000] {dag.py:3954} INFO - Setting next_dagrun for example_bash_operator to 2025-12-26 00:00:00+00:00, run_after=2025-12-27 00:00:00+00:00
[2025-12-27T14:49:07.699+0000] {processor.py:183} INFO - Processing /home/airflow/.local/lib/python3.12/site-packages/airflow/example_dags/example_bash_operator.py took 0.536 seconds
[2025-12-27T14:49:38.020+0000] {processor.py:161} INFO - Started process (PID=3595) to work on /home/airflow/.local/lib/python3.12/site-packages/airflow/example_dags/example_bash_operator.py
[2025-12-27T14:49:38.023+0000] {processor.py:830} INFO - Processing file /home/airflow/.local/lib/python3.12/site-packages/airflow/example_dags/example_bash_operator.py for tasks to queue
[2025-12-27T14:49:38.025+0000] {logging_mixin.py:188} INFO - [2025-12-27T14:49:38.024+0000] {dagbag.py:540} INFO - Filling up the DagBag from /home/airflow/.local/lib/python3.12/site-packages/airflow/example_dags/example_bash_operator.py
[2025-12-27T14:49:38.057+0000] {processor.py:840} INFO - DAG(s) 'example_bash_operator' retrieved from /home/airflow/.local/lib/python3.12/site-packages/airflow/example_dags/example_bash_operator.py
[2025-12-27T14:49:38.132+0000] {logging_mixin.py:188} INFO - [2025-12-27T14:49:38.131+0000] {dag.py:3096} INFO - Sync 1 DAGs
[2025-12-27T14:49:38.193+0000] {logging_mixin.py:188} INFO - [2025-12-27T14:49:38.192+0000] {dag.py:3954} INFO - Setting next_dagrun for example_bash_operator to 2025-12-26 00:00:00+00:00, run_after=2025-12-27 00:00:00+00:00
[2025-12-27T14:49:38.247+0000] {processor.py:183} INFO - Processing /home/airflow/.local/lib/python3.12/site-packages/airflow/example_dags/example_bash_operator.py took 0.245 seconds
[2025-12-27T14:50:17.113+0000] {processor.py:161} INFO - Started process (PID=3658) to work on /home/airflow/.local/lib/python3.12/site-packages/airflow/example_dags/example_bash_operator.py
[2025-12-27T14:50:17.122+0000] {processor.py:830} INFO - Processing file /home/airflow/.local/lib/python3.12/site-packages/airflow/example_dags/example_bash_operator.py for tasks to queue
[2025-12-27T14:50:17.128+0000] {logging_mixin.py:188} INFO - [2025-12-27T14:50:17.125+0000] {dagbag.py:540} INFO - Filling up the DagBag from /home/airflow/.local/lib/python3.12/site-packages/airflow/example_dags/example_bash_operator.py
[2025-12-27T14:50:17.183+0000] {processor.py:840} INFO - DAG(s) 'example_bash_operator' retrieved from /home/airflow/.local/lib/python3.12/site-packages/airflow/example_dags/example_bash_operator.py
[2025-12-27T14:50:17.284+0000] {logging_mixin.py:188} INFO - [2025-12-27T14:50:17.283+0000] {dag.py:3096} INFO - Sync 1 DAGs
[2025-12-27T14:50:17.434+0000] {logging_mixin.py:188} INFO - [2025-12-27T14:50:17.433+0000] {dag.py:3954} INFO - Setting next_dagrun for example_bash_operator to 2025-12-26 00:00:00+00:00, run_after=2025-12-27 00:00:00+00:00
[2025-12-27T14:50:17.589+0000] {processor.py:183} INFO - Processing /home/airflow/.local/lib/python3.12/site-packages/airflow/example_dags/example_bash_operator.py took 0.527 seconds
[2025-12-27T14:50:47.932+0000] {processor.py:161} INFO - Started process (PID=3714) to work on /home/airflow/.local/lib/python3.12/site-packages/airflow/example_dags/example_bash_operator.py
[2025-12-27T14:50:47.940+0000] {processor.py:830} INFO - Processing file /home/airflow/.local/lib/python3.12/site-packages/airflow/example_dags/example_bash_operator.py for tasks to queue
[2025-12-27T14:50:47.954+0000] {logging_mixin.py:188} INFO - [2025-12-27T14:50:47.943+0000] {dagbag.py:540} INFO - Filling up the DagBag from /home/airflow/.local/lib/python3.12/site-packages/airflow/example_dags/example_bash_operator.py
[2025-12-27T14:50:48.042+0000] {processor.py:840} INFO - DAG(s) 'example_bash_operator' retrieved from /home/airflow/.local/lib/python3.12/site-packages/airflow/example_dags/example_bash_operator.py
[2025-12-27T14:50:48.190+0000] {logging_mixin.py:188} INFO - [2025-12-27T14:50:48.189+0000] {dag.py:3096} INFO - Sync 1 DAGs
[2025-12-27T14:50:48.320+0000] {logging_mixin.py:188} INFO - [2025-12-27T14:50:48.320+0000] {dag.py:3954} INFO - Setting next_dagrun for example_bash_operator to 2025-12-26 00:00:00+00:00, run_after=2025-12-27 00:00:00+00:00
[2025-12-27T14:50:48.442+0000] {processor.py:183} INFO - Processing /home/airflow/.local/lib/python3.12/site-packages/airflow/example_dags/example_bash_operator.py took 0.556 seconds
[2025-12-27T14:51:22.640+0000] {processor.py:161} INFO - Started process (PID=3770) to work on /home/airflow/.local/lib/python3.12/site-packages/airflow/example_dags/example_bash_operator.py
[2025-12-27T14:51:22.670+0000] {processor.py:830} INFO - Processing file /home/airflow/.local/lib/python3.12/site-packages/airflow/example_dags/example_bash_operator.py for tasks to queue
[2025-12-27T14:51:22.675+0000] {logging_mixin.py:188} INFO - [2025-12-27T14:51:22.674+0000] {dagbag.py:540} INFO - Filling up the DagBag from /home/airflow/.local/lib/python3.12/site-packages/airflow/example_dags/example_bash_operator.py
[2025-12-27T14:51:22.781+0000] {processor.py:840} INFO - DAG(s) 'example_bash_operator' retrieved from /home/airflow/.local/lib/python3.12/site-packages/airflow/example_dags/example_bash_operator.py
[2025-12-27T14:51:22.987+0000] {logging_mixin.py:188} INFO - [2025-12-27T14:51:22.987+0000] {dag.py:3096} INFO - Sync 1 DAGs
[2025-12-27T14:51:23.071+0000] {logging_mixin.py:188} INFO - [2025-12-27T14:51:23.071+0000] {dag.py:3954} INFO - Setting next_dagrun for example_bash_operator to 2025-12-26 00:00:00+00:00, run_after=2025-12-27 00:00:00+00:00
[2025-12-27T14:51:23.208+0000] {processor.py:183} INFO - Processing /home/airflow/.local/lib/python3.12/site-packages/airflow/example_dags/example_bash_operator.py took 0.592 seconds
[2025-12-27T14:53:44.492+0000] {processor.py:161} INFO - Started process (PID=3839) to work on /home/airflow/.local/lib/python3.12/site-packages/airflow/example_dags/example_bash_operator.py
[2025-12-27T14:53:44.538+0000] {processor.py:830} INFO - Processing file /home/airflow/.local/lib/python3.12/site-packages/airflow/example_dags/example_bash_operator.py for tasks to queue
[2025-12-27T14:53:44.572+0000] {logging_mixin.py:188} INFO - [2025-12-27T14:53:44.551+0000] {dagbag.py:540} INFO - Filling up the DagBag from /home/airflow/.local/lib/python3.12/site-packages/airflow/example_dags/example_bash_operator.py
[2025-12-27T14:53:45.011+0000] {processor.py:840} INFO - DAG(s) 'example_bash_operator' retrieved from /home/airflow/.local/lib/python3.12/site-packages/airflow/example_dags/example_bash_operator.py
[2025-12-27T14:53:45.795+0000] {logging_mixin.py:188} INFO - [2025-12-27T14:53:45.793+0000] {dag.py:3096} INFO - Sync 1 DAGs
[2025-12-27T14:53:46.095+0000] {logging_mixin.py:188} INFO - [2025-12-27T14:53:46.094+0000] {dag.py:3954} INFO - Setting next_dagrun for example_bash_operator to 2025-12-26 00:00:00+00:00, run_after=2025-12-27 00:00:00+00:00
[2025-12-27T14:53:46.495+0000] {processor.py:183} INFO - Processing /home/airflow/.local/lib/python3.12/site-packages/airflow/example_dags/example_bash_operator.py took 2.089 seconds
[2025-12-27T14:56:33.618+0000] {processor.py:161} INFO - Started process (PID=3903) to work on /home/airflow/.local/lib/python3.12/site-packages/airflow/example_dags/example_bash_operator.py
[2025-12-27T14:56:33.665+0000] {processor.py:830} INFO - Processing file /home/airflow/.local/lib/python3.12/site-packages/airflow/example_dags/example_bash_operator.py for tasks to queue
[2025-12-27T14:56:33.707+0000] {logging_mixin.py:188} INFO - [2025-12-27T14:56:33.693+0000] {dagbag.py:540} INFO - Filling up the DagBag from /home/airflow/.local/lib/python3.12/site-packages/airflow/example_dags/example_bash_operator.py
[2025-12-27T14:56:34.744+0000] {processor.py:840} INFO - DAG(s) 'example_bash_operator' retrieved from /home/airflow/.local/lib/python3.12/site-packages/airflow/example_dags/example_bash_operator.py
[2025-12-27T14:56:36.034+0000] {logging_mixin.py:188} INFO - [2025-12-27T14:56:36.030+0000] {dag.py:3096} INFO - Sync 1 DAGs
[2025-12-27T14:56:36.628+0000] {logging_mixin.py:188} INFO - [2025-12-27T14:56:36.627+0000] {dag.py:3954} INFO - Setting next_dagrun for example_bash_operator to 2025-12-26 00:00:00+00:00, run_after=2025-12-27 00:00:00+00:00
[2025-12-27T14:56:37.125+0000] {processor.py:183} INFO - Processing /home/airflow/.local/lib/python3.12/site-packages/airflow/example_dags/example_bash_operator.py took 3.645 seconds
