[2025-12-27T14:14:49.427+0000] {processor.py:161} INFO - Started process (PID=103) to work on /home/airflow/.local/lib/python3.12/site-packages/airflow/example_dags/example_task_group_decorator.py
[2025-12-27T14:14:49.438+0000] {processor.py:830} INFO - Processing file /home/airflow/.local/lib/python3.12/site-packages/airflow/example_dags/example_task_group_decorator.py for tasks to queue
[2025-12-27T14:14:49.473+0000] {logging_mixin.py:188} INFO - [2025-12-27T14:14:49.472+0000] {dagbag.py:540} INFO - Filling up the DagBag from /home/airflow/.local/lib/python3.12/site-packages/airflow/example_dags/example_task_group_decorator.py
[2025-12-27T14:14:49.734+0000] {processor.py:840} INFO - DAG(s) 'example_task_group_decorator' retrieved from /home/airflow/.local/lib/python3.12/site-packages/airflow/example_dags/example_task_group_decorator.py
[2025-12-27T14:14:51.009+0000] {logging_mixin.py:188} INFO - [2025-12-27T14:14:51.008+0000] {dag.py:3096} INFO - Sync 1 DAGs
[2025-12-27T14:14:51.414+0000] {logging_mixin.py:188} INFO - [2025-12-27T14:14:51.410+0000] {dag.py:3954} INFO - Setting next_dagrun for example_task_group_decorator to 2025-12-26 00:00:00+00:00, run_after=2025-12-27 00:00:00+00:00
[2025-12-27T14:14:51.760+0000] {processor.py:183} INFO - Processing /home/airflow/.local/lib/python3.12/site-packages/airflow/example_dags/example_task_group_decorator.py took 2.390 seconds
[2025-12-27T14:15:29.064+0000] {processor.py:161} INFO - Started process (PID=160) to work on /home/airflow/.local/lib/python3.12/site-packages/airflow/example_dags/example_task_group_decorator.py
[2025-12-27T14:15:29.068+0000] {processor.py:830} INFO - Processing file /home/airflow/.local/lib/python3.12/site-packages/airflow/example_dags/example_task_group_decorator.py for tasks to queue
[2025-12-27T14:15:29.079+0000] {logging_mixin.py:188} INFO - [2025-12-27T14:15:29.077+0000] {dagbag.py:540} INFO - Filling up the DagBag from /home/airflow/.local/lib/python3.12/site-packages/airflow/example_dags/example_task_group_decorator.py
[2025-12-27T14:15:29.153+0000] {processor.py:840} INFO - DAG(s) 'example_task_group_decorator' retrieved from /home/airflow/.local/lib/python3.12/site-packages/airflow/example_dags/example_task_group_decorator.py
[2025-12-27T14:15:29.265+0000] {logging_mixin.py:188} INFO - [2025-12-27T14:15:29.264+0000] {dag.py:3096} INFO - Sync 1 DAGs
[2025-12-27T14:15:29.353+0000] {logging_mixin.py:188} INFO - [2025-12-27T14:15:29.352+0000] {dag.py:3954} INFO - Setting next_dagrun for example_task_group_decorator to 2025-12-26 00:00:00+00:00, run_after=2025-12-27 00:00:00+00:00
[2025-12-27T14:15:29.446+0000] {processor.py:183} INFO - Processing /home/airflow/.local/lib/python3.12/site-packages/airflow/example_dags/example_task_group_decorator.py took 0.408 seconds
[2025-12-27T14:15:59.682+0000] {processor.py:161} INFO - Started process (PID=217) to work on /home/airflow/.local/lib/python3.12/site-packages/airflow/example_dags/example_task_group_decorator.py
[2025-12-27T14:15:59.686+0000] {processor.py:830} INFO - Processing file /home/airflow/.local/lib/python3.12/site-packages/airflow/example_dags/example_task_group_decorator.py for tasks to queue
[2025-12-27T14:15:59.700+0000] {logging_mixin.py:188} INFO - [2025-12-27T14:15:59.699+0000] {dagbag.py:540} INFO - Filling up the DagBag from /home/airflow/.local/lib/python3.12/site-packages/airflow/example_dags/example_task_group_decorator.py
[2025-12-27T14:15:59.789+0000] {processor.py:840} INFO - DAG(s) 'example_task_group_decorator' retrieved from /home/airflow/.local/lib/python3.12/site-packages/airflow/example_dags/example_task_group_decorator.py
[2025-12-27T14:15:59.926+0000] {logging_mixin.py:188} INFO - [2025-12-27T14:15:59.925+0000] {dag.py:3096} INFO - Sync 1 DAGs
[2025-12-27T14:16:00.042+0000] {logging_mixin.py:188} INFO - [2025-12-27T14:16:00.041+0000] {dag.py:3954} INFO - Setting next_dagrun for example_task_group_decorator to 2025-12-26 00:00:00+00:00, run_after=2025-12-27 00:00:00+00:00
[2025-12-27T14:16:00.149+0000] {processor.py:183} INFO - Processing /home/airflow/.local/lib/python3.12/site-packages/airflow/example_dags/example_task_group_decorator.py took 0.486 seconds
[2025-12-27T14:16:31.891+0000] {processor.py:161} INFO - Started process (PID=275) to work on /home/airflow/.local/lib/python3.12/site-packages/airflow/example_dags/example_task_group_decorator.py
[2025-12-27T14:16:31.917+0000] {processor.py:830} INFO - Processing file /home/airflow/.local/lib/python3.12/site-packages/airflow/example_dags/example_task_group_decorator.py for tasks to queue
[2025-12-27T14:16:31.943+0000] {logging_mixin.py:188} INFO - [2025-12-27T14:16:31.940+0000] {dagbag.py:540} INFO - Filling up the DagBag from /home/airflow/.local/lib/python3.12/site-packages/airflow/example_dags/example_task_group_decorator.py
[2025-12-27T14:16:32.078+0000] {processor.py:840} INFO - DAG(s) 'example_task_group_decorator' retrieved from /home/airflow/.local/lib/python3.12/site-packages/airflow/example_dags/example_task_group_decorator.py
[2025-12-27T14:16:32.295+0000] {logging_mixin.py:188} INFO - [2025-12-27T14:16:32.294+0000] {dag.py:3096} INFO - Sync 1 DAGs
[2025-12-27T14:16:32.491+0000] {logging_mixin.py:188} INFO - [2025-12-27T14:16:32.489+0000] {dag.py:3954} INFO - Setting next_dagrun for example_task_group_decorator to 2025-12-26 00:00:00+00:00, run_after=2025-12-27 00:00:00+00:00
[2025-12-27T14:16:33.185+0000] {processor.py:183} INFO - Processing /home/airflow/.local/lib/python3.12/site-packages/airflow/example_dags/example_task_group_decorator.py took 1.358 seconds
[2025-12-27T14:17:04.948+0000] {processor.py:161} INFO - Started process (PID=333) to work on /home/airflow/.local/lib/python3.12/site-packages/airflow/example_dags/example_task_group_decorator.py
[2025-12-27T14:17:04.957+0000] {processor.py:830} INFO - Processing file /home/airflow/.local/lib/python3.12/site-packages/airflow/example_dags/example_task_group_decorator.py for tasks to queue
[2025-12-27T14:17:04.980+0000] {logging_mixin.py:188} INFO - [2025-12-27T14:17:04.979+0000] {dagbag.py:540} INFO - Filling up the DagBag from /home/airflow/.local/lib/python3.12/site-packages/airflow/example_dags/example_task_group_decorator.py
[2025-12-27T14:17:05.126+0000] {processor.py:840} INFO - DAG(s) 'example_task_group_decorator' retrieved from /home/airflow/.local/lib/python3.12/site-packages/airflow/example_dags/example_task_group_decorator.py
[2025-12-27T14:17:05.321+0000] {logging_mixin.py:188} INFO - [2025-12-27T14:17:05.320+0000] {dag.py:3096} INFO - Sync 1 DAGs
[2025-12-27T14:17:05.557+0000] {logging_mixin.py:188} INFO - [2025-12-27T14:17:05.556+0000] {dag.py:3954} INFO - Setting next_dagrun for example_task_group_decorator to 2025-12-26 00:00:00+00:00, run_after=2025-12-27 00:00:00+00:00
[2025-12-27T14:17:05.718+0000] {processor.py:183} INFO - Processing /home/airflow/.local/lib/python3.12/site-packages/airflow/example_dags/example_task_group_decorator.py took 0.844 seconds
[2025-12-27T14:17:50.227+0000] {processor.py:161} INFO - Started process (PID=387) to work on /home/airflow/.local/lib/python3.12/site-packages/airflow/example_dags/example_task_group_decorator.py
[2025-12-27T14:17:50.252+0000] {processor.py:830} INFO - Processing file /home/airflow/.local/lib/python3.12/site-packages/airflow/example_dags/example_task_group_decorator.py for tasks to queue
[2025-12-27T14:17:50.260+0000] {logging_mixin.py:188} INFO - [2025-12-27T14:17:50.258+0000] {dagbag.py:540} INFO - Filling up the DagBag from /home/airflow/.local/lib/python3.12/site-packages/airflow/example_dags/example_task_group_decorator.py
[2025-12-27T14:17:50.481+0000] {processor.py:840} INFO - DAG(s) 'example_task_group_decorator' retrieved from /home/airflow/.local/lib/python3.12/site-packages/airflow/example_dags/example_task_group_decorator.py
[2025-12-27T14:17:50.687+0000] {logging_mixin.py:188} INFO - [2025-12-27T14:17:50.683+0000] {dag.py:3096} INFO - Sync 1 DAGs
[2025-12-27T14:17:50.829+0000] {logging_mixin.py:188} INFO - [2025-12-27T14:17:50.828+0000] {dag.py:3954} INFO - Setting next_dagrun for example_task_group_decorator to 2025-12-26 00:00:00+00:00, run_after=2025-12-27 00:00:00+00:00
[2025-12-27T14:17:50.938+0000] {processor.py:183} INFO - Processing /home/airflow/.local/lib/python3.12/site-packages/airflow/example_dags/example_task_group_decorator.py took 0.767 seconds
[2025-12-27T14:18:33.675+0000] {processor.py:161} INFO - Started process (PID=442) to work on /home/airflow/.local/lib/python3.12/site-packages/airflow/example_dags/example_task_group_decorator.py
[2025-12-27T14:18:33.709+0000] {processor.py:830} INFO - Processing file /home/airflow/.local/lib/python3.12/site-packages/airflow/example_dags/example_task_group_decorator.py for tasks to queue
[2025-12-27T14:18:33.716+0000] {logging_mixin.py:188} INFO - [2025-12-27T14:18:33.715+0000] {dagbag.py:540} INFO - Filling up the DagBag from /home/airflow/.local/lib/python3.12/site-packages/airflow/example_dags/example_task_group_decorator.py
[2025-12-27T14:18:33.775+0000] {processor.py:840} INFO - DAG(s) 'example_task_group_decorator' retrieved from /home/airflow/.local/lib/python3.12/site-packages/airflow/example_dags/example_task_group_decorator.py
[2025-12-27T14:18:33.907+0000] {logging_mixin.py:188} INFO - [2025-12-27T14:18:33.906+0000] {dag.py:3096} INFO - Sync 1 DAGs
[2025-12-27T14:18:34.020+0000] {logging_mixin.py:188} INFO - [2025-12-27T14:18:34.019+0000] {dag.py:3954} INFO - Setting next_dagrun for example_task_group_decorator to 2025-12-26 00:00:00+00:00, run_after=2025-12-27 00:00:00+00:00
[2025-12-27T14:18:34.114+0000] {processor.py:183} INFO - Processing /home/airflow/.local/lib/python3.12/site-packages/airflow/example_dags/example_task_group_decorator.py took 0.479 seconds
[2025-12-27T14:19:04.396+0000] {processor.py:161} INFO - Started process (PID=500) to work on /home/airflow/.local/lib/python3.12/site-packages/airflow/example_dags/example_task_group_decorator.py
[2025-12-27T14:19:04.400+0000] {processor.py:830} INFO - Processing file /home/airflow/.local/lib/python3.12/site-packages/airflow/example_dags/example_task_group_decorator.py for tasks to queue
[2025-12-27T14:19:04.405+0000] {logging_mixin.py:188} INFO - [2025-12-27T14:19:04.404+0000] {dagbag.py:540} INFO - Filling up the DagBag from /home/airflow/.local/lib/python3.12/site-packages/airflow/example_dags/example_task_group_decorator.py
[2025-12-27T14:19:04.455+0000] {processor.py:840} INFO - DAG(s) 'example_task_group_decorator' retrieved from /home/airflow/.local/lib/python3.12/site-packages/airflow/example_dags/example_task_group_decorator.py
[2025-12-27T14:19:04.528+0000] {logging_mixin.py:188} INFO - [2025-12-27T14:19:04.528+0000] {dag.py:3096} INFO - Sync 1 DAGs
[2025-12-27T14:19:04.597+0000] {logging_mixin.py:188} INFO - [2025-12-27T14:19:04.596+0000] {dag.py:3954} INFO - Setting next_dagrun for example_task_group_decorator to 2025-12-26 00:00:00+00:00, run_after=2025-12-27 00:00:00+00:00
[2025-12-27T14:19:04.657+0000] {processor.py:183} INFO - Processing /home/airflow/.local/lib/python3.12/site-packages/airflow/example_dags/example_task_group_decorator.py took 0.282 seconds
[2025-12-27T14:19:37.674+0000] {processor.py:161} INFO - Started process (PID=558) to work on /home/airflow/.local/lib/python3.12/site-packages/airflow/example_dags/example_task_group_decorator.py
[2025-12-27T14:19:37.677+0000] {processor.py:830} INFO - Processing file /home/airflow/.local/lib/python3.12/site-packages/airflow/example_dags/example_task_group_decorator.py for tasks to queue
[2025-12-27T14:19:37.683+0000] {logging_mixin.py:188} INFO - [2025-12-27T14:19:37.682+0000] {dagbag.py:540} INFO - Filling up the DagBag from /home/airflow/.local/lib/python3.12/site-packages/airflow/example_dags/example_task_group_decorator.py
[2025-12-27T14:19:37.726+0000] {processor.py:840} INFO - DAG(s) 'example_task_group_decorator' retrieved from /home/airflow/.local/lib/python3.12/site-packages/airflow/example_dags/example_task_group_decorator.py
[2025-12-27T14:19:37.805+0000] {logging_mixin.py:188} INFO - [2025-12-27T14:19:37.804+0000] {dag.py:3096} INFO - Sync 1 DAGs
[2025-12-27T14:19:37.865+0000] {logging_mixin.py:188} INFO - [2025-12-27T14:19:37.864+0000] {dag.py:3954} INFO - Setting next_dagrun for example_task_group_decorator to 2025-12-26 00:00:00+00:00, run_after=2025-12-27 00:00:00+00:00
[2025-12-27T14:19:37.923+0000] {processor.py:183} INFO - Processing /home/airflow/.local/lib/python3.12/site-packages/airflow/example_dags/example_task_group_decorator.py took 0.265 seconds
[2025-12-27T14:20:11.737+0000] {processor.py:161} INFO - Started process (PID=616) to work on /home/airflow/.local/lib/python3.12/site-packages/airflow/example_dags/example_task_group_decorator.py
[2025-12-27T14:20:11.742+0000] {processor.py:830} INFO - Processing file /home/airflow/.local/lib/python3.12/site-packages/airflow/example_dags/example_task_group_decorator.py for tasks to queue
[2025-12-27T14:20:11.752+0000] {logging_mixin.py:188} INFO - [2025-12-27T14:20:11.751+0000] {dagbag.py:540} INFO - Filling up the DagBag from /home/airflow/.local/lib/python3.12/site-packages/airflow/example_dags/example_task_group_decorator.py
[2025-12-27T14:20:11.829+0000] {processor.py:840} INFO - DAG(s) 'example_task_group_decorator' retrieved from /home/airflow/.local/lib/python3.12/site-packages/airflow/example_dags/example_task_group_decorator.py
[2025-12-27T14:20:11.973+0000] {logging_mixin.py:188} INFO - [2025-12-27T14:20:11.972+0000] {dag.py:3096} INFO - Sync 1 DAGs
[2025-12-27T14:20:12.106+0000] {logging_mixin.py:188} INFO - [2025-12-27T14:20:12.105+0000] {dag.py:3954} INFO - Setting next_dagrun for example_task_group_decorator to 2025-12-26 00:00:00+00:00, run_after=2025-12-27 00:00:00+00:00
[2025-12-27T14:20:12.214+0000] {processor.py:183} INFO - Processing /home/airflow/.local/lib/python3.12/site-packages/airflow/example_dags/example_task_group_decorator.py took 0.515 seconds
[2025-12-27T14:20:43.409+0000] {processor.py:161} INFO - Started process (PID=674) to work on /home/airflow/.local/lib/python3.12/site-packages/airflow/example_dags/example_task_group_decorator.py
[2025-12-27T14:20:43.412+0000] {processor.py:830} INFO - Processing file /home/airflow/.local/lib/python3.12/site-packages/airflow/example_dags/example_task_group_decorator.py for tasks to queue
[2025-12-27T14:20:43.419+0000] {logging_mixin.py:188} INFO - [2025-12-27T14:20:43.417+0000] {dagbag.py:540} INFO - Filling up the DagBag from /home/airflow/.local/lib/python3.12/site-packages/airflow/example_dags/example_task_group_decorator.py
[2025-12-27T14:20:43.474+0000] {processor.py:840} INFO - DAG(s) 'example_task_group_decorator' retrieved from /home/airflow/.local/lib/python3.12/site-packages/airflow/example_dags/example_task_group_decorator.py
[2025-12-27T14:20:43.586+0000] {logging_mixin.py:188} INFO - [2025-12-27T14:20:43.585+0000] {dag.py:3096} INFO - Sync 1 DAGs
[2025-12-27T14:20:43.663+0000] {logging_mixin.py:188} INFO - [2025-12-27T14:20:43.663+0000] {dag.py:3954} INFO - Setting next_dagrun for example_task_group_decorator to 2025-12-26 00:00:00+00:00, run_after=2025-12-27 00:00:00+00:00
[2025-12-27T14:20:43.726+0000] {processor.py:183} INFO - Processing /home/airflow/.local/lib/python3.12/site-packages/airflow/example_dags/example_task_group_decorator.py took 0.338 seconds
[2025-12-27T14:21:28.399+0000] {processor.py:161} INFO - Started process (PID=738) to work on /home/airflow/.local/lib/python3.12/site-packages/airflow/example_dags/example_task_group_decorator.py
[2025-12-27T14:21:28.428+0000] {processor.py:830} INFO - Processing file /home/airflow/.local/lib/python3.12/site-packages/airflow/example_dags/example_task_group_decorator.py for tasks to queue
[2025-12-27T14:21:28.533+0000] {logging_mixin.py:188} INFO - [2025-12-27T14:21:28.527+0000] {dagbag.py:540} INFO - Filling up the DagBag from /home/airflow/.local/lib/python3.12/site-packages/airflow/example_dags/example_task_group_decorator.py
[2025-12-27T14:21:29.249+0000] {processor.py:840} INFO - DAG(s) 'example_task_group_decorator' retrieved from /home/airflow/.local/lib/python3.12/site-packages/airflow/example_dags/example_task_group_decorator.py
[2025-12-27T14:21:29.686+0000] {logging_mixin.py:188} INFO - [2025-12-27T14:21:29.685+0000] {dag.py:3096} INFO - Sync 1 DAGs
[2025-12-27T14:21:29.931+0000] {logging_mixin.py:188} INFO - [2025-12-27T14:21:29.930+0000] {dag.py:3954} INFO - Setting next_dagrun for example_task_group_decorator to 2025-12-26 00:00:00+00:00, run_after=2025-12-27 00:00:00+00:00
[2025-12-27T14:21:30.076+0000] {processor.py:183} INFO - Processing /home/airflow/.local/lib/python3.12/site-packages/airflow/example_dags/example_task_group_decorator.py took 2.322 seconds
[2025-12-27T14:22:00.468+0000] {processor.py:161} INFO - Started process (PID=789) to work on /home/airflow/.local/lib/python3.12/site-packages/airflow/example_dags/example_task_group_decorator.py
[2025-12-27T14:22:00.474+0000] {processor.py:830} INFO - Processing file /home/airflow/.local/lib/python3.12/site-packages/airflow/example_dags/example_task_group_decorator.py for tasks to queue
[2025-12-27T14:22:00.483+0000] {logging_mixin.py:188} INFO - [2025-12-27T14:22:00.482+0000] {dagbag.py:540} INFO - Filling up the DagBag from /home/airflow/.local/lib/python3.12/site-packages/airflow/example_dags/example_task_group_decorator.py
[2025-12-27T14:22:00.799+0000] {processor.py:840} INFO - DAG(s) 'example_task_group_decorator' retrieved from /home/airflow/.local/lib/python3.12/site-packages/airflow/example_dags/example_task_group_decorator.py
[2025-12-27T14:22:01.211+0000] {logging_mixin.py:188} INFO - [2025-12-27T14:22:01.210+0000] {dag.py:3096} INFO - Sync 1 DAGs
[2025-12-27T14:22:01.560+0000] {logging_mixin.py:188} INFO - [2025-12-27T14:22:01.559+0000] {dag.py:3954} INFO - Setting next_dagrun for example_task_group_decorator to 2025-12-26 00:00:00+00:00, run_after=2025-12-27 00:00:00+00:00
[2025-12-27T14:22:01.805+0000] {processor.py:183} INFO - Processing /home/airflow/.local/lib/python3.12/site-packages/airflow/example_dags/example_task_group_decorator.py took 1.433 seconds
[2025-12-27T14:23:05.925+0000] {processor.py:161} INFO - Started process (PID=852) to work on /home/airflow/.local/lib/python3.12/site-packages/airflow/example_dags/example_task_group_decorator.py
[2025-12-27T14:23:05.960+0000] {processor.py:830} INFO - Processing file /home/airflow/.local/lib/python3.12/site-packages/airflow/example_dags/example_task_group_decorator.py for tasks to queue
[2025-12-27T14:23:05.979+0000] {logging_mixin.py:188} INFO - [2025-12-27T14:23:05.972+0000] {dagbag.py:540} INFO - Filling up the DagBag from /home/airflow/.local/lib/python3.12/site-packages/airflow/example_dags/example_task_group_decorator.py
[2025-12-27T14:23:06.281+0000] {processor.py:840} INFO - DAG(s) 'example_task_group_decorator' retrieved from /home/airflow/.local/lib/python3.12/site-packages/airflow/example_dags/example_task_group_decorator.py
[2025-12-27T14:23:08.493+0000] {logging_mixin.py:188} INFO - [2025-12-27T14:23:08.492+0000] {dag.py:3096} INFO - Sync 1 DAGs
[2025-12-27T14:23:10.546+0000] {logging_mixin.py:188} INFO - [2025-12-27T14:23:10.545+0000] {dag.py:3954} INFO - Setting next_dagrun for example_task_group_decorator to 2025-12-26 00:00:00+00:00, run_after=2025-12-27 00:00:00+00:00
[2025-12-27T14:23:13.623+0000] {processor.py:183} INFO - Processing /home/airflow/.local/lib/python3.12/site-packages/airflow/example_dags/example_task_group_decorator.py took 7.745 seconds
[2025-12-27T14:24:22.812+0000] {processor.py:161} INFO - Started process (PID=923) to work on /home/airflow/.local/lib/python3.12/site-packages/airflow/example_dags/example_task_group_decorator.py
[2025-12-27T14:24:22.817+0000] {processor.py:830} INFO - Processing file /home/airflow/.local/lib/python3.12/site-packages/airflow/example_dags/example_task_group_decorator.py for tasks to queue
[2025-12-27T14:24:22.821+0000] {logging_mixin.py:188} INFO - [2025-12-27T14:24:22.820+0000] {dagbag.py:540} INFO - Filling up the DagBag from /home/airflow/.local/lib/python3.12/site-packages/airflow/example_dags/example_task_group_decorator.py
[2025-12-27T14:24:22.909+0000] {processor.py:840} INFO - DAG(s) 'example_task_group_decorator' retrieved from /home/airflow/.local/lib/python3.12/site-packages/airflow/example_dags/example_task_group_decorator.py
[2025-12-27T14:24:22.995+0000] {logging_mixin.py:188} INFO - [2025-12-27T14:24:22.994+0000] {dag.py:3096} INFO - Sync 1 DAGs
[2025-12-27T14:24:23.071+0000] {logging_mixin.py:188} INFO - [2025-12-27T14:24:23.071+0000] {dag.py:3954} INFO - Setting next_dagrun for example_task_group_decorator to 2025-12-26 00:00:00+00:00, run_after=2025-12-27 00:00:00+00:00
[2025-12-27T14:24:23.133+0000] {processor.py:183} INFO - Processing /home/airflow/.local/lib/python3.12/site-packages/airflow/example_dags/example_task_group_decorator.py took 0.350 seconds
[2025-12-27T14:24:54.952+0000] {processor.py:161} INFO - Started process (PID=980) to work on /home/airflow/.local/lib/python3.12/site-packages/airflow/example_dags/example_task_group_decorator.py
[2025-12-27T14:24:54.964+0000] {processor.py:830} INFO - Processing file /home/airflow/.local/lib/python3.12/site-packages/airflow/example_dags/example_task_group_decorator.py for tasks to queue
[2025-12-27T14:24:54.991+0000] {logging_mixin.py:188} INFO - [2025-12-27T14:24:54.985+0000] {dagbag.py:540} INFO - Filling up the DagBag from /home/airflow/.local/lib/python3.12/site-packages/airflow/example_dags/example_task_group_decorator.py
[2025-12-27T14:24:55.231+0000] {processor.py:840} INFO - DAG(s) 'example_task_group_decorator' retrieved from /home/airflow/.local/lib/python3.12/site-packages/airflow/example_dags/example_task_group_decorator.py
[2025-12-27T14:24:55.598+0000] {logging_mixin.py:188} INFO - [2025-12-27T14:24:55.597+0000] {dag.py:3096} INFO - Sync 1 DAGs
[2025-12-27T14:25:00.426+0000] {logging_mixin.py:188} INFO - [2025-12-27T14:25:00.418+0000] {dag.py:3954} INFO - Setting next_dagrun for example_task_group_decorator to 2025-12-26 00:00:00+00:00, run_after=2025-12-27 00:00:00+00:00
[2025-12-27T14:25:00.742+0000] {processor.py:183} INFO - Processing /home/airflow/.local/lib/python3.12/site-packages/airflow/example_dags/example_task_group_decorator.py took 5.877 seconds
[2025-12-27T14:25:37.895+0000] {processor.py:161} INFO - Started process (PID=1042) to work on /home/airflow/.local/lib/python3.12/site-packages/airflow/example_dags/example_task_group_decorator.py
[2025-12-27T14:25:37.906+0000] {processor.py:830} INFO - Processing file /home/airflow/.local/lib/python3.12/site-packages/airflow/example_dags/example_task_group_decorator.py for tasks to queue
[2025-12-27T14:25:37.932+0000] {logging_mixin.py:188} INFO - [2025-12-27T14:25:37.926+0000] {dagbag.py:540} INFO - Filling up the DagBag from /home/airflow/.local/lib/python3.12/site-packages/airflow/example_dags/example_task_group_decorator.py
[2025-12-27T14:25:39.773+0000] {processor.py:840} INFO - DAG(s) 'example_task_group_decorator' retrieved from /home/airflow/.local/lib/python3.12/site-packages/airflow/example_dags/example_task_group_decorator.py
[2025-12-27T14:25:44.399+0000] {logging_mixin.py:188} INFO - [2025-12-27T14:25:44.395+0000] {dag.py:3096} INFO - Sync 1 DAGs
[2025-12-27T14:25:45.166+0000] {logging_mixin.py:188} INFO - [2025-12-27T14:25:45.165+0000] {dag.py:3954} INFO - Setting next_dagrun for example_task_group_decorator to 2025-12-26 00:00:00+00:00, run_after=2025-12-27 00:00:00+00:00
[2025-12-27T14:26:11.275+0000] {processor.py:183} INFO - Processing /home/airflow/.local/lib/python3.12/site-packages/airflow/example_dags/example_task_group_decorator.py took 33.547 seconds
[2025-12-27T14:26:42.047+0000] {processor.py:161} INFO - Started process (PID=1105) to work on /home/airflow/.local/lib/python3.12/site-packages/airflow/example_dags/example_task_group_decorator.py
[2025-12-27T14:26:42.057+0000] {processor.py:830} INFO - Processing file /home/airflow/.local/lib/python3.12/site-packages/airflow/example_dags/example_task_group_decorator.py for tasks to queue
[2025-12-27T14:26:42.065+0000] {logging_mixin.py:188} INFO - [2025-12-27T14:26:42.062+0000] {dagbag.py:540} INFO - Filling up the DagBag from /home/airflow/.local/lib/python3.12/site-packages/airflow/example_dags/example_task_group_decorator.py
[2025-12-27T14:26:42.271+0000] {processor.py:840} INFO - DAG(s) 'example_task_group_decorator' retrieved from /home/airflow/.local/lib/python3.12/site-packages/airflow/example_dags/example_task_group_decorator.py
[2025-12-27T14:26:42.533+0000] {logging_mixin.py:188} INFO - [2025-12-27T14:26:42.532+0000] {dag.py:3096} INFO - Sync 1 DAGs
[2025-12-27T14:26:42.751+0000] {logging_mixin.py:188} INFO - [2025-12-27T14:26:42.750+0000] {dag.py:3954} INFO - Setting next_dagrun for example_task_group_decorator to 2025-12-26 00:00:00+00:00, run_after=2025-12-27 00:00:00+00:00
[2025-12-27T14:26:48.408+0000] {processor.py:183} INFO - Processing /home/airflow/.local/lib/python3.12/site-packages/airflow/example_dags/example_task_group_decorator.py took 6.482 seconds
[2025-12-27T14:27:39.323+0000] {processor.py:161} INFO - Started process (PID=1147) to work on /home/airflow/.local/lib/python3.12/site-packages/airflow/example_dags/example_task_group_decorator.py
[2025-12-27T14:27:39.327+0000] {processor.py:830} INFO - Processing file /home/airflow/.local/lib/python3.12/site-packages/airflow/example_dags/example_task_group_decorator.py for tasks to queue
[2025-12-27T14:27:39.341+0000] {logging_mixin.py:188} INFO - [2025-12-27T14:27:39.332+0000] {dagbag.py:540} INFO - Filling up the DagBag from /home/airflow/.local/lib/python3.12/site-packages/airflow/example_dags/example_task_group_decorator.py
[2025-12-27T14:27:39.522+0000] {processor.py:840} INFO - DAG(s) 'example_task_group_decorator' retrieved from /home/airflow/.local/lib/python3.12/site-packages/airflow/example_dags/example_task_group_decorator.py
[2025-12-27T14:27:39.795+0000] {logging_mixin.py:188} INFO - [2025-12-27T14:27:39.794+0000] {dag.py:3096} INFO - Sync 1 DAGs
[2025-12-27T14:27:39.970+0000] {logging_mixin.py:188} INFO - [2025-12-27T14:27:39.969+0000] {dag.py:3954} INFO - Setting next_dagrun for example_task_group_decorator to 2025-12-26 00:00:00+00:00, run_after=2025-12-27 00:00:00+00:00
[2025-12-27T14:27:40.245+0000] {processor.py:183} INFO - Processing /home/airflow/.local/lib/python3.12/site-packages/airflow/example_dags/example_task_group_decorator.py took 1.018 seconds
[2025-12-27T14:28:12.104+0000] {processor.py:161} INFO - Started process (PID=1205) to work on /home/airflow/.local/lib/python3.12/site-packages/airflow/example_dags/example_task_group_decorator.py
[2025-12-27T14:28:12.108+0000] {processor.py:830} INFO - Processing file /home/airflow/.local/lib/python3.12/site-packages/airflow/example_dags/example_task_group_decorator.py for tasks to queue
[2025-12-27T14:28:12.112+0000] {logging_mixin.py:188} INFO - [2025-12-27T14:28:12.111+0000] {dagbag.py:540} INFO - Filling up the DagBag from /home/airflow/.local/lib/python3.12/site-packages/airflow/example_dags/example_task_group_decorator.py
[2025-12-27T14:28:12.181+0000] {processor.py:840} INFO - DAG(s) 'example_task_group_decorator' retrieved from /home/airflow/.local/lib/python3.12/site-packages/airflow/example_dags/example_task_group_decorator.py
[2025-12-27T14:28:12.294+0000] {logging_mixin.py:188} INFO - [2025-12-27T14:28:12.292+0000] {dag.py:3096} INFO - Sync 1 DAGs
[2025-12-27T14:28:12.380+0000] {logging_mixin.py:188} INFO - [2025-12-27T14:28:12.380+0000] {dag.py:3954} INFO - Setting next_dagrun for example_task_group_decorator to 2025-12-26 00:00:00+00:00, run_after=2025-12-27 00:00:00+00:00
[2025-12-27T14:28:12.487+0000] {processor.py:183} INFO - Processing /home/airflow/.local/lib/python3.12/site-packages/airflow/example_dags/example_task_group_decorator.py took 0.410 seconds
[2025-12-27T14:28:44.827+0000] {processor.py:161} INFO - Started process (PID=1263) to work on /home/airflow/.local/lib/python3.12/site-packages/airflow/example_dags/example_task_group_decorator.py
[2025-12-27T14:28:44.835+0000] {processor.py:830} INFO - Processing file /home/airflow/.local/lib/python3.12/site-packages/airflow/example_dags/example_task_group_decorator.py for tasks to queue
[2025-12-27T14:28:44.839+0000] {logging_mixin.py:188} INFO - [2025-12-27T14:28:44.837+0000] {dagbag.py:540} INFO - Filling up the DagBag from /home/airflow/.local/lib/python3.12/site-packages/airflow/example_dags/example_task_group_decorator.py
[2025-12-27T14:28:44.915+0000] {processor.py:840} INFO - DAG(s) 'example_task_group_decorator' retrieved from /home/airflow/.local/lib/python3.12/site-packages/airflow/example_dags/example_task_group_decorator.py
[2025-12-27T14:28:45.095+0000] {logging_mixin.py:188} INFO - [2025-12-27T14:28:45.093+0000] {dag.py:3096} INFO - Sync 1 DAGs
[2025-12-27T14:28:45.240+0000] {logging_mixin.py:188} INFO - [2025-12-27T14:28:45.239+0000] {dag.py:3954} INFO - Setting next_dagrun for example_task_group_decorator to 2025-12-26 00:00:00+00:00, run_after=2025-12-27 00:00:00+00:00
[2025-12-27T14:28:45.346+0000] {processor.py:183} INFO - Processing /home/airflow/.local/lib/python3.12/site-packages/airflow/example_dags/example_task_group_decorator.py took 0.546 seconds
[2025-12-27T14:29:16.281+0000] {processor.py:161} INFO - Started process (PID=1319) to work on /home/airflow/.local/lib/python3.12/site-packages/airflow/example_dags/example_task_group_decorator.py
[2025-12-27T14:29:16.286+0000] {processor.py:830} INFO - Processing file /home/airflow/.local/lib/python3.12/site-packages/airflow/example_dags/example_task_group_decorator.py for tasks to queue
[2025-12-27T14:29:16.290+0000] {logging_mixin.py:188} INFO - [2025-12-27T14:29:16.288+0000] {dagbag.py:540} INFO - Filling up the DagBag from /home/airflow/.local/lib/python3.12/site-packages/airflow/example_dags/example_task_group_decorator.py
[2025-12-27T14:29:16.356+0000] {processor.py:840} INFO - DAG(s) 'example_task_group_decorator' retrieved from /home/airflow/.local/lib/python3.12/site-packages/airflow/example_dags/example_task_group_decorator.py
[2025-12-27T14:29:16.466+0000] {logging_mixin.py:188} INFO - [2025-12-27T14:29:16.465+0000] {dag.py:3096} INFO - Sync 1 DAGs
[2025-12-27T14:29:16.548+0000] {logging_mixin.py:188} INFO - [2025-12-27T14:29:16.547+0000] {dag.py:3954} INFO - Setting next_dagrun for example_task_group_decorator to 2025-12-26 00:00:00+00:00, run_after=2025-12-27 00:00:00+00:00
[2025-12-27T14:29:16.691+0000] {processor.py:183} INFO - Processing /home/airflow/.local/lib/python3.12/site-packages/airflow/example_dags/example_task_group_decorator.py took 0.433 seconds
[2025-12-27T14:29:47.010+0000] {processor.py:161} INFO - Started process (PID=1377) to work on /home/airflow/.local/lib/python3.12/site-packages/airflow/example_dags/example_task_group_decorator.py
[2025-12-27T14:29:47.013+0000] {processor.py:830} INFO - Processing file /home/airflow/.local/lib/python3.12/site-packages/airflow/example_dags/example_task_group_decorator.py for tasks to queue
[2025-12-27T14:29:47.017+0000] {logging_mixin.py:188} INFO - [2025-12-27T14:29:47.015+0000] {dagbag.py:540} INFO - Filling up the DagBag from /home/airflow/.local/lib/python3.12/site-packages/airflow/example_dags/example_task_group_decorator.py
[2025-12-27T14:29:47.080+0000] {processor.py:840} INFO - DAG(s) 'example_task_group_decorator' retrieved from /home/airflow/.local/lib/python3.12/site-packages/airflow/example_dags/example_task_group_decorator.py
[2025-12-27T14:29:47.175+0000] {logging_mixin.py:188} INFO - [2025-12-27T14:29:47.175+0000] {dag.py:3096} INFO - Sync 1 DAGs
[2025-12-27T14:29:47.264+0000] {logging_mixin.py:188} INFO - [2025-12-27T14:29:47.263+0000] {dag.py:3954} INFO - Setting next_dagrun for example_task_group_decorator to 2025-12-26 00:00:00+00:00, run_after=2025-12-27 00:00:00+00:00
[2025-12-27T14:29:47.329+0000] {processor.py:183} INFO - Processing /home/airflow/.local/lib/python3.12/site-packages/airflow/example_dags/example_task_group_decorator.py took 0.341 seconds
[2025-12-27T14:30:17.530+0000] {processor.py:161} INFO - Started process (PID=1436) to work on /home/airflow/.local/lib/python3.12/site-packages/airflow/example_dags/example_task_group_decorator.py
[2025-12-27T14:30:17.551+0000] {processor.py:830} INFO - Processing file /home/airflow/.local/lib/python3.12/site-packages/airflow/example_dags/example_task_group_decorator.py for tasks to queue
[2025-12-27T14:30:17.555+0000] {logging_mixin.py:188} INFO - [2025-12-27T14:30:17.554+0000] {dagbag.py:540} INFO - Filling up the DagBag from /home/airflow/.local/lib/python3.12/site-packages/airflow/example_dags/example_task_group_decorator.py
[2025-12-27T14:30:17.709+0000] {processor.py:840} INFO - DAG(s) 'example_task_group_decorator' retrieved from /home/airflow/.local/lib/python3.12/site-packages/airflow/example_dags/example_task_group_decorator.py
[2025-12-27T14:30:18.037+0000] {logging_mixin.py:188} INFO - [2025-12-27T14:30:18.036+0000] {dag.py:3096} INFO - Sync 1 DAGs
[2025-12-27T14:30:18.356+0000] {logging_mixin.py:188} INFO - [2025-12-27T14:30:18.355+0000] {dag.py:3954} INFO - Setting next_dagrun for example_task_group_decorator to 2025-12-26 00:00:00+00:00, run_after=2025-12-27 00:00:00+00:00
[2025-12-27T14:30:18.455+0000] {processor.py:183} INFO - Processing /home/airflow/.local/lib/python3.12/site-packages/airflow/example_dags/example_task_group_decorator.py took 0.947 seconds
[2025-12-27T14:30:48.781+0000] {processor.py:161} INFO - Started process (PID=1496) to work on /home/airflow/.local/lib/python3.12/site-packages/airflow/example_dags/example_task_group_decorator.py
[2025-12-27T14:30:48.783+0000] {processor.py:830} INFO - Processing file /home/airflow/.local/lib/python3.12/site-packages/airflow/example_dags/example_task_group_decorator.py for tasks to queue
[2025-12-27T14:30:48.786+0000] {logging_mixin.py:188} INFO - [2025-12-27T14:30:48.785+0000] {dagbag.py:540} INFO - Filling up the DagBag from /home/airflow/.local/lib/python3.12/site-packages/airflow/example_dags/example_task_group_decorator.py
[2025-12-27T14:30:48.830+0000] {processor.py:840} INFO - DAG(s) 'example_task_group_decorator' retrieved from /home/airflow/.local/lib/python3.12/site-packages/airflow/example_dags/example_task_group_decorator.py
[2025-12-27T14:30:48.898+0000] {logging_mixin.py:188} INFO - [2025-12-27T14:30:48.897+0000] {dag.py:3096} INFO - Sync 1 DAGs
[2025-12-27T14:30:48.954+0000] {logging_mixin.py:188} INFO - [2025-12-27T14:30:48.954+0000] {dag.py:3954} INFO - Setting next_dagrun for example_task_group_decorator to 2025-12-26 00:00:00+00:00, run_after=2025-12-27 00:00:00+00:00
[2025-12-27T14:30:49.005+0000] {processor.py:183} INFO - Processing /home/airflow/.local/lib/python3.12/site-packages/airflow/example_dags/example_task_group_decorator.py took 0.242 seconds
[2025-12-27T14:31:19.203+0000] {processor.py:161} INFO - Started process (PID=1554) to work on /home/airflow/.local/lib/python3.12/site-packages/airflow/example_dags/example_task_group_decorator.py
[2025-12-27T14:31:19.206+0000] {processor.py:830} INFO - Processing file /home/airflow/.local/lib/python3.12/site-packages/airflow/example_dags/example_task_group_decorator.py for tasks to queue
[2025-12-27T14:31:19.210+0000] {logging_mixin.py:188} INFO - [2025-12-27T14:31:19.209+0000] {dagbag.py:540} INFO - Filling up the DagBag from /home/airflow/.local/lib/python3.12/site-packages/airflow/example_dags/example_task_group_decorator.py
[2025-12-27T14:31:19.262+0000] {processor.py:840} INFO - DAG(s) 'example_task_group_decorator' retrieved from /home/airflow/.local/lib/python3.12/site-packages/airflow/example_dags/example_task_group_decorator.py
[2025-12-27T14:31:19.336+0000] {logging_mixin.py:188} INFO - [2025-12-27T14:31:19.335+0000] {dag.py:3096} INFO - Sync 1 DAGs
[2025-12-27T14:31:19.396+0000] {logging_mixin.py:188} INFO - [2025-12-27T14:31:19.396+0000] {dag.py:3954} INFO - Setting next_dagrun for example_task_group_decorator to 2025-12-26 00:00:00+00:00, run_after=2025-12-27 00:00:00+00:00
[2025-12-27T14:31:19.454+0000] {processor.py:183} INFO - Processing /home/airflow/.local/lib/python3.12/site-packages/airflow/example_dags/example_task_group_decorator.py took 0.268 seconds
[2025-12-27T14:31:49.630+0000] {processor.py:161} INFO - Started process (PID=1612) to work on /home/airflow/.local/lib/python3.12/site-packages/airflow/example_dags/example_task_group_decorator.py
[2025-12-27T14:31:49.633+0000] {processor.py:830} INFO - Processing file /home/airflow/.local/lib/python3.12/site-packages/airflow/example_dags/example_task_group_decorator.py for tasks to queue
[2025-12-27T14:31:49.635+0000] {logging_mixin.py:188} INFO - [2025-12-27T14:31:49.634+0000] {dagbag.py:540} INFO - Filling up the DagBag from /home/airflow/.local/lib/python3.12/site-packages/airflow/example_dags/example_task_group_decorator.py
[2025-12-27T14:31:49.675+0000] {processor.py:840} INFO - DAG(s) 'example_task_group_decorator' retrieved from /home/airflow/.local/lib/python3.12/site-packages/airflow/example_dags/example_task_group_decorator.py
[2025-12-27T14:31:49.767+0000] {logging_mixin.py:188} INFO - [2025-12-27T14:31:49.767+0000] {dag.py:3096} INFO - Sync 1 DAGs
[2025-12-27T14:31:49.827+0000] {logging_mixin.py:188} INFO - [2025-12-27T14:31:49.826+0000] {dag.py:3954} INFO - Setting next_dagrun for example_task_group_decorator to 2025-12-26 00:00:00+00:00, run_after=2025-12-27 00:00:00+00:00
[2025-12-27T14:31:49.883+0000] {processor.py:183} INFO - Processing /home/airflow/.local/lib/python3.12/site-packages/airflow/example_dags/example_task_group_decorator.py took 0.270 seconds
[2025-12-27T14:32:20.090+0000] {processor.py:161} INFO - Started process (PID=1675) to work on /home/airflow/.local/lib/python3.12/site-packages/airflow/example_dags/example_task_group_decorator.py
[2025-12-27T14:32:20.094+0000] {processor.py:830} INFO - Processing file /home/airflow/.local/lib/python3.12/site-packages/airflow/example_dags/example_task_group_decorator.py for tasks to queue
[2025-12-27T14:32:20.097+0000] {logging_mixin.py:188} INFO - [2025-12-27T14:32:20.096+0000] {dagbag.py:540} INFO - Filling up the DagBag from /home/airflow/.local/lib/python3.12/site-packages/airflow/example_dags/example_task_group_decorator.py
[2025-12-27T14:32:20.161+0000] {processor.py:840} INFO - DAG(s) 'example_task_group_decorator' retrieved from /home/airflow/.local/lib/python3.12/site-packages/airflow/example_dags/example_task_group_decorator.py
[2025-12-27T14:32:20.233+0000] {logging_mixin.py:188} INFO - [2025-12-27T14:32:20.232+0000] {dag.py:3096} INFO - Sync 1 DAGs
[2025-12-27T14:32:20.287+0000] {logging_mixin.py:188} INFO - [2025-12-27T14:32:20.287+0000] {dag.py:3954} INFO - Setting next_dagrun for example_task_group_decorator to 2025-12-26 00:00:00+00:00, run_after=2025-12-27 00:00:00+00:00
[2025-12-27T14:32:20.353+0000] {processor.py:183} INFO - Processing /home/airflow/.local/lib/python3.12/site-packages/airflow/example_dags/example_task_group_decorator.py took 0.281 seconds
[2025-12-27T14:32:50.997+0000] {processor.py:161} INFO - Started process (PID=1734) to work on /home/airflow/.local/lib/python3.12/site-packages/airflow/example_dags/example_task_group_decorator.py
[2025-12-27T14:32:51.000+0000] {processor.py:830} INFO - Processing file /home/airflow/.local/lib/python3.12/site-packages/airflow/example_dags/example_task_group_decorator.py for tasks to queue
[2025-12-27T14:32:51.003+0000] {logging_mixin.py:188} INFO - [2025-12-27T14:32:51.002+0000] {dagbag.py:540} INFO - Filling up the DagBag from /home/airflow/.local/lib/python3.12/site-packages/airflow/example_dags/example_task_group_decorator.py
[2025-12-27T14:32:51.047+0000] {processor.py:840} INFO - DAG(s) 'example_task_group_decorator' retrieved from /home/airflow/.local/lib/python3.12/site-packages/airflow/example_dags/example_task_group_decorator.py
[2025-12-27T14:32:51.115+0000] {logging_mixin.py:188} INFO - [2025-12-27T14:32:51.115+0000] {dag.py:3096} INFO - Sync 1 DAGs
[2025-12-27T14:32:51.173+0000] {logging_mixin.py:188} INFO - [2025-12-27T14:32:51.172+0000] {dag.py:3954} INFO - Setting next_dagrun for example_task_group_decorator to 2025-12-26 00:00:00+00:00, run_after=2025-12-27 00:00:00+00:00
[2025-12-27T14:32:51.231+0000] {processor.py:183} INFO - Processing /home/airflow/.local/lib/python3.12/site-packages/airflow/example_dags/example_task_group_decorator.py took 0.249 seconds
[2025-12-27T14:33:22.122+0000] {processor.py:161} INFO - Started process (PID=1792) to work on /home/airflow/.local/lib/python3.12/site-packages/airflow/example_dags/example_task_group_decorator.py
[2025-12-27T14:33:22.125+0000] {processor.py:830} INFO - Processing file /home/airflow/.local/lib/python3.12/site-packages/airflow/example_dags/example_task_group_decorator.py for tasks to queue
[2025-12-27T14:33:22.127+0000] {logging_mixin.py:188} INFO - [2025-12-27T14:33:22.126+0000] {dagbag.py:540} INFO - Filling up the DagBag from /home/airflow/.local/lib/python3.12/site-packages/airflow/example_dags/example_task_group_decorator.py
[2025-12-27T14:33:22.178+0000] {processor.py:840} INFO - DAG(s) 'example_task_group_decorator' retrieved from /home/airflow/.local/lib/python3.12/site-packages/airflow/example_dags/example_task_group_decorator.py
[2025-12-27T14:33:22.270+0000] {logging_mixin.py:188} INFO - [2025-12-27T14:33:22.269+0000] {dag.py:3096} INFO - Sync 1 DAGs
[2025-12-27T14:33:22.348+0000] {logging_mixin.py:188} INFO - [2025-12-27T14:33:22.348+0000] {dag.py:3954} INFO - Setting next_dagrun for example_task_group_decorator to 2025-12-26 00:00:00+00:00, run_after=2025-12-27 00:00:00+00:00
[2025-12-27T14:33:22.414+0000] {processor.py:183} INFO - Processing /home/airflow/.local/lib/python3.12/site-packages/airflow/example_dags/example_task_group_decorator.py took 0.311 seconds
[2025-12-27T14:33:53.505+0000] {processor.py:161} INFO - Started process (PID=1850) to work on /home/airflow/.local/lib/python3.12/site-packages/airflow/example_dags/example_task_group_decorator.py
[2025-12-27T14:33:53.508+0000] {processor.py:830} INFO - Processing file /home/airflow/.local/lib/python3.12/site-packages/airflow/example_dags/example_task_group_decorator.py for tasks to queue
[2025-12-27T14:33:53.512+0000] {logging_mixin.py:188} INFO - [2025-12-27T14:33:53.511+0000] {dagbag.py:540} INFO - Filling up the DagBag from /home/airflow/.local/lib/python3.12/site-packages/airflow/example_dags/example_task_group_decorator.py
[2025-12-27T14:33:53.589+0000] {processor.py:840} INFO - DAG(s) 'example_task_group_decorator' retrieved from /home/airflow/.local/lib/python3.12/site-packages/airflow/example_dags/example_task_group_decorator.py
[2025-12-27T14:33:53.681+0000] {logging_mixin.py:188} INFO - [2025-12-27T14:33:53.680+0000] {dag.py:3096} INFO - Sync 1 DAGs
[2025-12-27T14:33:53.766+0000] {logging_mixin.py:188} INFO - [2025-12-27T14:33:53.765+0000] {dag.py:3954} INFO - Setting next_dagrun for example_task_group_decorator to 2025-12-26 00:00:00+00:00, run_after=2025-12-27 00:00:00+00:00
[2025-12-27T14:33:53.839+0000] {processor.py:183} INFO - Processing /home/airflow/.local/lib/python3.12/site-packages/airflow/example_dags/example_task_group_decorator.py took 0.359 seconds
[2025-12-27T14:34:25.590+0000] {processor.py:161} INFO - Started process (PID=1908) to work on /home/airflow/.local/lib/python3.12/site-packages/airflow/example_dags/example_task_group_decorator.py
[2025-12-27T14:34:25.593+0000] {processor.py:830} INFO - Processing file /home/airflow/.local/lib/python3.12/site-packages/airflow/example_dags/example_task_group_decorator.py for tasks to queue
[2025-12-27T14:34:25.596+0000] {logging_mixin.py:188} INFO - [2025-12-27T14:34:25.595+0000] {dagbag.py:540} INFO - Filling up the DagBag from /home/airflow/.local/lib/python3.12/site-packages/airflow/example_dags/example_task_group_decorator.py
[2025-12-27T14:34:25.926+0000] {processor.py:840} INFO - DAG(s) 'example_task_group_decorator' retrieved from /home/airflow/.local/lib/python3.12/site-packages/airflow/example_dags/example_task_group_decorator.py
[2025-12-27T14:34:26.131+0000] {logging_mixin.py:188} INFO - [2025-12-27T14:34:26.130+0000] {dag.py:3096} INFO - Sync 1 DAGs
[2025-12-27T14:34:26.300+0000] {logging_mixin.py:188} INFO - [2025-12-27T14:34:26.299+0000] {dag.py:3954} INFO - Setting next_dagrun for example_task_group_decorator to 2025-12-26 00:00:00+00:00, run_after=2025-12-27 00:00:00+00:00
[2025-12-27T14:34:26.393+0000] {processor.py:183} INFO - Processing /home/airflow/.local/lib/python3.12/site-packages/airflow/example_dags/example_task_group_decorator.py took 0.828 seconds
[2025-12-27T14:34:57.133+0000] {processor.py:161} INFO - Started process (PID=1967) to work on /home/airflow/.local/lib/python3.12/site-packages/airflow/example_dags/example_task_group_decorator.py
[2025-12-27T14:34:57.139+0000] {processor.py:830} INFO - Processing file /home/airflow/.local/lib/python3.12/site-packages/airflow/example_dags/example_task_group_decorator.py for tasks to queue
[2025-12-27T14:34:57.143+0000] {logging_mixin.py:188} INFO - [2025-12-27T14:34:57.142+0000] {dagbag.py:540} INFO - Filling up the DagBag from /home/airflow/.local/lib/python3.12/site-packages/airflow/example_dags/example_task_group_decorator.py
[2025-12-27T14:34:57.202+0000] {processor.py:840} INFO - DAG(s) 'example_task_group_decorator' retrieved from /home/airflow/.local/lib/python3.12/site-packages/airflow/example_dags/example_task_group_decorator.py
[2025-12-27T14:34:57.301+0000] {logging_mixin.py:188} INFO - [2025-12-27T14:34:57.300+0000] {dag.py:3096} INFO - Sync 1 DAGs
[2025-12-27T14:34:57.381+0000] {logging_mixin.py:188} INFO - [2025-12-27T14:34:57.380+0000] {dag.py:3954} INFO - Setting next_dagrun for example_task_group_decorator to 2025-12-26 00:00:00+00:00, run_after=2025-12-27 00:00:00+00:00
[2025-12-27T14:34:57.449+0000] {processor.py:183} INFO - Processing /home/airflow/.local/lib/python3.12/site-packages/airflow/example_dags/example_task_group_decorator.py took 0.344 seconds
[2025-12-27T14:35:27.670+0000] {processor.py:161} INFO - Started process (PID=2023) to work on /home/airflow/.local/lib/python3.12/site-packages/airflow/example_dags/example_task_group_decorator.py
[2025-12-27T14:35:27.674+0000] {processor.py:830} INFO - Processing file /home/airflow/.local/lib/python3.12/site-packages/airflow/example_dags/example_task_group_decorator.py for tasks to queue
[2025-12-27T14:35:27.677+0000] {logging_mixin.py:188} INFO - [2025-12-27T14:35:27.676+0000] {dagbag.py:540} INFO - Filling up the DagBag from /home/airflow/.local/lib/python3.12/site-packages/airflow/example_dags/example_task_group_decorator.py
[2025-12-27T14:35:27.775+0000] {processor.py:840} INFO - DAG(s) 'example_task_group_decorator' retrieved from /home/airflow/.local/lib/python3.12/site-packages/airflow/example_dags/example_task_group_decorator.py
[2025-12-27T14:35:27.877+0000] {logging_mixin.py:188} INFO - [2025-12-27T14:35:27.876+0000] {dag.py:3096} INFO - Sync 1 DAGs
[2025-12-27T14:35:27.976+0000] {logging_mixin.py:188} INFO - [2025-12-27T14:35:27.976+0000] {dag.py:3954} INFO - Setting next_dagrun for example_task_group_decorator to 2025-12-26 00:00:00+00:00, run_after=2025-12-27 00:00:00+00:00
[2025-12-27T14:35:28.062+0000] {processor.py:183} INFO - Processing /home/airflow/.local/lib/python3.12/site-packages/airflow/example_dags/example_task_group_decorator.py took 0.416 seconds
[2025-12-27T14:35:59.629+0000] {processor.py:161} INFO - Started process (PID=2081) to work on /home/airflow/.local/lib/python3.12/site-packages/airflow/example_dags/example_task_group_decorator.py
[2025-12-27T14:35:59.642+0000] {processor.py:830} INFO - Processing file /home/airflow/.local/lib/python3.12/site-packages/airflow/example_dags/example_task_group_decorator.py for tasks to queue
[2025-12-27T14:35:59.648+0000] {logging_mixin.py:188} INFO - [2025-12-27T14:35:59.646+0000] {dagbag.py:540} INFO - Filling up the DagBag from /home/airflow/.local/lib/python3.12/site-packages/airflow/example_dags/example_task_group_decorator.py
[2025-12-27T14:35:59.857+0000] {processor.py:840} INFO - DAG(s) 'example_task_group_decorator' retrieved from /home/airflow/.local/lib/python3.12/site-packages/airflow/example_dags/example_task_group_decorator.py
[2025-12-27T14:36:00.057+0000] {logging_mixin.py:188} INFO - [2025-12-27T14:36:00.056+0000] {dag.py:3096} INFO - Sync 1 DAGs
[2025-12-27T14:36:00.382+0000] {logging_mixin.py:188} INFO - [2025-12-27T14:36:00.375+0000] {dag.py:3954} INFO - Setting next_dagrun for example_task_group_decorator to 2025-12-26 00:00:00+00:00, run_after=2025-12-27 00:00:00+00:00
[2025-12-27T14:36:01.638+0000] {processor.py:183} INFO - Processing /home/airflow/.local/lib/python3.12/site-packages/airflow/example_dags/example_task_group_decorator.py took 2.053 seconds
[2025-12-27T14:36:37.403+0000] {processor.py:161} INFO - Started process (PID=2135) to work on /home/airflow/.local/lib/python3.12/site-packages/airflow/example_dags/example_task_group_decorator.py
[2025-12-27T14:36:37.407+0000] {processor.py:830} INFO - Processing file /home/airflow/.local/lib/python3.12/site-packages/airflow/example_dags/example_task_group_decorator.py for tasks to queue
[2025-12-27T14:36:37.410+0000] {logging_mixin.py:188} INFO - [2025-12-27T14:36:37.409+0000] {dagbag.py:540} INFO - Filling up the DagBag from /home/airflow/.local/lib/python3.12/site-packages/airflow/example_dags/example_task_group_decorator.py
[2025-12-27T14:36:37.485+0000] {processor.py:840} INFO - DAG(s) 'example_task_group_decorator' retrieved from /home/airflow/.local/lib/python3.12/site-packages/airflow/example_dags/example_task_group_decorator.py
[2025-12-27T14:36:37.583+0000] {logging_mixin.py:188} INFO - [2025-12-27T14:36:37.582+0000] {dag.py:3096} INFO - Sync 1 DAGs
[2025-12-27T14:36:37.659+0000] {logging_mixin.py:188} INFO - [2025-12-27T14:36:37.659+0000] {dag.py:3954} INFO - Setting next_dagrun for example_task_group_decorator to 2025-12-26 00:00:00+00:00, run_after=2025-12-27 00:00:00+00:00
[2025-12-27T14:36:37.736+0000] {processor.py:183} INFO - Processing /home/airflow/.local/lib/python3.12/site-packages/airflow/example_dags/example_task_group_decorator.py took 0.352 seconds
[2025-12-27T14:37:07.902+0000] {processor.py:161} INFO - Started process (PID=2194) to work on /home/airflow/.local/lib/python3.12/site-packages/airflow/example_dags/example_task_group_decorator.py
[2025-12-27T14:37:07.905+0000] {processor.py:830} INFO - Processing file /home/airflow/.local/lib/python3.12/site-packages/airflow/example_dags/example_task_group_decorator.py for tasks to queue
[2025-12-27T14:37:07.909+0000] {logging_mixin.py:188} INFO - [2025-12-27T14:37:07.907+0000] {dagbag.py:540} INFO - Filling up the DagBag from /home/airflow/.local/lib/python3.12/site-packages/airflow/example_dags/example_task_group_decorator.py
[2025-12-27T14:37:07.966+0000] {processor.py:840} INFO - DAG(s) 'example_task_group_decorator' retrieved from /home/airflow/.local/lib/python3.12/site-packages/airflow/example_dags/example_task_group_decorator.py
[2025-12-27T14:37:08.038+0000] {logging_mixin.py:188} INFO - [2025-12-27T14:37:08.038+0000] {dag.py:3096} INFO - Sync 1 DAGs
[2025-12-27T14:37:08.106+0000] {logging_mixin.py:188} INFO - [2025-12-27T14:37:08.106+0000] {dag.py:3954} INFO - Setting next_dagrun for example_task_group_decorator to 2025-12-26 00:00:00+00:00, run_after=2025-12-27 00:00:00+00:00
[2025-12-27T14:37:08.162+0000] {processor.py:183} INFO - Processing /home/airflow/.local/lib/python3.12/site-packages/airflow/example_dags/example_task_group_decorator.py took 0.278 seconds
[2025-12-27T14:37:40.016+0000] {processor.py:161} INFO - Started process (PID=2253) to work on /home/airflow/.local/lib/python3.12/site-packages/airflow/example_dags/example_task_group_decorator.py
[2025-12-27T14:37:40.019+0000] {processor.py:830} INFO - Processing file /home/airflow/.local/lib/python3.12/site-packages/airflow/example_dags/example_task_group_decorator.py for tasks to queue
[2025-12-27T14:37:40.024+0000] {logging_mixin.py:188} INFO - [2025-12-27T14:37:40.022+0000] {dagbag.py:540} INFO - Filling up the DagBag from /home/airflow/.local/lib/python3.12/site-packages/airflow/example_dags/example_task_group_decorator.py
[2025-12-27T14:37:40.112+0000] {processor.py:840} INFO - DAG(s) 'example_task_group_decorator' retrieved from /home/airflow/.local/lib/python3.12/site-packages/airflow/example_dags/example_task_group_decorator.py
[2025-12-27T14:37:40.235+0000] {logging_mixin.py:188} INFO - [2025-12-27T14:37:40.235+0000] {dag.py:3096} INFO - Sync 1 DAGs
[2025-12-27T14:37:40.362+0000] {logging_mixin.py:188} INFO - [2025-12-27T14:37:40.360+0000] {dag.py:3954} INFO - Setting next_dagrun for example_task_group_decorator to 2025-12-26 00:00:00+00:00, run_after=2025-12-27 00:00:00+00:00
[2025-12-27T14:37:40.470+0000] {processor.py:183} INFO - Processing /home/airflow/.local/lib/python3.12/site-packages/airflow/example_dags/example_task_group_decorator.py took 0.486 seconds
[2025-12-27T14:38:11.922+0000] {processor.py:161} INFO - Started process (PID=2311) to work on /home/airflow/.local/lib/python3.12/site-packages/airflow/example_dags/example_task_group_decorator.py
[2025-12-27T14:38:11.927+0000] {processor.py:830} INFO - Processing file /home/airflow/.local/lib/python3.12/site-packages/airflow/example_dags/example_task_group_decorator.py for tasks to queue
[2025-12-27T14:38:11.931+0000] {logging_mixin.py:188} INFO - [2025-12-27T14:38:11.930+0000] {dagbag.py:540} INFO - Filling up the DagBag from /home/airflow/.local/lib/python3.12/site-packages/airflow/example_dags/example_task_group_decorator.py
[2025-12-27T14:38:11.997+0000] {processor.py:840} INFO - DAG(s) 'example_task_group_decorator' retrieved from /home/airflow/.local/lib/python3.12/site-packages/airflow/example_dags/example_task_group_decorator.py
[2025-12-27T14:38:12.102+0000] {logging_mixin.py:188} INFO - [2025-12-27T14:38:12.101+0000] {dag.py:3096} INFO - Sync 1 DAGs
[2025-12-27T14:38:12.179+0000] {logging_mixin.py:188} INFO - [2025-12-27T14:38:12.179+0000] {dag.py:3954} INFO - Setting next_dagrun for example_task_group_decorator to 2025-12-26 00:00:00+00:00, run_after=2025-12-27 00:00:00+00:00
[2025-12-27T14:38:12.236+0000] {processor.py:183} INFO - Processing /home/airflow/.local/lib/python3.12/site-packages/airflow/example_dags/example_task_group_decorator.py took 0.339 seconds
[2025-12-27T14:38:44.392+0000] {processor.py:161} INFO - Started process (PID=2369) to work on /home/airflow/.local/lib/python3.12/site-packages/airflow/example_dags/example_task_group_decorator.py
[2025-12-27T14:38:44.396+0000] {processor.py:830} INFO - Processing file /home/airflow/.local/lib/python3.12/site-packages/airflow/example_dags/example_task_group_decorator.py for tasks to queue
[2025-12-27T14:38:44.400+0000] {logging_mixin.py:188} INFO - [2025-12-27T14:38:44.398+0000] {dagbag.py:540} INFO - Filling up the DagBag from /home/airflow/.local/lib/python3.12/site-packages/airflow/example_dags/example_task_group_decorator.py
[2025-12-27T14:38:44.521+0000] {processor.py:840} INFO - DAG(s) 'example_task_group_decorator' retrieved from /home/airflow/.local/lib/python3.12/site-packages/airflow/example_dags/example_task_group_decorator.py
[2025-12-27T14:38:44.746+0000] {logging_mixin.py:188} INFO - [2025-12-27T14:38:44.745+0000] {dag.py:3096} INFO - Sync 1 DAGs
[2025-12-27T14:38:44.862+0000] {logging_mixin.py:188} INFO - [2025-12-27T14:38:44.861+0000] {dag.py:3954} INFO - Setting next_dagrun for example_task_group_decorator to 2025-12-26 00:00:00+00:00, run_after=2025-12-27 00:00:00+00:00
[2025-12-27T14:38:44.942+0000] {processor.py:183} INFO - Processing /home/airflow/.local/lib/python3.12/site-packages/airflow/example_dags/example_task_group_decorator.py took 0.587 seconds
[2025-12-27T14:39:15.472+0000] {processor.py:161} INFO - Started process (PID=2427) to work on /home/airflow/.local/lib/python3.12/site-packages/airflow/example_dags/example_task_group_decorator.py
[2025-12-27T14:39:15.476+0000] {processor.py:830} INFO - Processing file /home/airflow/.local/lib/python3.12/site-packages/airflow/example_dags/example_task_group_decorator.py for tasks to queue
[2025-12-27T14:39:15.481+0000] {logging_mixin.py:188} INFO - [2025-12-27T14:39:15.479+0000] {dagbag.py:540} INFO - Filling up the DagBag from /home/airflow/.local/lib/python3.12/site-packages/airflow/example_dags/example_task_group_decorator.py
[2025-12-27T14:39:15.623+0000] {processor.py:840} INFO - DAG(s) 'example_task_group_decorator' retrieved from /home/airflow/.local/lib/python3.12/site-packages/airflow/example_dags/example_task_group_decorator.py
[2025-12-27T14:39:15.791+0000] {logging_mixin.py:188} INFO - [2025-12-27T14:39:15.789+0000] {dag.py:3096} INFO - Sync 1 DAGs
[2025-12-27T14:39:15.929+0000] {logging_mixin.py:188} INFO - [2025-12-27T14:39:15.927+0000] {dag.py:3954} INFO - Setting next_dagrun for example_task_group_decorator to 2025-12-26 00:00:00+00:00, run_after=2025-12-27 00:00:00+00:00
[2025-12-27T14:39:16.069+0000] {processor.py:183} INFO - Processing /home/airflow/.local/lib/python3.12/site-packages/airflow/example_dags/example_task_group_decorator.py took 0.629 seconds
[2025-12-27T14:39:46.907+0000] {processor.py:161} INFO - Started process (PID=2485) to work on /home/airflow/.local/lib/python3.12/site-packages/airflow/example_dags/example_task_group_decorator.py
[2025-12-27T14:39:46.912+0000] {processor.py:830} INFO - Processing file /home/airflow/.local/lib/python3.12/site-packages/airflow/example_dags/example_task_group_decorator.py for tasks to queue
[2025-12-27T14:39:46.915+0000] {logging_mixin.py:188} INFO - [2025-12-27T14:39:46.914+0000] {dagbag.py:540} INFO - Filling up the DagBag from /home/airflow/.local/lib/python3.12/site-packages/airflow/example_dags/example_task_group_decorator.py
[2025-12-27T14:39:46.969+0000] {processor.py:840} INFO - DAG(s) 'example_task_group_decorator' retrieved from /home/airflow/.local/lib/python3.12/site-packages/airflow/example_dags/example_task_group_decorator.py
[2025-12-27T14:39:47.044+0000] {logging_mixin.py:188} INFO - [2025-12-27T14:39:47.043+0000] {dag.py:3096} INFO - Sync 1 DAGs
[2025-12-27T14:39:47.104+0000] {logging_mixin.py:188} INFO - [2025-12-27T14:39:47.104+0000] {dag.py:3954} INFO - Setting next_dagrun for example_task_group_decorator to 2025-12-26 00:00:00+00:00, run_after=2025-12-27 00:00:00+00:00
[2025-12-27T14:39:47.158+0000] {processor.py:183} INFO - Processing /home/airflow/.local/lib/python3.12/site-packages/airflow/example_dags/example_task_group_decorator.py took 0.270 seconds
[2025-12-27T14:40:17.299+0000] {processor.py:161} INFO - Started process (PID=2541) to work on /home/airflow/.local/lib/python3.12/site-packages/airflow/example_dags/example_task_group_decorator.py
[2025-12-27T14:40:17.303+0000] {processor.py:830} INFO - Processing file /home/airflow/.local/lib/python3.12/site-packages/airflow/example_dags/example_task_group_decorator.py for tasks to queue
[2025-12-27T14:40:17.306+0000] {logging_mixin.py:188} INFO - [2025-12-27T14:40:17.305+0000] {dagbag.py:540} INFO - Filling up the DagBag from /home/airflow/.local/lib/python3.12/site-packages/airflow/example_dags/example_task_group_decorator.py
[2025-12-27T14:40:17.353+0000] {processor.py:840} INFO - DAG(s) 'example_task_group_decorator' retrieved from /home/airflow/.local/lib/python3.12/site-packages/airflow/example_dags/example_task_group_decorator.py
[2025-12-27T14:40:17.425+0000] {logging_mixin.py:188} INFO - [2025-12-27T14:40:17.425+0000] {dag.py:3096} INFO - Sync 1 DAGs
[2025-12-27T14:40:17.482+0000] {logging_mixin.py:188} INFO - [2025-12-27T14:40:17.481+0000] {dag.py:3954} INFO - Setting next_dagrun for example_task_group_decorator to 2025-12-26 00:00:00+00:00, run_after=2025-12-27 00:00:00+00:00
[2025-12-27T14:40:17.534+0000] {processor.py:183} INFO - Processing /home/airflow/.local/lib/python3.12/site-packages/airflow/example_dags/example_task_group_decorator.py took 0.251 seconds
[2025-12-27T14:40:48.438+0000] {processor.py:161} INFO - Started process (PID=2600) to work on /home/airflow/.local/lib/python3.12/site-packages/airflow/example_dags/example_task_group_decorator.py
[2025-12-27T14:40:48.441+0000] {processor.py:830} INFO - Processing file /home/airflow/.local/lib/python3.12/site-packages/airflow/example_dags/example_task_group_decorator.py for tasks to queue
[2025-12-27T14:40:48.443+0000] {logging_mixin.py:188} INFO - [2025-12-27T14:40:48.442+0000] {dagbag.py:540} INFO - Filling up the DagBag from /home/airflow/.local/lib/python3.12/site-packages/airflow/example_dags/example_task_group_decorator.py
[2025-12-27T14:40:48.491+0000] {processor.py:840} INFO - DAG(s) 'example_task_group_decorator' retrieved from /home/airflow/.local/lib/python3.12/site-packages/airflow/example_dags/example_task_group_decorator.py
[2025-12-27T14:40:48.572+0000] {logging_mixin.py:188} INFO - [2025-12-27T14:40:48.571+0000] {dag.py:3096} INFO - Sync 1 DAGs
[2025-12-27T14:40:48.647+0000] {logging_mixin.py:188} INFO - [2025-12-27T14:40:48.646+0000] {dag.py:3954} INFO - Setting next_dagrun for example_task_group_decorator to 2025-12-26 00:00:00+00:00, run_after=2025-12-27 00:00:00+00:00
[2025-12-27T14:40:48.726+0000] {processor.py:183} INFO - Processing /home/airflow/.local/lib/python3.12/site-packages/airflow/example_dags/example_task_group_decorator.py took 0.313 seconds
[2025-12-27T14:41:19.082+0000] {processor.py:161} INFO - Started process (PID=2658) to work on /home/airflow/.local/lib/python3.12/site-packages/airflow/example_dags/example_task_group_decorator.py
[2025-12-27T14:41:19.085+0000] {processor.py:830} INFO - Processing file /home/airflow/.local/lib/python3.12/site-packages/airflow/example_dags/example_task_group_decorator.py for tasks to queue
[2025-12-27T14:41:19.087+0000] {logging_mixin.py:188} INFO - [2025-12-27T14:41:19.087+0000] {dagbag.py:540} INFO - Filling up the DagBag from /home/airflow/.local/lib/python3.12/site-packages/airflow/example_dags/example_task_group_decorator.py
[2025-12-27T14:41:19.130+0000] {processor.py:840} INFO - DAG(s) 'example_task_group_decorator' retrieved from /home/airflow/.local/lib/python3.12/site-packages/airflow/example_dags/example_task_group_decorator.py
[2025-12-27T14:41:19.196+0000] {logging_mixin.py:188} INFO - [2025-12-27T14:41:19.195+0000] {dag.py:3096} INFO - Sync 1 DAGs
[2025-12-27T14:41:19.251+0000] {logging_mixin.py:188} INFO - [2025-12-27T14:41:19.251+0000] {dag.py:3954} INFO - Setting next_dagrun for example_task_group_decorator to 2025-12-26 00:00:00+00:00, run_after=2025-12-27 00:00:00+00:00
[2025-12-27T14:41:19.303+0000] {processor.py:183} INFO - Processing /home/airflow/.local/lib/python3.12/site-packages/airflow/example_dags/example_task_group_decorator.py took 0.236 seconds
[2025-12-27T14:41:49.513+0000] {processor.py:161} INFO - Started process (PID=2716) to work on /home/airflow/.local/lib/python3.12/site-packages/airflow/example_dags/example_task_group_decorator.py
[2025-12-27T14:41:49.515+0000] {processor.py:830} INFO - Processing file /home/airflow/.local/lib/python3.12/site-packages/airflow/example_dags/example_task_group_decorator.py for tasks to queue
[2025-12-27T14:41:49.518+0000] {logging_mixin.py:188} INFO - [2025-12-27T14:41:49.517+0000] {dagbag.py:540} INFO - Filling up the DagBag from /home/airflow/.local/lib/python3.12/site-packages/airflow/example_dags/example_task_group_decorator.py
[2025-12-27T14:41:49.571+0000] {processor.py:840} INFO - DAG(s) 'example_task_group_decorator' retrieved from /home/airflow/.local/lib/python3.12/site-packages/airflow/example_dags/example_task_group_decorator.py
[2025-12-27T14:41:49.638+0000] {logging_mixin.py:188} INFO - [2025-12-27T14:41:49.637+0000] {dag.py:3096} INFO - Sync 1 DAGs
[2025-12-27T14:41:49.696+0000] {logging_mixin.py:188} INFO - [2025-12-27T14:41:49.695+0000] {dag.py:3954} INFO - Setting next_dagrun for example_task_group_decorator to 2025-12-26 00:00:00+00:00, run_after=2025-12-27 00:00:00+00:00
[2025-12-27T14:41:49.746+0000] {processor.py:183} INFO - Processing /home/airflow/.local/lib/python3.12/site-packages/airflow/example_dags/example_task_group_decorator.py took 0.249 seconds
[2025-12-27T14:42:19.892+0000] {processor.py:161} INFO - Started process (PID=2773) to work on /home/airflow/.local/lib/python3.12/site-packages/airflow/example_dags/example_task_group_decorator.py
[2025-12-27T14:42:19.895+0000] {processor.py:830} INFO - Processing file /home/airflow/.local/lib/python3.12/site-packages/airflow/example_dags/example_task_group_decorator.py for tasks to queue
[2025-12-27T14:42:19.897+0000] {logging_mixin.py:188} INFO - [2025-12-27T14:42:19.896+0000] {dagbag.py:540} INFO - Filling up the DagBag from /home/airflow/.local/lib/python3.12/site-packages/airflow/example_dags/example_task_group_decorator.py
[2025-12-27T14:42:19.941+0000] {processor.py:840} INFO - DAG(s) 'example_task_group_decorator' retrieved from /home/airflow/.local/lib/python3.12/site-packages/airflow/example_dags/example_task_group_decorator.py
[2025-12-27T14:42:20.011+0000] {logging_mixin.py:188} INFO - [2025-12-27T14:42:20.010+0000] {dag.py:3096} INFO - Sync 1 DAGs
[2025-12-27T14:42:20.068+0000] {logging_mixin.py:188} INFO - [2025-12-27T14:42:20.068+0000] {dag.py:3954} INFO - Setting next_dagrun for example_task_group_decorator to 2025-12-26 00:00:00+00:00, run_after=2025-12-27 00:00:00+00:00
[2025-12-27T14:42:20.118+0000] {processor.py:183} INFO - Processing /home/airflow/.local/lib/python3.12/site-packages/airflow/example_dags/example_task_group_decorator.py took 0.243 seconds
[2025-12-27T14:42:50.519+0000] {processor.py:161} INFO - Started process (PID=2831) to work on /home/airflow/.local/lib/python3.12/site-packages/airflow/example_dags/example_task_group_decorator.py
[2025-12-27T14:42:50.524+0000] {processor.py:830} INFO - Processing file /home/airflow/.local/lib/python3.12/site-packages/airflow/example_dags/example_task_group_decorator.py for tasks to queue
[2025-12-27T14:42:50.527+0000] {logging_mixin.py:188} INFO - [2025-12-27T14:42:50.526+0000] {dagbag.py:540} INFO - Filling up the DagBag from /home/airflow/.local/lib/python3.12/site-packages/airflow/example_dags/example_task_group_decorator.py
[2025-12-27T14:42:50.571+0000] {processor.py:840} INFO - DAG(s) 'example_task_group_decorator' retrieved from /home/airflow/.local/lib/python3.12/site-packages/airflow/example_dags/example_task_group_decorator.py
[2025-12-27T14:42:50.656+0000] {logging_mixin.py:188} INFO - [2025-12-27T14:42:50.655+0000] {dag.py:3096} INFO - Sync 1 DAGs
[2025-12-27T14:42:50.754+0000] {logging_mixin.py:188} INFO - [2025-12-27T14:42:50.753+0000] {dag.py:3954} INFO - Setting next_dagrun for example_task_group_decorator to 2025-12-26 00:00:00+00:00, run_after=2025-12-27 00:00:00+00:00
[2025-12-27T14:42:50.869+0000] {processor.py:183} INFO - Processing /home/airflow/.local/lib/python3.12/site-packages/airflow/example_dags/example_task_group_decorator.py took 0.367 seconds
[2025-12-27T14:43:21.673+0000] {processor.py:161} INFO - Started process (PID=2889) to work on /home/airflow/.local/lib/python3.12/site-packages/airflow/example_dags/example_task_group_decorator.py
[2025-12-27T14:43:21.676+0000] {processor.py:830} INFO - Processing file /home/airflow/.local/lib/python3.12/site-packages/airflow/example_dags/example_task_group_decorator.py for tasks to queue
[2025-12-27T14:43:21.681+0000] {logging_mixin.py:188} INFO - [2025-12-27T14:43:21.680+0000] {dagbag.py:540} INFO - Filling up the DagBag from /home/airflow/.local/lib/python3.12/site-packages/airflow/example_dags/example_task_group_decorator.py
[2025-12-27T14:43:21.749+0000] {processor.py:840} INFO - DAG(s) 'example_task_group_decorator' retrieved from /home/airflow/.local/lib/python3.12/site-packages/airflow/example_dags/example_task_group_decorator.py
[2025-12-27T14:43:21.858+0000] {logging_mixin.py:188} INFO - [2025-12-27T14:43:21.857+0000] {dag.py:3096} INFO - Sync 1 DAGs
[2025-12-27T14:43:21.936+0000] {logging_mixin.py:188} INFO - [2025-12-27T14:43:21.935+0000] {dag.py:3954} INFO - Setting next_dagrun for example_task_group_decorator to 2025-12-26 00:00:00+00:00, run_after=2025-12-27 00:00:00+00:00
[2025-12-27T14:43:22.005+0000] {processor.py:183} INFO - Processing /home/airflow/.local/lib/python3.12/site-packages/airflow/example_dags/example_task_group_decorator.py took 0.361 seconds
[2025-12-27T14:43:52.747+0000] {processor.py:161} INFO - Started process (PID=2947) to work on /home/airflow/.local/lib/python3.12/site-packages/airflow/example_dags/example_task_group_decorator.py
[2025-12-27T14:43:52.750+0000] {processor.py:830} INFO - Processing file /home/airflow/.local/lib/python3.12/site-packages/airflow/example_dags/example_task_group_decorator.py for tasks to queue
[2025-12-27T14:43:52.753+0000] {logging_mixin.py:188} INFO - [2025-12-27T14:43:52.752+0000] {dagbag.py:540} INFO - Filling up the DagBag from /home/airflow/.local/lib/python3.12/site-packages/airflow/example_dags/example_task_group_decorator.py
[2025-12-27T14:43:52.828+0000] {processor.py:840} INFO - DAG(s) 'example_task_group_decorator' retrieved from /home/airflow/.local/lib/python3.12/site-packages/airflow/example_dags/example_task_group_decorator.py
[2025-12-27T14:43:52.945+0000] {logging_mixin.py:188} INFO - [2025-12-27T14:43:52.944+0000] {dag.py:3096} INFO - Sync 1 DAGs
[2025-12-27T14:43:53.017+0000] {logging_mixin.py:188} INFO - [2025-12-27T14:43:53.016+0000] {dag.py:3954} INFO - Setting next_dagrun for example_task_group_decorator to 2025-12-26 00:00:00+00:00, run_after=2025-12-27 00:00:00+00:00
[2025-12-27T14:43:53.079+0000] {processor.py:183} INFO - Processing /home/airflow/.local/lib/python3.12/site-packages/airflow/example_dags/example_task_group_decorator.py took 0.354 seconds
[2025-12-27T14:44:23.428+0000] {processor.py:161} INFO - Started process (PID=3006) to work on /home/airflow/.local/lib/python3.12/site-packages/airflow/example_dags/example_task_group_decorator.py
[2025-12-27T14:44:23.431+0000] {processor.py:830} INFO - Processing file /home/airflow/.local/lib/python3.12/site-packages/airflow/example_dags/example_task_group_decorator.py for tasks to queue
[2025-12-27T14:44:23.434+0000] {logging_mixin.py:188} INFO - [2025-12-27T14:44:23.433+0000] {dagbag.py:540} INFO - Filling up the DagBag from /home/airflow/.local/lib/python3.12/site-packages/airflow/example_dags/example_task_group_decorator.py
[2025-12-27T14:44:23.488+0000] {processor.py:840} INFO - DAG(s) 'example_task_group_decorator' retrieved from /home/airflow/.local/lib/python3.12/site-packages/airflow/example_dags/example_task_group_decorator.py
[2025-12-27T14:44:23.582+0000] {logging_mixin.py:188} INFO - [2025-12-27T14:44:23.581+0000] {dag.py:3096} INFO - Sync 1 DAGs
[2025-12-27T14:44:23.663+0000] {logging_mixin.py:188} INFO - [2025-12-27T14:44:23.662+0000] {dag.py:3954} INFO - Setting next_dagrun for example_task_group_decorator to 2025-12-26 00:00:00+00:00, run_after=2025-12-27 00:00:00+00:00
[2025-12-27T14:44:23.759+0000] {processor.py:183} INFO - Processing /home/airflow/.local/lib/python3.12/site-packages/airflow/example_dags/example_task_group_decorator.py took 0.347 seconds
[2025-12-27T14:44:55.318+0000] {processor.py:161} INFO - Started process (PID=3065) to work on /home/airflow/.local/lib/python3.12/site-packages/airflow/example_dags/example_task_group_decorator.py
[2025-12-27T14:44:55.323+0000] {processor.py:830} INFO - Processing file /home/airflow/.local/lib/python3.12/site-packages/airflow/example_dags/example_task_group_decorator.py for tasks to queue
[2025-12-27T14:44:55.330+0000] {logging_mixin.py:188} INFO - [2025-12-27T14:44:55.329+0000] {dagbag.py:540} INFO - Filling up the DagBag from /home/airflow/.local/lib/python3.12/site-packages/airflow/example_dags/example_task_group_decorator.py
[2025-12-27T14:44:55.410+0000] {processor.py:840} INFO - DAG(s) 'example_task_group_decorator' retrieved from /home/airflow/.local/lib/python3.12/site-packages/airflow/example_dags/example_task_group_decorator.py
[2025-12-27T14:44:55.577+0000] {logging_mixin.py:188} INFO - [2025-12-27T14:44:55.568+0000] {dag.py:3096} INFO - Sync 1 DAGs
[2025-12-27T14:44:55.801+0000] {logging_mixin.py:188} INFO - [2025-12-27T14:44:55.800+0000] {dag.py:3954} INFO - Setting next_dagrun for example_task_group_decorator to 2025-12-26 00:00:00+00:00, run_after=2025-12-27 00:00:00+00:00
[2025-12-27T14:44:55.940+0000] {processor.py:183} INFO - Processing /home/airflow/.local/lib/python3.12/site-packages/airflow/example_dags/example_task_group_decorator.py took 0.647 seconds
[2025-12-27T14:45:26.329+0000] {processor.py:161} INFO - Started process (PID=3124) to work on /home/airflow/.local/lib/python3.12/site-packages/airflow/example_dags/example_task_group_decorator.py
[2025-12-27T14:45:26.333+0000] {processor.py:830} INFO - Processing file /home/airflow/.local/lib/python3.12/site-packages/airflow/example_dags/example_task_group_decorator.py for tasks to queue
[2025-12-27T14:45:26.345+0000] {logging_mixin.py:188} INFO - [2025-12-27T14:45:26.344+0000] {dagbag.py:540} INFO - Filling up the DagBag from /home/airflow/.local/lib/python3.12/site-packages/airflow/example_dags/example_task_group_decorator.py
[2025-12-27T14:45:26.403+0000] {processor.py:840} INFO - DAG(s) 'example_task_group_decorator' retrieved from /home/airflow/.local/lib/python3.12/site-packages/airflow/example_dags/example_task_group_decorator.py
[2025-12-27T14:45:26.567+0000] {logging_mixin.py:188} INFO - [2025-12-27T14:45:26.567+0000] {dag.py:3096} INFO - Sync 1 DAGs
[2025-12-27T14:45:26.721+0000] {logging_mixin.py:188} INFO - [2025-12-27T14:45:26.720+0000] {dag.py:3954} INFO - Setting next_dagrun for example_task_group_decorator to 2025-12-26 00:00:00+00:00, run_after=2025-12-27 00:00:00+00:00
[2025-12-27T14:45:26.895+0000] {processor.py:183} INFO - Processing /home/airflow/.local/lib/python3.12/site-packages/airflow/example_dags/example_task_group_decorator.py took 0.585 seconds
[2025-12-27T14:45:57.237+0000] {processor.py:161} INFO - Started process (PID=3183) to work on /home/airflow/.local/lib/python3.12/site-packages/airflow/example_dags/example_task_group_decorator.py
[2025-12-27T14:45:57.240+0000] {processor.py:830} INFO - Processing file /home/airflow/.local/lib/python3.12/site-packages/airflow/example_dags/example_task_group_decorator.py for tasks to queue
[2025-12-27T14:45:57.243+0000] {logging_mixin.py:188} INFO - [2025-12-27T14:45:57.242+0000] {dagbag.py:540} INFO - Filling up the DagBag from /home/airflow/.local/lib/python3.12/site-packages/airflow/example_dags/example_task_group_decorator.py
[2025-12-27T14:45:57.284+0000] {processor.py:840} INFO - DAG(s) 'example_task_group_decorator' retrieved from /home/airflow/.local/lib/python3.12/site-packages/airflow/example_dags/example_task_group_decorator.py
[2025-12-27T14:45:57.352+0000] {logging_mixin.py:188} INFO - [2025-12-27T14:45:57.351+0000] {dag.py:3096} INFO - Sync 1 DAGs
[2025-12-27T14:45:57.410+0000] {logging_mixin.py:188} INFO - [2025-12-27T14:45:57.410+0000] {dag.py:3954} INFO - Setting next_dagrun for example_task_group_decorator to 2025-12-26 00:00:00+00:00, run_after=2025-12-27 00:00:00+00:00
[2025-12-27T14:45:57.460+0000] {processor.py:183} INFO - Processing /home/airflow/.local/lib/python3.12/site-packages/airflow/example_dags/example_task_group_decorator.py took 0.239 seconds
[2025-12-27T14:46:27.814+0000] {processor.py:161} INFO - Started process (PID=3241) to work on /home/airflow/.local/lib/python3.12/site-packages/airflow/example_dags/example_task_group_decorator.py
[2025-12-27T14:46:27.818+0000] {processor.py:830} INFO - Processing file /home/airflow/.local/lib/python3.12/site-packages/airflow/example_dags/example_task_group_decorator.py for tasks to queue
[2025-12-27T14:46:27.822+0000] {logging_mixin.py:188} INFO - [2025-12-27T14:46:27.820+0000] {dagbag.py:540} INFO - Filling up the DagBag from /home/airflow/.local/lib/python3.12/site-packages/airflow/example_dags/example_task_group_decorator.py
[2025-12-27T14:46:27.914+0000] {processor.py:840} INFO - DAG(s) 'example_task_group_decorator' retrieved from /home/airflow/.local/lib/python3.12/site-packages/airflow/example_dags/example_task_group_decorator.py
[2025-12-27T14:46:27.998+0000] {logging_mixin.py:188} INFO - [2025-12-27T14:46:27.997+0000] {dag.py:3096} INFO - Sync 1 DAGs
[2025-12-27T14:46:28.073+0000] {logging_mixin.py:188} INFO - [2025-12-27T14:46:28.073+0000] {dag.py:3954} INFO - Setting next_dagrun for example_task_group_decorator to 2025-12-26 00:00:00+00:00, run_after=2025-12-27 00:00:00+00:00
[2025-12-27T14:46:28.133+0000] {processor.py:183} INFO - Processing /home/airflow/.local/lib/python3.12/site-packages/airflow/example_dags/example_task_group_decorator.py took 0.339 seconds
[2025-12-27T14:46:58.745+0000] {processor.py:161} INFO - Started process (PID=3299) to work on /home/airflow/.local/lib/python3.12/site-packages/airflow/example_dags/example_task_group_decorator.py
[2025-12-27T14:46:58.748+0000] {processor.py:830} INFO - Processing file /home/airflow/.local/lib/python3.12/site-packages/airflow/example_dags/example_task_group_decorator.py for tasks to queue
[2025-12-27T14:46:58.752+0000] {logging_mixin.py:188} INFO - [2025-12-27T14:46:58.750+0000] {dagbag.py:540} INFO - Filling up the DagBag from /home/airflow/.local/lib/python3.12/site-packages/airflow/example_dags/example_task_group_decorator.py
[2025-12-27T14:46:58.838+0000] {processor.py:840} INFO - DAG(s) 'example_task_group_decorator' retrieved from /home/airflow/.local/lib/python3.12/site-packages/airflow/example_dags/example_task_group_decorator.py
[2025-12-27T14:46:58.926+0000] {logging_mixin.py:188} INFO - [2025-12-27T14:46:58.925+0000] {dag.py:3096} INFO - Sync 1 DAGs
[2025-12-27T14:46:59.007+0000] {logging_mixin.py:188} INFO - [2025-12-27T14:46:59.007+0000] {dag.py:3954} INFO - Setting next_dagrun for example_task_group_decorator to 2025-12-26 00:00:00+00:00, run_after=2025-12-27 00:00:00+00:00
[2025-12-27T14:46:59.067+0000] {processor.py:183} INFO - Processing /home/airflow/.local/lib/python3.12/site-packages/airflow/example_dags/example_task_group_decorator.py took 0.344 seconds
[2025-12-27T14:47:29.674+0000] {processor.py:161} INFO - Started process (PID=3357) to work on /home/airflow/.local/lib/python3.12/site-packages/airflow/example_dags/example_task_group_decorator.py
[2025-12-27T14:47:29.677+0000] {processor.py:830} INFO - Processing file /home/airflow/.local/lib/python3.12/site-packages/airflow/example_dags/example_task_group_decorator.py for tasks to queue
[2025-12-27T14:47:29.681+0000] {logging_mixin.py:188} INFO - [2025-12-27T14:47:29.680+0000] {dagbag.py:540} INFO - Filling up the DagBag from /home/airflow/.local/lib/python3.12/site-packages/airflow/example_dags/example_task_group_decorator.py
[2025-12-27T14:47:29.725+0000] {processor.py:840} INFO - DAG(s) 'example_task_group_decorator' retrieved from /home/airflow/.local/lib/python3.12/site-packages/airflow/example_dags/example_task_group_decorator.py
[2025-12-27T14:47:29.823+0000] {logging_mixin.py:188} INFO - [2025-12-27T14:47:29.822+0000] {dag.py:3096} INFO - Sync 1 DAGs
[2025-12-27T14:47:29.897+0000] {logging_mixin.py:188} INFO - [2025-12-27T14:47:29.896+0000] {dag.py:3954} INFO - Setting next_dagrun for example_task_group_decorator to 2025-12-26 00:00:00+00:00, run_after=2025-12-27 00:00:00+00:00
[2025-12-27T14:47:29.946+0000] {processor.py:183} INFO - Processing /home/airflow/.local/lib/python3.12/site-packages/airflow/example_dags/example_task_group_decorator.py took 0.291 seconds
[2025-12-27T14:48:00.383+0000] {processor.py:161} INFO - Started process (PID=3415) to work on /home/airflow/.local/lib/python3.12/site-packages/airflow/example_dags/example_task_group_decorator.py
[2025-12-27T14:48:00.386+0000] {processor.py:830} INFO - Processing file /home/airflow/.local/lib/python3.12/site-packages/airflow/example_dags/example_task_group_decorator.py for tasks to queue
[2025-12-27T14:48:00.389+0000] {logging_mixin.py:188} INFO - [2025-12-27T14:48:00.388+0000] {dagbag.py:540} INFO - Filling up the DagBag from /home/airflow/.local/lib/python3.12/site-packages/airflow/example_dags/example_task_group_decorator.py
[2025-12-27T14:48:00.433+0000] {processor.py:840} INFO - DAG(s) 'example_task_group_decorator' retrieved from /home/airflow/.local/lib/python3.12/site-packages/airflow/example_dags/example_task_group_decorator.py
[2025-12-27T14:48:00.500+0000] {logging_mixin.py:188} INFO - [2025-12-27T14:48:00.500+0000] {dag.py:3096} INFO - Sync 1 DAGs
[2025-12-27T14:48:00.557+0000] {logging_mixin.py:188} INFO - [2025-12-27T14:48:00.557+0000] {dag.py:3954} INFO - Setting next_dagrun for example_task_group_decorator to 2025-12-26 00:00:00+00:00, run_after=2025-12-27 00:00:00+00:00
[2025-12-27T14:48:00.606+0000] {processor.py:183} INFO - Processing /home/airflow/.local/lib/python3.12/site-packages/airflow/example_dags/example_task_group_decorator.py took 0.247 seconds
[2025-12-27T14:48:31.263+0000] {processor.py:161} INFO - Started process (PID=3474) to work on /home/airflow/.local/lib/python3.12/site-packages/airflow/example_dags/example_task_group_decorator.py
[2025-12-27T14:48:31.276+0000] {processor.py:830} INFO - Processing file /home/airflow/.local/lib/python3.12/site-packages/airflow/example_dags/example_task_group_decorator.py for tasks to queue
[2025-12-27T14:48:31.341+0000] {logging_mixin.py:188} INFO - [2025-12-27T14:48:31.339+0000] {dagbag.py:540} INFO - Filling up the DagBag from /home/airflow/.local/lib/python3.12/site-packages/airflow/example_dags/example_task_group_decorator.py
[2025-12-27T14:48:31.543+0000] {processor.py:840} INFO - DAG(s) 'example_task_group_decorator' retrieved from /home/airflow/.local/lib/python3.12/site-packages/airflow/example_dags/example_task_group_decorator.py
[2025-12-27T14:48:31.968+0000] {logging_mixin.py:188} INFO - [2025-12-27T14:48:31.968+0000] {dag.py:3096} INFO - Sync 1 DAGs
[2025-12-27T14:48:32.210+0000] {logging_mixin.py:188} INFO - [2025-12-27T14:48:32.206+0000] {dag.py:3954} INFO - Setting next_dagrun for example_task_group_decorator to 2025-12-26 00:00:00+00:00, run_after=2025-12-27 00:00:00+00:00
[2025-12-27T14:48:32.350+0000] {processor.py:183} INFO - Processing /home/airflow/.local/lib/python3.12/site-packages/airflow/example_dags/example_task_group_decorator.py took 1.130 seconds
[2025-12-27T14:49:05.495+0000] {processor.py:161} INFO - Started process (PID=3532) to work on /home/airflow/.local/lib/python3.12/site-packages/airflow/example_dags/example_task_group_decorator.py
[2025-12-27T14:49:05.500+0000] {processor.py:830} INFO - Processing file /home/airflow/.local/lib/python3.12/site-packages/airflow/example_dags/example_task_group_decorator.py for tasks to queue
[2025-12-27T14:49:05.503+0000] {logging_mixin.py:188} INFO - [2025-12-27T14:49:05.502+0000] {dagbag.py:540} INFO - Filling up the DagBag from /home/airflow/.local/lib/python3.12/site-packages/airflow/example_dags/example_task_group_decorator.py
[2025-12-27T14:49:05.595+0000] {processor.py:840} INFO - DAG(s) 'example_task_group_decorator' retrieved from /home/airflow/.local/lib/python3.12/site-packages/airflow/example_dags/example_task_group_decorator.py
[2025-12-27T14:49:05.712+0000] {logging_mixin.py:188} INFO - [2025-12-27T14:49:05.711+0000] {dag.py:3096} INFO - Sync 1 DAGs
[2025-12-27T14:49:05.815+0000] {logging_mixin.py:188} INFO - [2025-12-27T14:49:05.814+0000] {dag.py:3954} INFO - Setting next_dagrun for example_task_group_decorator to 2025-12-26 00:00:00+00:00, run_after=2025-12-27 00:00:00+00:00
[2025-12-27T14:49:05.901+0000] {processor.py:183} INFO - Processing /home/airflow/.local/lib/python3.12/site-packages/airflow/example_dags/example_task_group_decorator.py took 0.426 seconds
[2025-12-27T14:49:36.345+0000] {processor.py:161} INFO - Started process (PID=3590) to work on /home/airflow/.local/lib/python3.12/site-packages/airflow/example_dags/example_task_group_decorator.py
[2025-12-27T14:49:36.349+0000] {processor.py:830} INFO - Processing file /home/airflow/.local/lib/python3.12/site-packages/airflow/example_dags/example_task_group_decorator.py for tasks to queue
[2025-12-27T14:49:36.353+0000] {logging_mixin.py:188} INFO - [2025-12-27T14:49:36.352+0000] {dagbag.py:540} INFO - Filling up the DagBag from /home/airflow/.local/lib/python3.12/site-packages/airflow/example_dags/example_task_group_decorator.py
[2025-12-27T14:49:36.425+0000] {processor.py:840} INFO - DAG(s) 'example_task_group_decorator' retrieved from /home/airflow/.local/lib/python3.12/site-packages/airflow/example_dags/example_task_group_decorator.py
[2025-12-27T14:49:36.510+0000] {logging_mixin.py:188} INFO - [2025-12-27T14:49:36.509+0000] {dag.py:3096} INFO - Sync 1 DAGs
[2025-12-27T14:49:36.580+0000] {logging_mixin.py:188} INFO - [2025-12-27T14:49:36.579+0000] {dag.py:3954} INFO - Setting next_dagrun for example_task_group_decorator to 2025-12-26 00:00:00+00:00, run_after=2025-12-27 00:00:00+00:00
[2025-12-27T14:49:36.645+0000] {processor.py:183} INFO - Processing /home/airflow/.local/lib/python3.12/site-packages/airflow/example_dags/example_task_group_decorator.py took 0.323 seconds
[2025-12-27T14:50:11.515+0000] {processor.py:161} INFO - Started process (PID=3647) to work on /home/airflow/.local/lib/python3.12/site-packages/airflow/example_dags/example_task_group_decorator.py
[2025-12-27T14:50:11.523+0000] {processor.py:830} INFO - Processing file /home/airflow/.local/lib/python3.12/site-packages/airflow/example_dags/example_task_group_decorator.py for tasks to queue
[2025-12-27T14:50:11.529+0000] {logging_mixin.py:188} INFO - [2025-12-27T14:50:11.527+0000] {dagbag.py:540} INFO - Filling up the DagBag from /home/airflow/.local/lib/python3.12/site-packages/airflow/example_dags/example_task_group_decorator.py
[2025-12-27T14:50:11.663+0000] {processor.py:840} INFO - DAG(s) 'example_task_group_decorator' retrieved from /home/airflow/.local/lib/python3.12/site-packages/airflow/example_dags/example_task_group_decorator.py
[2025-12-27T14:50:11.855+0000] {logging_mixin.py:188} INFO - [2025-12-27T14:50:11.854+0000] {dag.py:3096} INFO - Sync 1 DAGs
[2025-12-27T14:50:12.042+0000] {logging_mixin.py:188} INFO - [2025-12-27T14:50:12.041+0000] {dag.py:3954} INFO - Setting next_dagrun for example_task_group_decorator to 2025-12-26 00:00:00+00:00, run_after=2025-12-27 00:00:00+00:00
[2025-12-27T14:50:12.267+0000] {processor.py:183} INFO - Processing /home/airflow/.local/lib/python3.12/site-packages/airflow/example_dags/example_task_group_decorator.py took 0.797 seconds
[2025-12-27T14:50:42.587+0000] {processor.py:161} INFO - Started process (PID=3703) to work on /home/airflow/.local/lib/python3.12/site-packages/airflow/example_dags/example_task_group_decorator.py
[2025-12-27T14:50:42.592+0000] {processor.py:830} INFO - Processing file /home/airflow/.local/lib/python3.12/site-packages/airflow/example_dags/example_task_group_decorator.py for tasks to queue
[2025-12-27T14:50:42.597+0000] {logging_mixin.py:188} INFO - [2025-12-27T14:50:42.596+0000] {dagbag.py:540} INFO - Filling up the DagBag from /home/airflow/.local/lib/python3.12/site-packages/airflow/example_dags/example_task_group_decorator.py
[2025-12-27T14:50:42.697+0000] {processor.py:840} INFO - DAG(s) 'example_task_group_decorator' retrieved from /home/airflow/.local/lib/python3.12/site-packages/airflow/example_dags/example_task_group_decorator.py
[2025-12-27T14:50:42.822+0000] {logging_mixin.py:188} INFO - [2025-12-27T14:50:42.820+0000] {dag.py:3096} INFO - Sync 1 DAGs
[2025-12-27T14:50:42.941+0000] {logging_mixin.py:188} INFO - [2025-12-27T14:50:42.940+0000] {dag.py:3954} INFO - Setting next_dagrun for example_task_group_decorator to 2025-12-26 00:00:00+00:00, run_after=2025-12-27 00:00:00+00:00
[2025-12-27T14:50:43.028+0000] {processor.py:183} INFO - Processing /home/airflow/.local/lib/python3.12/site-packages/airflow/example_dags/example_task_group_decorator.py took 0.467 seconds
[2025-12-27T14:51:19.414+0000] {processor.py:161} INFO - Started process (PID=3759) to work on /home/airflow/.local/lib/python3.12/site-packages/airflow/example_dags/example_task_group_decorator.py
[2025-12-27T14:51:19.472+0000] {processor.py:830} INFO - Processing file /home/airflow/.local/lib/python3.12/site-packages/airflow/example_dags/example_task_group_decorator.py for tasks to queue
[2025-12-27T14:51:19.512+0000] {logging_mixin.py:188} INFO - [2025-12-27T14:51:19.510+0000] {dagbag.py:540} INFO - Filling up the DagBag from /home/airflow/.local/lib/python3.12/site-packages/airflow/example_dags/example_task_group_decorator.py
[2025-12-27T14:51:20.360+0000] {processor.py:840} INFO - DAG(s) 'example_task_group_decorator' retrieved from /home/airflow/.local/lib/python3.12/site-packages/airflow/example_dags/example_task_group_decorator.py
[2025-12-27T14:51:21.089+0000] {logging_mixin.py:188} INFO - [2025-12-27T14:51:21.085+0000] {dag.py:3096} INFO - Sync 1 DAGs
[2025-12-27T14:51:21.290+0000] {logging_mixin.py:188} INFO - [2025-12-27T14:51:21.289+0000] {dag.py:3954} INFO - Setting next_dagrun for example_task_group_decorator to 2025-12-26 00:00:00+00:00, run_after=2025-12-27 00:00:00+00:00
[2025-12-27T14:51:21.397+0000] {processor.py:183} INFO - Processing /home/airflow/.local/lib/python3.12/site-packages/airflow/example_dags/example_task_group_decorator.py took 2.024 seconds
[2025-12-27T14:53:23.459+0000] {processor.py:161} INFO - Started process (PID=3827) to work on /home/airflow/.local/lib/python3.12/site-packages/airflow/example_dags/example_task_group_decorator.py
[2025-12-27T14:53:23.501+0000] {processor.py:830} INFO - Processing file /home/airflow/.local/lib/python3.12/site-packages/airflow/example_dags/example_task_group_decorator.py for tasks to queue
[2025-12-27T14:53:23.535+0000] {logging_mixin.py:188} INFO - [2025-12-27T14:53:23.506+0000] {dagbag.py:540} INFO - Filling up the DagBag from /home/airflow/.local/lib/python3.12/site-packages/airflow/example_dags/example_task_group_decorator.py
[2025-12-27T14:53:24.758+0000] {processor.py:840} INFO - DAG(s) 'example_task_group_decorator' retrieved from /home/airflow/.local/lib/python3.12/site-packages/airflow/example_dags/example_task_group_decorator.py
[2025-12-27T14:53:27.240+0000] {logging_mixin.py:188} INFO - [2025-12-27T14:53:27.214+0000] {dag.py:3096} INFO - Sync 1 DAGs
[2025-12-27T14:53:30.867+0000] {logging_mixin.py:188} INFO - [2025-12-27T14:53:30.864+0000] {dag.py:3954} INFO - Setting next_dagrun for example_task_group_decorator to 2025-12-26 00:00:00+00:00, run_after=2025-12-27 00:00:00+00:00
[2025-12-27T14:53:31.661+0000] {processor.py:183} INFO - Processing /home/airflow/.local/lib/python3.12/site-packages/airflow/example_dags/example_task_group_decorator.py took 8.529 seconds
[2025-12-27T14:56:18.578+0000] {processor.py:161} INFO - Started process (PID=3892) to work on /home/airflow/.local/lib/python3.12/site-packages/airflow/example_dags/example_task_group_decorator.py
[2025-12-27T14:56:18.815+0000] {processor.py:830} INFO - Processing file /home/airflow/.local/lib/python3.12/site-packages/airflow/example_dags/example_task_group_decorator.py for tasks to queue
[2025-12-27T14:56:18.937+0000] {logging_mixin.py:188} INFO - [2025-12-27T14:56:18.859+0000] {dagbag.py:540} INFO - Filling up the DagBag from /home/airflow/.local/lib/python3.12/site-packages/airflow/example_dags/example_task_group_decorator.py
[2025-12-27T14:56:20.982+0000] {processor.py:840} INFO - DAG(s) 'example_task_group_decorator' retrieved from /home/airflow/.local/lib/python3.12/site-packages/airflow/example_dags/example_task_group_decorator.py
[2025-12-27T14:56:22.688+0000] {logging_mixin.py:188} INFO - [2025-12-27T14:56:22.682+0000] {dag.py:3096} INFO - Sync 1 DAGs
[2025-12-27T14:56:24.105+0000] {logging_mixin.py:188} INFO - [2025-12-27T14:56:24.104+0000] {dag.py:3954} INFO - Setting next_dagrun for example_task_group_decorator to 2025-12-26 00:00:00+00:00, run_after=2025-12-27 00:00:00+00:00
[2025-12-27T14:56:24.366+0000] {processor.py:183} INFO - Processing /home/airflow/.local/lib/python3.12/site-packages/airflow/example_dags/example_task_group_decorator.py took 6.670 seconds
