[2025-12-27T14:15:08.779+0000] {processor.py:161} INFO - Started process (PID=119) to work on /home/airflow/.local/lib/python3.12/site-packages/airflow/example_dags/example_task_group.py
[2025-12-27T14:15:08.801+0000] {processor.py:830} INFO - Processing file /home/airflow/.local/lib/python3.12/site-packages/airflow/example_dags/example_task_group.py for tasks to queue
[2025-12-27T14:15:08.827+0000] {logging_mixin.py:188} INFO - [2025-12-27T14:15:08.825+0000] {dagbag.py:540} INFO - Filling up the DagBag from /home/airflow/.local/lib/python3.12/site-packages/airflow/example_dags/example_task_group.py
[2025-12-27T14:15:08.884+0000] {processor.py:840} INFO - DAG(s) 'example_task_group' retrieved from /home/airflow/.local/lib/python3.12/site-packages/airflow/example_dags/example_task_group.py
[2025-12-27T14:15:09.562+0000] {logging_mixin.py:188} INFO - [2025-12-27T14:15:09.561+0000] {dag.py:3096} INFO - Sync 1 DAGs
[2025-12-27T14:15:09.643+0000] {logging_mixin.py:188} INFO - [2025-12-27T14:15:09.642+0000] {dag.py:3954} INFO - Setting next_dagrun for example_task_group to 2025-12-26 00:00:00+00:00, run_after=2025-12-27 00:00:00+00:00
[2025-12-27T14:15:09.727+0000] {processor.py:183} INFO - Processing /home/airflow/.local/lib/python3.12/site-packages/airflow/example_dags/example_task_group.py took 0.995 seconds
[2025-12-27T14:15:40.257+0000] {processor.py:161} INFO - Started process (PID=176) to work on /home/airflow/.local/lib/python3.12/site-packages/airflow/example_dags/example_task_group.py
[2025-12-27T14:15:40.263+0000] {processor.py:830} INFO - Processing file /home/airflow/.local/lib/python3.12/site-packages/airflow/example_dags/example_task_group.py for tasks to queue
[2025-12-27T14:15:40.273+0000] {logging_mixin.py:188} INFO - [2025-12-27T14:15:40.269+0000] {dagbag.py:540} INFO - Filling up the DagBag from /home/airflow/.local/lib/python3.12/site-packages/airflow/example_dags/example_task_group.py
[2025-12-27T14:15:40.314+0000] {processor.py:840} INFO - DAG(s) 'example_task_group' retrieved from /home/airflow/.local/lib/python3.12/site-packages/airflow/example_dags/example_task_group.py
[2025-12-27T14:15:40.440+0000] {logging_mixin.py:188} INFO - [2025-12-27T14:15:40.439+0000] {dag.py:3096} INFO - Sync 1 DAGs
[2025-12-27T14:15:40.548+0000] {logging_mixin.py:188} INFO - [2025-12-27T14:15:40.547+0000] {dag.py:3954} INFO - Setting next_dagrun for example_task_group to 2025-12-26 00:00:00+00:00, run_after=2025-12-27 00:00:00+00:00
[2025-12-27T14:15:40.629+0000] {processor.py:183} INFO - Processing /home/airflow/.local/lib/python3.12/site-packages/airflow/example_dags/example_task_group.py took 0.401 seconds
[2025-12-27T14:16:10.852+0000] {processor.py:161} INFO - Started process (PID=235) to work on /home/airflow/.local/lib/python3.12/site-packages/airflow/example_dags/example_task_group.py
[2025-12-27T14:16:10.854+0000] {processor.py:830} INFO - Processing file /home/airflow/.local/lib/python3.12/site-packages/airflow/example_dags/example_task_group.py for tasks to queue
[2025-12-27T14:16:10.863+0000] {logging_mixin.py:188} INFO - [2025-12-27T14:16:10.862+0000] {dagbag.py:540} INFO - Filling up the DagBag from /home/airflow/.local/lib/python3.12/site-packages/airflow/example_dags/example_task_group.py
[2025-12-27T14:16:10.895+0000] {processor.py:840} INFO - DAG(s) 'example_task_group' retrieved from /home/airflow/.local/lib/python3.12/site-packages/airflow/example_dags/example_task_group.py
[2025-12-27T14:16:11.026+0000] {logging_mixin.py:188} INFO - [2025-12-27T14:16:11.025+0000] {dag.py:3096} INFO - Sync 1 DAGs
[2025-12-27T14:16:11.109+0000] {logging_mixin.py:188} INFO - [2025-12-27T14:16:11.108+0000] {dag.py:3954} INFO - Setting next_dagrun for example_task_group to 2025-12-26 00:00:00+00:00, run_after=2025-12-27 00:00:00+00:00
[2025-12-27T14:16:11.162+0000] {processor.py:183} INFO - Processing /home/airflow/.local/lib/python3.12/site-packages/airflow/example_dags/example_task_group.py took 0.325 seconds
[2025-12-27T14:16:41.307+0000] {processor.py:161} INFO - Started process (PID=292) to work on /home/airflow/.local/lib/python3.12/site-packages/airflow/example_dags/example_task_group.py
[2025-12-27T14:16:41.320+0000] {processor.py:830} INFO - Processing file /home/airflow/.local/lib/python3.12/site-packages/airflow/example_dags/example_task_group.py for tasks to queue
[2025-12-27T14:16:41.328+0000] {logging_mixin.py:188} INFO - [2025-12-27T14:16:41.327+0000] {dagbag.py:540} INFO - Filling up the DagBag from /home/airflow/.local/lib/python3.12/site-packages/airflow/example_dags/example_task_group.py
[2025-12-27T14:16:41.369+0000] {processor.py:840} INFO - DAG(s) 'example_task_group' retrieved from /home/airflow/.local/lib/python3.12/site-packages/airflow/example_dags/example_task_group.py
[2025-12-27T14:16:41.449+0000] {logging_mixin.py:188} INFO - [2025-12-27T14:16:41.448+0000] {dag.py:3096} INFO - Sync 1 DAGs
[2025-12-27T14:16:41.517+0000] {logging_mixin.py:188} INFO - [2025-12-27T14:16:41.517+0000] {dag.py:3954} INFO - Setting next_dagrun for example_task_group to 2025-12-26 00:00:00+00:00, run_after=2025-12-27 00:00:00+00:00
[2025-12-27T14:16:41.591+0000] {processor.py:183} INFO - Processing /home/airflow/.local/lib/python3.12/site-packages/airflow/example_dags/example_task_group.py took 0.304 seconds
[2025-12-27T14:17:14.279+0000] {processor.py:161} INFO - Started process (PID=350) to work on /home/airflow/.local/lib/python3.12/site-packages/airflow/example_dags/example_task_group.py
[2025-12-27T14:17:14.284+0000] {processor.py:830} INFO - Processing file /home/airflow/.local/lib/python3.12/site-packages/airflow/example_dags/example_task_group.py for tasks to queue
[2025-12-27T14:17:14.292+0000] {logging_mixin.py:188} INFO - [2025-12-27T14:17:14.290+0000] {dagbag.py:540} INFO - Filling up the DagBag from /home/airflow/.local/lib/python3.12/site-packages/airflow/example_dags/example_task_group.py
[2025-12-27T14:17:14.371+0000] {processor.py:840} INFO - DAG(s) 'example_task_group' retrieved from /home/airflow/.local/lib/python3.12/site-packages/airflow/example_dags/example_task_group.py
[2025-12-27T14:17:14.776+0000] {logging_mixin.py:188} INFO - [2025-12-27T14:17:14.775+0000] {dag.py:3096} INFO - Sync 1 DAGs
[2025-12-27T14:17:15.138+0000] {logging_mixin.py:188} INFO - [2025-12-27T14:17:15.137+0000] {dag.py:3954} INFO - Setting next_dagrun for example_task_group to 2025-12-26 00:00:00+00:00, run_after=2025-12-27 00:00:00+00:00
[2025-12-27T14:17:15.498+0000] {processor.py:183} INFO - Processing /home/airflow/.local/lib/python3.12/site-packages/airflow/example_dags/example_task_group.py took 1.294 seconds
[2025-12-27T14:18:04.510+0000] {processor.py:161} INFO - Started process (PID=411) to work on /home/airflow/.local/lib/python3.12/site-packages/airflow/example_dags/example_task_group.py
[2025-12-27T14:18:04.514+0000] {processor.py:830} INFO - Processing file /home/airflow/.local/lib/python3.12/site-packages/airflow/example_dags/example_task_group.py for tasks to queue
[2025-12-27T14:18:04.531+0000] {logging_mixin.py:188} INFO - [2025-12-27T14:18:04.530+0000] {dagbag.py:540} INFO - Filling up the DagBag from /home/airflow/.local/lib/python3.12/site-packages/airflow/example_dags/example_task_group.py
[2025-12-27T14:18:04.593+0000] {processor.py:840} INFO - DAG(s) 'example_task_group' retrieved from /home/airflow/.local/lib/python3.12/site-packages/airflow/example_dags/example_task_group.py
[2025-12-27T14:18:04.781+0000] {logging_mixin.py:188} INFO - [2025-12-27T14:18:04.780+0000] {dag.py:3096} INFO - Sync 1 DAGs
[2025-12-27T14:18:04.978+0000] {logging_mixin.py:188} INFO - [2025-12-27T14:18:04.977+0000] {dag.py:3954} INFO - Setting next_dagrun for example_task_group to 2025-12-26 00:00:00+00:00, run_after=2025-12-27 00:00:00+00:00
[2025-12-27T14:18:05.191+0000] {processor.py:183} INFO - Processing /home/airflow/.local/lib/python3.12/site-packages/airflow/example_dags/example_task_group.py took 0.730 seconds
[2025-12-27T14:18:38.507+0000] {processor.py:161} INFO - Started process (PID=463) to work on /home/airflow/.local/lib/python3.12/site-packages/airflow/example_dags/example_task_group.py
[2025-12-27T14:18:38.510+0000] {processor.py:830} INFO - Processing file /home/airflow/.local/lib/python3.12/site-packages/airflow/example_dags/example_task_group.py for tasks to queue
[2025-12-27T14:18:38.517+0000] {logging_mixin.py:188} INFO - [2025-12-27T14:18:38.516+0000] {dagbag.py:540} INFO - Filling up the DagBag from /home/airflow/.local/lib/python3.12/site-packages/airflow/example_dags/example_task_group.py
[2025-12-27T14:18:38.544+0000] {processor.py:840} INFO - DAG(s) 'example_task_group' retrieved from /home/airflow/.local/lib/python3.12/site-packages/airflow/example_dags/example_task_group.py
[2025-12-27T14:18:38.605+0000] {logging_mixin.py:188} INFO - [2025-12-27T14:18:38.604+0000] {dag.py:3096} INFO - Sync 1 DAGs
[2025-12-27T14:18:38.674+0000] {logging_mixin.py:188} INFO - [2025-12-27T14:18:38.673+0000] {dag.py:3954} INFO - Setting next_dagrun for example_task_group to 2025-12-26 00:00:00+00:00, run_after=2025-12-27 00:00:00+00:00
[2025-12-27T14:18:38.733+0000] {processor.py:183} INFO - Processing /home/airflow/.local/lib/python3.12/site-packages/airflow/example_dags/example_task_group.py took 0.244 seconds
[2025-12-27T14:19:09.918+0000] {processor.py:161} INFO - Started process (PID=521) to work on /home/airflow/.local/lib/python3.12/site-packages/airflow/example_dags/example_task_group.py
[2025-12-27T14:19:09.922+0000] {processor.py:830} INFO - Processing file /home/airflow/.local/lib/python3.12/site-packages/airflow/example_dags/example_task_group.py for tasks to queue
[2025-12-27T14:19:09.929+0000] {logging_mixin.py:188} INFO - [2025-12-27T14:19:09.928+0000] {dagbag.py:540} INFO - Filling up the DagBag from /home/airflow/.local/lib/python3.12/site-packages/airflow/example_dags/example_task_group.py
[2025-12-27T14:19:09.960+0000] {processor.py:840} INFO - DAG(s) 'example_task_group' retrieved from /home/airflow/.local/lib/python3.12/site-packages/airflow/example_dags/example_task_group.py
[2025-12-27T14:19:10.126+0000] {logging_mixin.py:188} INFO - [2025-12-27T14:19:10.125+0000] {dag.py:3096} INFO - Sync 1 DAGs
[2025-12-27T14:19:10.244+0000] {logging_mixin.py:188} INFO - [2025-12-27T14:19:10.244+0000] {dag.py:3954} INFO - Setting next_dagrun for example_task_group to 2025-12-26 00:00:00+00:00, run_after=2025-12-27 00:00:00+00:00
[2025-12-27T14:19:10.345+0000] {processor.py:183} INFO - Processing /home/airflow/.local/lib/python3.12/site-packages/airflow/example_dags/example_task_group.py took 0.463 seconds
[2025-12-27T14:19:42.697+0000] {processor.py:161} INFO - Started process (PID=579) to work on /home/airflow/.local/lib/python3.12/site-packages/airflow/example_dags/example_task_group.py
[2025-12-27T14:19:42.701+0000] {processor.py:830} INFO - Processing file /home/airflow/.local/lib/python3.12/site-packages/airflow/example_dags/example_task_group.py for tasks to queue
[2025-12-27T14:19:42.707+0000] {logging_mixin.py:188} INFO - [2025-12-27T14:19:42.706+0000] {dagbag.py:540} INFO - Filling up the DagBag from /home/airflow/.local/lib/python3.12/site-packages/airflow/example_dags/example_task_group.py
[2025-12-27T14:19:42.735+0000] {processor.py:840} INFO - DAG(s) 'example_task_group' retrieved from /home/airflow/.local/lib/python3.12/site-packages/airflow/example_dags/example_task_group.py
[2025-12-27T14:19:42.805+0000] {logging_mixin.py:188} INFO - [2025-12-27T14:19:42.804+0000] {dag.py:3096} INFO - Sync 1 DAGs
[2025-12-27T14:19:42.876+0000] {logging_mixin.py:188} INFO - [2025-12-27T14:19:42.875+0000] {dag.py:3954} INFO - Setting next_dagrun for example_task_group to 2025-12-26 00:00:00+00:00, run_after=2025-12-27 00:00:00+00:00
[2025-12-27T14:19:42.936+0000] {processor.py:183} INFO - Processing /home/airflow/.local/lib/python3.12/site-packages/airflow/example_dags/example_task_group.py took 0.258 seconds
[2025-12-27T14:20:15.752+0000] {processor.py:161} INFO - Started process (PID=633) to work on /home/airflow/.local/lib/python3.12/site-packages/airflow/example_dags/example_task_group.py
[2025-12-27T14:20:15.756+0000] {processor.py:830} INFO - Processing file /home/airflow/.local/lib/python3.12/site-packages/airflow/example_dags/example_task_group.py for tasks to queue
[2025-12-27T14:20:15.762+0000] {logging_mixin.py:188} INFO - [2025-12-27T14:20:15.761+0000] {dagbag.py:540} INFO - Filling up the DagBag from /home/airflow/.local/lib/python3.12/site-packages/airflow/example_dags/example_task_group.py
[2025-12-27T14:20:15.786+0000] {processor.py:840} INFO - DAG(s) 'example_task_group' retrieved from /home/airflow/.local/lib/python3.12/site-packages/airflow/example_dags/example_task_group.py
[2025-12-27T14:20:15.864+0000] {logging_mixin.py:188} INFO - [2025-12-27T14:20:15.863+0000] {dag.py:3096} INFO - Sync 1 DAGs
[2025-12-27T14:20:15.925+0000] {logging_mixin.py:188} INFO - [2025-12-27T14:20:15.924+0000] {dag.py:3954} INFO - Setting next_dagrun for example_task_group to 2025-12-26 00:00:00+00:00, run_after=2025-12-27 00:00:00+00:00
[2025-12-27T14:20:15.987+0000] {processor.py:183} INFO - Processing /home/airflow/.local/lib/python3.12/site-packages/airflow/example_dags/example_task_group.py took 0.256 seconds
[2025-12-27T14:20:46.591+0000] {processor.py:161} INFO - Started process (PID=691) to work on /home/airflow/.local/lib/python3.12/site-packages/airflow/example_dags/example_task_group.py
[2025-12-27T14:20:46.594+0000] {processor.py:830} INFO - Processing file /home/airflow/.local/lib/python3.12/site-packages/airflow/example_dags/example_task_group.py for tasks to queue
[2025-12-27T14:20:46.600+0000] {logging_mixin.py:188} INFO - [2025-12-27T14:20:46.599+0000] {dagbag.py:540} INFO - Filling up the DagBag from /home/airflow/.local/lib/python3.12/site-packages/airflow/example_dags/example_task_group.py
[2025-12-27T14:20:46.625+0000] {processor.py:840} INFO - DAG(s) 'example_task_group' retrieved from /home/airflow/.local/lib/python3.12/site-packages/airflow/example_dags/example_task_group.py
[2025-12-27T14:20:46.681+0000] {logging_mixin.py:188} INFO - [2025-12-27T14:20:46.680+0000] {dag.py:3096} INFO - Sync 1 DAGs
[2025-12-27T14:20:46.741+0000] {logging_mixin.py:188} INFO - [2025-12-27T14:20:46.740+0000] {dag.py:3954} INFO - Setting next_dagrun for example_task_group to 2025-12-26 00:00:00+00:00, run_after=2025-12-27 00:00:00+00:00
[2025-12-27T14:20:46.798+0000] {processor.py:183} INFO - Processing /home/airflow/.local/lib/python3.12/site-packages/airflow/example_dags/example_task_group.py took 0.224 seconds
[2025-12-27T14:21:35.750+0000] {processor.py:161} INFO - Started process (PID=753) to work on /home/airflow/.local/lib/python3.12/site-packages/airflow/example_dags/example_task_group.py
[2025-12-27T14:21:35.762+0000] {processor.py:830} INFO - Processing file /home/airflow/.local/lib/python3.12/site-packages/airflow/example_dags/example_task_group.py for tasks to queue
[2025-12-27T14:21:35.769+0000] {logging_mixin.py:188} INFO - [2025-12-27T14:21:35.768+0000] {dagbag.py:540} INFO - Filling up the DagBag from /home/airflow/.local/lib/python3.12/site-packages/airflow/example_dags/example_task_group.py
[2025-12-27T14:21:35.800+0000] {processor.py:840} INFO - DAG(s) 'example_task_group' retrieved from /home/airflow/.local/lib/python3.12/site-packages/airflow/example_dags/example_task_group.py
[2025-12-27T14:21:35.894+0000] {logging_mixin.py:188} INFO - [2025-12-27T14:21:35.894+0000] {dag.py:3096} INFO - Sync 1 DAGs
[2025-12-27T14:21:35.992+0000] {logging_mixin.py:188} INFO - [2025-12-27T14:21:35.991+0000] {dag.py:3954} INFO - Setting next_dagrun for example_task_group to 2025-12-26 00:00:00+00:00, run_after=2025-12-27 00:00:00+00:00
[2025-12-27T14:21:36.135+0000] {processor.py:183} INFO - Processing /home/airflow/.local/lib/python3.12/site-packages/airflow/example_dags/example_task_group.py took 0.410 seconds
[2025-12-27T14:22:27.234+0000] {processor.py:161} INFO - Started process (PID=813) to work on /home/airflow/.local/lib/python3.12/site-packages/airflow/example_dags/example_task_group.py
[2025-12-27T14:22:27.238+0000] {processor.py:830} INFO - Processing file /home/airflow/.local/lib/python3.12/site-packages/airflow/example_dags/example_task_group.py for tasks to queue
[2025-12-27T14:22:27.249+0000] {logging_mixin.py:188} INFO - [2025-12-27T14:22:27.248+0000] {dagbag.py:540} INFO - Filling up the DagBag from /home/airflow/.local/lib/python3.12/site-packages/airflow/example_dags/example_task_group.py
[2025-12-27T14:22:27.292+0000] {processor.py:840} INFO - DAG(s) 'example_task_group' retrieved from /home/airflow/.local/lib/python3.12/site-packages/airflow/example_dags/example_task_group.py
[2025-12-27T14:22:27.488+0000] {logging_mixin.py:188} INFO - [2025-12-27T14:22:27.485+0000] {dag.py:3096} INFO - Sync 1 DAGs
[2025-12-27T14:22:27.753+0000] {logging_mixin.py:188} INFO - [2025-12-27T14:22:27.751+0000] {dag.py:3954} INFO - Setting next_dagrun for example_task_group to 2025-12-26 00:00:00+00:00, run_after=2025-12-27 00:00:00+00:00
[2025-12-27T14:22:27.963+0000] {processor.py:183} INFO - Processing /home/airflow/.local/lib/python3.12/site-packages/airflow/example_dags/example_task_group.py took 0.761 seconds
[2025-12-27T14:24:02.745+0000] {processor.py:161} INFO - Started process (PID=896) to work on /home/airflow/.local/lib/python3.12/site-packages/airflow/example_dags/example_task_group.py
[2025-12-27T14:24:02.751+0000] {processor.py:830} INFO - Processing file /home/airflow/.local/lib/python3.12/site-packages/airflow/example_dags/example_task_group.py for tasks to queue
[2025-12-27T14:24:02.759+0000] {logging_mixin.py:188} INFO - [2025-12-27T14:24:02.758+0000] {dagbag.py:540} INFO - Filling up the DagBag from /home/airflow/.local/lib/python3.12/site-packages/airflow/example_dags/example_task_group.py
[2025-12-27T14:24:02.825+0000] {processor.py:840} INFO - DAG(s) 'example_task_group' retrieved from /home/airflow/.local/lib/python3.12/site-packages/airflow/example_dags/example_task_group.py
[2025-12-27T14:24:03.030+0000] {logging_mixin.py:188} INFO - [2025-12-27T14:24:03.029+0000] {dag.py:3096} INFO - Sync 1 DAGs
[2025-12-27T14:24:03.192+0000] {logging_mixin.py:188} INFO - [2025-12-27T14:24:03.190+0000] {dag.py:3954} INFO - Setting next_dagrun for example_task_group to 2025-12-26 00:00:00+00:00, run_after=2025-12-27 00:00:00+00:00
[2025-12-27T14:24:03.362+0000] {processor.py:183} INFO - Processing /home/airflow/.local/lib/python3.12/site-packages/airflow/example_dags/example_task_group.py took 0.649 seconds
[2025-12-27T14:24:33.898+0000] {processor.py:161} INFO - Started process (PID=954) to work on /home/airflow/.local/lib/python3.12/site-packages/airflow/example_dags/example_task_group.py
[2025-12-27T14:24:33.907+0000] {processor.py:830} INFO - Processing file /home/airflow/.local/lib/python3.12/site-packages/airflow/example_dags/example_task_group.py for tasks to queue
[2025-12-27T14:24:33.911+0000] {logging_mixin.py:188} INFO - [2025-12-27T14:24:33.909+0000] {dagbag.py:540} INFO - Filling up the DagBag from /home/airflow/.local/lib/python3.12/site-packages/airflow/example_dags/example_task_group.py
[2025-12-27T14:24:33.960+0000] {processor.py:840} INFO - DAG(s) 'example_task_group' retrieved from /home/airflow/.local/lib/python3.12/site-packages/airflow/example_dags/example_task_group.py
[2025-12-27T14:24:34.120+0000] {logging_mixin.py:188} INFO - [2025-12-27T14:24:34.119+0000] {dag.py:3096} INFO - Sync 1 DAGs
[2025-12-27T14:24:34.248+0000] {logging_mixin.py:188} INFO - [2025-12-27T14:24:34.247+0000] {dag.py:3954} INFO - Setting next_dagrun for example_task_group to 2025-12-26 00:00:00+00:00, run_after=2025-12-27 00:00:00+00:00
[2025-12-27T14:24:34.367+0000] {processor.py:183} INFO - Processing /home/airflow/.local/lib/python3.12/site-packages/airflow/example_dags/example_task_group.py took 0.504 seconds
[2025-12-27T14:25:17.325+0000] {processor.py:161} INFO - Started process (PID=1012) to work on /home/airflow/.local/lib/python3.12/site-packages/airflow/example_dags/example_task_group.py
[2025-12-27T14:25:17.329+0000] {processor.py:830} INFO - Processing file /home/airflow/.local/lib/python3.12/site-packages/airflow/example_dags/example_task_group.py for tasks to queue
[2025-12-27T14:25:17.333+0000] {logging_mixin.py:188} INFO - [2025-12-27T14:25:17.332+0000] {dagbag.py:540} INFO - Filling up the DagBag from /home/airflow/.local/lib/python3.12/site-packages/airflow/example_dags/example_task_group.py
[2025-12-27T14:25:17.385+0000] {processor.py:840} INFO - DAG(s) 'example_task_group' retrieved from /home/airflow/.local/lib/python3.12/site-packages/airflow/example_dags/example_task_group.py
[2025-12-27T14:25:17.612+0000] {logging_mixin.py:188} INFO - [2025-12-27T14:25:17.611+0000] {dag.py:3096} INFO - Sync 1 DAGs
[2025-12-27T14:25:17.753+0000] {logging_mixin.py:188} INFO - [2025-12-27T14:25:17.752+0000] {dag.py:3954} INFO - Setting next_dagrun for example_task_group to 2025-12-26 00:00:00+00:00, run_after=2025-12-27 00:00:00+00:00
[2025-12-27T14:25:17.831+0000] {processor.py:183} INFO - Processing /home/airflow/.local/lib/python3.12/site-packages/airflow/example_dags/example_task_group.py took 0.548 seconds
[2025-12-27T14:26:29.172+0000] {processor.py:161} INFO - Started process (PID=1083) to work on /home/airflow/.local/lib/python3.12/site-packages/airflow/example_dags/example_task_group.py
[2025-12-27T14:26:29.198+0000] {processor.py:830} INFO - Processing file /home/airflow/.local/lib/python3.12/site-packages/airflow/example_dags/example_task_group.py for tasks to queue
[2025-12-27T14:26:29.202+0000] {logging_mixin.py:188} INFO - [2025-12-27T14:26:29.201+0000] {dagbag.py:540} INFO - Filling up the DagBag from /home/airflow/.local/lib/python3.12/site-packages/airflow/example_dags/example_task_group.py
[2025-12-27T14:26:29.234+0000] {processor.py:840} INFO - DAG(s) 'example_task_group' retrieved from /home/airflow/.local/lib/python3.12/site-packages/airflow/example_dags/example_task_group.py
[2025-12-27T14:26:29.313+0000] {logging_mixin.py:188} INFO - [2025-12-27T14:26:29.312+0000] {dag.py:3096} INFO - Sync 1 DAGs
[2025-12-27T14:26:29.390+0000] {logging_mixin.py:188} INFO - [2025-12-27T14:26:29.390+0000] {dag.py:3954} INFO - Setting next_dagrun for example_task_group to 2025-12-26 00:00:00+00:00, run_after=2025-12-27 00:00:00+00:00
[2025-12-27T14:26:29.511+0000] {processor.py:183} INFO - Processing /home/airflow/.local/lib/python3.12/site-packages/airflow/example_dags/example_task_group.py took 0.363 seconds
[2025-12-27T14:27:46.201+0000] {processor.py:161} INFO - Started process (PID=1164) to work on /home/airflow/.local/lib/python3.12/site-packages/airflow/example_dags/example_task_group.py
[2025-12-27T14:27:46.254+0000] {processor.py:830} INFO - Processing file /home/airflow/.local/lib/python3.12/site-packages/airflow/example_dags/example_task_group.py for tasks to queue
[2025-12-27T14:27:46.258+0000] {logging_mixin.py:188} INFO - [2025-12-27T14:27:46.257+0000] {dagbag.py:540} INFO - Filling up the DagBag from /home/airflow/.local/lib/python3.12/site-packages/airflow/example_dags/example_task_group.py
[2025-12-27T14:27:46.305+0000] {processor.py:840} INFO - DAG(s) 'example_task_group' retrieved from /home/airflow/.local/lib/python3.12/site-packages/airflow/example_dags/example_task_group.py
[2025-12-27T14:27:46.450+0000] {logging_mixin.py:188} INFO - [2025-12-27T14:27:46.449+0000] {dag.py:3096} INFO - Sync 1 DAGs
[2025-12-27T14:27:46.610+0000] {logging_mixin.py:188} INFO - [2025-12-27T14:27:46.609+0000] {dag.py:3954} INFO - Setting next_dagrun for example_task_group to 2025-12-26 00:00:00+00:00, run_after=2025-12-27 00:00:00+00:00
[2025-12-27T14:27:46.710+0000] {processor.py:183} INFO - Processing /home/airflow/.local/lib/python3.12/site-packages/airflow/example_dags/example_task_group.py took 0.549 seconds
[2025-12-27T14:28:16.934+0000] {processor.py:161} INFO - Started process (PID=1216) to work on /home/airflow/.local/lib/python3.12/site-packages/airflow/example_dags/example_task_group.py
[2025-12-27T14:28:16.937+0000] {processor.py:830} INFO - Processing file /home/airflow/.local/lib/python3.12/site-packages/airflow/example_dags/example_task_group.py for tasks to queue
[2025-12-27T14:28:16.940+0000] {logging_mixin.py:188} INFO - [2025-12-27T14:28:16.939+0000] {dagbag.py:540} INFO - Filling up the DagBag from /home/airflow/.local/lib/python3.12/site-packages/airflow/example_dags/example_task_group.py
[2025-12-27T14:28:16.983+0000] {processor.py:840} INFO - DAG(s) 'example_task_group' retrieved from /home/airflow/.local/lib/python3.12/site-packages/airflow/example_dags/example_task_group.py
[2025-12-27T14:28:17.074+0000] {logging_mixin.py:188} INFO - [2025-12-27T14:28:17.074+0000] {dag.py:3096} INFO - Sync 1 DAGs
[2025-12-27T14:28:17.142+0000] {logging_mixin.py:188} INFO - [2025-12-27T14:28:17.142+0000] {dag.py:3954} INFO - Setting next_dagrun for example_task_group to 2025-12-26 00:00:00+00:00, run_after=2025-12-27 00:00:00+00:00
[2025-12-27T14:28:17.202+0000] {processor.py:183} INFO - Processing /home/airflow/.local/lib/python3.12/site-packages/airflow/example_dags/example_task_group.py took 0.290 seconds
[2025-12-27T14:28:48.179+0000] {processor.py:161} INFO - Started process (PID=1280) to work on /home/airflow/.local/lib/python3.12/site-packages/airflow/example_dags/example_task_group.py
[2025-12-27T14:28:48.192+0000] {processor.py:830} INFO - Processing file /home/airflow/.local/lib/python3.12/site-packages/airflow/example_dags/example_task_group.py for tasks to queue
[2025-12-27T14:28:48.205+0000] {logging_mixin.py:188} INFO - [2025-12-27T14:28:48.203+0000] {dagbag.py:540} INFO - Filling up the DagBag from /home/airflow/.local/lib/python3.12/site-packages/airflow/example_dags/example_task_group.py
[2025-12-27T14:28:48.261+0000] {processor.py:840} INFO - DAG(s) 'example_task_group' retrieved from /home/airflow/.local/lib/python3.12/site-packages/airflow/example_dags/example_task_group.py
[2025-12-27T14:28:48.442+0000] {logging_mixin.py:188} INFO - [2025-12-27T14:28:48.441+0000] {dag.py:3096} INFO - Sync 1 DAGs
[2025-12-27T14:28:48.619+0000] {logging_mixin.py:188} INFO - [2025-12-27T14:28:48.618+0000] {dag.py:3954} INFO - Setting next_dagrun for example_task_group to 2025-12-26 00:00:00+00:00, run_after=2025-12-27 00:00:00+00:00
[2025-12-27T14:28:48.721+0000] {processor.py:183} INFO - Processing /home/airflow/.local/lib/python3.12/site-packages/airflow/example_dags/example_task_group.py took 0.597 seconds
[2025-12-27T14:29:21.316+0000] {processor.py:161} INFO - Started process (PID=1338) to work on /home/airflow/.local/lib/python3.12/site-packages/airflow/example_dags/example_task_group.py
[2025-12-27T14:29:21.320+0000] {processor.py:830} INFO - Processing file /home/airflow/.local/lib/python3.12/site-packages/airflow/example_dags/example_task_group.py for tasks to queue
[2025-12-27T14:29:21.327+0000] {logging_mixin.py:188} INFO - [2025-12-27T14:29:21.325+0000] {dagbag.py:540} INFO - Filling up the DagBag from /home/airflow/.local/lib/python3.12/site-packages/airflow/example_dags/example_task_group.py
[2025-12-27T14:29:21.369+0000] {processor.py:840} INFO - DAG(s) 'example_task_group' retrieved from /home/airflow/.local/lib/python3.12/site-packages/airflow/example_dags/example_task_group.py
[2025-12-27T14:29:21.479+0000] {logging_mixin.py:188} INFO - [2025-12-27T14:29:21.477+0000] {dag.py:3096} INFO - Sync 1 DAGs
[2025-12-27T14:29:21.586+0000] {logging_mixin.py:188} INFO - [2025-12-27T14:29:21.586+0000] {dag.py:3954} INFO - Setting next_dagrun for example_task_group to 2025-12-26 00:00:00+00:00, run_after=2025-12-27 00:00:00+00:00
[2025-12-27T14:29:21.656+0000] {processor.py:183} INFO - Processing /home/airflow/.local/lib/python3.12/site-packages/airflow/example_dags/example_task_group.py took 0.367 seconds
[2025-12-27T14:29:51.926+0000] {processor.py:161} INFO - Started process (PID=1395) to work on /home/airflow/.local/lib/python3.12/site-packages/airflow/example_dags/example_task_group.py
[2025-12-27T14:29:51.931+0000] {processor.py:830} INFO - Processing file /home/airflow/.local/lib/python3.12/site-packages/airflow/example_dags/example_task_group.py for tasks to queue
[2025-12-27T14:29:51.936+0000] {logging_mixin.py:188} INFO - [2025-12-27T14:29:51.934+0000] {dagbag.py:540} INFO - Filling up the DagBag from /home/airflow/.local/lib/python3.12/site-packages/airflow/example_dags/example_task_group.py
[2025-12-27T14:29:51.989+0000] {processor.py:840} INFO - DAG(s) 'example_task_group' retrieved from /home/airflow/.local/lib/python3.12/site-packages/airflow/example_dags/example_task_group.py
[2025-12-27T14:29:52.114+0000] {logging_mixin.py:188} INFO - [2025-12-27T14:29:52.111+0000] {dag.py:3096} INFO - Sync 1 DAGs
[2025-12-27T14:29:52.228+0000] {logging_mixin.py:188} INFO - [2025-12-27T14:29:52.227+0000] {dag.py:3954} INFO - Setting next_dagrun for example_task_group to 2025-12-26 00:00:00+00:00, run_after=2025-12-27 00:00:00+00:00
[2025-12-27T14:29:52.299+0000] {processor.py:183} INFO - Processing /home/airflow/.local/lib/python3.12/site-packages/airflow/example_dags/example_task_group.py took 0.404 seconds
[2025-12-27T14:30:22.981+0000] {processor.py:161} INFO - Started process (PID=1453) to work on /home/airflow/.local/lib/python3.12/site-packages/airflow/example_dags/example_task_group.py
[2025-12-27T14:30:22.984+0000] {processor.py:830} INFO - Processing file /home/airflow/.local/lib/python3.12/site-packages/airflow/example_dags/example_task_group.py for tasks to queue
[2025-12-27T14:30:22.987+0000] {logging_mixin.py:188} INFO - [2025-12-27T14:30:22.986+0000] {dagbag.py:540} INFO - Filling up the DagBag from /home/airflow/.local/lib/python3.12/site-packages/airflow/example_dags/example_task_group.py
[2025-12-27T14:30:23.018+0000] {processor.py:840} INFO - DAG(s) 'example_task_group' retrieved from /home/airflow/.local/lib/python3.12/site-packages/airflow/example_dags/example_task_group.py
[2025-12-27T14:30:23.093+0000] {logging_mixin.py:188} INFO - [2025-12-27T14:30:23.093+0000] {dag.py:3096} INFO - Sync 1 DAGs
[2025-12-27T14:30:23.155+0000] {logging_mixin.py:188} INFO - [2025-12-27T14:30:23.155+0000] {dag.py:3954} INFO - Setting next_dagrun for example_task_group to 2025-12-26 00:00:00+00:00, run_after=2025-12-27 00:00:00+00:00
[2025-12-27T14:30:23.219+0000] {processor.py:183} INFO - Processing /home/airflow/.local/lib/python3.12/site-packages/airflow/example_dags/example_task_group.py took 0.257 seconds
[2025-12-27T14:30:53.379+0000] {processor.py:161} INFO - Started process (PID=1511) to work on /home/airflow/.local/lib/python3.12/site-packages/airflow/example_dags/example_task_group.py
[2025-12-27T14:30:53.382+0000] {processor.py:830} INFO - Processing file /home/airflow/.local/lib/python3.12/site-packages/airflow/example_dags/example_task_group.py for tasks to queue
[2025-12-27T14:30:53.385+0000] {logging_mixin.py:188} INFO - [2025-12-27T14:30:53.384+0000] {dagbag.py:540} INFO - Filling up the DagBag from /home/airflow/.local/lib/python3.12/site-packages/airflow/example_dags/example_task_group.py
[2025-12-27T14:30:53.407+0000] {processor.py:840} INFO - DAG(s) 'example_task_group' retrieved from /home/airflow/.local/lib/python3.12/site-packages/airflow/example_dags/example_task_group.py
[2025-12-27T14:30:53.464+0000] {logging_mixin.py:188} INFO - [2025-12-27T14:30:53.463+0000] {dag.py:3096} INFO - Sync 1 DAGs
[2025-12-27T14:30:53.517+0000] {logging_mixin.py:188} INFO - [2025-12-27T14:30:53.516+0000] {dag.py:3954} INFO - Setting next_dagrun for example_task_group to 2025-12-26 00:00:00+00:00, run_after=2025-12-27 00:00:00+00:00
[2025-12-27T14:30:53.566+0000] {processor.py:183} INFO - Processing /home/airflow/.local/lib/python3.12/site-packages/airflow/example_dags/example_task_group.py took 0.203 seconds
[2025-12-27T14:31:23.949+0000] {processor.py:161} INFO - Started process (PID=1569) to work on /home/airflow/.local/lib/python3.12/site-packages/airflow/example_dags/example_task_group.py
[2025-12-27T14:31:23.953+0000] {processor.py:830} INFO - Processing file /home/airflow/.local/lib/python3.12/site-packages/airflow/example_dags/example_task_group.py for tasks to queue
[2025-12-27T14:31:23.957+0000] {logging_mixin.py:188} INFO - [2025-12-27T14:31:23.956+0000] {dagbag.py:540} INFO - Filling up the DagBag from /home/airflow/.local/lib/python3.12/site-packages/airflow/example_dags/example_task_group.py
[2025-12-27T14:31:23.992+0000] {processor.py:840} INFO - DAG(s) 'example_task_group' retrieved from /home/airflow/.local/lib/python3.12/site-packages/airflow/example_dags/example_task_group.py
[2025-12-27T14:31:24.052+0000] {logging_mixin.py:188} INFO - [2025-12-27T14:31:24.052+0000] {dag.py:3096} INFO - Sync 1 DAGs
[2025-12-27T14:31:24.119+0000] {logging_mixin.py:188} INFO - [2025-12-27T14:31:24.118+0000] {dag.py:3954} INFO - Setting next_dagrun for example_task_group to 2025-12-26 00:00:00+00:00, run_after=2025-12-27 00:00:00+00:00
[2025-12-27T14:31:24.210+0000] {processor.py:183} INFO - Processing /home/airflow/.local/lib/python3.12/site-packages/airflow/example_dags/example_task_group.py took 0.284 seconds
[2025-12-27T14:31:54.326+0000] {processor.py:161} INFO - Started process (PID=1627) to work on /home/airflow/.local/lib/python3.12/site-packages/airflow/example_dags/example_task_group.py
[2025-12-27T14:31:54.330+0000] {processor.py:830} INFO - Processing file /home/airflow/.local/lib/python3.12/site-packages/airflow/example_dags/example_task_group.py for tasks to queue
[2025-12-27T14:31:54.333+0000] {logging_mixin.py:188} INFO - [2025-12-27T14:31:54.332+0000] {dagbag.py:540} INFO - Filling up the DagBag from /home/airflow/.local/lib/python3.12/site-packages/airflow/example_dags/example_task_group.py
[2025-12-27T14:31:54.374+0000] {processor.py:840} INFO - DAG(s) 'example_task_group' retrieved from /home/airflow/.local/lib/python3.12/site-packages/airflow/example_dags/example_task_group.py
[2025-12-27T14:31:54.493+0000] {logging_mixin.py:188} INFO - [2025-12-27T14:31:54.492+0000] {dag.py:3096} INFO - Sync 1 DAGs
[2025-12-27T14:31:54.663+0000] {logging_mixin.py:188} INFO - [2025-12-27T14:31:54.662+0000] {dag.py:3954} INFO - Setting next_dagrun for example_task_group to 2025-12-26 00:00:00+00:00, run_after=2025-12-27 00:00:00+00:00
[2025-12-27T14:31:54.817+0000] {processor.py:183} INFO - Processing /home/airflow/.local/lib/python3.12/site-packages/airflow/example_dags/example_task_group.py took 0.515 seconds
[2025-12-27T14:32:25.558+0000] {processor.py:161} INFO - Started process (PID=1685) to work on /home/airflow/.local/lib/python3.12/site-packages/airflow/example_dags/example_task_group.py
[2025-12-27T14:32:25.563+0000] {processor.py:830} INFO - Processing file /home/airflow/.local/lib/python3.12/site-packages/airflow/example_dags/example_task_group.py for tasks to queue
[2025-12-27T14:32:25.567+0000] {logging_mixin.py:188} INFO - [2025-12-27T14:32:25.566+0000] {dagbag.py:540} INFO - Filling up the DagBag from /home/airflow/.local/lib/python3.12/site-packages/airflow/example_dags/example_task_group.py
[2025-12-27T14:32:25.596+0000] {processor.py:840} INFO - DAG(s) 'example_task_group' retrieved from /home/airflow/.local/lib/python3.12/site-packages/airflow/example_dags/example_task_group.py
[2025-12-27T14:32:25.661+0000] {logging_mixin.py:188} INFO - [2025-12-27T14:32:25.661+0000] {dag.py:3096} INFO - Sync 1 DAGs
[2025-12-27T14:32:25.727+0000] {logging_mixin.py:188} INFO - [2025-12-27T14:32:25.726+0000] {dag.py:3954} INFO - Setting next_dagrun for example_task_group to 2025-12-26 00:00:00+00:00, run_after=2025-12-27 00:00:00+00:00
[2025-12-27T14:32:25.780+0000] {processor.py:183} INFO - Processing /home/airflow/.local/lib/python3.12/site-packages/airflow/example_dags/example_task_group.py took 0.250 seconds
[2025-12-27T14:32:56.428+0000] {processor.py:161} INFO - Started process (PID=1744) to work on /home/airflow/.local/lib/python3.12/site-packages/airflow/example_dags/example_task_group.py
[2025-12-27T14:32:56.432+0000] {processor.py:830} INFO - Processing file /home/airflow/.local/lib/python3.12/site-packages/airflow/example_dags/example_task_group.py for tasks to queue
[2025-12-27T14:32:56.434+0000] {logging_mixin.py:188} INFO - [2025-12-27T14:32:56.434+0000] {dagbag.py:540} INFO - Filling up the DagBag from /home/airflow/.local/lib/python3.12/site-packages/airflow/example_dags/example_task_group.py
[2025-12-27T14:32:56.460+0000] {processor.py:840} INFO - DAG(s) 'example_task_group' retrieved from /home/airflow/.local/lib/python3.12/site-packages/airflow/example_dags/example_task_group.py
[2025-12-27T14:32:56.548+0000] {logging_mixin.py:188} INFO - [2025-12-27T14:32:56.547+0000] {dag.py:3096} INFO - Sync 1 DAGs
[2025-12-27T14:32:56.606+0000] {logging_mixin.py:188} INFO - [2025-12-27T14:32:56.606+0000] {dag.py:3954} INFO - Setting next_dagrun for example_task_group to 2025-12-26 00:00:00+00:00, run_after=2025-12-27 00:00:00+00:00
[2025-12-27T14:32:56.673+0000] {processor.py:183} INFO - Processing /home/airflow/.local/lib/python3.12/site-packages/airflow/example_dags/example_task_group.py took 0.262 seconds
[2025-12-27T14:33:27.349+0000] {processor.py:161} INFO - Started process (PID=1802) to work on /home/airflow/.local/lib/python3.12/site-packages/airflow/example_dags/example_task_group.py
[2025-12-27T14:33:27.353+0000] {processor.py:830} INFO - Processing file /home/airflow/.local/lib/python3.12/site-packages/airflow/example_dags/example_task_group.py for tasks to queue
[2025-12-27T14:33:27.356+0000] {logging_mixin.py:188} INFO - [2025-12-27T14:33:27.355+0000] {dagbag.py:540} INFO - Filling up the DagBag from /home/airflow/.local/lib/python3.12/site-packages/airflow/example_dags/example_task_group.py
[2025-12-27T14:33:27.406+0000] {processor.py:840} INFO - DAG(s) 'example_task_group' retrieved from /home/airflow/.local/lib/python3.12/site-packages/airflow/example_dags/example_task_group.py
[2025-12-27T14:33:27.482+0000] {logging_mixin.py:188} INFO - [2025-12-27T14:33:27.482+0000] {dag.py:3096} INFO - Sync 1 DAGs
[2025-12-27T14:33:27.542+0000] {logging_mixin.py:188} INFO - [2025-12-27T14:33:27.541+0000] {dag.py:3954} INFO - Setting next_dagrun for example_task_group to 2025-12-26 00:00:00+00:00, run_after=2025-12-27 00:00:00+00:00
[2025-12-27T14:33:27.630+0000] {processor.py:183} INFO - Processing /home/airflow/.local/lib/python3.12/site-packages/airflow/example_dags/example_task_group.py took 0.304 seconds
[2025-12-27T14:33:57.888+0000] {processor.py:161} INFO - Started process (PID=1860) to work on /home/airflow/.local/lib/python3.12/site-packages/airflow/example_dags/example_task_group.py
[2025-12-27T14:33:57.891+0000] {processor.py:830} INFO - Processing file /home/airflow/.local/lib/python3.12/site-packages/airflow/example_dags/example_task_group.py for tasks to queue
[2025-12-27T14:33:57.895+0000] {logging_mixin.py:188} INFO - [2025-12-27T14:33:57.894+0000] {dagbag.py:540} INFO - Filling up the DagBag from /home/airflow/.local/lib/python3.12/site-packages/airflow/example_dags/example_task_group.py
[2025-12-27T14:33:57.918+0000] {processor.py:840} INFO - DAG(s) 'example_task_group' retrieved from /home/airflow/.local/lib/python3.12/site-packages/airflow/example_dags/example_task_group.py
[2025-12-27T14:33:57.977+0000] {logging_mixin.py:188} INFO - [2025-12-27T14:33:57.976+0000] {dag.py:3096} INFO - Sync 1 DAGs
[2025-12-27T14:33:58.047+0000] {logging_mixin.py:188} INFO - [2025-12-27T14:33:58.047+0000] {dag.py:3954} INFO - Setting next_dagrun for example_task_group to 2025-12-26 00:00:00+00:00, run_after=2025-12-27 00:00:00+00:00
[2025-12-27T14:33:58.107+0000] {processor.py:183} INFO - Processing /home/airflow/.local/lib/python3.12/site-packages/airflow/example_dags/example_task_group.py took 0.239 seconds
[2025-12-27T14:34:29.953+0000] {processor.py:161} INFO - Started process (PID=1918) to work on /home/airflow/.local/lib/python3.12/site-packages/airflow/example_dags/example_task_group.py
[2025-12-27T14:34:29.956+0000] {processor.py:830} INFO - Processing file /home/airflow/.local/lib/python3.12/site-packages/airflow/example_dags/example_task_group.py for tasks to queue
[2025-12-27T14:34:29.959+0000] {logging_mixin.py:188} INFO - [2025-12-27T14:34:29.958+0000] {dagbag.py:540} INFO - Filling up the DagBag from /home/airflow/.local/lib/python3.12/site-packages/airflow/example_dags/example_task_group.py
[2025-12-27T14:34:29.996+0000] {processor.py:840} INFO - DAG(s) 'example_task_group' retrieved from /home/airflow/.local/lib/python3.12/site-packages/airflow/example_dags/example_task_group.py
[2025-12-27T14:34:30.109+0000] {logging_mixin.py:188} INFO - [2025-12-27T14:34:30.109+0000] {dag.py:3096} INFO - Sync 1 DAGs
[2025-12-27T14:34:30.179+0000] {logging_mixin.py:188} INFO - [2025-12-27T14:34:30.178+0000] {dag.py:3954} INFO - Setting next_dagrun for example_task_group to 2025-12-26 00:00:00+00:00, run_after=2025-12-27 00:00:00+00:00
[2025-12-27T14:34:30.241+0000] {processor.py:183} INFO - Processing /home/airflow/.local/lib/python3.12/site-packages/airflow/example_dags/example_task_group.py took 0.311 seconds
[2025-12-27T14:35:00.372+0000] {processor.py:161} INFO - Started process (PID=1977) to work on /home/airflow/.local/lib/python3.12/site-packages/airflow/example_dags/example_task_group.py
[2025-12-27T14:35:00.376+0000] {processor.py:830} INFO - Processing file /home/airflow/.local/lib/python3.12/site-packages/airflow/example_dags/example_task_group.py for tasks to queue
[2025-12-27T14:35:00.379+0000] {logging_mixin.py:188} INFO - [2025-12-27T14:35:00.378+0000] {dagbag.py:540} INFO - Filling up the DagBag from /home/airflow/.local/lib/python3.12/site-packages/airflow/example_dags/example_task_group.py
[2025-12-27T14:35:00.407+0000] {processor.py:840} INFO - DAG(s) 'example_task_group' retrieved from /home/airflow/.local/lib/python3.12/site-packages/airflow/example_dags/example_task_group.py
[2025-12-27T14:35:00.496+0000] {logging_mixin.py:188} INFO - [2025-12-27T14:35:00.495+0000] {dag.py:3096} INFO - Sync 1 DAGs
[2025-12-27T14:35:00.579+0000] {logging_mixin.py:188} INFO - [2025-12-27T14:35:00.578+0000] {dag.py:3954} INFO - Setting next_dagrun for example_task_group to 2025-12-26 00:00:00+00:00, run_after=2025-12-27 00:00:00+00:00
[2025-12-27T14:35:00.694+0000] {processor.py:183} INFO - Processing /home/airflow/.local/lib/python3.12/site-packages/airflow/example_dags/example_task_group.py took 0.343 seconds
[2025-12-27T14:35:31.896+0000] {processor.py:161} INFO - Started process (PID=2035) to work on /home/airflow/.local/lib/python3.12/site-packages/airflow/example_dags/example_task_group.py
[2025-12-27T14:35:31.900+0000] {processor.py:830} INFO - Processing file /home/airflow/.local/lib/python3.12/site-packages/airflow/example_dags/example_task_group.py for tasks to queue
[2025-12-27T14:35:31.904+0000] {logging_mixin.py:188} INFO - [2025-12-27T14:35:31.902+0000] {dagbag.py:540} INFO - Filling up the DagBag from /home/airflow/.local/lib/python3.12/site-packages/airflow/example_dags/example_task_group.py
[2025-12-27T14:35:31.930+0000] {processor.py:840} INFO - DAG(s) 'example_task_group' retrieved from /home/airflow/.local/lib/python3.12/site-packages/airflow/example_dags/example_task_group.py
[2025-12-27T14:35:32.002+0000] {logging_mixin.py:188} INFO - [2025-12-27T14:35:32.001+0000] {dag.py:3096} INFO - Sync 1 DAGs
[2025-12-27T14:35:32.088+0000] {logging_mixin.py:188} INFO - [2025-12-27T14:35:32.087+0000] {dag.py:3954} INFO - Setting next_dagrun for example_task_group to 2025-12-26 00:00:00+00:00, run_after=2025-12-27 00:00:00+00:00
[2025-12-27T14:35:32.144+0000] {processor.py:183} INFO - Processing /home/airflow/.local/lib/python3.12/site-packages/airflow/example_dags/example_task_group.py took 0.265 seconds
[2025-12-27T14:36:07.590+0000] {processor.py:161} INFO - Started process (PID=2092) to work on /home/airflow/.local/lib/python3.12/site-packages/airflow/example_dags/example_task_group.py
[2025-12-27T14:36:07.597+0000] {processor.py:830} INFO - Processing file /home/airflow/.local/lib/python3.12/site-packages/airflow/example_dags/example_task_group.py for tasks to queue
[2025-12-27T14:36:07.608+0000] {logging_mixin.py:188} INFO - [2025-12-27T14:36:07.607+0000] {dagbag.py:540} INFO - Filling up the DagBag from /home/airflow/.local/lib/python3.12/site-packages/airflow/example_dags/example_task_group.py
[2025-12-27T14:36:07.687+0000] {processor.py:840} INFO - DAG(s) 'example_task_group' retrieved from /home/airflow/.local/lib/python3.12/site-packages/airflow/example_dags/example_task_group.py
[2025-12-27T14:36:07.840+0000] {logging_mixin.py:188} INFO - [2025-12-27T14:36:07.839+0000] {dag.py:3096} INFO - Sync 1 DAGs
[2025-12-27T14:36:08.021+0000] {logging_mixin.py:188} INFO - [2025-12-27T14:36:08.020+0000] {dag.py:3954} INFO - Setting next_dagrun for example_task_group to 2025-12-26 00:00:00+00:00, run_after=2025-12-27 00:00:00+00:00
[2025-12-27T14:36:08.229+0000] {processor.py:183} INFO - Processing /home/airflow/.local/lib/python3.12/site-packages/airflow/example_dags/example_task_group.py took 0.679 seconds
[2025-12-27T14:36:40.890+0000] {processor.py:161} INFO - Started process (PID=2150) to work on /home/airflow/.local/lib/python3.12/site-packages/airflow/example_dags/example_task_group.py
[2025-12-27T14:36:40.906+0000] {processor.py:830} INFO - Processing file /home/airflow/.local/lib/python3.12/site-packages/airflow/example_dags/example_task_group.py for tasks to queue
[2025-12-27T14:36:40.927+0000] {logging_mixin.py:188} INFO - [2025-12-27T14:36:40.925+0000] {dagbag.py:540} INFO - Filling up the DagBag from /home/airflow/.local/lib/python3.12/site-packages/airflow/example_dags/example_task_group.py
[2025-12-27T14:36:41.027+0000] {processor.py:840} INFO - DAG(s) 'example_task_group' retrieved from /home/airflow/.local/lib/python3.12/site-packages/airflow/example_dags/example_task_group.py
[2025-12-27T14:36:41.184+0000] {logging_mixin.py:188} INFO - [2025-12-27T14:36:41.183+0000] {dag.py:3096} INFO - Sync 1 DAGs
[2025-12-27T14:36:41.316+0000] {logging_mixin.py:188} INFO - [2025-12-27T14:36:41.314+0000] {dag.py:3954} INFO - Setting next_dagrun for example_task_group to 2025-12-26 00:00:00+00:00, run_after=2025-12-27 00:00:00+00:00
[2025-12-27T14:36:41.505+0000] {processor.py:183} INFO - Processing /home/airflow/.local/lib/python3.12/site-packages/airflow/example_dags/example_task_group.py took 0.659 seconds
[2025-12-27T14:37:11.820+0000] {processor.py:161} INFO - Started process (PID=2209) to work on /home/airflow/.local/lib/python3.12/site-packages/airflow/example_dags/example_task_group.py
[2025-12-27T14:37:11.824+0000] {processor.py:830} INFO - Processing file /home/airflow/.local/lib/python3.12/site-packages/airflow/example_dags/example_task_group.py for tasks to queue
[2025-12-27T14:37:11.827+0000] {logging_mixin.py:188} INFO - [2025-12-27T14:37:11.826+0000] {dagbag.py:540} INFO - Filling up the DagBag from /home/airflow/.local/lib/python3.12/site-packages/airflow/example_dags/example_task_group.py
[2025-12-27T14:37:11.858+0000] {processor.py:840} INFO - DAG(s) 'example_task_group' retrieved from /home/airflow/.local/lib/python3.12/site-packages/airflow/example_dags/example_task_group.py
[2025-12-27T14:37:11.927+0000] {logging_mixin.py:188} INFO - [2025-12-27T14:37:11.927+0000] {dag.py:3096} INFO - Sync 1 DAGs
[2025-12-27T14:37:11.989+0000] {logging_mixin.py:188} INFO - [2025-12-27T14:37:11.988+0000] {dag.py:3954} INFO - Setting next_dagrun for example_task_group to 2025-12-26 00:00:00+00:00, run_after=2025-12-27 00:00:00+00:00
[2025-12-27T14:37:12.053+0000] {processor.py:183} INFO - Processing /home/airflow/.local/lib/python3.12/site-packages/airflow/example_dags/example_task_group.py took 0.254 seconds
[2025-12-27T14:37:43.506+0000] {processor.py:161} INFO - Started process (PID=2269) to work on /home/airflow/.local/lib/python3.12/site-packages/airflow/example_dags/example_task_group.py
[2025-12-27T14:37:43.510+0000] {processor.py:830} INFO - Processing file /home/airflow/.local/lib/python3.12/site-packages/airflow/example_dags/example_task_group.py for tasks to queue
[2025-12-27T14:37:43.515+0000] {logging_mixin.py:188} INFO - [2025-12-27T14:37:43.513+0000] {dagbag.py:540} INFO - Filling up the DagBag from /home/airflow/.local/lib/python3.12/site-packages/airflow/example_dags/example_task_group.py
[2025-12-27T14:37:43.555+0000] {processor.py:840} INFO - DAG(s) 'example_task_group' retrieved from /home/airflow/.local/lib/python3.12/site-packages/airflow/example_dags/example_task_group.py
[2025-12-27T14:37:43.633+0000] {logging_mixin.py:188} INFO - [2025-12-27T14:37:43.632+0000] {dag.py:3096} INFO - Sync 1 DAGs
[2025-12-27T14:37:43.705+0000] {logging_mixin.py:188} INFO - [2025-12-27T14:37:43.704+0000] {dag.py:3954} INFO - Setting next_dagrun for example_task_group to 2025-12-26 00:00:00+00:00, run_after=2025-12-27 00:00:00+00:00
[2025-12-27T14:37:43.772+0000] {processor.py:183} INFO - Processing /home/airflow/.local/lib/python3.12/site-packages/airflow/example_dags/example_task_group.py took 0.323 seconds
[2025-12-27T14:38:15.211+0000] {processor.py:161} INFO - Started process (PID=2327) to work on /home/airflow/.local/lib/python3.12/site-packages/airflow/example_dags/example_task_group.py
[2025-12-27T14:38:15.213+0000] {processor.py:830} INFO - Processing file /home/airflow/.local/lib/python3.12/site-packages/airflow/example_dags/example_task_group.py for tasks to queue
[2025-12-27T14:38:15.216+0000] {logging_mixin.py:188} INFO - [2025-12-27T14:38:15.215+0000] {dagbag.py:540} INFO - Filling up the DagBag from /home/airflow/.local/lib/python3.12/site-packages/airflow/example_dags/example_task_group.py
[2025-12-27T14:38:15.241+0000] {processor.py:840} INFO - DAG(s) 'example_task_group' retrieved from /home/airflow/.local/lib/python3.12/site-packages/airflow/example_dags/example_task_group.py
[2025-12-27T14:38:15.314+0000] {logging_mixin.py:188} INFO - [2025-12-27T14:38:15.313+0000] {dag.py:3096} INFO - Sync 1 DAGs
[2025-12-27T14:38:15.395+0000] {logging_mixin.py:188} INFO - [2025-12-27T14:38:15.395+0000] {dag.py:3954} INFO - Setting next_dagrun for example_task_group to 2025-12-26 00:00:00+00:00, run_after=2025-12-27 00:00:00+00:00
[2025-12-27T14:38:15.453+0000] {processor.py:183} INFO - Processing /home/airflow/.local/lib/python3.12/site-packages/airflow/example_dags/example_task_group.py took 0.276 seconds
[2025-12-27T14:38:48.000+0000] {processor.py:161} INFO - Started process (PID=2385) to work on /home/airflow/.local/lib/python3.12/site-packages/airflow/example_dags/example_task_group.py
[2025-12-27T14:38:48.004+0000] {processor.py:830} INFO - Processing file /home/airflow/.local/lib/python3.12/site-packages/airflow/example_dags/example_task_group.py for tasks to queue
[2025-12-27T14:38:48.007+0000] {logging_mixin.py:188} INFO - [2025-12-27T14:38:48.006+0000] {dagbag.py:540} INFO - Filling up the DagBag from /home/airflow/.local/lib/python3.12/site-packages/airflow/example_dags/example_task_group.py
[2025-12-27T14:38:48.046+0000] {processor.py:840} INFO - DAG(s) 'example_task_group' retrieved from /home/airflow/.local/lib/python3.12/site-packages/airflow/example_dags/example_task_group.py
[2025-12-27T14:38:48.117+0000] {logging_mixin.py:188} INFO - [2025-12-27T14:38:48.117+0000] {dag.py:3096} INFO - Sync 1 DAGs
[2025-12-27T14:38:48.191+0000] {logging_mixin.py:188} INFO - [2025-12-27T14:38:48.191+0000] {dag.py:3954} INFO - Setting next_dagrun for example_task_group to 2025-12-26 00:00:00+00:00, run_after=2025-12-27 00:00:00+00:00
[2025-12-27T14:38:48.270+0000] {processor.py:183} INFO - Processing /home/airflow/.local/lib/python3.12/site-packages/airflow/example_dags/example_task_group.py took 0.295 seconds
[2025-12-27T14:39:22.230+0000] {processor.py:161} INFO - Started process (PID=2444) to work on /home/airflow/.local/lib/python3.12/site-packages/airflow/example_dags/example_task_group.py
[2025-12-27T14:39:22.235+0000] {processor.py:830} INFO - Processing file /home/airflow/.local/lib/python3.12/site-packages/airflow/example_dags/example_task_group.py for tasks to queue
[2025-12-27T14:39:22.242+0000] {logging_mixin.py:188} INFO - [2025-12-27T14:39:22.240+0000] {dagbag.py:540} INFO - Filling up the DagBag from /home/airflow/.local/lib/python3.12/site-packages/airflow/example_dags/example_task_group.py
[2025-12-27T14:39:22.292+0000] {processor.py:840} INFO - DAG(s) 'example_task_group' retrieved from /home/airflow/.local/lib/python3.12/site-packages/airflow/example_dags/example_task_group.py
[2025-12-27T14:39:22.459+0000] {logging_mixin.py:188} INFO - [2025-12-27T14:39:22.458+0000] {dag.py:3096} INFO - Sync 1 DAGs
[2025-12-27T14:39:22.638+0000] {logging_mixin.py:188} INFO - [2025-12-27T14:39:22.637+0000] {dag.py:3954} INFO - Setting next_dagrun for example_task_group to 2025-12-26 00:00:00+00:00, run_after=2025-12-27 00:00:00+00:00
[2025-12-27T14:39:22.793+0000] {processor.py:183} INFO - Processing /home/airflow/.local/lib/python3.12/site-packages/airflow/example_dags/example_task_group.py took 0.594 seconds
[2025-12-27T14:39:52.987+0000] {processor.py:161} INFO - Started process (PID=2502) to work on /home/airflow/.local/lib/python3.12/site-packages/airflow/example_dags/example_task_group.py
[2025-12-27T14:39:52.992+0000] {processor.py:830} INFO - Processing file /home/airflow/.local/lib/python3.12/site-packages/airflow/example_dags/example_task_group.py for tasks to queue
[2025-12-27T14:39:52.996+0000] {logging_mixin.py:188} INFO - [2025-12-27T14:39:52.994+0000] {dagbag.py:540} INFO - Filling up the DagBag from /home/airflow/.local/lib/python3.12/site-packages/airflow/example_dags/example_task_group.py
[2025-12-27T14:39:53.038+0000] {processor.py:840} INFO - DAG(s) 'example_task_group' retrieved from /home/airflow/.local/lib/python3.12/site-packages/airflow/example_dags/example_task_group.py
[2025-12-27T14:39:53.121+0000] {logging_mixin.py:188} INFO - [2025-12-27T14:39:53.121+0000] {dag.py:3096} INFO - Sync 1 DAGs
[2025-12-27T14:39:53.297+0000] {logging_mixin.py:188} INFO - [2025-12-27T14:39:53.294+0000] {dag.py:3954} INFO - Setting next_dagrun for example_task_group to 2025-12-26 00:00:00+00:00, run_after=2025-12-27 00:00:00+00:00
[2025-12-27T14:39:53.419+0000] {processor.py:183} INFO - Processing /home/airflow/.local/lib/python3.12/site-packages/airflow/example_dags/example_task_group.py took 0.453 seconds
[2025-12-27T14:40:23.565+0000] {processor.py:161} INFO - Started process (PID=2560) to work on /home/airflow/.local/lib/python3.12/site-packages/airflow/example_dags/example_task_group.py
[2025-12-27T14:40:23.568+0000] {processor.py:830} INFO - Processing file /home/airflow/.local/lib/python3.12/site-packages/airflow/example_dags/example_task_group.py for tasks to queue
[2025-12-27T14:40:23.571+0000] {logging_mixin.py:188} INFO - [2025-12-27T14:40:23.569+0000] {dagbag.py:540} INFO - Filling up the DagBag from /home/airflow/.local/lib/python3.12/site-packages/airflow/example_dags/example_task_group.py
[2025-12-27T14:40:23.597+0000] {processor.py:840} INFO - DAG(s) 'example_task_group' retrieved from /home/airflow/.local/lib/python3.12/site-packages/airflow/example_dags/example_task_group.py
[2025-12-27T14:40:23.658+0000] {logging_mixin.py:188} INFO - [2025-12-27T14:40:23.657+0000] {dag.py:3096} INFO - Sync 1 DAGs
[2025-12-27T14:40:23.717+0000] {logging_mixin.py:188} INFO - [2025-12-27T14:40:23.716+0000] {dag.py:3954} INFO - Setting next_dagrun for example_task_group to 2025-12-26 00:00:00+00:00, run_after=2025-12-27 00:00:00+00:00
[2025-12-27T14:40:23.769+0000] {processor.py:183} INFO - Processing /home/airflow/.local/lib/python3.12/site-packages/airflow/example_dags/example_task_group.py took 0.222 seconds
[2025-12-27T14:40:53.909+0000] {processor.py:161} INFO - Started process (PID=2618) to work on /home/airflow/.local/lib/python3.12/site-packages/airflow/example_dags/example_task_group.py
[2025-12-27T14:40:53.913+0000] {processor.py:830} INFO - Processing file /home/airflow/.local/lib/python3.12/site-packages/airflow/example_dags/example_task_group.py for tasks to queue
[2025-12-27T14:40:53.916+0000] {logging_mixin.py:188} INFO - [2025-12-27T14:40:53.915+0000] {dagbag.py:540} INFO - Filling up the DagBag from /home/airflow/.local/lib/python3.12/site-packages/airflow/example_dags/example_task_group.py
[2025-12-27T14:40:53.939+0000] {processor.py:840} INFO - DAG(s) 'example_task_group' retrieved from /home/airflow/.local/lib/python3.12/site-packages/airflow/example_dags/example_task_group.py
[2025-12-27T14:40:54.001+0000] {logging_mixin.py:188} INFO - [2025-12-27T14:40:54.000+0000] {dag.py:3096} INFO - Sync 1 DAGs
[2025-12-27T14:40:54.061+0000] {logging_mixin.py:188} INFO - [2025-12-27T14:40:54.060+0000] {dag.py:3954} INFO - Setting next_dagrun for example_task_group to 2025-12-26 00:00:00+00:00, run_after=2025-12-27 00:00:00+00:00
[2025-12-27T14:40:54.110+0000] {processor.py:183} INFO - Processing /home/airflow/.local/lib/python3.12/site-packages/airflow/example_dags/example_task_group.py took 0.218 seconds
[2025-12-27T14:41:25.110+0000] {processor.py:161} INFO - Started process (PID=2676) to work on /home/airflow/.local/lib/python3.12/site-packages/airflow/example_dags/example_task_group.py
[2025-12-27T14:41:25.113+0000] {processor.py:830} INFO - Processing file /home/airflow/.local/lib/python3.12/site-packages/airflow/example_dags/example_task_group.py for tasks to queue
[2025-12-27T14:41:25.116+0000] {logging_mixin.py:188} INFO - [2025-12-27T14:41:25.115+0000] {dagbag.py:540} INFO - Filling up the DagBag from /home/airflow/.local/lib/python3.12/site-packages/airflow/example_dags/example_task_group.py
[2025-12-27T14:41:25.137+0000] {processor.py:840} INFO - DAG(s) 'example_task_group' retrieved from /home/airflow/.local/lib/python3.12/site-packages/airflow/example_dags/example_task_group.py
[2025-12-27T14:41:25.194+0000] {logging_mixin.py:188} INFO - [2025-12-27T14:41:25.193+0000] {dag.py:3096} INFO - Sync 1 DAGs
[2025-12-27T14:41:25.247+0000] {logging_mixin.py:188} INFO - [2025-12-27T14:41:25.247+0000] {dag.py:3954} INFO - Setting next_dagrun for example_task_group to 2025-12-26 00:00:00+00:00, run_after=2025-12-27 00:00:00+00:00
[2025-12-27T14:41:25.303+0000] {processor.py:183} INFO - Processing /home/airflow/.local/lib/python3.12/site-packages/airflow/example_dags/example_task_group.py took 0.209 seconds
[2025-12-27T14:41:55.963+0000] {processor.py:161} INFO - Started process (PID=2734) to work on /home/airflow/.local/lib/python3.12/site-packages/airflow/example_dags/example_task_group.py
[2025-12-27T14:41:55.966+0000] {processor.py:830} INFO - Processing file /home/airflow/.local/lib/python3.12/site-packages/airflow/example_dags/example_task_group.py for tasks to queue
[2025-12-27T14:41:55.969+0000] {logging_mixin.py:188} INFO - [2025-12-27T14:41:55.968+0000] {dagbag.py:540} INFO - Filling up the DagBag from /home/airflow/.local/lib/python3.12/site-packages/airflow/example_dags/example_task_group.py
[2025-12-27T14:41:55.992+0000] {processor.py:840} INFO - DAG(s) 'example_task_group' retrieved from /home/airflow/.local/lib/python3.12/site-packages/airflow/example_dags/example_task_group.py
[2025-12-27T14:41:56.049+0000] {logging_mixin.py:188} INFO - [2025-12-27T14:41:56.048+0000] {dag.py:3096} INFO - Sync 1 DAGs
[2025-12-27T14:41:56.106+0000] {logging_mixin.py:188} INFO - [2025-12-27T14:41:56.106+0000] {dag.py:3954} INFO - Setting next_dagrun for example_task_group to 2025-12-26 00:00:00+00:00, run_after=2025-12-27 00:00:00+00:00
[2025-12-27T14:41:56.162+0000] {processor.py:183} INFO - Processing /home/airflow/.local/lib/python3.12/site-packages/airflow/example_dags/example_task_group.py took 0.218 seconds
[2025-12-27T14:42:26.419+0000] {processor.py:161} INFO - Started process (PID=2792) to work on /home/airflow/.local/lib/python3.12/site-packages/airflow/example_dags/example_task_group.py
[2025-12-27T14:42:26.421+0000] {processor.py:830} INFO - Processing file /home/airflow/.local/lib/python3.12/site-packages/airflow/example_dags/example_task_group.py for tasks to queue
[2025-12-27T14:42:26.425+0000] {logging_mixin.py:188} INFO - [2025-12-27T14:42:26.423+0000] {dagbag.py:540} INFO - Filling up the DagBag from /home/airflow/.local/lib/python3.12/site-packages/airflow/example_dags/example_task_group.py
[2025-12-27T14:42:26.450+0000] {processor.py:840} INFO - DAG(s) 'example_task_group' retrieved from /home/airflow/.local/lib/python3.12/site-packages/airflow/example_dags/example_task_group.py
[2025-12-27T14:42:26.529+0000] {logging_mixin.py:188} INFO - [2025-12-27T14:42:26.528+0000] {dag.py:3096} INFO - Sync 1 DAGs
[2025-12-27T14:42:26.617+0000] {logging_mixin.py:188} INFO - [2025-12-27T14:42:26.616+0000] {dag.py:3954} INFO - Setting next_dagrun for example_task_group to 2025-12-26 00:00:00+00:00, run_after=2025-12-27 00:00:00+00:00
[2025-12-27T14:42:26.706+0000] {processor.py:183} INFO - Processing /home/airflow/.local/lib/python3.12/site-packages/airflow/example_dags/example_task_group.py took 0.306 seconds
[2025-12-27T14:42:57.824+0000] {processor.py:161} INFO - Started process (PID=2850) to work on /home/airflow/.local/lib/python3.12/site-packages/airflow/example_dags/example_task_group.py
[2025-12-27T14:42:57.828+0000] {processor.py:830} INFO - Processing file /home/airflow/.local/lib/python3.12/site-packages/airflow/example_dags/example_task_group.py for tasks to queue
[2025-12-27T14:42:57.831+0000] {logging_mixin.py:188} INFO - [2025-12-27T14:42:57.830+0000] {dagbag.py:540} INFO - Filling up the DagBag from /home/airflow/.local/lib/python3.12/site-packages/airflow/example_dags/example_task_group.py
[2025-12-27T14:42:57.852+0000] {processor.py:840} INFO - DAG(s) 'example_task_group' retrieved from /home/airflow/.local/lib/python3.12/site-packages/airflow/example_dags/example_task_group.py
[2025-12-27T14:42:57.915+0000] {logging_mixin.py:188} INFO - [2025-12-27T14:42:57.915+0000] {dag.py:3096} INFO - Sync 1 DAGs
[2025-12-27T14:42:57.972+0000] {logging_mixin.py:188} INFO - [2025-12-27T14:42:57.971+0000] {dag.py:3954} INFO - Setting next_dagrun for example_task_group to 2025-12-26 00:00:00+00:00, run_after=2025-12-27 00:00:00+00:00
[2025-12-27T14:42:58.024+0000] {processor.py:183} INFO - Processing /home/airflow/.local/lib/python3.12/site-packages/airflow/example_dags/example_task_group.py took 0.217 seconds
[2025-12-27T14:43:28.288+0000] {processor.py:161} INFO - Started process (PID=2906) to work on /home/airflow/.local/lib/python3.12/site-packages/airflow/example_dags/example_task_group.py
[2025-12-27T14:43:28.292+0000] {processor.py:830} INFO - Processing file /home/airflow/.local/lib/python3.12/site-packages/airflow/example_dags/example_task_group.py for tasks to queue
[2025-12-27T14:43:28.296+0000] {logging_mixin.py:188} INFO - [2025-12-27T14:43:28.294+0000] {dagbag.py:540} INFO - Filling up the DagBag from /home/airflow/.local/lib/python3.12/site-packages/airflow/example_dags/example_task_group.py
[2025-12-27T14:43:28.330+0000] {processor.py:840} INFO - DAG(s) 'example_task_group' retrieved from /home/airflow/.local/lib/python3.12/site-packages/airflow/example_dags/example_task_group.py
[2025-12-27T14:43:28.403+0000] {logging_mixin.py:188} INFO - [2025-12-27T14:43:28.402+0000] {dag.py:3096} INFO - Sync 1 DAGs
[2025-12-27T14:43:28.467+0000] {logging_mixin.py:188} INFO - [2025-12-27T14:43:28.466+0000] {dag.py:3954} INFO - Setting next_dagrun for example_task_group to 2025-12-26 00:00:00+00:00, run_after=2025-12-27 00:00:00+00:00
[2025-12-27T14:43:28.534+0000] {processor.py:183} INFO - Processing /home/airflow/.local/lib/python3.12/site-packages/airflow/example_dags/example_task_group.py took 0.267 seconds
[2025-12-27T14:43:59.336+0000] {processor.py:161} INFO - Started process (PID=2964) to work on /home/airflow/.local/lib/python3.12/site-packages/airflow/example_dags/example_task_group.py
[2025-12-27T14:43:59.340+0000] {processor.py:830} INFO - Processing file /home/airflow/.local/lib/python3.12/site-packages/airflow/example_dags/example_task_group.py for tasks to queue
[2025-12-27T14:43:59.342+0000] {logging_mixin.py:188} INFO - [2025-12-27T14:43:59.341+0000] {dagbag.py:540} INFO - Filling up the DagBag from /home/airflow/.local/lib/python3.12/site-packages/airflow/example_dags/example_task_group.py
[2025-12-27T14:43:59.365+0000] {processor.py:840} INFO - DAG(s) 'example_task_group' retrieved from /home/airflow/.local/lib/python3.12/site-packages/airflow/example_dags/example_task_group.py
[2025-12-27T14:43:59.442+0000] {logging_mixin.py:188} INFO - [2025-12-27T14:43:59.441+0000] {dag.py:3096} INFO - Sync 1 DAGs
[2025-12-27T14:43:59.510+0000] {logging_mixin.py:188} INFO - [2025-12-27T14:43:59.510+0000] {dag.py:3954} INFO - Setting next_dagrun for example_task_group to 2025-12-26 00:00:00+00:00, run_after=2025-12-27 00:00:00+00:00
[2025-12-27T14:43:59.562+0000] {processor.py:183} INFO - Processing /home/airflow/.local/lib/python3.12/site-packages/airflow/example_dags/example_task_group.py took 0.242 seconds
[2025-12-27T14:44:30.222+0000] {processor.py:161} INFO - Started process (PID=3023) to work on /home/airflow/.local/lib/python3.12/site-packages/airflow/example_dags/example_task_group.py
[2025-12-27T14:44:30.229+0000] {processor.py:830} INFO - Processing file /home/airflow/.local/lib/python3.12/site-packages/airflow/example_dags/example_task_group.py for tasks to queue
[2025-12-27T14:44:30.231+0000] {logging_mixin.py:188} INFO - [2025-12-27T14:44:30.231+0000] {dagbag.py:540} INFO - Filling up the DagBag from /home/airflow/.local/lib/python3.12/site-packages/airflow/example_dags/example_task_group.py
[2025-12-27T14:44:30.268+0000] {processor.py:840} INFO - DAG(s) 'example_task_group' retrieved from /home/airflow/.local/lib/python3.12/site-packages/airflow/example_dags/example_task_group.py
[2025-12-27T14:44:30.359+0000] {logging_mixin.py:188} INFO - [2025-12-27T14:44:30.358+0000] {dag.py:3096} INFO - Sync 1 DAGs
[2025-12-27T14:44:30.438+0000] {logging_mixin.py:188} INFO - [2025-12-27T14:44:30.437+0000] {dag.py:3954} INFO - Setting next_dagrun for example_task_group to 2025-12-26 00:00:00+00:00, run_after=2025-12-27 00:00:00+00:00
[2025-12-27T14:44:30.510+0000] {processor.py:183} INFO - Processing /home/airflow/.local/lib/python3.12/site-packages/airflow/example_dags/example_task_group.py took 0.308 seconds
[2025-12-27T14:45:01.772+0000] {processor.py:161} INFO - Started process (PID=3082) to work on /home/airflow/.local/lib/python3.12/site-packages/airflow/example_dags/example_task_group.py
[2025-12-27T14:45:01.789+0000] {processor.py:830} INFO - Processing file /home/airflow/.local/lib/python3.12/site-packages/airflow/example_dags/example_task_group.py for tasks to queue
[2025-12-27T14:45:01.792+0000] {logging_mixin.py:188} INFO - [2025-12-27T14:45:01.791+0000] {dagbag.py:540} INFO - Filling up the DagBag from /home/airflow/.local/lib/python3.12/site-packages/airflow/example_dags/example_task_group.py
[2025-12-27T14:45:01.831+0000] {processor.py:840} INFO - DAG(s) 'example_task_group' retrieved from /home/airflow/.local/lib/python3.12/site-packages/airflow/example_dags/example_task_group.py
[2025-12-27T14:45:01.935+0000] {logging_mixin.py:188} INFO - [2025-12-27T14:45:01.934+0000] {dag.py:3096} INFO - Sync 1 DAGs
[2025-12-27T14:45:02.027+0000] {logging_mixin.py:188} INFO - [2025-12-27T14:45:02.026+0000] {dag.py:3954} INFO - Setting next_dagrun for example_task_group to 2025-12-26 00:00:00+00:00, run_after=2025-12-27 00:00:00+00:00
[2025-12-27T14:45:02.368+0000] {processor.py:183} INFO - Processing /home/airflow/.local/lib/python3.12/site-packages/airflow/example_dags/example_task_group.py took 0.612 seconds
[2025-12-27T14:45:32.596+0000] {processor.py:161} INFO - Started process (PID=3141) to work on /home/airflow/.local/lib/python3.12/site-packages/airflow/example_dags/example_task_group.py
[2025-12-27T14:45:32.599+0000] {processor.py:830} INFO - Processing file /home/airflow/.local/lib/python3.12/site-packages/airflow/example_dags/example_task_group.py for tasks to queue
[2025-12-27T14:45:32.603+0000] {logging_mixin.py:188} INFO - [2025-12-27T14:45:32.602+0000] {dagbag.py:540} INFO - Filling up the DagBag from /home/airflow/.local/lib/python3.12/site-packages/airflow/example_dags/example_task_group.py
[2025-12-27T14:45:32.630+0000] {processor.py:840} INFO - DAG(s) 'example_task_group' retrieved from /home/airflow/.local/lib/python3.12/site-packages/airflow/example_dags/example_task_group.py
[2025-12-27T14:45:32.692+0000] {logging_mixin.py:188} INFO - [2025-12-27T14:45:32.692+0000] {dag.py:3096} INFO - Sync 1 DAGs
[2025-12-27T14:45:32.776+0000] {logging_mixin.py:188} INFO - [2025-12-27T14:45:32.776+0000] {dag.py:3954} INFO - Setting next_dagrun for example_task_group to 2025-12-26 00:00:00+00:00, run_after=2025-12-27 00:00:00+00:00
[2025-12-27T14:45:32.834+0000] {processor.py:183} INFO - Processing /home/airflow/.local/lib/python3.12/site-packages/airflow/example_dags/example_task_group.py took 0.260 seconds
[2025-12-27T14:46:03.622+0000] {processor.py:161} INFO - Started process (PID=3199) to work on /home/airflow/.local/lib/python3.12/site-packages/airflow/example_dags/example_task_group.py
[2025-12-27T14:46:03.625+0000] {processor.py:830} INFO - Processing file /home/airflow/.local/lib/python3.12/site-packages/airflow/example_dags/example_task_group.py for tasks to queue
[2025-12-27T14:46:03.627+0000] {logging_mixin.py:188} INFO - [2025-12-27T14:46:03.626+0000] {dagbag.py:540} INFO - Filling up the DagBag from /home/airflow/.local/lib/python3.12/site-packages/airflow/example_dags/example_task_group.py
[2025-12-27T14:46:03.651+0000] {processor.py:840} INFO - DAG(s) 'example_task_group' retrieved from /home/airflow/.local/lib/python3.12/site-packages/airflow/example_dags/example_task_group.py
[2025-12-27T14:46:03.718+0000] {logging_mixin.py:188} INFO - [2025-12-27T14:46:03.718+0000] {dag.py:3096} INFO - Sync 1 DAGs
[2025-12-27T14:46:03.781+0000] {logging_mixin.py:188} INFO - [2025-12-27T14:46:03.780+0000] {dag.py:3954} INFO - Setting next_dagrun for example_task_group to 2025-12-26 00:00:00+00:00, run_after=2025-12-27 00:00:00+00:00
[2025-12-27T14:46:03.833+0000] {processor.py:183} INFO - Processing /home/airflow/.local/lib/python3.12/site-packages/airflow/example_dags/example_task_group.py took 0.228 seconds
[2025-12-27T14:46:33.976+0000] {processor.py:161} INFO - Started process (PID=3257) to work on /home/airflow/.local/lib/python3.12/site-packages/airflow/example_dags/example_task_group.py
[2025-12-27T14:46:33.979+0000] {processor.py:830} INFO - Processing file /home/airflow/.local/lib/python3.12/site-packages/airflow/example_dags/example_task_group.py for tasks to queue
[2025-12-27T14:46:33.982+0000] {logging_mixin.py:188} INFO - [2025-12-27T14:46:33.981+0000] {dagbag.py:540} INFO - Filling up the DagBag from /home/airflow/.local/lib/python3.12/site-packages/airflow/example_dags/example_task_group.py
[2025-12-27T14:46:34.004+0000] {processor.py:840} INFO - DAG(s) 'example_task_group' retrieved from /home/airflow/.local/lib/python3.12/site-packages/airflow/example_dags/example_task_group.py
[2025-12-27T14:46:34.065+0000] {logging_mixin.py:188} INFO - [2025-12-27T14:46:34.064+0000] {dag.py:3096} INFO - Sync 1 DAGs
[2025-12-27T14:46:34.123+0000] {logging_mixin.py:188} INFO - [2025-12-27T14:46:34.122+0000] {dag.py:3954} INFO - Setting next_dagrun for example_task_group to 2025-12-26 00:00:00+00:00, run_after=2025-12-27 00:00:00+00:00
[2025-12-27T14:46:34.172+0000] {processor.py:183} INFO - Processing /home/airflow/.local/lib/python3.12/site-packages/airflow/example_dags/example_task_group.py took 0.212 seconds
[2025-12-27T14:47:04.411+0000] {processor.py:161} INFO - Started process (PID=3315) to work on /home/airflow/.local/lib/python3.12/site-packages/airflow/example_dags/example_task_group.py
[2025-12-27T14:47:04.414+0000] {processor.py:830} INFO - Processing file /home/airflow/.local/lib/python3.12/site-packages/airflow/example_dags/example_task_group.py for tasks to queue
[2025-12-27T14:47:04.417+0000] {logging_mixin.py:188} INFO - [2025-12-27T14:47:04.416+0000] {dagbag.py:540} INFO - Filling up the DagBag from /home/airflow/.local/lib/python3.12/site-packages/airflow/example_dags/example_task_group.py
[2025-12-27T14:47:04.440+0000] {processor.py:840} INFO - DAG(s) 'example_task_group' retrieved from /home/airflow/.local/lib/python3.12/site-packages/airflow/example_dags/example_task_group.py
[2025-12-27T14:47:04.513+0000] {logging_mixin.py:188} INFO - [2025-12-27T14:47:04.512+0000] {dag.py:3096} INFO - Sync 1 DAGs
[2025-12-27T14:47:04.588+0000] {logging_mixin.py:188} INFO - [2025-12-27T14:47:04.588+0000] {dag.py:3954} INFO - Setting next_dagrun for example_task_group to 2025-12-26 00:00:00+00:00, run_after=2025-12-27 00:00:00+00:00
[2025-12-27T14:47:04.672+0000] {processor.py:183} INFO - Processing /home/airflow/.local/lib/python3.12/site-packages/airflow/example_dags/example_task_group.py took 0.281 seconds
[2025-12-27T14:47:35.476+0000] {processor.py:161} INFO - Started process (PID=3373) to work on /home/airflow/.local/lib/python3.12/site-packages/airflow/example_dags/example_task_group.py
[2025-12-27T14:47:35.479+0000] {processor.py:830} INFO - Processing file /home/airflow/.local/lib/python3.12/site-packages/airflow/example_dags/example_task_group.py for tasks to queue
[2025-12-27T14:47:35.482+0000] {logging_mixin.py:188} INFO - [2025-12-27T14:47:35.481+0000] {dagbag.py:540} INFO - Filling up the DagBag from /home/airflow/.local/lib/python3.12/site-packages/airflow/example_dags/example_task_group.py
[2025-12-27T14:47:35.506+0000] {processor.py:840} INFO - DAG(s) 'example_task_group' retrieved from /home/airflow/.local/lib/python3.12/site-packages/airflow/example_dags/example_task_group.py
[2025-12-27T14:47:35.565+0000] {logging_mixin.py:188} INFO - [2025-12-27T14:47:35.565+0000] {dag.py:3096} INFO - Sync 1 DAGs
[2025-12-27T14:47:35.636+0000] {logging_mixin.py:188} INFO - [2025-12-27T14:47:35.635+0000] {dag.py:3954} INFO - Setting next_dagrun for example_task_group to 2025-12-26 00:00:00+00:00, run_after=2025-12-27 00:00:00+00:00
[2025-12-27T14:47:35.693+0000] {processor.py:183} INFO - Processing /home/airflow/.local/lib/python3.12/site-packages/airflow/example_dags/example_task_group.py took 0.234 seconds
[2025-12-27T14:48:06.036+0000] {processor.py:161} INFO - Started process (PID=3432) to work on /home/airflow/.local/lib/python3.12/site-packages/airflow/example_dags/example_task_group.py
[2025-12-27T14:48:06.039+0000] {processor.py:830} INFO - Processing file /home/airflow/.local/lib/python3.12/site-packages/airflow/example_dags/example_task_group.py for tasks to queue
[2025-12-27T14:48:06.041+0000] {logging_mixin.py:188} INFO - [2025-12-27T14:48:06.040+0000] {dagbag.py:540} INFO - Filling up the DagBag from /home/airflow/.local/lib/python3.12/site-packages/airflow/example_dags/example_task_group.py
[2025-12-27T14:48:06.063+0000] {processor.py:840} INFO - DAG(s) 'example_task_group' retrieved from /home/airflow/.local/lib/python3.12/site-packages/airflow/example_dags/example_task_group.py
[2025-12-27T14:48:06.117+0000] {logging_mixin.py:188} INFO - [2025-12-27T14:48:06.117+0000] {dag.py:3096} INFO - Sync 1 DAGs
[2025-12-27T14:48:06.171+0000] {logging_mixin.py:188} INFO - [2025-12-27T14:48:06.170+0000] {dag.py:3954} INFO - Setting next_dagrun for example_task_group to 2025-12-26 00:00:00+00:00, run_after=2025-12-27 00:00:00+00:00
[2025-12-27T14:48:06.219+0000] {processor.py:183} INFO - Processing /home/airflow/.local/lib/python3.12/site-packages/airflow/example_dags/example_task_group.py took 0.198 seconds
[2025-12-27T14:48:38.236+0000] {processor.py:161} INFO - Started process (PID=3490) to work on /home/airflow/.local/lib/python3.12/site-packages/airflow/example_dags/example_task_group.py
[2025-12-27T14:48:38.259+0000] {processor.py:830} INFO - Processing file /home/airflow/.local/lib/python3.12/site-packages/airflow/example_dags/example_task_group.py for tasks to queue
[2025-12-27T14:48:38.276+0000] {logging_mixin.py:188} INFO - [2025-12-27T14:48:38.275+0000] {dagbag.py:540} INFO - Filling up the DagBag from /home/airflow/.local/lib/python3.12/site-packages/airflow/example_dags/example_task_group.py
[2025-12-27T14:48:38.368+0000] {processor.py:840} INFO - DAG(s) 'example_task_group' retrieved from /home/airflow/.local/lib/python3.12/site-packages/airflow/example_dags/example_task_group.py
[2025-12-27T14:48:38.585+0000] {logging_mixin.py:188} INFO - [2025-12-27T14:48:38.579+0000] {dag.py:3096} INFO - Sync 1 DAGs
[2025-12-27T14:48:38.764+0000] {logging_mixin.py:188} INFO - [2025-12-27T14:48:38.763+0000] {dag.py:3954} INFO - Setting next_dagrun for example_task_group to 2025-12-26 00:00:00+00:00, run_after=2025-12-27 00:00:00+00:00
[2025-12-27T14:48:38.927+0000] {processor.py:183} INFO - Processing /home/airflow/.local/lib/python3.12/site-packages/airflow/example_dags/example_task_group.py took 0.761 seconds
[2025-12-27T14:49:10.825+0000] {processor.py:161} INFO - Started process (PID=3548) to work on /home/airflow/.local/lib/python3.12/site-packages/airflow/example_dags/example_task_group.py
[2025-12-27T14:49:10.843+0000] {processor.py:830} INFO - Processing file /home/airflow/.local/lib/python3.12/site-packages/airflow/example_dags/example_task_group.py for tasks to queue
[2025-12-27T14:49:10.847+0000] {logging_mixin.py:188} INFO - [2025-12-27T14:49:10.846+0000] {dagbag.py:540} INFO - Filling up the DagBag from /home/airflow/.local/lib/python3.12/site-packages/airflow/example_dags/example_task_group.py
[2025-12-27T14:49:10.880+0000] {processor.py:840} INFO - DAG(s) 'example_task_group' retrieved from /home/airflow/.local/lib/python3.12/site-packages/airflow/example_dags/example_task_group.py
[2025-12-27T14:49:11.004+0000] {logging_mixin.py:188} INFO - [2025-12-27T14:49:11.002+0000] {dag.py:3096} INFO - Sync 1 DAGs
[2025-12-27T14:49:11.121+0000] {logging_mixin.py:188} INFO - [2025-12-27T14:49:11.120+0000] {dag.py:3954} INFO - Setting next_dagrun for example_task_group to 2025-12-26 00:00:00+00:00, run_after=2025-12-27 00:00:00+00:00
[2025-12-27T14:49:11.259+0000] {processor.py:183} INFO - Processing /home/airflow/.local/lib/python3.12/site-packages/airflow/example_dags/example_task_group.py took 0.456 seconds
[2025-12-27T14:49:42.293+0000] {processor.py:161} INFO - Started process (PID=3606) to work on /home/airflow/.local/lib/python3.12/site-packages/airflow/example_dags/example_task_group.py
[2025-12-27T14:49:42.296+0000] {processor.py:830} INFO - Processing file /home/airflow/.local/lib/python3.12/site-packages/airflow/example_dags/example_task_group.py for tasks to queue
[2025-12-27T14:49:42.301+0000] {logging_mixin.py:188} INFO - [2025-12-27T14:49:42.299+0000] {dagbag.py:540} INFO - Filling up the DagBag from /home/airflow/.local/lib/python3.12/site-packages/airflow/example_dags/example_task_group.py
[2025-12-27T14:49:42.333+0000] {processor.py:840} INFO - DAG(s) 'example_task_group' retrieved from /home/airflow/.local/lib/python3.12/site-packages/airflow/example_dags/example_task_group.py
[2025-12-27T14:49:42.414+0000] {logging_mixin.py:188} INFO - [2025-12-27T14:49:42.413+0000] {dag.py:3096} INFO - Sync 1 DAGs
[2025-12-27T14:49:42.479+0000] {logging_mixin.py:188} INFO - [2025-12-27T14:49:42.478+0000] {dag.py:3954} INFO - Setting next_dagrun for example_task_group to 2025-12-26 00:00:00+00:00, run_after=2025-12-27 00:00:00+00:00
[2025-12-27T14:49:42.541+0000] {processor.py:183} INFO - Processing /home/airflow/.local/lib/python3.12/site-packages/airflow/example_dags/example_task_group.py took 0.265 seconds
[2025-12-27T14:50:23.443+0000] {processor.py:161} INFO - Started process (PID=3675) to work on /home/airflow/.local/lib/python3.12/site-packages/airflow/example_dags/example_task_group.py
[2025-12-27T14:50:23.455+0000] {processor.py:830} INFO - Processing file /home/airflow/.local/lib/python3.12/site-packages/airflow/example_dags/example_task_group.py for tasks to queue
[2025-12-27T14:50:23.458+0000] {logging_mixin.py:188} INFO - [2025-12-27T14:50:23.457+0000] {dagbag.py:540} INFO - Filling up the DagBag from /home/airflow/.local/lib/python3.12/site-packages/airflow/example_dags/example_task_group.py
[2025-12-27T14:50:23.502+0000] {processor.py:840} INFO - DAG(s) 'example_task_group' retrieved from /home/airflow/.local/lib/python3.12/site-packages/airflow/example_dags/example_task_group.py
[2025-12-27T14:50:23.633+0000] {logging_mixin.py:188} INFO - [2025-12-27T14:50:23.632+0000] {dag.py:3096} INFO - Sync 1 DAGs
[2025-12-27T14:50:23.912+0000] {logging_mixin.py:188} INFO - [2025-12-27T14:50:23.911+0000] {dag.py:3954} INFO - Setting next_dagrun for example_task_group to 2025-12-26 00:00:00+00:00, run_after=2025-12-27 00:00:00+00:00
[2025-12-27T14:50:24.115+0000] {processor.py:183} INFO - Processing /home/airflow/.local/lib/python3.12/site-packages/airflow/example_dags/example_task_group.py took 0.713 seconds
[2025-12-27T14:50:55.737+0000] {processor.py:161} INFO - Started process (PID=3732) to work on /home/airflow/.local/lib/python3.12/site-packages/airflow/example_dags/example_task_group.py
[2025-12-27T14:50:55.748+0000] {processor.py:830} INFO - Processing file /home/airflow/.local/lib/python3.12/site-packages/airflow/example_dags/example_task_group.py for tasks to queue
[2025-12-27T14:50:55.753+0000] {logging_mixin.py:188} INFO - [2025-12-27T14:50:55.751+0000] {dagbag.py:540} INFO - Filling up the DagBag from /home/airflow/.local/lib/python3.12/site-packages/airflow/example_dags/example_task_group.py
[2025-12-27T14:50:55.801+0000] {processor.py:840} INFO - DAG(s) 'example_task_group' retrieved from /home/airflow/.local/lib/python3.12/site-packages/airflow/example_dags/example_task_group.py
[2025-12-27T14:50:55.941+0000] {logging_mixin.py:188} INFO - [2025-12-27T14:50:55.933+0000] {dag.py:3096} INFO - Sync 1 DAGs
[2025-12-27T14:50:56.046+0000] {logging_mixin.py:188} INFO - [2025-12-27T14:50:56.045+0000] {dag.py:3954} INFO - Setting next_dagrun for example_task_group to 2025-12-26 00:00:00+00:00, run_after=2025-12-27 00:00:00+00:00
[2025-12-27T14:50:56.179+0000] {processor.py:183} INFO - Processing /home/airflow/.local/lib/python3.12/site-packages/airflow/example_dags/example_task_group.py took 0.485 seconds
[2025-12-27T14:51:47.833+0000] {processor.py:161} INFO - Started process (PID=3790) to work on /home/airflow/.local/lib/python3.12/site-packages/airflow/example_dags/example_task_group.py
[2025-12-27T14:51:47.863+0000] {processor.py:830} INFO - Processing file /home/airflow/.local/lib/python3.12/site-packages/airflow/example_dags/example_task_group.py for tasks to queue
[2025-12-27T14:51:47.977+0000] {logging_mixin.py:188} INFO - [2025-12-27T14:51:47.974+0000] {dagbag.py:540} INFO - Filling up the DagBag from /home/airflow/.local/lib/python3.12/site-packages/airflow/example_dags/example_task_group.py
[2025-12-27T14:51:48.213+0000] {processor.py:840} INFO - DAG(s) 'example_task_group' retrieved from /home/airflow/.local/lib/python3.12/site-packages/airflow/example_dags/example_task_group.py
[2025-12-27T14:51:48.561+0000] {logging_mixin.py:188} INFO - [2025-12-27T14:51:48.555+0000] {dag.py:3096} INFO - Sync 1 DAGs
[2025-12-27T14:51:48.513+0000] {logging_mixin.py:188} INFO - [2025-12-27T14:51:48.509+0000] {dag.py:3954} INFO - Setting next_dagrun for example_task_group to 2025-12-26 00:00:00+00:00, run_after=2025-12-27 00:00:00+00:00
[2025-12-27T14:51:48.787+0000] {processor.py:183} INFO - Processing /home/airflow/.local/lib/python3.12/site-packages/airflow/example_dags/example_task_group.py took 1.561 seconds
[2025-12-27T14:57:08.078+0000] {processor.py:161} INFO - Started process (PID=3911) to work on /home/airflow/.local/lib/python3.12/site-packages/airflow/example_dags/example_task_group.py
[2025-12-27T14:57:08.121+0000] {processor.py:830} INFO - Processing file /home/airflow/.local/lib/python3.12/site-packages/airflow/example_dags/example_task_group.py for tasks to queue
[2025-12-27T14:57:08.151+0000] {logging_mixin.py:188} INFO - [2025-12-27T14:57:08.137+0000] {dagbag.py:540} INFO - Filling up the DagBag from /home/airflow/.local/lib/python3.12/site-packages/airflow/example_dags/example_task_group.py
[2025-12-27T14:57:08.606+0000] {processor.py:840} INFO - DAG(s) 'example_task_group' retrieved from /home/airflow/.local/lib/python3.12/site-packages/airflow/example_dags/example_task_group.py
[2025-12-27T14:58:13.471+0000] {processor.py:186} ERROR - Got an exception! Propagating...
Traceback (most recent call last):
  File "/home/airflow/.local/lib/python3.12/site-packages/sqlalchemy/engine/base.py", line 3371, in _wrap_pool_connect
    return fn()
           ^^^^
  File "/home/airflow/.local/lib/python3.12/site-packages/sqlalchemy/pool/base.py", line 327, in connect
    return _ConnectionFairy._checkout(self)
           ^^^^^^^^^^^^^^^^^^^^^^^^^^^^^^^^
  File "/home/airflow/.local/lib/python3.12/site-packages/sqlalchemy/pool/base.py", line 894, in _checkout
    fairy = _ConnectionRecord.checkout(pool)
            ^^^^^^^^^^^^^^^^^^^^^^^^^^^^^^^^
  File "/home/airflow/.local/lib/python3.12/site-packages/sqlalchemy/pool/base.py", line 493, in checkout
    rec = pool._do_get()
          ^^^^^^^^^^^^^^
  File "/home/airflow/.local/lib/python3.12/site-packages/sqlalchemy/pool/impl.py", line 145, in _do_get
    with util.safe_reraise():
  File "/home/airflow/.local/lib/python3.12/site-packages/sqlalchemy/util/langhelpers.py", line 70, in __exit__
    compat.raise_(
  File "/home/airflow/.local/lib/python3.12/site-packages/sqlalchemy/util/compat.py", line 211, in raise_
    raise exception
  File "/home/airflow/.local/lib/python3.12/site-packages/sqlalchemy/pool/impl.py", line 143, in _do_get
    return self._create_connection()
           ^^^^^^^^^^^^^^^^^^^^^^^^^
  File "/home/airflow/.local/lib/python3.12/site-packages/sqlalchemy/pool/base.py", line 273, in _create_connection
    return _ConnectionRecord(self)
           ^^^^^^^^^^^^^^^^^^^^^^^
  File "/home/airflow/.local/lib/python3.12/site-packages/sqlalchemy/pool/base.py", line 388, in __init__
    self.__connect()
  File "/home/airflow/.local/lib/python3.12/site-packages/sqlalchemy/pool/base.py", line 690, in __connect
    with util.safe_reraise():
  File "/home/airflow/.local/lib/python3.12/site-packages/sqlalchemy/util/langhelpers.py", line 70, in __exit__
    compat.raise_(
  File "/home/airflow/.local/lib/python3.12/site-packages/sqlalchemy/util/compat.py", line 211, in raise_
    raise exception
  File "/home/airflow/.local/lib/python3.12/site-packages/sqlalchemy/pool/base.py", line 686, in __connect
    self.dbapi_connection = connection = pool._invoke_creator(self)
                                         ^^^^^^^^^^^^^^^^^^^^^^^^^^
  File "/home/airflow/.local/lib/python3.12/site-packages/sqlalchemy/engine/create.py", line 574, in connect
    return dialect.connect(*cargs, **cparams)
           ^^^^^^^^^^^^^^^^^^^^^^^^^^^^^^^^^^
  File "/home/airflow/.local/lib/python3.12/site-packages/sqlalchemy/engine/default.py", line 598, in connect
    return self.dbapi.connect(*cargs, **cparams)
           ^^^^^^^^^^^^^^^^^^^^^^^^^^^^^^^^^^^^^
  File "/home/airflow/.local/lib/python3.12/site-packages/psycopg2/__init__.py", line 122, in connect
    conn = _connect(dsn, connection_factory=connection_factory, **kwasync)
           ^^^^^^^^^^^^^^^^^^^^^^^^^^^^^^^^^^^^^^^^^^^^^^^^^^^^^^^^^^^^^^^
psycopg2.OperationalError: could not translate host name "postgres" to address: Temporary failure in name resolution


The above exception was the direct cause of the following exception:

Traceback (most recent call last):
  File "/home/airflow/.local/lib/python3.12/site-packages/airflow/dag_processing/processor.py", line 182, in _run_file_processor
    _handle_dag_file_processing()
  File "/home/airflow/.local/lib/python3.12/site-packages/airflow/dag_processing/processor.py", line 163, in _handle_dag_file_processing
    result: tuple[int, int] = dag_file_processor.process_file(
                              ^^^^^^^^^^^^^^^^^^^^^^^^^^^^^^^^
  File "/home/airflow/.local/lib/python3.12/site-packages/airflow/utils/session.py", line 79, in wrapper
    return func(*args, session=session, **kwargs)
           ^^^^^^^^^^^^^^^^^^^^^^^^^^^^^^^^^^^^^^
  File "/home/airflow/.local/lib/python3.12/site-packages/airflow/dag_processing/processor.py", line 859, in process_file
    serialize_errors = DagFileProcessor.save_dag_to_db(
                       ^^^^^^^^^^^^^^^^^^^^^^^^^^^^^^^^
  File "/home/airflow/.local/lib/python3.12/site-packages/airflow/api_internal/internal_api_call.py", line 115, in wrapper
    return func(*args, **kwargs)
           ^^^^^^^^^^^^^^^^^^^^^
  File "/home/airflow/.local/lib/python3.12/site-packages/airflow/utils/session.py", line 79, in wrapper
    return func(*args, session=session, **kwargs)
           ^^^^^^^^^^^^^^^^^^^^^^^^^^^^^^^^^^^^^^
  File "/home/airflow/.local/lib/python3.12/site-packages/airflow/dag_processing/processor.py", line 895, in save_dag_to_db
    import_errors = DagBag._sync_to_db(dags=dags, processor_subdir=dag_directory, session=session)
                    ^^^^^^^^^^^^^^^^^^^^^^^^^^^^^^^^^^^^^^^^^^^^^^^^^^^^^^^^^^^^^^^^^^^^^^^^^^^^^^
  File "/home/airflow/.local/lib/python3.12/site-packages/airflow/utils/session.py", line 76, in wrapper
    return func(*args, **kwargs)
           ^^^^^^^^^^^^^^^^^^^^^
  File "/home/airflow/.local/lib/python3.12/site-packages/airflow/models/dagbag.py", line 659, in _sync_to_db
    for attempt in run_with_db_retries(logger=log):
  File "/home/airflow/.local/lib/python3.12/site-packages/tenacity/__init__.py", line 347, in __iter__
    do = self.iter(retry_state=retry_state)
         ^^^^^^^^^^^^^^^^^^^^^^^^^^^^^^^^^^
  File "/home/airflow/.local/lib/python3.12/site-packages/tenacity/__init__.py", line 325, in iter
    raise retry_exc.reraise()
          ^^^^^^^^^^^^^^^^^^^
  File "/home/airflow/.local/lib/python3.12/site-packages/tenacity/__init__.py", line 158, in reraise
    raise self.last_attempt.result()
          ^^^^^^^^^^^^^^^^^^^^^^^^^^
  File "/usr/local/lib/python3.12/concurrent/futures/_base.py", line 449, in result
    return self.__get_result()
           ^^^^^^^^^^^^^^^^^^^
  File "/usr/local/lib/python3.12/concurrent/futures/_base.py", line 401, in __get_result
    raise self._exception
  File "/home/airflow/.local/lib/python3.12/site-packages/airflow/models/dagbag.py", line 672, in _sync_to_db
    _serialize_dag_capturing_errors(dag, session, processor_subdir)
  File "/home/airflow/.local/lib/python3.12/site-packages/airflow/models/dagbag.py", line 637, in _serialize_dag_capturing_errors
    dag_was_updated = SerializedDagModel.write_dag(
                      ^^^^^^^^^^^^^^^^^^^^^^^^^^^^^
  File "/home/airflow/.local/lib/python3.12/site-packages/airflow/utils/session.py", line 76, in wrapper
    return func(*args, **kwargs)
           ^^^^^^^^^^^^^^^^^^^^^
  File "/home/airflow/.local/lib/python3.12/site-packages/airflow/models/serialized_dag.py", line 158, in write_dag
    if session.scalar(
       ^^^^^^^^^^^^^^^
  File "/home/airflow/.local/lib/python3.12/site-packages/sqlalchemy/orm/session.py", line 1747, in scalar
    return self.execute(
           ^^^^^^^^^^^^^
  File "/home/airflow/.local/lib/python3.12/site-packages/sqlalchemy/orm/session.py", line 1716, in execute
    conn = self._connection_for_bind(bind)
           ^^^^^^^^^^^^^^^^^^^^^^^^^^^^^^^
  File "/home/airflow/.local/lib/python3.12/site-packages/sqlalchemy/orm/session.py", line 1555, in _connection_for_bind
    return self._transaction._connection_for_bind(
           ^^^^^^^^^^^^^^^^^^^^^^^^^^^^^^^^^^^^^^^
  File "/home/airflow/.local/lib/python3.12/site-packages/sqlalchemy/orm/session.py", line 750, in _connection_for_bind
    conn = bind.connect()
           ^^^^^^^^^^^^^^
  File "/home/airflow/.local/lib/python3.12/site-packages/sqlalchemy/future/engine.py", line 412, in connect
    return super(Engine, self).connect()
           ^^^^^^^^^^^^^^^^^^^^^^^^^^^^^
  File "/home/airflow/.local/lib/python3.12/site-packages/sqlalchemy/engine/base.py", line 3325, in connect
    return self._connection_cls(self, close_with_result=close_with_result)
           ^^^^^^^^^^^^^^^^^^^^^^^^^^^^^^^^^^^^^^^^^^^^^^^^^^^^^^^^^^^^^^^
  File "/home/airflow/.local/lib/python3.12/site-packages/sqlalchemy/engine/base.py", line 96, in __init__
    else engine.raw_connection()
         ^^^^^^^^^^^^^^^^^^^^^^^
  File "/home/airflow/.local/lib/python3.12/site-packages/sqlalchemy/engine/base.py", line 3404, in raw_connection
    return self._wrap_pool_connect(self.pool.connect, _connection)
           ^^^^^^^^^^^^^^^^^^^^^^^^^^^^^^^^^^^^^^^^^^^^^^^^^^^^^^^
  File "/home/airflow/.local/lib/python3.12/site-packages/sqlalchemy/engine/base.py", line 3374, in _wrap_pool_connect
    Connection._handle_dbapi_exception_noconnection(
  File "/home/airflow/.local/lib/python3.12/site-packages/sqlalchemy/engine/base.py", line 2208, in _handle_dbapi_exception_noconnection
    util.raise_(
  File "/home/airflow/.local/lib/python3.12/site-packages/sqlalchemy/util/compat.py", line 211, in raise_
    raise exception
  File "/home/airflow/.local/lib/python3.12/site-packages/sqlalchemy/engine/base.py", line 3371, in _wrap_pool_connect
    return fn()
           ^^^^
  File "/home/airflow/.local/lib/python3.12/site-packages/sqlalchemy/pool/base.py", line 327, in connect
    return _ConnectionFairy._checkout(self)
           ^^^^^^^^^^^^^^^^^^^^^^^^^^^^^^^^
  File "/home/airflow/.local/lib/python3.12/site-packages/sqlalchemy/pool/base.py", line 894, in _checkout
    fairy = _ConnectionRecord.checkout(pool)
            ^^^^^^^^^^^^^^^^^^^^^^^^^^^^^^^^
  File "/home/airflow/.local/lib/python3.12/site-packages/sqlalchemy/pool/base.py", line 493, in checkout
    rec = pool._do_get()
          ^^^^^^^^^^^^^^
  File "/home/airflow/.local/lib/python3.12/site-packages/sqlalchemy/pool/impl.py", line 145, in _do_get
    with util.safe_reraise():
  File "/home/airflow/.local/lib/python3.12/site-packages/sqlalchemy/util/langhelpers.py", line 70, in __exit__
    compat.raise_(
  File "/home/airflow/.local/lib/python3.12/site-packages/sqlalchemy/util/compat.py", line 211, in raise_
    raise exception
  File "/home/airflow/.local/lib/python3.12/site-packages/sqlalchemy/pool/impl.py", line 143, in _do_get
    return self._create_connection()
           ^^^^^^^^^^^^^^^^^^^^^^^^^
  File "/home/airflow/.local/lib/python3.12/site-packages/sqlalchemy/pool/base.py", line 273, in _create_connection
    return _ConnectionRecord(self)
           ^^^^^^^^^^^^^^^^^^^^^^^
  File "/home/airflow/.local/lib/python3.12/site-packages/sqlalchemy/pool/base.py", line 388, in __init__
    self.__connect()
  File "/home/airflow/.local/lib/python3.12/site-packages/sqlalchemy/pool/base.py", line 690, in __connect
    with util.safe_reraise():
  File "/home/airflow/.local/lib/python3.12/site-packages/sqlalchemy/util/langhelpers.py", line 70, in __exit__
    compat.raise_(
  File "/home/airflow/.local/lib/python3.12/site-packages/sqlalchemy/util/compat.py", line 211, in raise_
    raise exception
  File "/home/airflow/.local/lib/python3.12/site-packages/sqlalchemy/pool/base.py", line 686, in __connect
    self.dbapi_connection = connection = pool._invoke_creator(self)
                                         ^^^^^^^^^^^^^^^^^^^^^^^^^^
  File "/home/airflow/.local/lib/python3.12/site-packages/sqlalchemy/engine/create.py", line 574, in connect
    return dialect.connect(*cargs, **cparams)
           ^^^^^^^^^^^^^^^^^^^^^^^^^^^^^^^^^^
  File "/home/airflow/.local/lib/python3.12/site-packages/sqlalchemy/engine/default.py", line 598, in connect
    return self.dbapi.connect(*cargs, **cparams)
           ^^^^^^^^^^^^^^^^^^^^^^^^^^^^^^^^^^^^^
  File "/home/airflow/.local/lib/python3.12/site-packages/psycopg2/__init__.py", line 122, in connect
    conn = _connect(dsn, connection_factory=connection_factory, **kwasync)
           ^^^^^^^^^^^^^^^^^^^^^^^^^^^^^^^^^^^^^^^^^^^^^^^^^^^^^^^^^^^^^^^
sqlalchemy.exc.OperationalError: (psycopg2.OperationalError) could not translate host name "postgres" to address: Temporary failure in name resolution

(Background on this error at: https://sqlalche.me/e/14/e3q8)
