[2025-12-27T14:15:02.368+0000] {processor.py:161} INFO - Started process (PID=113) to work on /home/airflow/.local/lib/python3.12/site-packages/airflow/example_dags/example_xcomargs.py
[2025-12-27T14:15:02.373+0000] {processor.py:830} INFO - Processing file /home/airflow/.local/lib/python3.12/site-packages/airflow/example_dags/example_xcomargs.py for tasks to queue
[2025-12-27T14:15:02.395+0000] {logging_mixin.py:188} INFO - [2025-12-27T14:15:02.393+0000] {dagbag.py:540} INFO - Filling up the DagBag from /home/airflow/.local/lib/python3.12/site-packages/airflow/example_dags/example_xcomargs.py
[2025-12-27T14:15:02.475+0000] {processor.py:840} INFO - DAG(s) 'example_xcom_args', 'example_xcom_args_with_operators' retrieved from /home/airflow/.local/lib/python3.12/site-packages/airflow/example_dags/example_xcomargs.py
[2025-12-27T14:15:03.276+0000] {logging_mixin.py:188} INFO - [2025-12-27T14:15:03.275+0000] {dag.py:3096} INFO - Sync 2 DAGs
[2025-12-27T14:15:03.356+0000] {logging_mixin.py:188} INFO - [2025-12-27T14:15:03.355+0000] {dag.py:3954} INFO - Setting next_dagrun for example_xcom_args to None, run_after=None
[2025-12-27T14:15:03.379+0000] {logging_mixin.py:188} INFO - [2025-12-27T14:15:03.378+0000] {dag.py:3954} INFO - Setting next_dagrun for example_xcom_args_with_operators to None, run_after=None
[2025-12-27T14:15:03.530+0000] {processor.py:183} INFO - Processing /home/airflow/.local/lib/python3.12/site-packages/airflow/example_dags/example_xcomargs.py took 1.196 seconds
[2025-12-27T14:15:34.233+0000] {processor.py:161} INFO - Started process (PID=170) to work on /home/airflow/.local/lib/python3.12/site-packages/airflow/example_dags/example_xcomargs.py
[2025-12-27T14:15:34.237+0000] {processor.py:830} INFO - Processing file /home/airflow/.local/lib/python3.12/site-packages/airflow/example_dags/example_xcomargs.py for tasks to queue
[2025-12-27T14:15:34.248+0000] {logging_mixin.py:188} INFO - [2025-12-27T14:15:34.244+0000] {dagbag.py:540} INFO - Filling up the DagBag from /home/airflow/.local/lib/python3.12/site-packages/airflow/example_dags/example_xcomargs.py
[2025-12-27T14:15:34.286+0000] {processor.py:840} INFO - DAG(s) 'example_xcom_args', 'example_xcom_args_with_operators' retrieved from /home/airflow/.local/lib/python3.12/site-packages/airflow/example_dags/example_xcomargs.py
[2025-12-27T14:15:34.382+0000] {logging_mixin.py:188} INFO - [2025-12-27T14:15:34.381+0000] {dag.py:3096} INFO - Sync 2 DAGs
[2025-12-27T14:15:34.431+0000] {logging_mixin.py:188} INFO - [2025-12-27T14:15:34.431+0000] {dag.py:3954} INFO - Setting next_dagrun for example_xcom_args to None, run_after=None
[2025-12-27T14:15:34.446+0000] {logging_mixin.py:188} INFO - [2025-12-27T14:15:34.445+0000] {dag.py:3954} INFO - Setting next_dagrun for example_xcom_args_with_operators to None, run_after=None
[2025-12-27T14:15:34.501+0000] {processor.py:183} INFO - Processing /home/airflow/.local/lib/python3.12/site-packages/airflow/example_dags/example_xcomargs.py took 0.290 seconds
[2025-12-27T14:16:04.602+0000] {processor.py:161} INFO - Started process (PID=229) to work on /home/airflow/.local/lib/python3.12/site-packages/airflow/example_dags/example_xcomargs.py
[2025-12-27T14:16:04.604+0000] {processor.py:830} INFO - Processing file /home/airflow/.local/lib/python3.12/site-packages/airflow/example_dags/example_xcomargs.py for tasks to queue
[2025-12-27T14:16:04.610+0000] {logging_mixin.py:188} INFO - [2025-12-27T14:16:04.609+0000] {dagbag.py:540} INFO - Filling up the DagBag from /home/airflow/.local/lib/python3.12/site-packages/airflow/example_dags/example_xcomargs.py
[2025-12-27T14:16:04.633+0000] {processor.py:840} INFO - DAG(s) 'example_xcom_args_with_operators', 'example_xcom_args' retrieved from /home/airflow/.local/lib/python3.12/site-packages/airflow/example_dags/example_xcomargs.py
[2025-12-27T14:16:04.702+0000] {logging_mixin.py:188} INFO - [2025-12-27T14:16:04.702+0000] {dag.py:3096} INFO - Sync 2 DAGs
[2025-12-27T14:16:04.747+0000] {logging_mixin.py:188} INFO - [2025-12-27T14:16:04.746+0000] {dag.py:3954} INFO - Setting next_dagrun for example_xcom_args to None, run_after=None
[2025-12-27T14:16:04.757+0000] {logging_mixin.py:188} INFO - [2025-12-27T14:16:04.757+0000] {dag.py:3954} INFO - Setting next_dagrun for example_xcom_args_with_operators to None, run_after=None
[2025-12-27T14:16:04.807+0000] {processor.py:183} INFO - Processing /home/airflow/.local/lib/python3.12/site-packages/airflow/example_dags/example_xcomargs.py took 0.228 seconds
[2025-12-27T14:16:37.449+0000] {processor.py:161} INFO - Started process (PID=287) to work on /home/airflow/.local/lib/python3.12/site-packages/airflow/example_dags/example_xcomargs.py
[2025-12-27T14:16:37.452+0000] {processor.py:830} INFO - Processing file /home/airflow/.local/lib/python3.12/site-packages/airflow/example_dags/example_xcomargs.py for tasks to queue
[2025-12-27T14:16:37.460+0000] {logging_mixin.py:188} INFO - [2025-12-27T14:16:37.459+0000] {dagbag.py:540} INFO - Filling up the DagBag from /home/airflow/.local/lib/python3.12/site-packages/airflow/example_dags/example_xcomargs.py
[2025-12-27T14:16:37.501+0000] {processor.py:840} INFO - DAG(s) 'example_xcom_args_with_operators', 'example_xcom_args' retrieved from /home/airflow/.local/lib/python3.12/site-packages/airflow/example_dags/example_xcomargs.py
[2025-12-27T14:16:37.622+0000] {logging_mixin.py:188} INFO - [2025-12-27T14:16:37.620+0000] {dag.py:3096} INFO - Sync 2 DAGs
[2025-12-27T14:16:37.746+0000] {logging_mixin.py:188} INFO - [2025-12-27T14:16:37.735+0000] {dag.py:3954} INFO - Setting next_dagrun for example_xcom_args to None, run_after=None
[2025-12-27T14:16:37.785+0000] {logging_mixin.py:188} INFO - [2025-12-27T14:16:37.784+0000] {dag.py:3954} INFO - Setting next_dagrun for example_xcom_args_with_operators to None, run_after=None
[2025-12-27T14:16:37.912+0000] {processor.py:183} INFO - Processing /home/airflow/.local/lib/python3.12/site-packages/airflow/example_dags/example_xcomargs.py took 0.496 seconds
[2025-12-27T14:17:11.083+0000] {processor.py:161} INFO - Started process (PID=343) to work on /home/airflow/.local/lib/python3.12/site-packages/airflow/example_dags/example_xcomargs.py
[2025-12-27T14:17:11.091+0000] {processor.py:830} INFO - Processing file /home/airflow/.local/lib/python3.12/site-packages/airflow/example_dags/example_xcomargs.py for tasks to queue
[2025-12-27T14:17:11.110+0000] {logging_mixin.py:188} INFO - [2025-12-27T14:17:11.109+0000] {dagbag.py:540} INFO - Filling up the DagBag from /home/airflow/.local/lib/python3.12/site-packages/airflow/example_dags/example_xcomargs.py
[2025-12-27T14:17:11.487+0000] {processor.py:840} INFO - DAG(s) 'example_xcom_args_with_operators', 'example_xcom_args' retrieved from /home/airflow/.local/lib/python3.12/site-packages/airflow/example_dags/example_xcomargs.py
[2025-12-27T14:17:11.696+0000] {logging_mixin.py:188} INFO - [2025-12-27T14:17:11.694+0000] {dag.py:3096} INFO - Sync 2 DAGs
[2025-12-27T14:17:11.756+0000] {logging_mixin.py:188} INFO - [2025-12-27T14:17:11.755+0000] {dag.py:3954} INFO - Setting next_dagrun for example_xcom_args to None, run_after=None
[2025-12-27T14:17:11.775+0000] {logging_mixin.py:188} INFO - [2025-12-27T14:17:11.775+0000] {dag.py:3954} INFO - Setting next_dagrun for example_xcom_args_with_operators to None, run_after=None
[2025-12-27T14:17:11.864+0000] {processor.py:183} INFO - Processing /home/airflow/.local/lib/python3.12/site-packages/airflow/example_dags/example_xcomargs.py took 0.848 seconds
[2025-12-27T14:18:01.596+0000] {processor.py:161} INFO - Started process (PID=406) to work on /home/airflow/.local/lib/python3.12/site-packages/airflow/example_dags/example_xcomargs.py
[2025-12-27T14:18:01.609+0000] {processor.py:830} INFO - Processing file /home/airflow/.local/lib/python3.12/site-packages/airflow/example_dags/example_xcomargs.py for tasks to queue
[2025-12-27T14:18:01.619+0000] {logging_mixin.py:188} INFO - [2025-12-27T14:18:01.618+0000] {dagbag.py:540} INFO - Filling up the DagBag from /home/airflow/.local/lib/python3.12/site-packages/airflow/example_dags/example_xcomargs.py
[2025-12-27T14:18:01.730+0000] {processor.py:840} INFO - DAG(s) 'example_xcom_args', 'example_xcom_args_with_operators' retrieved from /home/airflow/.local/lib/python3.12/site-packages/airflow/example_dags/example_xcomargs.py
[2025-12-27T14:18:01.972+0000] {logging_mixin.py:188} INFO - [2025-12-27T14:18:01.971+0000] {dag.py:3096} INFO - Sync 2 DAGs
[2025-12-27T14:18:02.110+0000] {logging_mixin.py:188} INFO - [2025-12-27T14:18:02.109+0000] {dag.py:3954} INFO - Setting next_dagrun for example_xcom_args to None, run_after=None
[2025-12-27T14:18:02.163+0000] {logging_mixin.py:188} INFO - [2025-12-27T14:18:02.162+0000] {dag.py:3954} INFO - Setting next_dagrun for example_xcom_args_with_operators to None, run_after=None
[2025-12-27T14:18:02.596+0000] {processor.py:183} INFO - Processing /home/airflow/.local/lib/python3.12/site-packages/airflow/example_dags/example_xcomargs.py took 1.046 seconds
[2025-12-27T14:18:37.694+0000] {processor.py:161} INFO - Started process (PID=458) to work on /home/airflow/.local/lib/python3.12/site-packages/airflow/example_dags/example_xcomargs.py
[2025-12-27T14:18:37.697+0000] {processor.py:830} INFO - Processing file /home/airflow/.local/lib/python3.12/site-packages/airflow/example_dags/example_xcomargs.py for tasks to queue
[2025-12-27T14:18:37.702+0000] {logging_mixin.py:188} INFO - [2025-12-27T14:18:37.701+0000] {dagbag.py:540} INFO - Filling up the DagBag from /home/airflow/.local/lib/python3.12/site-packages/airflow/example_dags/example_xcomargs.py
[2025-12-27T14:18:37.745+0000] {processor.py:840} INFO - DAG(s) 'example_xcom_args', 'example_xcom_args_with_operators' retrieved from /home/airflow/.local/lib/python3.12/site-packages/airflow/example_dags/example_xcomargs.py
[2025-12-27T14:18:37.835+0000] {logging_mixin.py:188} INFO - [2025-12-27T14:18:37.834+0000] {dag.py:3096} INFO - Sync 2 DAGs
[2025-12-27T14:18:37.883+0000] {logging_mixin.py:188} INFO - [2025-12-27T14:18:37.882+0000] {dag.py:3954} INFO - Setting next_dagrun for example_xcom_args to None, run_after=None
[2025-12-27T14:18:37.902+0000] {logging_mixin.py:188} INFO - [2025-12-27T14:18:37.901+0000] {dag.py:3954} INFO - Setting next_dagrun for example_xcom_args_with_operators to None, run_after=None
[2025-12-27T14:18:37.967+0000] {processor.py:183} INFO - Processing /home/airflow/.local/lib/python3.12/site-packages/airflow/example_dags/example_xcomargs.py took 0.292 seconds
[2025-12-27T14:19:08.565+0000] {processor.py:161} INFO - Started process (PID=516) to work on /home/airflow/.local/lib/python3.12/site-packages/airflow/example_dags/example_xcomargs.py
[2025-12-27T14:19:08.567+0000] {processor.py:830} INFO - Processing file /home/airflow/.local/lib/python3.12/site-packages/airflow/example_dags/example_xcomargs.py for tasks to queue
[2025-12-27T14:19:08.574+0000] {logging_mixin.py:188} INFO - [2025-12-27T14:19:08.573+0000] {dagbag.py:540} INFO - Filling up the DagBag from /home/airflow/.local/lib/python3.12/site-packages/airflow/example_dags/example_xcomargs.py
[2025-12-27T14:19:08.609+0000] {processor.py:840} INFO - DAG(s) 'example_xcom_args', 'example_xcom_args_with_operators' retrieved from /home/airflow/.local/lib/python3.12/site-packages/airflow/example_dags/example_xcomargs.py
[2025-12-27T14:19:08.694+0000] {logging_mixin.py:188} INFO - [2025-12-27T14:19:08.693+0000] {dag.py:3096} INFO - Sync 2 DAGs
[2025-12-27T14:19:08.750+0000] {logging_mixin.py:188} INFO - [2025-12-27T14:19:08.749+0000] {dag.py:3954} INFO - Setting next_dagrun for example_xcom_args to None, run_after=None
[2025-12-27T14:19:08.765+0000] {logging_mixin.py:188} INFO - [2025-12-27T14:19:08.764+0000] {dag.py:3954} INFO - Setting next_dagrun for example_xcom_args_with_operators to None, run_after=None
[2025-12-27T14:19:08.828+0000] {processor.py:183} INFO - Processing /home/airflow/.local/lib/python3.12/site-packages/airflow/example_dags/example_xcomargs.py took 0.285 seconds
[2025-12-27T14:19:40.986+0000] {processor.py:161} INFO - Started process (PID=572) to work on /home/airflow/.local/lib/python3.12/site-packages/airflow/example_dags/example_xcomargs.py
[2025-12-27T14:19:40.989+0000] {processor.py:830} INFO - Processing file /home/airflow/.local/lib/python3.12/site-packages/airflow/example_dags/example_xcomargs.py for tasks to queue
[2025-12-27T14:19:40.996+0000] {logging_mixin.py:188} INFO - [2025-12-27T14:19:40.995+0000] {dagbag.py:540} INFO - Filling up the DagBag from /home/airflow/.local/lib/python3.12/site-packages/airflow/example_dags/example_xcomargs.py
[2025-12-27T14:19:41.028+0000] {processor.py:840} INFO - DAG(s) 'example_xcom_args', 'example_xcom_args_with_operators' retrieved from /home/airflow/.local/lib/python3.12/site-packages/airflow/example_dags/example_xcomargs.py
[2025-12-27T14:19:41.103+0000] {logging_mixin.py:188} INFO - [2025-12-27T14:19:41.102+0000] {dag.py:3096} INFO - Sync 2 DAGs
[2025-12-27T14:19:41.154+0000] {logging_mixin.py:188} INFO - [2025-12-27T14:19:41.153+0000] {dag.py:3954} INFO - Setting next_dagrun for example_xcom_args to None, run_after=None
[2025-12-27T14:19:41.189+0000] {logging_mixin.py:188} INFO - [2025-12-27T14:19:41.179+0000] {dag.py:3954} INFO - Setting next_dagrun for example_xcom_args_with_operators to None, run_after=None
[2025-12-27T14:19:41.353+0000] {processor.py:183} INFO - Processing /home/airflow/.local/lib/python3.12/site-packages/airflow/example_dags/example_xcomargs.py took 0.388 seconds
[2025-12-27T14:20:14.814+0000] {processor.py:161} INFO - Started process (PID=628) to work on /home/airflow/.local/lib/python3.12/site-packages/airflow/example_dags/example_xcomargs.py
[2025-12-27T14:20:14.817+0000] {processor.py:830} INFO - Processing file /home/airflow/.local/lib/python3.12/site-packages/airflow/example_dags/example_xcomargs.py for tasks to queue
[2025-12-27T14:20:14.824+0000] {logging_mixin.py:188} INFO - [2025-12-27T14:20:14.822+0000] {dagbag.py:540} INFO - Filling up the DagBag from /home/airflow/.local/lib/python3.12/site-packages/airflow/example_dags/example_xcomargs.py
[2025-12-27T14:20:14.854+0000] {processor.py:840} INFO - DAG(s) 'example_xcom_args_with_operators', 'example_xcom_args' retrieved from /home/airflow/.local/lib/python3.12/site-packages/airflow/example_dags/example_xcomargs.py
[2025-12-27T14:20:14.918+0000] {logging_mixin.py:188} INFO - [2025-12-27T14:20:14.917+0000] {dag.py:3096} INFO - Sync 2 DAGs
[2025-12-27T14:20:14.957+0000] {logging_mixin.py:188} INFO - [2025-12-27T14:20:14.957+0000] {dag.py:3954} INFO - Setting next_dagrun for example_xcom_args to None, run_after=None
[2025-12-27T14:20:14.972+0000] {logging_mixin.py:188} INFO - [2025-12-27T14:20:14.971+0000] {dag.py:3954} INFO - Setting next_dagrun for example_xcom_args_with_operators to None, run_after=None
[2025-12-27T14:20:15.022+0000] {processor.py:183} INFO - Processing /home/airflow/.local/lib/python3.12/site-packages/airflow/example_dags/example_xcomargs.py took 0.228 seconds
[2025-12-27T14:20:46.000+0000] {processor.py:161} INFO - Started process (PID=686) to work on /home/airflow/.local/lib/python3.12/site-packages/airflow/example_dags/example_xcomargs.py
[2025-12-27T14:20:46.003+0000] {processor.py:830} INFO - Processing file /home/airflow/.local/lib/python3.12/site-packages/airflow/example_dags/example_xcomargs.py for tasks to queue
[2025-12-27T14:20:46.010+0000] {logging_mixin.py:188} INFO - [2025-12-27T14:20:46.008+0000] {dagbag.py:540} INFO - Filling up the DagBag from /home/airflow/.local/lib/python3.12/site-packages/airflow/example_dags/example_xcomargs.py
[2025-12-27T14:20:46.042+0000] {processor.py:840} INFO - DAG(s) 'example_xcom_args_with_operators', 'example_xcom_args' retrieved from /home/airflow/.local/lib/python3.12/site-packages/airflow/example_dags/example_xcomargs.py
[2025-12-27T14:20:46.107+0000] {logging_mixin.py:188} INFO - [2025-12-27T14:20:46.106+0000] {dag.py:3096} INFO - Sync 2 DAGs
[2025-12-27T14:20:46.141+0000] {logging_mixin.py:188} INFO - [2025-12-27T14:20:46.140+0000] {dag.py:3954} INFO - Setting next_dagrun for example_xcom_args to None, run_after=None
[2025-12-27T14:20:46.151+0000] {logging_mixin.py:188} INFO - [2025-12-27T14:20:46.151+0000] {dag.py:3954} INFO - Setting next_dagrun for example_xcom_args_with_operators to None, run_after=None
[2025-12-27T14:20:46.198+0000] {processor.py:183} INFO - Processing /home/airflow/.local/lib/python3.12/site-packages/airflow/example_dags/example_xcomargs.py took 0.213 seconds
[2025-12-27T14:21:34.148+0000] {processor.py:161} INFO - Started process (PID=748) to work on /home/airflow/.local/lib/python3.12/site-packages/airflow/example_dags/example_xcomargs.py
[2025-12-27T14:21:34.185+0000] {processor.py:830} INFO - Processing file /home/airflow/.local/lib/python3.12/site-packages/airflow/example_dags/example_xcomargs.py for tasks to queue
[2025-12-27T14:21:34.193+0000] {logging_mixin.py:188} INFO - [2025-12-27T14:21:34.191+0000] {dagbag.py:540} INFO - Filling up the DagBag from /home/airflow/.local/lib/python3.12/site-packages/airflow/example_dags/example_xcomargs.py
[2025-12-27T14:21:34.247+0000] {processor.py:840} INFO - DAG(s) 'example_xcom_args_with_operators', 'example_xcom_args' retrieved from /home/airflow/.local/lib/python3.12/site-packages/airflow/example_dags/example_xcomargs.py
[2025-12-27T14:21:34.353+0000] {logging_mixin.py:188} INFO - [2025-12-27T14:21:34.352+0000] {dag.py:3096} INFO - Sync 2 DAGs
[2025-12-27T14:21:34.428+0000] {logging_mixin.py:188} INFO - [2025-12-27T14:21:34.428+0000] {dag.py:3954} INFO - Setting next_dagrun for example_xcom_args to None, run_after=None
[2025-12-27T14:21:34.443+0000] {logging_mixin.py:188} INFO - [2025-12-27T14:21:34.443+0000] {dag.py:3954} INFO - Setting next_dagrun for example_xcom_args_with_operators to None, run_after=None
[2025-12-27T14:21:34.535+0000] {processor.py:183} INFO - Processing /home/airflow/.local/lib/python3.12/site-packages/airflow/example_dags/example_xcomargs.py took 0.404 seconds
[2025-12-27T14:22:21.607+0000] {processor.py:161} INFO - Started process (PID=808) to work on /home/airflow/.local/lib/python3.12/site-packages/airflow/example_dags/example_xcomargs.py
[2025-12-27T14:22:21.616+0000] {processor.py:830} INFO - Processing file /home/airflow/.local/lib/python3.12/site-packages/airflow/example_dags/example_xcomargs.py for tasks to queue
[2025-12-27T14:22:21.625+0000] {logging_mixin.py:188} INFO - [2025-12-27T14:22:21.623+0000] {dagbag.py:540} INFO - Filling up the DagBag from /home/airflow/.local/lib/python3.12/site-packages/airflow/example_dags/example_xcomargs.py
[2025-12-27T14:22:21.714+0000] {processor.py:840} INFO - DAG(s) 'example_xcom_args', 'example_xcom_args_with_operators' retrieved from /home/airflow/.local/lib/python3.12/site-packages/airflow/example_dags/example_xcomargs.py
[2025-12-27T14:22:21.873+0000] {logging_mixin.py:188} INFO - [2025-12-27T14:22:21.872+0000] {dag.py:3096} INFO - Sync 2 DAGs
[2025-12-27T14:22:21.993+0000] {logging_mixin.py:188} INFO - [2025-12-27T14:22:21.992+0000] {dag.py:3954} INFO - Setting next_dagrun for example_xcom_args to None, run_after=None
[2025-12-27T14:22:22.043+0000] {logging_mixin.py:188} INFO - [2025-12-27T14:22:22.038+0000] {dag.py:3954} INFO - Setting next_dagrun for example_xcom_args_with_operators to None, run_after=None
[2025-12-27T14:22:22.325+0000] {processor.py:183} INFO - Processing /home/airflow/.local/lib/python3.12/site-packages/airflow/example_dags/example_xcomargs.py took 0.748 seconds
[2025-12-27T14:24:00.215+0000] {processor.py:161} INFO - Started process (PID=891) to work on /home/airflow/.local/lib/python3.12/site-packages/airflow/example_dags/example_xcomargs.py
[2025-12-27T14:24:00.235+0000] {processor.py:830} INFO - Processing file /home/airflow/.local/lib/python3.12/site-packages/airflow/example_dags/example_xcomargs.py for tasks to queue
[2025-12-27T14:24:00.242+0000] {logging_mixin.py:188} INFO - [2025-12-27T14:24:00.241+0000] {dagbag.py:540} INFO - Filling up the DagBag from /home/airflow/.local/lib/python3.12/site-packages/airflow/example_dags/example_xcomargs.py
[2025-12-27T14:24:00.355+0000] {processor.py:840} INFO - DAG(s) 'example_xcom_args', 'example_xcom_args_with_operators' retrieved from /home/airflow/.local/lib/python3.12/site-packages/airflow/example_dags/example_xcomargs.py
[2025-12-27T14:24:00.615+0000] {logging_mixin.py:188} INFO - [2025-12-27T14:24:00.614+0000] {dag.py:3096} INFO - Sync 2 DAGs
[2025-12-27T14:24:00.777+0000] {logging_mixin.py:188} INFO - [2025-12-27T14:24:00.777+0000] {dag.py:3954} INFO - Setting next_dagrun for example_xcom_args to None, run_after=None
[2025-12-27T14:24:00.840+0000] {logging_mixin.py:188} INFO - [2025-12-27T14:24:00.839+0000] {dag.py:3954} INFO - Setting next_dagrun for example_xcom_args_with_operators to None, run_after=None
[2025-12-27T14:24:01.109+0000] {processor.py:183} INFO - Processing /home/airflow/.local/lib/python3.12/site-packages/airflow/example_dags/example_xcomargs.py took 0.940 seconds
[2025-12-27T14:24:31.606+0000] {processor.py:161} INFO - Started process (PID=949) to work on /home/airflow/.local/lib/python3.12/site-packages/airflow/example_dags/example_xcomargs.py
[2025-12-27T14:24:31.611+0000] {processor.py:830} INFO - Processing file /home/airflow/.local/lib/python3.12/site-packages/airflow/example_dags/example_xcomargs.py for tasks to queue
[2025-12-27T14:24:31.615+0000] {logging_mixin.py:188} INFO - [2025-12-27T14:24:31.613+0000] {dagbag.py:540} INFO - Filling up the DagBag from /home/airflow/.local/lib/python3.12/site-packages/airflow/example_dags/example_xcomargs.py
[2025-12-27T14:24:31.653+0000] {processor.py:840} INFO - DAG(s) 'example_xcom_args_with_operators', 'example_xcom_args' retrieved from /home/airflow/.local/lib/python3.12/site-packages/airflow/example_dags/example_xcomargs.py
[2025-12-27T14:24:31.793+0000] {logging_mixin.py:188} INFO - [2025-12-27T14:24:31.792+0000] {dag.py:3096} INFO - Sync 2 DAGs
[2025-12-27T14:24:31.859+0000] {logging_mixin.py:188} INFO - [2025-12-27T14:24:31.859+0000] {dag.py:3954} INFO - Setting next_dagrun for example_xcom_args to None, run_after=None
[2025-12-27T14:24:31.874+0000] {logging_mixin.py:188} INFO - [2025-12-27T14:24:31.874+0000] {dag.py:3954} INFO - Setting next_dagrun for example_xcom_args_with_operators to None, run_after=None
[2025-12-27T14:24:31.941+0000] {processor.py:183} INFO - Processing /home/airflow/.local/lib/python3.12/site-packages/airflow/example_dags/example_xcomargs.py took 0.357 seconds
[2025-12-27T14:25:12.160+0000] {processor.py:161} INFO - Started process (PID=1007) to work on /home/airflow/.local/lib/python3.12/site-packages/airflow/example_dags/example_xcomargs.py
[2025-12-27T14:25:12.167+0000] {processor.py:830} INFO - Processing file /home/airflow/.local/lib/python3.12/site-packages/airflow/example_dags/example_xcomargs.py for tasks to queue
[2025-12-27T14:25:12.172+0000] {logging_mixin.py:188} INFO - [2025-12-27T14:25:12.171+0000] {dagbag.py:540} INFO - Filling up the DagBag from /home/airflow/.local/lib/python3.12/site-packages/airflow/example_dags/example_xcomargs.py
[2025-12-27T14:25:12.214+0000] {processor.py:840} INFO - DAG(s) 'example_xcom_args_with_operators', 'example_xcom_args' retrieved from /home/airflow/.local/lib/python3.12/site-packages/airflow/example_dags/example_xcomargs.py
[2025-12-27T14:25:12.382+0000] {logging_mixin.py:188} INFO - [2025-12-27T14:25:12.381+0000] {dag.py:3096} INFO - Sync 2 DAGs
[2025-12-27T14:25:12.593+0000] {logging_mixin.py:188} INFO - [2025-12-27T14:25:12.592+0000] {dag.py:3954} INFO - Setting next_dagrun for example_xcom_args to None, run_after=None
[2025-12-27T14:25:12.621+0000] {logging_mixin.py:188} INFO - [2025-12-27T14:25:12.620+0000] {dag.py:3954} INFO - Setting next_dagrun for example_xcom_args_with_operators to None, run_after=None
[2025-12-27T14:25:12.736+0000] {processor.py:183} INFO - Processing /home/airflow/.local/lib/python3.12/site-packages/airflow/example_dags/example_xcomargs.py took 0.599 seconds
[2025-12-27T14:26:26.936+0000] {processor.py:161} INFO - Started process (PID=1077) to work on /home/airflow/.local/lib/python3.12/site-packages/airflow/example_dags/example_xcomargs.py
[2025-12-27T14:26:26.939+0000] {processor.py:830} INFO - Processing file /home/airflow/.local/lib/python3.12/site-packages/airflow/example_dags/example_xcomargs.py for tasks to queue
[2025-12-27T14:26:26.942+0000] {logging_mixin.py:188} INFO - [2025-12-27T14:26:26.941+0000] {dagbag.py:540} INFO - Filling up the DagBag from /home/airflow/.local/lib/python3.12/site-packages/airflow/example_dags/example_xcomargs.py
[2025-12-27T14:26:26.971+0000] {processor.py:840} INFO - DAG(s) 'example_xcom_args', 'example_xcom_args_with_operators' retrieved from /home/airflow/.local/lib/python3.12/site-packages/airflow/example_dags/example_xcomargs.py
[2025-12-27T14:26:27.109+0000] {logging_mixin.py:188} INFO - [2025-12-27T14:26:27.109+0000] {dag.py:3096} INFO - Sync 2 DAGs
[2025-12-27T14:26:27.201+0000] {logging_mixin.py:188} INFO - [2025-12-27T14:26:27.201+0000] {dag.py:3954} INFO - Setting next_dagrun for example_xcom_args to None, run_after=None
[2025-12-27T14:26:27.214+0000] {logging_mixin.py:188} INFO - [2025-12-27T14:26:27.214+0000] {dag.py:3954} INFO - Setting next_dagrun for example_xcom_args_with_operators to None, run_after=None
[2025-12-27T14:26:27.275+0000] {processor.py:183} INFO - Processing /home/airflow/.local/lib/python3.12/site-packages/airflow/example_dags/example_xcomargs.py took 0.358 seconds
[2025-12-27T14:27:41.577+0000] {processor.py:161} INFO - Started process (PID=1152) to work on /home/airflow/.local/lib/python3.12/site-packages/airflow/example_dags/example_xcomargs.py
[2025-12-27T14:27:41.584+0000] {processor.py:830} INFO - Processing file /home/airflow/.local/lib/python3.12/site-packages/airflow/example_dags/example_xcomargs.py for tasks to queue
[2025-12-27T14:27:41.595+0000] {logging_mixin.py:188} INFO - [2025-12-27T14:27:41.593+0000] {dagbag.py:540} INFO - Filling up the DagBag from /home/airflow/.local/lib/python3.12/site-packages/airflow/example_dags/example_xcomargs.py
[2025-12-27T14:27:41.651+0000] {processor.py:840} INFO - DAG(s) 'example_xcom_args', 'example_xcom_args_with_operators' retrieved from /home/airflow/.local/lib/python3.12/site-packages/airflow/example_dags/example_xcomargs.py
[2025-12-27T14:27:41.769+0000] {logging_mixin.py:188} INFO - [2025-12-27T14:27:41.768+0000] {dag.py:3096} INFO - Sync 2 DAGs
[2025-12-27T14:27:41.838+0000] {logging_mixin.py:188} INFO - [2025-12-27T14:27:41.837+0000] {dag.py:3954} INFO - Setting next_dagrun for example_xcom_args to None, run_after=None
[2025-12-27T14:27:41.859+0000] {logging_mixin.py:188} INFO - [2025-12-27T14:27:41.858+0000] {dag.py:3954} INFO - Setting next_dagrun for example_xcom_args_with_operators to None, run_after=None
[2025-12-27T14:27:41.962+0000] {processor.py:183} INFO - Processing /home/airflow/.local/lib/python3.12/site-packages/airflow/example_dags/example_xcomargs.py took 0.413 seconds
[2025-12-27T14:28:13.785+0000] {processor.py:161} INFO - Started process (PID=1210) to work on /home/airflow/.local/lib/python3.12/site-packages/airflow/example_dags/example_xcomargs.py
[2025-12-27T14:28:13.793+0000] {processor.py:830} INFO - Processing file /home/airflow/.local/lib/python3.12/site-packages/airflow/example_dags/example_xcomargs.py for tasks to queue
[2025-12-27T14:28:13.798+0000] {logging_mixin.py:188} INFO - [2025-12-27T14:28:13.796+0000] {dagbag.py:540} INFO - Filling up the DagBag from /home/airflow/.local/lib/python3.12/site-packages/airflow/example_dags/example_xcomargs.py
[2025-12-27T14:28:13.839+0000] {processor.py:840} INFO - DAG(s) 'example_xcom_args', 'example_xcom_args_with_operators' retrieved from /home/airflow/.local/lib/python3.12/site-packages/airflow/example_dags/example_xcomargs.py
[2025-12-27T14:28:13.962+0000] {logging_mixin.py:188} INFO - [2025-12-27T14:28:13.961+0000] {dag.py:3096} INFO - Sync 2 DAGs
[2025-12-27T14:28:14.025+0000] {logging_mixin.py:188} INFO - [2025-12-27T14:28:14.024+0000] {dag.py:3954} INFO - Setting next_dagrun for example_xcom_args to None, run_after=None
[2025-12-27T14:28:14.045+0000] {logging_mixin.py:188} INFO - [2025-12-27T14:28:14.044+0000] {dag.py:3954} INFO - Setting next_dagrun for example_xcom_args_with_operators to None, run_after=None
[2025-12-27T14:28:14.123+0000] {processor.py:183} INFO - Processing /home/airflow/.local/lib/python3.12/site-packages/airflow/example_dags/example_xcomargs.py took 0.369 seconds
[2025-12-27T14:28:46.438+0000] {processor.py:161} INFO - Started process (PID=1268) to work on /home/airflow/.local/lib/python3.12/site-packages/airflow/example_dags/example_xcomargs.py
[2025-12-27T14:28:46.443+0000] {processor.py:830} INFO - Processing file /home/airflow/.local/lib/python3.12/site-packages/airflow/example_dags/example_xcomargs.py for tasks to queue
[2025-12-27T14:28:46.447+0000] {logging_mixin.py:188} INFO - [2025-12-27T14:28:46.445+0000] {dagbag.py:540} INFO - Filling up the DagBag from /home/airflow/.local/lib/python3.12/site-packages/airflow/example_dags/example_xcomargs.py
[2025-12-27T14:28:46.487+0000] {processor.py:840} INFO - DAG(s) 'example_xcom_args', 'example_xcom_args_with_operators' retrieved from /home/airflow/.local/lib/python3.12/site-packages/airflow/example_dags/example_xcomargs.py
[2025-12-27T14:28:46.578+0000] {logging_mixin.py:188} INFO - [2025-12-27T14:28:46.577+0000] {dag.py:3096} INFO - Sync 2 DAGs
[2025-12-27T14:28:46.642+0000] {logging_mixin.py:188} INFO - [2025-12-27T14:28:46.641+0000] {dag.py:3954} INFO - Setting next_dagrun for example_xcom_args to None, run_after=None
[2025-12-27T14:28:46.659+0000] {logging_mixin.py:188} INFO - [2025-12-27T14:28:46.658+0000] {dag.py:3954} INFO - Setting next_dagrun for example_xcom_args_with_operators to None, run_after=None
[2025-12-27T14:28:46.727+0000] {processor.py:183} INFO - Processing /home/airflow/.local/lib/python3.12/site-packages/airflow/example_dags/example_xcomargs.py took 0.315 seconds
[2025-12-27T14:29:18.798+0000] {processor.py:161} INFO - Started process (PID=1332) to work on /home/airflow/.local/lib/python3.12/site-packages/airflow/example_dags/example_xcomargs.py
[2025-12-27T14:29:18.801+0000] {processor.py:830} INFO - Processing file /home/airflow/.local/lib/python3.12/site-packages/airflow/example_dags/example_xcomargs.py for tasks to queue
[2025-12-27T14:29:18.804+0000] {logging_mixin.py:188} INFO - [2025-12-27T14:29:18.803+0000] {dagbag.py:540} INFO - Filling up the DagBag from /home/airflow/.local/lib/python3.12/site-packages/airflow/example_dags/example_xcomargs.py
[2025-12-27T14:29:18.831+0000] {processor.py:840} INFO - DAG(s) 'example_xcom_args_with_operators', 'example_xcom_args' retrieved from /home/airflow/.local/lib/python3.12/site-packages/airflow/example_dags/example_xcomargs.py
[2025-12-27T14:29:18.913+0000] {logging_mixin.py:188} INFO - [2025-12-27T14:29:18.912+0000] {dag.py:3096} INFO - Sync 2 DAGs
[2025-12-27T14:29:18.967+0000] {logging_mixin.py:188} INFO - [2025-12-27T14:29:18.966+0000] {dag.py:3954} INFO - Setting next_dagrun for example_xcom_args to None, run_after=None
[2025-12-27T14:29:18.983+0000] {logging_mixin.py:188} INFO - [2025-12-27T14:29:18.983+0000] {dag.py:3954} INFO - Setting next_dagrun for example_xcom_args_with_operators to None, run_after=None
[2025-12-27T14:29:19.050+0000] {processor.py:183} INFO - Processing /home/airflow/.local/lib/python3.12/site-packages/airflow/example_dags/example_xcomargs.py took 0.275 seconds
[2025-12-27T14:29:49.481+0000] {processor.py:161} INFO - Started process (PID=1389) to work on /home/airflow/.local/lib/python3.12/site-packages/airflow/example_dags/example_xcomargs.py
[2025-12-27T14:29:49.485+0000] {processor.py:830} INFO - Processing file /home/airflow/.local/lib/python3.12/site-packages/airflow/example_dags/example_xcomargs.py for tasks to queue
[2025-12-27T14:29:49.489+0000] {logging_mixin.py:188} INFO - [2025-12-27T14:29:49.488+0000] {dagbag.py:540} INFO - Filling up the DagBag from /home/airflow/.local/lib/python3.12/site-packages/airflow/example_dags/example_xcomargs.py
[2025-12-27T14:29:49.543+0000] {processor.py:840} INFO - DAG(s) 'example_xcom_args', 'example_xcom_args_with_operators' retrieved from /home/airflow/.local/lib/python3.12/site-packages/airflow/example_dags/example_xcomargs.py
[2025-12-27T14:29:49.638+0000] {logging_mixin.py:188} INFO - [2025-12-27T14:29:49.637+0000] {dag.py:3096} INFO - Sync 2 DAGs
[2025-12-27T14:29:49.686+0000] {logging_mixin.py:188} INFO - [2025-12-27T14:29:49.686+0000] {dag.py:3954} INFO - Setting next_dagrun for example_xcom_args to None, run_after=None
[2025-12-27T14:29:49.697+0000] {logging_mixin.py:188} INFO - [2025-12-27T14:29:49.697+0000] {dag.py:3954} INFO - Setting next_dagrun for example_xcom_args_with_operators to None, run_after=None
[2025-12-27T14:29:49.752+0000] {processor.py:183} INFO - Processing /home/airflow/.local/lib/python3.12/site-packages/airflow/example_dags/example_xcomargs.py took 0.298 seconds
[2025-12-27T14:30:20.661+0000] {processor.py:161} INFO - Started process (PID=1448) to work on /home/airflow/.local/lib/python3.12/site-packages/airflow/example_dags/example_xcomargs.py
[2025-12-27T14:30:20.665+0000] {processor.py:830} INFO - Processing file /home/airflow/.local/lib/python3.12/site-packages/airflow/example_dags/example_xcomargs.py for tasks to queue
[2025-12-27T14:30:20.669+0000] {logging_mixin.py:188} INFO - [2025-12-27T14:30:20.668+0000] {dagbag.py:540} INFO - Filling up the DagBag from /home/airflow/.local/lib/python3.12/site-packages/airflow/example_dags/example_xcomargs.py
[2025-12-27T14:30:20.712+0000] {processor.py:840} INFO - DAG(s) 'example_xcom_args_with_operators', 'example_xcom_args' retrieved from /home/airflow/.local/lib/python3.12/site-packages/airflow/example_dags/example_xcomargs.py
[2025-12-27T14:30:20.833+0000] {logging_mixin.py:188} INFO - [2025-12-27T14:30:20.832+0000] {dag.py:3096} INFO - Sync 2 DAGs
[2025-12-27T14:30:20.916+0000] {logging_mixin.py:188} INFO - [2025-12-27T14:30:20.915+0000] {dag.py:3954} INFO - Setting next_dagrun for example_xcom_args to None, run_after=None
[2025-12-27T14:30:20.940+0000] {logging_mixin.py:188} INFO - [2025-12-27T14:30:20.937+0000] {dag.py:3954} INFO - Setting next_dagrun for example_xcom_args_with_operators to None, run_after=None
[2025-12-27T14:30:21.030+0000] {processor.py:183} INFO - Processing /home/airflow/.local/lib/python3.12/site-packages/airflow/example_dags/example_xcomargs.py took 0.399 seconds
[2025-12-27T14:30:51.170+0000] {processor.py:161} INFO - Started process (PID=1506) to work on /home/airflow/.local/lib/python3.12/site-packages/airflow/example_dags/example_xcomargs.py
[2025-12-27T14:30:51.173+0000] {processor.py:830} INFO - Processing file /home/airflow/.local/lib/python3.12/site-packages/airflow/example_dags/example_xcomargs.py for tasks to queue
[2025-12-27T14:30:51.176+0000] {logging_mixin.py:188} INFO - [2025-12-27T14:30:51.175+0000] {dagbag.py:540} INFO - Filling up the DagBag from /home/airflow/.local/lib/python3.12/site-packages/airflow/example_dags/example_xcomargs.py
[2025-12-27T14:30:51.203+0000] {processor.py:840} INFO - DAG(s) 'example_xcom_args', 'example_xcom_args_with_operators' retrieved from /home/airflow/.local/lib/python3.12/site-packages/airflow/example_dags/example_xcomargs.py
[2025-12-27T14:30:51.270+0000] {logging_mixin.py:188} INFO - [2025-12-27T14:30:51.269+0000] {dag.py:3096} INFO - Sync 2 DAGs
[2025-12-27T14:30:51.357+0000] {logging_mixin.py:188} INFO - [2025-12-27T14:30:51.357+0000] {dag.py:3954} INFO - Setting next_dagrun for example_xcom_args to None, run_after=None
[2025-12-27T14:30:51.368+0000] {logging_mixin.py:188} INFO - [2025-12-27T14:30:51.367+0000] {dag.py:3954} INFO - Setting next_dagrun for example_xcom_args_with_operators to None, run_after=None
[2025-12-27T14:30:51.415+0000] {processor.py:183} INFO - Processing /home/airflow/.local/lib/python3.12/site-packages/airflow/example_dags/example_xcomargs.py took 0.261 seconds
[2025-12-27T14:31:21.847+0000] {processor.py:161} INFO - Started process (PID=1564) to work on /home/airflow/.local/lib/python3.12/site-packages/airflow/example_dags/example_xcomargs.py
[2025-12-27T14:31:21.849+0000] {processor.py:830} INFO - Processing file /home/airflow/.local/lib/python3.12/site-packages/airflow/example_dags/example_xcomargs.py for tasks to queue
[2025-12-27T14:31:21.852+0000] {logging_mixin.py:188} INFO - [2025-12-27T14:31:21.851+0000] {dagbag.py:540} INFO - Filling up the DagBag from /home/airflow/.local/lib/python3.12/site-packages/airflow/example_dags/example_xcomargs.py
[2025-12-27T14:31:21.886+0000] {processor.py:840} INFO - DAG(s) 'example_xcom_args_with_operators', 'example_xcom_args' retrieved from /home/airflow/.local/lib/python3.12/site-packages/airflow/example_dags/example_xcomargs.py
[2025-12-27T14:31:21.964+0000] {logging_mixin.py:188} INFO - [2025-12-27T14:31:21.964+0000] {dag.py:3096} INFO - Sync 2 DAGs
[2025-12-27T14:31:22.009+0000] {logging_mixin.py:188} INFO - [2025-12-27T14:31:22.008+0000] {dag.py:3954} INFO - Setting next_dagrun for example_xcom_args to None, run_after=None
[2025-12-27T14:31:22.023+0000] {logging_mixin.py:188} INFO - [2025-12-27T14:31:22.022+0000] {dag.py:3954} INFO - Setting next_dagrun for example_xcom_args_with_operators to None, run_after=None
[2025-12-27T14:31:22.075+0000] {processor.py:183} INFO - Processing /home/airflow/.local/lib/python3.12/site-packages/airflow/example_dags/example_xcomargs.py took 0.246 seconds
[2025-12-27T14:31:52.382+0000] {processor.py:161} INFO - Started process (PID=1622) to work on /home/airflow/.local/lib/python3.12/site-packages/airflow/example_dags/example_xcomargs.py
[2025-12-27T14:31:52.385+0000] {processor.py:830} INFO - Processing file /home/airflow/.local/lib/python3.12/site-packages/airflow/example_dags/example_xcomargs.py for tasks to queue
[2025-12-27T14:31:52.387+0000] {logging_mixin.py:188} INFO - [2025-12-27T14:31:52.387+0000] {dagbag.py:540} INFO - Filling up the DagBag from /home/airflow/.local/lib/python3.12/site-packages/airflow/example_dags/example_xcomargs.py
[2025-12-27T14:31:52.415+0000] {processor.py:840} INFO - DAG(s) 'example_xcom_args', 'example_xcom_args_with_operators' retrieved from /home/airflow/.local/lib/python3.12/site-packages/airflow/example_dags/example_xcomargs.py
[2025-12-27T14:31:52.483+0000] {logging_mixin.py:188} INFO - [2025-12-27T14:31:52.482+0000] {dag.py:3096} INFO - Sync 2 DAGs
[2025-12-27T14:31:52.521+0000] {logging_mixin.py:188} INFO - [2025-12-27T14:31:52.520+0000] {dag.py:3954} INFO - Setting next_dagrun for example_xcom_args to None, run_after=None
[2025-12-27T14:31:52.532+0000] {logging_mixin.py:188} INFO - [2025-12-27T14:31:52.532+0000] {dag.py:3954} INFO - Setting next_dagrun for example_xcom_args_with_operators to None, run_after=None
[2025-12-27T14:31:52.579+0000] {processor.py:183} INFO - Processing /home/airflow/.local/lib/python3.12/site-packages/airflow/example_dags/example_xcomargs.py took 0.218 seconds
[2025-12-27T14:32:22.803+0000] {processor.py:161} INFO - Started process (PID=1680) to work on /home/airflow/.local/lib/python3.12/site-packages/airflow/example_dags/example_xcomargs.py
[2025-12-27T14:32:22.805+0000] {processor.py:830} INFO - Processing file /home/airflow/.local/lib/python3.12/site-packages/airflow/example_dags/example_xcomargs.py for tasks to queue
[2025-12-27T14:32:22.808+0000] {logging_mixin.py:188} INFO - [2025-12-27T14:32:22.807+0000] {dagbag.py:540} INFO - Filling up the DagBag from /home/airflow/.local/lib/python3.12/site-packages/airflow/example_dags/example_xcomargs.py
[2025-12-27T14:32:22.839+0000] {processor.py:840} INFO - DAG(s) 'example_xcom_args', 'example_xcom_args_with_operators' retrieved from /home/airflow/.local/lib/python3.12/site-packages/airflow/example_dags/example_xcomargs.py
[2025-12-27T14:32:22.903+0000] {logging_mixin.py:188} INFO - [2025-12-27T14:32:22.902+0000] {dag.py:3096} INFO - Sync 2 DAGs
[2025-12-27T14:32:22.937+0000] {logging_mixin.py:188} INFO - [2025-12-27T14:32:22.936+0000] {dag.py:3954} INFO - Setting next_dagrun for example_xcom_args to None, run_after=None
[2025-12-27T14:32:22.950+0000] {logging_mixin.py:188} INFO - [2025-12-27T14:32:22.950+0000] {dag.py:3954} INFO - Setting next_dagrun for example_xcom_args_with_operators to None, run_after=None
[2025-12-27T14:32:23.000+0000] {processor.py:183} INFO - Processing /home/airflow/.local/lib/python3.12/site-packages/airflow/example_dags/example_xcomargs.py took 0.213 seconds
[2025-12-27T14:32:53.690+0000] {processor.py:161} INFO - Started process (PID=1739) to work on /home/airflow/.local/lib/python3.12/site-packages/airflow/example_dags/example_xcomargs.py
[2025-12-27T14:32:53.693+0000] {processor.py:830} INFO - Processing file /home/airflow/.local/lib/python3.12/site-packages/airflow/example_dags/example_xcomargs.py for tasks to queue
[2025-12-27T14:32:53.696+0000] {logging_mixin.py:188} INFO - [2025-12-27T14:32:53.695+0000] {dagbag.py:540} INFO - Filling up the DagBag from /home/airflow/.local/lib/python3.12/site-packages/airflow/example_dags/example_xcomargs.py
[2025-12-27T14:32:53.719+0000] {processor.py:840} INFO - DAG(s) 'example_xcom_args', 'example_xcom_args_with_operators' retrieved from /home/airflow/.local/lib/python3.12/site-packages/airflow/example_dags/example_xcomargs.py
[2025-12-27T14:32:53.786+0000] {logging_mixin.py:188} INFO - [2025-12-27T14:32:53.785+0000] {dag.py:3096} INFO - Sync 2 DAGs
[2025-12-27T14:32:53.824+0000] {logging_mixin.py:188} INFO - [2025-12-27T14:32:53.823+0000] {dag.py:3954} INFO - Setting next_dagrun for example_xcom_args to None, run_after=None
[2025-12-27T14:32:53.838+0000] {logging_mixin.py:188} INFO - [2025-12-27T14:32:53.838+0000] {dag.py:3954} INFO - Setting next_dagrun for example_xcom_args_with_operators to None, run_after=None
[2025-12-27T14:32:53.899+0000] {processor.py:183} INFO - Processing /home/airflow/.local/lib/python3.12/site-packages/airflow/example_dags/example_xcomargs.py took 0.226 seconds
[2025-12-27T14:33:24.168+0000] {processor.py:161} INFO - Started process (PID=1797) to work on /home/airflow/.local/lib/python3.12/site-packages/airflow/example_dags/example_xcomargs.py
[2025-12-27T14:33:24.171+0000] {processor.py:830} INFO - Processing file /home/airflow/.local/lib/python3.12/site-packages/airflow/example_dags/example_xcomargs.py for tasks to queue
[2025-12-27T14:33:24.174+0000] {logging_mixin.py:188} INFO - [2025-12-27T14:33:24.173+0000] {dagbag.py:540} INFO - Filling up the DagBag from /home/airflow/.local/lib/python3.12/site-packages/airflow/example_dags/example_xcomargs.py
[2025-12-27T14:33:24.202+0000] {processor.py:840} INFO - DAG(s) 'example_xcom_args_with_operators', 'example_xcom_args' retrieved from /home/airflow/.local/lib/python3.12/site-packages/airflow/example_dags/example_xcomargs.py
[2025-12-27T14:33:24.275+0000] {logging_mixin.py:188} INFO - [2025-12-27T14:33:24.275+0000] {dag.py:3096} INFO - Sync 2 DAGs
[2025-12-27T14:33:24.334+0000] {logging_mixin.py:188} INFO - [2025-12-27T14:33:24.334+0000] {dag.py:3954} INFO - Setting next_dagrun for example_xcom_args to None, run_after=None
[2025-12-27T14:33:24.357+0000] {logging_mixin.py:188} INFO - [2025-12-27T14:33:24.356+0000] {dag.py:3954} INFO - Setting next_dagrun for example_xcom_args_with_operators to None, run_after=None
[2025-12-27T14:33:24.440+0000] {processor.py:183} INFO - Processing /home/airflow/.local/lib/python3.12/site-packages/airflow/example_dags/example_xcomargs.py took 0.289 seconds
[2025-12-27T14:33:54.775+0000] {processor.py:161} INFO - Started process (PID=1855) to work on /home/airflow/.local/lib/python3.12/site-packages/airflow/example_dags/example_xcomargs.py
[2025-12-27T14:33:54.795+0000] {processor.py:830} INFO - Processing file /home/airflow/.local/lib/python3.12/site-packages/airflow/example_dags/example_xcomargs.py for tasks to queue
[2025-12-27T14:33:54.813+0000] {logging_mixin.py:188} INFO - [2025-12-27T14:33:54.810+0000] {dagbag.py:540} INFO - Filling up the DagBag from /home/airflow/.local/lib/python3.12/site-packages/airflow/example_dags/example_xcomargs.py
[2025-12-27T14:33:54.871+0000] {processor.py:840} INFO - DAG(s) 'example_xcom_args_with_operators', 'example_xcom_args' retrieved from /home/airflow/.local/lib/python3.12/site-packages/airflow/example_dags/example_xcomargs.py
[2025-12-27T14:33:54.948+0000] {logging_mixin.py:188} INFO - [2025-12-27T14:33:54.947+0000] {dag.py:3096} INFO - Sync 2 DAGs
[2025-12-27T14:33:54.995+0000] {logging_mixin.py:188} INFO - [2025-12-27T14:33:54.995+0000] {dag.py:3954} INFO - Setting next_dagrun for example_xcom_args to None, run_after=None
[2025-12-27T14:33:55.012+0000] {logging_mixin.py:188} INFO - [2025-12-27T14:33:55.012+0000] {dag.py:3954} INFO - Setting next_dagrun for example_xcom_args_with_operators to None, run_after=None
[2025-12-27T14:33:55.063+0000] {processor.py:183} INFO - Processing /home/airflow/.local/lib/python3.12/site-packages/airflow/example_dags/example_xcomargs.py took 0.328 seconds
[2025-12-27T14:34:28.305+0000] {processor.py:161} INFO - Started process (PID=1913) to work on /home/airflow/.local/lib/python3.12/site-packages/airflow/example_dags/example_xcomargs.py
[2025-12-27T14:34:28.307+0000] {processor.py:830} INFO - Processing file /home/airflow/.local/lib/python3.12/site-packages/airflow/example_dags/example_xcomargs.py for tasks to queue
[2025-12-27T14:34:28.310+0000] {logging_mixin.py:188} INFO - [2025-12-27T14:34:28.309+0000] {dagbag.py:540} INFO - Filling up the DagBag from /home/airflow/.local/lib/python3.12/site-packages/airflow/example_dags/example_xcomargs.py
[2025-12-27T14:34:28.345+0000] {processor.py:840} INFO - DAG(s) 'example_xcom_args_with_operators', 'example_xcom_args' retrieved from /home/airflow/.local/lib/python3.12/site-packages/airflow/example_dags/example_xcomargs.py
[2025-12-27T14:34:28.428+0000] {logging_mixin.py:188} INFO - [2025-12-27T14:34:28.427+0000] {dag.py:3096} INFO - Sync 2 DAGs
[2025-12-27T14:34:28.478+0000] {logging_mixin.py:188} INFO - [2025-12-27T14:34:28.477+0000] {dag.py:3954} INFO - Setting next_dagrun for example_xcom_args to None, run_after=None
[2025-12-27T14:34:28.490+0000] {logging_mixin.py:188} INFO - [2025-12-27T14:34:28.490+0000] {dag.py:3954} INFO - Setting next_dagrun for example_xcom_args_with_operators to None, run_after=None
[2025-12-27T14:34:28.582+0000] {processor.py:183} INFO - Processing /home/airflow/.local/lib/python3.12/site-packages/airflow/example_dags/example_xcomargs.py took 0.297 seconds
[2025-12-27T14:34:59.350+0000] {processor.py:161} INFO - Started process (PID=1972) to work on /home/airflow/.local/lib/python3.12/site-packages/airflow/example_dags/example_xcomargs.py
[2025-12-27T14:34:59.354+0000] {processor.py:830} INFO - Processing file /home/airflow/.local/lib/python3.12/site-packages/airflow/example_dags/example_xcomargs.py for tasks to queue
[2025-12-27T14:34:59.358+0000] {logging_mixin.py:188} INFO - [2025-12-27T14:34:59.356+0000] {dagbag.py:540} INFO - Filling up the DagBag from /home/airflow/.local/lib/python3.12/site-packages/airflow/example_dags/example_xcomargs.py
[2025-12-27T14:34:59.395+0000] {processor.py:840} INFO - DAG(s) 'example_xcom_args_with_operators', 'example_xcom_args' retrieved from /home/airflow/.local/lib/python3.12/site-packages/airflow/example_dags/example_xcomargs.py
[2025-12-27T14:34:59.482+0000] {logging_mixin.py:188} INFO - [2025-12-27T14:34:59.481+0000] {dag.py:3096} INFO - Sync 2 DAGs
[2025-12-27T14:34:59.541+0000] {logging_mixin.py:188} INFO - [2025-12-27T14:34:59.541+0000] {dag.py:3954} INFO - Setting next_dagrun for example_xcom_args to None, run_after=None
[2025-12-27T14:34:59.556+0000] {logging_mixin.py:188} INFO - [2025-12-27T14:34:59.555+0000] {dag.py:3954} INFO - Setting next_dagrun for example_xcom_args_with_operators to None, run_after=None
[2025-12-27T14:34:59.618+0000] {processor.py:183} INFO - Processing /home/airflow/.local/lib/python3.12/site-packages/airflow/example_dags/example_xcomargs.py took 0.290 seconds
[2025-12-27T14:35:29.822+0000] {processor.py:161} INFO - Started process (PID=2028) to work on /home/airflow/.local/lib/python3.12/site-packages/airflow/example_dags/example_xcomargs.py
[2025-12-27T14:35:29.829+0000] {processor.py:830} INFO - Processing file /home/airflow/.local/lib/python3.12/site-packages/airflow/example_dags/example_xcomargs.py for tasks to queue
[2025-12-27T14:35:29.833+0000] {logging_mixin.py:188} INFO - [2025-12-27T14:35:29.832+0000] {dagbag.py:540} INFO - Filling up the DagBag from /home/airflow/.local/lib/python3.12/site-packages/airflow/example_dags/example_xcomargs.py
[2025-12-27T14:35:29.896+0000] {processor.py:840} INFO - DAG(s) 'example_xcom_args', 'example_xcom_args_with_operators' retrieved from /home/airflow/.local/lib/python3.12/site-packages/airflow/example_dags/example_xcomargs.py
[2025-12-27T14:35:30.063+0000] {logging_mixin.py:188} INFO - [2025-12-27T14:35:30.054+0000] {dag.py:3096} INFO - Sync 2 DAGs
[2025-12-27T14:35:30.200+0000] {logging_mixin.py:188} INFO - [2025-12-27T14:35:30.199+0000] {dag.py:3954} INFO - Setting next_dagrun for example_xcom_args to None, run_after=None
[2025-12-27T14:35:30.234+0000] {logging_mixin.py:188} INFO - [2025-12-27T14:35:30.233+0000] {dag.py:3954} INFO - Setting next_dagrun for example_xcom_args_with_operators to None, run_after=None
[2025-12-27T14:35:30.348+0000] {processor.py:183} INFO - Processing /home/airflow/.local/lib/python3.12/site-packages/airflow/example_dags/example_xcomargs.py took 0.566 seconds
[2025-12-27T14:36:04.163+0000] {processor.py:161} INFO - Started process (PID=2087) to work on /home/airflow/.local/lib/python3.12/site-packages/airflow/example_dags/example_xcomargs.py
[2025-12-27T14:36:04.169+0000] {processor.py:830} INFO - Processing file /home/airflow/.local/lib/python3.12/site-packages/airflow/example_dags/example_xcomargs.py for tasks to queue
[2025-12-27T14:36:04.174+0000] {logging_mixin.py:188} INFO - [2025-12-27T14:36:04.172+0000] {dagbag.py:540} INFO - Filling up the DagBag from /home/airflow/.local/lib/python3.12/site-packages/airflow/example_dags/example_xcomargs.py
[2025-12-27T14:36:04.219+0000] {processor.py:840} INFO - DAG(s) 'example_xcom_args_with_operators', 'example_xcom_args' retrieved from /home/airflow/.local/lib/python3.12/site-packages/airflow/example_dags/example_xcomargs.py
[2025-12-27T14:36:04.469+0000] {logging_mixin.py:188} INFO - [2025-12-27T14:36:04.468+0000] {dag.py:3096} INFO - Sync 2 DAGs
[2025-12-27T14:36:04.620+0000] {logging_mixin.py:188} INFO - [2025-12-27T14:36:04.619+0000] {dag.py:3954} INFO - Setting next_dagrun for example_xcom_args to None, run_after=None
[2025-12-27T14:36:04.723+0000] {logging_mixin.py:188} INFO - [2025-12-27T14:36:04.722+0000] {dag.py:3954} INFO - Setting next_dagrun for example_xcom_args_with_operators to None, run_after=None
[2025-12-27T14:36:05.120+0000] {processor.py:183} INFO - Processing /home/airflow/.local/lib/python3.12/site-packages/airflow/example_dags/example_xcomargs.py took 0.982 seconds
[2025-12-27T14:36:39.632+0000] {processor.py:161} INFO - Started process (PID=2145) to work on /home/airflow/.local/lib/python3.12/site-packages/airflow/example_dags/example_xcomargs.py
[2025-12-27T14:36:39.638+0000] {processor.py:830} INFO - Processing file /home/airflow/.local/lib/python3.12/site-packages/airflow/example_dags/example_xcomargs.py for tasks to queue
[2025-12-27T14:36:39.641+0000] {logging_mixin.py:188} INFO - [2025-12-27T14:36:39.640+0000] {dagbag.py:540} INFO - Filling up the DagBag from /home/airflow/.local/lib/python3.12/site-packages/airflow/example_dags/example_xcomargs.py
[2025-12-27T14:36:39.677+0000] {processor.py:840} INFO - DAG(s) 'example_xcom_args', 'example_xcom_args_with_operators' retrieved from /home/airflow/.local/lib/python3.12/site-packages/airflow/example_dags/example_xcomargs.py
[2025-12-27T14:36:39.764+0000] {logging_mixin.py:188} INFO - [2025-12-27T14:36:39.763+0000] {dag.py:3096} INFO - Sync 2 DAGs
[2025-12-27T14:36:39.798+0000] {logging_mixin.py:188} INFO - [2025-12-27T14:36:39.797+0000] {dag.py:3954} INFO - Setting next_dagrun for example_xcom_args to None, run_after=None
[2025-12-27T14:36:39.810+0000] {logging_mixin.py:188} INFO - [2025-12-27T14:36:39.810+0000] {dag.py:3954} INFO - Setting next_dagrun for example_xcom_args_with_operators to None, run_after=None
[2025-12-27T14:36:39.857+0000] {processor.py:183} INFO - Processing /home/airflow/.local/lib/python3.12/site-packages/airflow/example_dags/example_xcomargs.py took 0.248 seconds
[2025-12-27T14:37:10.052+0000] {processor.py:161} INFO - Started process (PID=2204) to work on /home/airflow/.local/lib/python3.12/site-packages/airflow/example_dags/example_xcomargs.py
[2025-12-27T14:37:10.055+0000] {processor.py:830} INFO - Processing file /home/airflow/.local/lib/python3.12/site-packages/airflow/example_dags/example_xcomargs.py for tasks to queue
[2025-12-27T14:37:10.057+0000] {logging_mixin.py:188} INFO - [2025-12-27T14:37:10.056+0000] {dagbag.py:540} INFO - Filling up the DagBag from /home/airflow/.local/lib/python3.12/site-packages/airflow/example_dags/example_xcomargs.py
[2025-12-27T14:37:10.084+0000] {processor.py:840} INFO - DAG(s) 'example_xcom_args', 'example_xcom_args_with_operators' retrieved from /home/airflow/.local/lib/python3.12/site-packages/airflow/example_dags/example_xcomargs.py
[2025-12-27T14:37:10.149+0000] {logging_mixin.py:188} INFO - [2025-12-27T14:37:10.148+0000] {dag.py:3096} INFO - Sync 2 DAGs
[2025-12-27T14:37:10.183+0000] {logging_mixin.py:188} INFO - [2025-12-27T14:37:10.183+0000] {dag.py:3954} INFO - Setting next_dagrun for example_xcom_args to None, run_after=None
[2025-12-27T14:37:10.193+0000] {logging_mixin.py:188} INFO - [2025-12-27T14:37:10.192+0000] {dag.py:3954} INFO - Setting next_dagrun for example_xcom_args_with_operators to None, run_after=None
[2025-12-27T14:37:10.242+0000] {processor.py:183} INFO - Processing /home/airflow/.local/lib/python3.12/site-packages/airflow/example_dags/example_xcomargs.py took 0.207 seconds
[2025-12-27T14:37:42.348+0000] {processor.py:161} INFO - Started process (PID=2263) to work on /home/airflow/.local/lib/python3.12/site-packages/airflow/example_dags/example_xcomargs.py
[2025-12-27T14:37:42.352+0000] {processor.py:830} INFO - Processing file /home/airflow/.local/lib/python3.12/site-packages/airflow/example_dags/example_xcomargs.py for tasks to queue
[2025-12-27T14:37:42.354+0000] {logging_mixin.py:188} INFO - [2025-12-27T14:37:42.353+0000] {dagbag.py:540} INFO - Filling up the DagBag from /home/airflow/.local/lib/python3.12/site-packages/airflow/example_dags/example_xcomargs.py
[2025-12-27T14:37:42.380+0000] {processor.py:840} INFO - DAG(s) 'example_xcom_args', 'example_xcom_args_with_operators' retrieved from /home/airflow/.local/lib/python3.12/site-packages/airflow/example_dags/example_xcomargs.py
[2025-12-27T14:37:42.458+0000] {logging_mixin.py:188} INFO - [2025-12-27T14:37:42.457+0000] {dag.py:3096} INFO - Sync 2 DAGs
[2025-12-27T14:37:42.501+0000] {logging_mixin.py:188} INFO - [2025-12-27T14:37:42.501+0000] {dag.py:3954} INFO - Setting next_dagrun for example_xcom_args to None, run_after=None
[2025-12-27T14:37:42.513+0000] {logging_mixin.py:188} INFO - [2025-12-27T14:37:42.512+0000] {dag.py:3954} INFO - Setting next_dagrun for example_xcom_args_with_operators to None, run_after=None
[2025-12-27T14:37:42.569+0000] {processor.py:183} INFO - Processing /home/airflow/.local/lib/python3.12/site-packages/airflow/example_dags/example_xcomargs.py took 0.238 seconds
[2025-12-27T14:38:14.475+0000] {processor.py:161} INFO - Started process (PID=2322) to work on /home/airflow/.local/lib/python3.12/site-packages/airflow/example_dags/example_xcomargs.py
[2025-12-27T14:38:14.477+0000] {processor.py:830} INFO - Processing file /home/airflow/.local/lib/python3.12/site-packages/airflow/example_dags/example_xcomargs.py for tasks to queue
[2025-12-27T14:38:14.480+0000] {logging_mixin.py:188} INFO - [2025-12-27T14:38:14.479+0000] {dagbag.py:540} INFO - Filling up the DagBag from /home/airflow/.local/lib/python3.12/site-packages/airflow/example_dags/example_xcomargs.py
[2025-12-27T14:38:14.506+0000] {processor.py:840} INFO - DAG(s) 'example_xcom_args_with_operators', 'example_xcom_args' retrieved from /home/airflow/.local/lib/python3.12/site-packages/airflow/example_dags/example_xcomargs.py
[2025-12-27T14:38:14.576+0000] {logging_mixin.py:188} INFO - [2025-12-27T14:38:14.576+0000] {dag.py:3096} INFO - Sync 2 DAGs
[2025-12-27T14:38:14.618+0000] {logging_mixin.py:188} INFO - [2025-12-27T14:38:14.617+0000] {dag.py:3954} INFO - Setting next_dagrun for example_xcom_args to None, run_after=None
[2025-12-27T14:38:14.631+0000] {logging_mixin.py:188} INFO - [2025-12-27T14:38:14.631+0000] {dag.py:3954} INFO - Setting next_dagrun for example_xcom_args_with_operators to None, run_after=None
[2025-12-27T14:38:14.679+0000] {processor.py:183} INFO - Processing /home/airflow/.local/lib/python3.12/site-packages/airflow/example_dags/example_xcomargs.py took 0.221 seconds
[2025-12-27T14:38:46.881+0000] {processor.py:161} INFO - Started process (PID=2380) to work on /home/airflow/.local/lib/python3.12/site-packages/airflow/example_dags/example_xcomargs.py
[2025-12-27T14:38:46.883+0000] {processor.py:830} INFO - Processing file /home/airflow/.local/lib/python3.12/site-packages/airflow/example_dags/example_xcomargs.py for tasks to queue
[2025-12-27T14:38:46.888+0000] {logging_mixin.py:188} INFO - [2025-12-27T14:38:46.886+0000] {dagbag.py:540} INFO - Filling up the DagBag from /home/airflow/.local/lib/python3.12/site-packages/airflow/example_dags/example_xcomargs.py
[2025-12-27T14:38:46.923+0000] {processor.py:840} INFO - DAG(s) 'example_xcom_args', 'example_xcom_args_with_operators' retrieved from /home/airflow/.local/lib/python3.12/site-packages/airflow/example_dags/example_xcomargs.py
[2025-12-27T14:38:46.994+0000] {logging_mixin.py:188} INFO - [2025-12-27T14:38:46.993+0000] {dag.py:3096} INFO - Sync 2 DAGs
[2025-12-27T14:38:47.054+0000] {logging_mixin.py:188} INFO - [2025-12-27T14:38:47.054+0000] {dag.py:3954} INFO - Setting next_dagrun for example_xcom_args to None, run_after=None
[2025-12-27T14:38:47.069+0000] {logging_mixin.py:188} INFO - [2025-12-27T14:38:47.068+0000] {dag.py:3954} INFO - Setting next_dagrun for example_xcom_args_with_operators to None, run_after=None
[2025-12-27T14:38:47.123+0000] {processor.py:183} INFO - Processing /home/airflow/.local/lib/python3.12/site-packages/airflow/example_dags/example_xcomargs.py took 0.263 seconds
[2025-12-27T14:39:19.933+0000] {processor.py:161} INFO - Started process (PID=2438) to work on /home/airflow/.local/lib/python3.12/site-packages/airflow/example_dags/example_xcomargs.py
[2025-12-27T14:39:19.937+0000] {processor.py:830} INFO - Processing file /home/airflow/.local/lib/python3.12/site-packages/airflow/example_dags/example_xcomargs.py for tasks to queue
[2025-12-27T14:39:19.941+0000] {logging_mixin.py:188} INFO - [2025-12-27T14:39:19.939+0000] {dagbag.py:540} INFO - Filling up the DagBag from /home/airflow/.local/lib/python3.12/site-packages/airflow/example_dags/example_xcomargs.py
[2025-12-27T14:39:19.979+0000] {processor.py:840} INFO - DAG(s) 'example_xcom_args', 'example_xcom_args_with_operators' retrieved from /home/airflow/.local/lib/python3.12/site-packages/airflow/example_dags/example_xcomargs.py
[2025-12-27T14:39:20.093+0000] {logging_mixin.py:188} INFO - [2025-12-27T14:39:20.092+0000] {dag.py:3096} INFO - Sync 2 DAGs
[2025-12-27T14:39:20.157+0000] {logging_mixin.py:188} INFO - [2025-12-27T14:39:20.156+0000] {dag.py:3954} INFO - Setting next_dagrun for example_xcom_args to None, run_after=None
[2025-12-27T14:39:20.174+0000] {logging_mixin.py:188} INFO - [2025-12-27T14:39:20.174+0000] {dag.py:3954} INFO - Setting next_dagrun for example_xcom_args_with_operators to None, run_after=None
[2025-12-27T14:39:20.251+0000] {processor.py:183} INFO - Processing /home/airflow/.local/lib/python3.12/site-packages/airflow/example_dags/example_xcomargs.py took 0.339 seconds
[2025-12-27T14:39:51.512+0000] {processor.py:161} INFO - Started process (PID=2496) to work on /home/airflow/.local/lib/python3.12/site-packages/airflow/example_dags/example_xcomargs.py
[2025-12-27T14:39:51.517+0000] {processor.py:830} INFO - Processing file /home/airflow/.local/lib/python3.12/site-packages/airflow/example_dags/example_xcomargs.py for tasks to queue
[2025-12-27T14:39:51.521+0000] {logging_mixin.py:188} INFO - [2025-12-27T14:39:51.520+0000] {dagbag.py:540} INFO - Filling up the DagBag from /home/airflow/.local/lib/python3.12/site-packages/airflow/example_dags/example_xcomargs.py
[2025-12-27T14:39:51.566+0000] {processor.py:840} INFO - DAG(s) 'example_xcom_args', 'example_xcom_args_with_operators' retrieved from /home/airflow/.local/lib/python3.12/site-packages/airflow/example_dags/example_xcomargs.py
[2025-12-27T14:39:51.685+0000] {logging_mixin.py:188} INFO - [2025-12-27T14:39:51.685+0000] {dag.py:3096} INFO - Sync 2 DAGs
[2025-12-27T14:39:51.754+0000] {logging_mixin.py:188} INFO - [2025-12-27T14:39:51.753+0000] {dag.py:3954} INFO - Setting next_dagrun for example_xcom_args to None, run_after=None
[2025-12-27T14:39:51.768+0000] {logging_mixin.py:188} INFO - [2025-12-27T14:39:51.767+0000] {dag.py:3954} INFO - Setting next_dagrun for example_xcom_args_with_operators to None, run_after=None
[2025-12-27T14:39:51.851+0000] {processor.py:183} INFO - Processing /home/airflow/.local/lib/python3.12/site-packages/airflow/example_dags/example_xcomargs.py took 0.369 seconds
[2025-12-27T14:40:21.968+0000] {processor.py:161} INFO - Started process (PID=2554) to work on /home/airflow/.local/lib/python3.12/site-packages/airflow/example_dags/example_xcomargs.py
[2025-12-27T14:40:21.972+0000] {processor.py:830} INFO - Processing file /home/airflow/.local/lib/python3.12/site-packages/airflow/example_dags/example_xcomargs.py for tasks to queue
[2025-12-27T14:40:21.975+0000] {logging_mixin.py:188} INFO - [2025-12-27T14:40:21.974+0000] {dagbag.py:540} INFO - Filling up the DagBag from /home/airflow/.local/lib/python3.12/site-packages/airflow/example_dags/example_xcomargs.py
[2025-12-27T14:40:22.001+0000] {processor.py:840} INFO - DAG(s) 'example_xcom_args_with_operators', 'example_xcom_args' retrieved from /home/airflow/.local/lib/python3.12/site-packages/airflow/example_dags/example_xcomargs.py
[2025-12-27T14:40:22.066+0000] {logging_mixin.py:188} INFO - [2025-12-27T14:40:22.065+0000] {dag.py:3096} INFO - Sync 2 DAGs
[2025-12-27T14:40:22.101+0000] {logging_mixin.py:188} INFO - [2025-12-27T14:40:22.101+0000] {dag.py:3954} INFO - Setting next_dagrun for example_xcom_args to None, run_after=None
[2025-12-27T14:40:22.111+0000] {logging_mixin.py:188} INFO - [2025-12-27T14:40:22.111+0000] {dag.py:3954} INFO - Setting next_dagrun for example_xcom_args_with_operators to None, run_after=None
[2025-12-27T14:40:22.158+0000] {processor.py:183} INFO - Processing /home/airflow/.local/lib/python3.12/site-packages/airflow/example_dags/example_xcomargs.py took 0.209 seconds
[2025-12-27T14:40:52.301+0000] {processor.py:161} INFO - Started process (PID=2612) to work on /home/airflow/.local/lib/python3.12/site-packages/airflow/example_dags/example_xcomargs.py
[2025-12-27T14:40:52.304+0000] {processor.py:830} INFO - Processing file /home/airflow/.local/lib/python3.12/site-packages/airflow/example_dags/example_xcomargs.py for tasks to queue
[2025-12-27T14:40:52.307+0000] {logging_mixin.py:188} INFO - [2025-12-27T14:40:52.306+0000] {dagbag.py:540} INFO - Filling up the DagBag from /home/airflow/.local/lib/python3.12/site-packages/airflow/example_dags/example_xcomargs.py
[2025-12-27T14:40:52.332+0000] {processor.py:840} INFO - DAG(s) 'example_xcom_args', 'example_xcom_args_with_operators' retrieved from /home/airflow/.local/lib/python3.12/site-packages/airflow/example_dags/example_xcomargs.py
[2025-12-27T14:40:52.392+0000] {logging_mixin.py:188} INFO - [2025-12-27T14:40:52.392+0000] {dag.py:3096} INFO - Sync 2 DAGs
[2025-12-27T14:40:52.431+0000] {logging_mixin.py:188} INFO - [2025-12-27T14:40:52.431+0000] {dag.py:3954} INFO - Setting next_dagrun for example_xcom_args to None, run_after=None
[2025-12-27T14:40:52.442+0000] {logging_mixin.py:188} INFO - [2025-12-27T14:40:52.441+0000] {dag.py:3954} INFO - Setting next_dagrun for example_xcom_args_with_operators to None, run_after=None
[2025-12-27T14:40:52.493+0000] {processor.py:183} INFO - Processing /home/airflow/.local/lib/python3.12/site-packages/airflow/example_dags/example_xcomargs.py took 0.208 seconds
[2025-12-27T14:41:23.024+0000] {processor.py:161} INFO - Started process (PID=2670) to work on /home/airflow/.local/lib/python3.12/site-packages/airflow/example_dags/example_xcomargs.py
[2025-12-27T14:41:23.026+0000] {processor.py:830} INFO - Processing file /home/airflow/.local/lib/python3.12/site-packages/airflow/example_dags/example_xcomargs.py for tasks to queue
[2025-12-27T14:41:23.028+0000] {logging_mixin.py:188} INFO - [2025-12-27T14:41:23.027+0000] {dagbag.py:540} INFO - Filling up the DagBag from /home/airflow/.local/lib/python3.12/site-packages/airflow/example_dags/example_xcomargs.py
[2025-12-27T14:41:23.052+0000] {processor.py:840} INFO - DAG(s) 'example_xcom_args', 'example_xcom_args_with_operators' retrieved from /home/airflow/.local/lib/python3.12/site-packages/airflow/example_dags/example_xcomargs.py
[2025-12-27T14:41:23.116+0000] {logging_mixin.py:188} INFO - [2025-12-27T14:41:23.116+0000] {dag.py:3096} INFO - Sync 2 DAGs
[2025-12-27T14:41:23.149+0000] {logging_mixin.py:188} INFO - [2025-12-27T14:41:23.148+0000] {dag.py:3954} INFO - Setting next_dagrun for example_xcom_args to None, run_after=None
[2025-12-27T14:41:23.158+0000] {logging_mixin.py:188} INFO - [2025-12-27T14:41:23.158+0000] {dag.py:3954} INFO - Setting next_dagrun for example_xcom_args_with_operators to None, run_after=None
[2025-12-27T14:41:23.204+0000] {processor.py:183} INFO - Processing /home/airflow/.local/lib/python3.12/site-packages/airflow/example_dags/example_xcomargs.py took 0.196 seconds
[2025-12-27T14:41:53.313+0000] {processor.py:161} INFO - Started process (PID=2726) to work on /home/airflow/.local/lib/python3.12/site-packages/airflow/example_dags/example_xcomargs.py
[2025-12-27T14:41:53.316+0000] {processor.py:830} INFO - Processing file /home/airflow/.local/lib/python3.12/site-packages/airflow/example_dags/example_xcomargs.py for tasks to queue
[2025-12-27T14:41:53.319+0000] {logging_mixin.py:188} INFO - [2025-12-27T14:41:53.318+0000] {dagbag.py:540} INFO - Filling up the DagBag from /home/airflow/.local/lib/python3.12/site-packages/airflow/example_dags/example_xcomargs.py
[2025-12-27T14:41:53.343+0000] {processor.py:840} INFO - DAG(s) 'example_xcom_args_with_operators', 'example_xcom_args' retrieved from /home/airflow/.local/lib/python3.12/site-packages/airflow/example_dags/example_xcomargs.py
[2025-12-27T14:41:53.409+0000] {logging_mixin.py:188} INFO - [2025-12-27T14:41:53.408+0000] {dag.py:3096} INFO - Sync 2 DAGs
[2025-12-27T14:41:53.446+0000] {logging_mixin.py:188} INFO - [2025-12-27T14:41:53.445+0000] {dag.py:3954} INFO - Setting next_dagrun for example_xcom_args to None, run_after=None
[2025-12-27T14:41:53.458+0000] {logging_mixin.py:188} INFO - [2025-12-27T14:41:53.457+0000] {dag.py:3954} INFO - Setting next_dagrun for example_xcom_args_with_operators to None, run_after=None
[2025-12-27T14:41:53.565+0000] {processor.py:183} INFO - Processing /home/airflow/.local/lib/python3.12/site-packages/airflow/example_dags/example_xcomargs.py took 0.268 seconds
[2025-12-27T14:42:24.377+0000] {processor.py:161} INFO - Started process (PID=2784) to work on /home/airflow/.local/lib/python3.12/site-packages/airflow/example_dags/example_xcomargs.py
[2025-12-27T14:42:24.380+0000] {processor.py:830} INFO - Processing file /home/airflow/.local/lib/python3.12/site-packages/airflow/example_dags/example_xcomargs.py for tasks to queue
[2025-12-27T14:42:24.382+0000] {logging_mixin.py:188} INFO - [2025-12-27T14:42:24.381+0000] {dagbag.py:540} INFO - Filling up the DagBag from /home/airflow/.local/lib/python3.12/site-packages/airflow/example_dags/example_xcomargs.py
[2025-12-27T14:42:24.407+0000] {processor.py:840} INFO - DAG(s) 'example_xcom_args', 'example_xcom_args_with_operators' retrieved from /home/airflow/.local/lib/python3.12/site-packages/airflow/example_dags/example_xcomargs.py
[2025-12-27T14:42:24.484+0000] {logging_mixin.py:188} INFO - [2025-12-27T14:42:24.483+0000] {dag.py:3096} INFO - Sync 2 DAGs
[2025-12-27T14:42:24.528+0000] {logging_mixin.py:188} INFO - [2025-12-27T14:42:24.527+0000] {dag.py:3954} INFO - Setting next_dagrun for example_xcom_args to None, run_after=None
[2025-12-27T14:42:24.540+0000] {logging_mixin.py:188} INFO - [2025-12-27T14:42:24.540+0000] {dag.py:3954} INFO - Setting next_dagrun for example_xcom_args_with_operators to None, run_after=None
[2025-12-27T14:42:24.590+0000] {processor.py:183} INFO - Processing /home/airflow/.local/lib/python3.12/site-packages/airflow/example_dags/example_xcomargs.py took 0.228 seconds
[2025-12-27T14:42:54.709+0000] {processor.py:161} INFO - Started process (PID=2842) to work on /home/airflow/.local/lib/python3.12/site-packages/airflow/example_dags/example_xcomargs.py
[2025-12-27T14:42:54.713+0000] {processor.py:830} INFO - Processing file /home/airflow/.local/lib/python3.12/site-packages/airflow/example_dags/example_xcomargs.py for tasks to queue
[2025-12-27T14:42:54.716+0000] {logging_mixin.py:188} INFO - [2025-12-27T14:42:54.715+0000] {dagbag.py:540} INFO - Filling up the DagBag from /home/airflow/.local/lib/python3.12/site-packages/airflow/example_dags/example_xcomargs.py
[2025-12-27T14:42:54.741+0000] {processor.py:840} INFO - DAG(s) 'example_xcom_args', 'example_xcom_args_with_operators' retrieved from /home/airflow/.local/lib/python3.12/site-packages/airflow/example_dags/example_xcomargs.py
[2025-12-27T14:42:54.810+0000] {logging_mixin.py:188} INFO - [2025-12-27T14:42:54.810+0000] {dag.py:3096} INFO - Sync 2 DAGs
[2025-12-27T14:42:54.844+0000] {logging_mixin.py:188} INFO - [2025-12-27T14:42:54.844+0000] {dag.py:3954} INFO - Setting next_dagrun for example_xcom_args to None, run_after=None
[2025-12-27T14:42:54.854+0000] {logging_mixin.py:188} INFO - [2025-12-27T14:42:54.853+0000] {dag.py:3954} INFO - Setting next_dagrun for example_xcom_args_with_operators to None, run_after=None
[2025-12-27T14:42:54.904+0000] {processor.py:183} INFO - Processing /home/airflow/.local/lib/python3.12/site-packages/airflow/example_dags/example_xcomargs.py took 0.212 seconds
[2025-12-27T14:43:25.427+0000] {processor.py:161} INFO - Started process (PID=2900) to work on /home/airflow/.local/lib/python3.12/site-packages/airflow/example_dags/example_xcomargs.py
[2025-12-27T14:43:25.430+0000] {processor.py:830} INFO - Processing file /home/airflow/.local/lib/python3.12/site-packages/airflow/example_dags/example_xcomargs.py for tasks to queue
[2025-12-27T14:43:25.433+0000] {logging_mixin.py:188} INFO - [2025-12-27T14:43:25.432+0000] {dagbag.py:540} INFO - Filling up the DagBag from /home/airflow/.local/lib/python3.12/site-packages/airflow/example_dags/example_xcomargs.py
[2025-12-27T14:43:25.459+0000] {processor.py:840} INFO - DAG(s) 'example_xcom_args', 'example_xcom_args_with_operators' retrieved from /home/airflow/.local/lib/python3.12/site-packages/airflow/example_dags/example_xcomargs.py
[2025-12-27T14:43:25.522+0000] {logging_mixin.py:188} INFO - [2025-12-27T14:43:25.522+0000] {dag.py:3096} INFO - Sync 2 DAGs
[2025-12-27T14:43:25.555+0000] {logging_mixin.py:188} INFO - [2025-12-27T14:43:25.555+0000] {dag.py:3954} INFO - Setting next_dagrun for example_xcom_args to None, run_after=None
[2025-12-27T14:43:25.564+0000] {logging_mixin.py:188} INFO - [2025-12-27T14:43:25.564+0000] {dag.py:3954} INFO - Setting next_dagrun for example_xcom_args_with_operators to None, run_after=None
[2025-12-27T14:43:25.608+0000] {processor.py:183} INFO - Processing /home/airflow/.local/lib/python3.12/site-packages/airflow/example_dags/example_xcomargs.py took 0.198 seconds
[2025-12-27T14:43:56.351+0000] {processor.py:161} INFO - Started process (PID=2958) to work on /home/airflow/.local/lib/python3.12/site-packages/airflow/example_dags/example_xcomargs.py
[2025-12-27T14:43:56.355+0000] {processor.py:830} INFO - Processing file /home/airflow/.local/lib/python3.12/site-packages/airflow/example_dags/example_xcomargs.py for tasks to queue
[2025-12-27T14:43:56.358+0000] {logging_mixin.py:188} INFO - [2025-12-27T14:43:56.357+0000] {dagbag.py:540} INFO - Filling up the DagBag from /home/airflow/.local/lib/python3.12/site-packages/airflow/example_dags/example_xcomargs.py
[2025-12-27T14:43:56.400+0000] {processor.py:840} INFO - DAG(s) 'example_xcom_args_with_operators', 'example_xcom_args' retrieved from /home/airflow/.local/lib/python3.12/site-packages/airflow/example_dags/example_xcomargs.py
[2025-12-27T14:43:56.512+0000] {logging_mixin.py:188} INFO - [2025-12-27T14:43:56.511+0000] {dag.py:3096} INFO - Sync 2 DAGs
[2025-12-27T14:43:56.561+0000] {logging_mixin.py:188} INFO - [2025-12-27T14:43:56.561+0000] {dag.py:3954} INFO - Setting next_dagrun for example_xcom_args to None, run_after=None
[2025-12-27T14:43:56.576+0000] {logging_mixin.py:188} INFO - [2025-12-27T14:43:56.575+0000] {dag.py:3954} INFO - Setting next_dagrun for example_xcom_args_with_operators to None, run_after=None
[2025-12-27T14:43:56.650+0000] {processor.py:183} INFO - Processing /home/airflow/.local/lib/python3.12/site-packages/airflow/example_dags/example_xcomargs.py took 0.320 seconds
[2025-12-27T14:44:27.360+0000] {processor.py:161} INFO - Started process (PID=3016) to work on /home/airflow/.local/lib/python3.12/site-packages/airflow/example_dags/example_xcomargs.py
[2025-12-27T14:44:27.364+0000] {processor.py:830} INFO - Processing file /home/airflow/.local/lib/python3.12/site-packages/airflow/example_dags/example_xcomargs.py for tasks to queue
[2025-12-27T14:44:27.368+0000] {logging_mixin.py:188} INFO - [2025-12-27T14:44:27.366+0000] {dagbag.py:540} INFO - Filling up the DagBag from /home/airflow/.local/lib/python3.12/site-packages/airflow/example_dags/example_xcomargs.py
[2025-12-27T14:44:27.402+0000] {processor.py:840} INFO - DAG(s) 'example_xcom_args', 'example_xcom_args_with_operators' retrieved from /home/airflow/.local/lib/python3.12/site-packages/airflow/example_dags/example_xcomargs.py
[2025-12-27T14:44:27.506+0000] {logging_mixin.py:188} INFO - [2025-12-27T14:44:27.505+0000] {dag.py:3096} INFO - Sync 2 DAGs
[2025-12-27T14:44:27.565+0000] {logging_mixin.py:188} INFO - [2025-12-27T14:44:27.565+0000] {dag.py:3954} INFO - Setting next_dagrun for example_xcom_args to None, run_after=None
[2025-12-27T14:44:27.579+0000] {logging_mixin.py:188} INFO - [2025-12-27T14:44:27.578+0000] {dag.py:3954} INFO - Setting next_dagrun for example_xcom_args_with_operators to None, run_after=None
[2025-12-27T14:44:27.664+0000] {processor.py:183} INFO - Processing /home/airflow/.local/lib/python3.12/site-packages/airflow/example_dags/example_xcomargs.py took 0.326 seconds
[2025-12-27T14:44:58.593+0000] {processor.py:161} INFO - Started process (PID=3075) to work on /home/airflow/.local/lib/python3.12/site-packages/airflow/example_dags/example_xcomargs.py
[2025-12-27T14:44:58.601+0000] {processor.py:830} INFO - Processing file /home/airflow/.local/lib/python3.12/site-packages/airflow/example_dags/example_xcomargs.py for tasks to queue
[2025-12-27T14:44:58.606+0000] {logging_mixin.py:188} INFO - [2025-12-27T14:44:58.605+0000] {dagbag.py:540} INFO - Filling up the DagBag from /home/airflow/.local/lib/python3.12/site-packages/airflow/example_dags/example_xcomargs.py
[2025-12-27T14:44:58.661+0000] {processor.py:840} INFO - DAG(s) 'example_xcom_args', 'example_xcom_args_with_operators' retrieved from /home/airflow/.local/lib/python3.12/site-packages/airflow/example_dags/example_xcomargs.py
[2025-12-27T14:44:58.834+0000] {logging_mixin.py:188} INFO - [2025-12-27T14:44:58.831+0000] {dag.py:3096} INFO - Sync 2 DAGs
[2025-12-27T14:44:58.921+0000] {logging_mixin.py:188} INFO - [2025-12-27T14:44:58.920+0000] {dag.py:3954} INFO - Setting next_dagrun for example_xcom_args to None, run_after=None
[2025-12-27T14:44:58.942+0000] {logging_mixin.py:188} INFO - [2025-12-27T14:44:58.942+0000] {dag.py:3954} INFO - Setting next_dagrun for example_xcom_args_with_operators to None, run_after=None
[2025-12-27T14:44:59.020+0000] {processor.py:183} INFO - Processing /home/airflow/.local/lib/python3.12/site-packages/airflow/example_dags/example_xcomargs.py took 0.459 seconds
[2025-12-27T14:45:29.670+0000] {processor.py:161} INFO - Started process (PID=3134) to work on /home/airflow/.local/lib/python3.12/site-packages/airflow/example_dags/example_xcomargs.py
[2025-12-27T14:45:29.674+0000] {processor.py:830} INFO - Processing file /home/airflow/.local/lib/python3.12/site-packages/airflow/example_dags/example_xcomargs.py for tasks to queue
[2025-12-27T14:45:29.677+0000] {logging_mixin.py:188} INFO - [2025-12-27T14:45:29.676+0000] {dagbag.py:540} INFO - Filling up the DagBag from /home/airflow/.local/lib/python3.12/site-packages/airflow/example_dags/example_xcomargs.py
[2025-12-27T14:45:29.710+0000] {processor.py:840} INFO - DAG(s) 'example_xcom_args_with_operators', 'example_xcom_args' retrieved from /home/airflow/.local/lib/python3.12/site-packages/airflow/example_dags/example_xcomargs.py
[2025-12-27T14:45:29.804+0000] {logging_mixin.py:188} INFO - [2025-12-27T14:45:29.803+0000] {dag.py:3096} INFO - Sync 2 DAGs
[2025-12-27T14:45:29.873+0000] {logging_mixin.py:188} INFO - [2025-12-27T14:45:29.872+0000] {dag.py:3954} INFO - Setting next_dagrun for example_xcom_args to None, run_after=None
[2025-12-27T14:45:29.895+0000] {logging_mixin.py:188} INFO - [2025-12-27T14:45:29.894+0000] {dag.py:3954} INFO - Setting next_dagrun for example_xcom_args_with_operators to None, run_after=None
[2025-12-27T14:45:29.959+0000] {processor.py:183} INFO - Processing /home/airflow/.local/lib/python3.12/site-packages/airflow/example_dags/example_xcomargs.py took 0.319 seconds
[2025-12-27T14:46:00.364+0000] {processor.py:161} INFO - Started process (PID=3192) to work on /home/airflow/.local/lib/python3.12/site-packages/airflow/example_dags/example_xcomargs.py
[2025-12-27T14:46:00.368+0000] {processor.py:830} INFO - Processing file /home/airflow/.local/lib/python3.12/site-packages/airflow/example_dags/example_xcomargs.py for tasks to queue
[2025-12-27T14:46:00.371+0000] {logging_mixin.py:188} INFO - [2025-12-27T14:46:00.370+0000] {dagbag.py:540} INFO - Filling up the DagBag from /home/airflow/.local/lib/python3.12/site-packages/airflow/example_dags/example_xcomargs.py
[2025-12-27T14:46:00.401+0000] {processor.py:840} INFO - DAG(s) 'example_xcom_args_with_operators', 'example_xcom_args' retrieved from /home/airflow/.local/lib/python3.12/site-packages/airflow/example_dags/example_xcomargs.py
[2025-12-27T14:46:00.480+0000] {logging_mixin.py:188} INFO - [2025-12-27T14:46:00.479+0000] {dag.py:3096} INFO - Sync 2 DAGs
[2025-12-27T14:46:00.524+0000] {logging_mixin.py:188} INFO - [2025-12-27T14:46:00.523+0000] {dag.py:3954} INFO - Setting next_dagrun for example_xcom_args to None, run_after=None
[2025-12-27T14:46:00.537+0000] {logging_mixin.py:188} INFO - [2025-12-27T14:46:00.536+0000] {dag.py:3954} INFO - Setting next_dagrun for example_xcom_args_with_operators to None, run_after=None
[2025-12-27T14:46:00.597+0000] {processor.py:183} INFO - Processing /home/airflow/.local/lib/python3.12/site-packages/airflow/example_dags/example_xcomargs.py took 0.253 seconds
[2025-12-27T14:46:30.769+0000] {processor.py:161} INFO - Started process (PID=3250) to work on /home/airflow/.local/lib/python3.12/site-packages/airflow/example_dags/example_xcomargs.py
[2025-12-27T14:46:30.772+0000] {processor.py:830} INFO - Processing file /home/airflow/.local/lib/python3.12/site-packages/airflow/example_dags/example_xcomargs.py for tasks to queue
[2025-12-27T14:46:30.774+0000] {logging_mixin.py:188} INFO - [2025-12-27T14:46:30.773+0000] {dagbag.py:540} INFO - Filling up the DagBag from /home/airflow/.local/lib/python3.12/site-packages/airflow/example_dags/example_xcomargs.py
[2025-12-27T14:46:30.797+0000] {processor.py:840} INFO - DAG(s) 'example_xcom_args_with_operators', 'example_xcom_args' retrieved from /home/airflow/.local/lib/python3.12/site-packages/airflow/example_dags/example_xcomargs.py
[2025-12-27T14:46:30.865+0000] {logging_mixin.py:188} INFO - [2025-12-27T14:46:30.864+0000] {dag.py:3096} INFO - Sync 2 DAGs
[2025-12-27T14:46:30.903+0000] {logging_mixin.py:188} INFO - [2025-12-27T14:46:30.902+0000] {dag.py:3954} INFO - Setting next_dagrun for example_xcom_args to None, run_after=None
[2025-12-27T14:46:30.916+0000] {logging_mixin.py:188} INFO - [2025-12-27T14:46:30.915+0000] {dag.py:3954} INFO - Setting next_dagrun for example_xcom_args_with_operators to None, run_after=None
[2025-12-27T14:46:30.964+0000] {processor.py:183} INFO - Processing /home/airflow/.local/lib/python3.12/site-packages/airflow/example_dags/example_xcomargs.py took 0.214 seconds
[2025-12-27T14:47:01.395+0000] {processor.py:161} INFO - Started process (PID=3309) to work on /home/airflow/.local/lib/python3.12/site-packages/airflow/example_dags/example_xcomargs.py
[2025-12-27T14:47:01.397+0000] {processor.py:830} INFO - Processing file /home/airflow/.local/lib/python3.12/site-packages/airflow/example_dags/example_xcomargs.py for tasks to queue
[2025-12-27T14:47:01.401+0000] {logging_mixin.py:188} INFO - [2025-12-27T14:47:01.400+0000] {dagbag.py:540} INFO - Filling up the DagBag from /home/airflow/.local/lib/python3.12/site-packages/airflow/example_dags/example_xcomargs.py
[2025-12-27T14:47:01.429+0000] {processor.py:840} INFO - DAG(s) 'example_xcom_args', 'example_xcom_args_with_operators' retrieved from /home/airflow/.local/lib/python3.12/site-packages/airflow/example_dags/example_xcomargs.py
[2025-12-27T14:47:01.502+0000] {logging_mixin.py:188} INFO - [2025-12-27T14:47:01.501+0000] {dag.py:3096} INFO - Sync 2 DAGs
[2025-12-27T14:47:01.546+0000] {logging_mixin.py:188} INFO - [2025-12-27T14:47:01.545+0000] {dag.py:3954} INFO - Setting next_dagrun for example_xcom_args to None, run_after=None
[2025-12-27T14:47:01.559+0000] {logging_mixin.py:188} INFO - [2025-12-27T14:47:01.558+0000] {dag.py:3954} INFO - Setting next_dagrun for example_xcom_args_with_operators to None, run_after=None
[2025-12-27T14:47:01.606+0000] {processor.py:183} INFO - Processing /home/airflow/.local/lib/python3.12/site-packages/airflow/example_dags/example_xcomargs.py took 0.230 seconds
[2025-12-27T14:47:32.588+0000] {processor.py:161} INFO - Started process (PID=3367) to work on /home/airflow/.local/lib/python3.12/site-packages/airflow/example_dags/example_xcomargs.py
[2025-12-27T14:47:32.591+0000] {processor.py:830} INFO - Processing file /home/airflow/.local/lib/python3.12/site-packages/airflow/example_dags/example_xcomargs.py for tasks to queue
[2025-12-27T14:47:32.593+0000] {logging_mixin.py:188} INFO - [2025-12-27T14:47:32.593+0000] {dagbag.py:540} INFO - Filling up the DagBag from /home/airflow/.local/lib/python3.12/site-packages/airflow/example_dags/example_xcomargs.py
[2025-12-27T14:47:32.626+0000] {processor.py:840} INFO - DAG(s) 'example_xcom_args_with_operators', 'example_xcom_args' retrieved from /home/airflow/.local/lib/python3.12/site-packages/airflow/example_dags/example_xcomargs.py
[2025-12-27T14:47:32.697+0000] {logging_mixin.py:188} INFO - [2025-12-27T14:47:32.696+0000] {dag.py:3096} INFO - Sync 2 DAGs
[2025-12-27T14:47:32.732+0000] {logging_mixin.py:188} INFO - [2025-12-27T14:47:32.731+0000] {dag.py:3954} INFO - Setting next_dagrun for example_xcom_args to None, run_after=None
[2025-12-27T14:47:32.743+0000] {logging_mixin.py:188} INFO - [2025-12-27T14:47:32.743+0000] {dag.py:3954} INFO - Setting next_dagrun for example_xcom_args_with_operators to None, run_after=None
[2025-12-27T14:47:32.795+0000] {processor.py:183} INFO - Processing /home/airflow/.local/lib/python3.12/site-packages/airflow/example_dags/example_xcomargs.py took 0.226 seconds
[2025-12-27T14:48:02.890+0000] {processor.py:161} INFO - Started process (PID=3425) to work on /home/airflow/.local/lib/python3.12/site-packages/airflow/example_dags/example_xcomargs.py
[2025-12-27T14:48:02.893+0000] {processor.py:830} INFO - Processing file /home/airflow/.local/lib/python3.12/site-packages/airflow/example_dags/example_xcomargs.py for tasks to queue
[2025-12-27T14:48:02.896+0000] {logging_mixin.py:188} INFO - [2025-12-27T14:48:02.895+0000] {dagbag.py:540} INFO - Filling up the DagBag from /home/airflow/.local/lib/python3.12/site-packages/airflow/example_dags/example_xcomargs.py
[2025-12-27T14:48:02.919+0000] {processor.py:840} INFO - DAG(s) 'example_xcom_args', 'example_xcom_args_with_operators' retrieved from /home/airflow/.local/lib/python3.12/site-packages/airflow/example_dags/example_xcomargs.py
[2025-12-27T14:48:02.987+0000] {logging_mixin.py:188} INFO - [2025-12-27T14:48:02.986+0000] {dag.py:3096} INFO - Sync 2 DAGs
[2025-12-27T14:48:03.020+0000] {logging_mixin.py:188} INFO - [2025-12-27T14:48:03.019+0000] {dag.py:3954} INFO - Setting next_dagrun for example_xcom_args to None, run_after=None
[2025-12-27T14:48:03.029+0000] {logging_mixin.py:188} INFO - [2025-12-27T14:48:03.029+0000] {dag.py:3954} INFO - Setting next_dagrun for example_xcom_args_with_operators to None, run_after=None
[2025-12-27T14:48:03.075+0000] {processor.py:183} INFO - Processing /home/airflow/.local/lib/python3.12/site-packages/airflow/example_dags/example_xcomargs.py took 0.200 seconds
[2025-12-27T14:48:35.390+0000] {processor.py:161} INFO - Started process (PID=3484) to work on /home/airflow/.local/lib/python3.12/site-packages/airflow/example_dags/example_xcomargs.py
[2025-12-27T14:48:35.400+0000] {processor.py:830} INFO - Processing file /home/airflow/.local/lib/python3.12/site-packages/airflow/example_dags/example_xcomargs.py for tasks to queue
[2025-12-27T14:48:35.404+0000] {logging_mixin.py:188} INFO - [2025-12-27T14:48:35.403+0000] {dagbag.py:540} INFO - Filling up the DagBag from /home/airflow/.local/lib/python3.12/site-packages/airflow/example_dags/example_xcomargs.py
[2025-12-27T14:48:35.450+0000] {processor.py:840} INFO - DAG(s) 'example_xcom_args_with_operators', 'example_xcom_args' retrieved from /home/airflow/.local/lib/python3.12/site-packages/airflow/example_dags/example_xcomargs.py
[2025-12-27T14:48:35.557+0000] {logging_mixin.py:188} INFO - [2025-12-27T14:48:35.556+0000] {dag.py:3096} INFO - Sync 2 DAGs
[2025-12-27T14:48:35.619+0000] {logging_mixin.py:188} INFO - [2025-12-27T14:48:35.618+0000] {dag.py:3954} INFO - Setting next_dagrun for example_xcom_args to None, run_after=None
[2025-12-27T14:48:35.635+0000] {logging_mixin.py:188} INFO - [2025-12-27T14:48:35.635+0000] {dag.py:3954} INFO - Setting next_dagrun for example_xcom_args_with_operators to None, run_after=None
[2025-12-27T14:48:35.801+0000] {processor.py:183} INFO - Processing /home/airflow/.local/lib/python3.12/site-packages/airflow/example_dags/example_xcomargs.py took 0.439 seconds
[2025-12-27T14:49:08.586+0000] {processor.py:161} INFO - Started process (PID=3542) to work on /home/airflow/.local/lib/python3.12/site-packages/airflow/example_dags/example_xcomargs.py
[2025-12-27T14:49:08.592+0000] {processor.py:830} INFO - Processing file /home/airflow/.local/lib/python3.12/site-packages/airflow/example_dags/example_xcomargs.py for tasks to queue
[2025-12-27T14:49:08.602+0000] {logging_mixin.py:188} INFO - [2025-12-27T14:49:08.600+0000] {dagbag.py:540} INFO - Filling up the DagBag from /home/airflow/.local/lib/python3.12/site-packages/airflow/example_dags/example_xcomargs.py
[2025-12-27T14:49:08.643+0000] {processor.py:840} INFO - DAG(s) 'example_xcom_args', 'example_xcom_args_with_operators' retrieved from /home/airflow/.local/lib/python3.12/site-packages/airflow/example_dags/example_xcomargs.py
[2025-12-27T14:49:08.738+0000] {logging_mixin.py:188} INFO - [2025-12-27T14:49:08.737+0000] {dag.py:3096} INFO - Sync 2 DAGs
[2025-12-27T14:49:08.795+0000] {logging_mixin.py:188} INFO - [2025-12-27T14:49:08.794+0000] {dag.py:3954} INFO - Setting next_dagrun for example_xcom_args to None, run_after=None
[2025-12-27T14:49:08.810+0000] {logging_mixin.py:188} INFO - [2025-12-27T14:49:08.809+0000] {dag.py:3954} INFO - Setting next_dagrun for example_xcom_args_with_operators to None, run_after=None
[2025-12-27T14:49:08.890+0000] {processor.py:183} INFO - Processing /home/airflow/.local/lib/python3.12/site-packages/airflow/example_dags/example_xcomargs.py took 0.334 seconds
[2025-12-27T14:49:39.017+0000] {processor.py:161} INFO - Started process (PID=3600) to work on /home/airflow/.local/lib/python3.12/site-packages/airflow/example_dags/example_xcomargs.py
[2025-12-27T14:49:39.020+0000] {processor.py:830} INFO - Processing file /home/airflow/.local/lib/python3.12/site-packages/airflow/example_dags/example_xcomargs.py for tasks to queue
[2025-12-27T14:49:39.023+0000] {logging_mixin.py:188} INFO - [2025-12-27T14:49:39.022+0000] {dagbag.py:540} INFO - Filling up the DagBag from /home/airflow/.local/lib/python3.12/site-packages/airflow/example_dags/example_xcomargs.py
[2025-12-27T14:49:39.050+0000] {processor.py:840} INFO - DAG(s) 'example_xcom_args_with_operators', 'example_xcom_args' retrieved from /home/airflow/.local/lib/python3.12/site-packages/airflow/example_dags/example_xcomargs.py
[2025-12-27T14:49:39.122+0000] {logging_mixin.py:188} INFO - [2025-12-27T14:49:39.121+0000] {dag.py:3096} INFO - Sync 2 DAGs
[2025-12-27T14:49:39.162+0000] {logging_mixin.py:188} INFO - [2025-12-27T14:49:39.161+0000] {dag.py:3954} INFO - Setting next_dagrun for example_xcom_args to None, run_after=None
[2025-12-27T14:49:39.172+0000] {logging_mixin.py:188} INFO - [2025-12-27T14:49:39.171+0000] {dag.py:3954} INFO - Setting next_dagrun for example_xcom_args_with_operators to None, run_after=None
[2025-12-27T14:49:39.225+0000] {processor.py:183} INFO - Processing /home/airflow/.local/lib/python3.12/site-packages/airflow/example_dags/example_xcomargs.py took 0.231 seconds
[2025-12-27T14:50:18.997+0000] {processor.py:161} INFO - Started process (PID=3663) to work on /home/airflow/.local/lib/python3.12/site-packages/airflow/example_dags/example_xcomargs.py
[2025-12-27T14:50:19.008+0000] {processor.py:830} INFO - Processing file /home/airflow/.local/lib/python3.12/site-packages/airflow/example_dags/example_xcomargs.py for tasks to queue
[2025-12-27T14:50:19.012+0000] {logging_mixin.py:188} INFO - [2025-12-27T14:50:19.011+0000] {dagbag.py:540} INFO - Filling up the DagBag from /home/airflow/.local/lib/python3.12/site-packages/airflow/example_dags/example_xcomargs.py
[2025-12-27T14:50:19.052+0000] {processor.py:840} INFO - DAG(s) 'example_xcom_args_with_operators', 'example_xcom_args' retrieved from /home/airflow/.local/lib/python3.12/site-packages/airflow/example_dags/example_xcomargs.py
[2025-12-27T14:50:19.164+0000] {logging_mixin.py:188} INFO - [2025-12-27T14:50:19.163+0000] {dag.py:3096} INFO - Sync 2 DAGs
[2025-12-27T14:50:19.227+0000] {logging_mixin.py:188} INFO - [2025-12-27T14:50:19.227+0000] {dag.py:3954} INFO - Setting next_dagrun for example_xcom_args to None, run_after=None
[2025-12-27T14:50:19.245+0000] {logging_mixin.py:188} INFO - [2025-12-27T14:50:19.244+0000] {dag.py:3954} INFO - Setting next_dagrun for example_xcom_args_with_operators to None, run_after=None
[2025-12-27T14:50:19.334+0000] {processor.py:183} INFO - Processing /home/airflow/.local/lib/python3.12/site-packages/airflow/example_dags/example_xcomargs.py took 0.380 seconds
[2025-12-27T14:50:51.057+0000] {processor.py:161} INFO - Started process (PID=3721) to work on /home/airflow/.local/lib/python3.12/site-packages/airflow/example_dags/example_xcomargs.py
[2025-12-27T14:50:51.081+0000] {processor.py:830} INFO - Processing file /home/airflow/.local/lib/python3.12/site-packages/airflow/example_dags/example_xcomargs.py for tasks to queue
[2025-12-27T14:50:51.085+0000] {logging_mixin.py:188} INFO - [2025-12-27T14:50:51.084+0000] {dagbag.py:540} INFO - Filling up the DagBag from /home/airflow/.local/lib/python3.12/site-packages/airflow/example_dags/example_xcomargs.py
[2025-12-27T14:50:51.124+0000] {processor.py:840} INFO - DAG(s) 'example_xcom_args', 'example_xcom_args_with_operators' retrieved from /home/airflow/.local/lib/python3.12/site-packages/airflow/example_dags/example_xcomargs.py
[2025-12-27T14:50:51.193+0000] {logging_mixin.py:188} INFO - [2025-12-27T14:50:51.193+0000] {dag.py:3096} INFO - Sync 2 DAGs
[2025-12-27T14:50:51.226+0000] {logging_mixin.py:188} INFO - [2025-12-27T14:50:51.226+0000] {dag.py:3954} INFO - Setting next_dagrun for example_xcom_args to None, run_after=None
[2025-12-27T14:50:51.236+0000] {logging_mixin.py:188} INFO - [2025-12-27T14:50:51.236+0000] {dag.py:3954} INFO - Setting next_dagrun for example_xcom_args_with_operators to None, run_after=None
[2025-12-27T14:50:51.322+0000] {processor.py:183} INFO - Processing /home/airflow/.local/lib/python3.12/site-packages/airflow/example_dags/example_xcomargs.py took 0.287 seconds
[2025-12-27T14:51:28.461+0000] {processor.py:161} INFO - Started process (PID=3779) to work on /home/airflow/.local/lib/python3.12/site-packages/airflow/example_dags/example_xcomargs.py
[2025-12-27T14:51:28.493+0000] {processor.py:830} INFO - Processing file /home/airflow/.local/lib/python3.12/site-packages/airflow/example_dags/example_xcomargs.py for tasks to queue
[2025-12-27T14:51:28.503+0000] {logging_mixin.py:188} INFO - [2025-12-27T14:51:28.502+0000] {dagbag.py:540} INFO - Filling up the DagBag from /home/airflow/.local/lib/python3.12/site-packages/airflow/example_dags/example_xcomargs.py
[2025-12-27T14:51:28.621+0000] {processor.py:840} INFO - DAG(s) 'example_xcom_args', 'example_xcom_args_with_operators' retrieved from /home/airflow/.local/lib/python3.12/site-packages/airflow/example_dags/example_xcomargs.py
[2025-12-27T14:51:29.108+0000] {logging_mixin.py:188} INFO - [2025-12-27T14:51:29.106+0000] {dag.py:3096} INFO - Sync 2 DAGs
[2025-12-27T14:51:29.271+0000] {logging_mixin.py:188} INFO - [2025-12-27T14:51:29.269+0000] {dag.py:3954} INFO - Setting next_dagrun for example_xcom_args to None, run_after=None
[2025-12-27T14:51:29.324+0000] {logging_mixin.py:188} INFO - [2025-12-27T14:51:29.323+0000] {dag.py:3954} INFO - Setting next_dagrun for example_xcom_args_with_operators to None, run_after=None
[2025-12-27T14:51:29.560+0000] {processor.py:183} INFO - Processing /home/airflow/.local/lib/python3.12/site-packages/airflow/example_dags/example_xcomargs.py took 1.127 seconds
[2025-12-27T14:54:07.188+0000] {processor.py:161} INFO - Started process (PID=3844) to work on /home/airflow/.local/lib/python3.12/site-packages/airflow/example_dags/example_xcomargs.py
[2025-12-27T14:54:07.239+0000] {processor.py:830} INFO - Processing file /home/airflow/.local/lib/python3.12/site-packages/airflow/example_dags/example_xcomargs.py for tasks to queue
[2025-12-27T14:54:07.406+0000] {logging_mixin.py:188} INFO - [2025-12-27T14:54:07.349+0000] {dagbag.py:540} INFO - Filling up the DagBag from /home/airflow/.local/lib/python3.12/site-packages/airflow/example_dags/example_xcomargs.py
[2025-12-27T14:54:08.218+0000] {processor.py:840} INFO - DAG(s) 'example_xcom_args_with_operators', 'example_xcom_args' retrieved from /home/airflow/.local/lib/python3.12/site-packages/airflow/example_dags/example_xcomargs.py
[2025-12-27T14:54:09.086+0000] {logging_mixin.py:188} INFO - [2025-12-27T14:54:09.085+0000] {dag.py:3096} INFO - Sync 2 DAGs
[2025-12-27T14:54:09.904+0000] {logging_mixin.py:188} INFO - [2025-12-27T14:54:09.902+0000] {dag.py:3954} INFO - Setting next_dagrun for example_xcom_args to None, run_after=None
[2025-12-27T14:54:09.994+0000] {logging_mixin.py:188} INFO - [2025-12-27T14:54:09.984+0000] {dag.py:3954} INFO - Setting next_dagrun for example_xcom_args_with_operators to None, run_after=None
[2025-12-27T14:54:12.219+0000] {processor.py:183} INFO - Processing /home/airflow/.local/lib/python3.12/site-packages/airflow/example_dags/example_xcomargs.py took 5.212 seconds
