[2025-12-27T14:14:43.976+0000] {processor.py:161} INFO - Started process (PID=98) to work on /home/airflow/.local/lib/python3.12/site-packages/airflow/example_dags/example_latest_only.py
[2025-12-27T14:14:44.013+0000] {processor.py:830} INFO - Processing file /home/airflow/.local/lib/python3.12/site-packages/airflow/example_dags/example_latest_only.py for tasks to queue
[2025-12-27T14:14:44.039+0000] {logging_mixin.py:188} INFO - [2025-12-27T14:14:44.038+0000] {dagbag.py:540} INFO - Filling up the DagBag from /home/airflow/.local/lib/python3.12/site-packages/airflow/example_dags/example_latest_only.py
[2025-12-27T14:14:44.126+0000] {processor.py:840} INFO - DAG(s) 'latest_only' retrieved from /home/airflow/.local/lib/python3.12/site-packages/airflow/example_dags/example_latest_only.py
[2025-12-27T14:14:45.761+0000] {logging_mixin.py:188} INFO - [2025-12-27T14:14:45.760+0000] {dag.py:3096} INFO - Sync 1 DAGs
[2025-12-27T14:14:45.891+0000] {logging_mixin.py:188} INFO - [2025-12-27T14:14:45.890+0000] {dag.py:3954} INFO - Setting next_dagrun for latest_only to 2025-12-27 08:00:00+00:00, run_after=2025-12-27 12:00:00+00:00
[2025-12-27T14:14:46.010+0000] {processor.py:183} INFO - Processing /home/airflow/.local/lib/python3.12/site-packages/airflow/example_dags/example_latest_only.py took 2.133 seconds
[2025-12-27T14:15:25.424+0000] {processor.py:161} INFO - Started process (PID=155) to work on /home/airflow/.local/lib/python3.12/site-packages/airflow/example_dags/example_latest_only.py
[2025-12-27T14:15:25.428+0000] {processor.py:830} INFO - Processing file /home/airflow/.local/lib/python3.12/site-packages/airflow/example_dags/example_latest_only.py for tasks to queue
[2025-12-27T14:15:25.436+0000] {logging_mixin.py:188} INFO - [2025-12-27T14:15:25.434+0000] {dagbag.py:540} INFO - Filling up the DagBag from /home/airflow/.local/lib/python3.12/site-packages/airflow/example_dags/example_latest_only.py
[2025-12-27T14:15:25.458+0000] {processor.py:840} INFO - DAG(s) 'latest_only' retrieved from /home/airflow/.local/lib/python3.12/site-packages/airflow/example_dags/example_latest_only.py
[2025-12-27T14:15:25.538+0000] {logging_mixin.py:188} INFO - [2025-12-27T14:15:25.537+0000] {dag.py:3096} INFO - Sync 1 DAGs
[2025-12-27T14:15:25.619+0000] {logging_mixin.py:188} INFO - [2025-12-27T14:15:25.618+0000] {dag.py:3954} INFO - Setting next_dagrun for latest_only to 2025-12-27 08:00:00+00:00, run_after=2025-12-27 12:00:00+00:00
[2025-12-27T14:15:25.683+0000] {processor.py:183} INFO - Processing /home/airflow/.local/lib/python3.12/site-packages/airflow/example_dags/example_latest_only.py took 0.285 seconds
[2025-12-27T14:15:56.432+0000] {processor.py:161} INFO - Started process (PID=212) to work on /home/airflow/.local/lib/python3.12/site-packages/airflow/example_dags/example_latest_only.py
[2025-12-27T14:15:56.434+0000] {processor.py:830} INFO - Processing file /home/airflow/.local/lib/python3.12/site-packages/airflow/example_dags/example_latest_only.py for tasks to queue
[2025-12-27T14:15:56.440+0000] {logging_mixin.py:188} INFO - [2025-12-27T14:15:56.439+0000] {dagbag.py:540} INFO - Filling up the DagBag from /home/airflow/.local/lib/python3.12/site-packages/airflow/example_dags/example_latest_only.py
[2025-12-27T14:15:56.457+0000] {processor.py:840} INFO - DAG(s) 'latest_only' retrieved from /home/airflow/.local/lib/python3.12/site-packages/airflow/example_dags/example_latest_only.py
[2025-12-27T14:15:56.515+0000] {logging_mixin.py:188} INFO - [2025-12-27T14:15:56.514+0000] {dag.py:3096} INFO - Sync 1 DAGs
[2025-12-27T14:15:56.601+0000] {logging_mixin.py:188} INFO - [2025-12-27T14:15:56.600+0000] {dag.py:3954} INFO - Setting next_dagrun for latest_only to 2025-12-27 08:00:00+00:00, run_after=2025-12-27 12:00:00+00:00
[2025-12-27T14:15:56.720+0000] {processor.py:183} INFO - Processing /home/airflow/.local/lib/python3.12/site-packages/airflow/example_dags/example_latest_only.py took 0.302 seconds
[2025-12-27T14:16:27.349+0000] {processor.py:161} INFO - Started process (PID=270) to work on /home/airflow/.local/lib/python3.12/site-packages/airflow/example_dags/example_latest_only.py
[2025-12-27T14:16:27.353+0000] {processor.py:830} INFO - Processing file /home/airflow/.local/lib/python3.12/site-packages/airflow/example_dags/example_latest_only.py for tasks to queue
[2025-12-27T14:16:27.365+0000] {logging_mixin.py:188} INFO - [2025-12-27T14:16:27.363+0000] {dagbag.py:540} INFO - Filling up the DagBag from /home/airflow/.local/lib/python3.12/site-packages/airflow/example_dags/example_latest_only.py
[2025-12-27T14:16:27.384+0000] {processor.py:840} INFO - DAG(s) 'latest_only' retrieved from /home/airflow/.local/lib/python3.12/site-packages/airflow/example_dags/example_latest_only.py
[2025-12-27T14:16:27.686+0000] {logging_mixin.py:188} INFO - [2025-12-27T14:16:27.685+0000] {dag.py:3096} INFO - Sync 1 DAGs
[2025-12-27T14:16:28.277+0000] {logging_mixin.py:188} INFO - [2025-12-27T14:16:28.276+0000] {dag.py:3954} INFO - Setting next_dagrun for latest_only to 2025-12-27 08:00:00+00:00, run_after=2025-12-27 12:00:00+00:00
[2025-12-27T14:16:28.639+0000] {processor.py:183} INFO - Processing /home/airflow/.local/lib/python3.12/site-packages/airflow/example_dags/example_latest_only.py took 1.314 seconds
[2025-12-27T14:16:58.962+0000] {processor.py:161} INFO - Started process (PID=328) to work on /home/airflow/.local/lib/python3.12/site-packages/airflow/example_dags/example_latest_only.py
[2025-12-27T14:16:58.974+0000] {processor.py:830} INFO - Processing file /home/airflow/.local/lib/python3.12/site-packages/airflow/example_dags/example_latest_only.py for tasks to queue
[2025-12-27T14:16:59.012+0000] {logging_mixin.py:188} INFO - [2025-12-27T14:16:59.004+0000] {dagbag.py:540} INFO - Filling up the DagBag from /home/airflow/.local/lib/python3.12/site-packages/airflow/example_dags/example_latest_only.py
[2025-12-27T14:16:59.069+0000] {processor.py:840} INFO - DAG(s) 'latest_only' retrieved from /home/airflow/.local/lib/python3.12/site-packages/airflow/example_dags/example_latest_only.py
[2025-12-27T14:16:59.272+0000] {logging_mixin.py:188} INFO - [2025-12-27T14:16:59.271+0000] {dag.py:3096} INFO - Sync 1 DAGs
[2025-12-27T14:16:59.531+0000] {logging_mixin.py:188} INFO - [2025-12-27T14:16:59.530+0000] {dag.py:3954} INFO - Setting next_dagrun for latest_only to 2025-12-27 08:00:00+00:00, run_after=2025-12-27 12:00:00+00:00
[2025-12-27T14:16:59.730+0000] {processor.py:183} INFO - Processing /home/airflow/.local/lib/python3.12/site-packages/airflow/example_dags/example_latest_only.py took 0.820 seconds
[2025-12-27T14:17:47.608+0000] {processor.py:161} INFO - Started process (PID=376) to work on /home/airflow/.local/lib/python3.12/site-packages/airflow/example_dags/example_latest_only.py
[2025-12-27T14:17:47.613+0000] {processor.py:830} INFO - Processing file /home/airflow/.local/lib/python3.12/site-packages/airflow/example_dags/example_latest_only.py for tasks to queue
[2025-12-27T14:17:47.623+0000] {logging_mixin.py:188} INFO - [2025-12-27T14:17:47.621+0000] {dagbag.py:540} INFO - Filling up the DagBag from /home/airflow/.local/lib/python3.12/site-packages/airflow/example_dags/example_latest_only.py
[2025-12-27T14:17:47.669+0000] {processor.py:840} INFO - DAG(s) 'latest_only' retrieved from /home/airflow/.local/lib/python3.12/site-packages/airflow/example_dags/example_latest_only.py
[2025-12-27T14:17:47.821+0000] {logging_mixin.py:188} INFO - [2025-12-27T14:17:47.820+0000] {dag.py:3096} INFO - Sync 1 DAGs
[2025-12-27T14:17:48.024+0000] {logging_mixin.py:188} INFO - [2025-12-27T14:17:48.013+0000] {dag.py:3954} INFO - Setting next_dagrun for latest_only to 2025-12-27 08:00:00+00:00, run_after=2025-12-27 12:00:00+00:00
[2025-12-27T14:17:48.164+0000] {processor.py:183} INFO - Processing /home/airflow/.local/lib/python3.12/site-packages/airflow/example_dags/example_latest_only.py took 0.608 seconds
[2025-12-27T14:18:31.812+0000] {processor.py:161} INFO - Started process (PID=437) to work on /home/airflow/.local/lib/python3.12/site-packages/airflow/example_dags/example_latest_only.py
[2025-12-27T14:18:31.822+0000] {processor.py:830} INFO - Processing file /home/airflow/.local/lib/python3.12/site-packages/airflow/example_dags/example_latest_only.py for tasks to queue
[2025-12-27T14:18:31.829+0000] {logging_mixin.py:188} INFO - [2025-12-27T14:18:31.828+0000] {dagbag.py:540} INFO - Filling up the DagBag from /home/airflow/.local/lib/python3.12/site-packages/airflow/example_dags/example_latest_only.py
[2025-12-27T14:18:31.858+0000] {processor.py:840} INFO - DAG(s) 'latest_only' retrieved from /home/airflow/.local/lib/python3.12/site-packages/airflow/example_dags/example_latest_only.py
[2025-12-27T14:18:31.987+0000] {logging_mixin.py:188} INFO - [2025-12-27T14:18:31.986+0000] {dag.py:3096} INFO - Sync 1 DAGs
[2025-12-27T14:18:32.134+0000] {logging_mixin.py:188} INFO - [2025-12-27T14:18:32.133+0000] {dag.py:3954} INFO - Setting next_dagrun for latest_only to 2025-12-27 08:00:00+00:00, run_after=2025-12-27 12:00:00+00:00
[2025-12-27T14:18:32.293+0000] {processor.py:183} INFO - Processing /home/airflow/.local/lib/python3.12/site-packages/airflow/example_dags/example_latest_only.py took 0.509 seconds
[2025-12-27T14:19:03.206+0000] {processor.py:161} INFO - Started process (PID=495) to work on /home/airflow/.local/lib/python3.12/site-packages/airflow/example_dags/example_latest_only.py
[2025-12-27T14:19:03.210+0000] {processor.py:830} INFO - Processing file /home/airflow/.local/lib/python3.12/site-packages/airflow/example_dags/example_latest_only.py for tasks to queue
[2025-12-27T14:19:03.218+0000] {logging_mixin.py:188} INFO - [2025-12-27T14:19:03.216+0000] {dagbag.py:540} INFO - Filling up the DagBag from /home/airflow/.local/lib/python3.12/site-packages/airflow/example_dags/example_latest_only.py
[2025-12-27T14:19:03.235+0000] {processor.py:840} INFO - DAG(s) 'latest_only' retrieved from /home/airflow/.local/lib/python3.12/site-packages/airflow/example_dags/example_latest_only.py
[2025-12-27T14:19:03.302+0000] {logging_mixin.py:188} INFO - [2025-12-27T14:19:03.301+0000] {dag.py:3096} INFO - Sync 1 DAGs
[2025-12-27T14:19:03.380+0000] {logging_mixin.py:188} INFO - [2025-12-27T14:19:03.379+0000] {dag.py:3954} INFO - Setting next_dagrun for latest_only to 2025-12-27 08:00:00+00:00, run_after=2025-12-27 12:00:00+00:00
[2025-12-27T14:19:03.441+0000] {processor.py:183} INFO - Processing /home/airflow/.local/lib/python3.12/site-packages/airflow/example_dags/example_latest_only.py took 0.255 seconds
[2025-12-27T14:19:36.255+0000] {processor.py:161} INFO - Started process (PID=553) to work on /home/airflow/.local/lib/python3.12/site-packages/airflow/example_dags/example_latest_only.py
[2025-12-27T14:19:36.288+0000] {processor.py:830} INFO - Processing file /home/airflow/.local/lib/python3.12/site-packages/airflow/example_dags/example_latest_only.py for tasks to queue
[2025-12-27T14:19:36.293+0000] {logging_mixin.py:188} INFO - [2025-12-27T14:19:36.293+0000] {dagbag.py:540} INFO - Filling up the DagBag from /home/airflow/.local/lib/python3.12/site-packages/airflow/example_dags/example_latest_only.py
[2025-12-27T14:19:36.309+0000] {processor.py:840} INFO - DAG(s) 'latest_only' retrieved from /home/airflow/.local/lib/python3.12/site-packages/airflow/example_dags/example_latest_only.py
[2025-12-27T14:19:36.361+0000] {logging_mixin.py:188} INFO - [2025-12-27T14:19:36.360+0000] {dag.py:3096} INFO - Sync 1 DAGs
[2025-12-27T14:19:36.436+0000] {logging_mixin.py:188} INFO - [2025-12-27T14:19:36.435+0000] {dag.py:3954} INFO - Setting next_dagrun for latest_only to 2025-12-27 08:00:00+00:00, run_after=2025-12-27 12:00:00+00:00
[2025-12-27T14:19:36.576+0000] {processor.py:183} INFO - Processing /home/airflow/.local/lib/python3.12/site-packages/airflow/example_dags/example_latest_only.py took 0.337 seconds
[2025-12-27T14:20:10.391+0000] {processor.py:161} INFO - Started process (PID=611) to work on /home/airflow/.local/lib/python3.12/site-packages/airflow/example_dags/example_latest_only.py
[2025-12-27T14:20:10.488+0000] {processor.py:830} INFO - Processing file /home/airflow/.local/lib/python3.12/site-packages/airflow/example_dags/example_latest_only.py for tasks to queue
[2025-12-27T14:20:10.525+0000] {logging_mixin.py:188} INFO - [2025-12-27T14:20:10.523+0000] {dagbag.py:540} INFO - Filling up the DagBag from /home/airflow/.local/lib/python3.12/site-packages/airflow/example_dags/example_latest_only.py
[2025-12-27T14:20:10.582+0000] {processor.py:840} INFO - DAG(s) 'latest_only' retrieved from /home/airflow/.local/lib/python3.12/site-packages/airflow/example_dags/example_latest_only.py
[2025-12-27T14:20:10.737+0000] {logging_mixin.py:188} INFO - [2025-12-27T14:20:10.736+0000] {dag.py:3096} INFO - Sync 1 DAGs
[2025-12-27T14:20:10.879+0000] {logging_mixin.py:188} INFO - [2025-12-27T14:20:10.878+0000] {dag.py:3954} INFO - Setting next_dagrun for latest_only to 2025-12-27 08:00:00+00:00, run_after=2025-12-27 12:00:00+00:00
[2025-12-27T14:20:11.071+0000] {processor.py:183} INFO - Processing /home/airflow/.local/lib/python3.12/site-packages/airflow/example_dags/example_latest_only.py took 0.702 seconds
[2025-12-27T14:20:42.078+0000] {processor.py:161} INFO - Started process (PID=669) to work on /home/airflow/.local/lib/python3.12/site-packages/airflow/example_dags/example_latest_only.py
[2025-12-27T14:20:42.081+0000] {processor.py:830} INFO - Processing file /home/airflow/.local/lib/python3.12/site-packages/airflow/example_dags/example_latest_only.py for tasks to queue
[2025-12-27T14:20:42.087+0000] {logging_mixin.py:188} INFO - [2025-12-27T14:20:42.086+0000] {dagbag.py:540} INFO - Filling up the DagBag from /home/airflow/.local/lib/python3.12/site-packages/airflow/example_dags/example_latest_only.py
[2025-12-27T14:20:42.102+0000] {processor.py:840} INFO - DAG(s) 'latest_only' retrieved from /home/airflow/.local/lib/python3.12/site-packages/airflow/example_dags/example_latest_only.py
[2025-12-27T14:20:42.163+0000] {logging_mixin.py:188} INFO - [2025-12-27T14:20:42.162+0000] {dag.py:3096} INFO - Sync 1 DAGs
[2025-12-27T14:20:42.268+0000] {logging_mixin.py:188} INFO - [2025-12-27T14:20:42.267+0000] {dag.py:3954} INFO - Setting next_dagrun for latest_only to 2025-12-27 08:00:00+00:00, run_after=2025-12-27 12:00:00+00:00
[2025-12-27T14:20:42.356+0000] {processor.py:183} INFO - Processing /home/airflow/.local/lib/python3.12/site-packages/airflow/example_dags/example_latest_only.py took 0.294 seconds
[2025-12-27T14:21:13.386+0000] {processor.py:161} INFO - Started process (PID=727) to work on /home/airflow/.local/lib/python3.12/site-packages/airflow/example_dags/example_latest_only.py
[2025-12-27T14:21:13.395+0000] {processor.py:830} INFO - Processing file /home/airflow/.local/lib/python3.12/site-packages/airflow/example_dags/example_latest_only.py for tasks to queue
[2025-12-27T14:21:13.406+0000] {logging_mixin.py:188} INFO - [2025-12-27T14:21:13.404+0000] {dagbag.py:540} INFO - Filling up the DagBag from /home/airflow/.local/lib/python3.12/site-packages/airflow/example_dags/example_latest_only.py
[2025-12-27T14:21:13.442+0000] {processor.py:840} INFO - DAG(s) 'latest_only' retrieved from /home/airflow/.local/lib/python3.12/site-packages/airflow/example_dags/example_latest_only.py
[2025-12-27T14:21:13.569+0000] {logging_mixin.py:188} INFO - [2025-12-27T14:21:13.567+0000] {dag.py:3096} INFO - Sync 1 DAGs
[2025-12-27T14:21:13.837+0000] {logging_mixin.py:188} INFO - [2025-12-27T14:21:13.835+0000] {dag.py:3954} INFO - Setting next_dagrun for latest_only to 2025-12-27 08:00:00+00:00, run_after=2025-12-27 12:00:00+00:00
[2025-12-27T14:21:14.135+0000] {processor.py:183} INFO - Processing /home/airflow/.local/lib/python3.12/site-packages/airflow/example_dags/example_latest_only.py took 0.789 seconds
[2025-12-27T14:21:49.561+0000] {processor.py:161} INFO - Started process (PID=782) to work on /home/airflow/.local/lib/python3.12/site-packages/airflow/example_dags/example_latest_only.py
[2025-12-27T14:21:49.565+0000] {processor.py:830} INFO - Processing file /home/airflow/.local/lib/python3.12/site-packages/airflow/example_dags/example_latest_only.py for tasks to queue
[2025-12-27T14:21:49.598+0000] {logging_mixin.py:188} INFO - [2025-12-27T14:21:49.596+0000] {dagbag.py:540} INFO - Filling up the DagBag from /home/airflow/.local/lib/python3.12/site-packages/airflow/example_dags/example_latest_only.py
[2025-12-27T14:21:49.668+0000] {processor.py:840} INFO - DAG(s) 'latest_only' retrieved from /home/airflow/.local/lib/python3.12/site-packages/airflow/example_dags/example_latest_only.py
[2025-12-27T14:21:49.871+0000] {logging_mixin.py:188} INFO - [2025-12-27T14:21:49.870+0000] {dag.py:3096} INFO - Sync 1 DAGs
[2025-12-27T14:21:50.203+0000] {logging_mixin.py:188} INFO - [2025-12-27T14:21:50.196+0000] {dag.py:3954} INFO - Setting next_dagrun for latest_only to 2025-12-27 08:00:00+00:00, run_after=2025-12-27 12:00:00+00:00
[2025-12-27T14:21:50.483+0000] {processor.py:183} INFO - Processing /home/airflow/.local/lib/python3.12/site-packages/airflow/example_dags/example_latest_only.py took 0.987 seconds
[2025-12-27T14:22:51.906+0000] {processor.py:161} INFO - Started process (PID=847) to work on /home/airflow/.local/lib/python3.12/site-packages/airflow/example_dags/example_latest_only.py
[2025-12-27T14:22:51.925+0000] {processor.py:830} INFO - Processing file /home/airflow/.local/lib/python3.12/site-packages/airflow/example_dags/example_latest_only.py for tasks to queue
[2025-12-27T14:22:51.937+0000] {logging_mixin.py:188} INFO - [2025-12-27T14:22:51.933+0000] {dagbag.py:540} INFO - Filling up the DagBag from /home/airflow/.local/lib/python3.12/site-packages/airflow/example_dags/example_latest_only.py
[2025-12-27T14:22:52.021+0000] {processor.py:840} INFO - DAG(s) 'latest_only' retrieved from /home/airflow/.local/lib/python3.12/site-packages/airflow/example_dags/example_latest_only.py
[2025-12-27T14:22:52.428+0000] {logging_mixin.py:188} INFO - [2025-12-27T14:22:52.427+0000] {dag.py:3096} INFO - Sync 1 DAGs
[2025-12-27T14:22:53.120+0000] {logging_mixin.py:188} INFO - [2025-12-27T14:22:53.118+0000] {dag.py:3954} INFO - Setting next_dagrun for latest_only to 2025-12-27 08:00:00+00:00, run_after=2025-12-27 12:00:00+00:00
[2025-12-27T14:22:53.530+0000] {processor.py:183} INFO - Processing /home/airflow/.local/lib/python3.12/site-packages/airflow/example_dags/example_latest_only.py took 1.676 seconds
[2025-12-27T14:23:56.630+0000] {processor.py:161} INFO - Started process (PID=883) to work on /home/airflow/.local/lib/python3.12/site-packages/airflow/example_dags/example_latest_only.py
[2025-12-27T14:23:56.655+0000] {processor.py:830} INFO - Processing file /home/airflow/.local/lib/python3.12/site-packages/airflow/example_dags/example_latest_only.py for tasks to queue
[2025-12-27T14:23:56.675+0000] {logging_mixin.py:188} INFO - [2025-12-27T14:23:56.673+0000] {dagbag.py:540} INFO - Filling up the DagBag from /home/airflow/.local/lib/python3.12/site-packages/airflow/example_dags/example_latest_only.py
[2025-12-27T14:23:56.728+0000] {processor.py:840} INFO - DAG(s) 'latest_only' retrieved from /home/airflow/.local/lib/python3.12/site-packages/airflow/example_dags/example_latest_only.py
[2025-12-27T14:23:56.924+0000] {logging_mixin.py:188} INFO - [2025-12-27T14:23:56.913+0000] {dag.py:3096} INFO - Sync 1 DAGs
[2025-12-27T14:23:57.097+0000] {logging_mixin.py:188} INFO - [2025-12-27T14:23:57.096+0000] {dag.py:3954} INFO - Setting next_dagrun for latest_only to 2025-12-27 08:00:00+00:00, run_after=2025-12-27 12:00:00+00:00
[2025-12-27T14:23:57.266+0000] {processor.py:183} INFO - Processing /home/airflow/.local/lib/python3.12/site-packages/airflow/example_dags/example_latest_only.py took 0.699 seconds
[2025-12-27T14:24:27.931+0000] {processor.py:161} INFO - Started process (PID=941) to work on /home/airflow/.local/lib/python3.12/site-packages/airflow/example_dags/example_latest_only.py
[2025-12-27T14:24:27.935+0000] {processor.py:830} INFO - Processing file /home/airflow/.local/lib/python3.12/site-packages/airflow/example_dags/example_latest_only.py for tasks to queue
[2025-12-27T14:24:27.938+0000] {logging_mixin.py:188} INFO - [2025-12-27T14:24:27.937+0000] {dagbag.py:540} INFO - Filling up the DagBag from /home/airflow/.local/lib/python3.12/site-packages/airflow/example_dags/example_latest_only.py
[2025-12-27T14:24:27.958+0000] {processor.py:840} INFO - DAG(s) 'latest_only' retrieved from /home/airflow/.local/lib/python3.12/site-packages/airflow/example_dags/example_latest_only.py
[2025-12-27T14:24:28.043+0000] {logging_mixin.py:188} INFO - [2025-12-27T14:24:28.042+0000] {dag.py:3096} INFO - Sync 1 DAGs
[2025-12-27T14:24:28.136+0000] {logging_mixin.py:188} INFO - [2025-12-27T14:24:28.135+0000] {dag.py:3954} INFO - Setting next_dagrun for latest_only to 2025-12-27 08:00:00+00:00, run_after=2025-12-27 12:00:00+00:00
[2025-12-27T14:24:28.228+0000] {processor.py:183} INFO - Processing /home/airflow/.local/lib/python3.12/site-packages/airflow/example_dags/example_latest_only.py took 0.316 seconds
[2025-12-27T14:25:07.917+0000] {processor.py:161} INFO - Started process (PID=994) to work on /home/airflow/.local/lib/python3.12/site-packages/airflow/example_dags/example_latest_only.py
[2025-12-27T14:25:07.921+0000] {processor.py:830} INFO - Processing file /home/airflow/.local/lib/python3.12/site-packages/airflow/example_dags/example_latest_only.py for tasks to queue
[2025-12-27T14:25:07.925+0000] {logging_mixin.py:188} INFO - [2025-12-27T14:25:07.923+0000] {dagbag.py:540} INFO - Filling up the DagBag from /home/airflow/.local/lib/python3.12/site-packages/airflow/example_dags/example_latest_only.py
[2025-12-27T14:25:07.953+0000] {processor.py:840} INFO - DAG(s) 'latest_only' retrieved from /home/airflow/.local/lib/python3.12/site-packages/airflow/example_dags/example_latest_only.py
[2025-12-27T14:25:08.039+0000] {logging_mixin.py:188} INFO - [2025-12-27T14:25:08.038+0000] {dag.py:3096} INFO - Sync 1 DAGs
[2025-12-27T14:25:08.158+0000] {logging_mixin.py:188} INFO - [2025-12-27T14:25:08.151+0000] {dag.py:3954} INFO - Setting next_dagrun for latest_only to 2025-12-27 08:00:00+00:00, run_after=2025-12-27 12:00:00+00:00
[2025-12-27T14:25:08.272+0000] {processor.py:183} INFO - Processing /home/airflow/.local/lib/python3.12/site-packages/airflow/example_dags/example_latest_only.py took 0.378 seconds
[2025-12-27T14:26:17.181+0000] {processor.py:161} INFO - Started process (PID=1054) to work on /home/airflow/.local/lib/python3.12/site-packages/airflow/example_dags/example_latest_only.py
[2025-12-27T14:26:17.185+0000] {processor.py:830} INFO - Processing file /home/airflow/.local/lib/python3.12/site-packages/airflow/example_dags/example_latest_only.py for tasks to queue
[2025-12-27T14:26:17.191+0000] {logging_mixin.py:188} INFO - [2025-12-27T14:26:17.189+0000] {dagbag.py:540} INFO - Filling up the DagBag from /home/airflow/.local/lib/python3.12/site-packages/airflow/example_dags/example_latest_only.py
[2025-12-27T14:26:17.223+0000] {processor.py:840} INFO - DAG(s) 'latest_only' retrieved from /home/airflow/.local/lib/python3.12/site-packages/airflow/example_dags/example_latest_only.py
[2025-12-27T14:26:17.331+0000] {logging_mixin.py:188} INFO - [2025-12-27T14:26:17.330+0000] {dag.py:3096} INFO - Sync 1 DAGs
[2025-12-27T14:26:17.458+0000] {logging_mixin.py:188} INFO - [2025-12-27T14:26:17.457+0000] {dag.py:3954} INFO - Setting next_dagrun for latest_only to 2025-12-27 08:00:00+00:00, run_after=2025-12-27 12:00:00+00:00
[2025-12-27T14:26:17.544+0000] {processor.py:183} INFO - Processing /home/airflow/.local/lib/python3.12/site-packages/airflow/example_dags/example_latest_only.py took 0.397 seconds
[2025-12-27T14:26:54.111+0000] {processor.py:161} INFO - Started process (PID=1113) to work on /home/airflow/.local/lib/python3.12/site-packages/airflow/example_dags/example_latest_only.py
[2025-12-27T14:26:54.115+0000] {processor.py:830} INFO - Processing file /home/airflow/.local/lib/python3.12/site-packages/airflow/example_dags/example_latest_only.py for tasks to queue
[2025-12-27T14:26:54.120+0000] {logging_mixin.py:188} INFO - [2025-12-27T14:26:54.118+0000] {dagbag.py:540} INFO - Filling up the DagBag from /home/airflow/.local/lib/python3.12/site-packages/airflow/example_dags/example_latest_only.py
[2025-12-27T14:26:54.152+0000] {processor.py:840} INFO - DAG(s) 'latest_only' retrieved from /home/airflow/.local/lib/python3.12/site-packages/airflow/example_dags/example_latest_only.py
[2025-12-27T14:26:54.283+0000] {logging_mixin.py:188} INFO - [2025-12-27T14:26:54.281+0000] {dag.py:3096} INFO - Sync 1 DAGs
[2025-12-27T14:26:55.105+0000] {logging_mixin.py:188} INFO - [2025-12-27T14:26:55.104+0000] {dag.py:3954} INFO - Setting next_dagrun for latest_only to 2025-12-27 08:00:00+00:00, run_after=2025-12-27 12:00:00+00:00
[2025-12-27T14:26:55.218+0000] {processor.py:183} INFO - Processing /home/airflow/.local/lib/python3.12/site-packages/airflow/example_dags/example_latest_only.py took 1.142 seconds
[2025-12-27T14:27:38.445+0000] {processor.py:161} INFO - Started process (PID=1145) to work on /home/airflow/.local/lib/python3.12/site-packages/airflow/example_dags/example_latest_only.py
[2025-12-27T14:27:38.449+0000] {processor.py:830} INFO - Processing file /home/airflow/.local/lib/python3.12/site-packages/airflow/example_dags/example_latest_only.py for tasks to queue
[2025-12-27T14:27:38.453+0000] {logging_mixin.py:188} INFO - [2025-12-27T14:27:38.452+0000] {dagbag.py:540} INFO - Filling up the DagBag from /home/airflow/.local/lib/python3.12/site-packages/airflow/example_dags/example_latest_only.py
[2025-12-27T14:27:38.505+0000] {processor.py:840} INFO - DAG(s) 'latest_only' retrieved from /home/airflow/.local/lib/python3.12/site-packages/airflow/example_dags/example_latest_only.py
[2025-12-27T14:27:38.616+0000] {logging_mixin.py:188} INFO - [2025-12-27T14:27:38.615+0000] {dag.py:3096} INFO - Sync 1 DAGs
[2025-12-27T14:27:38.792+0000] {logging_mixin.py:188} INFO - [2025-12-27T14:27:38.791+0000] {dag.py:3954} INFO - Setting next_dagrun for latest_only to 2025-12-27 08:00:00+00:00, run_after=2025-12-27 12:00:00+00:00
[2025-12-27T14:27:38.983+0000] {processor.py:183} INFO - Processing /home/airflow/.local/lib/python3.12/site-packages/airflow/example_dags/example_latest_only.py took 0.583 seconds
[2025-12-27T14:28:11.669+0000] {processor.py:161} INFO - Started process (PID=1203) to work on /home/airflow/.local/lib/python3.12/site-packages/airflow/example_dags/example_latest_only.py
[2025-12-27T14:28:11.674+0000] {processor.py:830} INFO - Processing file /home/airflow/.local/lib/python3.12/site-packages/airflow/example_dags/example_latest_only.py for tasks to queue
[2025-12-27T14:28:11.678+0000] {logging_mixin.py:188} INFO - [2025-12-27T14:28:11.677+0000] {dagbag.py:540} INFO - Filling up the DagBag from /home/airflow/.local/lib/python3.12/site-packages/airflow/example_dags/example_latest_only.py
[2025-12-27T14:28:11.704+0000] {processor.py:840} INFO - DAG(s) 'latest_only' retrieved from /home/airflow/.local/lib/python3.12/site-packages/airflow/example_dags/example_latest_only.py
[2025-12-27T14:28:11.784+0000] {logging_mixin.py:188} INFO - [2025-12-27T14:28:11.783+0000] {dag.py:3096} INFO - Sync 1 DAGs
[2025-12-27T14:28:11.873+0000] {logging_mixin.py:188} INFO - [2025-12-27T14:28:11.872+0000] {dag.py:3954} INFO - Setting next_dagrun for latest_only to 2025-12-27 08:00:00+00:00, run_after=2025-12-27 12:00:00+00:00
[2025-12-27T14:28:11.953+0000] {processor.py:183} INFO - Processing /home/airflow/.local/lib/python3.12/site-packages/airflow/example_dags/example_latest_only.py took 0.308 seconds
[2025-12-27T14:28:43.623+0000] {processor.py:161} INFO - Started process (PID=1261) to work on /home/airflow/.local/lib/python3.12/site-packages/airflow/example_dags/example_latest_only.py
[2025-12-27T14:28:43.628+0000] {processor.py:830} INFO - Processing file /home/airflow/.local/lib/python3.12/site-packages/airflow/example_dags/example_latest_only.py for tasks to queue
[2025-12-27T14:28:43.632+0000] {logging_mixin.py:188} INFO - [2025-12-27T14:28:43.630+0000] {dagbag.py:540} INFO - Filling up the DagBag from /home/airflow/.local/lib/python3.12/site-packages/airflow/example_dags/example_latest_only.py
[2025-12-27T14:28:43.654+0000] {processor.py:840} INFO - DAG(s) 'latest_only' retrieved from /home/airflow/.local/lib/python3.12/site-packages/airflow/example_dags/example_latest_only.py
[2025-12-27T14:28:43.750+0000] {logging_mixin.py:188} INFO - [2025-12-27T14:28:43.749+0000] {dag.py:3096} INFO - Sync 1 DAGs
[2025-12-27T14:28:43.885+0000] {logging_mixin.py:188} INFO - [2025-12-27T14:28:43.884+0000] {dag.py:3954} INFO - Setting next_dagrun for latest_only to 2025-12-27 08:00:00+00:00, run_after=2025-12-27 12:00:00+00:00
[2025-12-27T14:28:43.996+0000] {processor.py:183} INFO - Processing /home/airflow/.local/lib/python3.12/site-packages/airflow/example_dags/example_latest_only.py took 0.399 seconds
[2025-12-27T14:29:14.802+0000] {processor.py:161} INFO - Started process (PID=1317) to work on /home/airflow/.local/lib/python3.12/site-packages/airflow/example_dags/example_latest_only.py
[2025-12-27T14:29:14.806+0000] {processor.py:830} INFO - Processing file /home/airflow/.local/lib/python3.12/site-packages/airflow/example_dags/example_latest_only.py for tasks to queue
[2025-12-27T14:29:14.810+0000] {logging_mixin.py:188} INFO - [2025-12-27T14:29:14.809+0000] {dagbag.py:540} INFO - Filling up the DagBag from /home/airflow/.local/lib/python3.12/site-packages/airflow/example_dags/example_latest_only.py
[2025-12-27T14:29:14.843+0000] {processor.py:840} INFO - DAG(s) 'latest_only' retrieved from /home/airflow/.local/lib/python3.12/site-packages/airflow/example_dags/example_latest_only.py
[2025-12-27T14:29:14.933+0000] {logging_mixin.py:188} INFO - [2025-12-27T14:29:14.932+0000] {dag.py:3096} INFO - Sync 1 DAGs
[2025-12-27T14:29:15.042+0000] {logging_mixin.py:188} INFO - [2025-12-27T14:29:15.042+0000] {dag.py:3954} INFO - Setting next_dagrun for latest_only to 2025-12-27 08:00:00+00:00, run_after=2025-12-27 12:00:00+00:00
[2025-12-27T14:29:15.132+0000] {processor.py:183} INFO - Processing /home/airflow/.local/lib/python3.12/site-packages/airflow/example_dags/example_latest_only.py took 0.357 seconds
[2025-12-27T14:29:45.706+0000] {processor.py:161} INFO - Started process (PID=1375) to work on /home/airflow/.local/lib/python3.12/site-packages/airflow/example_dags/example_latest_only.py
[2025-12-27T14:29:45.709+0000] {processor.py:830} INFO - Processing file /home/airflow/.local/lib/python3.12/site-packages/airflow/example_dags/example_latest_only.py for tasks to queue
[2025-12-27T14:29:45.712+0000] {logging_mixin.py:188} INFO - [2025-12-27T14:29:45.711+0000] {dagbag.py:540} INFO - Filling up the DagBag from /home/airflow/.local/lib/python3.12/site-packages/airflow/example_dags/example_latest_only.py
[2025-12-27T14:29:45.729+0000] {processor.py:840} INFO - DAG(s) 'latest_only' retrieved from /home/airflow/.local/lib/python3.12/site-packages/airflow/example_dags/example_latest_only.py
[2025-12-27T14:29:45.787+0000] {logging_mixin.py:188} INFO - [2025-12-27T14:29:45.786+0000] {dag.py:3096} INFO - Sync 1 DAGs
[2025-12-27T14:29:45.847+0000] {logging_mixin.py:188} INFO - [2025-12-27T14:29:45.847+0000] {dag.py:3954} INFO - Setting next_dagrun for latest_only to 2025-12-27 08:00:00+00:00, run_after=2025-12-27 12:00:00+00:00
[2025-12-27T14:29:45.902+0000] {processor.py:183} INFO - Processing /home/airflow/.local/lib/python3.12/site-packages/airflow/example_dags/example_latest_only.py took 0.212 seconds
[2025-12-27T14:30:16.120+0000] {processor.py:161} INFO - Started process (PID=1434) to work on /home/airflow/.local/lib/python3.12/site-packages/airflow/example_dags/example_latest_only.py
[2025-12-27T14:30:16.124+0000] {processor.py:830} INFO - Processing file /home/airflow/.local/lib/python3.12/site-packages/airflow/example_dags/example_latest_only.py for tasks to queue
[2025-12-27T14:30:16.127+0000] {logging_mixin.py:188} INFO - [2025-12-27T14:30:16.126+0000] {dagbag.py:540} INFO - Filling up the DagBag from /home/airflow/.local/lib/python3.12/site-packages/airflow/example_dags/example_latest_only.py
[2025-12-27T14:30:16.150+0000] {processor.py:840} INFO - DAG(s) 'latest_only' retrieved from /home/airflow/.local/lib/python3.12/site-packages/airflow/example_dags/example_latest_only.py
[2025-12-27T14:30:16.296+0000] {logging_mixin.py:188} INFO - [2025-12-27T14:30:16.295+0000] {dag.py:3096} INFO - Sync 1 DAGs
[2025-12-27T14:30:16.481+0000] {logging_mixin.py:188} INFO - [2025-12-27T14:30:16.480+0000] {dag.py:3954} INFO - Setting next_dagrun for latest_only to 2025-12-27 08:00:00+00:00, run_after=2025-12-27 12:00:00+00:00
[2025-12-27T14:30:16.588+0000] {processor.py:183} INFO - Processing /home/airflow/.local/lib/python3.12/site-packages/airflow/example_dags/example_latest_only.py took 0.494 seconds
[2025-12-27T14:30:47.063+0000] {processor.py:161} INFO - Started process (PID=1493) to work on /home/airflow/.local/lib/python3.12/site-packages/airflow/example_dags/example_latest_only.py
[2025-12-27T14:30:47.066+0000] {processor.py:830} INFO - Processing file /home/airflow/.local/lib/python3.12/site-packages/airflow/example_dags/example_latest_only.py for tasks to queue
[2025-12-27T14:30:47.069+0000] {logging_mixin.py:188} INFO - [2025-12-27T14:30:47.068+0000] {dagbag.py:540} INFO - Filling up the DagBag from /home/airflow/.local/lib/python3.12/site-packages/airflow/example_dags/example_latest_only.py
[2025-12-27T14:30:47.088+0000] {processor.py:840} INFO - DAG(s) 'latest_only' retrieved from /home/airflow/.local/lib/python3.12/site-packages/airflow/example_dags/example_latest_only.py
[2025-12-27T14:30:47.160+0000] {logging_mixin.py:188} INFO - [2025-12-27T14:30:47.158+0000] {dag.py:3096} INFO - Sync 1 DAGs
[2025-12-27T14:30:47.233+0000] {logging_mixin.py:188} INFO - [2025-12-27T14:30:47.232+0000] {dag.py:3954} INFO - Setting next_dagrun for latest_only to 2025-12-27 08:00:00+00:00, run_after=2025-12-27 12:00:00+00:00
[2025-12-27T14:30:47.313+0000] {processor.py:183} INFO - Processing /home/airflow/.local/lib/python3.12/site-packages/airflow/example_dags/example_latest_only.py took 0.268 seconds
[2025-12-27T14:31:17.528+0000] {processor.py:161} INFO - Started process (PID=1551) to work on /home/airflow/.local/lib/python3.12/site-packages/airflow/example_dags/example_latest_only.py
[2025-12-27T14:31:17.531+0000] {processor.py:830} INFO - Processing file /home/airflow/.local/lib/python3.12/site-packages/airflow/example_dags/example_latest_only.py for tasks to queue
[2025-12-27T14:31:17.534+0000] {logging_mixin.py:188} INFO - [2025-12-27T14:31:17.533+0000] {dagbag.py:540} INFO - Filling up the DagBag from /home/airflow/.local/lib/python3.12/site-packages/airflow/example_dags/example_latest_only.py
[2025-12-27T14:31:17.553+0000] {processor.py:840} INFO - DAG(s) 'latest_only' retrieved from /home/airflow/.local/lib/python3.12/site-packages/airflow/example_dags/example_latest_only.py
[2025-12-27T14:31:17.628+0000] {logging_mixin.py:188} INFO - [2025-12-27T14:31:17.627+0000] {dag.py:3096} INFO - Sync 1 DAGs
[2025-12-27T14:31:17.702+0000] {logging_mixin.py:188} INFO - [2025-12-27T14:31:17.701+0000] {dag.py:3954} INFO - Setting next_dagrun for latest_only to 2025-12-27 08:00:00+00:00, run_after=2025-12-27 12:00:00+00:00
[2025-12-27T14:31:17.765+0000] {processor.py:183} INFO - Processing /home/airflow/.local/lib/python3.12/site-packages/airflow/example_dags/example_latest_only.py took 0.256 seconds
[2025-12-27T14:31:48.272+0000] {processor.py:161} INFO - Started process (PID=1609) to work on /home/airflow/.local/lib/python3.12/site-packages/airflow/example_dags/example_latest_only.py
[2025-12-27T14:31:48.276+0000] {processor.py:830} INFO - Processing file /home/airflow/.local/lib/python3.12/site-packages/airflow/example_dags/example_latest_only.py for tasks to queue
[2025-12-27T14:31:48.281+0000] {logging_mixin.py:188} INFO - [2025-12-27T14:31:48.279+0000] {dagbag.py:540} INFO - Filling up the DagBag from /home/airflow/.local/lib/python3.12/site-packages/airflow/example_dags/example_latest_only.py
[2025-12-27T14:31:48.300+0000] {processor.py:840} INFO - DAG(s) 'latest_only' retrieved from /home/airflow/.local/lib/python3.12/site-packages/airflow/example_dags/example_latest_only.py
[2025-12-27T14:31:48.385+0000] {logging_mixin.py:188} INFO - [2025-12-27T14:31:48.384+0000] {dag.py:3096} INFO - Sync 1 DAGs
[2025-12-27T14:31:48.474+0000] {logging_mixin.py:188} INFO - [2025-12-27T14:31:48.473+0000] {dag.py:3954} INFO - Setting next_dagrun for latest_only to 2025-12-27 08:00:00+00:00, run_after=2025-12-27 12:00:00+00:00
[2025-12-27T14:31:48.536+0000] {processor.py:183} INFO - Processing /home/airflow/.local/lib/python3.12/site-packages/airflow/example_dags/example_latest_only.py took 0.285 seconds
[2025-12-27T14:32:18.788+0000] {processor.py:161} INFO - Started process (PID=1667) to work on /home/airflow/.local/lib/python3.12/site-packages/airflow/example_dags/example_latest_only.py
[2025-12-27T14:32:18.791+0000] {processor.py:830} INFO - Processing file /home/airflow/.local/lib/python3.12/site-packages/airflow/example_dags/example_latest_only.py for tasks to queue
[2025-12-27T14:32:18.793+0000] {logging_mixin.py:188} INFO - [2025-12-27T14:32:18.793+0000] {dagbag.py:540} INFO - Filling up the DagBag from /home/airflow/.local/lib/python3.12/site-packages/airflow/example_dags/example_latest_only.py
[2025-12-27T14:32:18.808+0000] {processor.py:840} INFO - DAG(s) 'latest_only' retrieved from /home/airflow/.local/lib/python3.12/site-packages/airflow/example_dags/example_latest_only.py
[2025-12-27T14:32:18.863+0000] {logging_mixin.py:188} INFO - [2025-12-27T14:32:18.863+0000] {dag.py:3096} INFO - Sync 1 DAGs
[2025-12-27T14:32:18.925+0000] {logging_mixin.py:188} INFO - [2025-12-27T14:32:18.925+0000] {dag.py:3954} INFO - Setting next_dagrun for latest_only to 2025-12-27 08:00:00+00:00, run_after=2025-12-27 12:00:00+00:00
[2025-12-27T14:32:18.985+0000] {processor.py:183} INFO - Processing /home/airflow/.local/lib/python3.12/site-packages/airflow/example_dags/example_latest_only.py took 0.219 seconds
[2025-12-27T14:32:49.943+0000] {processor.py:161} INFO - Started process (PID=1725) to work on /home/airflow/.local/lib/python3.12/site-packages/airflow/example_dags/example_latest_only.py
[2025-12-27T14:32:49.946+0000] {processor.py:830} INFO - Processing file /home/airflow/.local/lib/python3.12/site-packages/airflow/example_dags/example_latest_only.py for tasks to queue
[2025-12-27T14:32:49.950+0000] {logging_mixin.py:188} INFO - [2025-12-27T14:32:49.949+0000] {dagbag.py:540} INFO - Filling up the DagBag from /home/airflow/.local/lib/python3.12/site-packages/airflow/example_dags/example_latest_only.py
[2025-12-27T14:32:49.967+0000] {processor.py:840} INFO - DAG(s) 'latest_only' retrieved from /home/airflow/.local/lib/python3.12/site-packages/airflow/example_dags/example_latest_only.py
[2025-12-27T14:32:50.029+0000] {logging_mixin.py:188} INFO - [2025-12-27T14:32:50.029+0000] {dag.py:3096} INFO - Sync 1 DAGs
[2025-12-27T14:32:50.094+0000] {logging_mixin.py:188} INFO - [2025-12-27T14:32:50.094+0000] {dag.py:3954} INFO - Setting next_dagrun for latest_only to 2025-12-27 08:00:00+00:00, run_after=2025-12-27 12:00:00+00:00
[2025-12-27T14:32:50.177+0000] {processor.py:183} INFO - Processing /home/airflow/.local/lib/python3.12/site-packages/airflow/example_dags/example_latest_only.py took 0.256 seconds
[2025-12-27T14:33:21.780+0000] {processor.py:161} INFO - Started process (PID=1790) to work on /home/airflow/.local/lib/python3.12/site-packages/airflow/example_dags/example_latest_only.py
[2025-12-27T14:33:21.783+0000] {processor.py:830} INFO - Processing file /home/airflow/.local/lib/python3.12/site-packages/airflow/example_dags/example_latest_only.py for tasks to queue
[2025-12-27T14:33:21.786+0000] {logging_mixin.py:188} INFO - [2025-12-27T14:33:21.785+0000] {dagbag.py:540} INFO - Filling up the DagBag from /home/airflow/.local/lib/python3.12/site-packages/airflow/example_dags/example_latest_only.py
[2025-12-27T14:33:21.803+0000] {processor.py:840} INFO - DAG(s) 'latest_only' retrieved from /home/airflow/.local/lib/python3.12/site-packages/airflow/example_dags/example_latest_only.py
[2025-12-27T14:33:21.866+0000] {logging_mixin.py:188} INFO - [2025-12-27T14:33:21.866+0000] {dag.py:3096} INFO - Sync 1 DAGs
[2025-12-27T14:33:21.934+0000] {logging_mixin.py:188} INFO - [2025-12-27T14:33:21.933+0000] {dag.py:3954} INFO - Setting next_dagrun for latest_only to 2025-12-27 08:00:00+00:00, run_after=2025-12-27 12:00:00+00:00
[2025-12-27T14:33:21.993+0000] {processor.py:183} INFO - Processing /home/airflow/.local/lib/python3.12/site-packages/airflow/example_dags/example_latest_only.py took 0.234 seconds
[2025-12-27T14:33:53.117+0000] {processor.py:161} INFO - Started process (PID=1848) to work on /home/airflow/.local/lib/python3.12/site-packages/airflow/example_dags/example_latest_only.py
[2025-12-27T14:33:53.121+0000] {processor.py:830} INFO - Processing file /home/airflow/.local/lib/python3.12/site-packages/airflow/example_dags/example_latest_only.py for tasks to queue
[2025-12-27T14:33:53.125+0000] {logging_mixin.py:188} INFO - [2025-12-27T14:33:53.124+0000] {dagbag.py:540} INFO - Filling up the DagBag from /home/airflow/.local/lib/python3.12/site-packages/airflow/example_dags/example_latest_only.py
[2025-12-27T14:33:53.143+0000] {processor.py:840} INFO - DAG(s) 'latest_only' retrieved from /home/airflow/.local/lib/python3.12/site-packages/airflow/example_dags/example_latest_only.py
[2025-12-27T14:33:53.213+0000] {logging_mixin.py:188} INFO - [2025-12-27T14:33:53.213+0000] {dag.py:3096} INFO - Sync 1 DAGs
[2025-12-27T14:33:53.284+0000] {logging_mixin.py:188} INFO - [2025-12-27T14:33:53.283+0000] {dag.py:3954} INFO - Setting next_dagrun for latest_only to 2025-12-27 08:00:00+00:00, run_after=2025-12-27 12:00:00+00:00
[2025-12-27T14:33:53.347+0000] {processor.py:183} INFO - Processing /home/airflow/.local/lib/python3.12/site-packages/airflow/example_dags/example_latest_only.py took 0.252 seconds
[2025-12-27T14:34:24.732+0000] {processor.py:161} INFO - Started process (PID=1906) to work on /home/airflow/.local/lib/python3.12/site-packages/airflow/example_dags/example_latest_only.py
[2025-12-27T14:34:24.736+0000] {processor.py:830} INFO - Processing file /home/airflow/.local/lib/python3.12/site-packages/airflow/example_dags/example_latest_only.py for tasks to queue
[2025-12-27T14:34:24.743+0000] {logging_mixin.py:188} INFO - [2025-12-27T14:34:24.740+0000] {dagbag.py:540} INFO - Filling up the DagBag from /home/airflow/.local/lib/python3.12/site-packages/airflow/example_dags/example_latest_only.py
[2025-12-27T14:34:24.782+0000] {processor.py:840} INFO - DAG(s) 'latest_only' retrieved from /home/airflow/.local/lib/python3.12/site-packages/airflow/example_dags/example_latest_only.py
[2025-12-27T14:34:25.027+0000] {logging_mixin.py:188} INFO - [2025-12-27T14:34:25.024+0000] {dag.py:3096} INFO - Sync 1 DAGs
[2025-12-27T14:34:25.334+0000] {logging_mixin.py:188} INFO - [2025-12-27T14:34:25.334+0000] {dag.py:3954} INFO - Setting next_dagrun for latest_only to 2025-12-27 08:00:00+00:00, run_after=2025-12-27 12:00:00+00:00
[2025-12-27T14:34:25.424+0000] {processor.py:183} INFO - Processing /home/airflow/.local/lib/python3.12/site-packages/airflow/example_dags/example_latest_only.py took 0.728 seconds
[2025-12-27T14:34:56.266+0000] {processor.py:161} INFO - Started process (PID=1965) to work on /home/airflow/.local/lib/python3.12/site-packages/airflow/example_dags/example_latest_only.py
[2025-12-27T14:34:56.270+0000] {processor.py:830} INFO - Processing file /home/airflow/.local/lib/python3.12/site-packages/airflow/example_dags/example_latest_only.py for tasks to queue
[2025-12-27T14:34:56.273+0000] {logging_mixin.py:188} INFO - [2025-12-27T14:34:56.272+0000] {dagbag.py:540} INFO - Filling up the DagBag from /home/airflow/.local/lib/python3.12/site-packages/airflow/example_dags/example_latest_only.py
[2025-12-27T14:34:56.296+0000] {processor.py:840} INFO - DAG(s) 'latest_only' retrieved from /home/airflow/.local/lib/python3.12/site-packages/airflow/example_dags/example_latest_only.py
[2025-12-27T14:34:56.367+0000] {logging_mixin.py:188} INFO - [2025-12-27T14:34:56.366+0000] {dag.py:3096} INFO - Sync 1 DAGs
[2025-12-27T14:34:56.455+0000] {logging_mixin.py:188} INFO - [2025-12-27T14:34:56.454+0000] {dag.py:3954} INFO - Setting next_dagrun for latest_only to 2025-12-27 08:00:00+00:00, run_after=2025-12-27 12:00:00+00:00
[2025-12-27T14:34:56.531+0000] {processor.py:183} INFO - Processing /home/airflow/.local/lib/python3.12/site-packages/airflow/example_dags/example_latest_only.py took 0.288 seconds
[2025-12-27T14:35:26.981+0000] {processor.py:161} INFO - Started process (PID=2021) to work on /home/airflow/.local/lib/python3.12/site-packages/airflow/example_dags/example_latest_only.py
[2025-12-27T14:35:26.989+0000] {processor.py:830} INFO - Processing file /home/airflow/.local/lib/python3.12/site-packages/airflow/example_dags/example_latest_only.py for tasks to queue
[2025-12-27T14:35:26.994+0000] {logging_mixin.py:188} INFO - [2025-12-27T14:35:26.993+0000] {dagbag.py:540} INFO - Filling up the DagBag from /home/airflow/.local/lib/python3.12/site-packages/airflow/example_dags/example_latest_only.py
[2025-12-27T14:35:27.026+0000] {processor.py:840} INFO - DAG(s) 'latest_only' retrieved from /home/airflow/.local/lib/python3.12/site-packages/airflow/example_dags/example_latest_only.py
[2025-12-27T14:35:27.128+0000] {logging_mixin.py:188} INFO - [2025-12-27T14:35:27.127+0000] {dag.py:3096} INFO - Sync 1 DAGs
[2025-12-27T14:35:27.233+0000] {logging_mixin.py:188} INFO - [2025-12-27T14:35:27.232+0000] {dag.py:3954} INFO - Setting next_dagrun for latest_only to 2025-12-27 08:00:00+00:00, run_after=2025-12-27 12:00:00+00:00
[2025-12-27T14:35:27.309+0000] {processor.py:183} INFO - Processing /home/airflow/.local/lib/python3.12/site-packages/airflow/example_dags/example_latest_only.py took 0.360 seconds
[2025-12-27T14:35:58.962+0000] {processor.py:161} INFO - Started process (PID=2079) to work on /home/airflow/.local/lib/python3.12/site-packages/airflow/example_dags/example_latest_only.py
[2025-12-27T14:35:58.970+0000] {processor.py:830} INFO - Processing file /home/airflow/.local/lib/python3.12/site-packages/airflow/example_dags/example_latest_only.py for tasks to queue
[2025-12-27T14:35:58.976+0000] {logging_mixin.py:188} INFO - [2025-12-27T14:35:58.974+0000] {dagbag.py:540} INFO - Filling up the DagBag from /home/airflow/.local/lib/python3.12/site-packages/airflow/example_dags/example_latest_only.py
[2025-12-27T14:35:59.022+0000] {processor.py:840} INFO - DAG(s) 'latest_only' retrieved from /home/airflow/.local/lib/python3.12/site-packages/airflow/example_dags/example_latest_only.py
[2025-12-27T14:35:59.174+0000] {logging_mixin.py:188} INFO - [2025-12-27T14:35:59.173+0000] {dag.py:3096} INFO - Sync 1 DAGs
[2025-12-27T14:35:59.330+0000] {logging_mixin.py:188} INFO - [2025-12-27T14:35:59.329+0000] {dag.py:3954} INFO - Setting next_dagrun for latest_only to 2025-12-27 08:00:00+00:00, run_after=2025-12-27 12:00:00+00:00
[2025-12-27T14:35:59.438+0000] {processor.py:183} INFO - Processing /home/airflow/.local/lib/python3.12/site-packages/airflow/example_dags/example_latest_only.py took 0.522 seconds
[2025-12-27T14:36:37.042+0000] {processor.py:161} INFO - Started process (PID=2133) to work on /home/airflow/.local/lib/python3.12/site-packages/airflow/example_dags/example_latest_only.py
[2025-12-27T14:36:37.045+0000] {processor.py:830} INFO - Processing file /home/airflow/.local/lib/python3.12/site-packages/airflow/example_dags/example_latest_only.py for tasks to queue
[2025-12-27T14:36:37.048+0000] {logging_mixin.py:188} INFO - [2025-12-27T14:36:37.046+0000] {dagbag.py:540} INFO - Filling up the DagBag from /home/airflow/.local/lib/python3.12/site-packages/airflow/example_dags/example_latest_only.py
[2025-12-27T14:36:37.068+0000] {processor.py:840} INFO - DAG(s) 'latest_only' retrieved from /home/airflow/.local/lib/python3.12/site-packages/airflow/example_dags/example_latest_only.py
[2025-12-27T14:36:37.140+0000] {logging_mixin.py:188} INFO - [2025-12-27T14:36:37.139+0000] {dag.py:3096} INFO - Sync 1 DAGs
[2025-12-27T14:36:37.221+0000] {logging_mixin.py:188} INFO - [2025-12-27T14:36:37.220+0000] {dag.py:3954} INFO - Setting next_dagrun for latest_only to 2025-12-27 08:00:00+00:00, run_after=2025-12-27 12:00:00+00:00
[2025-12-27T14:36:37.294+0000] {processor.py:183} INFO - Processing /home/airflow/.local/lib/python3.12/site-packages/airflow/example_dags/example_latest_only.py took 0.274 seconds
[2025-12-27T14:37:07.538+0000] {processor.py:161} INFO - Started process (PID=2192) to work on /home/airflow/.local/lib/python3.12/site-packages/airflow/example_dags/example_latest_only.py
[2025-12-27T14:37:07.541+0000] {processor.py:830} INFO - Processing file /home/airflow/.local/lib/python3.12/site-packages/airflow/example_dags/example_latest_only.py for tasks to queue
[2025-12-27T14:37:07.545+0000] {logging_mixin.py:188} INFO - [2025-12-27T14:37:07.544+0000] {dagbag.py:540} INFO - Filling up the DagBag from /home/airflow/.local/lib/python3.12/site-packages/airflow/example_dags/example_latest_only.py
[2025-12-27T14:37:07.563+0000] {processor.py:840} INFO - DAG(s) 'latest_only' retrieved from /home/airflow/.local/lib/python3.12/site-packages/airflow/example_dags/example_latest_only.py
[2025-12-27T14:37:07.648+0000] {logging_mixin.py:188} INFO - [2025-12-27T14:37:07.647+0000] {dag.py:3096} INFO - Sync 1 DAGs
[2025-12-27T14:37:07.751+0000] {logging_mixin.py:188} INFO - [2025-12-27T14:37:07.750+0000] {dag.py:3954} INFO - Setting next_dagrun for latest_only to 2025-12-27 08:00:00+00:00, run_after=2025-12-27 12:00:00+00:00
[2025-12-27T14:37:07.811+0000] {processor.py:183} INFO - Processing /home/airflow/.local/lib/python3.12/site-packages/airflow/example_dags/example_latest_only.py took 0.300 seconds
[2025-12-27T14:37:39.657+0000] {processor.py:161} INFO - Started process (PID=2251) to work on /home/airflow/.local/lib/python3.12/site-packages/airflow/example_dags/example_latest_only.py
[2025-12-27T14:37:39.660+0000] {processor.py:830} INFO - Processing file /home/airflow/.local/lib/python3.12/site-packages/airflow/example_dags/example_latest_only.py for tasks to queue
[2025-12-27T14:37:39.665+0000] {logging_mixin.py:188} INFO - [2025-12-27T14:37:39.663+0000] {dagbag.py:540} INFO - Filling up the DagBag from /home/airflow/.local/lib/python3.12/site-packages/airflow/example_dags/example_latest_only.py
[2025-12-27T14:37:39.688+0000] {processor.py:840} INFO - DAG(s) 'latest_only' retrieved from /home/airflow/.local/lib/python3.12/site-packages/airflow/example_dags/example_latest_only.py
[2025-12-27T14:37:39.757+0000] {logging_mixin.py:188} INFO - [2025-12-27T14:37:39.757+0000] {dag.py:3096} INFO - Sync 1 DAGs
[2025-12-27T14:37:39.826+0000] {logging_mixin.py:188} INFO - [2025-12-27T14:37:39.825+0000] {dag.py:3954} INFO - Setting next_dagrun for latest_only to 2025-12-27 08:00:00+00:00, run_after=2025-12-27 12:00:00+00:00
[2025-12-27T14:37:39.881+0000] {processor.py:183} INFO - Processing /home/airflow/.local/lib/python3.12/site-packages/airflow/example_dags/example_latest_only.py took 0.242 seconds
[2025-12-27T14:38:11.502+0000] {processor.py:161} INFO - Started process (PID=2309) to work on /home/airflow/.local/lib/python3.12/site-packages/airflow/example_dags/example_latest_only.py
[2025-12-27T14:38:11.508+0000] {processor.py:830} INFO - Processing file /home/airflow/.local/lib/python3.12/site-packages/airflow/example_dags/example_latest_only.py for tasks to queue
[2025-12-27T14:38:11.512+0000] {logging_mixin.py:188} INFO - [2025-12-27T14:38:11.511+0000] {dagbag.py:540} INFO - Filling up the DagBag from /home/airflow/.local/lib/python3.12/site-packages/airflow/example_dags/example_latest_only.py
[2025-12-27T14:38:11.541+0000] {processor.py:840} INFO - DAG(s) 'latest_only' retrieved from /home/airflow/.local/lib/python3.12/site-packages/airflow/example_dags/example_latest_only.py
[2025-12-27T14:38:11.617+0000] {logging_mixin.py:188} INFO - [2025-12-27T14:38:11.616+0000] {dag.py:3096} INFO - Sync 1 DAGs
[2025-12-27T14:38:11.715+0000] {logging_mixin.py:188} INFO - [2025-12-27T14:38:11.714+0000] {dag.py:3954} INFO - Setting next_dagrun for latest_only to 2025-12-27 08:00:00+00:00, run_after=2025-12-27 12:00:00+00:00
[2025-12-27T14:38:11.787+0000] {processor.py:183} INFO - Processing /home/airflow/.local/lib/python3.12/site-packages/airflow/example_dags/example_latest_only.py took 0.312 seconds
[2025-12-27T14:38:43.674+0000] {processor.py:161} INFO - Started process (PID=2367) to work on /home/airflow/.local/lib/python3.12/site-packages/airflow/example_dags/example_latest_only.py
[2025-12-27T14:38:43.679+0000] {processor.py:830} INFO - Processing file /home/airflow/.local/lib/python3.12/site-packages/airflow/example_dags/example_latest_only.py for tasks to queue
[2025-12-27T14:38:43.683+0000] {logging_mixin.py:188} INFO - [2025-12-27T14:38:43.682+0000] {dagbag.py:540} INFO - Filling up the DagBag from /home/airflow/.local/lib/python3.12/site-packages/airflow/example_dags/example_latest_only.py
[2025-12-27T14:38:43.710+0000] {processor.py:840} INFO - DAG(s) 'latest_only' retrieved from /home/airflow/.local/lib/python3.12/site-packages/airflow/example_dags/example_latest_only.py
[2025-12-27T14:38:43.814+0000] {logging_mixin.py:188} INFO - [2025-12-27T14:38:43.813+0000] {dag.py:3096} INFO - Sync 1 DAGs
[2025-12-27T14:38:44.001+0000] {logging_mixin.py:188} INFO - [2025-12-27T14:38:44.001+0000] {dag.py:3954} INFO - Setting next_dagrun for latest_only to 2025-12-27 08:00:00+00:00, run_after=2025-12-27 12:00:00+00:00
[2025-12-27T14:38:44.144+0000] {processor.py:183} INFO - Processing /home/airflow/.local/lib/python3.12/site-packages/airflow/example_dags/example_latest_only.py took 0.506 seconds
[2025-12-27T14:39:14.973+0000] {processor.py:161} INFO - Started process (PID=2425) to work on /home/airflow/.local/lib/python3.12/site-packages/airflow/example_dags/example_latest_only.py
[2025-12-27T14:39:14.976+0000] {processor.py:830} INFO - Processing file /home/airflow/.local/lib/python3.12/site-packages/airflow/example_dags/example_latest_only.py for tasks to queue
[2025-12-27T14:39:14.982+0000] {logging_mixin.py:188} INFO - [2025-12-27T14:39:14.980+0000] {dagbag.py:540} INFO - Filling up the DagBag from /home/airflow/.local/lib/python3.12/site-packages/airflow/example_dags/example_latest_only.py
[2025-12-27T14:39:15.020+0000] {processor.py:840} INFO - DAG(s) 'latest_only' retrieved from /home/airflow/.local/lib/python3.12/site-packages/airflow/example_dags/example_latest_only.py
[2025-12-27T14:39:15.105+0000] {logging_mixin.py:188} INFO - [2025-12-27T14:39:15.105+0000] {dag.py:3096} INFO - Sync 1 DAGs
[2025-12-27T14:39:15.204+0000] {logging_mixin.py:188} INFO - [2025-12-27T14:39:15.203+0000] {dag.py:3954} INFO - Setting next_dagrun for latest_only to 2025-12-27 08:00:00+00:00, run_after=2025-12-27 12:00:00+00:00
[2025-12-27T14:39:15.279+0000] {processor.py:183} INFO - Processing /home/airflow/.local/lib/python3.12/site-packages/airflow/example_dags/example_latest_only.py took 0.339 seconds
[2025-12-27T14:39:45.524+0000] {processor.py:161} INFO - Started process (PID=2482) to work on /home/airflow/.local/lib/python3.12/site-packages/airflow/example_dags/example_latest_only.py
[2025-12-27T14:39:45.527+0000] {processor.py:830} INFO - Processing file /home/airflow/.local/lib/python3.12/site-packages/airflow/example_dags/example_latest_only.py for tasks to queue
[2025-12-27T14:39:45.530+0000] {logging_mixin.py:188} INFO - [2025-12-27T14:39:45.529+0000] {dagbag.py:540} INFO - Filling up the DagBag from /home/airflow/.local/lib/python3.12/site-packages/airflow/example_dags/example_latest_only.py
[2025-12-27T14:39:45.565+0000] {processor.py:840} INFO - DAG(s) 'latest_only' retrieved from /home/airflow/.local/lib/python3.12/site-packages/airflow/example_dags/example_latest_only.py
[2025-12-27T14:39:45.647+0000] {logging_mixin.py:188} INFO - [2025-12-27T14:39:45.646+0000] {dag.py:3096} INFO - Sync 1 DAGs
[2025-12-27T14:39:45.709+0000] {logging_mixin.py:188} INFO - [2025-12-27T14:39:45.708+0000] {dag.py:3954} INFO - Setting next_dagrun for latest_only to 2025-12-27 08:00:00+00:00, run_after=2025-12-27 12:00:00+00:00
[2025-12-27T14:39:45.772+0000] {processor.py:183} INFO - Processing /home/airflow/.local/lib/python3.12/site-packages/airflow/example_dags/example_latest_only.py took 0.265 seconds
[2025-12-27T14:40:15.983+0000] {processor.py:161} INFO - Started process (PID=2539) to work on /home/airflow/.local/lib/python3.12/site-packages/airflow/example_dags/example_latest_only.py
[2025-12-27T14:40:15.986+0000] {processor.py:830} INFO - Processing file /home/airflow/.local/lib/python3.12/site-packages/airflow/example_dags/example_latest_only.py for tasks to queue
[2025-12-27T14:40:15.989+0000] {logging_mixin.py:188} INFO - [2025-12-27T14:40:15.988+0000] {dagbag.py:540} INFO - Filling up the DagBag from /home/airflow/.local/lib/python3.12/site-packages/airflow/example_dags/example_latest_only.py
[2025-12-27T14:40:16.006+0000] {processor.py:840} INFO - DAG(s) 'latest_only' retrieved from /home/airflow/.local/lib/python3.12/site-packages/airflow/example_dags/example_latest_only.py
[2025-12-27T14:40:16.058+0000] {logging_mixin.py:188} INFO - [2025-12-27T14:40:16.058+0000] {dag.py:3096} INFO - Sync 1 DAGs
[2025-12-27T14:40:16.113+0000] {logging_mixin.py:188} INFO - [2025-12-27T14:40:16.113+0000] {dag.py:3954} INFO - Setting next_dagrun for latest_only to 2025-12-27 08:00:00+00:00, run_after=2025-12-27 12:00:00+00:00
[2025-12-27T14:40:16.167+0000] {processor.py:183} INFO - Processing /home/airflow/.local/lib/python3.12/site-packages/airflow/example_dags/example_latest_only.py took 0.205 seconds
[2025-12-27T14:40:47.003+0000] {processor.py:161} INFO - Started process (PID=2597) to work on /home/airflow/.local/lib/python3.12/site-packages/airflow/example_dags/example_latest_only.py
[2025-12-27T14:40:47.007+0000] {processor.py:830} INFO - Processing file /home/airflow/.local/lib/python3.12/site-packages/airflow/example_dags/example_latest_only.py for tasks to queue
[2025-12-27T14:40:47.011+0000] {logging_mixin.py:188} INFO - [2025-12-27T14:40:47.009+0000] {dagbag.py:540} INFO - Filling up the DagBag from /home/airflow/.local/lib/python3.12/site-packages/airflow/example_dags/example_latest_only.py
[2025-12-27T14:40:47.032+0000] {processor.py:840} INFO - DAG(s) 'latest_only' retrieved from /home/airflow/.local/lib/python3.12/site-packages/airflow/example_dags/example_latest_only.py
[2025-12-27T14:40:47.104+0000] {logging_mixin.py:188} INFO - [2025-12-27T14:40:47.103+0000] {dag.py:3096} INFO - Sync 1 DAGs
[2025-12-27T14:40:47.227+0000] {logging_mixin.py:188} INFO - [2025-12-27T14:40:47.226+0000] {dag.py:3954} INFO - Setting next_dagrun for latest_only to 2025-12-27 08:00:00+00:00, run_after=2025-12-27 12:00:00+00:00
[2025-12-27T14:40:47.304+0000] {processor.py:183} INFO - Processing /home/airflow/.local/lib/python3.12/site-packages/airflow/example_dags/example_latest_only.py took 0.322 seconds
[2025-12-27T14:41:18.216+0000] {processor.py:161} INFO - Started process (PID=2655) to work on /home/airflow/.local/lib/python3.12/site-packages/airflow/example_dags/example_latest_only.py
[2025-12-27T14:41:18.220+0000] {processor.py:830} INFO - Processing file /home/airflow/.local/lib/python3.12/site-packages/airflow/example_dags/example_latest_only.py for tasks to queue
[2025-12-27T14:41:18.222+0000] {logging_mixin.py:188} INFO - [2025-12-27T14:41:18.221+0000] {dagbag.py:540} INFO - Filling up the DagBag from /home/airflow/.local/lib/python3.12/site-packages/airflow/example_dags/example_latest_only.py
[2025-12-27T14:41:18.238+0000] {processor.py:840} INFO - DAG(s) 'latest_only' retrieved from /home/airflow/.local/lib/python3.12/site-packages/airflow/example_dags/example_latest_only.py
[2025-12-27T14:41:18.305+0000] {logging_mixin.py:188} INFO - [2025-12-27T14:41:18.304+0000] {dag.py:3096} INFO - Sync 1 DAGs
[2025-12-27T14:41:18.366+0000] {logging_mixin.py:188} INFO - [2025-12-27T14:41:18.365+0000] {dag.py:3954} INFO - Setting next_dagrun for latest_only to 2025-12-27 08:00:00+00:00, run_after=2025-12-27 12:00:00+00:00
[2025-12-27T14:41:18.416+0000] {processor.py:183} INFO - Processing /home/airflow/.local/lib/python3.12/site-packages/airflow/example_dags/example_latest_only.py took 0.220 seconds
[2025-12-27T14:41:48.618+0000] {processor.py:161} INFO - Started process (PID=2712) to work on /home/airflow/.local/lib/python3.12/site-packages/airflow/example_dags/example_latest_only.py
[2025-12-27T14:41:48.621+0000] {processor.py:830} INFO - Processing file /home/airflow/.local/lib/python3.12/site-packages/airflow/example_dags/example_latest_only.py for tasks to queue
[2025-12-27T14:41:48.623+0000] {logging_mixin.py:188} INFO - [2025-12-27T14:41:48.623+0000] {dagbag.py:540} INFO - Filling up the DagBag from /home/airflow/.local/lib/python3.12/site-packages/airflow/example_dags/example_latest_only.py
[2025-12-27T14:41:48.639+0000] {processor.py:840} INFO - DAG(s) 'latest_only' retrieved from /home/airflow/.local/lib/python3.12/site-packages/airflow/example_dags/example_latest_only.py
[2025-12-27T14:41:48.699+0000] {logging_mixin.py:188} INFO - [2025-12-27T14:41:48.698+0000] {dag.py:3096} INFO - Sync 1 DAGs
[2025-12-27T14:41:48.777+0000] {logging_mixin.py:188} INFO - [2025-12-27T14:41:48.775+0000] {dag.py:3954} INFO - Setting next_dagrun for latest_only to 2025-12-27 08:00:00+00:00, run_after=2025-12-27 12:00:00+00:00
[2025-12-27T14:41:48.830+0000] {processor.py:183} INFO - Processing /home/airflow/.local/lib/python3.12/site-packages/airflow/example_dags/example_latest_only.py took 0.235 seconds
[2025-12-27T14:42:19.315+0000] {processor.py:161} INFO - Started process (PID=2770) to work on /home/airflow/.local/lib/python3.12/site-packages/airflow/example_dags/example_latest_only.py
[2025-12-27T14:42:19.319+0000] {processor.py:830} INFO - Processing file /home/airflow/.local/lib/python3.12/site-packages/airflow/example_dags/example_latest_only.py for tasks to queue
[2025-12-27T14:42:19.322+0000] {logging_mixin.py:188} INFO - [2025-12-27T14:42:19.321+0000] {dagbag.py:540} INFO - Filling up the DagBag from /home/airflow/.local/lib/python3.12/site-packages/airflow/example_dags/example_latest_only.py
[2025-12-27T14:42:19.341+0000] {processor.py:840} INFO - DAG(s) 'latest_only' retrieved from /home/airflow/.local/lib/python3.12/site-packages/airflow/example_dags/example_latest_only.py
[2025-12-27T14:42:19.401+0000] {logging_mixin.py:188} INFO - [2025-12-27T14:42:19.401+0000] {dag.py:3096} INFO - Sync 1 DAGs
[2025-12-27T14:42:19.461+0000] {logging_mixin.py:188} INFO - [2025-12-27T14:42:19.460+0000] {dag.py:3954} INFO - Setting next_dagrun for latest_only to 2025-12-27 08:00:00+00:00, run_after=2025-12-27 12:00:00+00:00
[2025-12-27T14:42:19.514+0000] {processor.py:183} INFO - Processing /home/airflow/.local/lib/python3.12/site-packages/airflow/example_dags/example_latest_only.py took 0.219 seconds
[2025-12-27T14:42:50.173+0000] {processor.py:161} INFO - Started process (PID=2828) to work on /home/airflow/.local/lib/python3.12/site-packages/airflow/example_dags/example_latest_only.py
[2025-12-27T14:42:50.177+0000] {processor.py:830} INFO - Processing file /home/airflow/.local/lib/python3.12/site-packages/airflow/example_dags/example_latest_only.py for tasks to queue
[2025-12-27T14:42:50.180+0000] {logging_mixin.py:188} INFO - [2025-12-27T14:42:50.179+0000] {dagbag.py:540} INFO - Filling up the DagBag from /home/airflow/.local/lib/python3.12/site-packages/airflow/example_dags/example_latest_only.py
[2025-12-27T14:42:50.196+0000] {processor.py:840} INFO - DAG(s) 'latest_only' retrieved from /home/airflow/.local/lib/python3.12/site-packages/airflow/example_dags/example_latest_only.py
[2025-12-27T14:42:50.248+0000] {logging_mixin.py:188} INFO - [2025-12-27T14:42:50.247+0000] {dag.py:3096} INFO - Sync 1 DAGs
[2025-12-27T14:42:50.313+0000] {logging_mixin.py:188} INFO - [2025-12-27T14:42:50.313+0000] {dag.py:3954} INFO - Setting next_dagrun for latest_only to 2025-12-27 08:00:00+00:00, run_after=2025-12-27 12:00:00+00:00
[2025-12-27T14:42:50.364+0000] {processor.py:183} INFO - Processing /home/airflow/.local/lib/python3.12/site-packages/airflow/example_dags/example_latest_only.py took 0.221 seconds
[2025-12-27T14:43:21.145+0000] {processor.py:161} INFO - Started process (PID=2887) to work on /home/airflow/.local/lib/python3.12/site-packages/airflow/example_dags/example_latest_only.py
[2025-12-27T14:43:21.162+0000] {processor.py:830} INFO - Processing file /home/airflow/.local/lib/python3.12/site-packages/airflow/example_dags/example_latest_only.py for tasks to queue
[2025-12-27T14:43:21.174+0000] {logging_mixin.py:188} INFO - [2025-12-27T14:43:21.166+0000] {dagbag.py:540} INFO - Filling up the DagBag from /home/airflow/.local/lib/python3.12/site-packages/airflow/example_dags/example_latest_only.py
[2025-12-27T14:43:21.236+0000] {processor.py:840} INFO - DAG(s) 'latest_only' retrieved from /home/airflow/.local/lib/python3.12/site-packages/airflow/example_dags/example_latest_only.py
[2025-12-27T14:43:21.359+0000] {logging_mixin.py:188} INFO - [2025-12-27T14:43:21.358+0000] {dag.py:3096} INFO - Sync 1 DAGs
[2025-12-27T14:43:21.458+0000] {logging_mixin.py:188} INFO - [2025-12-27T14:43:21.457+0000] {dag.py:3954} INFO - Setting next_dagrun for latest_only to 2025-12-27 08:00:00+00:00, run_after=2025-12-27 12:00:00+00:00
[2025-12-27T14:43:21.545+0000] {processor.py:183} INFO - Processing /home/airflow/.local/lib/python3.12/site-packages/airflow/example_dags/example_latest_only.py took 0.457 seconds
[2025-12-27T14:43:52.349+0000] {processor.py:161} INFO - Started process (PID=2945) to work on /home/airflow/.local/lib/python3.12/site-packages/airflow/example_dags/example_latest_only.py
[2025-12-27T14:43:52.353+0000] {processor.py:830} INFO - Processing file /home/airflow/.local/lib/python3.12/site-packages/airflow/example_dags/example_latest_only.py for tasks to queue
[2025-12-27T14:43:52.359+0000] {logging_mixin.py:188} INFO - [2025-12-27T14:43:52.357+0000] {dagbag.py:540} INFO - Filling up the DagBag from /home/airflow/.local/lib/python3.12/site-packages/airflow/example_dags/example_latest_only.py
[2025-12-27T14:43:52.386+0000] {processor.py:840} INFO - DAG(s) 'latest_only' retrieved from /home/airflow/.local/lib/python3.12/site-packages/airflow/example_dags/example_latest_only.py
[2025-12-27T14:43:52.457+0000] {logging_mixin.py:188} INFO - [2025-12-27T14:43:52.456+0000] {dag.py:3096} INFO - Sync 1 DAGs
[2025-12-27T14:43:52.546+0000] {logging_mixin.py:188} INFO - [2025-12-27T14:43:52.545+0000] {dag.py:3954} INFO - Setting next_dagrun for latest_only to 2025-12-27 08:00:00+00:00, run_after=2025-12-27 12:00:00+00:00
[2025-12-27T14:43:52.627+0000] {processor.py:183} INFO - Processing /home/airflow/.local/lib/python3.12/site-packages/airflow/example_dags/example_latest_only.py took 0.306 seconds
[2025-12-27T14:44:23.118+0000] {processor.py:161} INFO - Started process (PID=3004) to work on /home/airflow/.local/lib/python3.12/site-packages/airflow/example_dags/example_latest_only.py
[2025-12-27T14:44:23.121+0000] {processor.py:830} INFO - Processing file /home/airflow/.local/lib/python3.12/site-packages/airflow/example_dags/example_latest_only.py for tasks to queue
[2025-12-27T14:44:23.125+0000] {logging_mixin.py:188} INFO - [2025-12-27T14:44:23.123+0000] {dagbag.py:540} INFO - Filling up the DagBag from /home/airflow/.local/lib/python3.12/site-packages/airflow/example_dags/example_latest_only.py
[2025-12-27T14:44:23.154+0000] {processor.py:840} INFO - DAG(s) 'latest_only' retrieved from /home/airflow/.local/lib/python3.12/site-packages/airflow/example_dags/example_latest_only.py
[2025-12-27T14:44:23.236+0000] {logging_mixin.py:188} INFO - [2025-12-27T14:44:23.235+0000] {dag.py:3096} INFO - Sync 1 DAGs
[2025-12-27T14:44:23.291+0000] {logging_mixin.py:188} INFO - [2025-12-27T14:44:23.291+0000] {dag.py:3954} INFO - Setting next_dagrun for latest_only to 2025-12-27 08:00:00+00:00, run_after=2025-12-27 12:00:00+00:00
[2025-12-27T14:44:23.343+0000] {processor.py:183} INFO - Processing /home/airflow/.local/lib/python3.12/site-packages/airflow/example_dags/example_latest_only.py took 0.244 seconds
[2025-12-27T14:44:54.280+0000] {processor.py:161} INFO - Started process (PID=3063) to work on /home/airflow/.local/lib/python3.12/site-packages/airflow/example_dags/example_latest_only.py
[2025-12-27T14:44:54.286+0000] {processor.py:830} INFO - Processing file /home/airflow/.local/lib/python3.12/site-packages/airflow/example_dags/example_latest_only.py for tasks to queue
[2025-12-27T14:44:54.292+0000] {logging_mixin.py:188} INFO - [2025-12-27T14:44:54.290+0000] {dagbag.py:540} INFO - Filling up the DagBag from /home/airflow/.local/lib/python3.12/site-packages/airflow/example_dags/example_latest_only.py
[2025-12-27T14:44:54.371+0000] {processor.py:840} INFO - DAG(s) 'latest_only' retrieved from /home/airflow/.local/lib/python3.12/site-packages/airflow/example_dags/example_latest_only.py
[2025-12-27T14:44:54.510+0000] {logging_mixin.py:188} INFO - [2025-12-27T14:44:54.509+0000] {dag.py:3096} INFO - Sync 1 DAGs
[2025-12-27T14:44:54.636+0000] {logging_mixin.py:188} INFO - [2025-12-27T14:44:54.635+0000] {dag.py:3954} INFO - Setting next_dagrun for latest_only to 2025-12-27 08:00:00+00:00, run_after=2025-12-27 12:00:00+00:00
[2025-12-27T14:44:54.737+0000] {processor.py:183} INFO - Processing /home/airflow/.local/lib/python3.12/site-packages/airflow/example_dags/example_latest_only.py took 0.514 seconds
[2025-12-27T14:45:25.079+0000] {processor.py:161} INFO - Started process (PID=3121) to work on /home/airflow/.local/lib/python3.12/site-packages/airflow/example_dags/example_latest_only.py
[2025-12-27T14:45:25.082+0000] {processor.py:830} INFO - Processing file /home/airflow/.local/lib/python3.12/site-packages/airflow/example_dags/example_latest_only.py for tasks to queue
[2025-12-27T14:45:25.085+0000] {logging_mixin.py:188} INFO - [2025-12-27T14:45:25.084+0000] {dagbag.py:540} INFO - Filling up the DagBag from /home/airflow/.local/lib/python3.12/site-packages/airflow/example_dags/example_latest_only.py
[2025-12-27T14:45:25.102+0000] {processor.py:840} INFO - DAG(s) 'latest_only' retrieved from /home/airflow/.local/lib/python3.12/site-packages/airflow/example_dags/example_latest_only.py
[2025-12-27T14:45:25.162+0000] {logging_mixin.py:188} INFO - [2025-12-27T14:45:25.161+0000] {dag.py:3096} INFO - Sync 1 DAGs
[2025-12-27T14:45:25.229+0000] {logging_mixin.py:188} INFO - [2025-12-27T14:45:25.229+0000] {dag.py:3954} INFO - Setting next_dagrun for latest_only to 2025-12-27 08:00:00+00:00, run_after=2025-12-27 12:00:00+00:00
[2025-12-27T14:45:25.282+0000] {processor.py:183} INFO - Processing /home/airflow/.local/lib/python3.12/site-packages/airflow/example_dags/example_latest_only.py took 0.220 seconds
[2025-12-27T14:45:55.938+0000] {processor.py:161} INFO - Started process (PID=3179) to work on /home/airflow/.local/lib/python3.12/site-packages/airflow/example_dags/example_latest_only.py
[2025-12-27T14:45:55.941+0000] {processor.py:830} INFO - Processing file /home/airflow/.local/lib/python3.12/site-packages/airflow/example_dags/example_latest_only.py for tasks to queue
[2025-12-27T14:45:55.943+0000] {logging_mixin.py:188} INFO - [2025-12-27T14:45:55.942+0000] {dagbag.py:540} INFO - Filling up the DagBag from /home/airflow/.local/lib/python3.12/site-packages/airflow/example_dags/example_latest_only.py
[2025-12-27T14:45:55.960+0000] {processor.py:840} INFO - DAG(s) 'latest_only' retrieved from /home/airflow/.local/lib/python3.12/site-packages/airflow/example_dags/example_latest_only.py
[2025-12-27T14:45:56.015+0000] {logging_mixin.py:188} INFO - [2025-12-27T14:45:56.015+0000] {dag.py:3096} INFO - Sync 1 DAGs
[2025-12-27T14:45:56.078+0000] {logging_mixin.py:188} INFO - [2025-12-27T14:45:56.077+0000] {dag.py:3954} INFO - Setting next_dagrun for latest_only to 2025-12-27 08:00:00+00:00, run_after=2025-12-27 12:00:00+00:00
[2025-12-27T14:45:56.130+0000] {processor.py:183} INFO - Processing /home/airflow/.local/lib/python3.12/site-packages/airflow/example_dags/example_latest_only.py took 0.212 seconds
[2025-12-27T14:46:26.386+0000] {processor.py:161} INFO - Started process (PID=3237) to work on /home/airflow/.local/lib/python3.12/site-packages/airflow/example_dags/example_latest_only.py
[2025-12-27T14:46:26.389+0000] {processor.py:830} INFO - Processing file /home/airflow/.local/lib/python3.12/site-packages/airflow/example_dags/example_latest_only.py for tasks to queue
[2025-12-27T14:46:26.392+0000] {logging_mixin.py:188} INFO - [2025-12-27T14:46:26.391+0000] {dagbag.py:540} INFO - Filling up the DagBag from /home/airflow/.local/lib/python3.12/site-packages/airflow/example_dags/example_latest_only.py
[2025-12-27T14:46:26.410+0000] {processor.py:840} INFO - DAG(s) 'latest_only' retrieved from /home/airflow/.local/lib/python3.12/site-packages/airflow/example_dags/example_latest_only.py
[2025-12-27T14:46:26.488+0000] {logging_mixin.py:188} INFO - [2025-12-27T14:46:26.488+0000] {dag.py:3096} INFO - Sync 1 DAGs
[2025-12-27T14:46:26.635+0000] {logging_mixin.py:188} INFO - [2025-12-27T14:46:26.634+0000] {dag.py:3954} INFO - Setting next_dagrun for latest_only to 2025-12-27 08:00:00+00:00, run_after=2025-12-27 12:00:00+00:00
[2025-12-27T14:46:26.757+0000] {processor.py:183} INFO - Processing /home/airflow/.local/lib/python3.12/site-packages/airflow/example_dags/example_latest_only.py took 0.389 seconds
[2025-12-27T14:46:57.070+0000] {processor.py:161} INFO - Started process (PID=3296) to work on /home/airflow/.local/lib/python3.12/site-packages/airflow/example_dags/example_latest_only.py
[2025-12-27T14:46:57.073+0000] {processor.py:830} INFO - Processing file /home/airflow/.local/lib/python3.12/site-packages/airflow/example_dags/example_latest_only.py for tasks to queue
[2025-12-27T14:46:57.075+0000] {logging_mixin.py:188} INFO - [2025-12-27T14:46:57.075+0000] {dagbag.py:540} INFO - Filling up the DagBag from /home/airflow/.local/lib/python3.12/site-packages/airflow/example_dags/example_latest_only.py
[2025-12-27T14:46:57.091+0000] {processor.py:840} INFO - DAG(s) 'latest_only' retrieved from /home/airflow/.local/lib/python3.12/site-packages/airflow/example_dags/example_latest_only.py
[2025-12-27T14:46:57.147+0000] {logging_mixin.py:188} INFO - [2025-12-27T14:46:57.147+0000] {dag.py:3096} INFO - Sync 1 DAGs
[2025-12-27T14:46:57.203+0000] {logging_mixin.py:188} INFO - [2025-12-27T14:46:57.203+0000] {dag.py:3954} INFO - Setting next_dagrun for latest_only to 2025-12-27 08:00:00+00:00, run_after=2025-12-27 12:00:00+00:00
[2025-12-27T14:46:57.254+0000] {processor.py:183} INFO - Processing /home/airflow/.local/lib/python3.12/site-packages/airflow/example_dags/example_latest_only.py took 0.201 seconds
[2025-12-27T14:47:27.447+0000] {processor.py:161} INFO - Started process (PID=3354) to work on /home/airflow/.local/lib/python3.12/site-packages/airflow/example_dags/example_latest_only.py
[2025-12-27T14:47:27.450+0000] {processor.py:830} INFO - Processing file /home/airflow/.local/lib/python3.12/site-packages/airflow/example_dags/example_latest_only.py for tasks to queue
[2025-12-27T14:47:27.453+0000] {logging_mixin.py:188} INFO - [2025-12-27T14:47:27.452+0000] {dagbag.py:540} INFO - Filling up the DagBag from /home/airflow/.local/lib/python3.12/site-packages/airflow/example_dags/example_latest_only.py
[2025-12-27T14:47:27.470+0000] {processor.py:840} INFO - DAG(s) 'latest_only' retrieved from /home/airflow/.local/lib/python3.12/site-packages/airflow/example_dags/example_latest_only.py
[2025-12-27T14:47:27.526+0000] {logging_mixin.py:188} INFO - [2025-12-27T14:47:27.526+0000] {dag.py:3096} INFO - Sync 1 DAGs
[2025-12-27T14:47:27.596+0000] {logging_mixin.py:188} INFO - [2025-12-27T14:47:27.595+0000] {dag.py:3954} INFO - Setting next_dagrun for latest_only to 2025-12-27 08:00:00+00:00, run_after=2025-12-27 12:00:00+00:00
[2025-12-27T14:47:27.651+0000] {processor.py:183} INFO - Processing /home/airflow/.local/lib/python3.12/site-packages/airflow/example_dags/example_latest_only.py took 0.220 seconds
[2025-12-27T14:47:58.217+0000] {processor.py:161} INFO - Started process (PID=3412) to work on /home/airflow/.local/lib/python3.12/site-packages/airflow/example_dags/example_latest_only.py
[2025-12-27T14:47:58.220+0000] {processor.py:830} INFO - Processing file /home/airflow/.local/lib/python3.12/site-packages/airflow/example_dags/example_latest_only.py for tasks to queue
[2025-12-27T14:47:58.222+0000] {logging_mixin.py:188} INFO - [2025-12-27T14:47:58.221+0000] {dagbag.py:540} INFO - Filling up the DagBag from /home/airflow/.local/lib/python3.12/site-packages/airflow/example_dags/example_latest_only.py
[2025-12-27T14:47:58.239+0000] {processor.py:840} INFO - DAG(s) 'latest_only' retrieved from /home/airflow/.local/lib/python3.12/site-packages/airflow/example_dags/example_latest_only.py
[2025-12-27T14:47:58.297+0000] {logging_mixin.py:188} INFO - [2025-12-27T14:47:58.297+0000] {dag.py:3096} INFO - Sync 1 DAGs
[2025-12-27T14:47:58.368+0000] {logging_mixin.py:188} INFO - [2025-12-27T14:47:58.367+0000] {dag.py:3954} INFO - Setting next_dagrun for latest_only to 2025-12-27 08:00:00+00:00, run_after=2025-12-27 12:00:00+00:00
[2025-12-27T14:47:58.420+0000] {processor.py:183} INFO - Processing /home/airflow/.local/lib/python3.12/site-packages/airflow/example_dags/example_latest_only.py took 0.219 seconds
[2025-12-27T14:48:29.559+0000] {processor.py:161} INFO - Started process (PID=3471) to work on /home/airflow/.local/lib/python3.12/site-packages/airflow/example_dags/example_latest_only.py
[2025-12-27T14:48:29.562+0000] {processor.py:830} INFO - Processing file /home/airflow/.local/lib/python3.12/site-packages/airflow/example_dags/example_latest_only.py for tasks to queue
[2025-12-27T14:48:29.565+0000] {logging_mixin.py:188} INFO - [2025-12-27T14:48:29.564+0000] {dagbag.py:540} INFO - Filling up the DagBag from /home/airflow/.local/lib/python3.12/site-packages/airflow/example_dags/example_latest_only.py
[2025-12-27T14:48:29.583+0000] {processor.py:840} INFO - DAG(s) 'latest_only' retrieved from /home/airflow/.local/lib/python3.12/site-packages/airflow/example_dags/example_latest_only.py
[2025-12-27T14:48:29.649+0000] {logging_mixin.py:188} INFO - [2025-12-27T14:48:29.648+0000] {dag.py:3096} INFO - Sync 1 DAGs
[2025-12-27T14:48:29.768+0000] {logging_mixin.py:188} INFO - [2025-12-27T14:48:29.767+0000] {dag.py:3954} INFO - Setting next_dagrun for latest_only to 2025-12-27 08:00:00+00:00, run_after=2025-12-27 12:00:00+00:00
[2025-12-27T14:48:29.858+0000] {processor.py:183} INFO - Processing /home/airflow/.local/lib/python3.12/site-packages/airflow/example_dags/example_latest_only.py took 0.319 seconds
[2025-12-27T14:49:03.419+0000] {processor.py:161} INFO - Started process (PID=3526) to work on /home/airflow/.local/lib/python3.12/site-packages/airflow/example_dags/example_latest_only.py
[2025-12-27T14:49:03.426+0000] {processor.py:830} INFO - Processing file /home/airflow/.local/lib/python3.12/site-packages/airflow/example_dags/example_latest_only.py for tasks to queue
[2025-12-27T14:49:03.433+0000] {logging_mixin.py:188} INFO - [2025-12-27T14:49:03.430+0000] {dagbag.py:540} INFO - Filling up the DagBag from /home/airflow/.local/lib/python3.12/site-packages/airflow/example_dags/example_latest_only.py
[2025-12-27T14:49:03.461+0000] {processor.py:840} INFO - DAG(s) 'latest_only' retrieved from /home/airflow/.local/lib/python3.12/site-packages/airflow/example_dags/example_latest_only.py
[2025-12-27T14:49:03.686+0000] {logging_mixin.py:188} INFO - [2025-12-27T14:49:03.685+0000] {dag.py:3096} INFO - Sync 1 DAGs
[2025-12-27T14:49:03.881+0000] {logging_mixin.py:188} INFO - [2025-12-27T14:49:03.880+0000] {dag.py:3954} INFO - Setting next_dagrun for latest_only to 2025-12-27 08:00:00+00:00, run_after=2025-12-27 12:00:00+00:00
[2025-12-27T14:49:03.987+0000] {processor.py:183} INFO - Processing /home/airflow/.local/lib/python3.12/site-packages/airflow/example_dags/example_latest_only.py took 0.602 seconds
[2025-12-27T14:49:35.035+0000] {processor.py:161} INFO - Started process (PID=3584) to work on /home/airflow/.local/lib/python3.12/site-packages/airflow/example_dags/example_latest_only.py
[2025-12-27T14:49:35.040+0000] {processor.py:830} INFO - Processing file /home/airflow/.local/lib/python3.12/site-packages/airflow/example_dags/example_latest_only.py for tasks to queue
[2025-12-27T14:49:35.044+0000] {logging_mixin.py:188} INFO - [2025-12-27T14:49:35.043+0000] {dagbag.py:540} INFO - Filling up the DagBag from /home/airflow/.local/lib/python3.12/site-packages/airflow/example_dags/example_latest_only.py
[2025-12-27T14:49:35.071+0000] {processor.py:840} INFO - DAG(s) 'latest_only' retrieved from /home/airflow/.local/lib/python3.12/site-packages/airflow/example_dags/example_latest_only.py
[2025-12-27T14:49:35.162+0000] {logging_mixin.py:188} INFO - [2025-12-27T14:49:35.162+0000] {dag.py:3096} INFO - Sync 1 DAGs
[2025-12-27T14:49:35.255+0000] {logging_mixin.py:188} INFO - [2025-12-27T14:49:35.254+0000] {dag.py:3954} INFO - Setting next_dagrun for latest_only to 2025-12-27 08:00:00+00:00, run_after=2025-12-27 12:00:00+00:00
[2025-12-27T14:49:35.343+0000] {processor.py:183} INFO - Processing /home/airflow/.local/lib/python3.12/site-packages/airflow/example_dags/example_latest_only.py took 0.338 seconds
[2025-12-27T14:50:08.869+0000] {processor.py:161} INFO - Started process (PID=3642) to work on /home/airflow/.local/lib/python3.12/site-packages/airflow/example_dags/example_latest_only.py
[2025-12-27T14:50:08.976+0000] {processor.py:830} INFO - Processing file /home/airflow/.local/lib/python3.12/site-packages/airflow/example_dags/example_latest_only.py for tasks to queue
[2025-12-27T14:50:08.979+0000] {logging_mixin.py:188} INFO - [2025-12-27T14:50:08.978+0000] {dagbag.py:540} INFO - Filling up the DagBag from /home/airflow/.local/lib/python3.12/site-packages/airflow/example_dags/example_latest_only.py
[2025-12-27T14:50:09.505+0000] {processor.py:840} INFO - DAG(s) 'latest_only' retrieved from /home/airflow/.local/lib/python3.12/site-packages/airflow/example_dags/example_latest_only.py
[2025-12-27T14:50:09.681+0000] {logging_mixin.py:188} INFO - [2025-12-27T14:50:09.680+0000] {dag.py:3096} INFO - Sync 1 DAGs
[2025-12-27T14:50:09.869+0000] {logging_mixin.py:188} INFO - [2025-12-27T14:50:09.868+0000] {dag.py:3954} INFO - Setting next_dagrun for latest_only to 2025-12-27 08:00:00+00:00, run_after=2025-12-27 12:00:00+00:00
[2025-12-27T14:50:10.032+0000] {processor.py:183} INFO - Processing /home/airflow/.local/lib/python3.12/site-packages/airflow/example_dags/example_latest_only.py took 1.215 seconds
[2025-12-27T14:50:40.352+0000] {processor.py:161} INFO - Started process (PID=3698) to work on /home/airflow/.local/lib/python3.12/site-packages/airflow/example_dags/example_latest_only.py
[2025-12-27T14:50:40.359+0000] {processor.py:830} INFO - Processing file /home/airflow/.local/lib/python3.12/site-packages/airflow/example_dags/example_latest_only.py for tasks to queue
[2025-12-27T14:50:40.364+0000] {logging_mixin.py:188} INFO - [2025-12-27T14:50:40.363+0000] {dagbag.py:540} INFO - Filling up the DagBag from /home/airflow/.local/lib/python3.12/site-packages/airflow/example_dags/example_latest_only.py
[2025-12-27T14:50:40.418+0000] {processor.py:840} INFO - DAG(s) 'latest_only' retrieved from /home/airflow/.local/lib/python3.12/site-packages/airflow/example_dags/example_latest_only.py
[2025-12-27T14:50:40.522+0000] {logging_mixin.py:188} INFO - [2025-12-27T14:50:40.518+0000] {dag.py:3096} INFO - Sync 1 DAGs
[2025-12-27T14:50:40.647+0000] {logging_mixin.py:188} INFO - [2025-12-27T14:50:40.645+0000] {dag.py:3954} INFO - Setting next_dagrun for latest_only to 2025-12-27 08:00:00+00:00, run_after=2025-12-27 12:00:00+00:00
[2025-12-27T14:50:40.739+0000] {processor.py:183} INFO - Processing /home/airflow/.local/lib/python3.12/site-packages/airflow/example_dags/example_latest_only.py took 0.424 seconds
[2025-12-27T14:51:15.214+0000] {processor.py:161} INFO - Started process (PID=3756) to work on /home/airflow/.local/lib/python3.12/site-packages/airflow/example_dags/example_latest_only.py
[2025-12-27T14:51:15.248+0000] {processor.py:830} INFO - Processing file /home/airflow/.local/lib/python3.12/site-packages/airflow/example_dags/example_latest_only.py for tasks to queue
[2025-12-27T14:51:15.257+0000] {logging_mixin.py:188} INFO - [2025-12-27T14:51:15.255+0000] {dagbag.py:540} INFO - Filling up the DagBag from /home/airflow/.local/lib/python3.12/site-packages/airflow/example_dags/example_latest_only.py
[2025-12-27T14:51:15.411+0000] {processor.py:840} INFO - DAG(s) 'latest_only' retrieved from /home/airflow/.local/lib/python3.12/site-packages/airflow/example_dags/example_latest_only.py
[2025-12-27T14:51:15.793+0000] {logging_mixin.py:188} INFO - [2025-12-27T14:51:15.792+0000] {dag.py:3096} INFO - Sync 1 DAGs
[2025-12-27T14:51:17.648+0000] {logging_mixin.py:188} INFO - [2025-12-27T14:51:17.647+0000] {dag.py:3954} INFO - Setting next_dagrun for latest_only to 2025-12-27 08:00:00+00:00, run_after=2025-12-27 12:00:00+00:00
[2025-12-27T14:51:18.097+0000] {processor.py:183} INFO - Processing /home/airflow/.local/lib/python3.12/site-packages/airflow/example_dags/example_latest_only.py took 3.490 seconds
[2025-12-27T14:53:12.594+0000] {processor.py:161} INFO - Started process (PID=3824) to work on /home/airflow/.local/lib/python3.12/site-packages/airflow/example_dags/example_latest_only.py
[2025-12-27T14:53:12.606+0000] {processor.py:830} INFO - Processing file /home/airflow/.local/lib/python3.12/site-packages/airflow/example_dags/example_latest_only.py for tasks to queue
[2025-12-27T14:53:12.629+0000] {logging_mixin.py:188} INFO - [2025-12-27T14:53:12.627+0000] {dagbag.py:540} INFO - Filling up the DagBag from /home/airflow/.local/lib/python3.12/site-packages/airflow/example_dags/example_latest_only.py
[2025-12-27T14:53:13.136+0000] {processor.py:840} INFO - DAG(s) 'latest_only' retrieved from /home/airflow/.local/lib/python3.12/site-packages/airflow/example_dags/example_latest_only.py
[2025-12-27T14:53:14.078+0000] {logging_mixin.py:188} INFO - [2025-12-27T14:53:14.065+0000] {dag.py:3096} INFO - Sync 1 DAGs
[2025-12-27T14:53:14.886+0000] {logging_mixin.py:188} INFO - [2025-12-27T14:53:14.885+0000] {dag.py:3954} INFO - Setting next_dagrun for latest_only to 2025-12-27 08:00:00+00:00, run_after=2025-12-27 12:00:00+00:00
[2025-12-27T14:53:15.433+0000] {processor.py:183} INFO - Processing /home/airflow/.local/lib/python3.12/site-packages/airflow/example_dags/example_latest_only.py took 3.040 seconds
[2025-12-27T14:55:44.639+0000] {processor.py:161} INFO - Started process (PID=3887) to work on /home/airflow/.local/lib/python3.12/site-packages/airflow/example_dags/example_latest_only.py
[2025-12-27T14:55:44.683+0000] {processor.py:830} INFO - Processing file /home/airflow/.local/lib/python3.12/site-packages/airflow/example_dags/example_latest_only.py for tasks to queue
[2025-12-27T14:55:44.710+0000] {logging_mixin.py:188} INFO - [2025-12-27T14:55:44.704+0000] {dagbag.py:540} INFO - Filling up the DagBag from /home/airflow/.local/lib/python3.12/site-packages/airflow/example_dags/example_latest_only.py
[2025-12-27T14:55:45.230+0000] {processor.py:840} INFO - DAG(s) 'latest_only' retrieved from /home/airflow/.local/lib/python3.12/site-packages/airflow/example_dags/example_latest_only.py
[2025-12-27T14:55:46.351+0000] {logging_mixin.py:188} INFO - [2025-12-27T14:55:46.350+0000] {dag.py:3096} INFO - Sync 1 DAGs
[2025-12-27T14:55:47.824+0000] {logging_mixin.py:188} INFO - [2025-12-27T14:55:47.823+0000] {dag.py:3954} INFO - Setting next_dagrun for latest_only to 2025-12-27 08:00:00+00:00, run_after=2025-12-27 12:00:00+00:00
[2025-12-27T14:55:48.669+0000] {processor.py:183} INFO - Processing /home/airflow/.local/lib/python3.12/site-packages/airflow/example_dags/example_latest_only.py took 4.238 seconds
