[2025-12-27T14:14:55.724+0000] {processor.py:161} INFO - Started process (PID=107) to work on /home/airflow/.local/lib/python3.12/site-packages/airflow/example_dags/example_setup_teardown.py
[2025-12-27T14:14:55.741+0000] {processor.py:830} INFO - Processing file /home/airflow/.local/lib/python3.12/site-packages/airflow/example_dags/example_setup_teardown.py for tasks to queue
[2025-12-27T14:14:55.762+0000] {logging_mixin.py:188} INFO - [2025-12-27T14:14:55.754+0000] {dagbag.py:540} INFO - Filling up the DagBag from /home/airflow/.local/lib/python3.12/site-packages/airflow/example_dags/example_setup_teardown.py
[2025-12-27T14:14:55.864+0000] {processor.py:840} INFO - DAG(s) 'example_setup_teardown' retrieved from /home/airflow/.local/lib/python3.12/site-packages/airflow/example_dags/example_setup_teardown.py
[2025-12-27T14:14:57.305+0000] {logging_mixin.py:188} INFO - [2025-12-27T14:14:57.304+0000] {dag.py:3096} INFO - Sync 1 DAGs
[2025-12-27T14:14:57.496+0000] {logging_mixin.py:188} INFO - [2025-12-27T14:14:57.495+0000] {dag.py:3954} INFO - Setting next_dagrun for example_setup_teardown to 2025-12-26 00:00:00+00:00, run_after=2025-12-27 00:00:00+00:00
[2025-12-27T14:14:57.843+0000] {processor.py:183} INFO - Processing /home/airflow/.local/lib/python3.12/site-packages/airflow/example_dags/example_setup_teardown.py took 2.235 seconds
[2025-12-27T14:15:31.434+0000] {processor.py:161} INFO - Started process (PID=164) to work on /home/airflow/.local/lib/python3.12/site-packages/airflow/example_dags/example_setup_teardown.py
[2025-12-27T14:15:31.444+0000] {processor.py:830} INFO - Processing file /home/airflow/.local/lib/python3.12/site-packages/airflow/example_dags/example_setup_teardown.py for tasks to queue
[2025-12-27T14:15:31.451+0000] {logging_mixin.py:188} INFO - [2025-12-27T14:15:31.450+0000] {dagbag.py:540} INFO - Filling up the DagBag from /home/airflow/.local/lib/python3.12/site-packages/airflow/example_dags/example_setup_teardown.py
[2025-12-27T14:15:31.506+0000] {processor.py:840} INFO - DAG(s) 'example_setup_teardown' retrieved from /home/airflow/.local/lib/python3.12/site-packages/airflow/example_dags/example_setup_teardown.py
[2025-12-27T14:15:31.656+0000] {logging_mixin.py:188} INFO - [2025-12-27T14:15:31.655+0000] {dag.py:3096} INFO - Sync 1 DAGs
[2025-12-27T14:15:31.816+0000] {logging_mixin.py:188} INFO - [2025-12-27T14:15:31.815+0000] {dag.py:3954} INFO - Setting next_dagrun for example_setup_teardown to 2025-12-26 00:00:00+00:00, run_after=2025-12-27 00:00:00+00:00
[2025-12-27T14:15:31.968+0000] {processor.py:183} INFO - Processing /home/airflow/.local/lib/python3.12/site-packages/airflow/example_dags/example_setup_teardown.py took 0.578 seconds
[2025-12-27T14:16:02.241+0000] {processor.py:161} INFO - Started process (PID=223) to work on /home/airflow/.local/lib/python3.12/site-packages/airflow/example_dags/example_setup_teardown.py
[2025-12-27T14:16:02.244+0000] {processor.py:830} INFO - Processing file /home/airflow/.local/lib/python3.12/site-packages/airflow/example_dags/example_setup_teardown.py for tasks to queue
[2025-12-27T14:16:02.249+0000] {logging_mixin.py:188} INFO - [2025-12-27T14:16:02.248+0000] {dagbag.py:540} INFO - Filling up the DagBag from /home/airflow/.local/lib/python3.12/site-packages/airflow/example_dags/example_setup_teardown.py
[2025-12-27T14:16:02.268+0000] {processor.py:840} INFO - DAG(s) 'example_setup_teardown' retrieved from /home/airflow/.local/lib/python3.12/site-packages/airflow/example_dags/example_setup_teardown.py
[2025-12-27T14:16:02.325+0000] {logging_mixin.py:188} INFO - [2025-12-27T14:16:02.324+0000] {dag.py:3096} INFO - Sync 1 DAGs
[2025-12-27T14:16:02.392+0000] {logging_mixin.py:188} INFO - [2025-12-27T14:16:02.391+0000] {dag.py:3954} INFO - Setting next_dagrun for example_setup_teardown to 2025-12-26 00:00:00+00:00, run_after=2025-12-27 00:00:00+00:00
[2025-12-27T14:16:02.445+0000] {processor.py:183} INFO - Processing /home/airflow/.local/lib/python3.12/site-packages/airflow/example_dags/example_setup_teardown.py took 0.219 seconds
[2025-12-27T14:16:34.346+0000] {processor.py:161} INFO - Started process (PID=279) to work on /home/airflow/.local/lib/python3.12/site-packages/airflow/example_dags/example_setup_teardown.py
[2025-12-27T14:16:34.359+0000] {processor.py:830} INFO - Processing file /home/airflow/.local/lib/python3.12/site-packages/airflow/example_dags/example_setup_teardown.py for tasks to queue
[2025-12-27T14:16:34.373+0000] {logging_mixin.py:188} INFO - [2025-12-27T14:16:34.371+0000] {dagbag.py:540} INFO - Filling up the DagBag from /home/airflow/.local/lib/python3.12/site-packages/airflow/example_dags/example_setup_teardown.py
[2025-12-27T14:16:34.421+0000] {processor.py:840} INFO - DAG(s) 'example_setup_teardown' retrieved from /home/airflow/.local/lib/python3.12/site-packages/airflow/example_dags/example_setup_teardown.py
[2025-12-27T14:16:34.554+0000] {logging_mixin.py:188} INFO - [2025-12-27T14:16:34.553+0000] {dag.py:3096} INFO - Sync 1 DAGs
[2025-12-27T14:16:34.717+0000] {logging_mixin.py:188} INFO - [2025-12-27T14:16:34.716+0000] {dag.py:3954} INFO - Setting next_dagrun for example_setup_teardown to 2025-12-26 00:00:00+00:00, run_after=2025-12-27 00:00:00+00:00
[2025-12-27T14:16:34.887+0000] {processor.py:183} INFO - Processing /home/airflow/.local/lib/python3.12/site-packages/airflow/example_dags/example_setup_teardown.py took 0.577 seconds
[2025-12-27T14:17:07.333+0000] {processor.py:161} INFO - Started process (PID=337) to work on /home/airflow/.local/lib/python3.12/site-packages/airflow/example_dags/example_setup_teardown.py
[2025-12-27T14:17:07.339+0000] {processor.py:830} INFO - Processing file /home/airflow/.local/lib/python3.12/site-packages/airflow/example_dags/example_setup_teardown.py for tasks to queue
[2025-12-27T14:17:07.355+0000] {logging_mixin.py:188} INFO - [2025-12-27T14:17:07.354+0000] {dagbag.py:540} INFO - Filling up the DagBag from /home/airflow/.local/lib/python3.12/site-packages/airflow/example_dags/example_setup_teardown.py
[2025-12-27T14:17:07.443+0000] {processor.py:840} INFO - DAG(s) 'example_setup_teardown' retrieved from /home/airflow/.local/lib/python3.12/site-packages/airflow/example_dags/example_setup_teardown.py
[2025-12-27T14:17:07.933+0000] {logging_mixin.py:188} INFO - [2025-12-27T14:17:07.932+0000] {dag.py:3096} INFO - Sync 1 DAGs
[2025-12-27T14:17:08.136+0000] {logging_mixin.py:188} INFO - [2025-12-27T14:17:08.134+0000] {dag.py:3954} INFO - Setting next_dagrun for example_setup_teardown to 2025-12-26 00:00:00+00:00, run_after=2025-12-27 00:00:00+00:00
[2025-12-27T14:17:08.427+0000] {processor.py:183} INFO - Processing /home/airflow/.local/lib/python3.12/site-packages/airflow/example_dags/example_setup_teardown.py took 1.194 seconds
[2025-12-27T14:17:56.360+0000] {processor.py:161} INFO - Started process (PID=400) to work on /home/airflow/.local/lib/python3.12/site-packages/airflow/example_dags/example_setup_teardown.py
[2025-12-27T14:17:56.374+0000] {processor.py:830} INFO - Processing file /home/airflow/.local/lib/python3.12/site-packages/airflow/example_dags/example_setup_teardown.py for tasks to queue
[2025-12-27T14:17:56.387+0000] {logging_mixin.py:188} INFO - [2025-12-27T14:17:56.385+0000] {dagbag.py:540} INFO - Filling up the DagBag from /home/airflow/.local/lib/python3.12/site-packages/airflow/example_dags/example_setup_teardown.py
[2025-12-27T14:17:56.499+0000] {processor.py:840} INFO - DAG(s) 'example_setup_teardown' retrieved from /home/airflow/.local/lib/python3.12/site-packages/airflow/example_dags/example_setup_teardown.py
[2025-12-27T14:17:57.672+0000] {logging_mixin.py:188} INFO - [2025-12-27T14:17:57.670+0000] {dag.py:3096} INFO - Sync 1 DAGs
[2025-12-27T14:17:58.427+0000] {logging_mixin.py:188} INFO - [2025-12-27T14:17:58.426+0000] {dag.py:3954} INFO - Setting next_dagrun for example_setup_teardown to 2025-12-26 00:00:00+00:00, run_after=2025-12-27 00:00:00+00:00
[2025-12-27T14:17:58.693+0000] {processor.py:183} INFO - Processing /home/airflow/.local/lib/python3.12/site-packages/airflow/example_dags/example_setup_teardown.py took 2.377 seconds
[2025-12-27T14:18:36.213+0000] {processor.py:161} INFO - Started process (PID=452) to work on /home/airflow/.local/lib/python3.12/site-packages/airflow/example_dags/example_setup_teardown.py
[2025-12-27T14:18:36.217+0000] {processor.py:830} INFO - Processing file /home/airflow/.local/lib/python3.12/site-packages/airflow/example_dags/example_setup_teardown.py for tasks to queue
[2025-12-27T14:18:36.223+0000] {logging_mixin.py:188} INFO - [2025-12-27T14:18:36.222+0000] {dagbag.py:540} INFO - Filling up the DagBag from /home/airflow/.local/lib/python3.12/site-packages/airflow/example_dags/example_setup_teardown.py
[2025-12-27T14:18:36.245+0000] {processor.py:840} INFO - DAG(s) 'example_setup_teardown' retrieved from /home/airflow/.local/lib/python3.12/site-packages/airflow/example_dags/example_setup_teardown.py
[2025-12-27T14:18:36.306+0000] {logging_mixin.py:188} INFO - [2025-12-27T14:18:36.306+0000] {dag.py:3096} INFO - Sync 1 DAGs
[2025-12-27T14:18:36.386+0000] {logging_mixin.py:188} INFO - [2025-12-27T14:18:36.385+0000] {dag.py:3954} INFO - Setting next_dagrun for example_setup_teardown to 2025-12-26 00:00:00+00:00, run_after=2025-12-27 00:00:00+00:00
[2025-12-27T14:18:36.472+0000] {processor.py:183} INFO - Processing /home/airflow/.local/lib/python3.12/site-packages/airflow/example_dags/example_setup_teardown.py took 0.279 seconds
[2025-12-27T14:19:06.999+0000] {processor.py:161} INFO - Started process (PID=510) to work on /home/airflow/.local/lib/python3.12/site-packages/airflow/example_dags/example_setup_teardown.py
[2025-12-27T14:19:07.009+0000] {processor.py:830} INFO - Processing file /home/airflow/.local/lib/python3.12/site-packages/airflow/example_dags/example_setup_teardown.py for tasks to queue
[2025-12-27T14:19:07.019+0000] {logging_mixin.py:188} INFO - [2025-12-27T14:19:07.017+0000] {dagbag.py:540} INFO - Filling up the DagBag from /home/airflow/.local/lib/python3.12/site-packages/airflow/example_dags/example_setup_teardown.py
[2025-12-27T14:19:07.064+0000] {processor.py:840} INFO - DAG(s) 'example_setup_teardown' retrieved from /home/airflow/.local/lib/python3.12/site-packages/airflow/example_dags/example_setup_teardown.py
[2025-12-27T14:19:07.180+0000] {logging_mixin.py:188} INFO - [2025-12-27T14:19:07.179+0000] {dag.py:3096} INFO - Sync 1 DAGs
[2025-12-27T14:19:07.395+0000] {logging_mixin.py:188} INFO - [2025-12-27T14:19:07.394+0000] {dag.py:3954} INFO - Setting next_dagrun for example_setup_teardown to 2025-12-26 00:00:00+00:00, run_after=2025-12-27 00:00:00+00:00
[2025-12-27T14:19:07.592+0000] {processor.py:183} INFO - Processing /home/airflow/.local/lib/python3.12/site-packages/airflow/example_dags/example_setup_teardown.py took 0.620 seconds
[2025-12-27T14:19:39.371+0000] {processor.py:161} INFO - Started process (PID=566) to work on /home/airflow/.local/lib/python3.12/site-packages/airflow/example_dags/example_setup_teardown.py
[2025-12-27T14:19:39.378+0000] {processor.py:830} INFO - Processing file /home/airflow/.local/lib/python3.12/site-packages/airflow/example_dags/example_setup_teardown.py for tasks to queue
[2025-12-27T14:19:39.392+0000] {logging_mixin.py:188} INFO - [2025-12-27T14:19:39.391+0000] {dagbag.py:540} INFO - Filling up the DagBag from /home/airflow/.local/lib/python3.12/site-packages/airflow/example_dags/example_setup_teardown.py
[2025-12-27T14:19:39.442+0000] {processor.py:840} INFO - DAG(s) 'example_setup_teardown' retrieved from /home/airflow/.local/lib/python3.12/site-packages/airflow/example_dags/example_setup_teardown.py
[2025-12-27T14:19:39.531+0000] {logging_mixin.py:188} INFO - [2025-12-27T14:19:39.530+0000] {dag.py:3096} INFO - Sync 1 DAGs
[2025-12-27T14:19:39.610+0000] {logging_mixin.py:188} INFO - [2025-12-27T14:19:39.609+0000] {dag.py:3954} INFO - Setting next_dagrun for example_setup_teardown to 2025-12-26 00:00:00+00:00, run_after=2025-12-27 00:00:00+00:00
[2025-12-27T14:19:39.700+0000] {processor.py:183} INFO - Processing /home/airflow/.local/lib/python3.12/site-packages/airflow/example_dags/example_setup_teardown.py took 0.345 seconds
[2025-12-27T14:20:13.617+0000] {processor.py:161} INFO - Started process (PID=622) to work on /home/airflow/.local/lib/python3.12/site-packages/airflow/example_dags/example_setup_teardown.py
[2025-12-27T14:20:13.622+0000] {processor.py:830} INFO - Processing file /home/airflow/.local/lib/python3.12/site-packages/airflow/example_dags/example_setup_teardown.py for tasks to queue
[2025-12-27T14:20:13.630+0000] {logging_mixin.py:188} INFO - [2025-12-27T14:20:13.629+0000] {dagbag.py:540} INFO - Filling up the DagBag from /home/airflow/.local/lib/python3.12/site-packages/airflow/example_dags/example_setup_teardown.py
[2025-12-27T14:20:13.655+0000] {processor.py:840} INFO - DAG(s) 'example_setup_teardown' retrieved from /home/airflow/.local/lib/python3.12/site-packages/airflow/example_dags/example_setup_teardown.py
[2025-12-27T14:20:13.732+0000] {logging_mixin.py:188} INFO - [2025-12-27T14:20:13.732+0000] {dag.py:3096} INFO - Sync 1 DAGs
[2025-12-27T14:20:13.803+0000] {logging_mixin.py:188} INFO - [2025-12-27T14:20:13.802+0000] {dag.py:3954} INFO - Setting next_dagrun for example_setup_teardown to 2025-12-26 00:00:00+00:00, run_after=2025-12-27 00:00:00+00:00
[2025-12-27T14:20:13.887+0000] {processor.py:183} INFO - Processing /home/airflow/.local/lib/python3.12/site-packages/airflow/example_dags/example_setup_teardown.py took 0.292 seconds
[2025-12-27T14:20:44.646+0000] {processor.py:161} INFO - Started process (PID=679) to work on /home/airflow/.local/lib/python3.12/site-packages/airflow/example_dags/example_setup_teardown.py
[2025-12-27T14:20:44.649+0000] {processor.py:830} INFO - Processing file /home/airflow/.local/lib/python3.12/site-packages/airflow/example_dags/example_setup_teardown.py for tasks to queue
[2025-12-27T14:20:44.654+0000] {logging_mixin.py:188} INFO - [2025-12-27T14:20:44.654+0000] {dagbag.py:540} INFO - Filling up the DagBag from /home/airflow/.local/lib/python3.12/site-packages/airflow/example_dags/example_setup_teardown.py
[2025-12-27T14:20:44.676+0000] {processor.py:840} INFO - DAG(s) 'example_setup_teardown' retrieved from /home/airflow/.local/lib/python3.12/site-packages/airflow/example_dags/example_setup_teardown.py
[2025-12-27T14:20:44.741+0000] {logging_mixin.py:188} INFO - [2025-12-27T14:20:44.740+0000] {dag.py:3096} INFO - Sync 1 DAGs
[2025-12-27T14:20:44.802+0000] {logging_mixin.py:188} INFO - [2025-12-27T14:20:44.801+0000] {dag.py:3954} INFO - Setting next_dagrun for example_setup_teardown to 2025-12-26 00:00:00+00:00, run_after=2025-12-27 00:00:00+00:00
[2025-12-27T14:20:44.860+0000] {processor.py:183} INFO - Processing /home/airflow/.local/lib/python3.12/site-packages/airflow/example_dags/example_setup_teardown.py took 0.231 seconds
[2025-12-27T14:21:31.202+0000] {processor.py:161} INFO - Started process (PID=742) to work on /home/airflow/.local/lib/python3.12/site-packages/airflow/example_dags/example_setup_teardown.py
[2025-12-27T14:21:31.206+0000] {processor.py:830} INFO - Processing file /home/airflow/.local/lib/python3.12/site-packages/airflow/example_dags/example_setup_teardown.py for tasks to queue
[2025-12-27T14:21:31.213+0000] {logging_mixin.py:188} INFO - [2025-12-27T14:21:31.212+0000] {dagbag.py:540} INFO - Filling up the DagBag from /home/airflow/.local/lib/python3.12/site-packages/airflow/example_dags/example_setup_teardown.py
[2025-12-27T14:21:31.240+0000] {processor.py:840} INFO - DAG(s) 'example_setup_teardown' retrieved from /home/airflow/.local/lib/python3.12/site-packages/airflow/example_dags/example_setup_teardown.py
[2025-12-27T14:21:31.340+0000] {logging_mixin.py:188} INFO - [2025-12-27T14:21:31.339+0000] {dag.py:3096} INFO - Sync 1 DAGs
[2025-12-27T14:21:31.429+0000] {logging_mixin.py:188} INFO - [2025-12-27T14:21:31.428+0000] {dag.py:3954} INFO - Setting next_dagrun for example_setup_teardown to 2025-12-26 00:00:00+00:00, run_after=2025-12-27 00:00:00+00:00
[2025-12-27T14:21:31.504+0000] {processor.py:183} INFO - Processing /home/airflow/.local/lib/python3.12/site-packages/airflow/example_dags/example_setup_teardown.py took 0.329 seconds
[2025-12-27T14:22:05.191+0000] {processor.py:161} INFO - Started process (PID=800) to work on /home/airflow/.local/lib/python3.12/site-packages/airflow/example_dags/example_setup_teardown.py
[2025-12-27T14:22:05.196+0000] {processor.py:830} INFO - Processing file /home/airflow/.local/lib/python3.12/site-packages/airflow/example_dags/example_setup_teardown.py for tasks to queue
[2025-12-27T14:22:05.203+0000] {logging_mixin.py:188} INFO - [2025-12-27T14:22:05.202+0000] {dagbag.py:540} INFO - Filling up the DagBag from /home/airflow/.local/lib/python3.12/site-packages/airflow/example_dags/example_setup_teardown.py
[2025-12-27T14:22:05.233+0000] {processor.py:840} INFO - DAG(s) 'example_setup_teardown' retrieved from /home/airflow/.local/lib/python3.12/site-packages/airflow/example_dags/example_setup_teardown.py
[2025-12-27T14:22:05.363+0000] {logging_mixin.py:188} INFO - [2025-12-27T14:22:05.362+0000] {dag.py:3096} INFO - Sync 1 DAGs
[2025-12-27T14:22:05.659+0000] {logging_mixin.py:188} INFO - [2025-12-27T14:22:05.658+0000] {dag.py:3954} INFO - Setting next_dagrun for example_setup_teardown to 2025-12-26 00:00:00+00:00, run_after=2025-12-27 00:00:00+00:00
[2025-12-27T14:22:05.840+0000] {processor.py:183} INFO - Processing /home/airflow/.local/lib/python3.12/site-packages/airflow/example_dags/example_setup_teardown.py took 0.675 seconds
[2025-12-27T14:23:30.959+0000] {processor.py:161} INFO - Started process (PID=862) to work on /home/airflow/.local/lib/python3.12/site-packages/airflow/example_dags/example_setup_teardown.py
[2025-12-27T14:23:30.988+0000] {processor.py:830} INFO - Processing file /home/airflow/.local/lib/python3.12/site-packages/airflow/example_dags/example_setup_teardown.py for tasks to queue
[2025-12-27T14:23:31.008+0000] {logging_mixin.py:188} INFO - [2025-12-27T14:23:31.006+0000] {dagbag.py:540} INFO - Filling up the DagBag from /home/airflow/.local/lib/python3.12/site-packages/airflow/example_dags/example_setup_teardown.py
[2025-12-27T14:23:31.099+0000] {processor.py:840} INFO - DAG(s) 'example_setup_teardown' retrieved from /home/airflow/.local/lib/python3.12/site-packages/airflow/example_dags/example_setup_teardown.py
[2025-12-27T14:23:31.327+0000] {logging_mixin.py:188} INFO - [2025-12-27T14:23:31.315+0000] {dag.py:3096} INFO - Sync 1 DAGs
[2025-12-27T14:23:31.878+0000] {logging_mixin.py:188} INFO - [2025-12-27T14:23:31.877+0000] {dag.py:3954} INFO - Setting next_dagrun for example_setup_teardown to 2025-12-26 00:00:00+00:00, run_after=2025-12-27 00:00:00+00:00
[2025-12-27T14:23:32.194+0000] {processor.py:183} INFO - Processing /home/airflow/.local/lib/python3.12/site-packages/airflow/example_dags/example_setup_teardown.py took 1.291 seconds
[2025-12-27T14:24:24.987+0000] {processor.py:161} INFO - Started process (PID=927) to work on /home/airflow/.local/lib/python3.12/site-packages/airflow/example_dags/example_setup_teardown.py
[2025-12-27T14:24:24.991+0000] {processor.py:830} INFO - Processing file /home/airflow/.local/lib/python3.12/site-packages/airflow/example_dags/example_setup_teardown.py for tasks to queue
[2025-12-27T14:24:24.994+0000] {logging_mixin.py:188} INFO - [2025-12-27T14:24:24.993+0000] {dagbag.py:540} INFO - Filling up the DagBag from /home/airflow/.local/lib/python3.12/site-packages/airflow/example_dags/example_setup_teardown.py
[2025-12-27T14:24:25.026+0000] {processor.py:840} INFO - DAG(s) 'example_setup_teardown' retrieved from /home/airflow/.local/lib/python3.12/site-packages/airflow/example_dags/example_setup_teardown.py
[2025-12-27T14:24:25.097+0000] {logging_mixin.py:188} INFO - [2025-12-27T14:24:25.096+0000] {dag.py:3096} INFO - Sync 1 DAGs
[2025-12-27T14:24:25.188+0000] {logging_mixin.py:188} INFO - [2025-12-27T14:24:25.187+0000] {dag.py:3954} INFO - Setting next_dagrun for example_setup_teardown to 2025-12-26 00:00:00+00:00, run_after=2025-12-27 00:00:00+00:00
[2025-12-27T14:24:25.254+0000] {processor.py:183} INFO - Processing /home/airflow/.local/lib/python3.12/site-packages/airflow/example_dags/example_setup_teardown.py took 0.291 seconds
[2025-12-27T14:25:09.559+0000] {processor.py:161} INFO - Started process (PID=1000) to work on /home/airflow/.local/lib/python3.12/site-packages/airflow/example_dags/example_setup_teardown.py
[2025-12-27T14:25:09.565+0000] {processor.py:830} INFO - Processing file /home/airflow/.local/lib/python3.12/site-packages/airflow/example_dags/example_setup_teardown.py for tasks to queue
[2025-12-27T14:25:09.570+0000] {logging_mixin.py:188} INFO - [2025-12-27T14:25:09.568+0000] {dagbag.py:540} INFO - Filling up the DagBag from /home/airflow/.local/lib/python3.12/site-packages/airflow/example_dags/example_setup_teardown.py
[2025-12-27T14:25:09.612+0000] {processor.py:840} INFO - DAG(s) 'example_setup_teardown' retrieved from /home/airflow/.local/lib/python3.12/site-packages/airflow/example_dags/example_setup_teardown.py
[2025-12-27T14:25:09.718+0000] {logging_mixin.py:188} INFO - [2025-12-27T14:25:09.717+0000] {dag.py:3096} INFO - Sync 1 DAGs
[2025-12-27T14:25:09.921+0000] {logging_mixin.py:188} INFO - [2025-12-27T14:25:09.920+0000] {dag.py:3954} INFO - Setting next_dagrun for example_setup_teardown to 2025-12-26 00:00:00+00:00, run_after=2025-12-27 00:00:00+00:00
[2025-12-27T14:25:10.064+0000] {processor.py:183} INFO - Processing /home/airflow/.local/lib/python3.12/site-packages/airflow/example_dags/example_setup_teardown.py took 0.536 seconds
[2025-12-27T14:26:25.222+0000] {processor.py:161} INFO - Started process (PID=1071) to work on /home/airflow/.local/lib/python3.12/site-packages/airflow/example_dags/example_setup_teardown.py
[2025-12-27T14:26:25.231+0000] {processor.py:830} INFO - Processing file /home/airflow/.local/lib/python3.12/site-packages/airflow/example_dags/example_setup_teardown.py for tasks to queue
[2025-12-27T14:26:25.234+0000] {logging_mixin.py:188} INFO - [2025-12-27T14:26:25.233+0000] {dagbag.py:540} INFO - Filling up the DagBag from /home/airflow/.local/lib/python3.12/site-packages/airflow/example_dags/example_setup_teardown.py
[2025-12-27T14:26:25.265+0000] {processor.py:840} INFO - DAG(s) 'example_setup_teardown' retrieved from /home/airflow/.local/lib/python3.12/site-packages/airflow/example_dags/example_setup_teardown.py
[2025-12-27T14:26:25.354+0000] {logging_mixin.py:188} INFO - [2025-12-27T14:26:25.353+0000] {dag.py:3096} INFO - Sync 1 DAGs
[2025-12-27T14:26:25.444+0000] {logging_mixin.py:188} INFO - [2025-12-27T14:26:25.444+0000] {dag.py:3954} INFO - Setting next_dagrun for example_setup_teardown to 2025-12-26 00:00:00+00:00, run_after=2025-12-27 00:00:00+00:00
[2025-12-27T14:26:25.517+0000] {processor.py:183} INFO - Processing /home/airflow/.local/lib/python3.12/site-packages/airflow/example_dags/example_setup_teardown.py took 0.330 seconds
[2025-12-27T14:27:15.224+0000] {processor.py:161} INFO - Started process (PID=1133) to work on /home/airflow/.local/lib/python3.12/site-packages/airflow/example_dags/example_setup_teardown.py
[2025-12-27T14:27:15.353+0000] {processor.py:830} INFO - Processing file /home/airflow/.local/lib/python3.12/site-packages/airflow/example_dags/example_setup_teardown.py for tasks to queue
[2025-12-27T14:27:15.379+0000] {logging_mixin.py:188} INFO - [2025-12-27T14:27:15.365+0000] {dagbag.py:540} INFO - Filling up the DagBag from /home/airflow/.local/lib/python3.12/site-packages/airflow/example_dags/example_setup_teardown.py
[2025-12-27T14:27:15.746+0000] {processor.py:840} INFO - DAG(s) 'example_setup_teardown' retrieved from /home/airflow/.local/lib/python3.12/site-packages/airflow/example_dags/example_setup_teardown.py
[2025-12-27T14:27:24.969+0000] {logging_mixin.py:188} INFO - [2025-12-27T14:27:24.966+0000] {dag.py:3096} INFO - Sync 1 DAGs
[2025-12-27T14:27:25.088+0000] {logging_mixin.py:188} INFO - [2025-12-27T14:27:25.087+0000] {dag.py:3954} INFO - Setting next_dagrun for example_setup_teardown to 2025-12-26 00:00:00+00:00, run_after=2025-12-27 00:00:00+00:00
[2025-12-27T14:27:25.251+0000] {processor.py:183} INFO - Processing /home/airflow/.local/lib/python3.12/site-packages/airflow/example_dags/example_setup_teardown.py took 10.419 seconds
[2025-12-27T14:27:55.859+0000] {processor.py:161} INFO - Started process (PID=1191) to work on /home/airflow/.local/lib/python3.12/site-packages/airflow/example_dags/example_setup_teardown.py
[2025-12-27T14:27:55.868+0000] {processor.py:830} INFO - Processing file /home/airflow/.local/lib/python3.12/site-packages/airflow/example_dags/example_setup_teardown.py for tasks to queue
[2025-12-27T14:27:55.872+0000] {logging_mixin.py:188} INFO - [2025-12-27T14:27:55.870+0000] {dagbag.py:540} INFO - Filling up the DagBag from /home/airflow/.local/lib/python3.12/site-packages/airflow/example_dags/example_setup_teardown.py
[2025-12-27T14:27:55.908+0000] {processor.py:840} INFO - DAG(s) 'example_setup_teardown' retrieved from /home/airflow/.local/lib/python3.12/site-packages/airflow/example_dags/example_setup_teardown.py
[2025-12-27T14:27:55.994+0000] {logging_mixin.py:188} INFO - [2025-12-27T14:27:55.994+0000] {dag.py:3096} INFO - Sync 1 DAGs
[2025-12-27T14:27:56.088+0000] {logging_mixin.py:188} INFO - [2025-12-27T14:27:56.087+0000] {dag.py:3954} INFO - Setting next_dagrun for example_setup_teardown to 2025-12-26 00:00:00+00:00, run_after=2025-12-27 00:00:00+00:00
[2025-12-27T14:27:56.175+0000] {processor.py:183} INFO - Processing /home/airflow/.local/lib/python3.12/site-packages/airflow/example_dags/example_setup_teardown.py took 0.345 seconds
[2025-12-27T14:28:26.450+0000] {processor.py:161} INFO - Started process (PID=1249) to work on /home/airflow/.local/lib/python3.12/site-packages/airflow/example_dags/example_setup_teardown.py
[2025-12-27T14:28:26.455+0000] {processor.py:830} INFO - Processing file /home/airflow/.local/lib/python3.12/site-packages/airflow/example_dags/example_setup_teardown.py for tasks to queue
[2025-12-27T14:28:26.461+0000] {logging_mixin.py:188} INFO - [2025-12-27T14:28:26.460+0000] {dagbag.py:540} INFO - Filling up the DagBag from /home/airflow/.local/lib/python3.12/site-packages/airflow/example_dags/example_setup_teardown.py
[2025-12-27T14:28:26.497+0000] {processor.py:840} INFO - DAG(s) 'example_setup_teardown' retrieved from /home/airflow/.local/lib/python3.12/site-packages/airflow/example_dags/example_setup_teardown.py
[2025-12-27T14:28:26.593+0000] {logging_mixin.py:188} INFO - [2025-12-27T14:28:26.592+0000] {dag.py:3096} INFO - Sync 1 DAGs
[2025-12-27T14:28:26.700+0000] {logging_mixin.py:188} INFO - [2025-12-27T14:28:26.698+0000] {dag.py:3954} INFO - Setting next_dagrun for example_setup_teardown to 2025-12-26 00:00:00+00:00, run_after=2025-12-27 00:00:00+00:00
[2025-12-27T14:28:26.802+0000] {processor.py:183} INFO - Processing /home/airflow/.local/lib/python3.12/site-packages/airflow/example_dags/example_setup_teardown.py took 0.376 seconds
[2025-12-27T14:28:57.621+0000] {processor.py:161} INFO - Started process (PID=1307) to work on /home/airflow/.local/lib/python3.12/site-packages/airflow/example_dags/example_setup_teardown.py
[2025-12-27T14:28:57.625+0000] {processor.py:830} INFO - Processing file /home/airflow/.local/lib/python3.12/site-packages/airflow/example_dags/example_setup_teardown.py for tasks to queue
[2025-12-27T14:28:57.629+0000] {logging_mixin.py:188} INFO - [2025-12-27T14:28:57.628+0000] {dagbag.py:540} INFO - Filling up the DagBag from /home/airflow/.local/lib/python3.12/site-packages/airflow/example_dags/example_setup_teardown.py
[2025-12-27T14:28:57.664+0000] {processor.py:840} INFO - DAG(s) 'example_setup_teardown' retrieved from /home/airflow/.local/lib/python3.12/site-packages/airflow/example_dags/example_setup_teardown.py
[2025-12-27T14:28:57.739+0000] {logging_mixin.py:188} INFO - [2025-12-27T14:28:57.738+0000] {dag.py:3096} INFO - Sync 1 DAGs
[2025-12-27T14:28:57.828+0000] {logging_mixin.py:188} INFO - [2025-12-27T14:28:57.827+0000] {dag.py:3954} INFO - Setting next_dagrun for example_setup_teardown to 2025-12-26 00:00:00+00:00, run_after=2025-12-27 00:00:00+00:00
[2025-12-27T14:28:57.905+0000] {processor.py:183} INFO - Processing /home/airflow/.local/lib/python3.12/site-packages/airflow/example_dags/example_setup_teardown.py took 0.307 seconds
[2025-12-27T14:29:30.344+0000] {processor.py:161} INFO - Started process (PID=1365) to work on /home/airflow/.local/lib/python3.12/site-packages/airflow/example_dags/example_setup_teardown.py
[2025-12-27T14:29:30.349+0000] {processor.py:830} INFO - Processing file /home/airflow/.local/lib/python3.12/site-packages/airflow/example_dags/example_setup_teardown.py for tasks to queue
[2025-12-27T14:29:30.357+0000] {logging_mixin.py:188} INFO - [2025-12-27T14:29:30.353+0000] {dagbag.py:540} INFO - Filling up the DagBag from /home/airflow/.local/lib/python3.12/site-packages/airflow/example_dags/example_setup_teardown.py
[2025-12-27T14:29:30.411+0000] {processor.py:840} INFO - DAG(s) 'example_setup_teardown' retrieved from /home/airflow/.local/lib/python3.12/site-packages/airflow/example_dags/example_setup_teardown.py
[2025-12-27T14:29:30.557+0000] {logging_mixin.py:188} INFO - [2025-12-27T14:29:30.556+0000] {dag.py:3096} INFO - Sync 1 DAGs
[2025-12-27T14:29:30.873+0000] {logging_mixin.py:188} INFO - [2025-12-27T14:29:30.872+0000] {dag.py:3954} INFO - Setting next_dagrun for example_setup_teardown to 2025-12-26 00:00:00+00:00, run_after=2025-12-27 00:00:00+00:00
[2025-12-27T14:29:31.048+0000] {processor.py:183} INFO - Processing /home/airflow/.local/lib/python3.12/site-packages/airflow/example_dags/example_setup_teardown.py took 0.736 seconds
[2025-12-27T14:30:12.686+0000] {processor.py:161} INFO - Started process (PID=1427) to work on /home/airflow/.local/lib/python3.12/site-packages/airflow/example_dags/example_setup_teardown.py
[2025-12-27T14:30:12.692+0000] {processor.py:830} INFO - Processing file /home/airflow/.local/lib/python3.12/site-packages/airflow/example_dags/example_setup_teardown.py for tasks to queue
[2025-12-27T14:30:12.701+0000] {logging_mixin.py:188} INFO - [2025-12-27T14:30:12.699+0000] {dagbag.py:540} INFO - Filling up the DagBag from /home/airflow/.local/lib/python3.12/site-packages/airflow/example_dags/example_setup_teardown.py
[2025-12-27T14:30:12.766+0000] {processor.py:840} INFO - DAG(s) 'example_setup_teardown' retrieved from /home/airflow/.local/lib/python3.12/site-packages/airflow/example_dags/example_setup_teardown.py
[2025-12-27T14:30:12.895+0000] {logging_mixin.py:188} INFO - [2025-12-27T14:30:12.894+0000] {dag.py:3096} INFO - Sync 1 DAGs
[2025-12-27T14:30:12.969+0000] {logging_mixin.py:188} INFO - [2025-12-27T14:30:12.968+0000] {dag.py:3954} INFO - Setting next_dagrun for example_setup_teardown to 2025-12-26 00:00:00+00:00, run_after=2025-12-27 00:00:00+00:00
[2025-12-27T14:30:13.058+0000] {processor.py:183} INFO - Processing /home/airflow/.local/lib/python3.12/site-packages/airflow/example_dags/example_setup_teardown.py took 0.415 seconds
[2025-12-27T14:30:43.655+0000] {processor.py:161} INFO - Started process (PID=1486) to work on /home/airflow/.local/lib/python3.12/site-packages/airflow/example_dags/example_setup_teardown.py
[2025-12-27T14:30:43.659+0000] {processor.py:830} INFO - Processing file /home/airflow/.local/lib/python3.12/site-packages/airflow/example_dags/example_setup_teardown.py for tasks to queue
[2025-12-27T14:30:43.663+0000] {logging_mixin.py:188} INFO - [2025-12-27T14:30:43.662+0000] {dagbag.py:540} INFO - Filling up the DagBag from /home/airflow/.local/lib/python3.12/site-packages/airflow/example_dags/example_setup_teardown.py
[2025-12-27T14:30:43.695+0000] {processor.py:840} INFO - DAG(s) 'example_setup_teardown' retrieved from /home/airflow/.local/lib/python3.12/site-packages/airflow/example_dags/example_setup_teardown.py
[2025-12-27T14:30:43.763+0000] {logging_mixin.py:188} INFO - [2025-12-27T14:30:43.762+0000] {dag.py:3096} INFO - Sync 1 DAGs
[2025-12-27T14:30:43.830+0000] {logging_mixin.py:188} INFO - [2025-12-27T14:30:43.829+0000] {dag.py:3954} INFO - Setting next_dagrun for example_setup_teardown to 2025-12-26 00:00:00+00:00, run_after=2025-12-27 00:00:00+00:00
[2025-12-27T14:30:43.895+0000] {processor.py:183} INFO - Processing /home/airflow/.local/lib/python3.12/site-packages/airflow/example_dags/example_setup_teardown.py took 0.262 seconds
[2025-12-27T14:31:14.254+0000] {processor.py:161} INFO - Started process (PID=1544) to work on /home/airflow/.local/lib/python3.12/site-packages/airflow/example_dags/example_setup_teardown.py
[2025-12-27T14:31:14.257+0000] {processor.py:830} INFO - Processing file /home/airflow/.local/lib/python3.12/site-packages/airflow/example_dags/example_setup_teardown.py for tasks to queue
[2025-12-27T14:31:14.261+0000] {logging_mixin.py:188} INFO - [2025-12-27T14:31:14.260+0000] {dagbag.py:540} INFO - Filling up the DagBag from /home/airflow/.local/lib/python3.12/site-packages/airflow/example_dags/example_setup_teardown.py
[2025-12-27T14:31:14.281+0000] {processor.py:840} INFO - DAG(s) 'example_setup_teardown' retrieved from /home/airflow/.local/lib/python3.12/site-packages/airflow/example_dags/example_setup_teardown.py
[2025-12-27T14:31:14.346+0000] {logging_mixin.py:188} INFO - [2025-12-27T14:31:14.345+0000] {dag.py:3096} INFO - Sync 1 DAGs
[2025-12-27T14:31:14.449+0000] {logging_mixin.py:188} INFO - [2025-12-27T14:31:14.448+0000] {dag.py:3954} INFO - Setting next_dagrun for example_setup_teardown to 2025-12-26 00:00:00+00:00, run_after=2025-12-27 00:00:00+00:00
[2025-12-27T14:31:14.528+0000] {processor.py:183} INFO - Processing /home/airflow/.local/lib/python3.12/site-packages/airflow/example_dags/example_setup_teardown.py took 0.290 seconds
[2025-12-27T14:31:44.860+0000] {processor.py:161} INFO - Started process (PID=1602) to work on /home/airflow/.local/lib/python3.12/site-packages/airflow/example_dags/example_setup_teardown.py
[2025-12-27T14:31:44.865+0000] {processor.py:830} INFO - Processing file /home/airflow/.local/lib/python3.12/site-packages/airflow/example_dags/example_setup_teardown.py for tasks to queue
[2025-12-27T14:31:44.880+0000] {logging_mixin.py:188} INFO - [2025-12-27T14:31:44.877+0000] {dagbag.py:540} INFO - Filling up the DagBag from /home/airflow/.local/lib/python3.12/site-packages/airflow/example_dags/example_setup_teardown.py
[2025-12-27T14:31:44.902+0000] {processor.py:840} INFO - DAG(s) 'example_setup_teardown' retrieved from /home/airflow/.local/lib/python3.12/site-packages/airflow/example_dags/example_setup_teardown.py
[2025-12-27T14:31:44.970+0000] {logging_mixin.py:188} INFO - [2025-12-27T14:31:44.969+0000] {dag.py:3096} INFO - Sync 1 DAGs
[2025-12-27T14:31:45.047+0000] {logging_mixin.py:188} INFO - [2025-12-27T14:31:45.046+0000] {dag.py:3954} INFO - Setting next_dagrun for example_setup_teardown to 2025-12-26 00:00:00+00:00, run_after=2025-12-27 00:00:00+00:00
[2025-12-27T14:31:45.141+0000] {processor.py:183} INFO - Processing /home/airflow/.local/lib/python3.12/site-packages/airflow/example_dags/example_setup_teardown.py took 0.331 seconds
[2025-12-27T14:32:15.564+0000] {processor.py:161} INFO - Started process (PID=1660) to work on /home/airflow/.local/lib/python3.12/site-packages/airflow/example_dags/example_setup_teardown.py
[2025-12-27T14:32:15.568+0000] {processor.py:830} INFO - Processing file /home/airflow/.local/lib/python3.12/site-packages/airflow/example_dags/example_setup_teardown.py for tasks to queue
[2025-12-27T14:32:15.571+0000] {logging_mixin.py:188} INFO - [2025-12-27T14:32:15.570+0000] {dagbag.py:540} INFO - Filling up the DagBag from /home/airflow/.local/lib/python3.12/site-packages/airflow/example_dags/example_setup_teardown.py
[2025-12-27T14:32:15.598+0000] {processor.py:840} INFO - DAG(s) 'example_setup_teardown' retrieved from /home/airflow/.local/lib/python3.12/site-packages/airflow/example_dags/example_setup_teardown.py
[2025-12-27T14:32:15.660+0000] {logging_mixin.py:188} INFO - [2025-12-27T14:32:15.660+0000] {dag.py:3096} INFO - Sync 1 DAGs
[2025-12-27T14:32:15.724+0000] {logging_mixin.py:188} INFO - [2025-12-27T14:32:15.723+0000] {dag.py:3954} INFO - Setting next_dagrun for example_setup_teardown to 2025-12-26 00:00:00+00:00, run_after=2025-12-27 00:00:00+00:00
[2025-12-27T14:32:15.782+0000] {processor.py:183} INFO - Processing /home/airflow/.local/lib/python3.12/site-packages/airflow/example_dags/example_setup_teardown.py took 0.247 seconds
[2025-12-27T14:32:46.217+0000] {processor.py:161} INFO - Started process (PID=1716) to work on /home/airflow/.local/lib/python3.12/site-packages/airflow/example_dags/example_setup_teardown.py
[2025-12-27T14:32:46.221+0000] {processor.py:830} INFO - Processing file /home/airflow/.local/lib/python3.12/site-packages/airflow/example_dags/example_setup_teardown.py for tasks to queue
[2025-12-27T14:32:46.225+0000] {logging_mixin.py:188} INFO - [2025-12-27T14:32:46.224+0000] {dagbag.py:540} INFO - Filling up the DagBag from /home/airflow/.local/lib/python3.12/site-packages/airflow/example_dags/example_setup_teardown.py
[2025-12-27T14:32:46.258+0000] {processor.py:840} INFO - DAG(s) 'example_setup_teardown' retrieved from /home/airflow/.local/lib/python3.12/site-packages/airflow/example_dags/example_setup_teardown.py
[2025-12-27T14:32:46.373+0000] {logging_mixin.py:188} INFO - [2025-12-27T14:32:46.372+0000] {dag.py:3096} INFO - Sync 1 DAGs
[2025-12-27T14:32:46.466+0000] {logging_mixin.py:188} INFO - [2025-12-27T14:32:46.465+0000] {dag.py:3954} INFO - Setting next_dagrun for example_setup_teardown to 2025-12-26 00:00:00+00:00, run_after=2025-12-27 00:00:00+00:00
[2025-12-27T14:32:46.536+0000] {processor.py:183} INFO - Processing /home/airflow/.local/lib/python3.12/site-packages/airflow/example_dags/example_setup_teardown.py took 0.355 seconds
[2025-12-27T14:33:18.860+0000] {processor.py:161} INFO - Started process (PID=1776) to work on /home/airflow/.local/lib/python3.12/site-packages/airflow/example_dags/example_setup_teardown.py
[2025-12-27T14:33:18.863+0000] {processor.py:830} INFO - Processing file /home/airflow/.local/lib/python3.12/site-packages/airflow/example_dags/example_setup_teardown.py for tasks to queue
[2025-12-27T14:33:18.867+0000] {logging_mixin.py:188} INFO - [2025-12-27T14:33:18.865+0000] {dagbag.py:540} INFO - Filling up the DagBag from /home/airflow/.local/lib/python3.12/site-packages/airflow/example_dags/example_setup_teardown.py
[2025-12-27T14:33:18.905+0000] {processor.py:840} INFO - DAG(s) 'example_setup_teardown' retrieved from /home/airflow/.local/lib/python3.12/site-packages/airflow/example_dags/example_setup_teardown.py
[2025-12-27T14:33:19.108+0000] {logging_mixin.py:188} INFO - [2025-12-27T14:33:19.108+0000] {dag.py:3096} INFO - Sync 1 DAGs
[2025-12-27T14:33:19.254+0000] {logging_mixin.py:188} INFO - [2025-12-27T14:33:19.253+0000] {dag.py:3954} INFO - Setting next_dagrun for example_setup_teardown to 2025-12-26 00:00:00+00:00, run_after=2025-12-27 00:00:00+00:00
[2025-12-27T14:33:19.357+0000] {processor.py:183} INFO - Processing /home/airflow/.local/lib/python3.12/site-packages/airflow/example_dags/example_setup_teardown.py took 0.534 seconds
[2025-12-27T14:33:49.713+0000] {processor.py:161} INFO - Started process (PID=1834) to work on /home/airflow/.local/lib/python3.12/site-packages/airflow/example_dags/example_setup_teardown.py
[2025-12-27T14:33:49.716+0000] {processor.py:830} INFO - Processing file /home/airflow/.local/lib/python3.12/site-packages/airflow/example_dags/example_setup_teardown.py for tasks to queue
[2025-12-27T14:33:49.720+0000] {logging_mixin.py:188} INFO - [2025-12-27T14:33:49.719+0000] {dagbag.py:540} INFO - Filling up the DagBag from /home/airflow/.local/lib/python3.12/site-packages/airflow/example_dags/example_setup_teardown.py
[2025-12-27T14:33:49.744+0000] {processor.py:840} INFO - DAG(s) 'example_setup_teardown' retrieved from /home/airflow/.local/lib/python3.12/site-packages/airflow/example_dags/example_setup_teardown.py
[2025-12-27T14:33:49.802+0000] {logging_mixin.py:188} INFO - [2025-12-27T14:33:49.802+0000] {dag.py:3096} INFO - Sync 1 DAGs
[2025-12-27T14:33:49.861+0000] {logging_mixin.py:188} INFO - [2025-12-27T14:33:49.861+0000] {dag.py:3954} INFO - Setting next_dagrun for example_setup_teardown to 2025-12-26 00:00:00+00:00, run_after=2025-12-27 00:00:00+00:00
[2025-12-27T14:33:49.916+0000] {processor.py:183} INFO - Processing /home/airflow/.local/lib/python3.12/site-packages/airflow/example_dags/example_setup_teardown.py took 0.222 seconds
[2025-12-27T14:34:20.815+0000] {processor.py:161} INFO - Started process (PID=1892) to work on /home/airflow/.local/lib/python3.12/site-packages/airflow/example_dags/example_setup_teardown.py
[2025-12-27T14:34:20.819+0000] {processor.py:830} INFO - Processing file /home/airflow/.local/lib/python3.12/site-packages/airflow/example_dags/example_setup_teardown.py for tasks to queue
[2025-12-27T14:34:20.822+0000] {logging_mixin.py:188} INFO - [2025-12-27T14:34:20.821+0000] {dagbag.py:540} INFO - Filling up the DagBag from /home/airflow/.local/lib/python3.12/site-packages/airflow/example_dags/example_setup_teardown.py
[2025-12-27T14:34:20.848+0000] {processor.py:840} INFO - DAG(s) 'example_setup_teardown' retrieved from /home/airflow/.local/lib/python3.12/site-packages/airflow/example_dags/example_setup_teardown.py
[2025-12-27T14:34:20.922+0000] {logging_mixin.py:188} INFO - [2025-12-27T14:34:20.922+0000] {dag.py:3096} INFO - Sync 1 DAGs
[2025-12-27T14:34:21.144+0000] {logging_mixin.py:188} INFO - [2025-12-27T14:34:21.143+0000] {dag.py:3954} INFO - Setting next_dagrun for example_setup_teardown to 2025-12-26 00:00:00+00:00, run_after=2025-12-27 00:00:00+00:00
[2025-12-27T14:34:21.234+0000] {processor.py:183} INFO - Processing /home/airflow/.local/lib/python3.12/site-packages/airflow/example_dags/example_setup_teardown.py took 0.437 seconds
[2025-12-27T14:34:51.824+0000] {processor.py:161} INFO - Started process (PID=1957) to work on /home/airflow/.local/lib/python3.12/site-packages/airflow/example_dags/example_setup_teardown.py
[2025-12-27T14:34:51.830+0000] {processor.py:830} INFO - Processing file /home/airflow/.local/lib/python3.12/site-packages/airflow/example_dags/example_setup_teardown.py for tasks to queue
[2025-12-27T14:34:51.835+0000] {logging_mixin.py:188} INFO - [2025-12-27T14:34:51.833+0000] {dagbag.py:540} INFO - Filling up the DagBag from /home/airflow/.local/lib/python3.12/site-packages/airflow/example_dags/example_setup_teardown.py
[2025-12-27T14:34:51.905+0000] {processor.py:840} INFO - DAG(s) 'example_setup_teardown' retrieved from /home/airflow/.local/lib/python3.12/site-packages/airflow/example_dags/example_setup_teardown.py
[2025-12-27T14:34:51.982+0000] {logging_mixin.py:188} INFO - [2025-12-27T14:34:51.982+0000] {dag.py:3096} INFO - Sync 1 DAGs
[2025-12-27T14:34:52.066+0000] {logging_mixin.py:188} INFO - [2025-12-27T14:34:52.065+0000] {dag.py:3954} INFO - Setting next_dagrun for example_setup_teardown to 2025-12-26 00:00:00+00:00, run_after=2025-12-27 00:00:00+00:00
[2025-12-27T14:34:52.146+0000] {processor.py:183} INFO - Processing /home/airflow/.local/lib/python3.12/site-packages/airflow/example_dags/example_setup_teardown.py took 0.355 seconds
[2025-12-27T14:35:23.120+0000] {processor.py:161} INFO - Started process (PID=2015) to work on /home/airflow/.local/lib/python3.12/site-packages/airflow/example_dags/example_setup_teardown.py
[2025-12-27T14:35:23.130+0000] {processor.py:830} INFO - Processing file /home/airflow/.local/lib/python3.12/site-packages/airflow/example_dags/example_setup_teardown.py for tasks to queue
[2025-12-27T14:35:23.136+0000] {logging_mixin.py:188} INFO - [2025-12-27T14:35:23.134+0000] {dagbag.py:540} INFO - Filling up the DagBag from /home/airflow/.local/lib/python3.12/site-packages/airflow/example_dags/example_setup_teardown.py
[2025-12-27T14:35:23.182+0000] {processor.py:840} INFO - DAG(s) 'example_setup_teardown' retrieved from /home/airflow/.local/lib/python3.12/site-packages/airflow/example_dags/example_setup_teardown.py
[2025-12-27T14:35:23.306+0000] {logging_mixin.py:188} INFO - [2025-12-27T14:35:23.305+0000] {dag.py:3096} INFO - Sync 1 DAGs
[2025-12-27T14:35:23.431+0000] {logging_mixin.py:188} INFO - [2025-12-27T14:35:23.430+0000] {dag.py:3954} INFO - Setting next_dagrun for example_setup_teardown to 2025-12-26 00:00:00+00:00, run_after=2025-12-27 00:00:00+00:00
[2025-12-27T14:35:23.505+0000] {processor.py:183} INFO - Processing /home/airflow/.local/lib/python3.12/site-packages/airflow/example_dags/example_setup_teardown.py took 0.429 seconds
[2025-12-27T14:35:54.841+0000] {processor.py:161} INFO - Started process (PID=2073) to work on /home/airflow/.local/lib/python3.12/site-packages/airflow/example_dags/example_setup_teardown.py
[2025-12-27T14:35:54.848+0000] {processor.py:830} INFO - Processing file /home/airflow/.local/lib/python3.12/site-packages/airflow/example_dags/example_setup_teardown.py for tasks to queue
[2025-12-27T14:35:54.854+0000] {logging_mixin.py:188} INFO - [2025-12-27T14:35:54.853+0000] {dagbag.py:540} INFO - Filling up the DagBag from /home/airflow/.local/lib/python3.12/site-packages/airflow/example_dags/example_setup_teardown.py
[2025-12-27T14:35:54.895+0000] {processor.py:840} INFO - DAG(s) 'example_setup_teardown' retrieved from /home/airflow/.local/lib/python3.12/site-packages/airflow/example_dags/example_setup_teardown.py
[2025-12-27T14:35:55.058+0000] {logging_mixin.py:188} INFO - [2025-12-27T14:35:55.057+0000] {dag.py:3096} INFO - Sync 1 DAGs
[2025-12-27T14:35:55.376+0000] {logging_mixin.py:188} INFO - [2025-12-27T14:35:55.375+0000] {dag.py:3954} INFO - Setting next_dagrun for example_setup_teardown to 2025-12-26 00:00:00+00:00, run_after=2025-12-27 00:00:00+00:00
[2025-12-27T14:35:55.586+0000] {processor.py:183} INFO - Processing /home/airflow/.local/lib/python3.12/site-packages/airflow/example_dags/example_setup_teardown.py took 0.775 seconds
[2025-12-27T14:36:38.346+0000] {processor.py:161} INFO - Started process (PID=2139) to work on /home/airflow/.local/lib/python3.12/site-packages/airflow/example_dags/example_setup_teardown.py
[2025-12-27T14:36:38.350+0000] {processor.py:830} INFO - Processing file /home/airflow/.local/lib/python3.12/site-packages/airflow/example_dags/example_setup_teardown.py for tasks to queue
[2025-12-27T14:36:38.355+0000] {logging_mixin.py:188} INFO - [2025-12-27T14:36:38.353+0000] {dagbag.py:540} INFO - Filling up the DagBag from /home/airflow/.local/lib/python3.12/site-packages/airflow/example_dags/example_setup_teardown.py
[2025-12-27T14:36:38.387+0000] {processor.py:840} INFO - DAG(s) 'example_setup_teardown' retrieved from /home/airflow/.local/lib/python3.12/site-packages/airflow/example_dags/example_setup_teardown.py
[2025-12-27T14:36:38.472+0000] {logging_mixin.py:188} INFO - [2025-12-27T14:36:38.472+0000] {dag.py:3096} INFO - Sync 1 DAGs
[2025-12-27T14:36:38.559+0000] {logging_mixin.py:188} INFO - [2025-12-27T14:36:38.558+0000] {dag.py:3954} INFO - Setting next_dagrun for example_setup_teardown to 2025-12-26 00:00:00+00:00, run_after=2025-12-27 00:00:00+00:00
[2025-12-27T14:36:38.642+0000] {processor.py:183} INFO - Processing /home/airflow/.local/lib/python3.12/site-packages/airflow/example_dags/example_setup_teardown.py took 0.320 seconds
[2025-12-27T14:37:09.046+0000] {processor.py:161} INFO - Started process (PID=2198) to work on /home/airflow/.local/lib/python3.12/site-packages/airflow/example_dags/example_setup_teardown.py
[2025-12-27T14:37:09.049+0000] {processor.py:830} INFO - Processing file /home/airflow/.local/lib/python3.12/site-packages/airflow/example_dags/example_setup_teardown.py for tasks to queue
[2025-12-27T14:37:09.052+0000] {logging_mixin.py:188} INFO - [2025-12-27T14:37:09.051+0000] {dagbag.py:540} INFO - Filling up the DagBag from /home/airflow/.local/lib/python3.12/site-packages/airflow/example_dags/example_setup_teardown.py
[2025-12-27T14:37:09.074+0000] {processor.py:840} INFO - DAG(s) 'example_setup_teardown' retrieved from /home/airflow/.local/lib/python3.12/site-packages/airflow/example_dags/example_setup_teardown.py
[2025-12-27T14:37:09.137+0000] {logging_mixin.py:188} INFO - [2025-12-27T14:37:09.136+0000] {dag.py:3096} INFO - Sync 1 DAGs
[2025-12-27T14:37:09.199+0000] {logging_mixin.py:188} INFO - [2025-12-27T14:37:09.199+0000] {dag.py:3954} INFO - Setting next_dagrun for example_setup_teardown to 2025-12-26 00:00:00+00:00, run_after=2025-12-27 00:00:00+00:00
[2025-12-27T14:37:09.253+0000] {processor.py:183} INFO - Processing /home/airflow/.local/lib/python3.12/site-packages/airflow/example_dags/example_setup_teardown.py took 0.223 seconds
[2025-12-27T14:37:41.167+0000] {processor.py:161} INFO - Started process (PID=2257) to work on /home/airflow/.local/lib/python3.12/site-packages/airflow/example_dags/example_setup_teardown.py
[2025-12-27T14:37:41.171+0000] {processor.py:830} INFO - Processing file /home/airflow/.local/lib/python3.12/site-packages/airflow/example_dags/example_setup_teardown.py for tasks to queue
[2025-12-27T14:37:41.173+0000] {logging_mixin.py:188} INFO - [2025-12-27T14:37:41.173+0000] {dagbag.py:540} INFO - Filling up the DagBag from /home/airflow/.local/lib/python3.12/site-packages/airflow/example_dags/example_setup_teardown.py
[2025-12-27T14:37:41.197+0000] {processor.py:840} INFO - DAG(s) 'example_setup_teardown' retrieved from /home/airflow/.local/lib/python3.12/site-packages/airflow/example_dags/example_setup_teardown.py
[2025-12-27T14:37:41.268+0000] {logging_mixin.py:188} INFO - [2025-12-27T14:37:41.268+0000] {dag.py:3096} INFO - Sync 1 DAGs
[2025-12-27T14:37:41.334+0000] {logging_mixin.py:188} INFO - [2025-12-27T14:37:41.334+0000] {dag.py:3954} INFO - Setting next_dagrun for example_setup_teardown to 2025-12-26 00:00:00+00:00, run_after=2025-12-27 00:00:00+00:00
[2025-12-27T14:37:41.401+0000] {processor.py:183} INFO - Processing /home/airflow/.local/lib/python3.12/site-packages/airflow/example_dags/example_setup_teardown.py took 0.250 seconds
[2025-12-27T14:38:12.710+0000] {processor.py:161} INFO - Started process (PID=2315) to work on /home/airflow/.local/lib/python3.12/site-packages/airflow/example_dags/example_setup_teardown.py
[2025-12-27T14:38:12.715+0000] {processor.py:830} INFO - Processing file /home/airflow/.local/lib/python3.12/site-packages/airflow/example_dags/example_setup_teardown.py for tasks to queue
[2025-12-27T14:38:12.718+0000] {logging_mixin.py:188} INFO - [2025-12-27T14:38:12.717+0000] {dagbag.py:540} INFO - Filling up the DagBag from /home/airflow/.local/lib/python3.12/site-packages/airflow/example_dags/example_setup_teardown.py
[2025-12-27T14:38:12.747+0000] {processor.py:840} INFO - DAG(s) 'example_setup_teardown' retrieved from /home/airflow/.local/lib/python3.12/site-packages/airflow/example_dags/example_setup_teardown.py
[2025-12-27T14:38:12.815+0000] {logging_mixin.py:188} INFO - [2025-12-27T14:38:12.814+0000] {dag.py:3096} INFO - Sync 1 DAGs
[2025-12-27T14:38:13.013+0000] {logging_mixin.py:188} INFO - [2025-12-27T14:38:13.012+0000] {dag.py:3954} INFO - Setting next_dagrun for example_setup_teardown to 2025-12-26 00:00:00+00:00, run_after=2025-12-27 00:00:00+00:00
[2025-12-27T14:38:13.140+0000] {processor.py:183} INFO - Processing /home/airflow/.local/lib/python3.12/site-packages/airflow/example_dags/example_setup_teardown.py took 0.449 seconds
[2025-12-27T14:38:45.673+0000] {processor.py:161} INFO - Started process (PID=2374) to work on /home/airflow/.local/lib/python3.12/site-packages/airflow/example_dags/example_setup_teardown.py
[2025-12-27T14:38:45.677+0000] {processor.py:830} INFO - Processing file /home/airflow/.local/lib/python3.12/site-packages/airflow/example_dags/example_setup_teardown.py for tasks to queue
[2025-12-27T14:38:45.680+0000] {logging_mixin.py:188} INFO - [2025-12-27T14:38:45.679+0000] {dagbag.py:540} INFO - Filling up the DagBag from /home/airflow/.local/lib/python3.12/site-packages/airflow/example_dags/example_setup_teardown.py
[2025-12-27T14:38:45.710+0000] {processor.py:840} INFO - DAG(s) 'example_setup_teardown' retrieved from /home/airflow/.local/lib/python3.12/site-packages/airflow/example_dags/example_setup_teardown.py
[2025-12-27T14:38:45.788+0000] {logging_mixin.py:188} INFO - [2025-12-27T14:38:45.788+0000] {dag.py:3096} INFO - Sync 1 DAGs
[2025-12-27T14:38:45.888+0000] {logging_mixin.py:188} INFO - [2025-12-27T14:38:45.887+0000] {dag.py:3954} INFO - Setting next_dagrun for example_setup_teardown to 2025-12-26 00:00:00+00:00, run_after=2025-12-27 00:00:00+00:00
[2025-12-27T14:38:45.976+0000] {processor.py:183} INFO - Processing /home/airflow/.local/lib/python3.12/site-packages/airflow/example_dags/example_setup_teardown.py took 0.326 seconds
[2025-12-27T14:39:17.526+0000] {processor.py:161} INFO - Started process (PID=2432) to work on /home/airflow/.local/lib/python3.12/site-packages/airflow/example_dags/example_setup_teardown.py
[2025-12-27T14:39:17.553+0000] {processor.py:830} INFO - Processing file /home/airflow/.local/lib/python3.12/site-packages/airflow/example_dags/example_setup_teardown.py for tasks to queue
[2025-12-27T14:39:17.573+0000] {logging_mixin.py:188} INFO - [2025-12-27T14:39:17.572+0000] {dagbag.py:540} INFO - Filling up the DagBag from /home/airflow/.local/lib/python3.12/site-packages/airflow/example_dags/example_setup_teardown.py
[2025-12-27T14:39:17.715+0000] {processor.py:840} INFO - DAG(s) 'example_setup_teardown' retrieved from /home/airflow/.local/lib/python3.12/site-packages/airflow/example_dags/example_setup_teardown.py
[2025-12-27T14:39:17.947+0000] {logging_mixin.py:188} INFO - [2025-12-27T14:39:17.937+0000] {dag.py:3096} INFO - Sync 1 DAGs
[2025-12-27T14:39:18.107+0000] {logging_mixin.py:188} INFO - [2025-12-27T14:39:18.107+0000] {dag.py:3954} INFO - Setting next_dagrun for example_setup_teardown to 2025-12-26 00:00:00+00:00, run_after=2025-12-27 00:00:00+00:00
[2025-12-27T14:39:18.261+0000] {processor.py:183} INFO - Processing /home/airflow/.local/lib/python3.12/site-packages/airflow/example_dags/example_setup_teardown.py took 0.772 seconds
[2025-12-27T14:39:48.591+0000] {processor.py:161} INFO - Started process (PID=2490) to work on /home/airflow/.local/lib/python3.12/site-packages/airflow/example_dags/example_setup_teardown.py
[2025-12-27T14:39:48.594+0000] {processor.py:830} INFO - Processing file /home/airflow/.local/lib/python3.12/site-packages/airflow/example_dags/example_setup_teardown.py for tasks to queue
[2025-12-27T14:39:48.597+0000] {logging_mixin.py:188} INFO - [2025-12-27T14:39:48.596+0000] {dagbag.py:540} INFO - Filling up the DagBag from /home/airflow/.local/lib/python3.12/site-packages/airflow/example_dags/example_setup_teardown.py
[2025-12-27T14:39:48.625+0000] {processor.py:840} INFO - DAG(s) 'example_setup_teardown' retrieved from /home/airflow/.local/lib/python3.12/site-packages/airflow/example_dags/example_setup_teardown.py
[2025-12-27T14:39:48.703+0000] {logging_mixin.py:188} INFO - [2025-12-27T14:39:48.703+0000] {dag.py:3096} INFO - Sync 1 DAGs
[2025-12-27T14:39:48.777+0000] {logging_mixin.py:188} INFO - [2025-12-27T14:39:48.776+0000] {dag.py:3954} INFO - Setting next_dagrun for example_setup_teardown to 2025-12-26 00:00:00+00:00, run_after=2025-12-27 00:00:00+00:00
[2025-12-27T14:39:48.836+0000] {processor.py:183} INFO - Processing /home/airflow/.local/lib/python3.12/site-packages/airflow/example_dags/example_setup_teardown.py took 0.264 seconds
[2025-12-27T14:40:18.956+0000] {processor.py:161} INFO - Started process (PID=2546) to work on /home/airflow/.local/lib/python3.12/site-packages/airflow/example_dags/example_setup_teardown.py
[2025-12-27T14:40:18.959+0000] {processor.py:830} INFO - Processing file /home/airflow/.local/lib/python3.12/site-packages/airflow/example_dags/example_setup_teardown.py for tasks to queue
[2025-12-27T14:40:18.962+0000] {logging_mixin.py:188} INFO - [2025-12-27T14:40:18.961+0000] {dagbag.py:540} INFO - Filling up the DagBag from /home/airflow/.local/lib/python3.12/site-packages/airflow/example_dags/example_setup_teardown.py
[2025-12-27T14:40:18.990+0000] {processor.py:840} INFO - DAG(s) 'example_setup_teardown' retrieved from /home/airflow/.local/lib/python3.12/site-packages/airflow/example_dags/example_setup_teardown.py
[2025-12-27T14:40:19.047+0000] {logging_mixin.py:188} INFO - [2025-12-27T14:40:19.046+0000] {dag.py:3096} INFO - Sync 1 DAGs
[2025-12-27T14:40:19.112+0000] {logging_mixin.py:188} INFO - [2025-12-27T14:40:19.111+0000] {dag.py:3954} INFO - Setting next_dagrun for example_setup_teardown to 2025-12-26 00:00:00+00:00, run_after=2025-12-27 00:00:00+00:00
[2025-12-27T14:40:19.165+0000] {processor.py:183} INFO - Processing /home/airflow/.local/lib/python3.12/site-packages/airflow/example_dags/example_setup_teardown.py took 0.231 seconds
[2025-12-27T14:40:49.411+0000] {processor.py:161} INFO - Started process (PID=2604) to work on /home/airflow/.local/lib/python3.12/site-packages/airflow/example_dags/example_setup_teardown.py
[2025-12-27T14:40:49.413+0000] {processor.py:830} INFO - Processing file /home/airflow/.local/lib/python3.12/site-packages/airflow/example_dags/example_setup_teardown.py for tasks to queue
[2025-12-27T14:40:49.416+0000] {logging_mixin.py:188} INFO - [2025-12-27T14:40:49.415+0000] {dagbag.py:540} INFO - Filling up the DagBag from /home/airflow/.local/lib/python3.12/site-packages/airflow/example_dags/example_setup_teardown.py
[2025-12-27T14:40:49.440+0000] {processor.py:840} INFO - DAG(s) 'example_setup_teardown' retrieved from /home/airflow/.local/lib/python3.12/site-packages/airflow/example_dags/example_setup_teardown.py
[2025-12-27T14:40:49.499+0000] {logging_mixin.py:188} INFO - [2025-12-27T14:40:49.498+0000] {dag.py:3096} INFO - Sync 1 DAGs
[2025-12-27T14:40:49.557+0000] {logging_mixin.py:188} INFO - [2025-12-27T14:40:49.556+0000] {dag.py:3954} INFO - Setting next_dagrun for example_setup_teardown to 2025-12-26 00:00:00+00:00, run_after=2025-12-27 00:00:00+00:00
[2025-12-27T14:40:49.609+0000] {processor.py:183} INFO - Processing /home/airflow/.local/lib/python3.12/site-packages/airflow/example_dags/example_setup_teardown.py took 0.215 seconds
[2025-12-27T14:41:19.769+0000] {processor.py:161} INFO - Started process (PID=2662) to work on /home/airflow/.local/lib/python3.12/site-packages/airflow/example_dags/example_setup_teardown.py
[2025-12-27T14:41:19.771+0000] {processor.py:830} INFO - Processing file /home/airflow/.local/lib/python3.12/site-packages/airflow/example_dags/example_setup_teardown.py for tasks to queue
[2025-12-27T14:41:19.774+0000] {logging_mixin.py:188} INFO - [2025-12-27T14:41:19.773+0000] {dagbag.py:540} INFO - Filling up the DagBag from /home/airflow/.local/lib/python3.12/site-packages/airflow/example_dags/example_setup_teardown.py
[2025-12-27T14:41:19.796+0000] {processor.py:840} INFO - DAG(s) 'example_setup_teardown' retrieved from /home/airflow/.local/lib/python3.12/site-packages/airflow/example_dags/example_setup_teardown.py
[2025-12-27T14:41:19.848+0000] {logging_mixin.py:188} INFO - [2025-12-27T14:41:19.848+0000] {dag.py:3096} INFO - Sync 1 DAGs
[2025-12-27T14:41:19.912+0000] {logging_mixin.py:188} INFO - [2025-12-27T14:41:19.912+0000] {dag.py:3954} INFO - Setting next_dagrun for example_setup_teardown to 2025-12-26 00:00:00+00:00, run_after=2025-12-27 00:00:00+00:00
[2025-12-27T14:41:19.968+0000] {processor.py:183} INFO - Processing /home/airflow/.local/lib/python3.12/site-packages/airflow/example_dags/example_setup_teardown.py took 0.216 seconds
[2025-12-27T14:41:50.192+0000] {processor.py:161} INFO - Started process (PID=2720) to work on /home/airflow/.local/lib/python3.12/site-packages/airflow/example_dags/example_setup_teardown.py
[2025-12-27T14:41:50.195+0000] {processor.py:830} INFO - Processing file /home/airflow/.local/lib/python3.12/site-packages/airflow/example_dags/example_setup_teardown.py for tasks to queue
[2025-12-27T14:41:50.197+0000] {logging_mixin.py:188} INFO - [2025-12-27T14:41:50.196+0000] {dagbag.py:540} INFO - Filling up the DagBag from /home/airflow/.local/lib/python3.12/site-packages/airflow/example_dags/example_setup_teardown.py
[2025-12-27T14:41:50.221+0000] {processor.py:840} INFO - DAG(s) 'example_setup_teardown' retrieved from /home/airflow/.local/lib/python3.12/site-packages/airflow/example_dags/example_setup_teardown.py
[2025-12-27T14:41:50.282+0000] {logging_mixin.py:188} INFO - [2025-12-27T14:41:50.281+0000] {dag.py:3096} INFO - Sync 1 DAGs
[2025-12-27T14:41:50.367+0000] {logging_mixin.py:188} INFO - [2025-12-27T14:41:50.367+0000] {dag.py:3954} INFO - Setting next_dagrun for example_setup_teardown to 2025-12-26 00:00:00+00:00, run_after=2025-12-27 00:00:00+00:00
[2025-12-27T14:41:50.437+0000] {processor.py:183} INFO - Processing /home/airflow/.local/lib/python3.12/site-packages/airflow/example_dags/example_setup_teardown.py took 0.267 seconds
[2025-12-27T14:42:21.141+0000] {processor.py:161} INFO - Started process (PID=2778) to work on /home/airflow/.local/lib/python3.12/site-packages/airflow/example_dags/example_setup_teardown.py
[2025-12-27T14:42:21.144+0000] {processor.py:830} INFO - Processing file /home/airflow/.local/lib/python3.12/site-packages/airflow/example_dags/example_setup_teardown.py for tasks to queue
[2025-12-27T14:42:21.146+0000] {logging_mixin.py:188} INFO - [2025-12-27T14:42:21.145+0000] {dagbag.py:540} INFO - Filling up the DagBag from /home/airflow/.local/lib/python3.12/site-packages/airflow/example_dags/example_setup_teardown.py
[2025-12-27T14:42:21.168+0000] {processor.py:840} INFO - DAG(s) 'example_setup_teardown' retrieved from /home/airflow/.local/lib/python3.12/site-packages/airflow/example_dags/example_setup_teardown.py
[2025-12-27T14:42:21.226+0000] {logging_mixin.py:188} INFO - [2025-12-27T14:42:21.225+0000] {dag.py:3096} INFO - Sync 1 DAGs
[2025-12-27T14:42:21.288+0000] {logging_mixin.py:188} INFO - [2025-12-27T14:42:21.287+0000] {dag.py:3954} INFO - Setting next_dagrun for example_setup_teardown to 2025-12-26 00:00:00+00:00, run_after=2025-12-27 00:00:00+00:00
[2025-12-27T14:42:21.345+0000] {processor.py:183} INFO - Processing /home/airflow/.local/lib/python3.12/site-packages/airflow/example_dags/example_setup_teardown.py took 0.220 seconds
[2025-12-27T14:42:51.666+0000] {processor.py:161} INFO - Started process (PID=2836) to work on /home/airflow/.local/lib/python3.12/site-packages/airflow/example_dags/example_setup_teardown.py
[2025-12-27T14:42:51.668+0000] {processor.py:830} INFO - Processing file /home/airflow/.local/lib/python3.12/site-packages/airflow/example_dags/example_setup_teardown.py for tasks to queue
[2025-12-27T14:42:51.671+0000] {logging_mixin.py:188} INFO - [2025-12-27T14:42:51.670+0000] {dagbag.py:540} INFO - Filling up the DagBag from /home/airflow/.local/lib/python3.12/site-packages/airflow/example_dags/example_setup_teardown.py
[2025-12-27T14:42:51.696+0000] {processor.py:840} INFO - DAG(s) 'example_setup_teardown' retrieved from /home/airflow/.local/lib/python3.12/site-packages/airflow/example_dags/example_setup_teardown.py
[2025-12-27T14:42:51.758+0000] {logging_mixin.py:188} INFO - [2025-12-27T14:42:51.758+0000] {dag.py:3096} INFO - Sync 1 DAGs
[2025-12-27T14:42:51.820+0000] {logging_mixin.py:188} INFO - [2025-12-27T14:42:51.819+0000] {dag.py:3954} INFO - Setting next_dagrun for example_setup_teardown to 2025-12-26 00:00:00+00:00, run_after=2025-12-27 00:00:00+00:00
[2025-12-27T14:42:51.876+0000] {processor.py:183} INFO - Processing /home/airflow/.local/lib/python3.12/site-packages/airflow/example_dags/example_setup_teardown.py took 0.232 seconds
[2025-12-27T14:43:22.826+0000] {processor.py:161} INFO - Started process (PID=2893) to work on /home/airflow/.local/lib/python3.12/site-packages/airflow/example_dags/example_setup_teardown.py
[2025-12-27T14:43:22.830+0000] {processor.py:830} INFO - Processing file /home/airflow/.local/lib/python3.12/site-packages/airflow/example_dags/example_setup_teardown.py for tasks to queue
[2025-12-27T14:43:22.834+0000] {logging_mixin.py:188} INFO - [2025-12-27T14:43:22.832+0000] {dagbag.py:540} INFO - Filling up the DagBag from /home/airflow/.local/lib/python3.12/site-packages/airflow/example_dags/example_setup_teardown.py
[2025-12-27T14:43:22.873+0000] {processor.py:840} INFO - DAG(s) 'example_setup_teardown' retrieved from /home/airflow/.local/lib/python3.12/site-packages/airflow/example_dags/example_setup_teardown.py
[2025-12-27T14:43:22.949+0000] {logging_mixin.py:188} INFO - [2025-12-27T14:43:22.948+0000] {dag.py:3096} INFO - Sync 1 DAGs
[2025-12-27T14:43:23.028+0000] {logging_mixin.py:188} INFO - [2025-12-27T14:43:23.028+0000] {dag.py:3954} INFO - Setting next_dagrun for example_setup_teardown to 2025-12-26 00:00:00+00:00, run_after=2025-12-27 00:00:00+00:00
[2025-12-27T14:43:23.093+0000] {processor.py:183} INFO - Processing /home/airflow/.local/lib/python3.12/site-packages/airflow/example_dags/example_setup_teardown.py took 0.300 seconds
[2025-12-27T14:43:53.718+0000] {processor.py:161} INFO - Started process (PID=2951) to work on /home/airflow/.local/lib/python3.12/site-packages/airflow/example_dags/example_setup_teardown.py
[2025-12-27T14:43:53.722+0000] {processor.py:830} INFO - Processing file /home/airflow/.local/lib/python3.12/site-packages/airflow/example_dags/example_setup_teardown.py for tasks to queue
[2025-12-27T14:43:53.727+0000] {logging_mixin.py:188} INFO - [2025-12-27T14:43:53.726+0000] {dagbag.py:540} INFO - Filling up the DagBag from /home/airflow/.local/lib/python3.12/site-packages/airflow/example_dags/example_setup_teardown.py
[2025-12-27T14:43:53.760+0000] {processor.py:840} INFO - DAG(s) 'example_setup_teardown' retrieved from /home/airflow/.local/lib/python3.12/site-packages/airflow/example_dags/example_setup_teardown.py
[2025-12-27T14:43:53.828+0000] {logging_mixin.py:188} INFO - [2025-12-27T14:43:53.828+0000] {dag.py:3096} INFO - Sync 1 DAGs
[2025-12-27T14:43:53.898+0000] {logging_mixin.py:188} INFO - [2025-12-27T14:43:53.898+0000] {dag.py:3954} INFO - Setting next_dagrun for example_setup_teardown to 2025-12-26 00:00:00+00:00, run_after=2025-12-27 00:00:00+00:00
[2025-12-27T14:43:53.982+0000] {processor.py:183} INFO - Processing /home/airflow/.local/lib/python3.12/site-packages/airflow/example_dags/example_setup_teardown.py took 0.286 seconds
[2025-12-27T14:44:24.363+0000] {processor.py:161} INFO - Started process (PID=3010) to work on /home/airflow/.local/lib/python3.12/site-packages/airflow/example_dags/example_setup_teardown.py
[2025-12-27T14:44:24.366+0000] {processor.py:830} INFO - Processing file /home/airflow/.local/lib/python3.12/site-packages/airflow/example_dags/example_setup_teardown.py for tasks to queue
[2025-12-27T14:44:24.370+0000] {logging_mixin.py:188} INFO - [2025-12-27T14:44:24.368+0000] {dagbag.py:540} INFO - Filling up the DagBag from /home/airflow/.local/lib/python3.12/site-packages/airflow/example_dags/example_setup_teardown.py
[2025-12-27T14:44:24.394+0000] {processor.py:840} INFO - DAG(s) 'example_setup_teardown' retrieved from /home/airflow/.local/lib/python3.12/site-packages/airflow/example_dags/example_setup_teardown.py
[2025-12-27T14:44:24.450+0000] {logging_mixin.py:188} INFO - [2025-12-27T14:44:24.450+0000] {dag.py:3096} INFO - Sync 1 DAGs
[2025-12-27T14:44:24.509+0000] {logging_mixin.py:188} INFO - [2025-12-27T14:44:24.508+0000] {dag.py:3954} INFO - Setting next_dagrun for example_setup_teardown to 2025-12-26 00:00:00+00:00, run_after=2025-12-27 00:00:00+00:00
[2025-12-27T14:44:24.562+0000] {processor.py:183} INFO - Processing /home/airflow/.local/lib/python3.12/site-packages/airflow/example_dags/example_setup_teardown.py took 0.220 seconds
[2025-12-27T14:44:56.816+0000] {processor.py:161} INFO - Started process (PID=3069) to work on /home/airflow/.local/lib/python3.12/site-packages/airflow/example_dags/example_setup_teardown.py
[2025-12-27T14:44:56.820+0000] {processor.py:830} INFO - Processing file /home/airflow/.local/lib/python3.12/site-packages/airflow/example_dags/example_setup_teardown.py for tasks to queue
[2025-12-27T14:44:56.823+0000] {logging_mixin.py:188} INFO - [2025-12-27T14:44:56.822+0000] {dagbag.py:540} INFO - Filling up the DagBag from /home/airflow/.local/lib/python3.12/site-packages/airflow/example_dags/example_setup_teardown.py
[2025-12-27T14:44:56.862+0000] {processor.py:840} INFO - DAG(s) 'example_setup_teardown' retrieved from /home/airflow/.local/lib/python3.12/site-packages/airflow/example_dags/example_setup_teardown.py
[2025-12-27T14:44:57.002+0000] {logging_mixin.py:188} INFO - [2025-12-27T14:44:57.000+0000] {dag.py:3096} INFO - Sync 1 DAGs
[2025-12-27T14:44:57.128+0000] {logging_mixin.py:188} INFO - [2025-12-27T14:44:57.126+0000] {dag.py:3954} INFO - Setting next_dagrun for example_setup_teardown to 2025-12-26 00:00:00+00:00, run_after=2025-12-27 00:00:00+00:00
[2025-12-27T14:44:57.227+0000] {processor.py:183} INFO - Processing /home/airflow/.local/lib/python3.12/site-packages/airflow/example_dags/example_setup_teardown.py took 0.450 seconds
[2025-12-27T14:45:28.413+0000] {processor.py:161} INFO - Started process (PID=3128) to work on /home/airflow/.local/lib/python3.12/site-packages/airflow/example_dags/example_setup_teardown.py
[2025-12-27T14:45:28.417+0000] {processor.py:830} INFO - Processing file /home/airflow/.local/lib/python3.12/site-packages/airflow/example_dags/example_setup_teardown.py for tasks to queue
[2025-12-27T14:45:28.421+0000] {logging_mixin.py:188} INFO - [2025-12-27T14:45:28.420+0000] {dagbag.py:540} INFO - Filling up the DagBag from /home/airflow/.local/lib/python3.12/site-packages/airflow/example_dags/example_setup_teardown.py
[2025-12-27T14:45:28.461+0000] {processor.py:840} INFO - DAG(s) 'example_setup_teardown' retrieved from /home/airflow/.local/lib/python3.12/site-packages/airflow/example_dags/example_setup_teardown.py
[2025-12-27T14:45:28.528+0000] {logging_mixin.py:188} INFO - [2025-12-27T14:45:28.527+0000] {dag.py:3096} INFO - Sync 1 DAGs
[2025-12-27T14:45:28.601+0000] {logging_mixin.py:188} INFO - [2025-12-27T14:45:28.600+0000] {dag.py:3954} INFO - Setting next_dagrun for example_setup_teardown to 2025-12-26 00:00:00+00:00, run_after=2025-12-27 00:00:00+00:00
[2025-12-27T14:45:28.656+0000] {processor.py:183} INFO - Processing /home/airflow/.local/lib/python3.12/site-packages/airflow/example_dags/example_setup_teardown.py took 0.262 seconds
[2025-12-27T14:45:58.972+0000] {processor.py:161} INFO - Started process (PID=3186) to work on /home/airflow/.local/lib/python3.12/site-packages/airflow/example_dags/example_setup_teardown.py
[2025-12-27T14:45:58.974+0000] {processor.py:830} INFO - Processing file /home/airflow/.local/lib/python3.12/site-packages/airflow/example_dags/example_setup_teardown.py for tasks to queue
[2025-12-27T14:45:58.977+0000] {logging_mixin.py:188} INFO - [2025-12-27T14:45:58.976+0000] {dagbag.py:540} INFO - Filling up the DagBag from /home/airflow/.local/lib/python3.12/site-packages/airflow/example_dags/example_setup_teardown.py
[2025-12-27T14:45:58.998+0000] {processor.py:840} INFO - DAG(s) 'example_setup_teardown' retrieved from /home/airflow/.local/lib/python3.12/site-packages/airflow/example_dags/example_setup_teardown.py
[2025-12-27T14:45:59.054+0000] {logging_mixin.py:188} INFO - [2025-12-27T14:45:59.054+0000] {dag.py:3096} INFO - Sync 1 DAGs
[2025-12-27T14:45:59.107+0000] {logging_mixin.py:188} INFO - [2025-12-27T14:45:59.107+0000] {dag.py:3954} INFO - Setting next_dagrun for example_setup_teardown to 2025-12-26 00:00:00+00:00, run_after=2025-12-27 00:00:00+00:00
[2025-12-27T14:45:59.157+0000] {processor.py:183} INFO - Processing /home/airflow/.local/lib/python3.12/site-packages/airflow/example_dags/example_setup_teardown.py took 0.204 seconds
[2025-12-27T14:46:29.360+0000] {processor.py:161} INFO - Started process (PID=3244) to work on /home/airflow/.local/lib/python3.12/site-packages/airflow/example_dags/example_setup_teardown.py
[2025-12-27T14:46:29.363+0000] {processor.py:830} INFO - Processing file /home/airflow/.local/lib/python3.12/site-packages/airflow/example_dags/example_setup_teardown.py for tasks to queue
[2025-12-27T14:46:29.366+0000] {logging_mixin.py:188} INFO - [2025-12-27T14:46:29.365+0000] {dagbag.py:540} INFO - Filling up the DagBag from /home/airflow/.local/lib/python3.12/site-packages/airflow/example_dags/example_setup_teardown.py
[2025-12-27T14:46:29.400+0000] {processor.py:840} INFO - DAG(s) 'example_setup_teardown' retrieved from /home/airflow/.local/lib/python3.12/site-packages/airflow/example_dags/example_setup_teardown.py
[2025-12-27T14:46:29.498+0000] {logging_mixin.py:188} INFO - [2025-12-27T14:46:29.497+0000] {dag.py:3096} INFO - Sync 1 DAGs
[2025-12-27T14:46:29.585+0000] {logging_mixin.py:188} INFO - [2025-12-27T14:46:29.584+0000] {dag.py:3954} INFO - Setting next_dagrun for example_setup_teardown to 2025-12-26 00:00:00+00:00, run_after=2025-12-27 00:00:00+00:00
[2025-12-27T14:46:29.672+0000] {processor.py:183} INFO - Processing /home/airflow/.local/lib/python3.12/site-packages/airflow/example_dags/example_setup_teardown.py took 0.332 seconds
[2025-12-27T14:47:00.501+0000] {processor.py:161} INFO - Started process (PID=3303) to work on /home/airflow/.local/lib/python3.12/site-packages/airflow/example_dags/example_setup_teardown.py
[2025-12-27T14:47:00.503+0000] {processor.py:830} INFO - Processing file /home/airflow/.local/lib/python3.12/site-packages/airflow/example_dags/example_setup_teardown.py for tasks to queue
[2025-12-27T14:47:00.506+0000] {logging_mixin.py:188} INFO - [2025-12-27T14:47:00.505+0000] {dagbag.py:540} INFO - Filling up the DagBag from /home/airflow/.local/lib/python3.12/site-packages/airflow/example_dags/example_setup_teardown.py
[2025-12-27T14:47:00.532+0000] {processor.py:840} INFO - DAG(s) 'example_setup_teardown' retrieved from /home/airflow/.local/lib/python3.12/site-packages/airflow/example_dags/example_setup_teardown.py
[2025-12-27T14:47:00.597+0000] {logging_mixin.py:188} INFO - [2025-12-27T14:47:00.596+0000] {dag.py:3096} INFO - Sync 1 DAGs
[2025-12-27T14:47:00.695+0000] {logging_mixin.py:188} INFO - [2025-12-27T14:47:00.694+0000] {dag.py:3954} INFO - Setting next_dagrun for example_setup_teardown to 2025-12-26 00:00:00+00:00, run_after=2025-12-27 00:00:00+00:00
[2025-12-27T14:47:00.745+0000] {processor.py:183} INFO - Processing /home/airflow/.local/lib/python3.12/site-packages/airflow/example_dags/example_setup_teardown.py took 0.262 seconds
[2025-12-27T14:47:31.353+0000] {processor.py:161} INFO - Started process (PID=3361) to work on /home/airflow/.local/lib/python3.12/site-packages/airflow/example_dags/example_setup_teardown.py
[2025-12-27T14:47:31.357+0000] {processor.py:830} INFO - Processing file /home/airflow/.local/lib/python3.12/site-packages/airflow/example_dags/example_setup_teardown.py for tasks to queue
[2025-12-27T14:47:31.360+0000] {logging_mixin.py:188} INFO - [2025-12-27T14:47:31.359+0000] {dagbag.py:540} INFO - Filling up the DagBag from /home/airflow/.local/lib/python3.12/site-packages/airflow/example_dags/example_setup_teardown.py
[2025-12-27T14:47:31.383+0000] {processor.py:840} INFO - DAG(s) 'example_setup_teardown' retrieved from /home/airflow/.local/lib/python3.12/site-packages/airflow/example_dags/example_setup_teardown.py
[2025-12-27T14:47:31.441+0000] {logging_mixin.py:188} INFO - [2025-12-27T14:47:31.441+0000] {dag.py:3096} INFO - Sync 1 DAGs
[2025-12-27T14:47:31.515+0000] {logging_mixin.py:188} INFO - [2025-12-27T14:47:31.514+0000] {dag.py:3954} INFO - Setting next_dagrun for example_setup_teardown to 2025-12-26 00:00:00+00:00, run_after=2025-12-27 00:00:00+00:00
[2025-12-27T14:47:31.565+0000] {processor.py:183} INFO - Processing /home/airflow/.local/lib/python3.12/site-packages/airflow/example_dags/example_setup_teardown.py took 0.231 seconds
[2025-12-27T14:48:01.979+0000] {processor.py:161} INFO - Started process (PID=3419) to work on /home/airflow/.local/lib/python3.12/site-packages/airflow/example_dags/example_setup_teardown.py
[2025-12-27T14:48:01.981+0000] {processor.py:830} INFO - Processing file /home/airflow/.local/lib/python3.12/site-packages/airflow/example_dags/example_setup_teardown.py for tasks to queue
[2025-12-27T14:48:01.983+0000] {logging_mixin.py:188} INFO - [2025-12-27T14:48:01.983+0000] {dagbag.py:540} INFO - Filling up the DagBag from /home/airflow/.local/lib/python3.12/site-packages/airflow/example_dags/example_setup_teardown.py
[2025-12-27T14:48:02.005+0000] {processor.py:840} INFO - DAG(s) 'example_setup_teardown' retrieved from /home/airflow/.local/lib/python3.12/site-packages/airflow/example_dags/example_setup_teardown.py
[2025-12-27T14:48:02.058+0000] {logging_mixin.py:188} INFO - [2025-12-27T14:48:02.057+0000] {dag.py:3096} INFO - Sync 1 DAGs
[2025-12-27T14:48:02.113+0000] {logging_mixin.py:188} INFO - [2025-12-27T14:48:02.112+0000] {dag.py:3954} INFO - Setting next_dagrun for example_setup_teardown to 2025-12-26 00:00:00+00:00, run_after=2025-12-27 00:00:00+00:00
[2025-12-27T14:48:02.165+0000] {processor.py:183} INFO - Processing /home/airflow/.local/lib/python3.12/site-packages/airflow/example_dags/example_setup_teardown.py took 0.202 seconds
[2025-12-27T14:48:33.578+0000] {processor.py:161} INFO - Started process (PID=3478) to work on /home/airflow/.local/lib/python3.12/site-packages/airflow/example_dags/example_setup_teardown.py
[2025-12-27T14:48:33.587+0000] {processor.py:830} INFO - Processing file /home/airflow/.local/lib/python3.12/site-packages/airflow/example_dags/example_setup_teardown.py for tasks to queue
[2025-12-27T14:48:33.591+0000] {logging_mixin.py:188} INFO - [2025-12-27T14:48:33.590+0000] {dagbag.py:540} INFO - Filling up the DagBag from /home/airflow/.local/lib/python3.12/site-packages/airflow/example_dags/example_setup_teardown.py
[2025-12-27T14:48:33.631+0000] {processor.py:840} INFO - DAG(s) 'example_setup_teardown' retrieved from /home/airflow/.local/lib/python3.12/site-packages/airflow/example_dags/example_setup_teardown.py
[2025-12-27T14:48:33.729+0000] {logging_mixin.py:188} INFO - [2025-12-27T14:48:33.728+0000] {dag.py:3096} INFO - Sync 1 DAGs
[2025-12-27T14:48:33.837+0000] {logging_mixin.py:188} INFO - [2025-12-27T14:48:33.836+0000] {dag.py:3954} INFO - Setting next_dagrun for example_setup_teardown to 2025-12-26 00:00:00+00:00, run_after=2025-12-27 00:00:00+00:00
[2025-12-27T14:48:33.914+0000] {processor.py:183} INFO - Processing /home/airflow/.local/lib/python3.12/site-packages/airflow/example_dags/example_setup_teardown.py took 0.370 seconds
[2025-12-27T14:49:06.812+0000] {processor.py:161} INFO - Started process (PID=3536) to work on /home/airflow/.local/lib/python3.12/site-packages/airflow/example_dags/example_setup_teardown.py
[2025-12-27T14:49:06.819+0000] {processor.py:830} INFO - Processing file /home/airflow/.local/lib/python3.12/site-packages/airflow/example_dags/example_setup_teardown.py for tasks to queue
[2025-12-27T14:49:06.823+0000] {logging_mixin.py:188} INFO - [2025-12-27T14:49:06.822+0000] {dagbag.py:540} INFO - Filling up the DagBag from /home/airflow/.local/lib/python3.12/site-packages/airflow/example_dags/example_setup_teardown.py
[2025-12-27T14:49:06.891+0000] {processor.py:840} INFO - DAG(s) 'example_setup_teardown' retrieved from /home/airflow/.local/lib/python3.12/site-packages/airflow/example_dags/example_setup_teardown.py
[2025-12-27T14:49:07.030+0000] {logging_mixin.py:188} INFO - [2025-12-27T14:49:07.029+0000] {dag.py:3096} INFO - Sync 1 DAGs
[2025-12-27T14:49:07.190+0000] {logging_mixin.py:188} INFO - [2025-12-27T14:49:07.189+0000] {dag.py:3954} INFO - Setting next_dagrun for example_setup_teardown to 2025-12-26 00:00:00+00:00, run_after=2025-12-27 00:00:00+00:00
[2025-12-27T14:49:07.295+0000] {processor.py:183} INFO - Processing /home/airflow/.local/lib/python3.12/site-packages/airflow/example_dags/example_setup_teardown.py took 0.516 seconds
[2025-12-27T14:49:37.702+0000] {processor.py:161} INFO - Started process (PID=3594) to work on /home/airflow/.local/lib/python3.12/site-packages/airflow/example_dags/example_setup_teardown.py
[2025-12-27T14:49:37.705+0000] {processor.py:830} INFO - Processing file /home/airflow/.local/lib/python3.12/site-packages/airflow/example_dags/example_setup_teardown.py for tasks to queue
[2025-12-27T14:49:37.709+0000] {logging_mixin.py:188} INFO - [2025-12-27T14:49:37.707+0000] {dagbag.py:540} INFO - Filling up the DagBag from /home/airflow/.local/lib/python3.12/site-packages/airflow/example_dags/example_setup_teardown.py
[2025-12-27T14:49:37.734+0000] {processor.py:840} INFO - DAG(s) 'example_setup_teardown' retrieved from /home/airflow/.local/lib/python3.12/site-packages/airflow/example_dags/example_setup_teardown.py
[2025-12-27T14:49:37.794+0000] {logging_mixin.py:188} INFO - [2025-12-27T14:49:37.793+0000] {dag.py:3096} INFO - Sync 1 DAGs
[2025-12-27T14:49:37.857+0000] {logging_mixin.py:188} INFO - [2025-12-27T14:49:37.856+0000] {dag.py:3954} INFO - Setting next_dagrun for example_setup_teardown to 2025-12-26 00:00:00+00:00, run_after=2025-12-27 00:00:00+00:00
[2025-12-27T14:49:37.914+0000] {processor.py:183} INFO - Processing /home/airflow/.local/lib/python3.12/site-packages/airflow/example_dags/example_setup_teardown.py took 0.228 seconds
[2025-12-27T14:50:16.137+0000] {processor.py:161} INFO - Started process (PID=3657) to work on /home/airflow/.local/lib/python3.12/site-packages/airflow/example_dags/example_setup_teardown.py
[2025-12-27T14:50:16.176+0000] {processor.py:830} INFO - Processing file /home/airflow/.local/lib/python3.12/site-packages/airflow/example_dags/example_setup_teardown.py for tasks to queue
[2025-12-27T14:50:16.184+0000] {logging_mixin.py:188} INFO - [2025-12-27T14:50:16.182+0000] {dagbag.py:540} INFO - Filling up the DagBag from /home/airflow/.local/lib/python3.12/site-packages/airflow/example_dags/example_setup_teardown.py
[2025-12-27T14:50:16.261+0000] {processor.py:840} INFO - DAG(s) 'example_setup_teardown' retrieved from /home/airflow/.local/lib/python3.12/site-packages/airflow/example_dags/example_setup_teardown.py
[2025-12-27T14:50:16.431+0000] {logging_mixin.py:188} INFO - [2025-12-27T14:50:16.430+0000] {dag.py:3096} INFO - Sync 1 DAGs
[2025-12-27T14:50:16.576+0000] {logging_mixin.py:188} INFO - [2025-12-27T14:50:16.573+0000] {dag.py:3954} INFO - Setting next_dagrun for example_setup_teardown to 2025-12-26 00:00:00+00:00, run_after=2025-12-27 00:00:00+00:00
[2025-12-27T14:50:16.763+0000] {processor.py:183} INFO - Processing /home/airflow/.local/lib/python3.12/site-packages/airflow/example_dags/example_setup_teardown.py took 0.690 seconds
[2025-12-27T14:50:46.998+0000] {processor.py:161} INFO - Started process (PID=3707) to work on /home/airflow/.local/lib/python3.12/site-packages/airflow/example_dags/example_setup_teardown.py
[2025-12-27T14:50:47.069+0000] {processor.py:830} INFO - Processing file /home/airflow/.local/lib/python3.12/site-packages/airflow/example_dags/example_setup_teardown.py for tasks to queue
[2025-12-27T14:50:47.100+0000] {logging_mixin.py:188} INFO - [2025-12-27T14:50:47.098+0000] {dagbag.py:540} INFO - Filling up the DagBag from /home/airflow/.local/lib/python3.12/site-packages/airflow/example_dags/example_setup_teardown.py
[2025-12-27T14:50:47.184+0000] {processor.py:840} INFO - DAG(s) 'example_setup_teardown' retrieved from /home/airflow/.local/lib/python3.12/site-packages/airflow/example_dags/example_setup_teardown.py
[2025-12-27T14:50:47.454+0000] {logging_mixin.py:188} INFO - [2025-12-27T14:50:47.453+0000] {dag.py:3096} INFO - Sync 1 DAGs
[2025-12-27T14:50:47.650+0000] {logging_mixin.py:188} INFO - [2025-12-27T14:50:47.646+0000] {dag.py:3954} INFO - Setting next_dagrun for example_setup_teardown to 2025-12-26 00:00:00+00:00, run_after=2025-12-27 00:00:00+00:00
[2025-12-27T14:50:47.796+0000] {processor.py:183} INFO - Processing /home/airflow/.local/lib/python3.12/site-packages/airflow/example_dags/example_setup_teardown.py took 0.831 seconds
[2025-12-27T14:51:22.424+0000] {processor.py:161} INFO - Started process (PID=3769) to work on /home/airflow/.local/lib/python3.12/site-packages/airflow/example_dags/example_setup_teardown.py
[2025-12-27T14:51:22.486+0000] {processor.py:830} INFO - Processing file /home/airflow/.local/lib/python3.12/site-packages/airflow/example_dags/example_setup_teardown.py for tasks to queue
[2025-12-27T14:51:22.492+0000] {logging_mixin.py:188} INFO - [2025-12-27T14:51:22.489+0000] {dagbag.py:540} INFO - Filling up the DagBag from /home/airflow/.local/lib/python3.12/site-packages/airflow/example_dags/example_setup_teardown.py
[2025-12-27T14:51:22.594+0000] {processor.py:840} INFO - DAG(s) 'example_setup_teardown' retrieved from /home/airflow/.local/lib/python3.12/site-packages/airflow/example_dags/example_setup_teardown.py
[2025-12-27T14:51:22.667+0000] {logging_mixin.py:188} INFO - [2025-12-27T14:51:22.666+0000] {dag.py:3096} INFO - Sync 1 DAGs
[2025-12-27T14:51:22.752+0000] {logging_mixin.py:188} INFO - [2025-12-27T14:51:22.752+0000] {dag.py:3954} INFO - Setting next_dagrun for example_setup_teardown to 2025-12-26 00:00:00+00:00, run_after=2025-12-27 00:00:00+00:00
[2025-12-27T14:51:22.894+0000] {processor.py:183} INFO - Processing /home/airflow/.local/lib/python3.12/site-packages/airflow/example_dags/example_setup_teardown.py took 0.501 seconds
[2025-12-27T14:53:43.299+0000] {processor.py:161} INFO - Started process (PID=3838) to work on /home/airflow/.local/lib/python3.12/site-packages/airflow/example_dags/example_setup_teardown.py
[2025-12-27T14:53:43.322+0000] {processor.py:830} INFO - Processing file /home/airflow/.local/lib/python3.12/site-packages/airflow/example_dags/example_setup_teardown.py for tasks to queue
[2025-12-27T14:53:43.349+0000] {logging_mixin.py:188} INFO - [2025-12-27T14:53:43.342+0000] {dagbag.py:540} INFO - Filling up the DagBag from /home/airflow/.local/lib/python3.12/site-packages/airflow/example_dags/example_setup_teardown.py
[2025-12-27T14:53:43.675+0000] {processor.py:840} INFO - DAG(s) 'example_setup_teardown' retrieved from /home/airflow/.local/lib/python3.12/site-packages/airflow/example_dags/example_setup_teardown.py
[2025-12-27T14:53:44.355+0000] {logging_mixin.py:188} INFO - [2025-12-27T14:53:44.354+0000] {dag.py:3096} INFO - Sync 1 DAGs
[2025-12-27T14:53:44.793+0000] {logging_mixin.py:188} INFO - [2025-12-27T14:53:44.792+0000] {dag.py:3954} INFO - Setting next_dagrun for example_setup_teardown to 2025-12-26 00:00:00+00:00, run_after=2025-12-27 00:00:00+00:00
[2025-12-27T14:53:45.169+0000] {processor.py:183} INFO - Processing /home/airflow/.local/lib/python3.12/site-packages/airflow/example_dags/example_setup_teardown.py took 1.985 seconds
[2025-12-27T14:56:33.611+0000] {processor.py:161} INFO - Started process (PID=3902) to work on /home/airflow/.local/lib/python3.12/site-packages/airflow/example_dags/example_setup_teardown.py
[2025-12-27T14:56:33.664+0000] {processor.py:830} INFO - Processing file /home/airflow/.local/lib/python3.12/site-packages/airflow/example_dags/example_setup_teardown.py for tasks to queue
[2025-12-27T14:56:33.720+0000] {logging_mixin.py:188} INFO - [2025-12-27T14:56:33.691+0000] {dagbag.py:540} INFO - Filling up the DagBag from /home/airflow/.local/lib/python3.12/site-packages/airflow/example_dags/example_setup_teardown.py
[2025-12-27T14:56:34.504+0000] {processor.py:840} INFO - DAG(s) 'example_setup_teardown' retrieved from /home/airflow/.local/lib/python3.12/site-packages/airflow/example_dags/example_setup_teardown.py
[2025-12-27T14:56:36.051+0000] {logging_mixin.py:188} INFO - [2025-12-27T14:56:36.002+0000] {dag.py:3096} INFO - Sync 1 DAGs
[2025-12-27T14:56:36.669+0000] {logging_mixin.py:188} INFO - [2025-12-27T14:56:36.662+0000] {dag.py:3954} INFO - Setting next_dagrun for example_setup_teardown to 2025-12-26 00:00:00+00:00, run_after=2025-12-27 00:00:00+00:00
[2025-12-27T14:56:37.051+0000] {processor.py:183} INFO - Processing /home/airflow/.local/lib/python3.12/site-packages/airflow/example_dags/example_setup_teardown.py took 3.677 seconds
