[2025-12-27T14:14:31.095+0000] {processor.py:161} INFO - Started process (PID=86) to work on /home/airflow/.local/lib/python3.12/site-packages/airflow/example_dags/example_python_operator.py
[2025-12-27T14:14:31.143+0000] {processor.py:830} INFO - Processing file /home/airflow/.local/lib/python3.12/site-packages/airflow/example_dags/example_python_operator.py for tasks to queue
[2025-12-27T14:14:31.256+0000] {logging_mixin.py:188} INFO - [2025-12-27T14:14:31.244+0000] {dagbag.py:540} INFO - Filling up the DagBag from /home/airflow/.local/lib/python3.12/site-packages/airflow/example_dags/example_python_operator.py
[2025-12-27T14:14:31.941+0000] {processor.py:840} INFO - DAG(s) 'example_python_operator' retrieved from /home/airflow/.local/lib/python3.12/site-packages/airflow/example_dags/example_python_operator.py
[2025-12-27T14:14:33.857+0000] {logging_mixin.py:188} INFO - [2025-12-27T14:14:33.856+0000] {dag.py:3096} INFO - Sync 1 DAGs
[2025-12-27T14:14:33.974+0000] {logging_mixin.py:188} INFO - [2025-12-27T14:14:33.973+0000] {dag.py:3954} INFO - Setting next_dagrun for example_python_operator to None, run_after=None
[2025-12-27T14:14:34.255+0000] {processor.py:183} INFO - Processing /home/airflow/.local/lib/python3.12/site-packages/airflow/example_dags/example_python_operator.py took 3.260 seconds
[2025-12-27T14:15:22.074+0000] {processor.py:161} INFO - Started process (PID=149) to work on /home/airflow/.local/lib/python3.12/site-packages/airflow/example_dags/example_python_operator.py
[2025-12-27T14:15:22.078+0000] {processor.py:830} INFO - Processing file /home/airflow/.local/lib/python3.12/site-packages/airflow/example_dags/example_python_operator.py for tasks to queue
[2025-12-27T14:15:22.085+0000] {logging_mixin.py:188} INFO - [2025-12-27T14:15:22.083+0000] {dagbag.py:540} INFO - Filling up the DagBag from /home/airflow/.local/lib/python3.12/site-packages/airflow/example_dags/example_python_operator.py
[2025-12-27T14:15:22.118+0000] {processor.py:840} INFO - DAG(s) 'example_python_operator' retrieved from /home/airflow/.local/lib/python3.12/site-packages/airflow/example_dags/example_python_operator.py
[2025-12-27T14:15:22.198+0000] {logging_mixin.py:188} INFO - [2025-12-27T14:15:22.198+0000] {dag.py:3096} INFO - Sync 1 DAGs
[2025-12-27T14:15:22.264+0000] {logging_mixin.py:188} INFO - [2025-12-27T14:15:22.263+0000] {dag.py:3954} INFO - Setting next_dagrun for example_python_operator to None, run_after=None
[2025-12-27T14:15:22.322+0000] {processor.py:183} INFO - Processing /home/airflow/.local/lib/python3.12/site-packages/airflow/example_dags/example_python_operator.py took 0.264 seconds
[2025-12-27T14:15:52.738+0000] {processor.py:161} INFO - Started process (PID=206) to work on /home/airflow/.local/lib/python3.12/site-packages/airflow/example_dags/example_python_operator.py
[2025-12-27T14:15:52.743+0000] {processor.py:830} INFO - Processing file /home/airflow/.local/lib/python3.12/site-packages/airflow/example_dags/example_python_operator.py for tasks to queue
[2025-12-27T14:15:52.749+0000] {logging_mixin.py:188} INFO - [2025-12-27T14:15:52.749+0000] {dagbag.py:540} INFO - Filling up the DagBag from /home/airflow/.local/lib/python3.12/site-packages/airflow/example_dags/example_python_operator.py
[2025-12-27T14:15:52.782+0000] {processor.py:840} INFO - DAG(s) 'example_python_operator' retrieved from /home/airflow/.local/lib/python3.12/site-packages/airflow/example_dags/example_python_operator.py
[2025-12-27T14:15:52.868+0000] {logging_mixin.py:188} INFO - [2025-12-27T14:15:52.867+0000] {dag.py:3096} INFO - Sync 1 DAGs
[2025-12-27T14:15:52.911+0000] {logging_mixin.py:188} INFO - [2025-12-27T14:15:52.911+0000] {dag.py:3954} INFO - Setting next_dagrun for example_python_operator to None, run_after=None
[2025-12-27T14:15:52.982+0000] {processor.py:183} INFO - Processing /home/airflow/.local/lib/python3.12/site-packages/airflow/example_dags/example_python_operator.py took 0.264 seconds
[2025-12-27T14:16:23.550+0000] {processor.py:161} INFO - Started process (PID=264) to work on /home/airflow/.local/lib/python3.12/site-packages/airflow/example_dags/example_python_operator.py
[2025-12-27T14:16:23.556+0000] {processor.py:830} INFO - Processing file /home/airflow/.local/lib/python3.12/site-packages/airflow/example_dags/example_python_operator.py for tasks to queue
[2025-12-27T14:16:23.570+0000] {logging_mixin.py:188} INFO - [2025-12-27T14:16:23.568+0000] {dagbag.py:540} INFO - Filling up the DagBag from /home/airflow/.local/lib/python3.12/site-packages/airflow/example_dags/example_python_operator.py
[2025-12-27T14:16:23.652+0000] {processor.py:840} INFO - DAG(s) 'example_python_operator' retrieved from /home/airflow/.local/lib/python3.12/site-packages/airflow/example_dags/example_python_operator.py
[2025-12-27T14:16:23.820+0000] {logging_mixin.py:188} INFO - [2025-12-27T14:16:23.819+0000] {dag.py:3096} INFO - Sync 1 DAGs
[2025-12-27T14:16:24.268+0000] {logging_mixin.py:188} INFO - [2025-12-27T14:16:24.266+0000] {dag.py:3954} INFO - Setting next_dagrun for example_python_operator to None, run_after=None
[2025-12-27T14:16:24.543+0000] {processor.py:183} INFO - Processing /home/airflow/.local/lib/python3.12/site-packages/airflow/example_dags/example_python_operator.py took 1.025 seconds
[2025-12-27T14:16:54.862+0000] {processor.py:161} INFO - Started process (PID=321) to work on /home/airflow/.local/lib/python3.12/site-packages/airflow/example_dags/example_python_operator.py
[2025-12-27T14:16:54.866+0000] {processor.py:830} INFO - Processing file /home/airflow/.local/lib/python3.12/site-packages/airflow/example_dags/example_python_operator.py for tasks to queue
[2025-12-27T14:16:54.880+0000] {logging_mixin.py:188} INFO - [2025-12-27T14:16:54.874+0000] {dagbag.py:540} INFO - Filling up the DagBag from /home/airflow/.local/lib/python3.12/site-packages/airflow/example_dags/example_python_operator.py
[2025-12-27T14:16:54.931+0000] {processor.py:840} INFO - DAG(s) 'example_python_operator' retrieved from /home/airflow/.local/lib/python3.12/site-packages/airflow/example_dags/example_python_operator.py
[2025-12-27T14:16:55.049+0000] {logging_mixin.py:188} INFO - [2025-12-27T14:16:55.048+0000] {dag.py:3096} INFO - Sync 1 DAGs
[2025-12-27T14:16:55.130+0000] {logging_mixin.py:188} INFO - [2025-12-27T14:16:55.130+0000] {dag.py:3954} INFO - Setting next_dagrun for example_python_operator to None, run_after=None
[2025-12-27T14:16:55.247+0000] {processor.py:183} INFO - Processing /home/airflow/.local/lib/python3.12/site-packages/airflow/example_dags/example_python_operator.py took 0.419 seconds
[2025-12-27T14:17:42.604+0000] {processor.py:161} INFO - Started process (PID=370) to work on /home/airflow/.local/lib/python3.12/site-packages/airflow/example_dags/example_python_operator.py
[2025-12-27T14:17:42.616+0000] {processor.py:830} INFO - Processing file /home/airflow/.local/lib/python3.12/site-packages/airflow/example_dags/example_python_operator.py for tasks to queue
[2025-12-27T14:17:42.634+0000] {logging_mixin.py:188} INFO - [2025-12-27T14:17:42.632+0000] {dagbag.py:540} INFO - Filling up the DagBag from /home/airflow/.local/lib/python3.12/site-packages/airflow/example_dags/example_python_operator.py
[2025-12-27T14:17:42.738+0000] {processor.py:840} INFO - DAG(s) 'example_python_operator' retrieved from /home/airflow/.local/lib/python3.12/site-packages/airflow/example_dags/example_python_operator.py
[2025-12-27T14:17:42.977+0000] {logging_mixin.py:188} INFO - [2025-12-27T14:17:42.967+0000] {dag.py:3096} INFO - Sync 1 DAGs
[2025-12-27T14:17:43.102+0000] {logging_mixin.py:188} INFO - [2025-12-27T14:17:43.101+0000] {dag.py:3954} INFO - Setting next_dagrun for example_python_operator to None, run_after=None
[2025-12-27T14:17:43.303+0000] {processor.py:183} INFO - Processing /home/airflow/.local/lib/python3.12/site-packages/airflow/example_dags/example_python_operator.py took 0.747 seconds
[2025-12-27T14:18:28.853+0000] {processor.py:161} INFO - Started process (PID=431) to work on /home/airflow/.local/lib/python3.12/site-packages/airflow/example_dags/example_python_operator.py
[2025-12-27T14:18:28.869+0000] {processor.py:830} INFO - Processing file /home/airflow/.local/lib/python3.12/site-packages/airflow/example_dags/example_python_operator.py for tasks to queue
[2025-12-27T14:18:28.891+0000] {logging_mixin.py:188} INFO - [2025-12-27T14:18:28.889+0000] {dagbag.py:540} INFO - Filling up the DagBag from /home/airflow/.local/lib/python3.12/site-packages/airflow/example_dags/example_python_operator.py
[2025-12-27T14:18:29.039+0000] {processor.py:840} INFO - DAG(s) 'example_python_operator' retrieved from /home/airflow/.local/lib/python3.12/site-packages/airflow/example_dags/example_python_operator.py
[2025-12-27T14:18:29.270+0000] {logging_mixin.py:188} INFO - [2025-12-27T14:18:29.269+0000] {dag.py:3096} INFO - Sync 1 DAGs
[2025-12-27T14:18:29.325+0000] {logging_mixin.py:188} INFO - [2025-12-27T14:18:29.324+0000] {dag.py:3954} INFO - Setting next_dagrun for example_python_operator to None, run_after=None
[2025-12-27T14:18:29.560+0000] {processor.py:183} INFO - Processing /home/airflow/.local/lib/python3.12/site-packages/airflow/example_dags/example_python_operator.py took 0.762 seconds
[2025-12-27T14:19:01.523+0000] {processor.py:161} INFO - Started process (PID=489) to work on /home/airflow/.local/lib/python3.12/site-packages/airflow/example_dags/example_python_operator.py
[2025-12-27T14:19:01.527+0000] {processor.py:830} INFO - Processing file /home/airflow/.local/lib/python3.12/site-packages/airflow/example_dags/example_python_operator.py for tasks to queue
[2025-12-27T14:19:01.536+0000] {logging_mixin.py:188} INFO - [2025-12-27T14:19:01.534+0000] {dagbag.py:540} INFO - Filling up the DagBag from /home/airflow/.local/lib/python3.12/site-packages/airflow/example_dags/example_python_operator.py
[2025-12-27T14:19:01.604+0000] {processor.py:840} INFO - DAG(s) 'example_python_operator' retrieved from /home/airflow/.local/lib/python3.12/site-packages/airflow/example_dags/example_python_operator.py
[2025-12-27T14:19:01.708+0000] {logging_mixin.py:188} INFO - [2025-12-27T14:19:01.708+0000] {dag.py:3096} INFO - Sync 1 DAGs
[2025-12-27T14:19:01.758+0000] {logging_mixin.py:188} INFO - [2025-12-27T14:19:01.757+0000] {dag.py:3954} INFO - Setting next_dagrun for example_python_operator to None, run_after=None
[2025-12-27T14:19:01.835+0000] {processor.py:183} INFO - Processing /home/airflow/.local/lib/python3.12/site-packages/airflow/example_dags/example_python_operator.py took 0.342 seconds
[2025-12-27T14:19:34.575+0000] {processor.py:161} INFO - Started process (PID=547) to work on /home/airflow/.local/lib/python3.12/site-packages/airflow/example_dags/example_python_operator.py
[2025-12-27T14:19:34.579+0000] {processor.py:830} INFO - Processing file /home/airflow/.local/lib/python3.12/site-packages/airflow/example_dags/example_python_operator.py for tasks to queue
[2025-12-27T14:19:34.588+0000] {logging_mixin.py:188} INFO - [2025-12-27T14:19:34.586+0000] {dagbag.py:540} INFO - Filling up the DagBag from /home/airflow/.local/lib/python3.12/site-packages/airflow/example_dags/example_python_operator.py
[2025-12-27T14:19:34.633+0000] {processor.py:840} INFO - DAG(s) 'example_python_operator' retrieved from /home/airflow/.local/lib/python3.12/site-packages/airflow/example_dags/example_python_operator.py
[2025-12-27T14:19:34.706+0000] {logging_mixin.py:188} INFO - [2025-12-27T14:19:34.705+0000] {dag.py:3096} INFO - Sync 1 DAGs
[2025-12-27T14:19:34.740+0000] {logging_mixin.py:188} INFO - [2025-12-27T14:19:34.740+0000] {dag.py:3954} INFO - Setting next_dagrun for example_python_operator to None, run_after=None
[2025-12-27T14:19:34.838+0000] {processor.py:183} INFO - Processing /home/airflow/.local/lib/python3.12/site-packages/airflow/example_dags/example_python_operator.py took 0.287 seconds
[2025-12-27T14:20:06.476+0000] {processor.py:161} INFO - Started process (PID=605) to work on /home/airflow/.local/lib/python3.12/site-packages/airflow/example_dags/example_python_operator.py
[2025-12-27T14:20:06.481+0000] {processor.py:830} INFO - Processing file /home/airflow/.local/lib/python3.12/site-packages/airflow/example_dags/example_python_operator.py for tasks to queue
[2025-12-27T14:20:06.493+0000] {logging_mixin.py:188} INFO - [2025-12-27T14:20:06.492+0000] {dagbag.py:540} INFO - Filling up the DagBag from /home/airflow/.local/lib/python3.12/site-packages/airflow/example_dags/example_python_operator.py
[2025-12-27T14:20:06.566+0000] {processor.py:840} INFO - DAG(s) 'example_python_operator' retrieved from /home/airflow/.local/lib/python3.12/site-packages/airflow/example_dags/example_python_operator.py
[2025-12-27T14:20:06.708+0000] {logging_mixin.py:188} INFO - [2025-12-27T14:20:06.707+0000] {dag.py:3096} INFO - Sync 1 DAGs
[2025-12-27T14:20:06.796+0000] {logging_mixin.py:188} INFO - [2025-12-27T14:20:06.795+0000] {dag.py:3954} INFO - Setting next_dagrun for example_python_operator to None, run_after=None
[2025-12-27T14:20:06.910+0000] {processor.py:183} INFO - Processing /home/airflow/.local/lib/python3.12/site-packages/airflow/example_dags/example_python_operator.py took 0.474 seconds
[2025-12-27T14:20:37.457+0000] {processor.py:161} INFO - Started process (PID=661) to work on /home/airflow/.local/lib/python3.12/site-packages/airflow/example_dags/example_python_operator.py
[2025-12-27T14:20:37.476+0000] {processor.py:830} INFO - Processing file /home/airflow/.local/lib/python3.12/site-packages/airflow/example_dags/example_python_operator.py for tasks to queue
[2025-12-27T14:20:37.483+0000] {logging_mixin.py:188} INFO - [2025-12-27T14:20:37.482+0000] {dagbag.py:540} INFO - Filling up the DagBag from /home/airflow/.local/lib/python3.12/site-packages/airflow/example_dags/example_python_operator.py
[2025-12-27T14:20:37.523+0000] {processor.py:840} INFO - DAG(s) 'example_python_operator' retrieved from /home/airflow/.local/lib/python3.12/site-packages/airflow/example_dags/example_python_operator.py
[2025-12-27T14:20:37.622+0000] {logging_mixin.py:188} INFO - [2025-12-27T14:20:37.621+0000] {dag.py:3096} INFO - Sync 1 DAGs
[2025-12-27T14:20:37.677+0000] {logging_mixin.py:188} INFO - [2025-12-27T14:20:37.676+0000] {dag.py:3954} INFO - Setting next_dagrun for example_python_operator to None, run_after=None
[2025-12-27T14:20:37.747+0000] {processor.py:183} INFO - Processing /home/airflow/.local/lib/python3.12/site-packages/airflow/example_dags/example_python_operator.py took 0.315 seconds
[2025-12-27T14:21:08.250+0000] {processor.py:161} INFO - Started process (PID=718) to work on /home/airflow/.local/lib/python3.12/site-packages/airflow/example_dags/example_python_operator.py
[2025-12-27T14:21:08.264+0000] {processor.py:830} INFO - Processing file /home/airflow/.local/lib/python3.12/site-packages/airflow/example_dags/example_python_operator.py for tasks to queue
[2025-12-27T14:21:08.273+0000] {logging_mixin.py:188} INFO - [2025-12-27T14:21:08.272+0000] {dagbag.py:540} INFO - Filling up the DagBag from /home/airflow/.local/lib/python3.12/site-packages/airflow/example_dags/example_python_operator.py
[2025-12-27T14:21:08.348+0000] {processor.py:840} INFO - DAG(s) 'example_python_operator' retrieved from /home/airflow/.local/lib/python3.12/site-packages/airflow/example_dags/example_python_operator.py
[2025-12-27T14:21:08.484+0000] {logging_mixin.py:188} INFO - [2025-12-27T14:21:08.483+0000] {dag.py:3096} INFO - Sync 1 DAGs
[2025-12-27T14:21:08.554+0000] {logging_mixin.py:188} INFO - [2025-12-27T14:21:08.553+0000] {dag.py:3954} INFO - Setting next_dagrun for example_python_operator to None, run_after=None
[2025-12-27T14:21:08.654+0000] {processor.py:183} INFO - Processing /home/airflow/.local/lib/python3.12/site-packages/airflow/example_dags/example_python_operator.py took 0.437 seconds
[2025-12-27T14:21:45.452+0000] {processor.py:161} INFO - Started process (PID=776) to work on /home/airflow/.local/lib/python3.12/site-packages/airflow/example_dags/example_python_operator.py
[2025-12-27T14:21:45.461+0000] {processor.py:830} INFO - Processing file /home/airflow/.local/lib/python3.12/site-packages/airflow/example_dags/example_python_operator.py for tasks to queue
[2025-12-27T14:21:45.469+0000] {logging_mixin.py:188} INFO - [2025-12-27T14:21:45.468+0000] {dagbag.py:540} INFO - Filling up the DagBag from /home/airflow/.local/lib/python3.12/site-packages/airflow/example_dags/example_python_operator.py
[2025-12-27T14:21:45.537+0000] {processor.py:840} INFO - DAG(s) 'example_python_operator' retrieved from /home/airflow/.local/lib/python3.12/site-packages/airflow/example_dags/example_python_operator.py
[2025-12-27T14:21:45.658+0000] {logging_mixin.py:188} INFO - [2025-12-27T14:21:45.657+0000] {dag.py:3096} INFO - Sync 1 DAGs
[2025-12-27T14:21:45.784+0000] {logging_mixin.py:188} INFO - [2025-12-27T14:21:45.783+0000] {dag.py:3954} INFO - Setting next_dagrun for example_python_operator to None, run_after=None
[2025-12-27T14:21:45.909+0000] {processor.py:183} INFO - Processing /home/airflow/.local/lib/python3.12/site-packages/airflow/example_dags/example_python_operator.py took 0.518 seconds
[2025-12-27T14:22:43.971+0000] {processor.py:161} INFO - Started process (PID=841) to work on /home/airflow/.local/lib/python3.12/site-packages/airflow/example_dags/example_python_operator.py
[2025-12-27T14:22:43.984+0000] {processor.py:830} INFO - Processing file /home/airflow/.local/lib/python3.12/site-packages/airflow/example_dags/example_python_operator.py for tasks to queue
[2025-12-27T14:22:44.001+0000] {logging_mixin.py:188} INFO - [2025-12-27T14:22:43.997+0000] {dagbag.py:540} INFO - Filling up the DagBag from /home/airflow/.local/lib/python3.12/site-packages/airflow/example_dags/example_python_operator.py
[2025-12-27T14:22:44.189+0000] {processor.py:840} INFO - DAG(s) 'example_python_operator' retrieved from /home/airflow/.local/lib/python3.12/site-packages/airflow/example_dags/example_python_operator.py
[2025-12-27T14:22:44.435+0000] {logging_mixin.py:188} INFO - [2025-12-27T14:22:44.434+0000] {dag.py:3096} INFO - Sync 1 DAGs
[2025-12-27T14:22:44.557+0000] {logging_mixin.py:188} INFO - [2025-12-27T14:22:44.555+0000] {dag.py:3954} INFO - Setting next_dagrun for example_python_operator to None, run_after=None
[2025-12-27T14:22:44.707+0000] {processor.py:183} INFO - Processing /home/airflow/.local/lib/python3.12/site-packages/airflow/example_dags/example_python_operator.py took 0.787 seconds
[2025-12-27T14:23:46.077+0000] {processor.py:161} INFO - Started process (PID=873) to work on /home/airflow/.local/lib/python3.12/site-packages/airflow/example_dags/example_python_operator.py
[2025-12-27T14:23:46.112+0000] {processor.py:830} INFO - Processing file /home/airflow/.local/lib/python3.12/site-packages/airflow/example_dags/example_python_operator.py for tasks to queue
[2025-12-27T14:23:46.195+0000] {logging_mixin.py:188} INFO - [2025-12-27T14:23:46.178+0000] {dagbag.py:540} INFO - Filling up the DagBag from /home/airflow/.local/lib/python3.12/site-packages/airflow/example_dags/example_python_operator.py
[2025-12-27T14:23:46.904+0000] {processor.py:840} INFO - DAG(s) 'example_python_operator' retrieved from /home/airflow/.local/lib/python3.12/site-packages/airflow/example_dags/example_python_operator.py
[2025-12-27T14:23:48.314+0000] {logging_mixin.py:188} INFO - [2025-12-27T14:23:48.309+0000] {dag.py:3096} INFO - Sync 1 DAGs
[2025-12-27T14:23:48.512+0000] {logging_mixin.py:188} INFO - [2025-12-27T14:23:48.511+0000] {dag.py:3954} INFO - Setting next_dagrun for example_python_operator to None, run_after=None
[2025-12-27T14:23:49.116+0000] {processor.py:183} INFO - Processing /home/airflow/.local/lib/python3.12/site-packages/airflow/example_dags/example_python_operator.py took 3.677 seconds
[2025-12-27T14:24:25.381+0000] {processor.py:161} INFO - Started process (PID=929) to work on /home/airflow/.local/lib/python3.12/site-packages/airflow/example_dags/example_python_operator.py
[2025-12-27T14:24:25.385+0000] {processor.py:830} INFO - Processing file /home/airflow/.local/lib/python3.12/site-packages/airflow/example_dags/example_python_operator.py for tasks to queue
[2025-12-27T14:24:25.388+0000] {logging_mixin.py:188} INFO - [2025-12-27T14:24:25.387+0000] {dagbag.py:540} INFO - Filling up the DagBag from /home/airflow/.local/lib/python3.12/site-packages/airflow/example_dags/example_python_operator.py
[2025-12-27T14:24:25.424+0000] {processor.py:840} INFO - DAG(s) 'example_python_operator' retrieved from /home/airflow/.local/lib/python3.12/site-packages/airflow/example_dags/example_python_operator.py
[2025-12-27T14:24:25.499+0000] {logging_mixin.py:188} INFO - [2025-12-27T14:24:25.498+0000] {dag.py:3096} INFO - Sync 1 DAGs
[2025-12-27T14:24:25.534+0000] {logging_mixin.py:188} INFO - [2025-12-27T14:24:25.533+0000] {dag.py:3954} INFO - Setting next_dagrun for example_python_operator to None, run_after=None
[2025-12-27T14:24:25.605+0000] {processor.py:183} INFO - Processing /home/airflow/.local/lib/python3.12/site-packages/airflow/example_dags/example_python_operator.py took 0.246 seconds
[2025-12-27T14:25:03.081+0000] {processor.py:161} INFO - Started process (PID=988) to work on /home/airflow/.local/lib/python3.12/site-packages/airflow/example_dags/example_python_operator.py
[2025-12-27T14:25:03.099+0000] {processor.py:830} INFO - Processing file /home/airflow/.local/lib/python3.12/site-packages/airflow/example_dags/example_python_operator.py for tasks to queue
[2025-12-27T14:25:03.110+0000] {logging_mixin.py:188} INFO - [2025-12-27T14:25:03.106+0000] {dagbag.py:540} INFO - Filling up the DagBag from /home/airflow/.local/lib/python3.12/site-packages/airflow/example_dags/example_python_operator.py
[2025-12-27T14:25:03.323+0000] {processor.py:840} INFO - DAG(s) 'example_python_operator' retrieved from /home/airflow/.local/lib/python3.12/site-packages/airflow/example_dags/example_python_operator.py
[2025-12-27T14:25:03.685+0000] {logging_mixin.py:188} INFO - [2025-12-27T14:25:03.682+0000] {dag.py:3096} INFO - Sync 1 DAGs
[2025-12-27T14:25:03.917+0000] {logging_mixin.py:188} INFO - [2025-12-27T14:25:03.916+0000] {dag.py:3954} INFO - Setting next_dagrun for example_python_operator to None, run_after=None
[2025-12-27T14:25:04.343+0000] {processor.py:183} INFO - Processing /home/airflow/.local/lib/python3.12/site-packages/airflow/example_dags/example_python_operator.py took 1.378 seconds
[2025-12-27T14:26:11.931+0000] {processor.py:161} INFO - Started process (PID=1048) to work on /home/airflow/.local/lib/python3.12/site-packages/airflow/example_dags/example_python_operator.py
[2025-12-27T14:26:11.954+0000] {processor.py:830} INFO - Processing file /home/airflow/.local/lib/python3.12/site-packages/airflow/example_dags/example_python_operator.py for tasks to queue
[2025-12-27T14:26:11.973+0000] {logging_mixin.py:188} INFO - [2025-12-27T14:26:11.967+0000] {dagbag.py:540} INFO - Filling up the DagBag from /home/airflow/.local/lib/python3.12/site-packages/airflow/example_dags/example_python_operator.py
[2025-12-27T14:26:12.302+0000] {processor.py:840} INFO - DAG(s) 'example_python_operator' retrieved from /home/airflow/.local/lib/python3.12/site-packages/airflow/example_dags/example_python_operator.py
[2025-12-27T14:26:12.657+0000] {logging_mixin.py:188} INFO - [2025-12-27T14:26:12.656+0000] {dag.py:3096} INFO - Sync 1 DAGs
[2025-12-27T14:26:15.657+0000] {logging_mixin.py:188} INFO - [2025-12-27T14:26:15.656+0000] {dag.py:3954} INFO - Setting next_dagrun for example_python_operator to None, run_after=None
[2025-12-27T14:26:15.736+0000] {processor.py:183} INFO - Processing /home/airflow/.local/lib/python3.12/site-packages/airflow/example_dags/example_python_operator.py took 3.965 seconds
[2025-12-27T14:26:48.679+0000] {processor.py:161} INFO - Started process (PID=1106) to work on /home/airflow/.local/lib/python3.12/site-packages/airflow/example_dags/example_python_operator.py
[2025-12-27T14:26:48.693+0000] {processor.py:830} INFO - Processing file /home/airflow/.local/lib/python3.12/site-packages/airflow/example_dags/example_python_operator.py for tasks to queue
[2025-12-27T14:26:48.698+0000] {logging_mixin.py:188} INFO - [2025-12-27T14:26:48.696+0000] {dagbag.py:540} INFO - Filling up the DagBag from /home/airflow/.local/lib/python3.12/site-packages/airflow/example_dags/example_python_operator.py
[2025-12-27T14:26:48.793+0000] {processor.py:840} INFO - DAG(s) 'example_python_operator' retrieved from /home/airflow/.local/lib/python3.12/site-packages/airflow/example_dags/example_python_operator.py
[2025-12-27T14:26:48.943+0000] {logging_mixin.py:188} INFO - [2025-12-27T14:26:48.941+0000] {dag.py:3096} INFO - Sync 1 DAGs
[2025-12-27T14:26:49.040+0000] {logging_mixin.py:188} INFO - [2025-12-27T14:26:49.039+0000] {dag.py:3954} INFO - Setting next_dagrun for example_python_operator to None, run_after=None
[2025-12-27T14:26:49.842+0000] {processor.py:183} INFO - Processing /home/airflow/.local/lib/python3.12/site-packages/airflow/example_dags/example_python_operator.py took 1.208 seconds
[2025-12-27T14:27:35.243+0000] {processor.py:161} INFO - Started process (PID=1139) to work on /home/airflow/.local/lib/python3.12/site-packages/airflow/example_dags/example_python_operator.py
[2025-12-27T14:27:35.260+0000] {processor.py:830} INFO - Processing file /home/airflow/.local/lib/python3.12/site-packages/airflow/example_dags/example_python_operator.py for tasks to queue
[2025-12-27T14:27:35.272+0000] {logging_mixin.py:188} INFO - [2025-12-27T14:27:35.269+0000] {dagbag.py:540} INFO - Filling up the DagBag from /home/airflow/.local/lib/python3.12/site-packages/airflow/example_dags/example_python_operator.py
[2025-12-27T14:27:35.478+0000] {processor.py:840} INFO - DAG(s) 'example_python_operator' retrieved from /home/airflow/.local/lib/python3.12/site-packages/airflow/example_dags/example_python_operator.py
[2025-12-27T14:27:35.750+0000] {logging_mixin.py:188} INFO - [2025-12-27T14:27:35.749+0000] {dag.py:3096} INFO - Sync 1 DAGs
[2025-12-27T14:27:35.926+0000] {logging_mixin.py:188} INFO - [2025-12-27T14:27:35.924+0000] {dag.py:3954} INFO - Setting next_dagrun for example_python_operator to None, run_after=None
[2025-12-27T14:27:36.055+0000] {processor.py:183} INFO - Processing /home/airflow/.local/lib/python3.12/site-packages/airflow/example_dags/example_python_operator.py took 0.923 seconds
[2025-12-27T14:28:06.703+0000] {processor.py:161} INFO - Started process (PID=1197) to work on /home/airflow/.local/lib/python3.12/site-packages/airflow/example_dags/example_python_operator.py
[2025-12-27T14:28:06.715+0000] {processor.py:830} INFO - Processing file /home/airflow/.local/lib/python3.12/site-packages/airflow/example_dags/example_python_operator.py for tasks to queue
[2025-12-27T14:28:06.727+0000] {logging_mixin.py:188} INFO - [2025-12-27T14:28:06.723+0000] {dagbag.py:540} INFO - Filling up the DagBag from /home/airflow/.local/lib/python3.12/site-packages/airflow/example_dags/example_python_operator.py
[2025-12-27T14:28:06.863+0000] {processor.py:840} INFO - DAG(s) 'example_python_operator' retrieved from /home/airflow/.local/lib/python3.12/site-packages/airflow/example_dags/example_python_operator.py
[2025-12-27T14:28:07.103+0000] {logging_mixin.py:188} INFO - [2025-12-27T14:28:07.101+0000] {dag.py:3096} INFO - Sync 1 DAGs
[2025-12-27T14:28:07.220+0000] {logging_mixin.py:188} INFO - [2025-12-27T14:28:07.218+0000] {dag.py:3954} INFO - Setting next_dagrun for example_python_operator to None, run_after=None
[2025-12-27T14:28:07.350+0000] {processor.py:183} INFO - Processing /home/airflow/.local/lib/python3.12/site-packages/airflow/example_dags/example_python_operator.py took 0.740 seconds
[2025-12-27T14:28:37.542+0000] {processor.py:161} INFO - Started process (PID=1253) to work on /home/airflow/.local/lib/python3.12/site-packages/airflow/example_dags/example_python_operator.py
[2025-12-27T14:28:37.546+0000] {processor.py:830} INFO - Processing file /home/airflow/.local/lib/python3.12/site-packages/airflow/example_dags/example_python_operator.py for tasks to queue
[2025-12-27T14:28:37.548+0000] {logging_mixin.py:188} INFO - [2025-12-27T14:28:37.547+0000] {dagbag.py:540} INFO - Filling up the DagBag from /home/airflow/.local/lib/python3.12/site-packages/airflow/example_dags/example_python_operator.py
[2025-12-27T14:28:37.581+0000] {processor.py:840} INFO - DAG(s) 'example_python_operator' retrieved from /home/airflow/.local/lib/python3.12/site-packages/airflow/example_dags/example_python_operator.py
[2025-12-27T14:28:37.684+0000] {logging_mixin.py:188} INFO - [2025-12-27T14:28:37.683+0000] {dag.py:3096} INFO - Sync 1 DAGs
[2025-12-27T14:28:37.727+0000] {logging_mixin.py:188} INFO - [2025-12-27T14:28:37.726+0000] {dag.py:3954} INFO - Setting next_dagrun for example_python_operator to None, run_after=None
[2025-12-27T14:28:37.796+0000] {processor.py:183} INFO - Processing /home/airflow/.local/lib/python3.12/site-packages/airflow/example_dags/example_python_operator.py took 0.280 seconds
[2025-12-27T14:29:08.484+0000] {processor.py:161} INFO - Started process (PID=1311) to work on /home/airflow/.local/lib/python3.12/site-packages/airflow/example_dags/example_python_operator.py
[2025-12-27T14:29:08.487+0000] {processor.py:830} INFO - Processing file /home/airflow/.local/lib/python3.12/site-packages/airflow/example_dags/example_python_operator.py for tasks to queue
[2025-12-27T14:29:08.490+0000] {logging_mixin.py:188} INFO - [2025-12-27T14:29:08.489+0000] {dagbag.py:540} INFO - Filling up the DagBag from /home/airflow/.local/lib/python3.12/site-packages/airflow/example_dags/example_python_operator.py
[2025-12-27T14:29:08.524+0000] {processor.py:840} INFO - DAG(s) 'example_python_operator' retrieved from /home/airflow/.local/lib/python3.12/site-packages/airflow/example_dags/example_python_operator.py
[2025-12-27T14:29:08.586+0000] {logging_mixin.py:188} INFO - [2025-12-27T14:29:08.586+0000] {dag.py:3096} INFO - Sync 1 DAGs
[2025-12-27T14:29:08.621+0000] {logging_mixin.py:188} INFO - [2025-12-27T14:29:08.621+0000] {dag.py:3954} INFO - Setting next_dagrun for example_python_operator to None, run_after=None
[2025-12-27T14:29:08.676+0000] {processor.py:183} INFO - Processing /home/airflow/.local/lib/python3.12/site-packages/airflow/example_dags/example_python_operator.py took 0.214 seconds
[2025-12-27T14:29:38.782+0000] {processor.py:161} INFO - Started process (PID=1369) to work on /home/airflow/.local/lib/python3.12/site-packages/airflow/example_dags/example_python_operator.py
[2025-12-27T14:29:38.785+0000] {processor.py:830} INFO - Processing file /home/airflow/.local/lib/python3.12/site-packages/airflow/example_dags/example_python_operator.py for tasks to queue
[2025-12-27T14:29:38.788+0000] {logging_mixin.py:188} INFO - [2025-12-27T14:29:38.787+0000] {dagbag.py:540} INFO - Filling up the DagBag from /home/airflow/.local/lib/python3.12/site-packages/airflow/example_dags/example_python_operator.py
[2025-12-27T14:29:38.821+0000] {processor.py:840} INFO - DAG(s) 'example_python_operator' retrieved from /home/airflow/.local/lib/python3.12/site-packages/airflow/example_dags/example_python_operator.py
[2025-12-27T14:29:38.885+0000] {logging_mixin.py:188} INFO - [2025-12-27T14:29:38.884+0000] {dag.py:3096} INFO - Sync 1 DAGs
[2025-12-27T14:29:38.924+0000] {logging_mixin.py:188} INFO - [2025-12-27T14:29:38.924+0000] {dag.py:3954} INFO - Setting next_dagrun for example_python_operator to None, run_after=None
[2025-12-27T14:29:38.981+0000] {processor.py:183} INFO - Processing /home/airflow/.local/lib/python3.12/site-packages/airflow/example_dags/example_python_operator.py took 0.217 seconds
[2025-12-27T14:30:11.665+0000] {processor.py:161} INFO - Started process (PID=1423) to work on /home/airflow/.local/lib/python3.12/site-packages/airflow/example_dags/example_python_operator.py
[2025-12-27T14:30:11.680+0000] {processor.py:830} INFO - Processing file /home/airflow/.local/lib/python3.12/site-packages/airflow/example_dags/example_python_operator.py for tasks to queue
[2025-12-27T14:30:11.685+0000] {logging_mixin.py:188} INFO - [2025-12-27T14:30:11.683+0000] {dagbag.py:540} INFO - Filling up the DagBag from /home/airflow/.local/lib/python3.12/site-packages/airflow/example_dags/example_python_operator.py
[2025-12-27T14:30:11.734+0000] {processor.py:840} INFO - DAG(s) 'example_python_operator' retrieved from /home/airflow/.local/lib/python3.12/site-packages/airflow/example_dags/example_python_operator.py
[2025-12-27T14:30:11.831+0000] {logging_mixin.py:188} INFO - [2025-12-27T14:30:11.831+0000] {dag.py:3096} INFO - Sync 1 DAGs
[2025-12-27T14:30:11.922+0000] {logging_mixin.py:188} INFO - [2025-12-27T14:30:11.919+0000] {dag.py:3954} INFO - Setting next_dagrun for example_python_operator to None, run_after=None
[2025-12-27T14:30:12.007+0000] {processor.py:183} INFO - Processing /home/airflow/.local/lib/python3.12/site-packages/airflow/example_dags/example_python_operator.py took 0.366 seconds
[2025-12-27T14:30:42.542+0000] {processor.py:161} INFO - Started process (PID=1482) to work on /home/airflow/.local/lib/python3.12/site-packages/airflow/example_dags/example_python_operator.py
[2025-12-27T14:30:42.546+0000] {processor.py:830} INFO - Processing file /home/airflow/.local/lib/python3.12/site-packages/airflow/example_dags/example_python_operator.py for tasks to queue
[2025-12-27T14:30:42.549+0000] {logging_mixin.py:188} INFO - [2025-12-27T14:30:42.548+0000] {dagbag.py:540} INFO - Filling up the DagBag from /home/airflow/.local/lib/python3.12/site-packages/airflow/example_dags/example_python_operator.py
[2025-12-27T14:30:42.591+0000] {processor.py:840} INFO - DAG(s) 'example_python_operator' retrieved from /home/airflow/.local/lib/python3.12/site-packages/airflow/example_dags/example_python_operator.py
[2025-12-27T14:30:42.680+0000] {logging_mixin.py:188} INFO - [2025-12-27T14:30:42.679+0000] {dag.py:3096} INFO - Sync 1 DAGs
[2025-12-27T14:30:42.730+0000] {logging_mixin.py:188} INFO - [2025-12-27T14:30:42.730+0000] {dag.py:3954} INFO - Setting next_dagrun for example_python_operator to None, run_after=None
[2025-12-27T14:30:42.813+0000] {processor.py:183} INFO - Processing /home/airflow/.local/lib/python3.12/site-packages/airflow/example_dags/example_python_operator.py took 0.295 seconds
[2025-12-27T14:31:12.961+0000] {processor.py:161} INFO - Started process (PID=1540) to work on /home/airflow/.local/lib/python3.12/site-packages/airflow/example_dags/example_python_operator.py
[2025-12-27T14:31:12.964+0000] {processor.py:830} INFO - Processing file /home/airflow/.local/lib/python3.12/site-packages/airflow/example_dags/example_python_operator.py for tasks to queue
[2025-12-27T14:31:12.968+0000] {logging_mixin.py:188} INFO - [2025-12-27T14:31:12.966+0000] {dagbag.py:540} INFO - Filling up the DagBag from /home/airflow/.local/lib/python3.12/site-packages/airflow/example_dags/example_python_operator.py
[2025-12-27T14:31:13.006+0000] {processor.py:840} INFO - DAG(s) 'example_python_operator' retrieved from /home/airflow/.local/lib/python3.12/site-packages/airflow/example_dags/example_python_operator.py
[2025-12-27T14:31:13.096+0000] {logging_mixin.py:188} INFO - [2025-12-27T14:31:13.095+0000] {dag.py:3096} INFO - Sync 1 DAGs
[2025-12-27T14:31:13.132+0000] {logging_mixin.py:188} INFO - [2025-12-27T14:31:13.131+0000] {dag.py:3954} INFO - Setting next_dagrun for example_python_operator to None, run_after=None
[2025-12-27T14:31:13.186+0000] {processor.py:183} INFO - Processing /home/airflow/.local/lib/python3.12/site-packages/airflow/example_dags/example_python_operator.py took 0.249 seconds
[2025-12-27T14:31:43.734+0000] {processor.py:161} INFO - Started process (PID=1598) to work on /home/airflow/.local/lib/python3.12/site-packages/airflow/example_dags/example_python_operator.py
[2025-12-27T14:31:43.736+0000] {processor.py:830} INFO - Processing file /home/airflow/.local/lib/python3.12/site-packages/airflow/example_dags/example_python_operator.py for tasks to queue
[2025-12-27T14:31:43.739+0000] {logging_mixin.py:188} INFO - [2025-12-27T14:31:43.738+0000] {dagbag.py:540} INFO - Filling up the DagBag from /home/airflow/.local/lib/python3.12/site-packages/airflow/example_dags/example_python_operator.py
[2025-12-27T14:31:43.768+0000] {processor.py:840} INFO - DAG(s) 'example_python_operator' retrieved from /home/airflow/.local/lib/python3.12/site-packages/airflow/example_dags/example_python_operator.py
[2025-12-27T14:31:43.836+0000] {logging_mixin.py:188} INFO - [2025-12-27T14:31:43.835+0000] {dag.py:3096} INFO - Sync 1 DAGs
[2025-12-27T14:31:43.870+0000] {logging_mixin.py:188} INFO - [2025-12-27T14:31:43.870+0000] {dag.py:3954} INFO - Setting next_dagrun for example_python_operator to None, run_after=None
[2025-12-27T14:31:43.924+0000] {processor.py:183} INFO - Processing /home/airflow/.local/lib/python3.12/site-packages/airflow/example_dags/example_python_operator.py took 0.207 seconds
[2025-12-27T14:32:14.024+0000] {processor.py:161} INFO - Started process (PID=1654) to work on /home/airflow/.local/lib/python3.12/site-packages/airflow/example_dags/example_python_operator.py
[2025-12-27T14:32:14.027+0000] {processor.py:830} INFO - Processing file /home/airflow/.local/lib/python3.12/site-packages/airflow/example_dags/example_python_operator.py for tasks to queue
[2025-12-27T14:32:14.030+0000] {logging_mixin.py:188} INFO - [2025-12-27T14:32:14.029+0000] {dagbag.py:540} INFO - Filling up the DagBag from /home/airflow/.local/lib/python3.12/site-packages/airflow/example_dags/example_python_operator.py
[2025-12-27T14:32:14.057+0000] {processor.py:840} INFO - DAG(s) 'example_python_operator' retrieved from /home/airflow/.local/lib/python3.12/site-packages/airflow/example_dags/example_python_operator.py
[2025-12-27T14:32:14.118+0000] {logging_mixin.py:188} INFO - [2025-12-27T14:32:14.118+0000] {dag.py:3096} INFO - Sync 1 DAGs
[2025-12-27T14:32:14.151+0000] {logging_mixin.py:188} INFO - [2025-12-27T14:32:14.150+0000] {dag.py:3954} INFO - Setting next_dagrun for example_python_operator to None, run_after=None
[2025-12-27T14:32:14.202+0000] {processor.py:183} INFO - Processing /home/airflow/.local/lib/python3.12/site-packages/airflow/example_dags/example_python_operator.py took 0.196 seconds
[2025-12-27T14:32:45.459+0000] {processor.py:161} INFO - Started process (PID=1712) to work on /home/airflow/.local/lib/python3.12/site-packages/airflow/example_dags/example_python_operator.py
[2025-12-27T14:32:45.463+0000] {processor.py:830} INFO - Processing file /home/airflow/.local/lib/python3.12/site-packages/airflow/example_dags/example_python_operator.py for tasks to queue
[2025-12-27T14:32:45.468+0000] {logging_mixin.py:188} INFO - [2025-12-27T14:32:45.465+0000] {dagbag.py:540} INFO - Filling up the DagBag from /home/airflow/.local/lib/python3.12/site-packages/airflow/example_dags/example_python_operator.py
[2025-12-27T14:32:45.510+0000] {processor.py:840} INFO - DAG(s) 'example_python_operator' retrieved from /home/airflow/.local/lib/python3.12/site-packages/airflow/example_dags/example_python_operator.py
[2025-12-27T14:32:45.589+0000] {logging_mixin.py:188} INFO - [2025-12-27T14:32:45.589+0000] {dag.py:3096} INFO - Sync 1 DAGs
[2025-12-27T14:32:45.632+0000] {logging_mixin.py:188} INFO - [2025-12-27T14:32:45.632+0000] {dag.py:3954} INFO - Setting next_dagrun for example_python_operator to None, run_after=None
[2025-12-27T14:32:45.693+0000] {processor.py:183} INFO - Processing /home/airflow/.local/lib/python3.12/site-packages/airflow/example_dags/example_python_operator.py took 0.254 seconds
[2025-12-27T14:33:17.001+0000] {processor.py:161} INFO - Started process (PID=1771) to work on /home/airflow/.local/lib/python3.12/site-packages/airflow/example_dags/example_python_operator.py
[2025-12-27T14:33:17.007+0000] {processor.py:830} INFO - Processing file /home/airflow/.local/lib/python3.12/site-packages/airflow/example_dags/example_python_operator.py for tasks to queue
[2025-12-27T14:33:17.013+0000] {logging_mixin.py:188} INFO - [2025-12-27T14:33:17.011+0000] {dagbag.py:540} INFO - Filling up the DagBag from /home/airflow/.local/lib/python3.12/site-packages/airflow/example_dags/example_python_operator.py
[2025-12-27T14:33:17.094+0000] {processor.py:840} INFO - DAG(s) 'example_python_operator' retrieved from /home/airflow/.local/lib/python3.12/site-packages/airflow/example_dags/example_python_operator.py
[2025-12-27T14:33:17.231+0000] {logging_mixin.py:188} INFO - [2025-12-27T14:33:17.230+0000] {dag.py:3096} INFO - Sync 1 DAGs
[2025-12-27T14:33:17.314+0000] {logging_mixin.py:188} INFO - [2025-12-27T14:33:17.313+0000] {dag.py:3954} INFO - Setting next_dagrun for example_python_operator to None, run_after=None
[2025-12-27T14:33:17.466+0000] {processor.py:183} INFO - Processing /home/airflow/.local/lib/python3.12/site-packages/airflow/example_dags/example_python_operator.py took 0.502 seconds
[2025-12-27T14:33:47.673+0000] {processor.py:161} INFO - Started process (PID=1829) to work on /home/airflow/.local/lib/python3.12/site-packages/airflow/example_dags/example_python_operator.py
[2025-12-27T14:33:47.677+0000] {processor.py:830} INFO - Processing file /home/airflow/.local/lib/python3.12/site-packages/airflow/example_dags/example_python_operator.py for tasks to queue
[2025-12-27T14:33:47.680+0000] {logging_mixin.py:188} INFO - [2025-12-27T14:33:47.679+0000] {dagbag.py:540} INFO - Filling up the DagBag from /home/airflow/.local/lib/python3.12/site-packages/airflow/example_dags/example_python_operator.py
[2025-12-27T14:33:47.720+0000] {processor.py:840} INFO - DAG(s) 'example_python_operator' retrieved from /home/airflow/.local/lib/python3.12/site-packages/airflow/example_dags/example_python_operator.py
[2025-12-27T14:33:47.795+0000] {logging_mixin.py:188} INFO - [2025-12-27T14:33:47.794+0000] {dag.py:3096} INFO - Sync 1 DAGs
[2025-12-27T14:33:47.828+0000] {logging_mixin.py:188} INFO - [2025-12-27T14:33:47.827+0000] {dag.py:3954} INFO - Setting next_dagrun for example_python_operator to None, run_after=None
[2025-12-27T14:33:47.880+0000] {processor.py:183} INFO - Processing /home/airflow/.local/lib/python3.12/site-packages/airflow/example_dags/example_python_operator.py took 0.231 seconds
[2025-12-27T14:34:18.314+0000] {processor.py:161} INFO - Started process (PID=1887) to work on /home/airflow/.local/lib/python3.12/site-packages/airflow/example_dags/example_python_operator.py
[2025-12-27T14:34:18.318+0000] {processor.py:830} INFO - Processing file /home/airflow/.local/lib/python3.12/site-packages/airflow/example_dags/example_python_operator.py for tasks to queue
[2025-12-27T14:34:18.321+0000] {logging_mixin.py:188} INFO - [2025-12-27T14:34:18.320+0000] {dagbag.py:540} INFO - Filling up the DagBag from /home/airflow/.local/lib/python3.12/site-packages/airflow/example_dags/example_python_operator.py
[2025-12-27T14:34:18.360+0000] {processor.py:840} INFO - DAG(s) 'example_python_operator' retrieved from /home/airflow/.local/lib/python3.12/site-packages/airflow/example_dags/example_python_operator.py
[2025-12-27T14:34:18.440+0000] {logging_mixin.py:188} INFO - [2025-12-27T14:34:18.439+0000] {dag.py:3096} INFO - Sync 1 DAGs
[2025-12-27T14:34:18.525+0000] {logging_mixin.py:188} INFO - [2025-12-27T14:34:18.524+0000] {dag.py:3954} INFO - Setting next_dagrun for example_python_operator to None, run_after=None
[2025-12-27T14:34:18.595+0000] {processor.py:183} INFO - Processing /home/airflow/.local/lib/python3.12/site-packages/airflow/example_dags/example_python_operator.py took 0.308 seconds
[2025-12-27T14:34:48.978+0000] {processor.py:161} INFO - Started process (PID=1945) to work on /home/airflow/.local/lib/python3.12/site-packages/airflow/example_dags/example_python_operator.py
[2025-12-27T14:34:48.981+0000] {processor.py:830} INFO - Processing file /home/airflow/.local/lib/python3.12/site-packages/airflow/example_dags/example_python_operator.py for tasks to queue
[2025-12-27T14:34:48.985+0000] {logging_mixin.py:188} INFO - [2025-12-27T14:34:48.983+0000] {dagbag.py:540} INFO - Filling up the DagBag from /home/airflow/.local/lib/python3.12/site-packages/airflow/example_dags/example_python_operator.py
[2025-12-27T14:34:49.027+0000] {processor.py:840} INFO - DAG(s) 'example_python_operator' retrieved from /home/airflow/.local/lib/python3.12/site-packages/airflow/example_dags/example_python_operator.py
[2025-12-27T14:34:49.096+0000] {logging_mixin.py:188} INFO - [2025-12-27T14:34:49.096+0000] {dag.py:3096} INFO - Sync 1 DAGs
[2025-12-27T14:34:49.141+0000] {logging_mixin.py:188} INFO - [2025-12-27T14:34:49.140+0000] {dag.py:3954} INFO - Setting next_dagrun for example_python_operator to None, run_after=None
[2025-12-27T14:34:49.202+0000] {processor.py:183} INFO - Processing /home/airflow/.local/lib/python3.12/site-packages/airflow/example_dags/example_python_operator.py took 0.253 seconds
[2025-12-27T14:35:20.183+0000] {processor.py:161} INFO - Started process (PID=2004) to work on /home/airflow/.local/lib/python3.12/site-packages/airflow/example_dags/example_python_operator.py
[2025-12-27T14:35:20.187+0000] {processor.py:830} INFO - Processing file /home/airflow/.local/lib/python3.12/site-packages/airflow/example_dags/example_python_operator.py for tasks to queue
[2025-12-27T14:35:20.191+0000] {logging_mixin.py:188} INFO - [2025-12-27T14:35:20.189+0000] {dagbag.py:540} INFO - Filling up the DagBag from /home/airflow/.local/lib/python3.12/site-packages/airflow/example_dags/example_python_operator.py
[2025-12-27T14:35:20.237+0000] {processor.py:840} INFO - DAG(s) 'example_python_operator' retrieved from /home/airflow/.local/lib/python3.12/site-packages/airflow/example_dags/example_python_operator.py
[2025-12-27T14:35:20.352+0000] {logging_mixin.py:188} INFO - [2025-12-27T14:35:20.345+0000] {dag.py:3096} INFO - Sync 1 DAGs
[2025-12-27T14:35:20.412+0000] {logging_mixin.py:188} INFO - [2025-12-27T14:35:20.411+0000] {dag.py:3954} INFO - Setting next_dagrun for example_python_operator to None, run_after=None
[2025-12-27T14:35:20.476+0000] {processor.py:183} INFO - Processing /home/airflow/.local/lib/python3.12/site-packages/airflow/example_dags/example_python_operator.py took 0.313 seconds
[2025-12-27T14:35:51.002+0000] {processor.py:161} INFO - Started process (PID=2062) to work on /home/airflow/.local/lib/python3.12/site-packages/airflow/example_dags/example_python_operator.py
[2025-12-27T14:35:51.006+0000] {processor.py:830} INFO - Processing file /home/airflow/.local/lib/python3.12/site-packages/airflow/example_dags/example_python_operator.py for tasks to queue
[2025-12-27T14:35:51.011+0000] {logging_mixin.py:188} INFO - [2025-12-27T14:35:51.010+0000] {dagbag.py:540} INFO - Filling up the DagBag from /home/airflow/.local/lib/python3.12/site-packages/airflow/example_dags/example_python_operator.py
[2025-12-27T14:35:51.090+0000] {processor.py:840} INFO - DAG(s) 'example_python_operator' retrieved from /home/airflow/.local/lib/python3.12/site-packages/airflow/example_dags/example_python_operator.py
[2025-12-27T14:35:51.223+0000] {logging_mixin.py:188} INFO - [2025-12-27T14:35:51.222+0000] {dag.py:3096} INFO - Sync 1 DAGs
[2025-12-27T14:35:51.288+0000] {logging_mixin.py:188} INFO - [2025-12-27T14:35:51.287+0000] {dag.py:3954} INFO - Setting next_dagrun for example_python_operator to None, run_after=None
[2025-12-27T14:35:51.398+0000] {processor.py:183} INFO - Processing /home/airflow/.local/lib/python3.12/site-packages/airflow/example_dags/example_python_operator.py took 0.427 seconds
[2025-12-27T14:36:35.374+0000] {processor.py:161} INFO - Started process (PID=2127) to work on /home/airflow/.local/lib/python3.12/site-packages/airflow/example_dags/example_python_operator.py
[2025-12-27T14:36:35.379+0000] {processor.py:830} INFO - Processing file /home/airflow/.local/lib/python3.12/site-packages/airflow/example_dags/example_python_operator.py for tasks to queue
[2025-12-27T14:36:35.389+0000] {logging_mixin.py:188} INFO - [2025-12-27T14:36:35.382+0000] {dagbag.py:540} INFO - Filling up the DagBag from /home/airflow/.local/lib/python3.12/site-packages/airflow/example_dags/example_python_operator.py
[2025-12-27T14:36:35.450+0000] {processor.py:840} INFO - DAG(s) 'example_python_operator' retrieved from /home/airflow/.local/lib/python3.12/site-packages/airflow/example_dags/example_python_operator.py
[2025-12-27T14:36:35.573+0000] {logging_mixin.py:188} INFO - [2025-12-27T14:36:35.572+0000] {dag.py:3096} INFO - Sync 1 DAGs
[2025-12-27T14:36:35.634+0000] {logging_mixin.py:188} INFO - [2025-12-27T14:36:35.633+0000] {dag.py:3954} INFO - Setting next_dagrun for example_python_operator to None, run_after=None
[2025-12-27T14:36:35.733+0000] {processor.py:183} INFO - Processing /home/airflow/.local/lib/python3.12/site-packages/airflow/example_dags/example_python_operator.py took 0.394 seconds
[2025-12-27T14:37:06.255+0000] {processor.py:161} INFO - Started process (PID=2186) to work on /home/airflow/.local/lib/python3.12/site-packages/airflow/example_dags/example_python_operator.py
[2025-12-27T14:37:06.259+0000] {processor.py:830} INFO - Processing file /home/airflow/.local/lib/python3.12/site-packages/airflow/example_dags/example_python_operator.py for tasks to queue
[2025-12-27T14:37:06.262+0000] {logging_mixin.py:188} INFO - [2025-12-27T14:37:06.261+0000] {dagbag.py:540} INFO - Filling up the DagBag from /home/airflow/.local/lib/python3.12/site-packages/airflow/example_dags/example_python_operator.py
[2025-12-27T14:37:06.299+0000] {processor.py:840} INFO - DAG(s) 'example_python_operator' retrieved from /home/airflow/.local/lib/python3.12/site-packages/airflow/example_dags/example_python_operator.py
[2025-12-27T14:37:06.375+0000] {logging_mixin.py:188} INFO - [2025-12-27T14:37:06.374+0000] {dag.py:3096} INFO - Sync 1 DAGs
[2025-12-27T14:37:06.413+0000] {logging_mixin.py:188} INFO - [2025-12-27T14:37:06.412+0000] {dag.py:3954} INFO - Setting next_dagrun for example_python_operator to None, run_after=None
[2025-12-27T14:37:06.474+0000] {processor.py:183} INFO - Processing /home/airflow/.local/lib/python3.12/site-packages/airflow/example_dags/example_python_operator.py took 0.245 seconds
[2025-12-27T14:37:37.948+0000] {processor.py:161} INFO - Started process (PID=2244) to work on /home/airflow/.local/lib/python3.12/site-packages/airflow/example_dags/example_python_operator.py
[2025-12-27T14:37:37.951+0000] {processor.py:830} INFO - Processing file /home/airflow/.local/lib/python3.12/site-packages/airflow/example_dags/example_python_operator.py for tasks to queue
[2025-12-27T14:37:37.953+0000] {logging_mixin.py:188} INFO - [2025-12-27T14:37:37.953+0000] {dagbag.py:540} INFO - Filling up the DagBag from /home/airflow/.local/lib/python3.12/site-packages/airflow/example_dags/example_python_operator.py
[2025-12-27T14:37:37.983+0000] {processor.py:840} INFO - DAG(s) 'example_python_operator' retrieved from /home/airflow/.local/lib/python3.12/site-packages/airflow/example_dags/example_python_operator.py
[2025-12-27T14:37:38.052+0000] {logging_mixin.py:188} INFO - [2025-12-27T14:37:38.052+0000] {dag.py:3096} INFO - Sync 1 DAGs
[2025-12-27T14:37:38.086+0000] {logging_mixin.py:188} INFO - [2025-12-27T14:37:38.085+0000] {dag.py:3954} INFO - Setting next_dagrun for example_python_operator to None, run_after=None
[2025-12-27T14:37:38.141+0000] {processor.py:183} INFO - Processing /home/airflow/.local/lib/python3.12/site-packages/airflow/example_dags/example_python_operator.py took 0.210 seconds
[2025-12-27T14:38:08.330+0000] {processor.py:161} INFO - Started process (PID=2300) to work on /home/airflow/.local/lib/python3.12/site-packages/airflow/example_dags/example_python_operator.py
[2025-12-27T14:38:08.333+0000] {processor.py:830} INFO - Processing file /home/airflow/.local/lib/python3.12/site-packages/airflow/example_dags/example_python_operator.py for tasks to queue
[2025-12-27T14:38:08.337+0000] {logging_mixin.py:188} INFO - [2025-12-27T14:38:08.336+0000] {dagbag.py:540} INFO - Filling up the DagBag from /home/airflow/.local/lib/python3.12/site-packages/airflow/example_dags/example_python_operator.py
[2025-12-27T14:38:08.365+0000] {processor.py:840} INFO - DAG(s) 'example_python_operator' retrieved from /home/airflow/.local/lib/python3.12/site-packages/airflow/example_dags/example_python_operator.py
[2025-12-27T14:38:08.446+0000] {logging_mixin.py:188} INFO - [2025-12-27T14:38:08.445+0000] {dag.py:3096} INFO - Sync 1 DAGs
[2025-12-27T14:38:08.483+0000] {logging_mixin.py:188} INFO - [2025-12-27T14:38:08.482+0000] {dag.py:3954} INFO - Setting next_dagrun for example_python_operator to None, run_after=None
[2025-12-27T14:38:08.535+0000] {processor.py:183} INFO - Processing /home/airflow/.local/lib/python3.12/site-packages/airflow/example_dags/example_python_operator.py took 0.221 seconds
[2025-12-27T14:38:39.063+0000] {processor.py:161} INFO - Started process (PID=2358) to work on /home/airflow/.local/lib/python3.12/site-packages/airflow/example_dags/example_python_operator.py
[2025-12-27T14:38:39.066+0000] {processor.py:830} INFO - Processing file /home/airflow/.local/lib/python3.12/site-packages/airflow/example_dags/example_python_operator.py for tasks to queue
[2025-12-27T14:38:39.069+0000] {logging_mixin.py:188} INFO - [2025-12-27T14:38:39.068+0000] {dagbag.py:540} INFO - Filling up the DagBag from /home/airflow/.local/lib/python3.12/site-packages/airflow/example_dags/example_python_operator.py
[2025-12-27T14:38:39.108+0000] {processor.py:840} INFO - DAG(s) 'example_python_operator' retrieved from /home/airflow/.local/lib/python3.12/site-packages/airflow/example_dags/example_python_operator.py
[2025-12-27T14:38:39.225+0000] {logging_mixin.py:188} INFO - [2025-12-27T14:38:39.224+0000] {dag.py:3096} INFO - Sync 1 DAGs
[2025-12-27T14:38:39.316+0000] {logging_mixin.py:188} INFO - [2025-12-27T14:38:39.315+0000] {dag.py:3954} INFO - Setting next_dagrun for example_python_operator to None, run_after=None
[2025-12-27T14:38:39.391+0000] {processor.py:183} INFO - Processing /home/airflow/.local/lib/python3.12/site-packages/airflow/example_dags/example_python_operator.py took 0.352 seconds
[2025-12-27T14:39:09.942+0000] {processor.py:161} INFO - Started process (PID=2416) to work on /home/airflow/.local/lib/python3.12/site-packages/airflow/example_dags/example_python_operator.py
[2025-12-27T14:39:09.945+0000] {processor.py:830} INFO - Processing file /home/airflow/.local/lib/python3.12/site-packages/airflow/example_dags/example_python_operator.py for tasks to queue
[2025-12-27T14:39:09.949+0000] {logging_mixin.py:188} INFO - [2025-12-27T14:39:09.947+0000] {dagbag.py:540} INFO - Filling up the DagBag from /home/airflow/.local/lib/python3.12/site-packages/airflow/example_dags/example_python_operator.py
[2025-12-27T14:39:09.990+0000] {processor.py:840} INFO - DAG(s) 'example_python_operator' retrieved from /home/airflow/.local/lib/python3.12/site-packages/airflow/example_dags/example_python_operator.py
[2025-12-27T14:39:10.087+0000] {logging_mixin.py:188} INFO - [2025-12-27T14:39:10.086+0000] {dag.py:3096} INFO - Sync 1 DAGs
[2025-12-27T14:39:10.204+0000] {logging_mixin.py:188} INFO - [2025-12-27T14:39:10.202+0000] {dag.py:3954} INFO - Setting next_dagrun for example_python_operator to None, run_after=None
[2025-12-27T14:39:10.285+0000] {processor.py:183} INFO - Processing /home/airflow/.local/lib/python3.12/site-packages/airflow/example_dags/example_python_operator.py took 0.364 seconds
[2025-12-27T14:39:43.092+0000] {processor.py:161} INFO - Started process (PID=2472) to work on /home/airflow/.local/lib/python3.12/site-packages/airflow/example_dags/example_python_operator.py
[2025-12-27T14:39:43.096+0000] {processor.py:830} INFO - Processing file /home/airflow/.local/lib/python3.12/site-packages/airflow/example_dags/example_python_operator.py for tasks to queue
[2025-12-27T14:39:43.099+0000] {logging_mixin.py:188} INFO - [2025-12-27T14:39:43.098+0000] {dagbag.py:540} INFO - Filling up the DagBag from /home/airflow/.local/lib/python3.12/site-packages/airflow/example_dags/example_python_operator.py
[2025-12-27T14:39:43.137+0000] {processor.py:840} INFO - DAG(s) 'example_python_operator' retrieved from /home/airflow/.local/lib/python3.12/site-packages/airflow/example_dags/example_python_operator.py
[2025-12-27T14:39:43.224+0000] {logging_mixin.py:188} INFO - [2025-12-27T14:39:43.224+0000] {dag.py:3096} INFO - Sync 1 DAGs
[2025-12-27T14:39:43.267+0000] {logging_mixin.py:188} INFO - [2025-12-27T14:39:43.266+0000] {dag.py:3954} INFO - Setting next_dagrun for example_python_operator to None, run_after=None
[2025-12-27T14:39:43.336+0000] {processor.py:183} INFO - Processing /home/airflow/.local/lib/python3.12/site-packages/airflow/example_dags/example_python_operator.py took 0.262 seconds
[2025-12-27T14:40:13.867+0000] {processor.py:161} INFO - Started process (PID=2529) to work on /home/airflow/.local/lib/python3.12/site-packages/airflow/example_dags/example_python_operator.py
[2025-12-27T14:40:13.871+0000] {processor.py:830} INFO - Processing file /home/airflow/.local/lib/python3.12/site-packages/airflow/example_dags/example_python_operator.py for tasks to queue
[2025-12-27T14:40:13.874+0000] {logging_mixin.py:188} INFO - [2025-12-27T14:40:13.873+0000] {dagbag.py:540} INFO - Filling up the DagBag from /home/airflow/.local/lib/python3.12/site-packages/airflow/example_dags/example_python_operator.py
[2025-12-27T14:40:13.920+0000] {processor.py:840} INFO - DAG(s) 'example_python_operator' retrieved from /home/airflow/.local/lib/python3.12/site-packages/airflow/example_dags/example_python_operator.py
[2025-12-27T14:40:14.001+0000] {logging_mixin.py:188} INFO - [2025-12-27T14:40:14.001+0000] {dag.py:3096} INFO - Sync 1 DAGs
[2025-12-27T14:40:14.041+0000] {logging_mixin.py:188} INFO - [2025-12-27T14:40:14.041+0000] {dag.py:3954} INFO - Setting next_dagrun for example_python_operator to None, run_after=None
[2025-12-27T14:40:14.102+0000] {processor.py:183} INFO - Processing /home/airflow/.local/lib/python3.12/site-packages/airflow/example_dags/example_python_operator.py took 0.264 seconds
[2025-12-27T14:40:44.915+0000] {processor.py:161} INFO - Started process (PID=2587) to work on /home/airflow/.local/lib/python3.12/site-packages/airflow/example_dags/example_python_operator.py
[2025-12-27T14:40:44.918+0000] {processor.py:830} INFO - Processing file /home/airflow/.local/lib/python3.12/site-packages/airflow/example_dags/example_python_operator.py for tasks to queue
[2025-12-27T14:40:44.920+0000] {logging_mixin.py:188} INFO - [2025-12-27T14:40:44.920+0000] {dagbag.py:540} INFO - Filling up the DagBag from /home/airflow/.local/lib/python3.12/site-packages/airflow/example_dags/example_python_operator.py
[2025-12-27T14:40:44.950+0000] {processor.py:840} INFO - DAG(s) 'example_python_operator' retrieved from /home/airflow/.local/lib/python3.12/site-packages/airflow/example_dags/example_python_operator.py
[2025-12-27T14:40:45.027+0000] {logging_mixin.py:188} INFO - [2025-12-27T14:40:45.026+0000] {dag.py:3096} INFO - Sync 1 DAGs
[2025-12-27T14:40:45.070+0000] {logging_mixin.py:188} INFO - [2025-12-27T14:40:45.070+0000] {dag.py:3954} INFO - Setting next_dagrun for example_python_operator to None, run_after=None
[2025-12-27T14:40:45.126+0000] {processor.py:183} INFO - Processing /home/airflow/.local/lib/python3.12/site-packages/airflow/example_dags/example_python_operator.py took 0.227 seconds
[2025-12-27T14:41:15.456+0000] {processor.py:161} INFO - Started process (PID=2645) to work on /home/airflow/.local/lib/python3.12/site-packages/airflow/example_dags/example_python_operator.py
[2025-12-27T14:41:15.459+0000] {processor.py:830} INFO - Processing file /home/airflow/.local/lib/python3.12/site-packages/airflow/example_dags/example_python_operator.py for tasks to queue
[2025-12-27T14:41:15.462+0000] {logging_mixin.py:188} INFO - [2025-12-27T14:41:15.461+0000] {dagbag.py:540} INFO - Filling up the DagBag from /home/airflow/.local/lib/python3.12/site-packages/airflow/example_dags/example_python_operator.py
[2025-12-27T14:41:15.489+0000] {processor.py:840} INFO - DAG(s) 'example_python_operator' retrieved from /home/airflow/.local/lib/python3.12/site-packages/airflow/example_dags/example_python_operator.py
[2025-12-27T14:41:15.556+0000] {logging_mixin.py:188} INFO - [2025-12-27T14:41:15.556+0000] {dag.py:3096} INFO - Sync 1 DAGs
[2025-12-27T14:41:15.589+0000] {logging_mixin.py:188} INFO - [2025-12-27T14:41:15.589+0000] {dag.py:3954} INFO - Setting next_dagrun for example_python_operator to None, run_after=None
[2025-12-27T14:41:15.640+0000] {processor.py:183} INFO - Processing /home/airflow/.local/lib/python3.12/site-packages/airflow/example_dags/example_python_operator.py took 0.204 seconds
[2025-12-27T14:41:46.014+0000] {processor.py:161} INFO - Started process (PID=2703) to work on /home/airflow/.local/lib/python3.12/site-packages/airflow/example_dags/example_python_operator.py
[2025-12-27T14:41:46.017+0000] {processor.py:830} INFO - Processing file /home/airflow/.local/lib/python3.12/site-packages/airflow/example_dags/example_python_operator.py for tasks to queue
[2025-12-27T14:41:46.020+0000] {logging_mixin.py:188} INFO - [2025-12-27T14:41:46.019+0000] {dagbag.py:540} INFO - Filling up the DagBag from /home/airflow/.local/lib/python3.12/site-packages/airflow/example_dags/example_python_operator.py
[2025-12-27T14:41:46.055+0000] {processor.py:840} INFO - DAG(s) 'example_python_operator' retrieved from /home/airflow/.local/lib/python3.12/site-packages/airflow/example_dags/example_python_operator.py
[2025-12-27T14:41:46.127+0000] {logging_mixin.py:188} INFO - [2025-12-27T14:41:46.127+0000] {dag.py:3096} INFO - Sync 1 DAGs
[2025-12-27T14:41:46.167+0000] {logging_mixin.py:188} INFO - [2025-12-27T14:41:46.167+0000] {dag.py:3954} INFO - Setting next_dagrun for example_python_operator to None, run_after=None
[2025-12-27T14:41:46.216+0000] {processor.py:183} INFO - Processing /home/airflow/.local/lib/python3.12/site-packages/airflow/example_dags/example_python_operator.py took 0.226 seconds
[2025-12-27T14:42:16.543+0000] {processor.py:161} INFO - Started process (PID=2761) to work on /home/airflow/.local/lib/python3.12/site-packages/airflow/example_dags/example_python_operator.py
[2025-12-27T14:42:16.546+0000] {processor.py:830} INFO - Processing file /home/airflow/.local/lib/python3.12/site-packages/airflow/example_dags/example_python_operator.py for tasks to queue
[2025-12-27T14:42:16.549+0000] {logging_mixin.py:188} INFO - [2025-12-27T14:42:16.548+0000] {dagbag.py:540} INFO - Filling up the DagBag from /home/airflow/.local/lib/python3.12/site-packages/airflow/example_dags/example_python_operator.py
[2025-12-27T14:42:16.594+0000] {processor.py:840} INFO - DAG(s) 'example_python_operator' retrieved from /home/airflow/.local/lib/python3.12/site-packages/airflow/example_dags/example_python_operator.py
[2025-12-27T14:42:16.679+0000] {logging_mixin.py:188} INFO - [2025-12-27T14:42:16.679+0000] {dag.py:3096} INFO - Sync 1 DAGs
[2025-12-27T14:42:16.720+0000] {logging_mixin.py:188} INFO - [2025-12-27T14:42:16.720+0000] {dag.py:3954} INFO - Setting next_dagrun for example_python_operator to None, run_after=None
[2025-12-27T14:42:16.783+0000] {processor.py:183} INFO - Processing /home/airflow/.local/lib/python3.12/site-packages/airflow/example_dags/example_python_operator.py took 0.262 seconds
[2025-12-27T14:42:47.046+0000] {processor.py:161} INFO - Started process (PID=2819) to work on /home/airflow/.local/lib/python3.12/site-packages/airflow/example_dags/example_python_operator.py
[2025-12-27T14:42:47.049+0000] {processor.py:830} INFO - Processing file /home/airflow/.local/lib/python3.12/site-packages/airflow/example_dags/example_python_operator.py for tasks to queue
[2025-12-27T14:42:47.052+0000] {logging_mixin.py:188} INFO - [2025-12-27T14:42:47.051+0000] {dagbag.py:540} INFO - Filling up the DagBag from /home/airflow/.local/lib/python3.12/site-packages/airflow/example_dags/example_python_operator.py
[2025-12-27T14:42:47.085+0000] {processor.py:840} INFO - DAG(s) 'example_python_operator' retrieved from /home/airflow/.local/lib/python3.12/site-packages/airflow/example_dags/example_python_operator.py
[2025-12-27T14:42:47.151+0000] {logging_mixin.py:188} INFO - [2025-12-27T14:42:47.150+0000] {dag.py:3096} INFO - Sync 1 DAGs
[2025-12-27T14:42:47.182+0000] {logging_mixin.py:188} INFO - [2025-12-27T14:42:47.181+0000] {dag.py:3954} INFO - Setting next_dagrun for example_python_operator to None, run_after=None
[2025-12-27T14:42:47.237+0000] {processor.py:183} INFO - Processing /home/airflow/.local/lib/python3.12/site-packages/airflow/example_dags/example_python_operator.py took 0.206 seconds
[2025-12-27T14:43:17.997+0000] {processor.py:161} INFO - Started process (PID=2877) to work on /home/airflow/.local/lib/python3.12/site-packages/airflow/example_dags/example_python_operator.py
[2025-12-27T14:43:18.000+0000] {processor.py:830} INFO - Processing file /home/airflow/.local/lib/python3.12/site-packages/airflow/example_dags/example_python_operator.py for tasks to queue
[2025-12-27T14:43:18.003+0000] {logging_mixin.py:188} INFO - [2025-12-27T14:43:18.002+0000] {dagbag.py:540} INFO - Filling up the DagBag from /home/airflow/.local/lib/python3.12/site-packages/airflow/example_dags/example_python_operator.py
[2025-12-27T14:43:18.039+0000] {processor.py:840} INFO - DAG(s) 'example_python_operator' retrieved from /home/airflow/.local/lib/python3.12/site-packages/airflow/example_dags/example_python_operator.py
[2025-12-27T14:43:18.131+0000] {logging_mixin.py:188} INFO - [2025-12-27T14:43:18.131+0000] {dag.py:3096} INFO - Sync 1 DAGs
[2025-12-27T14:43:18.167+0000] {logging_mixin.py:188} INFO - [2025-12-27T14:43:18.167+0000] {dag.py:3954} INFO - Setting next_dagrun for example_python_operator to None, run_after=None
[2025-12-27T14:43:18.232+0000] {processor.py:183} INFO - Processing /home/airflow/.local/lib/python3.12/site-packages/airflow/example_dags/example_python_operator.py took 0.252 seconds
[2025-12-27T14:43:48.951+0000] {processor.py:161} INFO - Started process (PID=2935) to work on /home/airflow/.local/lib/python3.12/site-packages/airflow/example_dags/example_python_operator.py
[2025-12-27T14:43:48.957+0000] {processor.py:830} INFO - Processing file /home/airflow/.local/lib/python3.12/site-packages/airflow/example_dags/example_python_operator.py for tasks to queue
[2025-12-27T14:43:48.962+0000] {logging_mixin.py:188} INFO - [2025-12-27T14:43:48.960+0000] {dagbag.py:540} INFO - Filling up the DagBag from /home/airflow/.local/lib/python3.12/site-packages/airflow/example_dags/example_python_operator.py
[2025-12-27T14:43:49.025+0000] {processor.py:840} INFO - DAG(s) 'example_python_operator' retrieved from /home/airflow/.local/lib/python3.12/site-packages/airflow/example_dags/example_python_operator.py
[2025-12-27T14:43:49.154+0000] {logging_mixin.py:188} INFO - [2025-12-27T14:43:49.153+0000] {dag.py:3096} INFO - Sync 1 DAGs
[2025-12-27T14:43:49.232+0000] {logging_mixin.py:188} INFO - [2025-12-27T14:43:49.232+0000] {dag.py:3954} INFO - Setting next_dagrun for example_python_operator to None, run_after=None
[2025-12-27T14:43:49.344+0000] {processor.py:183} INFO - Processing /home/airflow/.local/lib/python3.12/site-packages/airflow/example_dags/example_python_operator.py took 0.423 seconds
[2025-12-27T14:44:20.073+0000] {processor.py:161} INFO - Started process (PID=2994) to work on /home/airflow/.local/lib/python3.12/site-packages/airflow/example_dags/example_python_operator.py
[2025-12-27T14:44:20.076+0000] {processor.py:830} INFO - Processing file /home/airflow/.local/lib/python3.12/site-packages/airflow/example_dags/example_python_operator.py for tasks to queue
[2025-12-27T14:44:20.079+0000] {logging_mixin.py:188} INFO - [2025-12-27T14:44:20.078+0000] {dagbag.py:540} INFO - Filling up the DagBag from /home/airflow/.local/lib/python3.12/site-packages/airflow/example_dags/example_python_operator.py
[2025-12-27T14:44:20.106+0000] {processor.py:840} INFO - DAG(s) 'example_python_operator' retrieved from /home/airflow/.local/lib/python3.12/site-packages/airflow/example_dags/example_python_operator.py
[2025-12-27T14:44:20.180+0000] {logging_mixin.py:188} INFO - [2025-12-27T14:44:20.180+0000] {dag.py:3096} INFO - Sync 1 DAGs
[2025-12-27T14:44:20.228+0000] {logging_mixin.py:188} INFO - [2025-12-27T14:44:20.227+0000] {dag.py:3954} INFO - Setting next_dagrun for example_python_operator to None, run_after=None
[2025-12-27T14:44:20.278+0000] {processor.py:183} INFO - Processing /home/airflow/.local/lib/python3.12/site-packages/airflow/example_dags/example_python_operator.py took 0.222 seconds
[2025-12-27T14:44:51.330+0000] {processor.py:161} INFO - Started process (PID=3053) to work on /home/airflow/.local/lib/python3.12/site-packages/airflow/example_dags/example_python_operator.py
[2025-12-27T14:44:51.346+0000] {processor.py:830} INFO - Processing file /home/airflow/.local/lib/python3.12/site-packages/airflow/example_dags/example_python_operator.py for tasks to queue
[2025-12-27T14:44:51.358+0000] {logging_mixin.py:188} INFO - [2025-12-27T14:44:51.351+0000] {dagbag.py:540} INFO - Filling up the DagBag from /home/airflow/.local/lib/python3.12/site-packages/airflow/example_dags/example_python_operator.py
[2025-12-27T14:44:51.486+0000] {processor.py:840} INFO - DAG(s) 'example_python_operator' retrieved from /home/airflow/.local/lib/python3.12/site-packages/airflow/example_dags/example_python_operator.py
[2025-12-27T14:44:51.854+0000] {logging_mixin.py:188} INFO - [2025-12-27T14:44:51.854+0000] {dag.py:3096} INFO - Sync 1 DAGs
[2025-12-27T14:44:51.970+0000] {logging_mixin.py:188} INFO - [2025-12-27T14:44:51.969+0000] {dag.py:3954} INFO - Setting next_dagrun for example_python_operator to None, run_after=None
[2025-12-27T14:44:52.094+0000] {processor.py:183} INFO - Processing /home/airflow/.local/lib/python3.12/site-packages/airflow/example_dags/example_python_operator.py took 0.813 seconds
[2025-12-27T14:45:23.035+0000] {processor.py:161} INFO - Started process (PID=3112) to work on /home/airflow/.local/lib/python3.12/site-packages/airflow/example_dags/example_python_operator.py
[2025-12-27T14:45:23.039+0000] {processor.py:830} INFO - Processing file /home/airflow/.local/lib/python3.12/site-packages/airflow/example_dags/example_python_operator.py for tasks to queue
[2025-12-27T14:45:23.043+0000] {logging_mixin.py:188} INFO - [2025-12-27T14:45:23.042+0000] {dagbag.py:540} INFO - Filling up the DagBag from /home/airflow/.local/lib/python3.12/site-packages/airflow/example_dags/example_python_operator.py
[2025-12-27T14:45:23.092+0000] {processor.py:840} INFO - DAG(s) 'example_python_operator' retrieved from /home/airflow/.local/lib/python3.12/site-packages/airflow/example_dags/example_python_operator.py
[2025-12-27T14:45:23.204+0000] {logging_mixin.py:188} INFO - [2025-12-27T14:45:23.203+0000] {dag.py:3096} INFO - Sync 1 DAGs
[2025-12-27T14:45:23.248+0000] {logging_mixin.py:188} INFO - [2025-12-27T14:45:23.247+0000] {dag.py:3954} INFO - Setting next_dagrun for example_python_operator to None, run_after=None
[2025-12-27T14:45:23.309+0000] {processor.py:183} INFO - Processing /home/airflow/.local/lib/python3.12/site-packages/airflow/example_dags/example_python_operator.py took 0.301 seconds
[2025-12-27T14:45:53.497+0000] {processor.py:161} INFO - Started process (PID=3169) to work on /home/airflow/.local/lib/python3.12/site-packages/airflow/example_dags/example_python_operator.py
[2025-12-27T14:45:53.500+0000] {processor.py:830} INFO - Processing file /home/airflow/.local/lib/python3.12/site-packages/airflow/example_dags/example_python_operator.py for tasks to queue
[2025-12-27T14:45:53.502+0000] {logging_mixin.py:188} INFO - [2025-12-27T14:45:53.502+0000] {dagbag.py:540} INFO - Filling up the DagBag from /home/airflow/.local/lib/python3.12/site-packages/airflow/example_dags/example_python_operator.py
[2025-12-27T14:45:53.538+0000] {processor.py:840} INFO - DAG(s) 'example_python_operator' retrieved from /home/airflow/.local/lib/python3.12/site-packages/airflow/example_dags/example_python_operator.py
[2025-12-27T14:45:53.611+0000] {logging_mixin.py:188} INFO - [2025-12-27T14:45:53.611+0000] {dag.py:3096} INFO - Sync 1 DAGs
[2025-12-27T14:45:53.648+0000] {logging_mixin.py:188} INFO - [2025-12-27T14:45:53.647+0000] {dag.py:3954} INFO - Setting next_dagrun for example_python_operator to None, run_after=None
[2025-12-27T14:45:53.704+0000] {processor.py:183} INFO - Processing /home/airflow/.local/lib/python3.12/site-packages/airflow/example_dags/example_python_operator.py took 0.227 seconds
[2025-12-27T14:46:24.083+0000] {processor.py:161} INFO - Started process (PID=3228) to work on /home/airflow/.local/lib/python3.12/site-packages/airflow/example_dags/example_python_operator.py
[2025-12-27T14:46:24.086+0000] {processor.py:830} INFO - Processing file /home/airflow/.local/lib/python3.12/site-packages/airflow/example_dags/example_python_operator.py for tasks to queue
[2025-12-27T14:46:24.089+0000] {logging_mixin.py:188} INFO - [2025-12-27T14:46:24.088+0000] {dagbag.py:540} INFO - Filling up the DagBag from /home/airflow/.local/lib/python3.12/site-packages/airflow/example_dags/example_python_operator.py
[2025-12-27T14:46:24.116+0000] {processor.py:840} INFO - DAG(s) 'example_python_operator' retrieved from /home/airflow/.local/lib/python3.12/site-packages/airflow/example_dags/example_python_operator.py
[2025-12-27T14:46:24.176+0000] {logging_mixin.py:188} INFO - [2025-12-27T14:46:24.175+0000] {dag.py:3096} INFO - Sync 1 DAGs
[2025-12-27T14:46:24.208+0000] {logging_mixin.py:188} INFO - [2025-12-27T14:46:24.208+0000] {dag.py:3954} INFO - Setting next_dagrun for example_python_operator to None, run_after=None
[2025-12-27T14:46:24.259+0000] {processor.py:183} INFO - Processing /home/airflow/.local/lib/python3.12/site-packages/airflow/example_dags/example_python_operator.py took 0.194 seconds
[2025-12-27T14:46:54.789+0000] {processor.py:161} INFO - Started process (PID=3287) to work on /home/airflow/.local/lib/python3.12/site-packages/airflow/example_dags/example_python_operator.py
[2025-12-27T14:46:54.792+0000] {processor.py:830} INFO - Processing file /home/airflow/.local/lib/python3.12/site-packages/airflow/example_dags/example_python_operator.py for tasks to queue
[2025-12-27T14:46:54.795+0000] {logging_mixin.py:188} INFO - [2025-12-27T14:46:54.794+0000] {dagbag.py:540} INFO - Filling up the DagBag from /home/airflow/.local/lib/python3.12/site-packages/airflow/example_dags/example_python_operator.py
[2025-12-27T14:46:54.832+0000] {processor.py:840} INFO - DAG(s) 'example_python_operator' retrieved from /home/airflow/.local/lib/python3.12/site-packages/airflow/example_dags/example_python_operator.py
[2025-12-27T14:46:54.902+0000] {logging_mixin.py:188} INFO - [2025-12-27T14:46:54.902+0000] {dag.py:3096} INFO - Sync 1 DAGs
[2025-12-27T14:46:54.944+0000] {logging_mixin.py:188} INFO - [2025-12-27T14:46:54.943+0000] {dag.py:3954} INFO - Setting next_dagrun for example_python_operator to None, run_after=None
[2025-12-27T14:46:55.000+0000] {processor.py:183} INFO - Processing /home/airflow/.local/lib/python3.12/site-packages/airflow/example_dags/example_python_operator.py took 0.227 seconds
[2025-12-27T14:47:25.232+0000] {processor.py:161} INFO - Started process (PID=3345) to work on /home/airflow/.local/lib/python3.12/site-packages/airflow/example_dags/example_python_operator.py
[2025-12-27T14:47:25.235+0000] {processor.py:830} INFO - Processing file /home/airflow/.local/lib/python3.12/site-packages/airflow/example_dags/example_python_operator.py for tasks to queue
[2025-12-27T14:47:25.238+0000] {logging_mixin.py:188} INFO - [2025-12-27T14:47:25.237+0000] {dagbag.py:540} INFO - Filling up the DagBag from /home/airflow/.local/lib/python3.12/site-packages/airflow/example_dags/example_python_operator.py
[2025-12-27T14:47:25.270+0000] {processor.py:840} INFO - DAG(s) 'example_python_operator' retrieved from /home/airflow/.local/lib/python3.12/site-packages/airflow/example_dags/example_python_operator.py
[2025-12-27T14:47:25.357+0000] {logging_mixin.py:188} INFO - [2025-12-27T14:47:25.356+0000] {dag.py:3096} INFO - Sync 1 DAGs
[2025-12-27T14:47:25.392+0000] {logging_mixin.py:188} INFO - [2025-12-27T14:47:25.391+0000] {dag.py:3954} INFO - Setting next_dagrun for example_python_operator to None, run_after=None
[2025-12-27T14:47:25.443+0000] {processor.py:183} INFO - Processing /home/airflow/.local/lib/python3.12/site-packages/airflow/example_dags/example_python_operator.py took 0.226 seconds
[2025-12-27T14:47:55.669+0000] {processor.py:161} INFO - Started process (PID=3403) to work on /home/airflow/.local/lib/python3.12/site-packages/airflow/example_dags/example_python_operator.py
[2025-12-27T14:47:55.672+0000] {processor.py:830} INFO - Processing file /home/airflow/.local/lib/python3.12/site-packages/airflow/example_dags/example_python_operator.py for tasks to queue
[2025-12-27T14:47:55.675+0000] {logging_mixin.py:188} INFO - [2025-12-27T14:47:55.673+0000] {dagbag.py:540} INFO - Filling up the DagBag from /home/airflow/.local/lib/python3.12/site-packages/airflow/example_dags/example_python_operator.py
[2025-12-27T14:47:55.724+0000] {processor.py:840} INFO - DAG(s) 'example_python_operator' retrieved from /home/airflow/.local/lib/python3.12/site-packages/airflow/example_dags/example_python_operator.py
[2025-12-27T14:47:55.795+0000] {logging_mixin.py:188} INFO - [2025-12-27T14:47:55.794+0000] {dag.py:3096} INFO - Sync 1 DAGs
[2025-12-27T14:47:55.829+0000] {logging_mixin.py:188} INFO - [2025-12-27T14:47:55.828+0000] {dag.py:3954} INFO - Setting next_dagrun for example_python_operator to None, run_after=None
[2025-12-27T14:47:55.880+0000] {processor.py:183} INFO - Processing /home/airflow/.local/lib/python3.12/site-packages/airflow/example_dags/example_python_operator.py took 0.230 seconds
[2025-12-27T14:48:26.362+0000] {processor.py:161} INFO - Started process (PID=3462) to work on /home/airflow/.local/lib/python3.12/site-packages/airflow/example_dags/example_python_operator.py
[2025-12-27T14:48:26.365+0000] {processor.py:830} INFO - Processing file /home/airflow/.local/lib/python3.12/site-packages/airflow/example_dags/example_python_operator.py for tasks to queue
[2025-12-27T14:48:26.368+0000] {logging_mixin.py:188} INFO - [2025-12-27T14:48:26.367+0000] {dagbag.py:540} INFO - Filling up the DagBag from /home/airflow/.local/lib/python3.12/site-packages/airflow/example_dags/example_python_operator.py
[2025-12-27T14:48:26.407+0000] {processor.py:840} INFO - DAG(s) 'example_python_operator' retrieved from /home/airflow/.local/lib/python3.12/site-packages/airflow/example_dags/example_python_operator.py
[2025-12-27T14:48:26.499+0000] {logging_mixin.py:188} INFO - [2025-12-27T14:48:26.499+0000] {dag.py:3096} INFO - Sync 1 DAGs
[2025-12-27T14:48:26.559+0000] {logging_mixin.py:188} INFO - [2025-12-27T14:48:26.558+0000] {dag.py:3954} INFO - Setting next_dagrun for example_python_operator to None, run_after=None
[2025-12-27T14:48:26.706+0000] {processor.py:183} INFO - Processing /home/airflow/.local/lib/python3.12/site-packages/airflow/example_dags/example_python_operator.py took 0.361 seconds
[2025-12-27T14:49:00.284+0000] {processor.py:161} INFO - Started process (PID=3520) to work on /home/airflow/.local/lib/python3.12/site-packages/airflow/example_dags/example_python_operator.py
[2025-12-27T14:49:00.300+0000] {processor.py:830} INFO - Processing file /home/airflow/.local/lib/python3.12/site-packages/airflow/example_dags/example_python_operator.py for tasks to queue
[2025-12-27T14:49:00.312+0000] {logging_mixin.py:188} INFO - [2025-12-27T14:49:00.310+0000] {dagbag.py:540} INFO - Filling up the DagBag from /home/airflow/.local/lib/python3.12/site-packages/airflow/example_dags/example_python_operator.py
[2025-12-27T14:49:00.389+0000] {processor.py:840} INFO - DAG(s) 'example_python_operator' retrieved from /home/airflow/.local/lib/python3.12/site-packages/airflow/example_dags/example_python_operator.py
[2025-12-27T14:49:00.743+0000] {logging_mixin.py:188} INFO - [2025-12-27T14:49:00.742+0000] {dag.py:3096} INFO - Sync 1 DAGs
[2025-12-27T14:49:01.030+0000] {logging_mixin.py:188} INFO - [2025-12-27T14:49:01.026+0000] {dag.py:3954} INFO - Setting next_dagrun for example_python_operator to None, run_after=None
[2025-12-27T14:49:01.222+0000] {processor.py:183} INFO - Processing /home/airflow/.local/lib/python3.12/site-packages/airflow/example_dags/example_python_operator.py took 0.979 seconds
[2025-12-27T14:49:31.469+0000] {processor.py:161} INFO - Started process (PID=3578) to work on /home/airflow/.local/lib/python3.12/site-packages/airflow/example_dags/example_python_operator.py
[2025-12-27T14:49:31.472+0000] {processor.py:830} INFO - Processing file /home/airflow/.local/lib/python3.12/site-packages/airflow/example_dags/example_python_operator.py for tasks to queue
[2025-12-27T14:49:31.475+0000] {logging_mixin.py:188} INFO - [2025-12-27T14:49:31.474+0000] {dagbag.py:540} INFO - Filling up the DagBag from /home/airflow/.local/lib/python3.12/site-packages/airflow/example_dags/example_python_operator.py
[2025-12-27T14:49:31.509+0000] {processor.py:840} INFO - DAG(s) 'example_python_operator' retrieved from /home/airflow/.local/lib/python3.12/site-packages/airflow/example_dags/example_python_operator.py
[2025-12-27T14:49:31.582+0000] {logging_mixin.py:188} INFO - [2025-12-27T14:49:31.582+0000] {dag.py:3096} INFO - Sync 1 DAGs
[2025-12-27T14:49:31.624+0000] {logging_mixin.py:188} INFO - [2025-12-27T14:49:31.624+0000] {dag.py:3954} INFO - Setting next_dagrun for example_python_operator to None, run_after=None
[2025-12-27T14:49:31.681+0000] {processor.py:183} INFO - Processing /home/airflow/.local/lib/python3.12/site-packages/airflow/example_dags/example_python_operator.py took 0.233 seconds
[2025-12-27T14:50:01.934+0000] {processor.py:161} INFO - Started process (PID=3633) to work on /home/airflow/.local/lib/python3.12/site-packages/airflow/example_dags/example_python_operator.py
[2025-12-27T14:50:01.939+0000] {processor.py:830} INFO - Processing file /home/airflow/.local/lib/python3.12/site-packages/airflow/example_dags/example_python_operator.py for tasks to queue
[2025-12-27T14:50:01.944+0000] {logging_mixin.py:188} INFO - [2025-12-27T14:50:01.942+0000] {dagbag.py:540} INFO - Filling up the DagBag from /home/airflow/.local/lib/python3.12/site-packages/airflow/example_dags/example_python_operator.py
[2025-12-27T14:50:02.049+0000] {processor.py:840} INFO - DAG(s) 'example_python_operator' retrieved from /home/airflow/.local/lib/python3.12/site-packages/airflow/example_dags/example_python_operator.py
[2025-12-27T14:50:02.335+0000] {logging_mixin.py:188} INFO - [2025-12-27T14:50:02.334+0000] {dag.py:3096} INFO - Sync 1 DAGs
[2025-12-27T14:50:02.385+0000] {logging_mixin.py:188} INFO - [2025-12-27T14:50:02.384+0000] {dag.py:3954} INFO - Setting next_dagrun for example_python_operator to None, run_after=None
[2025-12-27T14:50:02.461+0000] {processor.py:183} INFO - Processing /home/airflow/.local/lib/python3.12/site-packages/airflow/example_dags/example_python_operator.py took 0.557 seconds
[2025-12-27T14:50:32.834+0000] {processor.py:161} INFO - Started process (PID=3691) to work on /home/airflow/.local/lib/python3.12/site-packages/airflow/example_dags/example_python_operator.py
[2025-12-27T14:50:32.860+0000] {processor.py:830} INFO - Processing file /home/airflow/.local/lib/python3.12/site-packages/airflow/example_dags/example_python_operator.py for tasks to queue
[2025-12-27T14:50:32.882+0000] {logging_mixin.py:188} INFO - [2025-12-27T14:50:32.870+0000] {dagbag.py:540} INFO - Filling up the DagBag from /home/airflow/.local/lib/python3.12/site-packages/airflow/example_dags/example_python_operator.py
[2025-12-27T14:50:33.041+0000] {processor.py:840} INFO - DAG(s) 'example_python_operator' retrieved from /home/airflow/.local/lib/python3.12/site-packages/airflow/example_dags/example_python_operator.py
[2025-12-27T14:50:33.243+0000] {logging_mixin.py:188} INFO - [2025-12-27T14:50:33.243+0000] {dag.py:3096} INFO - Sync 1 DAGs
[2025-12-27T14:50:33.323+0000] {logging_mixin.py:188} INFO - [2025-12-27T14:50:33.322+0000] {dag.py:3954} INFO - Setting next_dagrun for example_python_operator to None, run_after=None
[2025-12-27T14:50:33.434+0000] {processor.py:183} INFO - Processing /home/airflow/.local/lib/python3.12/site-packages/airflow/example_dags/example_python_operator.py took 0.714 seconds
[2025-12-27T14:51:04.114+0000] {processor.py:161} INFO - Started process (PID=3749) to work on /home/airflow/.local/lib/python3.12/site-packages/airflow/example_dags/example_python_operator.py
[2025-12-27T14:51:04.126+0000] {processor.py:830} INFO - Processing file /home/airflow/.local/lib/python3.12/site-packages/airflow/example_dags/example_python_operator.py for tasks to queue
[2025-12-27T14:51:04.132+0000] {logging_mixin.py:188} INFO - [2025-12-27T14:51:04.131+0000] {dagbag.py:540} INFO - Filling up the DagBag from /home/airflow/.local/lib/python3.12/site-packages/airflow/example_dags/example_python_operator.py
[2025-12-27T14:51:04.241+0000] {processor.py:840} INFO - DAG(s) 'example_python_operator' retrieved from /home/airflow/.local/lib/python3.12/site-packages/airflow/example_dags/example_python_operator.py
[2025-12-27T14:51:04.455+0000] {logging_mixin.py:188} INFO - [2025-12-27T14:51:04.454+0000] {dag.py:3096} INFO - Sync 1 DAGs
[2025-12-27T14:51:04.570+0000] {logging_mixin.py:188} INFO - [2025-12-27T14:51:04.569+0000] {dag.py:3954} INFO - Setting next_dagrun for example_python_operator to None, run_after=None
[2025-12-27T14:51:05.717+0000] {processor.py:183} INFO - Processing /home/airflow/.local/lib/python3.12/site-packages/airflow/example_dags/example_python_operator.py took 1.662 seconds
[2025-12-27T14:52:58.274+0000] {processor.py:161} INFO - Started process (PID=3818) to work on /home/airflow/.local/lib/python3.12/site-packages/airflow/example_dags/example_python_operator.py
[2025-12-27T14:52:58.312+0000] {processor.py:830} INFO - Processing file /home/airflow/.local/lib/python3.12/site-packages/airflow/example_dags/example_python_operator.py for tasks to queue
[2025-12-27T14:52:58.377+0000] {logging_mixin.py:188} INFO - [2025-12-27T14:52:58.328+0000] {dagbag.py:540} INFO - Filling up the DagBag from /home/airflow/.local/lib/python3.12/site-packages/airflow/example_dags/example_python_operator.py
[2025-12-27T14:52:59.652+0000] {processor.py:840} INFO - DAG(s) 'example_python_operator' retrieved from /home/airflow/.local/lib/python3.12/site-packages/airflow/example_dags/example_python_operator.py
[2025-12-27T14:53:01.194+0000] {logging_mixin.py:188} INFO - [2025-12-27T14:53:01.191+0000] {dag.py:3096} INFO - Sync 1 DAGs
[2025-12-27T14:53:01.533+0000] {logging_mixin.py:188} INFO - [2025-12-27T14:53:01.532+0000] {dag.py:3954} INFO - Setting next_dagrun for example_python_operator to None, run_after=None
[2025-12-27T14:53:01.877+0000] {processor.py:183} INFO - Processing /home/airflow/.local/lib/python3.12/site-packages/airflow/example_dags/example_python_operator.py took 4.672 seconds
[2025-12-27T14:54:56.076+0000] {processor.py:161} INFO - Started process (PID=3875) to work on /home/airflow/.local/lib/python3.12/site-packages/airflow/example_dags/example_python_operator.py
[2025-12-27T14:54:56.107+0000] {processor.py:830} INFO - Processing file /home/airflow/.local/lib/python3.12/site-packages/airflow/example_dags/example_python_operator.py for tasks to queue
[2025-12-27T14:54:56.130+0000] {logging_mixin.py:188} INFO - [2025-12-27T14:54:56.123+0000] {dagbag.py:540} INFO - Filling up the DagBag from /home/airflow/.local/lib/python3.12/site-packages/airflow/example_dags/example_python_operator.py
[2025-12-27T14:54:56.522+0000] {processor.py:840} INFO - DAG(s) 'example_python_operator' retrieved from /home/airflow/.local/lib/python3.12/site-packages/airflow/example_dags/example_python_operator.py
[2025-12-27T14:54:59.985+0000] {logging_mixin.py:188} INFO - [2025-12-27T14:54:59.899+0000] {dag.py:3096} INFO - Sync 1 DAGs
[2025-12-27T14:55:01.116+0000] {logging_mixin.py:188} INFO - [2025-12-27T14:55:01.114+0000] {dag.py:3954} INFO - Setting next_dagrun for example_python_operator to None, run_after=None
[2025-12-27T14:55:01.824+0000] {processor.py:183} INFO - Processing /home/airflow/.local/lib/python3.12/site-packages/airflow/example_dags/example_python_operator.py took 5.832 seconds
