[2025-12-27T14:14:18.276+0000] {processor.py:161} INFO - Started process (PID=82) to work on /home/airflow/.local/lib/python3.12/site-packages/airflow/example_dags/example_branch_labels.py
[2025-12-27T14:14:18.296+0000] {processor.py:830} INFO - Processing file /home/airflow/.local/lib/python3.12/site-packages/airflow/example_dags/example_branch_labels.py for tasks to queue
[2025-12-27T14:14:18.316+0000] {logging_mixin.py:188} INFO - [2025-12-27T14:14:18.315+0000] {dagbag.py:540} INFO - Filling up the DagBag from /home/airflow/.local/lib/python3.12/site-packages/airflow/example_dags/example_branch_labels.py
[2025-12-27T14:14:18.422+0000] {processor.py:840} INFO - DAG(s) 'example_branch_labels' retrieved from /home/airflow/.local/lib/python3.12/site-packages/airflow/example_dags/example_branch_labels.py
[2025-12-27T14:14:19.530+0000] {logging_mixin.py:188} INFO - [2025-12-27T14:14:19.529+0000] {dag.py:3096} INFO - Sync 1 DAGs
[2025-12-27T14:14:19.745+0000] {logging_mixin.py:188} INFO - [2025-12-27T14:14:19.745+0000] {dag.py:3954} INFO - Setting next_dagrun for example_branch_labels to 2025-12-26 00:00:00+00:00, run_after=2025-12-27 00:00:00+00:00
[2025-12-27T14:14:19.910+0000] {processor.py:183} INFO - Processing /home/airflow/.local/lib/python3.12/site-packages/airflow/example_dags/example_branch_labels.py took 1.730 seconds
[2025-12-27T14:15:20.376+0000] {processor.py:161} INFO - Started process (PID=145) to work on /home/airflow/.local/lib/python3.12/site-packages/airflow/example_dags/example_branch_labels.py
[2025-12-27T14:15:20.381+0000] {processor.py:830} INFO - Processing file /home/airflow/.local/lib/python3.12/site-packages/airflow/example_dags/example_branch_labels.py for tasks to queue
[2025-12-27T14:15:20.392+0000] {logging_mixin.py:188} INFO - [2025-12-27T14:15:20.391+0000] {dagbag.py:540} INFO - Filling up the DagBag from /home/airflow/.local/lib/python3.12/site-packages/airflow/example_dags/example_branch_labels.py
[2025-12-27T14:15:20.427+0000] {processor.py:840} INFO - DAG(s) 'example_branch_labels' retrieved from /home/airflow/.local/lib/python3.12/site-packages/airflow/example_dags/example_branch_labels.py
[2025-12-27T14:15:20.584+0000] {logging_mixin.py:188} INFO - [2025-12-27T14:15:20.583+0000] {dag.py:3096} INFO - Sync 1 DAGs
[2025-12-27T14:15:20.795+0000] {logging_mixin.py:188} INFO - [2025-12-27T14:15:20.795+0000] {dag.py:3954} INFO - Setting next_dagrun for example_branch_labels to 2025-12-26 00:00:00+00:00, run_after=2025-12-27 00:00:00+00:00
[2025-12-27T14:15:20.876+0000] {processor.py:183} INFO - Processing /home/airflow/.local/lib/python3.12/site-packages/airflow/example_dags/example_branch_labels.py took 0.527 seconds
[2025-12-27T14:15:50.988+0000] {processor.py:161} INFO - Started process (PID=202) to work on /home/airflow/.local/lib/python3.12/site-packages/airflow/example_dags/example_branch_labels.py
[2025-12-27T14:15:51.031+0000] {processor.py:830} INFO - Processing file /home/airflow/.local/lib/python3.12/site-packages/airflow/example_dags/example_branch_labels.py for tasks to queue
[2025-12-27T14:15:51.038+0000] {logging_mixin.py:188} INFO - [2025-12-27T14:15:51.037+0000] {dagbag.py:540} INFO - Filling up the DagBag from /home/airflow/.local/lib/python3.12/site-packages/airflow/example_dags/example_branch_labels.py
[2025-12-27T14:15:51.064+0000] {processor.py:840} INFO - DAG(s) 'example_branch_labels' retrieved from /home/airflow/.local/lib/python3.12/site-packages/airflow/example_dags/example_branch_labels.py
[2025-12-27T14:15:51.130+0000] {logging_mixin.py:188} INFO - [2025-12-27T14:15:51.130+0000] {dag.py:3096} INFO - Sync 1 DAGs
[2025-12-27T14:15:51.193+0000] {logging_mixin.py:188} INFO - [2025-12-27T14:15:51.192+0000] {dag.py:3954} INFO - Setting next_dagrun for example_branch_labels to 2025-12-26 00:00:00+00:00, run_after=2025-12-27 00:00:00+00:00
[2025-12-27T14:15:51.268+0000] {processor.py:183} INFO - Processing /home/airflow/.local/lib/python3.12/site-packages/airflow/example_dags/example_branch_labels.py took 0.296 seconds
[2025-12-27T14:16:21.635+0000] {processor.py:161} INFO - Started process (PID=260) to work on /home/airflow/.local/lib/python3.12/site-packages/airflow/example_dags/example_branch_labels.py
[2025-12-27T14:16:21.666+0000] {processor.py:830} INFO - Processing file /home/airflow/.local/lib/python3.12/site-packages/airflow/example_dags/example_branch_labels.py for tasks to queue
[2025-12-27T14:16:21.677+0000] {logging_mixin.py:188} INFO - [2025-12-27T14:16:21.676+0000] {dagbag.py:540} INFO - Filling up the DagBag from /home/airflow/.local/lib/python3.12/site-packages/airflow/example_dags/example_branch_labels.py
[2025-12-27T14:16:21.724+0000] {processor.py:840} INFO - DAG(s) 'example_branch_labels' retrieved from /home/airflow/.local/lib/python3.12/site-packages/airflow/example_dags/example_branch_labels.py
[2025-12-27T14:16:21.853+0000] {logging_mixin.py:188} INFO - [2025-12-27T14:16:21.852+0000] {dag.py:3096} INFO - Sync 1 DAGs
[2025-12-27T14:16:21.961+0000] {logging_mixin.py:188} INFO - [2025-12-27T14:16:21.960+0000] {dag.py:3954} INFO - Setting next_dagrun for example_branch_labels to 2025-12-26 00:00:00+00:00, run_after=2025-12-27 00:00:00+00:00
[2025-12-27T14:16:22.043+0000] {processor.py:183} INFO - Processing /home/airflow/.local/lib/python3.12/site-packages/airflow/example_dags/example_branch_labels.py took 0.500 seconds
[2025-12-27T14:16:52.864+0000] {processor.py:161} INFO - Started process (PID=318) to work on /home/airflow/.local/lib/python3.12/site-packages/airflow/example_dags/example_branch_labels.py
[2025-12-27T14:16:52.876+0000] {processor.py:830} INFO - Processing file /home/airflow/.local/lib/python3.12/site-packages/airflow/example_dags/example_branch_labels.py for tasks to queue
[2025-12-27T14:16:52.894+0000] {logging_mixin.py:188} INFO - [2025-12-27T14:16:52.893+0000] {dagbag.py:540} INFO - Filling up the DagBag from /home/airflow/.local/lib/python3.12/site-packages/airflow/example_dags/example_branch_labels.py
[2025-12-27T14:16:52.981+0000] {processor.py:840} INFO - DAG(s) 'example_branch_labels' retrieved from /home/airflow/.local/lib/python3.12/site-packages/airflow/example_dags/example_branch_labels.py
[2025-12-27T14:16:53.263+0000] {logging_mixin.py:188} INFO - [2025-12-27T14:16:53.262+0000] {dag.py:3096} INFO - Sync 1 DAGs
[2025-12-27T14:16:53.567+0000] {logging_mixin.py:188} INFO - [2025-12-27T14:16:53.565+0000] {dag.py:3954} INFO - Setting next_dagrun for example_branch_labels to 2025-12-26 00:00:00+00:00, run_after=2025-12-27 00:00:00+00:00
[2025-12-27T14:16:53.748+0000] {processor.py:183} INFO - Processing /home/airflow/.local/lib/python3.12/site-packages/airflow/example_dags/example_branch_labels.py took 0.993 seconds
[2025-12-27T14:17:40.128+0000] {processor.py:161} INFO - Started process (PID=366) to work on /home/airflow/.local/lib/python3.12/site-packages/airflow/example_dags/example_branch_labels.py
[2025-12-27T14:17:40.135+0000] {processor.py:830} INFO - Processing file /home/airflow/.local/lib/python3.12/site-packages/airflow/example_dags/example_branch_labels.py for tasks to queue
[2025-12-27T14:17:40.147+0000] {logging_mixin.py:188} INFO - [2025-12-27T14:17:40.146+0000] {dagbag.py:540} INFO - Filling up the DagBag from /home/airflow/.local/lib/python3.12/site-packages/airflow/example_dags/example_branch_labels.py
[2025-12-27T14:17:40.208+0000] {processor.py:840} INFO - DAG(s) 'example_branch_labels' retrieved from /home/airflow/.local/lib/python3.12/site-packages/airflow/example_dags/example_branch_labels.py
[2025-12-27T14:17:40.351+0000] {logging_mixin.py:188} INFO - [2025-12-27T14:17:40.350+0000] {dag.py:3096} INFO - Sync 1 DAGs
[2025-12-27T14:17:40.508+0000] {logging_mixin.py:188} INFO - [2025-12-27T14:17:40.508+0000] {dag.py:3954} INFO - Setting next_dagrun for example_branch_labels to 2025-12-26 00:00:00+00:00, run_after=2025-12-27 00:00:00+00:00
[2025-12-27T14:17:40.614+0000] {processor.py:183} INFO - Processing /home/airflow/.local/lib/python3.12/site-packages/airflow/example_dags/example_branch_labels.py took 0.519 seconds
[2025-12-27T14:18:26.567+0000] {processor.py:161} INFO - Started process (PID=427) to work on /home/airflow/.local/lib/python3.12/site-packages/airflow/example_dags/example_branch_labels.py
[2025-12-27T14:18:26.641+0000] {processor.py:830} INFO - Processing file /home/airflow/.local/lib/python3.12/site-packages/airflow/example_dags/example_branch_labels.py for tasks to queue
[2025-12-27T14:18:26.646+0000] {logging_mixin.py:188} INFO - [2025-12-27T14:18:26.645+0000] {dagbag.py:540} INFO - Filling up the DagBag from /home/airflow/.local/lib/python3.12/site-packages/airflow/example_dags/example_branch_labels.py
[2025-12-27T14:18:26.709+0000] {processor.py:840} INFO - DAG(s) 'example_branch_labels' retrieved from /home/airflow/.local/lib/python3.12/site-packages/airflow/example_dags/example_branch_labels.py
[2025-12-27T14:18:26.822+0000] {logging_mixin.py:188} INFO - [2025-12-27T14:18:26.821+0000] {dag.py:3096} INFO - Sync 1 DAGs
[2025-12-27T14:18:26.918+0000] {logging_mixin.py:188} INFO - [2025-12-27T14:18:26.917+0000] {dag.py:3954} INFO - Setting next_dagrun for example_branch_labels to 2025-12-26 00:00:00+00:00, run_after=2025-12-27 00:00:00+00:00
[2025-12-27T14:18:27.321+0000] {processor.py:183} INFO - Processing /home/airflow/.local/lib/python3.12/site-packages/airflow/example_dags/example_branch_labels.py took 0.781 seconds
[2025-12-27T14:19:00.351+0000] {processor.py:161} INFO - Started process (PID=485) to work on /home/airflow/.local/lib/python3.12/site-packages/airflow/example_dags/example_branch_labels.py
[2025-12-27T14:19:00.362+0000] {processor.py:830} INFO - Processing file /home/airflow/.local/lib/python3.12/site-packages/airflow/example_dags/example_branch_labels.py for tasks to queue
[2025-12-27T14:19:00.375+0000] {logging_mixin.py:188} INFO - [2025-12-27T14:19:00.370+0000] {dagbag.py:540} INFO - Filling up the DagBag from /home/airflow/.local/lib/python3.12/site-packages/airflow/example_dags/example_branch_labels.py
[2025-12-27T14:19:00.455+0000] {processor.py:840} INFO - DAG(s) 'example_branch_labels' retrieved from /home/airflow/.local/lib/python3.12/site-packages/airflow/example_dags/example_branch_labels.py
[2025-12-27T14:19:00.592+0000] {logging_mixin.py:188} INFO - [2025-12-27T14:19:00.589+0000] {dag.py:3096} INFO - Sync 1 DAGs
[2025-12-27T14:19:00.712+0000] {logging_mixin.py:188} INFO - [2025-12-27T14:19:00.711+0000] {dag.py:3954} INFO - Setting next_dagrun for example_branch_labels to 2025-12-26 00:00:00+00:00, run_after=2025-12-27 00:00:00+00:00
[2025-12-27T14:19:00.816+0000] {processor.py:183} INFO - Processing /home/airflow/.local/lib/python3.12/site-packages/airflow/example_dags/example_branch_labels.py took 0.502 seconds
[2025-12-27T14:19:33.804+0000] {processor.py:161} INFO - Started process (PID=543) to work on /home/airflow/.local/lib/python3.12/site-packages/airflow/example_dags/example_branch_labels.py
[2025-12-27T14:19:33.811+0000] {processor.py:830} INFO - Processing file /home/airflow/.local/lib/python3.12/site-packages/airflow/example_dags/example_branch_labels.py for tasks to queue
[2025-12-27T14:19:33.821+0000] {logging_mixin.py:188} INFO - [2025-12-27T14:19:33.820+0000] {dagbag.py:540} INFO - Filling up the DagBag from /home/airflow/.local/lib/python3.12/site-packages/airflow/example_dags/example_branch_labels.py
[2025-12-27T14:19:33.859+0000] {processor.py:840} INFO - DAG(s) 'example_branch_labels' retrieved from /home/airflow/.local/lib/python3.12/site-packages/airflow/example_dags/example_branch_labels.py
[2025-12-27T14:19:33.960+0000] {logging_mixin.py:188} INFO - [2025-12-27T14:19:33.959+0000] {dag.py:3096} INFO - Sync 1 DAGs
[2025-12-27T14:19:34.052+0000] {logging_mixin.py:188} INFO - [2025-12-27T14:19:34.051+0000] {dag.py:3954} INFO - Setting next_dagrun for example_branch_labels to 2025-12-26 00:00:00+00:00, run_after=2025-12-27 00:00:00+00:00
[2025-12-27T14:19:34.112+0000] {processor.py:183} INFO - Processing /home/airflow/.local/lib/python3.12/site-packages/airflow/example_dags/example_branch_labels.py took 0.352 seconds
[2025-12-27T14:20:04.693+0000] {processor.py:161} INFO - Started process (PID=599) to work on /home/airflow/.local/lib/python3.12/site-packages/airflow/example_dags/example_branch_labels.py
[2025-12-27T14:20:04.698+0000] {processor.py:830} INFO - Processing file /home/airflow/.local/lib/python3.12/site-packages/airflow/example_dags/example_branch_labels.py for tasks to queue
[2025-12-27T14:20:04.707+0000] {logging_mixin.py:188} INFO - [2025-12-27T14:20:04.705+0000] {dagbag.py:540} INFO - Filling up the DagBag from /home/airflow/.local/lib/python3.12/site-packages/airflow/example_dags/example_branch_labels.py
[2025-12-27T14:20:04.759+0000] {processor.py:840} INFO - DAG(s) 'example_branch_labels' retrieved from /home/airflow/.local/lib/python3.12/site-packages/airflow/example_dags/example_branch_labels.py
[2025-12-27T14:20:04.906+0000] {logging_mixin.py:188} INFO - [2025-12-27T14:20:04.905+0000] {dag.py:3096} INFO - Sync 1 DAGs
[2025-12-27T14:20:05.074+0000] {logging_mixin.py:188} INFO - [2025-12-27T14:20:05.073+0000] {dag.py:3954} INFO - Setting next_dagrun for example_branch_labels to 2025-12-26 00:00:00+00:00, run_after=2025-12-27 00:00:00+00:00
[2025-12-27T14:20:05.268+0000] {processor.py:183} INFO - Processing /home/airflow/.local/lib/python3.12/site-packages/airflow/example_dags/example_branch_labels.py took 0.602 seconds
[2025-12-27T14:20:35.713+0000] {processor.py:161} INFO - Started process (PID=657) to work on /home/airflow/.local/lib/python3.12/site-packages/airflow/example_dags/example_branch_labels.py
[2025-12-27T14:20:35.717+0000] {processor.py:830} INFO - Processing file /home/airflow/.local/lib/python3.12/site-packages/airflow/example_dags/example_branch_labels.py for tasks to queue
[2025-12-27T14:20:35.722+0000] {logging_mixin.py:188} INFO - [2025-12-27T14:20:35.721+0000] {dagbag.py:540} INFO - Filling up the DagBag from /home/airflow/.local/lib/python3.12/site-packages/airflow/example_dags/example_branch_labels.py
[2025-12-27T14:20:35.746+0000] {processor.py:840} INFO - DAG(s) 'example_branch_labels' retrieved from /home/airflow/.local/lib/python3.12/site-packages/airflow/example_dags/example_branch_labels.py
[2025-12-27T14:20:35.813+0000] {logging_mixin.py:188} INFO - [2025-12-27T14:20:35.812+0000] {dag.py:3096} INFO - Sync 1 DAGs
[2025-12-27T14:20:35.911+0000] {logging_mixin.py:188} INFO - [2025-12-27T14:20:35.910+0000] {dag.py:3954} INFO - Setting next_dagrun for example_branch_labels to 2025-12-26 00:00:00+00:00, run_after=2025-12-27 00:00:00+00:00
[2025-12-27T14:20:35.983+0000] {processor.py:183} INFO - Processing /home/airflow/.local/lib/python3.12/site-packages/airflow/example_dags/example_branch_labels.py took 0.293 seconds
[2025-12-27T14:21:06.323+0000] {processor.py:161} INFO - Started process (PID=714) to work on /home/airflow/.local/lib/python3.12/site-packages/airflow/example_dags/example_branch_labels.py
[2025-12-27T14:21:06.327+0000] {processor.py:830} INFO - Processing file /home/airflow/.local/lib/python3.12/site-packages/airflow/example_dags/example_branch_labels.py for tasks to queue
[2025-12-27T14:21:06.336+0000] {logging_mixin.py:188} INFO - [2025-12-27T14:21:06.335+0000] {dagbag.py:540} INFO - Filling up the DagBag from /home/airflow/.local/lib/python3.12/site-packages/airflow/example_dags/example_branch_labels.py
[2025-12-27T14:21:06.379+0000] {processor.py:840} INFO - DAG(s) 'example_branch_labels' retrieved from /home/airflow/.local/lib/python3.12/site-packages/airflow/example_dags/example_branch_labels.py
[2025-12-27T14:21:06.504+0000] {logging_mixin.py:188} INFO - [2025-12-27T14:21:06.503+0000] {dag.py:3096} INFO - Sync 1 DAGs
[2025-12-27T14:21:06.630+0000] {logging_mixin.py:188} INFO - [2025-12-27T14:21:06.629+0000] {dag.py:3954} INFO - Setting next_dagrun for example_branch_labels to 2025-12-26 00:00:00+00:00, run_after=2025-12-27 00:00:00+00:00
[2025-12-27T14:21:06.723+0000] {processor.py:183} INFO - Processing /home/airflow/.local/lib/python3.12/site-packages/airflow/example_dags/example_branch_labels.py took 0.427 seconds
[2025-12-27T14:21:43.374+0000] {processor.py:161} INFO - Started process (PID=772) to work on /home/airflow/.local/lib/python3.12/site-packages/airflow/example_dags/example_branch_labels.py
[2025-12-27T14:21:43.379+0000] {processor.py:830} INFO - Processing file /home/airflow/.local/lib/python3.12/site-packages/airflow/example_dags/example_branch_labels.py for tasks to queue
[2025-12-27T14:21:43.391+0000] {logging_mixin.py:188} INFO - [2025-12-27T14:21:43.388+0000] {dagbag.py:540} INFO - Filling up the DagBag from /home/airflow/.local/lib/python3.12/site-packages/airflow/example_dags/example_branch_labels.py
[2025-12-27T14:21:43.457+0000] {processor.py:840} INFO - DAG(s) 'example_branch_labels' retrieved from /home/airflow/.local/lib/python3.12/site-packages/airflow/example_dags/example_branch_labels.py
[2025-12-27T14:21:43.608+0000] {logging_mixin.py:188} INFO - [2025-12-27T14:21:43.607+0000] {dag.py:3096} INFO - Sync 1 DAGs
[2025-12-27T14:21:43.812+0000] {logging_mixin.py:188} INFO - [2025-12-27T14:21:43.809+0000] {dag.py:3954} INFO - Setting next_dagrun for example_branch_labels to 2025-12-26 00:00:00+00:00, run_after=2025-12-27 00:00:00+00:00
[2025-12-27T14:21:44.129+0000] {processor.py:183} INFO - Processing /home/airflow/.local/lib/python3.12/site-packages/airflow/example_dags/example_branch_labels.py took 0.796 seconds
[2025-12-27T14:22:42.298+0000] {processor.py:161} INFO - Started process (PID=837) to work on /home/airflow/.local/lib/python3.12/site-packages/airflow/example_dags/example_branch_labels.py
[2025-12-27T14:22:42.313+0000] {processor.py:830} INFO - Processing file /home/airflow/.local/lib/python3.12/site-packages/airflow/example_dags/example_branch_labels.py for tasks to queue
[2025-12-27T14:22:42.327+0000] {logging_mixin.py:188} INFO - [2025-12-27T14:22:42.323+0000] {dagbag.py:540} INFO - Filling up the DagBag from /home/airflow/.local/lib/python3.12/site-packages/airflow/example_dags/example_branch_labels.py
[2025-12-27T14:22:42.449+0000] {processor.py:840} INFO - DAG(s) 'example_branch_labels' retrieved from /home/airflow/.local/lib/python3.12/site-packages/airflow/example_dags/example_branch_labels.py
[2025-12-27T14:22:42.622+0000] {logging_mixin.py:188} INFO - [2025-12-27T14:22:42.622+0000] {dag.py:3096} INFO - Sync 1 DAGs
[2025-12-27T14:22:42.838+0000] {logging_mixin.py:188} INFO - [2025-12-27T14:22:42.837+0000] {dag.py:3954} INFO - Setting next_dagrun for example_branch_labels to 2025-12-26 00:00:00+00:00, run_after=2025-12-27 00:00:00+00:00
[2025-12-27T14:22:43.110+0000] {processor.py:183} INFO - Processing /home/airflow/.local/lib/python3.12/site-packages/airflow/example_dags/example_branch_labels.py took 0.862 seconds
[2025-12-27T14:23:40.603+0000] {processor.py:161} INFO - Started process (PID=869) to work on /home/airflow/.local/lib/python3.12/site-packages/airflow/example_dags/example_branch_labels.py
[2025-12-27T14:23:40.609+0000] {processor.py:830} INFO - Processing file /home/airflow/.local/lib/python3.12/site-packages/airflow/example_dags/example_branch_labels.py for tasks to queue
[2025-12-27T14:23:40.626+0000] {logging_mixin.py:188} INFO - [2025-12-27T14:23:40.623+0000] {dagbag.py:540} INFO - Filling up the DagBag from /home/airflow/.local/lib/python3.12/site-packages/airflow/example_dags/example_branch_labels.py
[2025-12-27T14:23:40.695+0000] {processor.py:840} INFO - DAG(s) 'example_branch_labels' retrieved from /home/airflow/.local/lib/python3.12/site-packages/airflow/example_dags/example_branch_labels.py
[2025-12-27T14:23:40.898+0000] {logging_mixin.py:188} INFO - [2025-12-27T14:23:40.896+0000] {dag.py:3096} INFO - Sync 1 DAGs
[2025-12-27T14:23:41.074+0000] {logging_mixin.py:188} INFO - [2025-12-27T14:23:41.073+0000] {dag.py:3954} INFO - Setting next_dagrun for example_branch_labels to 2025-12-26 00:00:00+00:00, run_after=2025-12-27 00:00:00+00:00
[2025-12-27T14:23:41.194+0000] {processor.py:183} INFO - Processing /home/airflow/.local/lib/python3.12/site-packages/airflow/example_dags/example_branch_labels.py took 0.645 seconds
[2025-12-27T14:24:20.269+0000] {processor.py:161} INFO - Started process (PID=917) to work on /home/airflow/.local/lib/python3.12/site-packages/airflow/example_dags/example_branch_labels.py
[2025-12-27T14:24:20.273+0000] {processor.py:830} INFO - Processing file /home/airflow/.local/lib/python3.12/site-packages/airflow/example_dags/example_branch_labels.py for tasks to queue
[2025-12-27T14:24:20.276+0000] {logging_mixin.py:188} INFO - [2025-12-27T14:24:20.275+0000] {dagbag.py:540} INFO - Filling up the DagBag from /home/airflow/.local/lib/python3.12/site-packages/airflow/example_dags/example_branch_labels.py
[2025-12-27T14:24:20.304+0000] {processor.py:840} INFO - DAG(s) 'example_branch_labels' retrieved from /home/airflow/.local/lib/python3.12/site-packages/airflow/example_dags/example_branch_labels.py
[2025-12-27T14:24:20.417+0000] {logging_mixin.py:188} INFO - [2025-12-27T14:24:20.416+0000] {dag.py:3096} INFO - Sync 1 DAGs
[2025-12-27T14:24:20.547+0000] {logging_mixin.py:188} INFO - [2025-12-27T14:24:20.547+0000] {dag.py:3954} INFO - Setting next_dagrun for example_branch_labels to 2025-12-26 00:00:00+00:00, run_after=2025-12-27 00:00:00+00:00
[2025-12-27T14:24:20.627+0000] {processor.py:183} INFO - Processing /home/airflow/.local/lib/python3.12/site-packages/airflow/example_dags/example_branch_labels.py took 0.376 seconds
[2025-12-27T14:24:50.751+0000] {processor.py:161} INFO - Started process (PID=973) to work on /home/airflow/.local/lib/python3.12/site-packages/airflow/example_dags/example_branch_labels.py
[2025-12-27T14:24:50.755+0000] {processor.py:830} INFO - Processing file /home/airflow/.local/lib/python3.12/site-packages/airflow/example_dags/example_branch_labels.py for tasks to queue
[2025-12-27T14:24:50.758+0000] {logging_mixin.py:188} INFO - [2025-12-27T14:24:50.757+0000] {dagbag.py:540} INFO - Filling up the DagBag from /home/airflow/.local/lib/python3.12/site-packages/airflow/example_dags/example_branch_labels.py
[2025-12-27T14:24:50.785+0000] {processor.py:840} INFO - DAG(s) 'example_branch_labels' retrieved from /home/airflow/.local/lib/python3.12/site-packages/airflow/example_dags/example_branch_labels.py
[2025-12-27T14:24:50.867+0000] {logging_mixin.py:188} INFO - [2025-12-27T14:24:50.866+0000] {dag.py:3096} INFO - Sync 1 DAGs
[2025-12-27T14:24:50.956+0000] {logging_mixin.py:188} INFO - [2025-12-27T14:24:50.955+0000] {dag.py:3954} INFO - Setting next_dagrun for example_branch_labels to 2025-12-26 00:00:00+00:00, run_after=2025-12-27 00:00:00+00:00
[2025-12-27T14:24:51.572+0000] {processor.py:183} INFO - Processing /home/airflow/.local/lib/python3.12/site-packages/airflow/example_dags/example_branch_labels.py took 0.840 seconds
[2025-12-27T14:25:26.477+0000] {processor.py:161} INFO - Started process (PID=1031) to work on /home/airflow/.local/lib/python3.12/site-packages/airflow/example_dags/example_branch_labels.py
[2025-12-27T14:25:26.490+0000] {processor.py:830} INFO - Processing file /home/airflow/.local/lib/python3.12/site-packages/airflow/example_dags/example_branch_labels.py for tasks to queue
[2025-12-27T14:25:26.498+0000] {logging_mixin.py:188} INFO - [2025-12-27T14:25:26.493+0000] {dagbag.py:540} INFO - Filling up the DagBag from /home/airflow/.local/lib/python3.12/site-packages/airflow/example_dags/example_branch_labels.py
[2025-12-27T14:25:27.041+0000] {processor.py:840} INFO - DAG(s) 'example_branch_labels' retrieved from /home/airflow/.local/lib/python3.12/site-packages/airflow/example_dags/example_branch_labels.py
[2025-12-27T14:25:27.625+0000] {logging_mixin.py:188} INFO - [2025-12-27T14:25:27.624+0000] {dag.py:3096} INFO - Sync 1 DAGs
[2025-12-27T14:25:27.919+0000] {logging_mixin.py:188} INFO - [2025-12-27T14:25:27.919+0000] {dag.py:3954} INFO - Setting next_dagrun for example_branch_labels to 2025-12-26 00:00:00+00:00, run_after=2025-12-27 00:00:00+00:00
[2025-12-27T14:25:28.069+0000] {processor.py:183} INFO - Processing /home/airflow/.local/lib/python3.12/site-packages/airflow/example_dags/example_branch_labels.py took 1.665 seconds
[2025-12-27T14:26:20.751+0000] {processor.py:161} INFO - Started process (PID=1063) to work on /home/airflow/.local/lib/python3.12/site-packages/airflow/example_dags/example_branch_labels.py
[2025-12-27T14:26:20.759+0000] {processor.py:830} INFO - Processing file /home/airflow/.local/lib/python3.12/site-packages/airflow/example_dags/example_branch_labels.py for tasks to queue
[2025-12-27T14:26:20.763+0000] {logging_mixin.py:188} INFO - [2025-12-27T14:26:20.762+0000] {dagbag.py:540} INFO - Filling up the DagBag from /home/airflow/.local/lib/python3.12/site-packages/airflow/example_dags/example_branch_labels.py
[2025-12-27T14:26:20.816+0000] {processor.py:840} INFO - DAG(s) 'example_branch_labels' retrieved from /home/airflow/.local/lib/python3.12/site-packages/airflow/example_dags/example_branch_labels.py
[2025-12-27T14:26:20.938+0000] {logging_mixin.py:188} INFO - [2025-12-27T14:26:20.937+0000] {dag.py:3096} INFO - Sync 1 DAGs
[2025-12-27T14:26:21.071+0000] {logging_mixin.py:188} INFO - [2025-12-27T14:26:21.070+0000] {dag.py:3954} INFO - Setting next_dagrun for example_branch_labels to 2025-12-26 00:00:00+00:00, run_after=2025-12-27 00:00:00+00:00
[2025-12-27T14:26:21.202+0000] {processor.py:183} INFO - Processing /home/airflow/.local/lib/python3.12/site-packages/airflow/example_dags/example_branch_labels.py took 0.483 seconds
[2025-12-27T14:27:00.287+0000] {processor.py:161} INFO - Started process (PID=1119) to work on /home/airflow/.local/lib/python3.12/site-packages/airflow/example_dags/example_branch_labels.py
[2025-12-27T14:27:00.295+0000] {processor.py:830} INFO - Processing file /home/airflow/.local/lib/python3.12/site-packages/airflow/example_dags/example_branch_labels.py for tasks to queue
[2025-12-27T14:27:00.300+0000] {logging_mixin.py:188} INFO - [2025-12-27T14:27:00.298+0000] {dagbag.py:540} INFO - Filling up the DagBag from /home/airflow/.local/lib/python3.12/site-packages/airflow/example_dags/example_branch_labels.py
[2025-12-27T14:27:00.348+0000] {processor.py:840} INFO - DAG(s) 'example_branch_labels' retrieved from /home/airflow/.local/lib/python3.12/site-packages/airflow/example_dags/example_branch_labels.py
[2025-12-27T14:27:00.642+0000] {logging_mixin.py:188} INFO - [2025-12-27T14:27:00.641+0000] {dag.py:3096} INFO - Sync 1 DAGs
[2025-12-27T14:27:02.551+0000] {logging_mixin.py:188} INFO - [2025-12-27T14:27:02.550+0000] {dag.py:3954} INFO - Setting next_dagrun for example_branch_labels to 2025-12-26 00:00:00+00:00, run_after=2025-12-27 00:00:00+00:00
[2025-12-27T14:27:02.712+0000] {processor.py:183} INFO - Processing /home/airflow/.local/lib/python3.12/site-packages/airflow/example_dags/example_branch_labels.py took 2.456 seconds
[2025-12-27T14:27:50.923+0000] {processor.py:161} INFO - Started process (PID=1182) to work on /home/airflow/.local/lib/python3.12/site-packages/airflow/example_dags/example_branch_labels.py
[2025-12-27T14:27:50.927+0000] {processor.py:830} INFO - Processing file /home/airflow/.local/lib/python3.12/site-packages/airflow/example_dags/example_branch_labels.py for tasks to queue
[2025-12-27T14:27:50.931+0000] {logging_mixin.py:188} INFO - [2025-12-27T14:27:50.929+0000] {dagbag.py:540} INFO - Filling up the DagBag from /home/airflow/.local/lib/python3.12/site-packages/airflow/example_dags/example_branch_labels.py
[2025-12-27T14:27:50.959+0000] {processor.py:840} INFO - DAG(s) 'example_branch_labels' retrieved from /home/airflow/.local/lib/python3.12/site-packages/airflow/example_dags/example_branch_labels.py
[2025-12-27T14:27:51.030+0000] {logging_mixin.py:188} INFO - [2025-12-27T14:27:51.029+0000] {dag.py:3096} INFO - Sync 1 DAGs
[2025-12-27T14:27:51.101+0000] {logging_mixin.py:188} INFO - [2025-12-27T14:27:51.101+0000] {dag.py:3954} INFO - Setting next_dagrun for example_branch_labels to 2025-12-26 00:00:00+00:00, run_after=2025-12-27 00:00:00+00:00
[2025-12-27T14:27:51.161+0000] {processor.py:183} INFO - Processing /home/airflow/.local/lib/python3.12/site-packages/airflow/example_dags/example_branch_labels.py took 0.259 seconds
[2025-12-27T14:28:21.862+0000] {processor.py:161} INFO - Started process (PID=1240) to work on /home/airflow/.local/lib/python3.12/site-packages/airflow/example_dags/example_branch_labels.py
[2025-12-27T14:28:21.866+0000] {processor.py:830} INFO - Processing file /home/airflow/.local/lib/python3.12/site-packages/airflow/example_dags/example_branch_labels.py for tasks to queue
[2025-12-27T14:28:21.869+0000] {logging_mixin.py:188} INFO - [2025-12-27T14:28:21.868+0000] {dagbag.py:540} INFO - Filling up the DagBag from /home/airflow/.local/lib/python3.12/site-packages/airflow/example_dags/example_branch_labels.py
[2025-12-27T14:28:21.890+0000] {processor.py:840} INFO - DAG(s) 'example_branch_labels' retrieved from /home/airflow/.local/lib/python3.12/site-packages/airflow/example_dags/example_branch_labels.py
[2025-12-27T14:28:21.989+0000] {logging_mixin.py:188} INFO - [2025-12-27T14:28:21.989+0000] {dag.py:3096} INFO - Sync 1 DAGs
[2025-12-27T14:28:22.055+0000] {logging_mixin.py:188} INFO - [2025-12-27T14:28:22.054+0000] {dag.py:3954} INFO - Setting next_dagrun for example_branch_labels to 2025-12-26 00:00:00+00:00, run_after=2025-12-27 00:00:00+00:00
[2025-12-27T14:28:22.114+0000] {processor.py:183} INFO - Processing /home/airflow/.local/lib/python3.12/site-packages/airflow/example_dags/example_branch_labels.py took 0.271 seconds
[2025-12-27T14:28:52.983+0000] {processor.py:161} INFO - Started process (PID=1298) to work on /home/airflow/.local/lib/python3.12/site-packages/airflow/example_dags/example_branch_labels.py
[2025-12-27T14:28:52.987+0000] {processor.py:830} INFO - Processing file /home/airflow/.local/lib/python3.12/site-packages/airflow/example_dags/example_branch_labels.py for tasks to queue
[2025-12-27T14:28:52.991+0000] {logging_mixin.py:188} INFO - [2025-12-27T14:28:52.990+0000] {dagbag.py:540} INFO - Filling up the DagBag from /home/airflow/.local/lib/python3.12/site-packages/airflow/example_dags/example_branch_labels.py
[2025-12-27T14:28:53.023+0000] {processor.py:840} INFO - DAG(s) 'example_branch_labels' retrieved from /home/airflow/.local/lib/python3.12/site-packages/airflow/example_dags/example_branch_labels.py
[2025-12-27T14:28:53.192+0000] {logging_mixin.py:188} INFO - [2025-12-27T14:28:53.191+0000] {dag.py:3096} INFO - Sync 1 DAGs
[2025-12-27T14:28:53.381+0000] {logging_mixin.py:188} INFO - [2025-12-27T14:28:53.380+0000] {dag.py:3954} INFO - Setting next_dagrun for example_branch_labels to 2025-12-26 00:00:00+00:00, run_after=2025-12-27 00:00:00+00:00
[2025-12-27T14:28:53.495+0000] {processor.py:183} INFO - Processing /home/airflow/.local/lib/python3.12/site-packages/airflow/example_dags/example_branch_labels.py took 0.541 seconds
[2025-12-27T14:29:25.996+0000] {processor.py:161} INFO - Started process (PID=1356) to work on /home/airflow/.local/lib/python3.12/site-packages/airflow/example_dags/example_branch_labels.py
[2025-12-27T14:29:25.999+0000] {processor.py:830} INFO - Processing file /home/airflow/.local/lib/python3.12/site-packages/airflow/example_dags/example_branch_labels.py for tasks to queue
[2025-12-27T14:29:26.003+0000] {logging_mixin.py:188} INFO - [2025-12-27T14:29:26.001+0000] {dagbag.py:540} INFO - Filling up the DagBag from /home/airflow/.local/lib/python3.12/site-packages/airflow/example_dags/example_branch_labels.py
[2025-12-27T14:29:26.029+0000] {processor.py:840} INFO - DAG(s) 'example_branch_labels' retrieved from /home/airflow/.local/lib/python3.12/site-packages/airflow/example_dags/example_branch_labels.py
[2025-12-27T14:29:26.170+0000] {logging_mixin.py:188} INFO - [2025-12-27T14:29:26.169+0000] {dag.py:3096} INFO - Sync 1 DAGs
[2025-12-27T14:29:26.309+0000] {logging_mixin.py:188} INFO - [2025-12-27T14:29:26.308+0000] {dag.py:3954} INFO - Setting next_dagrun for example_branch_labels to 2025-12-26 00:00:00+00:00, run_after=2025-12-27 00:00:00+00:00
[2025-12-27T14:29:26.406+0000] {processor.py:183} INFO - Processing /home/airflow/.local/lib/python3.12/site-packages/airflow/example_dags/example_branch_labels.py took 0.429 seconds
[2025-12-27T14:29:59.970+0000] {processor.py:161} INFO - Started process (PID=1406) to work on /home/airflow/.local/lib/python3.12/site-packages/airflow/example_dags/example_branch_labels.py
[2025-12-27T14:29:59.993+0000] {processor.py:830} INFO - Processing file /home/airflow/.local/lib/python3.12/site-packages/airflow/example_dags/example_branch_labels.py for tasks to queue
[2025-12-27T14:29:59.997+0000] {logging_mixin.py:188} INFO - [2025-12-27T14:29:59.995+0000] {dagbag.py:540} INFO - Filling up the DagBag from /home/airflow/.local/lib/python3.12/site-packages/airflow/example_dags/example_branch_labels.py
[2025-12-27T14:30:00.027+0000] {processor.py:840} INFO - DAG(s) 'example_branch_labels' retrieved from /home/airflow/.local/lib/python3.12/site-packages/airflow/example_dags/example_branch_labels.py
[2025-12-27T14:30:00.121+0000] {logging_mixin.py:188} INFO - [2025-12-27T14:30:00.120+0000] {dag.py:3096} INFO - Sync 1 DAGs
[2025-12-27T14:30:00.285+0000] {logging_mixin.py:188} INFO - [2025-12-27T14:30:00.284+0000] {dag.py:3954} INFO - Setting next_dagrun for example_branch_labels to 2025-12-26 00:00:00+00:00, run_after=2025-12-27 00:00:00+00:00
[2025-12-27T14:30:00.528+0000] {processor.py:183} INFO - Processing /home/airflow/.local/lib/python3.12/site-packages/airflow/example_dags/example_branch_labels.py took 0.575 seconds
[2025-12-27T14:30:31.042+0000] {processor.py:161} INFO - Started process (PID=1463) to work on /home/airflow/.local/lib/python3.12/site-packages/airflow/example_dags/example_branch_labels.py
[2025-12-27T14:30:31.046+0000] {processor.py:830} INFO - Processing file /home/airflow/.local/lib/python3.12/site-packages/airflow/example_dags/example_branch_labels.py for tasks to queue
[2025-12-27T14:30:31.050+0000] {logging_mixin.py:188} INFO - [2025-12-27T14:30:31.049+0000] {dagbag.py:540} INFO - Filling up the DagBag from /home/airflow/.local/lib/python3.12/site-packages/airflow/example_dags/example_branch_labels.py
[2025-12-27T14:30:31.075+0000] {processor.py:840} INFO - DAG(s) 'example_branch_labels' retrieved from /home/airflow/.local/lib/python3.12/site-packages/airflow/example_dags/example_branch_labels.py
[2025-12-27T14:30:31.138+0000] {logging_mixin.py:188} INFO - [2025-12-27T14:30:31.138+0000] {dag.py:3096} INFO - Sync 1 DAGs
[2025-12-27T14:30:31.204+0000] {logging_mixin.py:188} INFO - [2025-12-27T14:30:31.203+0000] {dag.py:3954} INFO - Setting next_dagrun for example_branch_labels to 2025-12-26 00:00:00+00:00, run_after=2025-12-27 00:00:00+00:00
[2025-12-27T14:30:31.256+0000] {processor.py:183} INFO - Processing /home/airflow/.local/lib/python3.12/site-packages/airflow/example_dags/example_branch_labels.py took 0.233 seconds
[2025-12-27T14:31:01.740+0000] {processor.py:161} INFO - Started process (PID=1521) to work on /home/airflow/.local/lib/python3.12/site-packages/airflow/example_dags/example_branch_labels.py
[2025-12-27T14:31:01.747+0000] {processor.py:830} INFO - Processing file /home/airflow/.local/lib/python3.12/site-packages/airflow/example_dags/example_branch_labels.py for tasks to queue
[2025-12-27T14:31:01.755+0000] {logging_mixin.py:188} INFO - [2025-12-27T14:31:01.753+0000] {dagbag.py:540} INFO - Filling up the DagBag from /home/airflow/.local/lib/python3.12/site-packages/airflow/example_dags/example_branch_labels.py
[2025-12-27T14:31:01.794+0000] {processor.py:840} INFO - DAG(s) 'example_branch_labels' retrieved from /home/airflow/.local/lib/python3.12/site-packages/airflow/example_dags/example_branch_labels.py
[2025-12-27T14:31:01.855+0000] {logging_mixin.py:188} INFO - [2025-12-27T14:31:01.855+0000] {dag.py:3096} INFO - Sync 1 DAGs
[2025-12-27T14:31:01.918+0000] {logging_mixin.py:188} INFO - [2025-12-27T14:31:01.918+0000] {dag.py:3954} INFO - Setting next_dagrun for example_branch_labels to 2025-12-26 00:00:00+00:00, run_after=2025-12-27 00:00:00+00:00
[2025-12-27T14:31:01.968+0000] {processor.py:183} INFO - Processing /home/airflow/.local/lib/python3.12/site-packages/airflow/example_dags/example_branch_labels.py took 0.267 seconds
[2025-12-27T14:31:32.575+0000] {processor.py:161} INFO - Started process (PID=1579) to work on /home/airflow/.local/lib/python3.12/site-packages/airflow/example_dags/example_branch_labels.py
[2025-12-27T14:31:32.578+0000] {processor.py:830} INFO - Processing file /home/airflow/.local/lib/python3.12/site-packages/airflow/example_dags/example_branch_labels.py for tasks to queue
[2025-12-27T14:31:32.581+0000] {logging_mixin.py:188} INFO - [2025-12-27T14:31:32.580+0000] {dagbag.py:540} INFO - Filling up the DagBag from /home/airflow/.local/lib/python3.12/site-packages/airflow/example_dags/example_branch_labels.py
[2025-12-27T14:31:32.604+0000] {processor.py:840} INFO - DAG(s) 'example_branch_labels' retrieved from /home/airflow/.local/lib/python3.12/site-packages/airflow/example_dags/example_branch_labels.py
[2025-12-27T14:31:32.675+0000] {logging_mixin.py:188} INFO - [2025-12-27T14:31:32.675+0000] {dag.py:3096} INFO - Sync 1 DAGs
[2025-12-27T14:31:32.739+0000] {logging_mixin.py:188} INFO - [2025-12-27T14:31:32.738+0000] {dag.py:3954} INFO - Setting next_dagrun for example_branch_labels to 2025-12-26 00:00:00+00:00, run_after=2025-12-27 00:00:00+00:00
[2025-12-27T14:31:32.803+0000] {processor.py:183} INFO - Processing /home/airflow/.local/lib/python3.12/site-packages/airflow/example_dags/example_branch_labels.py took 0.250 seconds
[2025-12-27T14:32:03.531+0000] {processor.py:161} INFO - Started process (PID=1637) to work on /home/airflow/.local/lib/python3.12/site-packages/airflow/example_dags/example_branch_labels.py
[2025-12-27T14:32:03.534+0000] {processor.py:830} INFO - Processing file /home/airflow/.local/lib/python3.12/site-packages/airflow/example_dags/example_branch_labels.py for tasks to queue
[2025-12-27T14:32:03.536+0000] {logging_mixin.py:188} INFO - [2025-12-27T14:32:03.535+0000] {dagbag.py:540} INFO - Filling up the DagBag from /home/airflow/.local/lib/python3.12/site-packages/airflow/example_dags/example_branch_labels.py
[2025-12-27T14:32:03.559+0000] {processor.py:840} INFO - DAG(s) 'example_branch_labels' retrieved from /home/airflow/.local/lib/python3.12/site-packages/airflow/example_dags/example_branch_labels.py
[2025-12-27T14:32:03.613+0000] {logging_mixin.py:188} INFO - [2025-12-27T14:32:03.613+0000] {dag.py:3096} INFO - Sync 1 DAGs
[2025-12-27T14:32:03.671+0000] {logging_mixin.py:188} INFO - [2025-12-27T14:32:03.670+0000] {dag.py:3954} INFO - Setting next_dagrun for example_branch_labels to 2025-12-26 00:00:00+00:00, run_after=2025-12-27 00:00:00+00:00
[2025-12-27T14:32:03.718+0000] {processor.py:183} INFO - Processing /home/airflow/.local/lib/python3.12/site-packages/airflow/example_dags/example_branch_labels.py took 0.202 seconds
[2025-12-27T14:32:34.419+0000] {processor.py:161} INFO - Started process (PID=1695) to work on /home/airflow/.local/lib/python3.12/site-packages/airflow/example_dags/example_branch_labels.py
[2025-12-27T14:32:34.423+0000] {processor.py:830} INFO - Processing file /home/airflow/.local/lib/python3.12/site-packages/airflow/example_dags/example_branch_labels.py for tasks to queue
[2025-12-27T14:32:34.427+0000] {logging_mixin.py:188} INFO - [2025-12-27T14:32:34.426+0000] {dagbag.py:540} INFO - Filling up the DagBag from /home/airflow/.local/lib/python3.12/site-packages/airflow/example_dags/example_branch_labels.py
[2025-12-27T14:32:34.468+0000] {processor.py:840} INFO - DAG(s) 'example_branch_labels' retrieved from /home/airflow/.local/lib/python3.12/site-packages/airflow/example_dags/example_branch_labels.py
[2025-12-27T14:32:34.570+0000] {logging_mixin.py:188} INFO - [2025-12-27T14:32:34.568+0000] {dag.py:3096} INFO - Sync 1 DAGs
[2025-12-27T14:32:34.737+0000] {logging_mixin.py:188} INFO - [2025-12-27T14:32:34.736+0000] {dag.py:3954} INFO - Setting next_dagrun for example_branch_labels to 2025-12-26 00:00:00+00:00, run_after=2025-12-27 00:00:00+00:00
[2025-12-27T14:32:34.827+0000] {processor.py:183} INFO - Processing /home/airflow/.local/lib/python3.12/site-packages/airflow/example_dags/example_branch_labels.py took 0.433 seconds
[2025-12-27T14:33:05.911+0000] {processor.py:161} INFO - Started process (PID=1754) to work on /home/airflow/.local/lib/python3.12/site-packages/airflow/example_dags/example_branch_labels.py
[2025-12-27T14:33:05.914+0000] {processor.py:830} INFO - Processing file /home/airflow/.local/lib/python3.12/site-packages/airflow/example_dags/example_branch_labels.py for tasks to queue
[2025-12-27T14:33:05.916+0000] {logging_mixin.py:188} INFO - [2025-12-27T14:33:05.916+0000] {dagbag.py:540} INFO - Filling up the DagBag from /home/airflow/.local/lib/python3.12/site-packages/airflow/example_dags/example_branch_labels.py
[2025-12-27T14:33:05.938+0000] {processor.py:840} INFO - DAG(s) 'example_branch_labels' retrieved from /home/airflow/.local/lib/python3.12/site-packages/airflow/example_dags/example_branch_labels.py
[2025-12-27T14:33:05.997+0000] {logging_mixin.py:188} INFO - [2025-12-27T14:33:05.996+0000] {dag.py:3096} INFO - Sync 1 DAGs
[2025-12-27T14:33:06.059+0000] {logging_mixin.py:188} INFO - [2025-12-27T14:33:06.058+0000] {dag.py:3954} INFO - Setting next_dagrun for example_branch_labels to 2025-12-26 00:00:00+00:00, run_after=2025-12-27 00:00:00+00:00
[2025-12-27T14:33:06.112+0000] {processor.py:183} INFO - Processing /home/airflow/.local/lib/python3.12/site-packages/airflow/example_dags/example_branch_labels.py took 0.218 seconds
[2025-12-27T14:33:37.060+0000] {processor.py:161} INFO - Started process (PID=1812) to work on /home/airflow/.local/lib/python3.12/site-packages/airflow/example_dags/example_branch_labels.py
[2025-12-27T14:33:37.063+0000] {processor.py:830} INFO - Processing file /home/airflow/.local/lib/python3.12/site-packages/airflow/example_dags/example_branch_labels.py for tasks to queue
[2025-12-27T14:33:37.066+0000] {logging_mixin.py:188} INFO - [2025-12-27T14:33:37.065+0000] {dagbag.py:540} INFO - Filling up the DagBag from /home/airflow/.local/lib/python3.12/site-packages/airflow/example_dags/example_branch_labels.py
[2025-12-27T14:33:37.086+0000] {processor.py:840} INFO - DAG(s) 'example_branch_labels' retrieved from /home/airflow/.local/lib/python3.12/site-packages/airflow/example_dags/example_branch_labels.py
[2025-12-27T14:33:37.144+0000] {logging_mixin.py:188} INFO - [2025-12-27T14:33:37.144+0000] {dag.py:3096} INFO - Sync 1 DAGs
[2025-12-27T14:33:37.200+0000] {logging_mixin.py:188} INFO - [2025-12-27T14:33:37.200+0000] {dag.py:3954} INFO - Setting next_dagrun for example_branch_labels to 2025-12-26 00:00:00+00:00, run_after=2025-12-27 00:00:00+00:00
[2025-12-27T14:33:37.268+0000] {processor.py:183} INFO - Processing /home/airflow/.local/lib/python3.12/site-packages/airflow/example_dags/example_branch_labels.py took 0.223 seconds
[2025-12-27T14:34:08.068+0000] {processor.py:161} INFO - Started process (PID=1870) to work on /home/airflow/.local/lib/python3.12/site-packages/airflow/example_dags/example_branch_labels.py
[2025-12-27T14:34:08.071+0000] {processor.py:830} INFO - Processing file /home/airflow/.local/lib/python3.12/site-packages/airflow/example_dags/example_branch_labels.py for tasks to queue
[2025-12-27T14:34:08.074+0000] {logging_mixin.py:188} INFO - [2025-12-27T14:34:08.073+0000] {dagbag.py:540} INFO - Filling up the DagBag from /home/airflow/.local/lib/python3.12/site-packages/airflow/example_dags/example_branch_labels.py
[2025-12-27T14:34:08.102+0000] {processor.py:840} INFO - DAG(s) 'example_branch_labels' retrieved from /home/airflow/.local/lib/python3.12/site-packages/airflow/example_dags/example_branch_labels.py
[2025-12-27T14:34:08.162+0000] {logging_mixin.py:188} INFO - [2025-12-27T14:34:08.161+0000] {dag.py:3096} INFO - Sync 1 DAGs
[2025-12-27T14:34:08.219+0000] {logging_mixin.py:188} INFO - [2025-12-27T14:34:08.218+0000] {dag.py:3954} INFO - Setting next_dagrun for example_branch_labels to 2025-12-26 00:00:00+00:00, run_after=2025-12-27 00:00:00+00:00
[2025-12-27T14:34:08.271+0000] {processor.py:183} INFO - Processing /home/airflow/.local/lib/python3.12/site-packages/airflow/example_dags/example_branch_labels.py took 0.222 seconds
[2025-12-27T14:34:38.894+0000] {processor.py:161} INFO - Started process (PID=1928) to work on /home/airflow/.local/lib/python3.12/site-packages/airflow/example_dags/example_branch_labels.py
[2025-12-27T14:34:38.906+0000] {processor.py:830} INFO - Processing file /home/airflow/.local/lib/python3.12/site-packages/airflow/example_dags/example_branch_labels.py for tasks to queue
[2025-12-27T14:34:38.912+0000] {logging_mixin.py:188} INFO - [2025-12-27T14:34:38.910+0000] {dagbag.py:540} INFO - Filling up the DagBag from /home/airflow/.local/lib/python3.12/site-packages/airflow/example_dags/example_branch_labels.py
[2025-12-27T14:34:38.985+0000] {processor.py:840} INFO - DAG(s) 'example_branch_labels' retrieved from /home/airflow/.local/lib/python3.12/site-packages/airflow/example_dags/example_branch_labels.py
[2025-12-27T14:34:39.246+0000] {logging_mixin.py:188} INFO - [2025-12-27T14:34:39.243+0000] {dag.py:3096} INFO - Sync 1 DAGs
[2025-12-27T14:34:39.458+0000] {logging_mixin.py:188} INFO - [2025-12-27T14:34:39.458+0000] {dag.py:3954} INFO - Setting next_dagrun for example_branch_labels to 2025-12-26 00:00:00+00:00, run_after=2025-12-27 00:00:00+00:00
[2025-12-27T14:34:39.620+0000] {processor.py:183} INFO - Processing /home/airflow/.local/lib/python3.12/site-packages/airflow/example_dags/example_branch_labels.py took 0.781 seconds
[2025-12-27T14:35:10.402+0000] {processor.py:161} INFO - Started process (PID=1987) to work on /home/airflow/.local/lib/python3.12/site-packages/airflow/example_dags/example_branch_labels.py
[2025-12-27T14:35:10.405+0000] {processor.py:830} INFO - Processing file /home/airflow/.local/lib/python3.12/site-packages/airflow/example_dags/example_branch_labels.py for tasks to queue
[2025-12-27T14:35:10.408+0000] {logging_mixin.py:188} INFO - [2025-12-27T14:35:10.407+0000] {dagbag.py:540} INFO - Filling up the DagBag from /home/airflow/.local/lib/python3.12/site-packages/airflow/example_dags/example_branch_labels.py
[2025-12-27T14:35:10.438+0000] {processor.py:840} INFO - DAG(s) 'example_branch_labels' retrieved from /home/airflow/.local/lib/python3.12/site-packages/airflow/example_dags/example_branch_labels.py
[2025-12-27T14:35:10.502+0000] {logging_mixin.py:188} INFO - [2025-12-27T14:35:10.501+0000] {dag.py:3096} INFO - Sync 1 DAGs
[2025-12-27T14:35:10.562+0000] {logging_mixin.py:188} INFO - [2025-12-27T14:35:10.561+0000] {dag.py:3954} INFO - Setting next_dagrun for example_branch_labels to 2025-12-26 00:00:00+00:00, run_after=2025-12-27 00:00:00+00:00
[2025-12-27T14:35:10.619+0000] {processor.py:183} INFO - Processing /home/airflow/.local/lib/python3.12/site-packages/airflow/example_dags/example_branch_labels.py took 0.236 seconds
[2025-12-27T14:35:41.472+0000] {processor.py:161} INFO - Started process (PID=2045) to work on /home/airflow/.local/lib/python3.12/site-packages/airflow/example_dags/example_branch_labels.py
[2025-12-27T14:35:41.475+0000] {processor.py:830} INFO - Processing file /home/airflow/.local/lib/python3.12/site-packages/airflow/example_dags/example_branch_labels.py for tasks to queue
[2025-12-27T14:35:41.478+0000] {logging_mixin.py:188} INFO - [2025-12-27T14:35:41.477+0000] {dagbag.py:540} INFO - Filling up the DagBag from /home/airflow/.local/lib/python3.12/site-packages/airflow/example_dags/example_branch_labels.py
[2025-12-27T14:35:41.500+0000] {processor.py:840} INFO - DAG(s) 'example_branch_labels' retrieved from /home/airflow/.local/lib/python3.12/site-packages/airflow/example_dags/example_branch_labels.py
[2025-12-27T14:35:41.564+0000] {logging_mixin.py:188} INFO - [2025-12-27T14:35:41.564+0000] {dag.py:3096} INFO - Sync 1 DAGs
[2025-12-27T14:35:41.627+0000] {logging_mixin.py:188} INFO - [2025-12-27T14:35:41.627+0000] {dag.py:3954} INFO - Setting next_dagrun for example_branch_labels to 2025-12-26 00:00:00+00:00, run_after=2025-12-27 00:00:00+00:00
[2025-12-27T14:35:41.685+0000] {processor.py:183} INFO - Processing /home/airflow/.local/lib/python3.12/site-packages/airflow/example_dags/example_branch_labels.py took 0.243 seconds
[2025-12-27T14:36:23.180+0000] {processor.py:161} INFO - Started process (PID=2103) to work on /home/airflow/.local/lib/python3.12/site-packages/airflow/example_dags/example_branch_labels.py
[2025-12-27T14:36:23.188+0000] {processor.py:830} INFO - Processing file /home/airflow/.local/lib/python3.12/site-packages/airflow/example_dags/example_branch_labels.py for tasks to queue
[2025-12-27T14:36:23.194+0000] {logging_mixin.py:188} INFO - [2025-12-27T14:36:23.193+0000] {dagbag.py:540} INFO - Filling up the DagBag from /home/airflow/.local/lib/python3.12/site-packages/airflow/example_dags/example_branch_labels.py
[2025-12-27T14:36:23.282+0000] {processor.py:840} INFO - DAG(s) 'example_branch_labels' retrieved from /home/airflow/.local/lib/python3.12/site-packages/airflow/example_dags/example_branch_labels.py
[2025-12-27T14:36:23.434+0000] {logging_mixin.py:188} INFO - [2025-12-27T14:36:23.433+0000] {dag.py:3096} INFO - Sync 1 DAGs
[2025-12-27T14:36:23.715+0000] {logging_mixin.py:188} INFO - [2025-12-27T14:36:23.712+0000] {dag.py:3954} INFO - Setting next_dagrun for example_branch_labels to 2025-12-26 00:00:00+00:00, run_after=2025-12-27 00:00:00+00:00
[2025-12-27T14:36:23.899+0000] {processor.py:183} INFO - Processing /home/airflow/.local/lib/python3.12/site-packages/airflow/example_dags/example_branch_labels.py took 0.787 seconds
[2025-12-27T14:36:54.095+0000] {processor.py:161} INFO - Started process (PID=2159) to work on /home/airflow/.local/lib/python3.12/site-packages/airflow/example_dags/example_branch_labels.py
[2025-12-27T14:36:54.101+0000] {processor.py:830} INFO - Processing file /home/airflow/.local/lib/python3.12/site-packages/airflow/example_dags/example_branch_labels.py for tasks to queue
[2025-12-27T14:36:54.110+0000] {logging_mixin.py:188} INFO - [2025-12-27T14:36:54.108+0000] {dagbag.py:540} INFO - Filling up the DagBag from /home/airflow/.local/lib/python3.12/site-packages/airflow/example_dags/example_branch_labels.py
[2025-12-27T14:36:54.165+0000] {processor.py:840} INFO - DAG(s) 'example_branch_labels' retrieved from /home/airflow/.local/lib/python3.12/site-packages/airflow/example_dags/example_branch_labels.py
[2025-12-27T14:36:54.254+0000] {logging_mixin.py:188} INFO - [2025-12-27T14:36:54.253+0000] {dag.py:3096} INFO - Sync 1 DAGs
[2025-12-27T14:36:54.341+0000] {logging_mixin.py:188} INFO - [2025-12-27T14:36:54.340+0000] {dag.py:3954} INFO - Setting next_dagrun for example_branch_labels to 2025-12-26 00:00:00+00:00, run_after=2025-12-27 00:00:00+00:00
[2025-12-27T14:36:54.473+0000] {processor.py:183} INFO - Processing /home/airflow/.local/lib/python3.12/site-packages/airflow/example_dags/example_branch_labels.py took 0.409 seconds
[2025-12-27T14:37:25.291+0000] {processor.py:161} INFO - Started process (PID=2218) to work on /home/airflow/.local/lib/python3.12/site-packages/airflow/example_dags/example_branch_labels.py
[2025-12-27T14:37:25.318+0000] {processor.py:830} INFO - Processing file /home/airflow/.local/lib/python3.12/site-packages/airflow/example_dags/example_branch_labels.py for tasks to queue
[2025-12-27T14:37:25.333+0000] {logging_mixin.py:188} INFO - [2025-12-27T14:37:25.332+0000] {dagbag.py:540} INFO - Filling up the DagBag from /home/airflow/.local/lib/python3.12/site-packages/airflow/example_dags/example_branch_labels.py
[2025-12-27T14:37:25.385+0000] {processor.py:840} INFO - DAG(s) 'example_branch_labels' retrieved from /home/airflow/.local/lib/python3.12/site-packages/airflow/example_dags/example_branch_labels.py
[2025-12-27T14:37:25.714+0000] {logging_mixin.py:188} INFO - [2025-12-27T14:37:25.697+0000] {dag.py:3096} INFO - Sync 1 DAGs
[2025-12-27T14:37:26.075+0000] {logging_mixin.py:188} INFO - [2025-12-27T14:37:26.074+0000] {dag.py:3954} INFO - Setting next_dagrun for example_branch_labels to 2025-12-26 00:00:00+00:00, run_after=2025-12-27 00:00:00+00:00
[2025-12-27T14:37:26.302+0000] {processor.py:183} INFO - Processing /home/airflow/.local/lib/python3.12/site-packages/airflow/example_dags/example_branch_labels.py took 1.074 seconds
[2025-12-27T14:37:57.203+0000] {processor.py:161} INFO - Started process (PID=2276) to work on /home/airflow/.local/lib/python3.12/site-packages/airflow/example_dags/example_branch_labels.py
[2025-12-27T14:37:57.207+0000] {processor.py:830} INFO - Processing file /home/airflow/.local/lib/python3.12/site-packages/airflow/example_dags/example_branch_labels.py for tasks to queue
[2025-12-27T14:37:57.210+0000] {logging_mixin.py:188} INFO - [2025-12-27T14:37:57.209+0000] {dagbag.py:540} INFO - Filling up the DagBag from /home/airflow/.local/lib/python3.12/site-packages/airflow/example_dags/example_branch_labels.py
[2025-12-27T14:37:57.252+0000] {processor.py:840} INFO - DAG(s) 'example_branch_labels' retrieved from /home/airflow/.local/lib/python3.12/site-packages/airflow/example_dags/example_branch_labels.py
[2025-12-27T14:37:57.346+0000] {logging_mixin.py:188} INFO - [2025-12-27T14:37:57.346+0000] {dag.py:3096} INFO - Sync 1 DAGs
[2025-12-27T14:37:57.442+0000] {logging_mixin.py:188} INFO - [2025-12-27T14:37:57.441+0000] {dag.py:3954} INFO - Setting next_dagrun for example_branch_labels to 2025-12-26 00:00:00+00:00, run_after=2025-12-27 00:00:00+00:00
[2025-12-27T14:37:57.525+0000] {processor.py:183} INFO - Processing /home/airflow/.local/lib/python3.12/site-packages/airflow/example_dags/example_branch_labels.py took 0.359 seconds
[2025-12-27T14:38:28.348+0000] {processor.py:161} INFO - Started process (PID=2334) to work on /home/airflow/.local/lib/python3.12/site-packages/airflow/example_dags/example_branch_labels.py
[2025-12-27T14:38:28.350+0000] {processor.py:830} INFO - Processing file /home/airflow/.local/lib/python3.12/site-packages/airflow/example_dags/example_branch_labels.py for tasks to queue
[2025-12-27T14:38:28.354+0000] {logging_mixin.py:188} INFO - [2025-12-27T14:38:28.353+0000] {dagbag.py:540} INFO - Filling up the DagBag from /home/airflow/.local/lib/python3.12/site-packages/airflow/example_dags/example_branch_labels.py
[2025-12-27T14:38:28.382+0000] {processor.py:840} INFO - DAG(s) 'example_branch_labels' retrieved from /home/airflow/.local/lib/python3.12/site-packages/airflow/example_dags/example_branch_labels.py
[2025-12-27T14:38:28.441+0000] {logging_mixin.py:188} INFO - [2025-12-27T14:38:28.441+0000] {dag.py:3096} INFO - Sync 1 DAGs
[2025-12-27T14:38:28.510+0000] {logging_mixin.py:188} INFO - [2025-12-27T14:38:28.509+0000] {dag.py:3954} INFO - Setting next_dagrun for example_branch_labels to 2025-12-26 00:00:00+00:00, run_after=2025-12-27 00:00:00+00:00
[2025-12-27T14:38:28.560+0000] {processor.py:183} INFO - Processing /home/airflow/.local/lib/python3.12/site-packages/airflow/example_dags/example_branch_labels.py took 0.234 seconds
[2025-12-27T14:38:59.243+0000] {processor.py:161} INFO - Started process (PID=2392) to work on /home/airflow/.local/lib/python3.12/site-packages/airflow/example_dags/example_branch_labels.py
[2025-12-27T14:38:59.246+0000] {processor.py:830} INFO - Processing file /home/airflow/.local/lib/python3.12/site-packages/airflow/example_dags/example_branch_labels.py for tasks to queue
[2025-12-27T14:38:59.250+0000] {logging_mixin.py:188} INFO - [2025-12-27T14:38:59.248+0000] {dagbag.py:540} INFO - Filling up the DagBag from /home/airflow/.local/lib/python3.12/site-packages/airflow/example_dags/example_branch_labels.py
[2025-12-27T14:38:59.270+0000] {processor.py:840} INFO - DAG(s) 'example_branch_labels' retrieved from /home/airflow/.local/lib/python3.12/site-packages/airflow/example_dags/example_branch_labels.py
[2025-12-27T14:38:59.338+0000] {logging_mixin.py:188} INFO - [2025-12-27T14:38:59.337+0000] {dag.py:3096} INFO - Sync 1 DAGs
[2025-12-27T14:38:59.403+0000] {logging_mixin.py:188} INFO - [2025-12-27T14:38:59.403+0000] {dag.py:3954} INFO - Setting next_dagrun for example_branch_labels to 2025-12-26 00:00:00+00:00, run_after=2025-12-27 00:00:00+00:00
[2025-12-27T14:38:59.457+0000] {processor.py:183} INFO - Processing /home/airflow/.local/lib/python3.12/site-packages/airflow/example_dags/example_branch_labels.py took 0.230 seconds
[2025-12-27T14:39:29.695+0000] {processor.py:161} INFO - Started process (PID=2450) to work on /home/airflow/.local/lib/python3.12/site-packages/airflow/example_dags/example_branch_labels.py
[2025-12-27T14:39:29.700+0000] {processor.py:830} INFO - Processing file /home/airflow/.local/lib/python3.12/site-packages/airflow/example_dags/example_branch_labels.py for tasks to queue
[2025-12-27T14:39:29.704+0000] {logging_mixin.py:188} INFO - [2025-12-27T14:39:29.703+0000] {dagbag.py:540} INFO - Filling up the DagBag from /home/airflow/.local/lib/python3.12/site-packages/airflow/example_dags/example_branch_labels.py
[2025-12-27T14:39:29.760+0000] {processor.py:840} INFO - DAG(s) 'example_branch_labels' retrieved from /home/airflow/.local/lib/python3.12/site-packages/airflow/example_dags/example_branch_labels.py
[2025-12-27T14:39:29.860+0000] {logging_mixin.py:188} INFO - [2025-12-27T14:39:29.859+0000] {dag.py:3096} INFO - Sync 1 DAGs
[2025-12-27T14:39:29.977+0000] {logging_mixin.py:188} INFO - [2025-12-27T14:39:29.976+0000] {dag.py:3954} INFO - Setting next_dagrun for example_branch_labels to 2025-12-26 00:00:00+00:00, run_after=2025-12-27 00:00:00+00:00
[2025-12-27T14:39:30.099+0000] {processor.py:183} INFO - Processing /home/airflow/.local/lib/python3.12/site-packages/airflow/example_dags/example_branch_labels.py took 0.444 seconds
[2025-12-27T14:40:00.316+0000] {processor.py:161} INFO - Started process (PID=2508) to work on /home/airflow/.local/lib/python3.12/site-packages/airflow/example_dags/example_branch_labels.py
[2025-12-27T14:40:00.328+0000] {processor.py:830} INFO - Processing file /home/airflow/.local/lib/python3.12/site-packages/airflow/example_dags/example_branch_labels.py for tasks to queue
[2025-12-27T14:40:00.336+0000] {logging_mixin.py:188} INFO - [2025-12-27T14:40:00.333+0000] {dagbag.py:540} INFO - Filling up the DagBag from /home/airflow/.local/lib/python3.12/site-packages/airflow/example_dags/example_branch_labels.py
[2025-12-27T14:40:00.374+0000] {processor.py:840} INFO - DAG(s) 'example_branch_labels' retrieved from /home/airflow/.local/lib/python3.12/site-packages/airflow/example_dags/example_branch_labels.py
[2025-12-27T14:40:00.514+0000] {logging_mixin.py:188} INFO - [2025-12-27T14:40:00.513+0000] {dag.py:3096} INFO - Sync 1 DAGs
[2025-12-27T14:40:00.648+0000] {logging_mixin.py:188} INFO - [2025-12-27T14:40:00.647+0000] {dag.py:3954} INFO - Setting next_dagrun for example_branch_labels to 2025-12-26 00:00:00+00:00, run_after=2025-12-27 00:00:00+00:00
[2025-12-27T14:40:00.769+0000] {processor.py:183} INFO - Processing /home/airflow/.local/lib/python3.12/site-packages/airflow/example_dags/example_branch_labels.py took 0.487 seconds
[2025-12-27T14:40:31.274+0000] {processor.py:161} INFO - Started process (PID=2565) to work on /home/airflow/.local/lib/python3.12/site-packages/airflow/example_dags/example_branch_labels.py
[2025-12-27T14:40:31.277+0000] {processor.py:830} INFO - Processing file /home/airflow/.local/lib/python3.12/site-packages/airflow/example_dags/example_branch_labels.py for tasks to queue
[2025-12-27T14:40:31.279+0000] {logging_mixin.py:188} INFO - [2025-12-27T14:40:31.279+0000] {dagbag.py:540} INFO - Filling up the DagBag from /home/airflow/.local/lib/python3.12/site-packages/airflow/example_dags/example_branch_labels.py
[2025-12-27T14:40:31.303+0000] {processor.py:840} INFO - DAG(s) 'example_branch_labels' retrieved from /home/airflow/.local/lib/python3.12/site-packages/airflow/example_dags/example_branch_labels.py
[2025-12-27T14:40:31.382+0000] {logging_mixin.py:188} INFO - [2025-12-27T14:40:31.381+0000] {dag.py:3096} INFO - Sync 1 DAGs
[2025-12-27T14:40:31.446+0000] {logging_mixin.py:188} INFO - [2025-12-27T14:40:31.446+0000] {dag.py:3954} INFO - Setting next_dagrun for example_branch_labels to 2025-12-26 00:00:00+00:00, run_after=2025-12-27 00:00:00+00:00
[2025-12-27T14:40:31.504+0000] {processor.py:183} INFO - Processing /home/airflow/.local/lib/python3.12/site-packages/airflow/example_dags/example_branch_labels.py took 0.251 seconds
[2025-12-27T14:41:01.652+0000] {processor.py:161} INFO - Started process (PID=2623) to work on /home/airflow/.local/lib/python3.12/site-packages/airflow/example_dags/example_branch_labels.py
[2025-12-27T14:41:01.656+0000] {processor.py:830} INFO - Processing file /home/airflow/.local/lib/python3.12/site-packages/airflow/example_dags/example_branch_labels.py for tasks to queue
[2025-12-27T14:41:01.660+0000] {logging_mixin.py:188} INFO - [2025-12-27T14:41:01.659+0000] {dagbag.py:540} INFO - Filling up the DagBag from /home/airflow/.local/lib/python3.12/site-packages/airflow/example_dags/example_branch_labels.py
[2025-12-27T14:41:01.696+0000] {processor.py:840} INFO - DAG(s) 'example_branch_labels' retrieved from /home/airflow/.local/lib/python3.12/site-packages/airflow/example_dags/example_branch_labels.py
[2025-12-27T14:41:01.797+0000] {logging_mixin.py:188} INFO - [2025-12-27T14:41:01.796+0000] {dag.py:3096} INFO - Sync 1 DAGs
[2025-12-27T14:41:01.949+0000] {logging_mixin.py:188} INFO - [2025-12-27T14:41:01.949+0000] {dag.py:3954} INFO - Setting next_dagrun for example_branch_labels to 2025-12-26 00:00:00+00:00, run_after=2025-12-27 00:00:00+00:00
[2025-12-27T14:41:02.009+0000] {processor.py:183} INFO - Processing /home/airflow/.local/lib/python3.12/site-packages/airflow/example_dags/example_branch_labels.py took 0.385 seconds
[2025-12-27T14:41:32.292+0000] {processor.py:161} INFO - Started process (PID=2681) to work on /home/airflow/.local/lib/python3.12/site-packages/airflow/example_dags/example_branch_labels.py
[2025-12-27T14:41:32.294+0000] {processor.py:830} INFO - Processing file /home/airflow/.local/lib/python3.12/site-packages/airflow/example_dags/example_branch_labels.py for tasks to queue
[2025-12-27T14:41:32.297+0000] {logging_mixin.py:188} INFO - [2025-12-27T14:41:32.296+0000] {dagbag.py:540} INFO - Filling up the DagBag from /home/airflow/.local/lib/python3.12/site-packages/airflow/example_dags/example_branch_labels.py
[2025-12-27T14:41:32.321+0000] {processor.py:840} INFO - DAG(s) 'example_branch_labels' retrieved from /home/airflow/.local/lib/python3.12/site-packages/airflow/example_dags/example_branch_labels.py
[2025-12-27T14:41:32.389+0000] {logging_mixin.py:188} INFO - [2025-12-27T14:41:32.389+0000] {dag.py:3096} INFO - Sync 1 DAGs
[2025-12-27T14:41:32.446+0000] {logging_mixin.py:188} INFO - [2025-12-27T14:41:32.445+0000] {dag.py:3954} INFO - Setting next_dagrun for example_branch_labels to 2025-12-26 00:00:00+00:00, run_after=2025-12-27 00:00:00+00:00
[2025-12-27T14:41:32.498+0000] {processor.py:183} INFO - Processing /home/airflow/.local/lib/python3.12/site-packages/airflow/example_dags/example_branch_labels.py took 0.222 seconds
[2025-12-27T14:42:02.891+0000] {processor.py:161} INFO - Started process (PID=2739) to work on /home/airflow/.local/lib/python3.12/site-packages/airflow/example_dags/example_branch_labels.py
[2025-12-27T14:42:02.894+0000] {processor.py:830} INFO - Processing file /home/airflow/.local/lib/python3.12/site-packages/airflow/example_dags/example_branch_labels.py for tasks to queue
[2025-12-27T14:42:02.898+0000] {logging_mixin.py:188} INFO - [2025-12-27T14:42:02.896+0000] {dagbag.py:540} INFO - Filling up the DagBag from /home/airflow/.local/lib/python3.12/site-packages/airflow/example_dags/example_branch_labels.py
[2025-12-27T14:42:02.918+0000] {processor.py:840} INFO - DAG(s) 'example_branch_labels' retrieved from /home/airflow/.local/lib/python3.12/site-packages/airflow/example_dags/example_branch_labels.py
[2025-12-27T14:42:03.003+0000] {logging_mixin.py:188} INFO - [2025-12-27T14:42:03.003+0000] {dag.py:3096} INFO - Sync 1 DAGs
[2025-12-27T14:42:03.061+0000] {logging_mixin.py:188} INFO - [2025-12-27T14:42:03.060+0000] {dag.py:3954} INFO - Setting next_dagrun for example_branch_labels to 2025-12-26 00:00:00+00:00, run_after=2025-12-27 00:00:00+00:00
[2025-12-27T14:42:03.108+0000] {processor.py:183} INFO - Processing /home/airflow/.local/lib/python3.12/site-packages/airflow/example_dags/example_branch_labels.py took 0.233 seconds
[2025-12-27T14:42:33.415+0000] {processor.py:161} INFO - Started process (PID=2797) to work on /home/airflow/.local/lib/python3.12/site-packages/airflow/example_dags/example_branch_labels.py
[2025-12-27T14:42:33.418+0000] {processor.py:830} INFO - Processing file /home/airflow/.local/lib/python3.12/site-packages/airflow/example_dags/example_branch_labels.py for tasks to queue
[2025-12-27T14:42:33.422+0000] {logging_mixin.py:188} INFO - [2025-12-27T14:42:33.421+0000] {dagbag.py:540} INFO - Filling up the DagBag from /home/airflow/.local/lib/python3.12/site-packages/airflow/example_dags/example_branch_labels.py
[2025-12-27T14:42:33.443+0000] {processor.py:840} INFO - DAG(s) 'example_branch_labels' retrieved from /home/airflow/.local/lib/python3.12/site-packages/airflow/example_dags/example_branch_labels.py
[2025-12-27T14:42:33.507+0000] {logging_mixin.py:188} INFO - [2025-12-27T14:42:33.506+0000] {dag.py:3096} INFO - Sync 1 DAGs
[2025-12-27T14:42:33.566+0000] {logging_mixin.py:188} INFO - [2025-12-27T14:42:33.565+0000] {dag.py:3954} INFO - Setting next_dagrun for example_branch_labels to 2025-12-26 00:00:00+00:00, run_after=2025-12-27 00:00:00+00:00
[2025-12-27T14:42:33.615+0000] {processor.py:183} INFO - Processing /home/airflow/.local/lib/python3.12/site-packages/airflow/example_dags/example_branch_labels.py took 0.222 seconds
[2025-12-27T14:43:04.498+0000] {processor.py:161} INFO - Started process (PID=2855) to work on /home/airflow/.local/lib/python3.12/site-packages/airflow/example_dags/example_branch_labels.py
[2025-12-27T14:43:04.503+0000] {processor.py:830} INFO - Processing file /home/airflow/.local/lib/python3.12/site-packages/airflow/example_dags/example_branch_labels.py for tasks to queue
[2025-12-27T14:43:04.507+0000] {logging_mixin.py:188} INFO - [2025-12-27T14:43:04.506+0000] {dagbag.py:540} INFO - Filling up the DagBag from /home/airflow/.local/lib/python3.12/site-packages/airflow/example_dags/example_branch_labels.py
[2025-12-27T14:43:04.536+0000] {processor.py:840} INFO - DAG(s) 'example_branch_labels' retrieved from /home/airflow/.local/lib/python3.12/site-packages/airflow/example_dags/example_branch_labels.py
[2025-12-27T14:43:04.613+0000] {logging_mixin.py:188} INFO - [2025-12-27T14:43:04.613+0000] {dag.py:3096} INFO - Sync 1 DAGs
[2025-12-27T14:43:04.678+0000] {logging_mixin.py:188} INFO - [2025-12-27T14:43:04.678+0000] {dag.py:3954} INFO - Setting next_dagrun for example_branch_labels to 2025-12-26 00:00:00+00:00, run_after=2025-12-27 00:00:00+00:00
[2025-12-27T14:43:04.739+0000] {processor.py:183} INFO - Processing /home/airflow/.local/lib/python3.12/site-packages/airflow/example_dags/example_branch_labels.py took 0.265 seconds
[2025-12-27T14:43:34.981+0000] {processor.py:161} INFO - Started process (PID=2913) to work on /home/airflow/.local/lib/python3.12/site-packages/airflow/example_dags/example_branch_labels.py
[2025-12-27T14:43:34.986+0000] {processor.py:830} INFO - Processing file /home/airflow/.local/lib/python3.12/site-packages/airflow/example_dags/example_branch_labels.py for tasks to queue
[2025-12-27T14:43:34.990+0000] {logging_mixin.py:188} INFO - [2025-12-27T14:43:34.989+0000] {dagbag.py:540} INFO - Filling up the DagBag from /home/airflow/.local/lib/python3.12/site-packages/airflow/example_dags/example_branch_labels.py
[2025-12-27T14:43:35.013+0000] {processor.py:840} INFO - DAG(s) 'example_branch_labels' retrieved from /home/airflow/.local/lib/python3.12/site-packages/airflow/example_dags/example_branch_labels.py
[2025-12-27T14:43:35.095+0000] {logging_mixin.py:188} INFO - [2025-12-27T14:43:35.094+0000] {dag.py:3096} INFO - Sync 1 DAGs
[2025-12-27T14:43:35.187+0000] {logging_mixin.py:188} INFO - [2025-12-27T14:43:35.185+0000] {dag.py:3954} INFO - Setting next_dagrun for example_branch_labels to 2025-12-26 00:00:00+00:00, run_after=2025-12-27 00:00:00+00:00
[2025-12-27T14:43:35.254+0000] {processor.py:183} INFO - Processing /home/airflow/.local/lib/python3.12/site-packages/airflow/example_dags/example_branch_labels.py took 0.292 seconds
[2025-12-27T14:44:05.556+0000] {processor.py:161} INFO - Started process (PID=2971) to work on /home/airflow/.local/lib/python3.12/site-packages/airflow/example_dags/example_branch_labels.py
[2025-12-27T14:44:05.559+0000] {processor.py:830} INFO - Processing file /home/airflow/.local/lib/python3.12/site-packages/airflow/example_dags/example_branch_labels.py for tasks to queue
[2025-12-27T14:44:05.562+0000] {logging_mixin.py:188} INFO - [2025-12-27T14:44:05.561+0000] {dagbag.py:540} INFO - Filling up the DagBag from /home/airflow/.local/lib/python3.12/site-packages/airflow/example_dags/example_branch_labels.py
[2025-12-27T14:44:05.585+0000] {processor.py:840} INFO - DAG(s) 'example_branch_labels' retrieved from /home/airflow/.local/lib/python3.12/site-packages/airflow/example_dags/example_branch_labels.py
[2025-12-27T14:44:05.649+0000] {logging_mixin.py:188} INFO - [2025-12-27T14:44:05.648+0000] {dag.py:3096} INFO - Sync 1 DAGs
[2025-12-27T14:44:05.712+0000] {logging_mixin.py:188} INFO - [2025-12-27T14:44:05.711+0000] {dag.py:3954} INFO - Setting next_dagrun for example_branch_labels to 2025-12-26 00:00:00+00:00, run_after=2025-12-27 00:00:00+00:00
[2025-12-27T14:44:05.762+0000] {processor.py:183} INFO - Processing /home/airflow/.local/lib/python3.12/site-packages/airflow/example_dags/example_branch_labels.py took 0.225 seconds
[2025-12-27T14:44:36.586+0000] {processor.py:161} INFO - Started process (PID=3030) to work on /home/airflow/.local/lib/python3.12/site-packages/airflow/example_dags/example_branch_labels.py
[2025-12-27T14:44:36.590+0000] {processor.py:830} INFO - Processing file /home/airflow/.local/lib/python3.12/site-packages/airflow/example_dags/example_branch_labels.py for tasks to queue
[2025-12-27T14:44:36.592+0000] {logging_mixin.py:188} INFO - [2025-12-27T14:44:36.591+0000] {dagbag.py:540} INFO - Filling up the DagBag from /home/airflow/.local/lib/python3.12/site-packages/airflow/example_dags/example_branch_labels.py
[2025-12-27T14:44:36.624+0000] {processor.py:840} INFO - DAG(s) 'example_branch_labels' retrieved from /home/airflow/.local/lib/python3.12/site-packages/airflow/example_dags/example_branch_labels.py
[2025-12-27T14:44:36.724+0000] {logging_mixin.py:188} INFO - [2025-12-27T14:44:36.724+0000] {dag.py:3096} INFO - Sync 1 DAGs
[2025-12-27T14:44:36.788+0000] {logging_mixin.py:188} INFO - [2025-12-27T14:44:36.787+0000] {dag.py:3954} INFO - Setting next_dagrun for example_branch_labels to 2025-12-26 00:00:00+00:00, run_after=2025-12-27 00:00:00+00:00
[2025-12-27T14:44:36.850+0000] {processor.py:183} INFO - Processing /home/airflow/.local/lib/python3.12/site-packages/airflow/example_dags/example_branch_labels.py took 0.286 seconds
[2025-12-27T14:45:07.305+0000] {processor.py:161} INFO - Started process (PID=3088) to work on /home/airflow/.local/lib/python3.12/site-packages/airflow/example_dags/example_branch_labels.py
[2025-12-27T14:45:07.439+0000] {processor.py:830} INFO - Processing file /home/airflow/.local/lib/python3.12/site-packages/airflow/example_dags/example_branch_labels.py for tasks to queue
[2025-12-27T14:45:07.575+0000] {logging_mixin.py:188} INFO - [2025-12-27T14:45:07.574+0000] {dagbag.py:540} INFO - Filling up the DagBag from /home/airflow/.local/lib/python3.12/site-packages/airflow/example_dags/example_branch_labels.py
[2025-12-27T14:45:07.691+0000] {processor.py:840} INFO - DAG(s) 'example_branch_labels' retrieved from /home/airflow/.local/lib/python3.12/site-packages/airflow/example_dags/example_branch_labels.py
[2025-12-27T14:45:08.173+0000] {logging_mixin.py:188} INFO - [2025-12-27T14:45:08.173+0000] {dag.py:3096} INFO - Sync 1 DAGs
[2025-12-27T14:45:08.468+0000] {logging_mixin.py:188} INFO - [2025-12-27T14:45:08.467+0000] {dag.py:3954} INFO - Setting next_dagrun for example_branch_labels to 2025-12-26 00:00:00+00:00, run_after=2025-12-27 00:00:00+00:00
[2025-12-27T14:45:08.906+0000] {processor.py:183} INFO - Processing /home/airflow/.local/lib/python3.12/site-packages/airflow/example_dags/example_branch_labels.py took 1.629 seconds
[2025-12-27T14:45:39.469+0000] {processor.py:161} INFO - Started process (PID=3146) to work on /home/airflow/.local/lib/python3.12/site-packages/airflow/example_dags/example_branch_labels.py
[2025-12-27T14:45:39.473+0000] {processor.py:830} INFO - Processing file /home/airflow/.local/lib/python3.12/site-packages/airflow/example_dags/example_branch_labels.py for tasks to queue
[2025-12-27T14:45:39.476+0000] {logging_mixin.py:188} INFO - [2025-12-27T14:45:39.475+0000] {dagbag.py:540} INFO - Filling up the DagBag from /home/airflow/.local/lib/python3.12/site-packages/airflow/example_dags/example_branch_labels.py
[2025-12-27T14:45:39.501+0000] {processor.py:840} INFO - DAG(s) 'example_branch_labels' retrieved from /home/airflow/.local/lib/python3.12/site-packages/airflow/example_dags/example_branch_labels.py
[2025-12-27T14:45:39.582+0000] {logging_mixin.py:188} INFO - [2025-12-27T14:45:39.581+0000] {dag.py:3096} INFO - Sync 1 DAGs
[2025-12-27T14:45:39.659+0000] {logging_mixin.py:188} INFO - [2025-12-27T14:45:39.658+0000] {dag.py:3954} INFO - Setting next_dagrun for example_branch_labels to 2025-12-26 00:00:00+00:00, run_after=2025-12-27 00:00:00+00:00
[2025-12-27T14:45:39.722+0000] {processor.py:183} INFO - Processing /home/airflow/.local/lib/python3.12/site-packages/airflow/example_dags/example_branch_labels.py took 0.275 seconds
[2025-12-27T14:46:10.319+0000] {processor.py:161} INFO - Started process (PID=3210) to work on /home/airflow/.local/lib/python3.12/site-packages/airflow/example_dags/example_branch_labels.py
[2025-12-27T14:46:10.322+0000] {processor.py:830} INFO - Processing file /home/airflow/.local/lib/python3.12/site-packages/airflow/example_dags/example_branch_labels.py for tasks to queue
[2025-12-27T14:46:10.326+0000] {logging_mixin.py:188} INFO - [2025-12-27T14:46:10.324+0000] {dagbag.py:540} INFO - Filling up the DagBag from /home/airflow/.local/lib/python3.12/site-packages/airflow/example_dags/example_branch_labels.py
[2025-12-27T14:46:10.350+0000] {processor.py:840} INFO - DAG(s) 'example_branch_labels' retrieved from /home/airflow/.local/lib/python3.12/site-packages/airflow/example_dags/example_branch_labels.py
[2025-12-27T14:46:10.414+0000] {logging_mixin.py:188} INFO - [2025-12-27T14:46:10.413+0000] {dag.py:3096} INFO - Sync 1 DAGs
[2025-12-27T14:46:10.475+0000] {logging_mixin.py:188} INFO - [2025-12-27T14:46:10.474+0000] {dag.py:3954} INFO - Setting next_dagrun for example_branch_labels to 2025-12-26 00:00:00+00:00, run_after=2025-12-27 00:00:00+00:00
[2025-12-27T14:46:10.526+0000] {processor.py:183} INFO - Processing /home/airflow/.local/lib/python3.12/site-packages/airflow/example_dags/example_branch_labels.py took 0.224 seconds
[2025-12-27T14:46:40.880+0000] {processor.py:161} INFO - Started process (PID=3269) to work on /home/airflow/.local/lib/python3.12/site-packages/airflow/example_dags/example_branch_labels.py
[2025-12-27T14:46:40.882+0000] {processor.py:830} INFO - Processing file /home/airflow/.local/lib/python3.12/site-packages/airflow/example_dags/example_branch_labels.py for tasks to queue
[2025-12-27T14:46:40.885+0000] {logging_mixin.py:188} INFO - [2025-12-27T14:46:40.884+0000] {dagbag.py:540} INFO - Filling up the DagBag from /home/airflow/.local/lib/python3.12/site-packages/airflow/example_dags/example_branch_labels.py
[2025-12-27T14:46:40.906+0000] {processor.py:840} INFO - DAG(s) 'example_branch_labels' retrieved from /home/airflow/.local/lib/python3.12/site-packages/airflow/example_dags/example_branch_labels.py
[2025-12-27T14:46:40.966+0000] {logging_mixin.py:188} INFO - [2025-12-27T14:46:40.966+0000] {dag.py:3096} INFO - Sync 1 DAGs
[2025-12-27T14:46:41.023+0000] {logging_mixin.py:188} INFO - [2025-12-27T14:46:41.022+0000] {dag.py:3954} INFO - Setting next_dagrun for example_branch_labels to 2025-12-26 00:00:00+00:00, run_after=2025-12-27 00:00:00+00:00
[2025-12-27T14:46:41.072+0000] {processor.py:183} INFO - Processing /home/airflow/.local/lib/python3.12/site-packages/airflow/example_dags/example_branch_labels.py took 0.208 seconds
[2025-12-27T14:47:11.585+0000] {processor.py:161} INFO - Started process (PID=3327) to work on /home/airflow/.local/lib/python3.12/site-packages/airflow/example_dags/example_branch_labels.py
[2025-12-27T14:47:11.588+0000] {processor.py:830} INFO - Processing file /home/airflow/.local/lib/python3.12/site-packages/airflow/example_dags/example_branch_labels.py for tasks to queue
[2025-12-27T14:47:11.591+0000] {logging_mixin.py:188} INFO - [2025-12-27T14:47:11.590+0000] {dagbag.py:540} INFO - Filling up the DagBag from /home/airflow/.local/lib/python3.12/site-packages/airflow/example_dags/example_branch_labels.py
[2025-12-27T14:47:11.612+0000] {processor.py:840} INFO - DAG(s) 'example_branch_labels' retrieved from /home/airflow/.local/lib/python3.12/site-packages/airflow/example_dags/example_branch_labels.py
[2025-12-27T14:47:11.673+0000] {logging_mixin.py:188} INFO - [2025-12-27T14:47:11.673+0000] {dag.py:3096} INFO - Sync 1 DAGs
[2025-12-27T14:47:11.730+0000] {logging_mixin.py:188} INFO - [2025-12-27T14:47:11.730+0000] {dag.py:3954} INFO - Setting next_dagrun for example_branch_labels to 2025-12-26 00:00:00+00:00, run_after=2025-12-27 00:00:00+00:00
[2025-12-27T14:47:11.781+0000] {processor.py:183} INFO - Processing /home/airflow/.local/lib/python3.12/site-packages/airflow/example_dags/example_branch_labels.py took 0.213 seconds
[2025-12-27T14:47:42.751+0000] {processor.py:161} INFO - Started process (PID=3385) to work on /home/airflow/.local/lib/python3.12/site-packages/airflow/example_dags/example_branch_labels.py
[2025-12-27T14:47:42.753+0000] {processor.py:830} INFO - Processing file /home/airflow/.local/lib/python3.12/site-packages/airflow/example_dags/example_branch_labels.py for tasks to queue
[2025-12-27T14:47:42.756+0000] {logging_mixin.py:188} INFO - [2025-12-27T14:47:42.755+0000] {dagbag.py:540} INFO - Filling up the DagBag from /home/airflow/.local/lib/python3.12/site-packages/airflow/example_dags/example_branch_labels.py
[2025-12-27T14:47:42.776+0000] {processor.py:840} INFO - DAG(s) 'example_branch_labels' retrieved from /home/airflow/.local/lib/python3.12/site-packages/airflow/example_dags/example_branch_labels.py
[2025-12-27T14:47:42.833+0000] {logging_mixin.py:188} INFO - [2025-12-27T14:47:42.832+0000] {dag.py:3096} INFO - Sync 1 DAGs
[2025-12-27T14:47:42.889+0000] {logging_mixin.py:188} INFO - [2025-12-27T14:47:42.888+0000] {dag.py:3954} INFO - Setting next_dagrun for example_branch_labels to 2025-12-26 00:00:00+00:00, run_after=2025-12-27 00:00:00+00:00
[2025-12-27T14:47:42.941+0000] {processor.py:183} INFO - Processing /home/airflow/.local/lib/python3.12/site-packages/airflow/example_dags/example_branch_labels.py took 0.205 seconds
[2025-12-27T14:48:13.339+0000] {processor.py:161} INFO - Started process (PID=3444) to work on /home/airflow/.local/lib/python3.12/site-packages/airflow/example_dags/example_branch_labels.py
[2025-12-27T14:48:13.342+0000] {processor.py:830} INFO - Processing file /home/airflow/.local/lib/python3.12/site-packages/airflow/example_dags/example_branch_labels.py for tasks to queue
[2025-12-27T14:48:13.345+0000] {logging_mixin.py:188} INFO - [2025-12-27T14:48:13.344+0000] {dagbag.py:540} INFO - Filling up the DagBag from /home/airflow/.local/lib/python3.12/site-packages/airflow/example_dags/example_branch_labels.py
[2025-12-27T14:48:13.370+0000] {processor.py:840} INFO - DAG(s) 'example_branch_labels' retrieved from /home/airflow/.local/lib/python3.12/site-packages/airflow/example_dags/example_branch_labels.py
[2025-12-27T14:48:13.459+0000] {logging_mixin.py:188} INFO - [2025-12-27T14:48:13.459+0000] {dag.py:3096} INFO - Sync 1 DAGs
[2025-12-27T14:48:13.609+0000] {logging_mixin.py:188} INFO - [2025-12-27T14:48:13.607+0000] {dag.py:3954} INFO - Setting next_dagrun for example_branch_labels to 2025-12-26 00:00:00+00:00, run_after=2025-12-27 00:00:00+00:00
[2025-12-27T14:48:13.716+0000] {processor.py:183} INFO - Processing /home/airflow/.local/lib/python3.12/site-packages/airflow/example_dags/example_branch_labels.py took 0.400 seconds
[2025-12-27T14:48:44.152+0000] {processor.py:161} INFO - Started process (PID=3502) to work on /home/airflow/.local/lib/python3.12/site-packages/airflow/example_dags/example_branch_labels.py
[2025-12-27T14:48:44.156+0000] {processor.py:830} INFO - Processing file /home/airflow/.local/lib/python3.12/site-packages/airflow/example_dags/example_branch_labels.py for tasks to queue
[2025-12-27T14:48:44.159+0000] {logging_mixin.py:188} INFO - [2025-12-27T14:48:44.158+0000] {dagbag.py:540} INFO - Filling up the DagBag from /home/airflow/.local/lib/python3.12/site-packages/airflow/example_dags/example_branch_labels.py
[2025-12-27T14:48:44.183+0000] {processor.py:840} INFO - DAG(s) 'example_branch_labels' retrieved from /home/airflow/.local/lib/python3.12/site-packages/airflow/example_dags/example_branch_labels.py
[2025-12-27T14:48:44.263+0000] {logging_mixin.py:188} INFO - [2025-12-27T14:48:44.262+0000] {dag.py:3096} INFO - Sync 1 DAGs
[2025-12-27T14:48:44.329+0000] {logging_mixin.py:188} INFO - [2025-12-27T14:48:44.328+0000] {dag.py:3954} INFO - Setting next_dagrun for example_branch_labels to 2025-12-26 00:00:00+00:00, run_after=2025-12-27 00:00:00+00:00
[2025-12-27T14:48:44.382+0000] {processor.py:183} INFO - Processing /home/airflow/.local/lib/python3.12/site-packages/airflow/example_dags/example_branch_labels.py took 0.250 seconds
[2025-12-27T14:49:14.769+0000] {processor.py:161} INFO - Started process (PID=3560) to work on /home/airflow/.local/lib/python3.12/site-packages/airflow/example_dags/example_branch_labels.py
[2025-12-27T14:49:14.773+0000] {processor.py:830} INFO - Processing file /home/airflow/.local/lib/python3.12/site-packages/airflow/example_dags/example_branch_labels.py for tasks to queue
[2025-12-27T14:49:14.777+0000] {logging_mixin.py:188} INFO - [2025-12-27T14:49:14.776+0000] {dagbag.py:540} INFO - Filling up the DagBag from /home/airflow/.local/lib/python3.12/site-packages/airflow/example_dags/example_branch_labels.py
[2025-12-27T14:49:14.816+0000] {processor.py:840} INFO - DAG(s) 'example_branch_labels' retrieved from /home/airflow/.local/lib/python3.12/site-packages/airflow/example_dags/example_branch_labels.py
[2025-12-27T14:49:14.939+0000] {logging_mixin.py:188} INFO - [2025-12-27T14:49:14.938+0000] {dag.py:3096} INFO - Sync 1 DAGs
[2025-12-27T14:49:15.030+0000] {logging_mixin.py:188} INFO - [2025-12-27T14:49:15.029+0000] {dag.py:3954} INFO - Setting next_dagrun for example_branch_labels to 2025-12-26 00:00:00+00:00, run_after=2025-12-27 00:00:00+00:00
[2025-12-27T14:49:15.093+0000] {processor.py:183} INFO - Processing /home/airflow/.local/lib/python3.12/site-packages/airflow/example_dags/example_branch_labels.py took 0.351 seconds
[2025-12-27T14:49:45.518+0000] {processor.py:161} INFO - Started process (PID=3616) to work on /home/airflow/.local/lib/python3.12/site-packages/airflow/example_dags/example_branch_labels.py
[2025-12-27T14:49:45.522+0000] {processor.py:830} INFO - Processing file /home/airflow/.local/lib/python3.12/site-packages/airflow/example_dags/example_branch_labels.py for tasks to queue
[2025-12-27T14:49:45.526+0000] {logging_mixin.py:188} INFO - [2025-12-27T14:49:45.525+0000] {dagbag.py:540} INFO - Filling up the DagBag from /home/airflow/.local/lib/python3.12/site-packages/airflow/example_dags/example_branch_labels.py
[2025-12-27T14:49:45.560+0000] {processor.py:840} INFO - DAG(s) 'example_branch_labels' retrieved from /home/airflow/.local/lib/python3.12/site-packages/airflow/example_dags/example_branch_labels.py
[2025-12-27T14:49:45.679+0000] {logging_mixin.py:188} INFO - [2025-12-27T14:49:45.678+0000] {dag.py:3096} INFO - Sync 1 DAGs
[2025-12-27T14:49:45.769+0000] {logging_mixin.py:188} INFO - [2025-12-27T14:49:45.768+0000] {dag.py:3954} INFO - Setting next_dagrun for example_branch_labels to 2025-12-26 00:00:00+00:00, run_after=2025-12-27 00:00:00+00:00
[2025-12-27T14:49:45.845+0000] {processor.py:183} INFO - Processing /home/airflow/.local/lib/python3.12/site-packages/airflow/example_dags/example_branch_labels.py took 0.350 seconds
[2025-12-27T14:50:20.326+0000] {processor.py:161} INFO - Started process (PID=3668) to work on /home/airflow/.local/lib/python3.12/site-packages/airflow/example_dags/example_branch_labels.py
[2025-12-27T14:50:20.332+0000] {processor.py:830} INFO - Processing file /home/airflow/.local/lib/python3.12/site-packages/airflow/example_dags/example_branch_labels.py for tasks to queue
[2025-12-27T14:50:20.337+0000] {logging_mixin.py:188} INFO - [2025-12-27T14:50:20.335+0000] {dagbag.py:540} INFO - Filling up the DagBag from /home/airflow/.local/lib/python3.12/site-packages/airflow/example_dags/example_branch_labels.py
[2025-12-27T14:50:20.378+0000] {processor.py:840} INFO - DAG(s) 'example_branch_labels' retrieved from /home/airflow/.local/lib/python3.12/site-packages/airflow/example_dags/example_branch_labels.py
[2025-12-27T14:50:20.484+0000] {logging_mixin.py:188} INFO - [2025-12-27T14:50:20.483+0000] {dag.py:3096} INFO - Sync 1 DAGs
[2025-12-27T14:50:20.584+0000] {logging_mixin.py:188} INFO - [2025-12-27T14:50:20.583+0000] {dag.py:3954} INFO - Setting next_dagrun for example_branch_labels to 2025-12-26 00:00:00+00:00, run_after=2025-12-27 00:00:00+00:00
[2025-12-27T14:50:20.663+0000] {processor.py:183} INFO - Processing /home/airflow/.local/lib/python3.12/site-packages/airflow/example_dags/example_branch_labels.py took 0.367 seconds
[2025-12-27T14:50:52.549+0000] {processor.py:161} INFO - Started process (PID=3725) to work on /home/airflow/.local/lib/python3.12/site-packages/airflow/example_dags/example_branch_labels.py
[2025-12-27T14:50:52.553+0000] {processor.py:830} INFO - Processing file /home/airflow/.local/lib/python3.12/site-packages/airflow/example_dags/example_branch_labels.py for tasks to queue
[2025-12-27T14:50:52.557+0000] {logging_mixin.py:188} INFO - [2025-12-27T14:50:52.556+0000] {dagbag.py:540} INFO - Filling up the DagBag from /home/airflow/.local/lib/python3.12/site-packages/airflow/example_dags/example_branch_labels.py
[2025-12-27T14:50:52.583+0000] {processor.py:840} INFO - DAG(s) 'example_branch_labels' retrieved from /home/airflow/.local/lib/python3.12/site-packages/airflow/example_dags/example_branch_labels.py
[2025-12-27T14:50:52.710+0000] {logging_mixin.py:188} INFO - [2025-12-27T14:50:52.710+0000] {dag.py:3096} INFO - Sync 1 DAGs
[2025-12-27T14:50:52.925+0000] {logging_mixin.py:188} INFO - [2025-12-27T14:50:52.925+0000] {dag.py:3954} INFO - Setting next_dagrun for example_branch_labels to 2025-12-26 00:00:00+00:00, run_after=2025-12-27 00:00:00+00:00
[2025-12-27T14:50:53.095+0000] {processor.py:183} INFO - Processing /home/airflow/.local/lib/python3.12/site-packages/airflow/example_dags/example_branch_labels.py took 0.573 seconds
[2025-12-27T14:51:24.395+0000] {processor.py:161} INFO - Started process (PID=3774) to work on /home/airflow/.local/lib/python3.12/site-packages/airflow/example_dags/example_branch_labels.py
[2025-12-27T14:51:24.404+0000] {processor.py:830} INFO - Processing file /home/airflow/.local/lib/python3.12/site-packages/airflow/example_dags/example_branch_labels.py for tasks to queue
[2025-12-27T14:51:24.414+0000] {logging_mixin.py:188} INFO - [2025-12-27T14:51:24.412+0000] {dagbag.py:540} INFO - Filling up the DagBag from /home/airflow/.local/lib/python3.12/site-packages/airflow/example_dags/example_branch_labels.py
[2025-12-27T14:51:24.482+0000] {processor.py:840} INFO - DAG(s) 'example_branch_labels' retrieved from /home/airflow/.local/lib/python3.12/site-packages/airflow/example_dags/example_branch_labels.py
[2025-12-27T14:51:24.637+0000] {logging_mixin.py:188} INFO - [2025-12-27T14:51:24.636+0000] {dag.py:3096} INFO - Sync 1 DAGs
[2025-12-27T14:51:24.868+0000] {logging_mixin.py:188} INFO - [2025-12-27T14:51:24.866+0000] {dag.py:3954} INFO - Setting next_dagrun for example_branch_labels to 2025-12-26 00:00:00+00:00, run_after=2025-12-27 00:00:00+00:00
[2025-12-27T14:51:25.048+0000] {processor.py:183} INFO - Processing /home/airflow/.local/lib/python3.12/site-packages/airflow/example_dags/example_branch_labels.py took 0.709 seconds
[2025-12-27T14:52:35.169+0000] {processor.py:161} INFO - Started process (PID=3809) to work on /home/airflow/.local/lib/python3.12/site-packages/airflow/example_dags/example_branch_labels.py
[2025-12-27T14:52:35.295+0000] {processor.py:830} INFO - Processing file /home/airflow/.local/lib/python3.12/site-packages/airflow/example_dags/example_branch_labels.py for tasks to queue
[2025-12-27T14:52:35.470+0000] {logging_mixin.py:188} INFO - [2025-12-27T14:52:35.334+0000] {dagbag.py:540} INFO - Filling up the DagBag from /home/airflow/.local/lib/python3.12/site-packages/airflow/example_dags/example_branch_labels.py
[2025-12-27T14:52:35.890+0000] {processor.py:840} INFO - DAG(s) 'example_branch_labels' retrieved from /home/airflow/.local/lib/python3.12/site-packages/airflow/example_dags/example_branch_labels.py
[2025-12-27T14:52:36.785+0000] {logging_mixin.py:188} INFO - [2025-12-27T14:52:36.782+0000] {dag.py:3096} INFO - Sync 1 DAGs
[2025-12-27T14:52:37.164+0000] {logging_mixin.py:188} INFO - [2025-12-27T14:52:37.159+0000] {dag.py:3954} INFO - Setting next_dagrun for example_branch_labels to 2025-12-26 00:00:00+00:00, run_after=2025-12-27 00:00:00+00:00
[2025-12-27T14:52:37.434+0000] {processor.py:183} INFO - Processing /home/airflow/.local/lib/python3.12/site-packages/airflow/example_dags/example_branch_labels.py took 2.759 seconds
[2025-12-27T14:54:51.334+0000] {processor.py:161} INFO - Started process (PID=3865) to work on /home/airflow/.local/lib/python3.12/site-packages/airflow/example_dags/example_branch_labels.py
[2025-12-27T14:54:51.356+0000] {processor.py:830} INFO - Processing file /home/airflow/.local/lib/python3.12/site-packages/airflow/example_dags/example_branch_labels.py for tasks to queue
[2025-12-27T14:54:51.372+0000] {logging_mixin.py:188} INFO - [2025-12-27T14:54:51.368+0000] {dagbag.py:540} INFO - Filling up the DagBag from /home/airflow/.local/lib/python3.12/site-packages/airflow/example_dags/example_branch_labels.py
[2025-12-27T14:54:51.550+0000] {processor.py:840} INFO - DAG(s) 'example_branch_labels' retrieved from /home/airflow/.local/lib/python3.12/site-packages/airflow/example_dags/example_branch_labels.py
[2025-12-27T14:54:51.880+0000] {logging_mixin.py:188} INFO - [2025-12-27T14:54:51.879+0000] {dag.py:3096} INFO - Sync 1 DAGs
[2025-12-27T14:54:52.332+0000] {logging_mixin.py:188} INFO - [2025-12-27T14:54:52.326+0000] {dag.py:3954} INFO - Setting next_dagrun for example_branch_labels to 2025-12-26 00:00:00+00:00, run_after=2025-12-27 00:00:00+00:00
[2025-12-27T14:54:52.895+0000] {processor.py:183} INFO - Processing /home/airflow/.local/lib/python3.12/site-packages/airflow/example_dags/example_branch_labels.py took 1.642 seconds
