[2025-12-27T14:14:20.204+0000] {processor.py:161} INFO - Started process (PID=84) to work on /home/airflow/.local/lib/python3.12/site-packages/airflow/example_dags/example_display_name.py
[2025-12-27T14:14:20.212+0000] {processor.py:830} INFO - Processing file /home/airflow/.local/lib/python3.12/site-packages/airflow/example_dags/example_display_name.py for tasks to queue
[2025-12-27T14:14:20.313+0000] {logging_mixin.py:188} INFO - [2025-12-27T14:14:20.310+0000] {dagbag.py:540} INFO - Filling up the DagBag from /home/airflow/.local/lib/python3.12/site-packages/airflow/example_dags/example_display_name.py
[2025-12-27T14:14:21.349+0000] {processor.py:840} INFO - DAG(s) 'example_display_name' retrieved from /home/airflow/.local/lib/python3.12/site-packages/airflow/example_dags/example_display_name.py
[2025-12-27T14:14:27.515+0000] {logging_mixin.py:188} INFO - [2025-12-27T14:14:27.488+0000] {dag.py:3096} INFO - Sync 1 DAGs
[2025-12-27T14:14:29.656+0000] {logging_mixin.py:188} INFO - [2025-12-27T14:14:29.655+0000] {dag.py:3954} INFO - Setting next_dagrun for example_display_name to None, run_after=None
[2025-12-27T14:14:30.622+0000] {processor.py:183} INFO - Processing /home/airflow/.local/lib/python3.12/site-packages/airflow/example_dags/example_display_name.py took 10.515 seconds
[2025-12-27T14:15:21.302+0000] {processor.py:161} INFO - Started process (PID=147) to work on /home/airflow/.local/lib/python3.12/site-packages/airflow/example_dags/example_display_name.py
[2025-12-27T14:15:21.306+0000] {processor.py:830} INFO - Processing file /home/airflow/.local/lib/python3.12/site-packages/airflow/example_dags/example_display_name.py for tasks to queue
[2025-12-27T14:15:21.314+0000] {logging_mixin.py:188} INFO - [2025-12-27T14:15:21.312+0000] {dagbag.py:540} INFO - Filling up the DagBag from /home/airflow/.local/lib/python3.12/site-packages/airflow/example_dags/example_display_name.py
[2025-12-27T14:15:21.348+0000] {processor.py:840} INFO - DAG(s) 'example_display_name' retrieved from /home/airflow/.local/lib/python3.12/site-packages/airflow/example_dags/example_display_name.py
[2025-12-27T14:15:21.415+0000] {logging_mixin.py:188} INFO - [2025-12-27T14:15:21.414+0000] {dag.py:3096} INFO - Sync 1 DAGs
[2025-12-27T14:15:21.461+0000] {logging_mixin.py:188} INFO - [2025-12-27T14:15:21.460+0000] {dag.py:3954} INFO - Setting next_dagrun for example_display_name to None, run_after=None
[2025-12-27T14:15:21.525+0000] {processor.py:183} INFO - Processing /home/airflow/.local/lib/python3.12/site-packages/airflow/example_dags/example_display_name.py took 0.301 seconds
[2025-12-27T14:15:51.714+0000] {processor.py:161} INFO - Started process (PID=204) to work on /home/airflow/.local/lib/python3.12/site-packages/airflow/example_dags/example_display_name.py
[2025-12-27T14:15:51.717+0000] {processor.py:830} INFO - Processing file /home/airflow/.local/lib/python3.12/site-packages/airflow/example_dags/example_display_name.py for tasks to queue
[2025-12-27T14:15:51.723+0000] {logging_mixin.py:188} INFO - [2025-12-27T14:15:51.722+0000] {dagbag.py:540} INFO - Filling up the DagBag from /home/airflow/.local/lib/python3.12/site-packages/airflow/example_dags/example_display_name.py
[2025-12-27T14:15:51.739+0000] {processor.py:840} INFO - DAG(s) 'example_display_name' retrieved from /home/airflow/.local/lib/python3.12/site-packages/airflow/example_dags/example_display_name.py
[2025-12-27T14:15:51.800+0000] {logging_mixin.py:188} INFO - [2025-12-27T14:15:51.799+0000] {dag.py:3096} INFO - Sync 1 DAGs
[2025-12-27T14:15:51.839+0000] {logging_mixin.py:188} INFO - [2025-12-27T14:15:51.838+0000] {dag.py:3954} INFO - Setting next_dagrun for example_display_name to None, run_after=None
[2025-12-27T14:15:51.899+0000] {processor.py:183} INFO - Processing /home/airflow/.local/lib/python3.12/site-packages/airflow/example_dags/example_display_name.py took 0.204 seconds
[2025-12-27T14:16:22.503+0000] {processor.py:161} INFO - Started process (PID=262) to work on /home/airflow/.local/lib/python3.12/site-packages/airflow/example_dags/example_display_name.py
[2025-12-27T14:16:22.506+0000] {processor.py:830} INFO - Processing file /home/airflow/.local/lib/python3.12/site-packages/airflow/example_dags/example_display_name.py for tasks to queue
[2025-12-27T14:16:22.514+0000] {logging_mixin.py:188} INFO - [2025-12-27T14:16:22.513+0000] {dagbag.py:540} INFO - Filling up the DagBag from /home/airflow/.local/lib/python3.12/site-packages/airflow/example_dags/example_display_name.py
[2025-12-27T14:16:22.546+0000] {processor.py:840} INFO - DAG(s) 'example_display_name' retrieved from /home/airflow/.local/lib/python3.12/site-packages/airflow/example_dags/example_display_name.py
[2025-12-27T14:16:22.643+0000] {logging_mixin.py:188} INFO - [2025-12-27T14:16:22.642+0000] {dag.py:3096} INFO - Sync 1 DAGs
[2025-12-27T14:16:22.693+0000] {logging_mixin.py:188} INFO - [2025-12-27T14:16:22.693+0000] {dag.py:3954} INFO - Setting next_dagrun for example_display_name to None, run_after=None
[2025-12-27T14:16:22.754+0000] {processor.py:183} INFO - Processing /home/airflow/.local/lib/python3.12/site-packages/airflow/example_dags/example_display_name.py took 0.273 seconds
[2025-12-27T14:16:53.991+0000] {processor.py:161} INFO - Started process (PID=320) to work on /home/airflow/.local/lib/python3.12/site-packages/airflow/example_dags/example_display_name.py
[2025-12-27T14:16:54.004+0000] {processor.py:830} INFO - Processing file /home/airflow/.local/lib/python3.12/site-packages/airflow/example_dags/example_display_name.py for tasks to queue
[2025-12-27T14:16:54.061+0000] {logging_mixin.py:188} INFO - [2025-12-27T14:16:54.060+0000] {dagbag.py:540} INFO - Filling up the DagBag from /home/airflow/.local/lib/python3.12/site-packages/airflow/example_dags/example_display_name.py
[2025-12-27T14:16:54.120+0000] {processor.py:840} INFO - DAG(s) 'example_display_name' retrieved from /home/airflow/.local/lib/python3.12/site-packages/airflow/example_dags/example_display_name.py
[2025-12-27T14:16:54.296+0000] {logging_mixin.py:188} INFO - [2025-12-27T14:16:54.295+0000] {dag.py:3096} INFO - Sync 1 DAGs
[2025-12-27T14:16:54.446+0000] {logging_mixin.py:188} INFO - [2025-12-27T14:16:54.445+0000] {dag.py:3954} INFO - Setting next_dagrun for example_display_name to None, run_after=None
[2025-12-27T14:16:54.609+0000] {processor.py:183} INFO - Processing /home/airflow/.local/lib/python3.12/site-packages/airflow/example_dags/example_display_name.py took 0.685 seconds
[2025-12-27T14:17:41.597+0000] {processor.py:161} INFO - Started process (PID=368) to work on /home/airflow/.local/lib/python3.12/site-packages/airflow/example_dags/example_display_name.py
[2025-12-27T14:17:41.609+0000] {processor.py:830} INFO - Processing file /home/airflow/.local/lib/python3.12/site-packages/airflow/example_dags/example_display_name.py for tasks to queue
[2025-12-27T14:17:41.628+0000] {logging_mixin.py:188} INFO - [2025-12-27T14:17:41.627+0000] {dagbag.py:540} INFO - Filling up the DagBag from /home/airflow/.local/lib/python3.12/site-packages/airflow/example_dags/example_display_name.py
[2025-12-27T14:17:41.694+0000] {processor.py:840} INFO - DAG(s) 'example_display_name' retrieved from /home/airflow/.local/lib/python3.12/site-packages/airflow/example_dags/example_display_name.py
[2025-12-27T14:17:41.958+0000] {logging_mixin.py:188} INFO - [2025-12-27T14:17:41.957+0000] {dag.py:3096} INFO - Sync 1 DAGs
[2025-12-27T14:17:42.138+0000] {logging_mixin.py:188} INFO - [2025-12-27T14:17:42.136+0000] {dag.py:3954} INFO - Setting next_dagrun for example_display_name to None, run_after=None
[2025-12-27T14:17:42.339+0000] {processor.py:183} INFO - Processing /home/airflow/.local/lib/python3.12/site-packages/airflow/example_dags/example_display_name.py took 0.792 seconds
[2025-12-27T14:18:27.560+0000] {processor.py:161} INFO - Started process (PID=429) to work on /home/airflow/.local/lib/python3.12/site-packages/airflow/example_dags/example_display_name.py
[2025-12-27T14:18:27.690+0000] {processor.py:830} INFO - Processing file /home/airflow/.local/lib/python3.12/site-packages/airflow/example_dags/example_display_name.py for tasks to queue
[2025-12-27T14:18:27.703+0000] {logging_mixin.py:188} INFO - [2025-12-27T14:18:27.702+0000] {dagbag.py:540} INFO - Filling up the DagBag from /home/airflow/.local/lib/python3.12/site-packages/airflow/example_dags/example_display_name.py
[2025-12-27T14:18:27.748+0000] {processor.py:840} INFO - DAG(s) 'example_display_name' retrieved from /home/airflow/.local/lib/python3.12/site-packages/airflow/example_dags/example_display_name.py
[2025-12-27T14:18:27.842+0000] {logging_mixin.py:188} INFO - [2025-12-27T14:18:27.841+0000] {dag.py:3096} INFO - Sync 1 DAGs
[2025-12-27T14:18:27.901+0000] {logging_mixin.py:188} INFO - [2025-12-27T14:18:27.901+0000] {dag.py:3954} INFO - Setting next_dagrun for example_display_name to None, run_after=None
[2025-12-27T14:18:28.409+0000] {processor.py:183} INFO - Processing /home/airflow/.local/lib/python3.12/site-packages/airflow/example_dags/example_display_name.py took 0.891 seconds
[2025-12-27T14:19:00.976+0000] {processor.py:161} INFO - Started process (PID=487) to work on /home/airflow/.local/lib/python3.12/site-packages/airflow/example_dags/example_display_name.py
[2025-12-27T14:19:00.986+0000] {processor.py:830} INFO - Processing file /home/airflow/.local/lib/python3.12/site-packages/airflow/example_dags/example_display_name.py for tasks to queue
[2025-12-27T14:19:00.994+0000] {logging_mixin.py:188} INFO - [2025-12-27T14:19:00.993+0000] {dagbag.py:540} INFO - Filling up the DagBag from /home/airflow/.local/lib/python3.12/site-packages/airflow/example_dags/example_display_name.py
[2025-12-27T14:19:01.024+0000] {processor.py:840} INFO - DAG(s) 'example_display_name' retrieved from /home/airflow/.local/lib/python3.12/site-packages/airflow/example_dags/example_display_name.py
[2025-12-27T14:19:01.138+0000] {logging_mixin.py:188} INFO - [2025-12-27T14:19:01.137+0000] {dag.py:3096} INFO - Sync 1 DAGs
[2025-12-27T14:19:01.231+0000] {logging_mixin.py:188} INFO - [2025-12-27T14:19:01.230+0000] {dag.py:3954} INFO - Setting next_dagrun for example_display_name to None, run_after=None
[2025-12-27T14:19:01.365+0000] {processor.py:183} INFO - Processing /home/airflow/.local/lib/python3.12/site-packages/airflow/example_dags/example_display_name.py took 0.417 seconds
[2025-12-27T14:19:34.214+0000] {processor.py:161} INFO - Started process (PID=545) to work on /home/airflow/.local/lib/python3.12/site-packages/airflow/example_dags/example_display_name.py
[2025-12-27T14:19:34.219+0000] {processor.py:830} INFO - Processing file /home/airflow/.local/lib/python3.12/site-packages/airflow/example_dags/example_display_name.py for tasks to queue
[2025-12-27T14:19:34.229+0000] {logging_mixin.py:188} INFO - [2025-12-27T14:19:34.228+0000] {dagbag.py:540} INFO - Filling up the DagBag from /home/airflow/.local/lib/python3.12/site-packages/airflow/example_dags/example_display_name.py
[2025-12-27T14:19:34.259+0000] {processor.py:840} INFO - DAG(s) 'example_display_name' retrieved from /home/airflow/.local/lib/python3.12/site-packages/airflow/example_dags/example_display_name.py
[2025-12-27T14:19:34.341+0000] {logging_mixin.py:188} INFO - [2025-12-27T14:19:34.340+0000] {dag.py:3096} INFO - Sync 1 DAGs
[2025-12-27T14:19:34.398+0000] {logging_mixin.py:188} INFO - [2025-12-27T14:19:34.397+0000] {dag.py:3954} INFO - Setting next_dagrun for example_display_name to None, run_after=None
[2025-12-27T14:19:34.464+0000] {processor.py:183} INFO - Processing /home/airflow/.local/lib/python3.12/site-packages/airflow/example_dags/example_display_name.py took 0.272 seconds
[2025-12-27T14:20:05.363+0000] {processor.py:161} INFO - Started process (PID=601) to work on /home/airflow/.local/lib/python3.12/site-packages/airflow/example_dags/example_display_name.py
[2025-12-27T14:20:05.373+0000] {processor.py:830} INFO - Processing file /home/airflow/.local/lib/python3.12/site-packages/airflow/example_dags/example_display_name.py for tasks to queue
[2025-12-27T14:20:05.385+0000] {logging_mixin.py:188} INFO - [2025-12-27T14:20:05.383+0000] {dagbag.py:540} INFO - Filling up the DagBag from /home/airflow/.local/lib/python3.12/site-packages/airflow/example_dags/example_display_name.py
[2025-12-27T14:20:05.406+0000] {processor.py:840} INFO - DAG(s) 'example_display_name' retrieved from /home/airflow/.local/lib/python3.12/site-packages/airflow/example_dags/example_display_name.py
[2025-12-27T14:20:05.479+0000] {logging_mixin.py:188} INFO - [2025-12-27T14:20:05.478+0000] {dag.py:3096} INFO - Sync 1 DAGs
[2025-12-27T14:20:05.529+0000] {logging_mixin.py:188} INFO - [2025-12-27T14:20:05.529+0000] {dag.py:3954} INFO - Setting next_dagrun for example_display_name to None, run_after=None
[2025-12-27T14:20:05.688+0000] {processor.py:183} INFO - Processing /home/airflow/.local/lib/python3.12/site-packages/airflow/example_dags/example_display_name.py took 0.344 seconds
[2025-12-27T14:20:36.477+0000] {processor.py:161} INFO - Started process (PID=659) to work on /home/airflow/.local/lib/python3.12/site-packages/airflow/example_dags/example_display_name.py
[2025-12-27T14:20:36.481+0000] {processor.py:830} INFO - Processing file /home/airflow/.local/lib/python3.12/site-packages/airflow/example_dags/example_display_name.py for tasks to queue
[2025-12-27T14:20:36.488+0000] {logging_mixin.py:188} INFO - [2025-12-27T14:20:36.487+0000] {dagbag.py:540} INFO - Filling up the DagBag from /home/airflow/.local/lib/python3.12/site-packages/airflow/example_dags/example_display_name.py
[2025-12-27T14:20:36.510+0000] {processor.py:840} INFO - DAG(s) 'example_display_name' retrieved from /home/airflow/.local/lib/python3.12/site-packages/airflow/example_dags/example_display_name.py
[2025-12-27T14:20:36.579+0000] {logging_mixin.py:188} INFO - [2025-12-27T14:20:36.578+0000] {dag.py:3096} INFO - Sync 1 DAGs
[2025-12-27T14:20:36.621+0000] {logging_mixin.py:188} INFO - [2025-12-27T14:20:36.620+0000] {dag.py:3954} INFO - Setting next_dagrun for example_display_name to None, run_after=None
[2025-12-27T14:20:36.686+0000] {processor.py:183} INFO - Processing /home/airflow/.local/lib/python3.12/site-packages/airflow/example_dags/example_display_name.py took 0.231 seconds
[2025-12-27T14:21:07.299+0000] {processor.py:161} INFO - Started process (PID=716) to work on /home/airflow/.local/lib/python3.12/site-packages/airflow/example_dags/example_display_name.py
[2025-12-27T14:21:07.306+0000] {processor.py:830} INFO - Processing file /home/airflow/.local/lib/python3.12/site-packages/airflow/example_dags/example_display_name.py for tasks to queue
[2025-12-27T14:21:07.313+0000] {logging_mixin.py:188} INFO - [2025-12-27T14:21:07.312+0000] {dagbag.py:540} INFO - Filling up the DagBag from /home/airflow/.local/lib/python3.12/site-packages/airflow/example_dags/example_display_name.py
[2025-12-27T14:21:07.334+0000] {processor.py:840} INFO - DAG(s) 'example_display_name' retrieved from /home/airflow/.local/lib/python3.12/site-packages/airflow/example_dags/example_display_name.py
[2025-12-27T14:21:07.427+0000] {logging_mixin.py:188} INFO - [2025-12-27T14:21:07.426+0000] {dag.py:3096} INFO - Sync 1 DAGs
[2025-12-27T14:21:07.476+0000] {logging_mixin.py:188} INFO - [2025-12-27T14:21:07.475+0000] {dag.py:3954} INFO - Setting next_dagrun for example_display_name to None, run_after=None
[2025-12-27T14:21:07.539+0000] {processor.py:183} INFO - Processing /home/airflow/.local/lib/python3.12/site-packages/airflow/example_dags/example_display_name.py took 0.267 seconds
[2025-12-27T14:21:44.783+0000] {processor.py:161} INFO - Started process (PID=774) to work on /home/airflow/.local/lib/python3.12/site-packages/airflow/example_dags/example_display_name.py
[2025-12-27T14:21:44.794+0000] {processor.py:830} INFO - Processing file /home/airflow/.local/lib/python3.12/site-packages/airflow/example_dags/example_display_name.py for tasks to queue
[2025-12-27T14:21:44.812+0000] {logging_mixin.py:188} INFO - [2025-12-27T14:21:44.811+0000] {dagbag.py:540} INFO - Filling up the DagBag from /home/airflow/.local/lib/python3.12/site-packages/airflow/example_dags/example_display_name.py
[2025-12-27T14:21:44.855+0000] {processor.py:840} INFO - DAG(s) 'example_display_name' retrieved from /home/airflow/.local/lib/python3.12/site-packages/airflow/example_dags/example_display_name.py
[2025-12-27T14:21:44.999+0000] {logging_mixin.py:188} INFO - [2025-12-27T14:21:44.998+0000] {dag.py:3096} INFO - Sync 1 DAGs
[2025-12-27T14:21:45.092+0000] {logging_mixin.py:188} INFO - [2025-12-27T14:21:45.091+0000] {dag.py:3954} INFO - Setting next_dagrun for example_display_name to None, run_after=None
[2025-12-27T14:21:45.224+0000] {processor.py:183} INFO - Processing /home/airflow/.local/lib/python3.12/site-packages/airflow/example_dags/example_display_name.py took 0.546 seconds
[2025-12-27T14:22:43.296+0000] {processor.py:161} INFO - Started process (PID=839) to work on /home/airflow/.local/lib/python3.12/site-packages/airflow/example_dags/example_display_name.py
[2025-12-27T14:22:43.311+0000] {processor.py:830} INFO - Processing file /home/airflow/.local/lib/python3.12/site-packages/airflow/example_dags/example_display_name.py for tasks to queue
[2025-12-27T14:22:43.319+0000] {logging_mixin.py:188} INFO - [2025-12-27T14:22:43.317+0000] {dagbag.py:540} INFO - Filling up the DagBag from /home/airflow/.local/lib/python3.12/site-packages/airflow/example_dags/example_display_name.py
[2025-12-27T14:22:43.375+0000] {processor.py:840} INFO - DAG(s) 'example_display_name' retrieved from /home/airflow/.local/lib/python3.12/site-packages/airflow/example_dags/example_display_name.py
[2025-12-27T14:22:43.499+0000] {logging_mixin.py:188} INFO - [2025-12-27T14:22:43.498+0000] {dag.py:3096} INFO - Sync 1 DAGs
[2025-12-27T14:22:43.618+0000] {logging_mixin.py:188} INFO - [2025-12-27T14:22:43.617+0000] {dag.py:3954} INFO - Setting next_dagrun for example_display_name to None, run_after=None
[2025-12-27T14:22:43.753+0000] {processor.py:183} INFO - Processing /home/airflow/.local/lib/python3.12/site-packages/airflow/example_dags/example_display_name.py took 0.499 seconds
[2025-12-27T14:23:42.108+0000] {processor.py:161} INFO - Started process (PID=871) to work on /home/airflow/.local/lib/python3.12/site-packages/airflow/example_dags/example_display_name.py
[2025-12-27T14:23:42.113+0000] {processor.py:830} INFO - Processing file /home/airflow/.local/lib/python3.12/site-packages/airflow/example_dags/example_display_name.py for tasks to queue
[2025-12-27T14:23:42.130+0000] {logging_mixin.py:188} INFO - [2025-12-27T14:23:42.128+0000] {dagbag.py:540} INFO - Filling up the DagBag from /home/airflow/.local/lib/python3.12/site-packages/airflow/example_dags/example_display_name.py
[2025-12-27T14:23:42.191+0000] {processor.py:840} INFO - DAG(s) 'example_display_name' retrieved from /home/airflow/.local/lib/python3.12/site-packages/airflow/example_dags/example_display_name.py
[2025-12-27T14:23:42.377+0000] {logging_mixin.py:188} INFO - [2025-12-27T14:23:42.376+0000] {dag.py:3096} INFO - Sync 1 DAGs
[2025-12-27T14:23:42.499+0000] {logging_mixin.py:188} INFO - [2025-12-27T14:23:42.498+0000] {dag.py:3954} INFO - Setting next_dagrun for example_display_name to None, run_after=None
[2025-12-27T14:23:42.634+0000] {processor.py:183} INFO - Processing /home/airflow/.local/lib/python3.12/site-packages/airflow/example_dags/example_display_name.py took 0.581 seconds
[2025-12-27T14:24:21.187+0000] {processor.py:161} INFO - Started process (PID=919) to work on /home/airflow/.local/lib/python3.12/site-packages/airflow/example_dags/example_display_name.py
[2025-12-27T14:24:21.192+0000] {processor.py:830} INFO - Processing file /home/airflow/.local/lib/python3.12/site-packages/airflow/example_dags/example_display_name.py for tasks to queue
[2025-12-27T14:24:21.197+0000] {logging_mixin.py:188} INFO - [2025-12-27T14:24:21.195+0000] {dagbag.py:540} INFO - Filling up the DagBag from /home/airflow/.local/lib/python3.12/site-packages/airflow/example_dags/example_display_name.py
[2025-12-27T14:24:21.227+0000] {processor.py:840} INFO - DAG(s) 'example_display_name' retrieved from /home/airflow/.local/lib/python3.12/site-packages/airflow/example_dags/example_display_name.py
[2025-12-27T14:24:21.309+0000] {logging_mixin.py:188} INFO - [2025-12-27T14:24:21.309+0000] {dag.py:3096} INFO - Sync 1 DAGs
[2025-12-27T14:24:21.365+0000] {logging_mixin.py:188} INFO - [2025-12-27T14:24:21.364+0000] {dag.py:3954} INFO - Setting next_dagrun for example_display_name to None, run_after=None
[2025-12-27T14:24:21.454+0000] {processor.py:183} INFO - Processing /home/airflow/.local/lib/python3.12/site-packages/airflow/example_dags/example_display_name.py took 0.296 seconds
[2025-12-27T14:24:51.706+0000] {processor.py:161} INFO - Started process (PID=975) to work on /home/airflow/.local/lib/python3.12/site-packages/airflow/example_dags/example_display_name.py
[2025-12-27T14:24:51.711+0000] {processor.py:830} INFO - Processing file /home/airflow/.local/lib/python3.12/site-packages/airflow/example_dags/example_display_name.py for tasks to queue
[2025-12-27T14:24:51.713+0000] {logging_mixin.py:188} INFO - [2025-12-27T14:24:51.712+0000] {dagbag.py:540} INFO - Filling up the DagBag from /home/airflow/.local/lib/python3.12/site-packages/airflow/example_dags/example_display_name.py
[2025-12-27T14:24:51.732+0000] {processor.py:840} INFO - DAG(s) 'example_display_name' retrieved from /home/airflow/.local/lib/python3.12/site-packages/airflow/example_dags/example_display_name.py
[2025-12-27T14:24:51.816+0000] {logging_mixin.py:188} INFO - [2025-12-27T14:24:51.814+0000] {dag.py:3096} INFO - Sync 1 DAGs
[2025-12-27T14:24:51.895+0000] {logging_mixin.py:188} INFO - [2025-12-27T14:24:51.894+0000] {dag.py:3954} INFO - Setting next_dagrun for example_display_name to None, run_after=None
[2025-12-27T14:24:51.994+0000] {processor.py:183} INFO - Processing /home/airflow/.local/lib/python3.12/site-packages/airflow/example_dags/example_display_name.py took 0.310 seconds
[2025-12-27T14:25:28.768+0000] {processor.py:161} INFO - Started process (PID=1033) to work on /home/airflow/.local/lib/python3.12/site-packages/airflow/example_dags/example_display_name.py
[2025-12-27T14:25:28.787+0000] {processor.py:830} INFO - Processing file /home/airflow/.local/lib/python3.12/site-packages/airflow/example_dags/example_display_name.py for tasks to queue
[2025-12-27T14:25:28.799+0000] {logging_mixin.py:188} INFO - [2025-12-27T14:25:28.790+0000] {dagbag.py:540} INFO - Filling up the DagBag from /home/airflow/.local/lib/python3.12/site-packages/airflow/example_dags/example_display_name.py
[2025-12-27T14:25:28.888+0000] {processor.py:840} INFO - DAG(s) 'example_display_name' retrieved from /home/airflow/.local/lib/python3.12/site-packages/airflow/example_dags/example_display_name.py
[2025-12-27T14:25:29.086+0000] {logging_mixin.py:188} INFO - [2025-12-27T14:25:29.085+0000] {dag.py:3096} INFO - Sync 1 DAGs
[2025-12-27T14:25:29.199+0000] {logging_mixin.py:188} INFO - [2025-12-27T14:25:29.198+0000] {dag.py:3954} INFO - Setting next_dagrun for example_display_name to None, run_after=None
[2025-12-27T14:25:29.376+0000] {processor.py:183} INFO - Processing /home/airflow/.local/lib/python3.12/site-packages/airflow/example_dags/example_display_name.py took 0.668 seconds
[2025-12-27T14:26:21.797+0000] {processor.py:161} INFO - Started process (PID=1065) to work on /home/airflow/.local/lib/python3.12/site-packages/airflow/example_dags/example_display_name.py
[2025-12-27T14:26:21.801+0000] {processor.py:830} INFO - Processing file /home/airflow/.local/lib/python3.12/site-packages/airflow/example_dags/example_display_name.py for tasks to queue
[2025-12-27T14:26:21.805+0000] {logging_mixin.py:188} INFO - [2025-12-27T14:26:21.804+0000] {dagbag.py:540} INFO - Filling up the DagBag from /home/airflow/.local/lib/python3.12/site-packages/airflow/example_dags/example_display_name.py
[2025-12-27T14:26:21.831+0000] {processor.py:840} INFO - DAG(s) 'example_display_name' retrieved from /home/airflow/.local/lib/python3.12/site-packages/airflow/example_dags/example_display_name.py
[2025-12-27T14:26:21.925+0000] {logging_mixin.py:188} INFO - [2025-12-27T14:26:21.924+0000] {dag.py:3096} INFO - Sync 1 DAGs
[2025-12-27T14:26:21.986+0000] {logging_mixin.py:188} INFO - [2025-12-27T14:26:21.985+0000] {dag.py:3954} INFO - Setting next_dagrun for example_display_name to None, run_after=None
[2025-12-27T14:26:22.074+0000] {processor.py:183} INFO - Processing /home/airflow/.local/lib/python3.12/site-packages/airflow/example_dags/example_display_name.py took 0.299 seconds
[2025-12-27T14:27:03.253+0000] {processor.py:161} INFO - Started process (PID=1121) to work on /home/airflow/.local/lib/python3.12/site-packages/airflow/example_dags/example_display_name.py
[2025-12-27T14:27:03.263+0000] {processor.py:830} INFO - Processing file /home/airflow/.local/lib/python3.12/site-packages/airflow/example_dags/example_display_name.py for tasks to queue
[2025-12-27T14:27:03.268+0000] {logging_mixin.py:188} INFO - [2025-12-27T14:27:03.266+0000] {dagbag.py:540} INFO - Filling up the DagBag from /home/airflow/.local/lib/python3.12/site-packages/airflow/example_dags/example_display_name.py
[2025-12-27T14:27:03.329+0000] {processor.py:840} INFO - DAG(s) 'example_display_name' retrieved from /home/airflow/.local/lib/python3.12/site-packages/airflow/example_dags/example_display_name.py
[2025-12-27T14:27:03.497+0000] {logging_mixin.py:188} INFO - [2025-12-27T14:27:03.496+0000] {dag.py:3096} INFO - Sync 1 DAGs
[2025-12-27T14:27:04.858+0000] {logging_mixin.py:188} INFO - [2025-12-27T14:27:04.857+0000] {dag.py:3954} INFO - Setting next_dagrun for example_display_name to None, run_after=None
[2025-12-27T14:27:04.985+0000] {processor.py:183} INFO - Processing /home/airflow/.local/lib/python3.12/site-packages/airflow/example_dags/example_display_name.py took 1.778 seconds
[2025-12-27T14:27:51.287+0000] {processor.py:161} INFO - Started process (PID=1184) to work on /home/airflow/.local/lib/python3.12/site-packages/airflow/example_dags/example_display_name.py
[2025-12-27T14:27:51.291+0000] {processor.py:830} INFO - Processing file /home/airflow/.local/lib/python3.12/site-packages/airflow/example_dags/example_display_name.py for tasks to queue
[2025-12-27T14:27:51.294+0000] {logging_mixin.py:188} INFO - [2025-12-27T14:27:51.293+0000] {dagbag.py:540} INFO - Filling up the DagBag from /home/airflow/.local/lib/python3.12/site-packages/airflow/example_dags/example_display_name.py
[2025-12-27T14:27:51.317+0000] {processor.py:840} INFO - DAG(s) 'example_display_name' retrieved from /home/airflow/.local/lib/python3.12/site-packages/airflow/example_dags/example_display_name.py
[2025-12-27T14:27:51.423+0000] {logging_mixin.py:188} INFO - [2025-12-27T14:27:51.422+0000] {dag.py:3096} INFO - Sync 1 DAGs
[2025-12-27T14:27:51.481+0000] {logging_mixin.py:188} INFO - [2025-12-27T14:27:51.481+0000] {dag.py:3954} INFO - Setting next_dagrun for example_display_name to None, run_after=None
[2025-12-27T14:27:51.572+0000] {processor.py:183} INFO - Processing /home/airflow/.local/lib/python3.12/site-packages/airflow/example_dags/example_display_name.py took 0.306 seconds
[2025-12-27T14:28:22.227+0000] {processor.py:161} INFO - Started process (PID=1242) to work on /home/airflow/.local/lib/python3.12/site-packages/airflow/example_dags/example_display_name.py
[2025-12-27T14:28:22.230+0000] {processor.py:830} INFO - Processing file /home/airflow/.local/lib/python3.12/site-packages/airflow/example_dags/example_display_name.py for tasks to queue
[2025-12-27T14:28:22.233+0000] {logging_mixin.py:188} INFO - [2025-12-27T14:28:22.232+0000] {dagbag.py:540} INFO - Filling up the DagBag from /home/airflow/.local/lib/python3.12/site-packages/airflow/example_dags/example_display_name.py
[2025-12-27T14:28:22.250+0000] {processor.py:840} INFO - DAG(s) 'example_display_name' retrieved from /home/airflow/.local/lib/python3.12/site-packages/airflow/example_dags/example_display_name.py
[2025-12-27T14:28:22.332+0000] {logging_mixin.py:188} INFO - [2025-12-27T14:28:22.332+0000] {dag.py:3096} INFO - Sync 1 DAGs
[2025-12-27T14:28:22.377+0000] {logging_mixin.py:188} INFO - [2025-12-27T14:28:22.376+0000] {dag.py:3954} INFO - Setting next_dagrun for example_display_name to None, run_after=None
[2025-12-27T14:28:22.445+0000] {processor.py:183} INFO - Processing /home/airflow/.local/lib/python3.12/site-packages/airflow/example_dags/example_display_name.py took 0.238 seconds
[2025-12-27T14:28:53.620+0000] {processor.py:161} INFO - Started process (PID=1300) to work on /home/airflow/.local/lib/python3.12/site-packages/airflow/example_dags/example_display_name.py
[2025-12-27T14:28:53.624+0000] {processor.py:830} INFO - Processing file /home/airflow/.local/lib/python3.12/site-packages/airflow/example_dags/example_display_name.py for tasks to queue
[2025-12-27T14:28:53.627+0000] {logging_mixin.py:188} INFO - [2025-12-27T14:28:53.626+0000] {dagbag.py:540} INFO - Filling up the DagBag from /home/airflow/.local/lib/python3.12/site-packages/airflow/example_dags/example_display_name.py
[2025-12-27T14:28:53.648+0000] {processor.py:840} INFO - DAG(s) 'example_display_name' retrieved from /home/airflow/.local/lib/python3.12/site-packages/airflow/example_dags/example_display_name.py
[2025-12-27T14:28:53.721+0000] {logging_mixin.py:188} INFO - [2025-12-27T14:28:53.720+0000] {dag.py:3096} INFO - Sync 1 DAGs
[2025-12-27T14:28:53.770+0000] {logging_mixin.py:188} INFO - [2025-12-27T14:28:53.770+0000] {dag.py:3954} INFO - Setting next_dagrun for example_display_name to None, run_after=None
[2025-12-27T14:28:53.860+0000] {processor.py:183} INFO - Processing /home/airflow/.local/lib/python3.12/site-packages/airflow/example_dags/example_display_name.py took 0.265 seconds
[2025-12-27T14:29:27.028+0000] {processor.py:161} INFO - Started process (PID=1358) to work on /home/airflow/.local/lib/python3.12/site-packages/airflow/example_dags/example_display_name.py
[2025-12-27T14:29:27.032+0000] {processor.py:830} INFO - Processing file /home/airflow/.local/lib/python3.12/site-packages/airflow/example_dags/example_display_name.py for tasks to queue
[2025-12-27T14:29:27.037+0000] {logging_mixin.py:188} INFO - [2025-12-27T14:29:27.035+0000] {dagbag.py:540} INFO - Filling up the DagBag from /home/airflow/.local/lib/python3.12/site-packages/airflow/example_dags/example_display_name.py
[2025-12-27T14:29:27.057+0000] {processor.py:840} INFO - DAG(s) 'example_display_name' retrieved from /home/airflow/.local/lib/python3.12/site-packages/airflow/example_dags/example_display_name.py
[2025-12-27T14:29:27.131+0000] {logging_mixin.py:188} INFO - [2025-12-27T14:29:27.130+0000] {dag.py:3096} INFO - Sync 1 DAGs
[2025-12-27T14:29:27.224+0000] {logging_mixin.py:188} INFO - [2025-12-27T14:29:27.223+0000] {dag.py:3954} INFO - Setting next_dagrun for example_display_name to None, run_after=None
[2025-12-27T14:29:27.396+0000] {processor.py:183} INFO - Processing /home/airflow/.local/lib/python3.12/site-packages/airflow/example_dags/example_display_name.py took 0.394 seconds
[2025-12-27T14:30:01.665+0000] {processor.py:161} INFO - Started process (PID=1408) to work on /home/airflow/.local/lib/python3.12/site-packages/airflow/example_dags/example_display_name.py
[2025-12-27T14:30:01.709+0000] {processor.py:830} INFO - Processing file /home/airflow/.local/lib/python3.12/site-packages/airflow/example_dags/example_display_name.py for tasks to queue
[2025-12-27T14:30:01.711+0000] {logging_mixin.py:188} INFO - [2025-12-27T14:30:01.711+0000] {dagbag.py:540} INFO - Filling up the DagBag from /home/airflow/.local/lib/python3.12/site-packages/airflow/example_dags/example_display_name.py
[2025-12-27T14:30:01.729+0000] {processor.py:840} INFO - DAG(s) 'example_display_name' retrieved from /home/airflow/.local/lib/python3.12/site-packages/airflow/example_dags/example_display_name.py
[2025-12-27T14:30:01.786+0000] {logging_mixin.py:188} INFO - [2025-12-27T14:30:01.785+0000] {dag.py:3096} INFO - Sync 1 DAGs
[2025-12-27T14:30:01.819+0000] {logging_mixin.py:188} INFO - [2025-12-27T14:30:01.819+0000] {dag.py:3954} INFO - Setting next_dagrun for example_display_name to None, run_after=None
[2025-12-27T14:30:01.990+0000] {processor.py:183} INFO - Processing /home/airflow/.local/lib/python3.12/site-packages/airflow/example_dags/example_display_name.py took 0.348 seconds
[2025-12-27T14:30:32.306+0000] {processor.py:161} INFO - Started process (PID=1465) to work on /home/airflow/.local/lib/python3.12/site-packages/airflow/example_dags/example_display_name.py
[2025-12-27T14:30:32.310+0000] {processor.py:830} INFO - Processing file /home/airflow/.local/lib/python3.12/site-packages/airflow/example_dags/example_display_name.py for tasks to queue
[2025-12-27T14:30:32.314+0000] {logging_mixin.py:188} INFO - [2025-12-27T14:30:32.312+0000] {dagbag.py:540} INFO - Filling up the DagBag from /home/airflow/.local/lib/python3.12/site-packages/airflow/example_dags/example_display_name.py
[2025-12-27T14:30:32.340+0000] {processor.py:840} INFO - DAG(s) 'example_display_name' retrieved from /home/airflow/.local/lib/python3.12/site-packages/airflow/example_dags/example_display_name.py
[2025-12-27T14:30:32.422+0000] {logging_mixin.py:188} INFO - [2025-12-27T14:30:32.422+0000] {dag.py:3096} INFO - Sync 1 DAGs
[2025-12-27T14:30:32.457+0000] {logging_mixin.py:188} INFO - [2025-12-27T14:30:32.457+0000] {dag.py:3954} INFO - Setting next_dagrun for example_display_name to None, run_after=None
[2025-12-27T14:30:32.513+0000] {processor.py:183} INFO - Processing /home/airflow/.local/lib/python3.12/site-packages/airflow/example_dags/example_display_name.py took 0.234 seconds
[2025-12-27T14:31:02.972+0000] {processor.py:161} INFO - Started process (PID=1523) to work on /home/airflow/.local/lib/python3.12/site-packages/airflow/example_dags/example_display_name.py
[2025-12-27T14:31:02.976+0000] {processor.py:830} INFO - Processing file /home/airflow/.local/lib/python3.12/site-packages/airflow/example_dags/example_display_name.py for tasks to queue
[2025-12-27T14:31:02.986+0000] {logging_mixin.py:188} INFO - [2025-12-27T14:31:02.979+0000] {dagbag.py:540} INFO - Filling up the DagBag from /home/airflow/.local/lib/python3.12/site-packages/airflow/example_dags/example_display_name.py
[2025-12-27T14:31:03.017+0000] {processor.py:840} INFO - DAG(s) 'example_display_name' retrieved from /home/airflow/.local/lib/python3.12/site-packages/airflow/example_dags/example_display_name.py
[2025-12-27T14:31:03.091+0000] {logging_mixin.py:188} INFO - [2025-12-27T14:31:03.091+0000] {dag.py:3096} INFO - Sync 1 DAGs
[2025-12-27T14:31:03.127+0000] {logging_mixin.py:188} INFO - [2025-12-27T14:31:03.127+0000] {dag.py:3954} INFO - Setting next_dagrun for example_display_name to None, run_after=None
[2025-12-27T14:31:03.193+0000] {processor.py:183} INFO - Processing /home/airflow/.local/lib/python3.12/site-packages/airflow/example_dags/example_display_name.py took 0.237 seconds
[2025-12-27T14:31:33.610+0000] {processor.py:161} INFO - Started process (PID=1581) to work on /home/airflow/.local/lib/python3.12/site-packages/airflow/example_dags/example_display_name.py
[2025-12-27T14:31:33.613+0000] {processor.py:830} INFO - Processing file /home/airflow/.local/lib/python3.12/site-packages/airflow/example_dags/example_display_name.py for tasks to queue
[2025-12-27T14:31:33.616+0000] {logging_mixin.py:188} INFO - [2025-12-27T14:31:33.615+0000] {dagbag.py:540} INFO - Filling up the DagBag from /home/airflow/.local/lib/python3.12/site-packages/airflow/example_dags/example_display_name.py
[2025-12-27T14:31:33.635+0000] {processor.py:840} INFO - DAG(s) 'example_display_name' retrieved from /home/airflow/.local/lib/python3.12/site-packages/airflow/example_dags/example_display_name.py
[2025-12-27T14:31:33.704+0000] {logging_mixin.py:188} INFO - [2025-12-27T14:31:33.703+0000] {dag.py:3096} INFO - Sync 1 DAGs
[2025-12-27T14:31:33.746+0000] {logging_mixin.py:188} INFO - [2025-12-27T14:31:33.746+0000] {dag.py:3954} INFO - Setting next_dagrun for example_display_name to None, run_after=None
[2025-12-27T14:31:33.811+0000] {processor.py:183} INFO - Processing /home/airflow/.local/lib/python3.12/site-packages/airflow/example_dags/example_display_name.py took 0.217 seconds
[2025-12-27T14:32:04.646+0000] {processor.py:161} INFO - Started process (PID=1639) to work on /home/airflow/.local/lib/python3.12/site-packages/airflow/example_dags/example_display_name.py
[2025-12-27T14:32:04.652+0000] {processor.py:830} INFO - Processing file /home/airflow/.local/lib/python3.12/site-packages/airflow/example_dags/example_display_name.py for tasks to queue
[2025-12-27T14:32:04.657+0000] {logging_mixin.py:188} INFO - [2025-12-27T14:32:04.656+0000] {dagbag.py:540} INFO - Filling up the DagBag from /home/airflow/.local/lib/python3.12/site-packages/airflow/example_dags/example_display_name.py
[2025-12-27T14:32:04.681+0000] {processor.py:840} INFO - DAG(s) 'example_display_name' retrieved from /home/airflow/.local/lib/python3.12/site-packages/airflow/example_dags/example_display_name.py
[2025-12-27T14:32:04.773+0000] {logging_mixin.py:188} INFO - [2025-12-27T14:32:04.772+0000] {dag.py:3096} INFO - Sync 1 DAGs
[2025-12-27T14:32:04.814+0000] {logging_mixin.py:188} INFO - [2025-12-27T14:32:04.814+0000] {dag.py:3954} INFO - Setting next_dagrun for example_display_name to None, run_after=None
[2025-12-27T14:32:04.867+0000] {processor.py:183} INFO - Processing /home/airflow/.local/lib/python3.12/site-packages/airflow/example_dags/example_display_name.py took 0.291 seconds
[2025-12-27T14:32:35.440+0000] {processor.py:161} INFO - Started process (PID=1697) to work on /home/airflow/.local/lib/python3.12/site-packages/airflow/example_dags/example_display_name.py
[2025-12-27T14:32:35.442+0000] {processor.py:830} INFO - Processing file /home/airflow/.local/lib/python3.12/site-packages/airflow/example_dags/example_display_name.py for tasks to queue
[2025-12-27T14:32:35.444+0000] {logging_mixin.py:188} INFO - [2025-12-27T14:32:35.444+0000] {dagbag.py:540} INFO - Filling up the DagBag from /home/airflow/.local/lib/python3.12/site-packages/airflow/example_dags/example_display_name.py
[2025-12-27T14:32:35.460+0000] {processor.py:840} INFO - DAG(s) 'example_display_name' retrieved from /home/airflow/.local/lib/python3.12/site-packages/airflow/example_dags/example_display_name.py
[2025-12-27T14:32:35.525+0000] {logging_mixin.py:188} INFO - [2025-12-27T14:32:35.525+0000] {dag.py:3096} INFO - Sync 1 DAGs
[2025-12-27T14:32:35.569+0000] {logging_mixin.py:188} INFO - [2025-12-27T14:32:35.568+0000] {dag.py:3954} INFO - Setting next_dagrun for example_display_name to None, run_after=None
[2025-12-27T14:32:35.633+0000] {processor.py:183} INFO - Processing /home/airflow/.local/lib/python3.12/site-packages/airflow/example_dags/example_display_name.py took 0.209 seconds
[2025-12-27T14:33:06.161+0000] {processor.py:161} INFO - Started process (PID=1756) to work on /home/airflow/.local/lib/python3.12/site-packages/airflow/example_dags/example_display_name.py
[2025-12-27T14:33:06.164+0000] {processor.py:830} INFO - Processing file /home/airflow/.local/lib/python3.12/site-packages/airflow/example_dags/example_display_name.py for tasks to queue
[2025-12-27T14:33:06.166+0000] {logging_mixin.py:188} INFO - [2025-12-27T14:33:06.165+0000] {dagbag.py:540} INFO - Filling up the DagBag from /home/airflow/.local/lib/python3.12/site-packages/airflow/example_dags/example_display_name.py
[2025-12-27T14:33:06.181+0000] {processor.py:840} INFO - DAG(s) 'example_display_name' retrieved from /home/airflow/.local/lib/python3.12/site-packages/airflow/example_dags/example_display_name.py
[2025-12-27T14:33:06.232+0000] {logging_mixin.py:188} INFO - [2025-12-27T14:33:06.231+0000] {dag.py:3096} INFO - Sync 1 DAGs
[2025-12-27T14:33:06.265+0000] {logging_mixin.py:188} INFO - [2025-12-27T14:33:06.264+0000] {dag.py:3954} INFO - Setting next_dagrun for example_display_name to None, run_after=None
[2025-12-27T14:33:06.315+0000] {processor.py:183} INFO - Processing /home/airflow/.local/lib/python3.12/site-packages/airflow/example_dags/example_display_name.py took 0.169 seconds
[2025-12-27T14:33:37.365+0000] {processor.py:161} INFO - Started process (PID=1814) to work on /home/airflow/.local/lib/python3.12/site-packages/airflow/example_dags/example_display_name.py
[2025-12-27T14:33:37.368+0000] {processor.py:830} INFO - Processing file /home/airflow/.local/lib/python3.12/site-packages/airflow/example_dags/example_display_name.py for tasks to queue
[2025-12-27T14:33:37.370+0000] {logging_mixin.py:188} INFO - [2025-12-27T14:33:37.369+0000] {dagbag.py:540} INFO - Filling up the DagBag from /home/airflow/.local/lib/python3.12/site-packages/airflow/example_dags/example_display_name.py
[2025-12-27T14:33:37.386+0000] {processor.py:840} INFO - DAG(s) 'example_display_name' retrieved from /home/airflow/.local/lib/python3.12/site-packages/airflow/example_dags/example_display_name.py
[2025-12-27T14:33:37.440+0000] {logging_mixin.py:188} INFO - [2025-12-27T14:33:37.439+0000] {dag.py:3096} INFO - Sync 1 DAGs
[2025-12-27T14:33:37.474+0000] {logging_mixin.py:188} INFO - [2025-12-27T14:33:37.473+0000] {dag.py:3954} INFO - Setting next_dagrun for example_display_name to None, run_after=None
[2025-12-27T14:33:37.527+0000] {processor.py:183} INFO - Processing /home/airflow/.local/lib/python3.12/site-packages/airflow/example_dags/example_display_name.py took 0.178 seconds
[2025-12-27T14:34:08.320+0000] {processor.py:161} INFO - Started process (PID=1872) to work on /home/airflow/.local/lib/python3.12/site-packages/airflow/example_dags/example_display_name.py
[2025-12-27T14:34:08.323+0000] {processor.py:830} INFO - Processing file /home/airflow/.local/lib/python3.12/site-packages/airflow/example_dags/example_display_name.py for tasks to queue
[2025-12-27T14:34:08.327+0000] {logging_mixin.py:188} INFO - [2025-12-27T14:34:08.326+0000] {dagbag.py:540} INFO - Filling up the DagBag from /home/airflow/.local/lib/python3.12/site-packages/airflow/example_dags/example_display_name.py
[2025-12-27T14:34:08.344+0000] {processor.py:840} INFO - DAG(s) 'example_display_name' retrieved from /home/airflow/.local/lib/python3.12/site-packages/airflow/example_dags/example_display_name.py
[2025-12-27T14:34:08.398+0000] {logging_mixin.py:188} INFO - [2025-12-27T14:34:08.398+0000] {dag.py:3096} INFO - Sync 1 DAGs
[2025-12-27T14:34:08.432+0000] {logging_mixin.py:188} INFO - [2025-12-27T14:34:08.431+0000] {dag.py:3954} INFO - Setting next_dagrun for example_display_name to None, run_after=None
[2025-12-27T14:34:08.483+0000] {processor.py:183} INFO - Processing /home/airflow/.local/lib/python3.12/site-packages/airflow/example_dags/example_display_name.py took 0.182 seconds
[2025-12-27T14:34:39.779+0000] {processor.py:161} INFO - Started process (PID=1930) to work on /home/airflow/.local/lib/python3.12/site-packages/airflow/example_dags/example_display_name.py
[2025-12-27T14:34:39.792+0000] {processor.py:830} INFO - Processing file /home/airflow/.local/lib/python3.12/site-packages/airflow/example_dags/example_display_name.py for tasks to queue
[2025-12-27T14:34:39.796+0000] {logging_mixin.py:188} INFO - [2025-12-27T14:34:39.795+0000] {dagbag.py:540} INFO - Filling up the DagBag from /home/airflow/.local/lib/python3.12/site-packages/airflow/example_dags/example_display_name.py
[2025-12-27T14:34:39.838+0000] {processor.py:840} INFO - DAG(s) 'example_display_name' retrieved from /home/airflow/.local/lib/python3.12/site-packages/airflow/example_dags/example_display_name.py
[2025-12-27T14:34:39.999+0000] {logging_mixin.py:188} INFO - [2025-12-27T14:34:39.996+0000] {dag.py:3096} INFO - Sync 1 DAGs
[2025-12-27T14:34:40.076+0000] {logging_mixin.py:188} INFO - [2025-12-27T14:34:40.076+0000] {dag.py:3954} INFO - Setting next_dagrun for example_display_name to None, run_after=None
[2025-12-27T14:34:40.198+0000] {processor.py:183} INFO - Processing /home/airflow/.local/lib/python3.12/site-packages/airflow/example_dags/example_display_name.py took 0.457 seconds
[2025-12-27T14:35:10.659+0000] {processor.py:161} INFO - Started process (PID=1989) to work on /home/airflow/.local/lib/python3.12/site-packages/airflow/example_dags/example_display_name.py
[2025-12-27T14:35:10.663+0000] {processor.py:830} INFO - Processing file /home/airflow/.local/lib/python3.12/site-packages/airflow/example_dags/example_display_name.py for tasks to queue
[2025-12-27T14:35:10.665+0000] {logging_mixin.py:188} INFO - [2025-12-27T14:35:10.664+0000] {dagbag.py:540} INFO - Filling up the DagBag from /home/airflow/.local/lib/python3.12/site-packages/airflow/example_dags/example_display_name.py
[2025-12-27T14:35:10.684+0000] {processor.py:840} INFO - DAG(s) 'example_display_name' retrieved from /home/airflow/.local/lib/python3.12/site-packages/airflow/example_dags/example_display_name.py
[2025-12-27T14:35:10.738+0000] {logging_mixin.py:188} INFO - [2025-12-27T14:35:10.737+0000] {dag.py:3096} INFO - Sync 1 DAGs
[2025-12-27T14:35:10.775+0000] {logging_mixin.py:188} INFO - [2025-12-27T14:35:10.774+0000] {dag.py:3954} INFO - Setting next_dagrun for example_display_name to None, run_after=None
[2025-12-27T14:35:10.850+0000] {processor.py:183} INFO - Processing /home/airflow/.local/lib/python3.12/site-packages/airflow/example_dags/example_display_name.py took 0.207 seconds
[2025-12-27T14:35:41.721+0000] {processor.py:161} INFO - Started process (PID=2047) to work on /home/airflow/.local/lib/python3.12/site-packages/airflow/example_dags/example_display_name.py
[2025-12-27T14:35:41.725+0000] {processor.py:830} INFO - Processing file /home/airflow/.local/lib/python3.12/site-packages/airflow/example_dags/example_display_name.py for tasks to queue
[2025-12-27T14:35:41.728+0000] {logging_mixin.py:188} INFO - [2025-12-27T14:35:41.727+0000] {dagbag.py:540} INFO - Filling up the DagBag from /home/airflow/.local/lib/python3.12/site-packages/airflow/example_dags/example_display_name.py
[2025-12-27T14:35:41.749+0000] {processor.py:840} INFO - DAG(s) 'example_display_name' retrieved from /home/airflow/.local/lib/python3.12/site-packages/airflow/example_dags/example_display_name.py
[2025-12-27T14:35:41.815+0000] {logging_mixin.py:188} INFO - [2025-12-27T14:35:41.814+0000] {dag.py:3096} INFO - Sync 1 DAGs
[2025-12-27T14:35:41.881+0000] {logging_mixin.py:188} INFO - [2025-12-27T14:35:41.880+0000] {dag.py:3954} INFO - Setting next_dagrun for example_display_name to None, run_after=None
[2025-12-27T14:35:41.987+0000] {processor.py:183} INFO - Processing /home/airflow/.local/lib/python3.12/site-packages/airflow/example_dags/example_display_name.py took 0.289 seconds
[2025-12-27T14:36:24.690+0000] {processor.py:161} INFO - Started process (PID=2105) to work on /home/airflow/.local/lib/python3.12/site-packages/airflow/example_dags/example_display_name.py
[2025-12-27T14:36:24.696+0000] {processor.py:830} INFO - Processing file /home/airflow/.local/lib/python3.12/site-packages/airflow/example_dags/example_display_name.py for tasks to queue
[2025-12-27T14:36:24.700+0000] {logging_mixin.py:188} INFO - [2025-12-27T14:36:24.699+0000] {dagbag.py:540} INFO - Filling up the DagBag from /home/airflow/.local/lib/python3.12/site-packages/airflow/example_dags/example_display_name.py
[2025-12-27T14:36:24.747+0000] {processor.py:840} INFO - DAG(s) 'example_display_name' retrieved from /home/airflow/.local/lib/python3.12/site-packages/airflow/example_dags/example_display_name.py
[2025-12-27T14:36:24.942+0000] {logging_mixin.py:188} INFO - [2025-12-27T14:36:24.942+0000] {dag.py:3096} INFO - Sync 1 DAGs
[2025-12-27T14:36:25.066+0000] {logging_mixin.py:188} INFO - [2025-12-27T14:36:25.065+0000] {dag.py:3954} INFO - Setting next_dagrun for example_display_name to None, run_after=None
[2025-12-27T14:36:25.241+0000] {processor.py:183} INFO - Processing /home/airflow/.local/lib/python3.12/site-packages/airflow/example_dags/example_display_name.py took 0.589 seconds
[2025-12-27T14:36:55.572+0000] {processor.py:161} INFO - Started process (PID=2161) to work on /home/airflow/.local/lib/python3.12/site-packages/airflow/example_dags/example_display_name.py
[2025-12-27T14:36:55.577+0000] {processor.py:830} INFO - Processing file /home/airflow/.local/lib/python3.12/site-packages/airflow/example_dags/example_display_name.py for tasks to queue
[2025-12-27T14:36:55.583+0000] {logging_mixin.py:188} INFO - [2025-12-27T14:36:55.581+0000] {dagbag.py:540} INFO - Filling up the DagBag from /home/airflow/.local/lib/python3.12/site-packages/airflow/example_dags/example_display_name.py
[2025-12-27T14:36:55.611+0000] {processor.py:840} INFO - DAG(s) 'example_display_name' retrieved from /home/airflow/.local/lib/python3.12/site-packages/airflow/example_dags/example_display_name.py
[2025-12-27T14:36:55.697+0000] {logging_mixin.py:188} INFO - [2025-12-27T14:36:55.696+0000] {dag.py:3096} INFO - Sync 1 DAGs
[2025-12-27T14:36:55.742+0000] {logging_mixin.py:188} INFO - [2025-12-27T14:36:55.742+0000] {dag.py:3954} INFO - Setting next_dagrun for example_display_name to None, run_after=None
[2025-12-27T14:36:55.827+0000] {processor.py:183} INFO - Processing /home/airflow/.local/lib/python3.12/site-packages/airflow/example_dags/example_display_name.py took 0.283 seconds
[2025-12-27T14:37:27.804+0000] {processor.py:161} INFO - Started process (PID=2220) to work on /home/airflow/.local/lib/python3.12/site-packages/airflow/example_dags/example_display_name.py
[2025-12-27T14:37:27.820+0000] {processor.py:830} INFO - Processing file /home/airflow/.local/lib/python3.12/site-packages/airflow/example_dags/example_display_name.py for tasks to queue
[2025-12-27T14:37:27.832+0000] {logging_mixin.py:188} INFO - [2025-12-27T14:37:27.824+0000] {dagbag.py:540} INFO - Filling up the DagBag from /home/airflow/.local/lib/python3.12/site-packages/airflow/example_dags/example_display_name.py
[2025-12-27T14:37:27.891+0000] {processor.py:840} INFO - DAG(s) 'example_display_name' retrieved from /home/airflow/.local/lib/python3.12/site-packages/airflow/example_dags/example_display_name.py
[2025-12-27T14:37:28.066+0000] {logging_mixin.py:188} INFO - [2025-12-27T14:37:28.065+0000] {dag.py:3096} INFO - Sync 1 DAGs
[2025-12-27T14:37:28.133+0000] {logging_mixin.py:188} INFO - [2025-12-27T14:37:28.133+0000] {dag.py:3954} INFO - Setting next_dagrun for example_display_name to None, run_after=None
[2025-12-27T14:37:28.228+0000] {processor.py:183} INFO - Processing /home/airflow/.local/lib/python3.12/site-packages/airflow/example_dags/example_display_name.py took 0.473 seconds
[2025-12-27T14:37:58.549+0000] {processor.py:161} INFO - Started process (PID=2278) to work on /home/airflow/.local/lib/python3.12/site-packages/airflow/example_dags/example_display_name.py
[2025-12-27T14:37:58.554+0000] {processor.py:830} INFO - Processing file /home/airflow/.local/lib/python3.12/site-packages/airflow/example_dags/example_display_name.py for tasks to queue
[2025-12-27T14:37:58.558+0000] {logging_mixin.py:188} INFO - [2025-12-27T14:37:58.557+0000] {dagbag.py:540} INFO - Filling up the DagBag from /home/airflow/.local/lib/python3.12/site-packages/airflow/example_dags/example_display_name.py
[2025-12-27T14:37:58.588+0000] {processor.py:840} INFO - DAG(s) 'example_display_name' retrieved from /home/airflow/.local/lib/python3.12/site-packages/airflow/example_dags/example_display_name.py
[2025-12-27T14:37:58.686+0000] {logging_mixin.py:188} INFO - [2025-12-27T14:37:58.685+0000] {dag.py:3096} INFO - Sync 1 DAGs
[2025-12-27T14:37:58.751+0000] {logging_mixin.py:188} INFO - [2025-12-27T14:37:58.750+0000] {dag.py:3954} INFO - Setting next_dagrun for example_display_name to None, run_after=None
[2025-12-27T14:37:58.827+0000] {processor.py:183} INFO - Processing /home/airflow/.local/lib/python3.12/site-packages/airflow/example_dags/example_display_name.py took 0.310 seconds
[2025-12-27T14:38:29.615+0000] {processor.py:161} INFO - Started process (PID=2336) to work on /home/airflow/.local/lib/python3.12/site-packages/airflow/example_dags/example_display_name.py
[2025-12-27T14:38:29.617+0000] {processor.py:830} INFO - Processing file /home/airflow/.local/lib/python3.12/site-packages/airflow/example_dags/example_display_name.py for tasks to queue
[2025-12-27T14:38:29.622+0000] {logging_mixin.py:188} INFO - [2025-12-27T14:38:29.620+0000] {dagbag.py:540} INFO - Filling up the DagBag from /home/airflow/.local/lib/python3.12/site-packages/airflow/example_dags/example_display_name.py
[2025-12-27T14:38:29.641+0000] {processor.py:840} INFO - DAG(s) 'example_display_name' retrieved from /home/airflow/.local/lib/python3.12/site-packages/airflow/example_dags/example_display_name.py
[2025-12-27T14:38:29.707+0000] {logging_mixin.py:188} INFO - [2025-12-27T14:38:29.706+0000] {dag.py:3096} INFO - Sync 1 DAGs
[2025-12-27T14:38:29.752+0000] {logging_mixin.py:188} INFO - [2025-12-27T14:38:29.751+0000] {dag.py:3954} INFO - Setting next_dagrun for example_display_name to None, run_after=None
[2025-12-27T14:38:29.812+0000] {processor.py:183} INFO - Processing /home/airflow/.local/lib/python3.12/site-packages/airflow/example_dags/example_display_name.py took 0.221 seconds
[2025-12-27T14:39:00.678+0000] {processor.py:161} INFO - Started process (PID=2394) to work on /home/airflow/.local/lib/python3.12/site-packages/airflow/example_dags/example_display_name.py
[2025-12-27T14:39:00.711+0000] {processor.py:830} INFO - Processing file /home/airflow/.local/lib/python3.12/site-packages/airflow/example_dags/example_display_name.py for tasks to queue
[2025-12-27T14:39:00.745+0000] {logging_mixin.py:188} INFO - [2025-12-27T14:39:00.740+0000] {dagbag.py:540} INFO - Filling up the DagBag from /home/airflow/.local/lib/python3.12/site-packages/airflow/example_dags/example_display_name.py
[2025-12-27T14:39:00.811+0000] {processor.py:840} INFO - DAG(s) 'example_display_name' retrieved from /home/airflow/.local/lib/python3.12/site-packages/airflow/example_dags/example_display_name.py
[2025-12-27T14:39:00.911+0000] {logging_mixin.py:188} INFO - [2025-12-27T14:39:00.910+0000] {dag.py:3096} INFO - Sync 1 DAGs
[2025-12-27T14:39:00.974+0000] {logging_mixin.py:188} INFO - [2025-12-27T14:39:00.973+0000] {dag.py:3954} INFO - Setting next_dagrun for example_display_name to None, run_after=None
[2025-12-27T14:39:01.049+0000] {processor.py:183} INFO - Processing /home/airflow/.local/lib/python3.12/site-packages/airflow/example_dags/example_display_name.py took 0.422 seconds
[2025-12-27T14:39:31.324+0000] {processor.py:161} INFO - Started process (PID=2452) to work on /home/airflow/.local/lib/python3.12/site-packages/airflow/example_dags/example_display_name.py
[2025-12-27T14:39:31.342+0000] {processor.py:830} INFO - Processing file /home/airflow/.local/lib/python3.12/site-packages/airflow/example_dags/example_display_name.py for tasks to queue
[2025-12-27T14:39:31.348+0000] {logging_mixin.py:188} INFO - [2025-12-27T14:39:31.346+0000] {dagbag.py:540} INFO - Filling up the DagBag from /home/airflow/.local/lib/python3.12/site-packages/airflow/example_dags/example_display_name.py
[2025-12-27T14:39:31.459+0000] {processor.py:840} INFO - DAG(s) 'example_display_name' retrieved from /home/airflow/.local/lib/python3.12/site-packages/airflow/example_dags/example_display_name.py
[2025-12-27T14:39:31.816+0000] {logging_mixin.py:188} INFO - [2025-12-27T14:39:31.812+0000] {dag.py:3096} INFO - Sync 1 DAGs
[2025-12-27T14:39:32.252+0000] {logging_mixin.py:188} INFO - [2025-12-27T14:39:32.251+0000] {dag.py:3954} INFO - Setting next_dagrun for example_display_name to None, run_after=None
[2025-12-27T14:39:32.553+0000] {processor.py:183} INFO - Processing /home/airflow/.local/lib/python3.12/site-packages/airflow/example_dags/example_display_name.py took 1.289 seconds
[2025-12-27T14:40:03.011+0000] {processor.py:161} INFO - Started process (PID=2509) to work on /home/airflow/.local/lib/python3.12/site-packages/airflow/example_dags/example_display_name.py
[2025-12-27T14:40:03.020+0000] {processor.py:830} INFO - Processing file /home/airflow/.local/lib/python3.12/site-packages/airflow/example_dags/example_display_name.py for tasks to queue
[2025-12-27T14:40:03.033+0000] {logging_mixin.py:188} INFO - [2025-12-27T14:40:03.032+0000] {dagbag.py:540} INFO - Filling up the DagBag from /home/airflow/.local/lib/python3.12/site-packages/airflow/example_dags/example_display_name.py
[2025-12-27T14:40:03.096+0000] {processor.py:840} INFO - DAG(s) 'example_display_name' retrieved from /home/airflow/.local/lib/python3.12/site-packages/airflow/example_dags/example_display_name.py
[2025-12-27T14:40:03.206+0000] {logging_mixin.py:188} INFO - [2025-12-27T14:40:03.205+0000] {dag.py:3096} INFO - Sync 1 DAGs
[2025-12-27T14:40:03.252+0000] {logging_mixin.py:188} INFO - [2025-12-27T14:40:03.252+0000] {dag.py:3954} INFO - Setting next_dagrun for example_display_name to None, run_after=None
[2025-12-27T14:40:03.313+0000] {processor.py:183} INFO - Processing /home/airflow/.local/lib/python3.12/site-packages/airflow/example_dags/example_display_name.py took 0.335 seconds
[2025-12-27T14:40:33.629+0000] {processor.py:161} INFO - Started process (PID=2567) to work on /home/airflow/.local/lib/python3.12/site-packages/airflow/example_dags/example_display_name.py
[2025-12-27T14:40:33.632+0000] {processor.py:830} INFO - Processing file /home/airflow/.local/lib/python3.12/site-packages/airflow/example_dags/example_display_name.py for tasks to queue
[2025-12-27T14:40:33.635+0000] {logging_mixin.py:188} INFO - [2025-12-27T14:40:33.634+0000] {dagbag.py:540} INFO - Filling up the DagBag from /home/airflow/.local/lib/python3.12/site-packages/airflow/example_dags/example_display_name.py
[2025-12-27T14:40:33.651+0000] {processor.py:840} INFO - DAG(s) 'example_display_name' retrieved from /home/airflow/.local/lib/python3.12/site-packages/airflow/example_dags/example_display_name.py
[2025-12-27T14:40:33.712+0000] {logging_mixin.py:188} INFO - [2025-12-27T14:40:33.711+0000] {dag.py:3096} INFO - Sync 1 DAGs
[2025-12-27T14:40:33.762+0000] {logging_mixin.py:188} INFO - [2025-12-27T14:40:33.761+0000] {dag.py:3954} INFO - Setting next_dagrun for example_display_name to None, run_after=None
[2025-12-27T14:40:33.830+0000] {processor.py:183} INFO - Processing /home/airflow/.local/lib/python3.12/site-packages/airflow/example_dags/example_display_name.py took 0.221 seconds
[2025-12-27T14:41:04.012+0000] {processor.py:161} INFO - Started process (PID=2625) to work on /home/airflow/.local/lib/python3.12/site-packages/airflow/example_dags/example_display_name.py
[2025-12-27T14:41:04.016+0000] {processor.py:830} INFO - Processing file /home/airflow/.local/lib/python3.12/site-packages/airflow/example_dags/example_display_name.py for tasks to queue
[2025-12-27T14:41:04.019+0000] {logging_mixin.py:188} INFO - [2025-12-27T14:41:04.018+0000] {dagbag.py:540} INFO - Filling up the DagBag from /home/airflow/.local/lib/python3.12/site-packages/airflow/example_dags/example_display_name.py
[2025-12-27T14:41:04.036+0000] {processor.py:840} INFO - DAG(s) 'example_display_name' retrieved from /home/airflow/.local/lib/python3.12/site-packages/airflow/example_dags/example_display_name.py
[2025-12-27T14:41:04.099+0000] {logging_mixin.py:188} INFO - [2025-12-27T14:41:04.098+0000] {dag.py:3096} INFO - Sync 1 DAGs
[2025-12-27T14:41:04.134+0000] {logging_mixin.py:188} INFO - [2025-12-27T14:41:04.133+0000] {dag.py:3954} INFO - Setting next_dagrun for example_display_name to None, run_after=None
[2025-12-27T14:41:04.190+0000] {processor.py:183} INFO - Processing /home/airflow/.local/lib/python3.12/site-packages/airflow/example_dags/example_display_name.py took 0.199 seconds
[2025-12-27T14:41:34.345+0000] {processor.py:161} INFO - Started process (PID=2683) to work on /home/airflow/.local/lib/python3.12/site-packages/airflow/example_dags/example_display_name.py
[2025-12-27T14:41:34.348+0000] {processor.py:830} INFO - Processing file /home/airflow/.local/lib/python3.12/site-packages/airflow/example_dags/example_display_name.py for tasks to queue
[2025-12-27T14:41:34.352+0000] {logging_mixin.py:188} INFO - [2025-12-27T14:41:34.350+0000] {dagbag.py:540} INFO - Filling up the DagBag from /home/airflow/.local/lib/python3.12/site-packages/airflow/example_dags/example_display_name.py
[2025-12-27T14:41:34.367+0000] {processor.py:840} INFO - DAG(s) 'example_display_name' retrieved from /home/airflow/.local/lib/python3.12/site-packages/airflow/example_dags/example_display_name.py
[2025-12-27T14:41:34.421+0000] {logging_mixin.py:188} INFO - [2025-12-27T14:41:34.421+0000] {dag.py:3096} INFO - Sync 1 DAGs
[2025-12-27T14:41:34.453+0000] {logging_mixin.py:188} INFO - [2025-12-27T14:41:34.452+0000] {dag.py:3954} INFO - Setting next_dagrun for example_display_name to None, run_after=None
[2025-12-27T14:41:34.505+0000] {processor.py:183} INFO - Processing /home/airflow/.local/lib/python3.12/site-packages/airflow/example_dags/example_display_name.py took 0.176 seconds
[2025-12-27T14:42:04.964+0000] {processor.py:161} INFO - Started process (PID=2742) to work on /home/airflow/.local/lib/python3.12/site-packages/airflow/example_dags/example_display_name.py
[2025-12-27T14:42:04.967+0000] {processor.py:830} INFO - Processing file /home/airflow/.local/lib/python3.12/site-packages/airflow/example_dags/example_display_name.py for tasks to queue
[2025-12-27T14:42:04.971+0000] {logging_mixin.py:188} INFO - [2025-12-27T14:42:04.969+0000] {dagbag.py:540} INFO - Filling up the DagBag from /home/airflow/.local/lib/python3.12/site-packages/airflow/example_dags/example_display_name.py
[2025-12-27T14:42:04.990+0000] {processor.py:840} INFO - DAG(s) 'example_display_name' retrieved from /home/airflow/.local/lib/python3.12/site-packages/airflow/example_dags/example_display_name.py
[2025-12-27T14:42:05.046+0000] {logging_mixin.py:188} INFO - [2025-12-27T14:42:05.045+0000] {dag.py:3096} INFO - Sync 1 DAGs
[2025-12-27T14:42:05.078+0000] {logging_mixin.py:188} INFO - [2025-12-27T14:42:05.077+0000] {dag.py:3954} INFO - Setting next_dagrun for example_display_name to None, run_after=None
[2025-12-27T14:42:05.138+0000] {processor.py:183} INFO - Processing /home/airflow/.local/lib/python3.12/site-packages/airflow/example_dags/example_display_name.py took 0.193 seconds
[2025-12-27T14:42:35.725+0000] {processor.py:161} INFO - Started process (PID=2800) to work on /home/airflow/.local/lib/python3.12/site-packages/airflow/example_dags/example_display_name.py
[2025-12-27T14:42:35.727+0000] {processor.py:830} INFO - Processing file /home/airflow/.local/lib/python3.12/site-packages/airflow/example_dags/example_display_name.py for tasks to queue
[2025-12-27T14:42:35.730+0000] {logging_mixin.py:188} INFO - [2025-12-27T14:42:35.729+0000] {dagbag.py:540} INFO - Filling up the DagBag from /home/airflow/.local/lib/python3.12/site-packages/airflow/example_dags/example_display_name.py
[2025-12-27T14:42:35.752+0000] {processor.py:840} INFO - DAG(s) 'example_display_name' retrieved from /home/airflow/.local/lib/python3.12/site-packages/airflow/example_dags/example_display_name.py
[2025-12-27T14:42:35.809+0000] {logging_mixin.py:188} INFO - [2025-12-27T14:42:35.808+0000] {dag.py:3096} INFO - Sync 1 DAGs
[2025-12-27T14:42:35.848+0000] {logging_mixin.py:188} INFO - [2025-12-27T14:42:35.847+0000] {dag.py:3954} INFO - Setting next_dagrun for example_display_name to None, run_after=None
[2025-12-27T14:42:35.905+0000] {processor.py:183} INFO - Processing /home/airflow/.local/lib/python3.12/site-packages/airflow/example_dags/example_display_name.py took 0.196 seconds
[2025-12-27T14:43:06.758+0000] {processor.py:161} INFO - Started process (PID=2858) to work on /home/airflow/.local/lib/python3.12/site-packages/airflow/example_dags/example_display_name.py
[2025-12-27T14:43:06.762+0000] {processor.py:830} INFO - Processing file /home/airflow/.local/lib/python3.12/site-packages/airflow/example_dags/example_display_name.py for tasks to queue
[2025-12-27T14:43:06.767+0000] {logging_mixin.py:188} INFO - [2025-12-27T14:43:06.765+0000] {dagbag.py:540} INFO - Filling up the DagBag from /home/airflow/.local/lib/python3.12/site-packages/airflow/example_dags/example_display_name.py
[2025-12-27T14:43:06.792+0000] {processor.py:840} INFO - DAG(s) 'example_display_name' retrieved from /home/airflow/.local/lib/python3.12/site-packages/airflow/example_dags/example_display_name.py
[2025-12-27T14:43:06.866+0000] {logging_mixin.py:188} INFO - [2025-12-27T14:43:06.865+0000] {dag.py:3096} INFO - Sync 1 DAGs
[2025-12-27T14:43:06.906+0000] {logging_mixin.py:188} INFO - [2025-12-27T14:43:06.905+0000] {dag.py:3954} INFO - Setting next_dagrun for example_display_name to None, run_after=None
[2025-12-27T14:43:06.982+0000] {processor.py:183} INFO - Processing /home/airflow/.local/lib/python3.12/site-packages/airflow/example_dags/example_display_name.py took 0.257 seconds
[2025-12-27T14:43:37.269+0000] {processor.py:161} INFO - Started process (PID=2922) to work on /home/airflow/.local/lib/python3.12/site-packages/airflow/example_dags/example_display_name.py
[2025-12-27T14:43:37.276+0000] {processor.py:830} INFO - Processing file /home/airflow/.local/lib/python3.12/site-packages/airflow/example_dags/example_display_name.py for tasks to queue
[2025-12-27T14:43:37.278+0000] {logging_mixin.py:188} INFO - [2025-12-27T14:43:37.277+0000] {dagbag.py:540} INFO - Filling up the DagBag from /home/airflow/.local/lib/python3.12/site-packages/airflow/example_dags/example_display_name.py
[2025-12-27T14:43:37.300+0000] {processor.py:840} INFO - DAG(s) 'example_display_name' retrieved from /home/airflow/.local/lib/python3.12/site-packages/airflow/example_dags/example_display_name.py
[2025-12-27T14:43:37.383+0000] {logging_mixin.py:188} INFO - [2025-12-27T14:43:37.382+0000] {dag.py:3096} INFO - Sync 1 DAGs
[2025-12-27T14:43:37.417+0000] {logging_mixin.py:188} INFO - [2025-12-27T14:43:37.417+0000] {dag.py:3954} INFO - Setting next_dagrun for example_display_name to None, run_after=None
[2025-12-27T14:43:37.472+0000] {processor.py:183} INFO - Processing /home/airflow/.local/lib/python3.12/site-packages/airflow/example_dags/example_display_name.py took 0.225 seconds
[2025-12-27T14:44:07.888+0000] {processor.py:161} INFO - Started process (PID=2981) to work on /home/airflow/.local/lib/python3.12/site-packages/airflow/example_dags/example_display_name.py
[2025-12-27T14:44:07.890+0000] {processor.py:830} INFO - Processing file /home/airflow/.local/lib/python3.12/site-packages/airflow/example_dags/example_display_name.py for tasks to queue
[2025-12-27T14:44:07.893+0000] {logging_mixin.py:188} INFO - [2025-12-27T14:44:07.892+0000] {dagbag.py:540} INFO - Filling up the DagBag from /home/airflow/.local/lib/python3.12/site-packages/airflow/example_dags/example_display_name.py
[2025-12-27T14:44:07.909+0000] {processor.py:840} INFO - DAG(s) 'example_display_name' retrieved from /home/airflow/.local/lib/python3.12/site-packages/airflow/example_dags/example_display_name.py
[2025-12-27T14:44:07.962+0000] {logging_mixin.py:188} INFO - [2025-12-27T14:44:07.962+0000] {dag.py:3096} INFO - Sync 1 DAGs
[2025-12-27T14:44:07.998+0000] {logging_mixin.py:188} INFO - [2025-12-27T14:44:07.997+0000] {dag.py:3954} INFO - Setting next_dagrun for example_display_name to None, run_after=None
[2025-12-27T14:44:08.054+0000] {processor.py:183} INFO - Processing /home/airflow/.local/lib/python3.12/site-packages/airflow/example_dags/example_display_name.py took 0.181 seconds
[2025-12-27T14:44:38.845+0000] {processor.py:161} INFO - Started process (PID=3040) to work on /home/airflow/.local/lib/python3.12/site-packages/airflow/example_dags/example_display_name.py
[2025-12-27T14:44:38.848+0000] {processor.py:830} INFO - Processing file /home/airflow/.local/lib/python3.12/site-packages/airflow/example_dags/example_display_name.py for tasks to queue
[2025-12-27T14:44:38.851+0000] {logging_mixin.py:188} INFO - [2025-12-27T14:44:38.850+0000] {dagbag.py:540} INFO - Filling up the DagBag from /home/airflow/.local/lib/python3.12/site-packages/airflow/example_dags/example_display_name.py
[2025-12-27T14:44:38.874+0000] {processor.py:840} INFO - DAG(s) 'example_display_name' retrieved from /home/airflow/.local/lib/python3.12/site-packages/airflow/example_dags/example_display_name.py
[2025-12-27T14:44:38.953+0000] {logging_mixin.py:188} INFO - [2025-12-27T14:44:38.952+0000] {dag.py:3096} INFO - Sync 1 DAGs
[2025-12-27T14:44:39.005+0000] {logging_mixin.py:188} INFO - [2025-12-27T14:44:39.004+0000] {dag.py:3954} INFO - Setting next_dagrun for example_display_name to None, run_after=None
[2025-12-27T14:44:39.080+0000] {processor.py:183} INFO - Processing /home/airflow/.local/lib/python3.12/site-packages/airflow/example_dags/example_display_name.py took 0.259 seconds
[2025-12-27T14:45:11.569+0000] {processor.py:161} INFO - Started process (PID=3099) to work on /home/airflow/.local/lib/python3.12/site-packages/airflow/example_dags/example_display_name.py
[2025-12-27T14:45:11.578+0000] {processor.py:830} INFO - Processing file /home/airflow/.local/lib/python3.12/site-packages/airflow/example_dags/example_display_name.py for tasks to queue
[2025-12-27T14:45:11.586+0000] {logging_mixin.py:188} INFO - [2025-12-27T14:45:11.584+0000] {dagbag.py:540} INFO - Filling up the DagBag from /home/airflow/.local/lib/python3.12/site-packages/airflow/example_dags/example_display_name.py
[2025-12-27T14:45:11.608+0000] {processor.py:840} INFO - DAG(s) 'example_display_name' retrieved from /home/airflow/.local/lib/python3.12/site-packages/airflow/example_dags/example_display_name.py
[2025-12-27T14:45:11.727+0000] {logging_mixin.py:188} INFO - [2025-12-27T14:45:11.726+0000] {dag.py:3096} INFO - Sync 1 DAGs
[2025-12-27T14:45:11.818+0000] {logging_mixin.py:188} INFO - [2025-12-27T14:45:11.817+0000] {dag.py:3954} INFO - Setting next_dagrun for example_display_name to None, run_after=None
[2025-12-27T14:45:11.921+0000] {processor.py:183} INFO - Processing /home/airflow/.local/lib/python3.12/site-packages/airflow/example_dags/example_display_name.py took 0.383 seconds
[2025-12-27T14:45:42.132+0000] {processor.py:161} INFO - Started process (PID=3155) to work on /home/airflow/.local/lib/python3.12/site-packages/airflow/example_dags/example_display_name.py
[2025-12-27T14:45:42.136+0000] {processor.py:830} INFO - Processing file /home/airflow/.local/lib/python3.12/site-packages/airflow/example_dags/example_display_name.py for tasks to queue
[2025-12-27T14:45:42.140+0000] {logging_mixin.py:188} INFO - [2025-12-27T14:45:42.139+0000] {dagbag.py:540} INFO - Filling up the DagBag from /home/airflow/.local/lib/python3.12/site-packages/airflow/example_dags/example_display_name.py
[2025-12-27T14:45:42.162+0000] {processor.py:840} INFO - DAG(s) 'example_display_name' retrieved from /home/airflow/.local/lib/python3.12/site-packages/airflow/example_dags/example_display_name.py
[2025-12-27T14:45:42.229+0000] {logging_mixin.py:188} INFO - [2025-12-27T14:45:42.228+0000] {dag.py:3096} INFO - Sync 1 DAGs
[2025-12-27T14:45:42.266+0000] {logging_mixin.py:188} INFO - [2025-12-27T14:45:42.266+0000] {dag.py:3954} INFO - Setting next_dagrun for example_display_name to None, run_after=None
[2025-12-27T14:45:42.322+0000] {processor.py:183} INFO - Processing /home/airflow/.local/lib/python3.12/site-packages/airflow/example_dags/example_display_name.py took 0.212 seconds
[2025-12-27T14:46:12.586+0000] {processor.py:161} INFO - Started process (PID=3212) to work on /home/airflow/.local/lib/python3.12/site-packages/airflow/example_dags/example_display_name.py
[2025-12-27T14:46:12.588+0000] {processor.py:830} INFO - Processing file /home/airflow/.local/lib/python3.12/site-packages/airflow/example_dags/example_display_name.py for tasks to queue
[2025-12-27T14:46:12.591+0000] {logging_mixin.py:188} INFO - [2025-12-27T14:46:12.590+0000] {dagbag.py:540} INFO - Filling up the DagBag from /home/airflow/.local/lib/python3.12/site-packages/airflow/example_dags/example_display_name.py
[2025-12-27T14:46:12.608+0000] {processor.py:840} INFO - DAG(s) 'example_display_name' retrieved from /home/airflow/.local/lib/python3.12/site-packages/airflow/example_dags/example_display_name.py
[2025-12-27T14:46:12.665+0000] {logging_mixin.py:188} INFO - [2025-12-27T14:46:12.665+0000] {dag.py:3096} INFO - Sync 1 DAGs
[2025-12-27T14:46:12.699+0000] {logging_mixin.py:188} INFO - [2025-12-27T14:46:12.699+0000] {dag.py:3954} INFO - Setting next_dagrun for example_display_name to None, run_after=None
[2025-12-27T14:46:12.755+0000] {processor.py:183} INFO - Processing /home/airflow/.local/lib/python3.12/site-packages/airflow/example_dags/example_display_name.py took 0.185 seconds
[2025-12-27T14:46:43.120+0000] {processor.py:161} INFO - Started process (PID=3271) to work on /home/airflow/.local/lib/python3.12/site-packages/airflow/example_dags/example_display_name.py
[2025-12-27T14:46:43.123+0000] {processor.py:830} INFO - Processing file /home/airflow/.local/lib/python3.12/site-packages/airflow/example_dags/example_display_name.py for tasks to queue
[2025-12-27T14:46:43.125+0000] {logging_mixin.py:188} INFO - [2025-12-27T14:46:43.124+0000] {dagbag.py:540} INFO - Filling up the DagBag from /home/airflow/.local/lib/python3.12/site-packages/airflow/example_dags/example_display_name.py
[2025-12-27T14:46:43.143+0000] {processor.py:840} INFO - DAG(s) 'example_display_name' retrieved from /home/airflow/.local/lib/python3.12/site-packages/airflow/example_dags/example_display_name.py
[2025-12-27T14:46:43.203+0000] {logging_mixin.py:188} INFO - [2025-12-27T14:46:43.203+0000] {dag.py:3096} INFO - Sync 1 DAGs
[2025-12-27T14:46:43.238+0000] {logging_mixin.py:188} INFO - [2025-12-27T14:46:43.237+0000] {dag.py:3954} INFO - Setting next_dagrun for example_display_name to None, run_after=None
[2025-12-27T14:46:43.296+0000] {processor.py:183} INFO - Processing /home/airflow/.local/lib/python3.12/site-packages/airflow/example_dags/example_display_name.py took 0.192 seconds
[2025-12-27T14:47:13.602+0000] {processor.py:161} INFO - Started process (PID=3329) to work on /home/airflow/.local/lib/python3.12/site-packages/airflow/example_dags/example_display_name.py
[2025-12-27T14:47:13.605+0000] {processor.py:830} INFO - Processing file /home/airflow/.local/lib/python3.12/site-packages/airflow/example_dags/example_display_name.py for tasks to queue
[2025-12-27T14:47:13.608+0000] {logging_mixin.py:188} INFO - [2025-12-27T14:47:13.607+0000] {dagbag.py:540} INFO - Filling up the DagBag from /home/airflow/.local/lib/python3.12/site-packages/airflow/example_dags/example_display_name.py
[2025-12-27T14:47:13.624+0000] {processor.py:840} INFO - DAG(s) 'example_display_name' retrieved from /home/airflow/.local/lib/python3.12/site-packages/airflow/example_dags/example_display_name.py
[2025-12-27T14:47:13.678+0000] {logging_mixin.py:188} INFO - [2025-12-27T14:47:13.677+0000] {dag.py:3096} INFO - Sync 1 DAGs
[2025-12-27T14:47:13.711+0000] {logging_mixin.py:188} INFO - [2025-12-27T14:47:13.711+0000] {dag.py:3954} INFO - Setting next_dagrun for example_display_name to None, run_after=None
[2025-12-27T14:47:13.769+0000] {processor.py:183} INFO - Processing /home/airflow/.local/lib/python3.12/site-packages/airflow/example_dags/example_display_name.py took 0.182 seconds
[2025-12-27T14:47:44.044+0000] {processor.py:161} INFO - Started process (PID=3387) to work on /home/airflow/.local/lib/python3.12/site-packages/airflow/example_dags/example_display_name.py
[2025-12-27T14:47:44.047+0000] {processor.py:830} INFO - Processing file /home/airflow/.local/lib/python3.12/site-packages/airflow/example_dags/example_display_name.py for tasks to queue
[2025-12-27T14:47:44.049+0000] {logging_mixin.py:188} INFO - [2025-12-27T14:47:44.048+0000] {dagbag.py:540} INFO - Filling up the DagBag from /home/airflow/.local/lib/python3.12/site-packages/airflow/example_dags/example_display_name.py
[2025-12-27T14:47:44.067+0000] {processor.py:840} INFO - DAG(s) 'example_display_name' retrieved from /home/airflow/.local/lib/python3.12/site-packages/airflow/example_dags/example_display_name.py
[2025-12-27T14:47:44.128+0000] {logging_mixin.py:188} INFO - [2025-12-27T14:47:44.127+0000] {dag.py:3096} INFO - Sync 1 DAGs
[2025-12-27T14:47:44.159+0000] {logging_mixin.py:188} INFO - [2025-12-27T14:47:44.159+0000] {dag.py:3954} INFO - Setting next_dagrun for example_display_name to None, run_after=None
[2025-12-27T14:47:44.212+0000] {processor.py:183} INFO - Processing /home/airflow/.local/lib/python3.12/site-packages/airflow/example_dags/example_display_name.py took 0.183 seconds
[2025-12-27T14:48:14.337+0000] {processor.py:161} INFO - Started process (PID=3445) to work on /home/airflow/.local/lib/python3.12/site-packages/airflow/example_dags/example_display_name.py
[2025-12-27T14:48:14.340+0000] {processor.py:830} INFO - Processing file /home/airflow/.local/lib/python3.12/site-packages/airflow/example_dags/example_display_name.py for tasks to queue
[2025-12-27T14:48:14.343+0000] {logging_mixin.py:188} INFO - [2025-12-27T14:48:14.342+0000] {dagbag.py:540} INFO - Filling up the DagBag from /home/airflow/.local/lib/python3.12/site-packages/airflow/example_dags/example_display_name.py
[2025-12-27T14:48:14.367+0000] {processor.py:840} INFO - DAG(s) 'example_display_name' retrieved from /home/airflow/.local/lib/python3.12/site-packages/airflow/example_dags/example_display_name.py
[2025-12-27T14:48:14.434+0000] {logging_mixin.py:188} INFO - [2025-12-27T14:48:14.434+0000] {dag.py:3096} INFO - Sync 1 DAGs
[2025-12-27T14:48:14.483+0000] {logging_mixin.py:188} INFO - [2025-12-27T14:48:14.482+0000] {dag.py:3954} INFO - Setting next_dagrun for example_display_name to None, run_after=None
[2025-12-27T14:48:14.566+0000] {processor.py:183} INFO - Processing /home/airflow/.local/lib/python3.12/site-packages/airflow/example_dags/example_display_name.py took 0.247 seconds
[2025-12-27T14:48:45.163+0000] {processor.py:161} INFO - Started process (PID=3504) to work on /home/airflow/.local/lib/python3.12/site-packages/airflow/example_dags/example_display_name.py
[2025-12-27T14:48:45.167+0000] {processor.py:830} INFO - Processing file /home/airflow/.local/lib/python3.12/site-packages/airflow/example_dags/example_display_name.py for tasks to queue
[2025-12-27T14:48:45.170+0000] {logging_mixin.py:188} INFO - [2025-12-27T14:48:45.169+0000] {dagbag.py:540} INFO - Filling up the DagBag from /home/airflow/.local/lib/python3.12/site-packages/airflow/example_dags/example_display_name.py
[2025-12-27T14:48:45.188+0000] {processor.py:840} INFO - DAG(s) 'example_display_name' retrieved from /home/airflow/.local/lib/python3.12/site-packages/airflow/example_dags/example_display_name.py
[2025-12-27T14:48:45.262+0000] {logging_mixin.py:188} INFO - [2025-12-27T14:48:45.260+0000] {dag.py:3096} INFO - Sync 1 DAGs
[2025-12-27T14:48:45.299+0000] {logging_mixin.py:188} INFO - [2025-12-27T14:48:45.299+0000] {dag.py:3954} INFO - Setting next_dagrun for example_display_name to None, run_after=None
[2025-12-27T14:48:45.359+0000] {processor.py:183} INFO - Processing /home/airflow/.local/lib/python3.12/site-packages/airflow/example_dags/example_display_name.py took 0.215 seconds
[2025-12-27T14:49:16.247+0000] {processor.py:161} INFO - Started process (PID=3562) to work on /home/airflow/.local/lib/python3.12/site-packages/airflow/example_dags/example_display_name.py
[2025-12-27T14:49:16.252+0000] {processor.py:830} INFO - Processing file /home/airflow/.local/lib/python3.12/site-packages/airflow/example_dags/example_display_name.py for tasks to queue
[2025-12-27T14:49:16.257+0000] {logging_mixin.py:188} INFO - [2025-12-27T14:49:16.256+0000] {dagbag.py:540} INFO - Filling up the DagBag from /home/airflow/.local/lib/python3.12/site-packages/airflow/example_dags/example_display_name.py
[2025-12-27T14:49:16.300+0000] {processor.py:840} INFO - DAG(s) 'example_display_name' retrieved from /home/airflow/.local/lib/python3.12/site-packages/airflow/example_dags/example_display_name.py
[2025-12-27T14:49:16.434+0000] {logging_mixin.py:188} INFO - [2025-12-27T14:49:16.432+0000] {dag.py:3096} INFO - Sync 1 DAGs
[2025-12-27T14:49:16.511+0000] {logging_mixin.py:188} INFO - [2025-12-27T14:49:16.510+0000] {dag.py:3954} INFO - Setting next_dagrun for example_display_name to None, run_after=None
[2025-12-27T14:49:16.612+0000] {processor.py:183} INFO - Processing /home/airflow/.local/lib/python3.12/site-packages/airflow/example_dags/example_display_name.py took 0.392 seconds
[2025-12-27T14:49:47.024+0000] {processor.py:161} INFO - Started process (PID=3619) to work on /home/airflow/.local/lib/python3.12/site-packages/airflow/example_dags/example_display_name.py
[2025-12-27T14:49:47.029+0000] {processor.py:830} INFO - Processing file /home/airflow/.local/lib/python3.12/site-packages/airflow/example_dags/example_display_name.py for tasks to queue
[2025-12-27T14:49:47.033+0000] {logging_mixin.py:188} INFO - [2025-12-27T14:49:47.031+0000] {dagbag.py:540} INFO - Filling up the DagBag from /home/airflow/.local/lib/python3.12/site-packages/airflow/example_dags/example_display_name.py
[2025-12-27T14:49:47.058+0000] {processor.py:840} INFO - DAG(s) 'example_display_name' retrieved from /home/airflow/.local/lib/python3.12/site-packages/airflow/example_dags/example_display_name.py
[2025-12-27T14:49:47.155+0000] {logging_mixin.py:188} INFO - [2025-12-27T14:49:47.155+0000] {dag.py:3096} INFO - Sync 1 DAGs
[2025-12-27T14:49:47.219+0000] {logging_mixin.py:188} INFO - [2025-12-27T14:49:47.219+0000] {dag.py:3954} INFO - Setting next_dagrun for example_display_name to None, run_after=None
[2025-12-27T14:49:47.310+0000] {processor.py:183} INFO - Processing /home/airflow/.local/lib/python3.12/site-packages/airflow/example_dags/example_display_name.py took 0.315 seconds
[2025-12-27T14:50:21.246+0000] {processor.py:161} INFO - Started process (PID=3670) to work on /home/airflow/.local/lib/python3.12/site-packages/airflow/example_dags/example_display_name.py
[2025-12-27T14:50:21.250+0000] {processor.py:830} INFO - Processing file /home/airflow/.local/lib/python3.12/site-packages/airflow/example_dags/example_display_name.py for tasks to queue
[2025-12-27T14:50:21.254+0000] {logging_mixin.py:188} INFO - [2025-12-27T14:50:21.253+0000] {dagbag.py:540} INFO - Filling up the DagBag from /home/airflow/.local/lib/python3.12/site-packages/airflow/example_dags/example_display_name.py
[2025-12-27T14:50:21.282+0000] {processor.py:840} INFO - DAG(s) 'example_display_name' retrieved from /home/airflow/.local/lib/python3.12/site-packages/airflow/example_dags/example_display_name.py
[2025-12-27T14:50:21.370+0000] {logging_mixin.py:188} INFO - [2025-12-27T14:50:21.369+0000] {dag.py:3096} INFO - Sync 1 DAGs
[2025-12-27T14:50:21.431+0000] {logging_mixin.py:188} INFO - [2025-12-27T14:50:21.430+0000] {dag.py:3954} INFO - Setting next_dagrun for example_display_name to None, run_after=None
[2025-12-27T14:50:21.510+0000] {processor.py:183} INFO - Processing /home/airflow/.local/lib/python3.12/site-packages/airflow/example_dags/example_display_name.py took 0.291 seconds
[2025-12-27T14:50:53.985+0000] {processor.py:161} INFO - Started process (PID=3727) to work on /home/airflow/.local/lib/python3.12/site-packages/airflow/example_dags/example_display_name.py
[2025-12-27T14:50:53.991+0000] {processor.py:830} INFO - Processing file /home/airflow/.local/lib/python3.12/site-packages/airflow/example_dags/example_display_name.py for tasks to queue
[2025-12-27T14:50:53.995+0000] {logging_mixin.py:188} INFO - [2025-12-27T14:50:53.994+0000] {dagbag.py:540} INFO - Filling up the DagBag from /home/airflow/.local/lib/python3.12/site-packages/airflow/example_dags/example_display_name.py
[2025-12-27T14:50:54.032+0000] {processor.py:840} INFO - DAG(s) 'example_display_name' retrieved from /home/airflow/.local/lib/python3.12/site-packages/airflow/example_dags/example_display_name.py
[2025-12-27T14:50:54.116+0000] {logging_mixin.py:188} INFO - [2025-12-27T14:50:54.115+0000] {dag.py:3096} INFO - Sync 1 DAGs
[2025-12-27T14:50:54.182+0000] {logging_mixin.py:188} INFO - [2025-12-27T14:50:54.181+0000] {dag.py:3954} INFO - Setting next_dagrun for example_display_name to None, run_after=None
[2025-12-27T14:50:54.264+0000] {processor.py:183} INFO - Processing /home/airflow/.local/lib/python3.12/site-packages/airflow/example_dags/example_display_name.py took 0.309 seconds
[2025-12-27T14:51:33.591+0000] {processor.py:161} INFO - Started process (PID=3783) to work on /home/airflow/.local/lib/python3.12/site-packages/airflow/example_dags/example_display_name.py
[2025-12-27T14:51:33.608+0000] {processor.py:830} INFO - Processing file /home/airflow/.local/lib/python3.12/site-packages/airflow/example_dags/example_display_name.py for tasks to queue
[2025-12-27T14:51:33.658+0000] {logging_mixin.py:188} INFO - [2025-12-27T14:51:33.657+0000] {dagbag.py:540} INFO - Filling up the DagBag from /home/airflow/.local/lib/python3.12/site-packages/airflow/example_dags/example_display_name.py
[2025-12-27T14:51:34.248+0000] {processor.py:840} INFO - DAG(s) 'example_display_name' retrieved from /home/airflow/.local/lib/python3.12/site-packages/airflow/example_dags/example_display_name.py
[2025-12-27T14:51:34.542+0000] {logging_mixin.py:188} INFO - [2025-12-27T14:51:34.541+0000] {dag.py:3096} INFO - Sync 1 DAGs
[2025-12-27T14:51:34.969+0000] {logging_mixin.py:188} INFO - [2025-12-27T14:51:34.968+0000] {dag.py:3954} INFO - Setting next_dagrun for example_display_name to None, run_after=None
[2025-12-27T14:51:35.922+0000] {processor.py:183} INFO - Processing /home/airflow/.local/lib/python3.12/site-packages/airflow/example_dags/example_display_name.py took 2.515 seconds
[2025-12-27T14:52:43.023+0000] {processor.py:161} INFO - Started process (PID=3816) to work on /home/airflow/.local/lib/python3.12/site-packages/airflow/example_dags/example_display_name.py
[2025-12-27T14:52:43.165+0000] {processor.py:830} INFO - Processing file /home/airflow/.local/lib/python3.12/site-packages/airflow/example_dags/example_display_name.py for tasks to queue
[2025-12-27T14:52:43.219+0000] {logging_mixin.py:188} INFO - [2025-12-27T14:52:43.216+0000] {dagbag.py:540} INFO - Filling up the DagBag from /home/airflow/.local/lib/python3.12/site-packages/airflow/example_dags/example_display_name.py
[2025-12-27T14:52:43.334+0000] {processor.py:840} INFO - DAG(s) 'example_display_name' retrieved from /home/airflow/.local/lib/python3.12/site-packages/airflow/example_dags/example_display_name.py
[2025-12-27T14:52:44.895+0000] {logging_mixin.py:188} INFO - [2025-12-27T14:52:44.893+0000] {dag.py:3096} INFO - Sync 1 DAGs
[2025-12-27T14:52:45.210+0000] {logging_mixin.py:188} INFO - [2025-12-27T14:52:45.207+0000] {dag.py:3954} INFO - Setting next_dagrun for example_display_name to None, run_after=None
[2025-12-27T14:52:45.515+0000] {processor.py:183} INFO - Processing /home/airflow/.local/lib/python3.12/site-packages/airflow/example_dags/example_display_name.py took 2.516 seconds
[2025-12-27T14:54:54.325+0000] {processor.py:161} INFO - Started process (PID=3873) to work on /home/airflow/.local/lib/python3.12/site-packages/airflow/example_dags/example_display_name.py
[2025-12-27T14:54:54.346+0000] {processor.py:830} INFO - Processing file /home/airflow/.local/lib/python3.12/site-packages/airflow/example_dags/example_display_name.py for tasks to queue
[2025-12-27T14:54:54.386+0000] {logging_mixin.py:188} INFO - [2025-12-27T14:54:54.370+0000] {dagbag.py:540} INFO - Filling up the DagBag from /home/airflow/.local/lib/python3.12/site-packages/airflow/example_dags/example_display_name.py
[2025-12-27T14:54:54.606+0000] {processor.py:840} INFO - DAG(s) 'example_display_name' retrieved from /home/airflow/.local/lib/python3.12/site-packages/airflow/example_dags/example_display_name.py
[2025-12-27T14:54:54.954+0000] {logging_mixin.py:188} INFO - [2025-12-27T14:54:54.947+0000] {dag.py:3096} INFO - Sync 1 DAGs
[2025-12-27T14:54:55.203+0000] {logging_mixin.py:188} INFO - [2025-12-27T14:54:55.202+0000] {dag.py:3954} INFO - Setting next_dagrun for example_display_name to None, run_after=None
[2025-12-27T14:54:55.567+0000] {processor.py:183} INFO - Processing /home/airflow/.local/lib/python3.12/site-packages/airflow/example_dags/example_display_name.py took 1.614 seconds
