[2025-12-27T14:14:46.171+0000] {processor.py:161} INFO - Started process (PID=100) to work on /home/airflow/.local/lib/python3.12/site-packages/airflow/example_dags/example_short_circuit_decorator.py
[2025-12-27T14:14:46.176+0000] {processor.py:830} INFO - Processing file /home/airflow/.local/lib/python3.12/site-packages/airflow/example_dags/example_short_circuit_decorator.py for tasks to queue
[2025-12-27T14:14:46.184+0000] {logging_mixin.py:188} INFO - [2025-12-27T14:14:46.183+0000] {dagbag.py:540} INFO - Filling up the DagBag from /home/airflow/.local/lib/python3.12/site-packages/airflow/example_dags/example_short_circuit_decorator.py
[2025-12-27T14:14:46.239+0000] {processor.py:840} INFO - DAG(s) 'example_short_circuit_decorator' retrieved from /home/airflow/.local/lib/python3.12/site-packages/airflow/example_dags/example_short_circuit_decorator.py
[2025-12-27T14:14:47.414+0000] {logging_mixin.py:188} INFO - [2025-12-27T14:14:47.413+0000] {dag.py:3096} INFO - Sync 1 DAGs
[2025-12-27T14:14:47.515+0000] {logging_mixin.py:188} INFO - [2025-12-27T14:14:47.514+0000] {dag.py:3954} INFO - Setting next_dagrun for example_short_circuit_decorator to 2025-12-26 00:00:00+00:00, run_after=2025-12-27 00:00:00+00:00
[2025-12-27T14:14:47.604+0000] {processor.py:183} INFO - Processing /home/airflow/.local/lib/python3.12/site-packages/airflow/example_dags/example_short_circuit_decorator.py took 1.463 seconds
[2025-12-27T14:15:26.951+0000] {processor.py:161} INFO - Started process (PID=157) to work on /home/airflow/.local/lib/python3.12/site-packages/airflow/example_dags/example_short_circuit_decorator.py
[2025-12-27T14:15:26.961+0000] {processor.py:830} INFO - Processing file /home/airflow/.local/lib/python3.12/site-packages/airflow/example_dags/example_short_circuit_decorator.py for tasks to queue
[2025-12-27T14:15:26.976+0000] {logging_mixin.py:188} INFO - [2025-12-27T14:15:26.975+0000] {dagbag.py:540} INFO - Filling up the DagBag from /home/airflow/.local/lib/python3.12/site-packages/airflow/example_dags/example_short_circuit_decorator.py
[2025-12-27T14:15:27.096+0000] {processor.py:840} INFO - DAG(s) 'example_short_circuit_decorator' retrieved from /home/airflow/.local/lib/python3.12/site-packages/airflow/example_dags/example_short_circuit_decorator.py
[2025-12-27T14:15:27.391+0000] {logging_mixin.py:188} INFO - [2025-12-27T14:15:27.378+0000] {dag.py:3096} INFO - Sync 1 DAGs
[2025-12-27T14:15:27.639+0000] {logging_mixin.py:188} INFO - [2025-12-27T14:15:27.638+0000] {dag.py:3954} INFO - Setting next_dagrun for example_short_circuit_decorator to 2025-12-26 00:00:00+00:00, run_after=2025-12-27 00:00:00+00:00
[2025-12-27T14:15:27.730+0000] {processor.py:183} INFO - Processing /home/airflow/.local/lib/python3.12/site-packages/airflow/example_dags/example_short_circuit_decorator.py took 0.859 seconds
[2025-12-27T14:15:57.903+0000] {processor.py:161} INFO - Started process (PID=214) to work on /home/airflow/.local/lib/python3.12/site-packages/airflow/example_dags/example_short_circuit_decorator.py
[2025-12-27T14:15:57.907+0000] {processor.py:830} INFO - Processing file /home/airflow/.local/lib/python3.12/site-packages/airflow/example_dags/example_short_circuit_decorator.py for tasks to queue
[2025-12-27T14:15:57.912+0000] {logging_mixin.py:188} INFO - [2025-12-27T14:15:57.911+0000] {dagbag.py:540} INFO - Filling up the DagBag from /home/airflow/.local/lib/python3.12/site-packages/airflow/example_dags/example_short_circuit_decorator.py
[2025-12-27T14:15:57.938+0000] {processor.py:840} INFO - DAG(s) 'example_short_circuit_decorator' retrieved from /home/airflow/.local/lib/python3.12/site-packages/airflow/example_dags/example_short_circuit_decorator.py
[2025-12-27T14:15:58.110+0000] {logging_mixin.py:188} INFO - [2025-12-27T14:15:58.109+0000] {dag.py:3096} INFO - Sync 1 DAGs
[2025-12-27T14:15:58.171+0000] {logging_mixin.py:188} INFO - [2025-12-27T14:15:58.170+0000] {dag.py:3954} INFO - Setting next_dagrun for example_short_circuit_decorator to 2025-12-26 00:00:00+00:00, run_after=2025-12-27 00:00:00+00:00
[2025-12-27T14:15:58.221+0000] {processor.py:183} INFO - Processing /home/airflow/.local/lib/python3.12/site-packages/airflow/example_dags/example_short_circuit_decorator.py took 0.334 seconds
[2025-12-27T14:16:29.082+0000] {processor.py:161} INFO - Started process (PID=272) to work on /home/airflow/.local/lib/python3.12/site-packages/airflow/example_dags/example_short_circuit_decorator.py
[2025-12-27T14:16:29.124+0000] {processor.py:830} INFO - Processing file /home/airflow/.local/lib/python3.12/site-packages/airflow/example_dags/example_short_circuit_decorator.py for tasks to queue
[2025-12-27T14:16:29.211+0000] {logging_mixin.py:188} INFO - [2025-12-27T14:16:29.193+0000] {dagbag.py:540} INFO - Filling up the DagBag from /home/airflow/.local/lib/python3.12/site-packages/airflow/example_dags/example_short_circuit_decorator.py
[2025-12-27T14:16:29.579+0000] {processor.py:840} INFO - DAG(s) 'example_short_circuit_decorator' retrieved from /home/airflow/.local/lib/python3.12/site-packages/airflow/example_dags/example_short_circuit_decorator.py
[2025-12-27T14:16:29.957+0000] {logging_mixin.py:188} INFO - [2025-12-27T14:16:29.956+0000] {dag.py:3096} INFO - Sync 1 DAGs
[2025-12-27T14:16:30.377+0000] {logging_mixin.py:188} INFO - [2025-12-27T14:16:30.377+0000] {dag.py:3954} INFO - Setting next_dagrun for example_short_circuit_decorator to 2025-12-26 00:00:00+00:00, run_after=2025-12-27 00:00:00+00:00
[2025-12-27T14:16:30.487+0000] {processor.py:183} INFO - Processing /home/airflow/.local/lib/python3.12/site-packages/airflow/example_dags/example_short_circuit_decorator.py took 1.593 seconds
[2025-12-27T14:17:01.283+0000] {processor.py:161} INFO - Started process (PID=330) to work on /home/airflow/.local/lib/python3.12/site-packages/airflow/example_dags/example_short_circuit_decorator.py
[2025-12-27T14:17:01.296+0000] {processor.py:830} INFO - Processing file /home/airflow/.local/lib/python3.12/site-packages/airflow/example_dags/example_short_circuit_decorator.py for tasks to queue
[2025-12-27T14:17:01.314+0000] {logging_mixin.py:188} INFO - [2025-12-27T14:17:01.313+0000] {dagbag.py:540} INFO - Filling up the DagBag from /home/airflow/.local/lib/python3.12/site-packages/airflow/example_dags/example_short_circuit_decorator.py
[2025-12-27T14:17:01.414+0000] {processor.py:840} INFO - DAG(s) 'example_short_circuit_decorator' retrieved from /home/airflow/.local/lib/python3.12/site-packages/airflow/example_dags/example_short_circuit_decorator.py
[2025-12-27T14:17:01.679+0000] {logging_mixin.py:188} INFO - [2025-12-27T14:17:01.667+0000] {dag.py:3096} INFO - Sync 1 DAGs
[2025-12-27T14:17:01.950+0000] {logging_mixin.py:188} INFO - [2025-12-27T14:17:01.949+0000] {dag.py:3954} INFO - Setting next_dagrun for example_short_circuit_decorator to 2025-12-26 00:00:00+00:00, run_after=2025-12-27 00:00:00+00:00
[2025-12-27T14:17:02.201+0000] {processor.py:183} INFO - Processing /home/airflow/.local/lib/python3.12/site-packages/airflow/example_dags/example_short_circuit_decorator.py took 0.984 seconds
[2025-12-27T14:17:48.387+0000] {processor.py:161} INFO - Started process (PID=378) to work on /home/airflow/.local/lib/python3.12/site-packages/airflow/example_dags/example_short_circuit_decorator.py
[2025-12-27T14:17:48.396+0000] {processor.py:830} INFO - Processing file /home/airflow/.local/lib/python3.12/site-packages/airflow/example_dags/example_short_circuit_decorator.py for tasks to queue
[2025-12-27T14:17:48.411+0000] {logging_mixin.py:188} INFO - [2025-12-27T14:17:48.407+0000] {dagbag.py:540} INFO - Filling up the DagBag from /home/airflow/.local/lib/python3.12/site-packages/airflow/example_dags/example_short_circuit_decorator.py
[2025-12-27T14:17:48.490+0000] {processor.py:840} INFO - DAG(s) 'example_short_circuit_decorator' retrieved from /home/airflow/.local/lib/python3.12/site-packages/airflow/example_dags/example_short_circuit_decorator.py
[2025-12-27T14:17:48.718+0000] {logging_mixin.py:188} INFO - [2025-12-27T14:17:48.717+0000] {dag.py:3096} INFO - Sync 1 DAGs
[2025-12-27T14:17:48.944+0000] {logging_mixin.py:188} INFO - [2025-12-27T14:17:48.943+0000] {dag.py:3954} INFO - Setting next_dagrun for example_short_circuit_decorator to 2025-12-26 00:00:00+00:00, run_after=2025-12-27 00:00:00+00:00
[2025-12-27T14:17:49.234+0000] {processor.py:183} INFO - Processing /home/airflow/.local/lib/python3.12/site-packages/airflow/example_dags/example_short_circuit_decorator.py took 0.887 seconds
[2025-12-27T14:18:32.492+0000] {processor.py:161} INFO - Started process (PID=439) to work on /home/airflow/.local/lib/python3.12/site-packages/airflow/example_dags/example_short_circuit_decorator.py
[2025-12-27T14:18:32.497+0000] {processor.py:830} INFO - Processing file /home/airflow/.local/lib/python3.12/site-packages/airflow/example_dags/example_short_circuit_decorator.py for tasks to queue
[2025-12-27T14:18:32.506+0000] {logging_mixin.py:188} INFO - [2025-12-27T14:18:32.504+0000] {dagbag.py:540} INFO - Filling up the DagBag from /home/airflow/.local/lib/python3.12/site-packages/airflow/example_dags/example_short_circuit_decorator.py
[2025-12-27T14:18:32.565+0000] {processor.py:840} INFO - DAG(s) 'example_short_circuit_decorator' retrieved from /home/airflow/.local/lib/python3.12/site-packages/airflow/example_dags/example_short_circuit_decorator.py
[2025-12-27T14:18:32.710+0000] {logging_mixin.py:188} INFO - [2025-12-27T14:18:32.709+0000] {dag.py:3096} INFO - Sync 1 DAGs
[2025-12-27T14:18:32.839+0000] {logging_mixin.py:188} INFO - [2025-12-27T14:18:32.838+0000] {dag.py:3954} INFO - Setting next_dagrun for example_short_circuit_decorator to 2025-12-26 00:00:00+00:00, run_after=2025-12-27 00:00:00+00:00
[2025-12-27T14:18:32.942+0000] {processor.py:183} INFO - Processing /home/airflow/.local/lib/python3.12/site-packages/airflow/example_dags/example_short_circuit_decorator.py took 0.479 seconds
[2025-12-27T14:19:03.532+0000] {processor.py:161} INFO - Started process (PID=497) to work on /home/airflow/.local/lib/python3.12/site-packages/airflow/example_dags/example_short_circuit_decorator.py
[2025-12-27T14:19:03.536+0000] {processor.py:830} INFO - Processing file /home/airflow/.local/lib/python3.12/site-packages/airflow/example_dags/example_short_circuit_decorator.py for tasks to queue
[2025-12-27T14:19:03.545+0000] {logging_mixin.py:188} INFO - [2025-12-27T14:19:03.544+0000] {dagbag.py:540} INFO - Filling up the DagBag from /home/airflow/.local/lib/python3.12/site-packages/airflow/example_dags/example_short_circuit_decorator.py
[2025-12-27T14:19:03.579+0000] {processor.py:840} INFO - DAG(s) 'example_short_circuit_decorator' retrieved from /home/airflow/.local/lib/python3.12/site-packages/airflow/example_dags/example_short_circuit_decorator.py
[2025-12-27T14:19:03.653+0000] {logging_mixin.py:188} INFO - [2025-12-27T14:19:03.653+0000] {dag.py:3096} INFO - Sync 1 DAGs
[2025-12-27T14:19:03.752+0000] {logging_mixin.py:188} INFO - [2025-12-27T14:19:03.751+0000] {dag.py:3954} INFO - Setting next_dagrun for example_short_circuit_decorator to 2025-12-26 00:00:00+00:00, run_after=2025-12-27 00:00:00+00:00
[2025-12-27T14:19:03.811+0000] {processor.py:183} INFO - Processing /home/airflow/.local/lib/python3.12/site-packages/airflow/example_dags/example_short_circuit_decorator.py took 0.298 seconds
[2025-12-27T14:19:36.712+0000] {processor.py:161} INFO - Started process (PID=555) to work on /home/airflow/.local/lib/python3.12/site-packages/airflow/example_dags/example_short_circuit_decorator.py
[2025-12-27T14:19:36.717+0000] {processor.py:830} INFO - Processing file /home/airflow/.local/lib/python3.12/site-packages/airflow/example_dags/example_short_circuit_decorator.py for tasks to queue
[2025-12-27T14:19:36.728+0000] {logging_mixin.py:188} INFO - [2025-12-27T14:19:36.726+0000] {dagbag.py:540} INFO - Filling up the DagBag from /home/airflow/.local/lib/python3.12/site-packages/airflow/example_dags/example_short_circuit_decorator.py
[2025-12-27T14:19:36.779+0000] {processor.py:840} INFO - DAG(s) 'example_short_circuit_decorator' retrieved from /home/airflow/.local/lib/python3.12/site-packages/airflow/example_dags/example_short_circuit_decorator.py
[2025-12-27T14:19:36.863+0000] {logging_mixin.py:188} INFO - [2025-12-27T14:19:36.862+0000] {dag.py:3096} INFO - Sync 1 DAGs
[2025-12-27T14:19:36.933+0000] {logging_mixin.py:188} INFO - [2025-12-27T14:19:36.933+0000] {dag.py:3954} INFO - Setting next_dagrun for example_short_circuit_decorator to 2025-12-26 00:00:00+00:00, run_after=2025-12-27 00:00:00+00:00
[2025-12-27T14:19:37.004+0000] {processor.py:183} INFO - Processing /home/airflow/.local/lib/python3.12/site-packages/airflow/example_dags/example_short_circuit_decorator.py took 0.317 seconds
[2025-12-27T14:20:11.179+0000] {processor.py:161} INFO - Started process (PID=613) to work on /home/airflow/.local/lib/python3.12/site-packages/airflow/example_dags/example_short_circuit_decorator.py
[2025-12-27T14:20:11.218+0000] {processor.py:830} INFO - Processing file /home/airflow/.local/lib/python3.12/site-packages/airflow/example_dags/example_short_circuit_decorator.py for tasks to queue
[2025-12-27T14:20:11.225+0000] {logging_mixin.py:188} INFO - [2025-12-27T14:20:11.224+0000] {dagbag.py:540} INFO - Filling up the DagBag from /home/airflow/.local/lib/python3.12/site-packages/airflow/example_dags/example_short_circuit_decorator.py
[2025-12-27T14:20:11.263+0000] {processor.py:840} INFO - DAG(s) 'example_short_circuit_decorator' retrieved from /home/airflow/.local/lib/python3.12/site-packages/airflow/example_dags/example_short_circuit_decorator.py
[2025-12-27T14:20:11.340+0000] {logging_mixin.py:188} INFO - [2025-12-27T14:20:11.340+0000] {dag.py:3096} INFO - Sync 1 DAGs
[2025-12-27T14:20:11.432+0000] {logging_mixin.py:188} INFO - [2025-12-27T14:20:11.432+0000] {dag.py:3954} INFO - Setting next_dagrun for example_short_circuit_decorator to 2025-12-26 00:00:00+00:00, run_after=2025-12-27 00:00:00+00:00
[2025-12-27T14:20:11.697+0000] {processor.py:183} INFO - Processing /home/airflow/.local/lib/python3.12/site-packages/airflow/example_dags/example_short_circuit_decorator.py took 0.547 seconds
[2025-12-27T14:20:42.621+0000] {processor.py:161} INFO - Started process (PID=671) to work on /home/airflow/.local/lib/python3.12/site-packages/airflow/example_dags/example_short_circuit_decorator.py
[2025-12-27T14:20:42.623+0000] {processor.py:830} INFO - Processing file /home/airflow/.local/lib/python3.12/site-packages/airflow/example_dags/example_short_circuit_decorator.py for tasks to queue
[2025-12-27T14:20:42.629+0000] {logging_mixin.py:188} INFO - [2025-12-27T14:20:42.628+0000] {dagbag.py:540} INFO - Filling up the DagBag from /home/airflow/.local/lib/python3.12/site-packages/airflow/example_dags/example_short_circuit_decorator.py
[2025-12-27T14:20:42.656+0000] {processor.py:840} INFO - DAG(s) 'example_short_circuit_decorator' retrieved from /home/airflow/.local/lib/python3.12/site-packages/airflow/example_dags/example_short_circuit_decorator.py
[2025-12-27T14:20:42.717+0000] {logging_mixin.py:188} INFO - [2025-12-27T14:20:42.717+0000] {dag.py:3096} INFO - Sync 1 DAGs
[2025-12-27T14:20:42.774+0000] {logging_mixin.py:188} INFO - [2025-12-27T14:20:42.773+0000] {dag.py:3954} INFO - Setting next_dagrun for example_short_circuit_decorator to 2025-12-26 00:00:00+00:00, run_after=2025-12-27 00:00:00+00:00
[2025-12-27T14:20:42.827+0000] {processor.py:183} INFO - Processing /home/airflow/.local/lib/python3.12/site-packages/airflow/example_dags/example_short_circuit_decorator.py took 0.230 seconds
[2025-12-27T14:21:17.134+0000] {processor.py:161} INFO - Started process (PID=729) to work on /home/airflow/.local/lib/python3.12/site-packages/airflow/example_dags/example_short_circuit_decorator.py
[2025-12-27T14:21:17.158+0000] {processor.py:830} INFO - Processing file /home/airflow/.local/lib/python3.12/site-packages/airflow/example_dags/example_short_circuit_decorator.py for tasks to queue
[2025-12-27T14:21:17.211+0000] {logging_mixin.py:188} INFO - [2025-12-27T14:21:17.196+0000] {dagbag.py:540} INFO - Filling up the DagBag from /home/airflow/.local/lib/python3.12/site-packages/airflow/example_dags/example_short_circuit_decorator.py
[2025-12-27T14:21:17.395+0000] {processor.py:840} INFO - DAG(s) 'example_short_circuit_decorator' retrieved from /home/airflow/.local/lib/python3.12/site-packages/airflow/example_dags/example_short_circuit_decorator.py
[2025-12-27T14:21:18.148+0000] {logging_mixin.py:188} INFO - [2025-12-27T14:21:18.139+0000] {dag.py:3096} INFO - Sync 1 DAGs
[2025-12-27T14:21:18.669+0000] {logging_mixin.py:188} INFO - [2025-12-27T14:21:18.668+0000] {dag.py:3954} INFO - Setting next_dagrun for example_short_circuit_decorator to 2025-12-26 00:00:00+00:00, run_after=2025-12-27 00:00:00+00:00
[2025-12-27T14:21:19.093+0000] {processor.py:183} INFO - Processing /home/airflow/.local/lib/python3.12/site-packages/airflow/example_dags/example_short_circuit_decorator.py took 2.057 seconds
[2025-12-27T14:21:51.752+0000] {processor.py:161} INFO - Started process (PID=785) to work on /home/airflow/.local/lib/python3.12/site-packages/airflow/example_dags/example_short_circuit_decorator.py
[2025-12-27T14:21:51.758+0000] {processor.py:830} INFO - Processing file /home/airflow/.local/lib/python3.12/site-packages/airflow/example_dags/example_short_circuit_decorator.py for tasks to queue
[2025-12-27T14:21:51.775+0000] {logging_mixin.py:188} INFO - [2025-12-27T14:21:51.774+0000] {dagbag.py:540} INFO - Filling up the DagBag from /home/airflow/.local/lib/python3.12/site-packages/airflow/example_dags/example_short_circuit_decorator.py
[2025-12-27T14:21:51.850+0000] {processor.py:840} INFO - DAG(s) 'example_short_circuit_decorator' retrieved from /home/airflow/.local/lib/python3.12/site-packages/airflow/example_dags/example_short_circuit_decorator.py
[2025-12-27T14:21:52.007+0000] {logging_mixin.py:188} INFO - [2025-12-27T14:21:52.003+0000] {dag.py:3096} INFO - Sync 1 DAGs
[2025-12-27T14:21:52.376+0000] {logging_mixin.py:188} INFO - [2025-12-27T14:21:52.374+0000] {dag.py:3954} INFO - Setting next_dagrun for example_short_circuit_decorator to 2025-12-26 00:00:00+00:00, run_after=2025-12-27 00:00:00+00:00
[2025-12-27T14:21:52.577+0000] {processor.py:183} INFO - Processing /home/airflow/.local/lib/python3.12/site-packages/airflow/example_dags/example_short_circuit_decorator.py took 0.869 seconds
[2025-12-27T14:22:55.421+0000] {processor.py:161} INFO - Started process (PID=849) to work on /home/airflow/.local/lib/python3.12/site-packages/airflow/example_dags/example_short_circuit_decorator.py
[2025-12-27T14:22:55.433+0000] {processor.py:830} INFO - Processing file /home/airflow/.local/lib/python3.12/site-packages/airflow/example_dags/example_short_circuit_decorator.py for tasks to queue
[2025-12-27T14:22:55.452+0000] {logging_mixin.py:188} INFO - [2025-12-27T14:22:55.450+0000] {dagbag.py:540} INFO - Filling up the DagBag from /home/airflow/.local/lib/python3.12/site-packages/airflow/example_dags/example_short_circuit_decorator.py
[2025-12-27T14:22:55.547+0000] {processor.py:840} INFO - DAG(s) 'example_short_circuit_decorator' retrieved from /home/airflow/.local/lib/python3.12/site-packages/airflow/example_dags/example_short_circuit_decorator.py
[2025-12-27T14:22:55.784+0000] {logging_mixin.py:188} INFO - [2025-12-27T14:22:55.782+0000] {dag.py:3096} INFO - Sync 1 DAGs
[2025-12-27T14:22:56.002+0000] {logging_mixin.py:188} INFO - [2025-12-27T14:22:56.001+0000] {dag.py:3954} INFO - Setting next_dagrun for example_short_circuit_decorator to 2025-12-26 00:00:00+00:00, run_after=2025-12-27 00:00:00+00:00
[2025-12-27T14:22:56.217+0000] {processor.py:183} INFO - Processing /home/airflow/.local/lib/python3.12/site-packages/airflow/example_dags/example_short_circuit_decorator.py took 0.851 seconds
[2025-12-27T14:23:57.520+0000] {processor.py:161} INFO - Started process (PID=885) to work on /home/airflow/.local/lib/python3.12/site-packages/airflow/example_dags/example_short_circuit_decorator.py
[2025-12-27T14:23:57.532+0000] {processor.py:830} INFO - Processing file /home/airflow/.local/lib/python3.12/site-packages/airflow/example_dags/example_short_circuit_decorator.py for tasks to queue
[2025-12-27T14:23:57.549+0000] {logging_mixin.py:188} INFO - [2025-12-27T14:23:57.547+0000] {dagbag.py:540} INFO - Filling up the DagBag from /home/airflow/.local/lib/python3.12/site-packages/airflow/example_dags/example_short_circuit_decorator.py
[2025-12-27T14:23:57.631+0000] {processor.py:840} INFO - DAG(s) 'example_short_circuit_decorator' retrieved from /home/airflow/.local/lib/python3.12/site-packages/airflow/example_dags/example_short_circuit_decorator.py
[2025-12-27T14:23:57.823+0000] {logging_mixin.py:188} INFO - [2025-12-27T14:23:57.822+0000] {dag.py:3096} INFO - Sync 1 DAGs
[2025-12-27T14:23:58.019+0000] {logging_mixin.py:188} INFO - [2025-12-27T14:23:58.017+0000] {dag.py:3954} INFO - Setting next_dagrun for example_short_circuit_decorator to 2025-12-26 00:00:00+00:00, run_after=2025-12-27 00:00:00+00:00
[2025-12-27T14:23:58.135+0000] {processor.py:183} INFO - Processing /home/airflow/.local/lib/python3.12/site-packages/airflow/example_dags/example_short_circuit_decorator.py took 0.654 seconds
[2025-12-27T14:24:28.411+0000] {processor.py:161} INFO - Started process (PID=943) to work on /home/airflow/.local/lib/python3.12/site-packages/airflow/example_dags/example_short_circuit_decorator.py
[2025-12-27T14:24:28.416+0000] {processor.py:830} INFO - Processing file /home/airflow/.local/lib/python3.12/site-packages/airflow/example_dags/example_short_circuit_decorator.py for tasks to queue
[2025-12-27T14:24:28.420+0000] {logging_mixin.py:188} INFO - [2025-12-27T14:24:28.419+0000] {dagbag.py:540} INFO - Filling up the DagBag from /home/airflow/.local/lib/python3.12/site-packages/airflow/example_dags/example_short_circuit_decorator.py
[2025-12-27T14:24:28.482+0000] {processor.py:840} INFO - DAG(s) 'example_short_circuit_decorator' retrieved from /home/airflow/.local/lib/python3.12/site-packages/airflow/example_dags/example_short_circuit_decorator.py
[2025-12-27T14:24:28.599+0000] {logging_mixin.py:188} INFO - [2025-12-27T14:24:28.598+0000] {dag.py:3096} INFO - Sync 1 DAGs
[2025-12-27T14:24:28.689+0000] {logging_mixin.py:188} INFO - [2025-12-27T14:24:28.688+0000] {dag.py:3954} INFO - Setting next_dagrun for example_short_circuit_decorator to 2025-12-26 00:00:00+00:00, run_after=2025-12-27 00:00:00+00:00
[2025-12-27T14:24:28.762+0000] {processor.py:183} INFO - Processing /home/airflow/.local/lib/python3.12/site-packages/airflow/example_dags/example_short_circuit_decorator.py took 0.386 seconds
[2025-12-27T14:25:08.424+0000] {processor.py:161} INFO - Started process (PID=996) to work on /home/airflow/.local/lib/python3.12/site-packages/airflow/example_dags/example_short_circuit_decorator.py
[2025-12-27T14:25:08.429+0000] {processor.py:830} INFO - Processing file /home/airflow/.local/lib/python3.12/site-packages/airflow/example_dags/example_short_circuit_decorator.py for tasks to queue
[2025-12-27T14:25:08.434+0000] {logging_mixin.py:188} INFO - [2025-12-27T14:25:08.433+0000] {dagbag.py:540} INFO - Filling up the DagBag from /home/airflow/.local/lib/python3.12/site-packages/airflow/example_dags/example_short_circuit_decorator.py
[2025-12-27T14:25:08.483+0000] {processor.py:840} INFO - DAG(s) 'example_short_circuit_decorator' retrieved from /home/airflow/.local/lib/python3.12/site-packages/airflow/example_dags/example_short_circuit_decorator.py
[2025-12-27T14:25:08.629+0000] {logging_mixin.py:188} INFO - [2025-12-27T14:25:08.628+0000] {dag.py:3096} INFO - Sync 1 DAGs
[2025-12-27T14:25:08.756+0000] {logging_mixin.py:188} INFO - [2025-12-27T14:25:08.755+0000] {dag.py:3954} INFO - Setting next_dagrun for example_short_circuit_decorator to 2025-12-26 00:00:00+00:00, run_after=2025-12-27 00:00:00+00:00
[2025-12-27T14:25:08.849+0000] {processor.py:183} INFO - Processing /home/airflow/.local/lib/python3.12/site-packages/airflow/example_dags/example_short_circuit_decorator.py took 0.456 seconds
[2025-12-27T14:26:22.197+0000] {processor.py:161} INFO - Started process (PID=1066) to work on /home/airflow/.local/lib/python3.12/site-packages/airflow/example_dags/example_short_circuit_decorator.py
[2025-12-27T14:26:22.202+0000] {processor.py:830} INFO - Processing file /home/airflow/.local/lib/python3.12/site-packages/airflow/example_dags/example_short_circuit_decorator.py for tasks to queue
[2025-12-27T14:26:22.211+0000] {logging_mixin.py:188} INFO - [2025-12-27T14:26:22.209+0000] {dagbag.py:540} INFO - Filling up the DagBag from /home/airflow/.local/lib/python3.12/site-packages/airflow/example_dags/example_short_circuit_decorator.py
[2025-12-27T14:26:22.253+0000] {processor.py:840} INFO - DAG(s) 'example_short_circuit_decorator' retrieved from /home/airflow/.local/lib/python3.12/site-packages/airflow/example_dags/example_short_circuit_decorator.py
[2025-12-27T14:26:22.365+0000] {logging_mixin.py:188} INFO - [2025-12-27T14:26:22.363+0000] {dag.py:3096} INFO - Sync 1 DAGs
[2025-12-27T14:26:22.468+0000] {logging_mixin.py:188} INFO - [2025-12-27T14:26:22.467+0000] {dag.py:3954} INFO - Setting next_dagrun for example_short_circuit_decorator to 2025-12-26 00:00:00+00:00, run_after=2025-12-27 00:00:00+00:00
[2025-12-27T14:26:22.559+0000] {processor.py:183} INFO - Processing /home/airflow/.local/lib/python3.12/site-packages/airflow/example_dags/example_short_circuit_decorator.py took 0.390 seconds
[2025-12-27T14:27:04.301+0000] {processor.py:161} INFO - Started process (PID=1122) to work on /home/airflow/.local/lib/python3.12/site-packages/airflow/example_dags/example_short_circuit_decorator.py
[2025-12-27T14:27:04.307+0000] {processor.py:830} INFO - Processing file /home/airflow/.local/lib/python3.12/site-packages/airflow/example_dags/example_short_circuit_decorator.py for tasks to queue
[2025-12-27T14:27:04.318+0000] {logging_mixin.py:188} INFO - [2025-12-27T14:27:04.316+0000] {dagbag.py:540} INFO - Filling up the DagBag from /home/airflow/.local/lib/python3.12/site-packages/airflow/example_dags/example_short_circuit_decorator.py
[2025-12-27T14:27:04.426+0000] {processor.py:840} INFO - DAG(s) 'example_short_circuit_decorator' retrieved from /home/airflow/.local/lib/python3.12/site-packages/airflow/example_dags/example_short_circuit_decorator.py
[2025-12-27T14:27:04.702+0000] {logging_mixin.py:188} INFO - [2025-12-27T14:27:04.700+0000] {dag.py:3096} INFO - Sync 1 DAGs
[2025-12-27T14:27:06.104+0000] {logging_mixin.py:188} INFO - [2025-12-27T14:27:06.103+0000] {dag.py:3954} INFO - Setting next_dagrun for example_short_circuit_decorator to 2025-12-26 00:00:00+00:00, run_after=2025-12-27 00:00:00+00:00
[2025-12-27T14:27:06.314+0000] {processor.py:183} INFO - Processing /home/airflow/.local/lib/python3.12/site-packages/airflow/example_dags/example_short_circuit_decorator.py took 2.072 seconds
[2025-12-27T14:27:51.826+0000] {processor.py:161} INFO - Started process (PID=1185) to work on /home/airflow/.local/lib/python3.12/site-packages/airflow/example_dags/example_short_circuit_decorator.py
[2025-12-27T14:27:51.830+0000] {processor.py:830} INFO - Processing file /home/airflow/.local/lib/python3.12/site-packages/airflow/example_dags/example_short_circuit_decorator.py for tasks to queue
[2025-12-27T14:27:51.834+0000] {logging_mixin.py:188} INFO - [2025-12-27T14:27:51.833+0000] {dagbag.py:540} INFO - Filling up the DagBag from /home/airflow/.local/lib/python3.12/site-packages/airflow/example_dags/example_short_circuit_decorator.py
[2025-12-27T14:27:51.873+0000] {processor.py:840} INFO - DAG(s) 'example_short_circuit_decorator' retrieved from /home/airflow/.local/lib/python3.12/site-packages/airflow/example_dags/example_short_circuit_decorator.py
[2025-12-27T14:27:52.045+0000] {logging_mixin.py:188} INFO - [2025-12-27T14:27:52.044+0000] {dag.py:3096} INFO - Sync 1 DAGs
[2025-12-27T14:27:52.144+0000] {logging_mixin.py:188} INFO - [2025-12-27T14:27:52.141+0000] {dag.py:3954} INFO - Setting next_dagrun for example_short_circuit_decorator to 2025-12-26 00:00:00+00:00, run_after=2025-12-27 00:00:00+00:00
[2025-12-27T14:27:52.232+0000] {processor.py:183} INFO - Processing /home/airflow/.local/lib/python3.12/site-packages/airflow/example_dags/example_short_circuit_decorator.py took 0.429 seconds
[2025-12-27T14:28:22.542+0000] {processor.py:161} INFO - Started process (PID=1243) to work on /home/airflow/.local/lib/python3.12/site-packages/airflow/example_dags/example_short_circuit_decorator.py
[2025-12-27T14:28:22.545+0000] {processor.py:830} INFO - Processing file /home/airflow/.local/lib/python3.12/site-packages/airflow/example_dags/example_short_circuit_decorator.py for tasks to queue
[2025-12-27T14:28:22.549+0000] {logging_mixin.py:188} INFO - [2025-12-27T14:28:22.547+0000] {dagbag.py:540} INFO - Filling up the DagBag from /home/airflow/.local/lib/python3.12/site-packages/airflow/example_dags/example_short_circuit_decorator.py
[2025-12-27T14:28:22.576+0000] {processor.py:840} INFO - DAG(s) 'example_short_circuit_decorator' retrieved from /home/airflow/.local/lib/python3.12/site-packages/airflow/example_dags/example_short_circuit_decorator.py
[2025-12-27T14:28:22.646+0000] {logging_mixin.py:188} INFO - [2025-12-27T14:28:22.646+0000] {dag.py:3096} INFO - Sync 1 DAGs
[2025-12-27T14:28:22.709+0000] {logging_mixin.py:188} INFO - [2025-12-27T14:28:22.708+0000] {dag.py:3954} INFO - Setting next_dagrun for example_short_circuit_decorator to 2025-12-26 00:00:00+00:00, run_after=2025-12-27 00:00:00+00:00
[2025-12-27T14:28:22.764+0000] {processor.py:183} INFO - Processing /home/airflow/.local/lib/python3.12/site-packages/airflow/example_dags/example_short_circuit_decorator.py took 0.239 seconds
[2025-12-27T14:28:53.953+0000] {processor.py:161} INFO - Started process (PID=1301) to work on /home/airflow/.local/lib/python3.12/site-packages/airflow/example_dags/example_short_circuit_decorator.py
[2025-12-27T14:28:53.959+0000] {processor.py:830} INFO - Processing file /home/airflow/.local/lib/python3.12/site-packages/airflow/example_dags/example_short_circuit_decorator.py for tasks to queue
[2025-12-27T14:28:53.964+0000] {logging_mixin.py:188} INFO - [2025-12-27T14:28:53.962+0000] {dagbag.py:540} INFO - Filling up the DagBag from /home/airflow/.local/lib/python3.12/site-packages/airflow/example_dags/example_short_circuit_decorator.py
[2025-12-27T14:28:54.045+0000] {processor.py:840} INFO - DAG(s) 'example_short_circuit_decorator' retrieved from /home/airflow/.local/lib/python3.12/site-packages/airflow/example_dags/example_short_circuit_decorator.py
[2025-12-27T14:28:54.162+0000] {logging_mixin.py:188} INFO - [2025-12-27T14:28:54.161+0000] {dag.py:3096} INFO - Sync 1 DAGs
[2025-12-27T14:28:54.401+0000] {logging_mixin.py:188} INFO - [2025-12-27T14:28:54.400+0000] {dag.py:3954} INFO - Setting next_dagrun for example_short_circuit_decorator to 2025-12-26 00:00:00+00:00, run_after=2025-12-27 00:00:00+00:00
[2025-12-27T14:28:54.698+0000] {processor.py:183} INFO - Processing /home/airflow/.local/lib/python3.12/site-packages/airflow/example_dags/example_short_circuit_decorator.py took 0.789 seconds
[2025-12-27T14:29:27.041+0000] {processor.py:161} INFO - Started process (PID=1359) to work on /home/airflow/.local/lib/python3.12/site-packages/airflow/example_dags/example_short_circuit_decorator.py
[2025-12-27T14:29:27.045+0000] {processor.py:830} INFO - Processing file /home/airflow/.local/lib/python3.12/site-packages/airflow/example_dags/example_short_circuit_decorator.py for tasks to queue
[2025-12-27T14:29:27.048+0000] {logging_mixin.py:188} INFO - [2025-12-27T14:29:27.047+0000] {dagbag.py:540} INFO - Filling up the DagBag from /home/airflow/.local/lib/python3.12/site-packages/airflow/example_dags/example_short_circuit_decorator.py
[2025-12-27T14:29:27.089+0000] {processor.py:840} INFO - DAG(s) 'example_short_circuit_decorator' retrieved from /home/airflow/.local/lib/python3.12/site-packages/airflow/example_dags/example_short_circuit_decorator.py
[2025-12-27T14:29:27.227+0000] {logging_mixin.py:188} INFO - [2025-12-27T14:29:27.227+0000] {dag.py:3096} INFO - Sync 1 DAGs
[2025-12-27T14:29:27.413+0000] {logging_mixin.py:188} INFO - [2025-12-27T14:29:27.412+0000] {dag.py:3954} INFO - Setting next_dagrun for example_short_circuit_decorator to 2025-12-26 00:00:00+00:00, run_after=2025-12-27 00:00:00+00:00
[2025-12-27T14:29:27.603+0000] {processor.py:183} INFO - Processing /home/airflow/.local/lib/python3.12/site-packages/airflow/example_dags/example_short_circuit_decorator.py took 0.593 seconds
[2025-12-27T14:30:02.535+0000] {processor.py:161} INFO - Started process (PID=1409) to work on /home/airflow/.local/lib/python3.12/site-packages/airflow/example_dags/example_short_circuit_decorator.py
[2025-12-27T14:30:02.557+0000] {processor.py:830} INFO - Processing file /home/airflow/.local/lib/python3.12/site-packages/airflow/example_dags/example_short_circuit_decorator.py for tasks to queue
[2025-12-27T14:30:02.560+0000] {logging_mixin.py:188} INFO - [2025-12-27T14:30:02.559+0000] {dagbag.py:540} INFO - Filling up the DagBag from /home/airflow/.local/lib/python3.12/site-packages/airflow/example_dags/example_short_circuit_decorator.py
[2025-12-27T14:30:02.627+0000] {processor.py:840} INFO - DAG(s) 'example_short_circuit_decorator' retrieved from /home/airflow/.local/lib/python3.12/site-packages/airflow/example_dags/example_short_circuit_decorator.py
[2025-12-27T14:30:02.693+0000] {logging_mixin.py:188} INFO - [2025-12-27T14:30:02.692+0000] {dag.py:3096} INFO - Sync 1 DAGs
[2025-12-27T14:30:02.751+0000] {logging_mixin.py:188} INFO - [2025-12-27T14:30:02.750+0000] {dag.py:3954} INFO - Setting next_dagrun for example_short_circuit_decorator to 2025-12-26 00:00:00+00:00, run_after=2025-12-27 00:00:00+00:00
[2025-12-27T14:30:02.964+0000] {processor.py:183} INFO - Processing /home/airflow/.local/lib/python3.12/site-packages/airflow/example_dags/example_short_circuit_decorator.py took 0.876 seconds
[2025-12-27T14:30:33.410+0000] {processor.py:161} INFO - Started process (PID=1466) to work on /home/airflow/.local/lib/python3.12/site-packages/airflow/example_dags/example_short_circuit_decorator.py
[2025-12-27T14:30:33.413+0000] {processor.py:830} INFO - Processing file /home/airflow/.local/lib/python3.12/site-packages/airflow/example_dags/example_short_circuit_decorator.py for tasks to queue
[2025-12-27T14:30:33.419+0000] {logging_mixin.py:188} INFO - [2025-12-27T14:30:33.417+0000] {dagbag.py:540} INFO - Filling up the DagBag from /home/airflow/.local/lib/python3.12/site-packages/airflow/example_dags/example_short_circuit_decorator.py
[2025-12-27T14:30:33.451+0000] {processor.py:840} INFO - DAG(s) 'example_short_circuit_decorator' retrieved from /home/airflow/.local/lib/python3.12/site-packages/airflow/example_dags/example_short_circuit_decorator.py
[2025-12-27T14:30:33.514+0000] {logging_mixin.py:188} INFO - [2025-12-27T14:30:33.513+0000] {dag.py:3096} INFO - Sync 1 DAGs
[2025-12-27T14:30:33.573+0000] {logging_mixin.py:188} INFO - [2025-12-27T14:30:33.572+0000] {dag.py:3954} INFO - Setting next_dagrun for example_short_circuit_decorator to 2025-12-26 00:00:00+00:00, run_after=2025-12-27 00:00:00+00:00
[2025-12-27T14:30:33.622+0000] {processor.py:183} INFO - Processing /home/airflow/.local/lib/python3.12/site-packages/airflow/example_dags/example_short_circuit_decorator.py took 0.230 seconds
[2025-12-27T14:31:04.315+0000] {processor.py:161} INFO - Started process (PID=1524) to work on /home/airflow/.local/lib/python3.12/site-packages/airflow/example_dags/example_short_circuit_decorator.py
[2025-12-27T14:31:04.318+0000] {processor.py:830} INFO - Processing file /home/airflow/.local/lib/python3.12/site-packages/airflow/example_dags/example_short_circuit_decorator.py for tasks to queue
[2025-12-27T14:31:04.322+0000] {logging_mixin.py:188} INFO - [2025-12-27T14:31:04.321+0000] {dagbag.py:540} INFO - Filling up the DagBag from /home/airflow/.local/lib/python3.12/site-packages/airflow/example_dags/example_short_circuit_decorator.py
[2025-12-27T14:31:04.364+0000] {processor.py:840} INFO - DAG(s) 'example_short_circuit_decorator' retrieved from /home/airflow/.local/lib/python3.12/site-packages/airflow/example_dags/example_short_circuit_decorator.py
[2025-12-27T14:31:04.461+0000] {logging_mixin.py:188} INFO - [2025-12-27T14:31:04.460+0000] {dag.py:3096} INFO - Sync 1 DAGs
[2025-12-27T14:31:04.601+0000] {logging_mixin.py:188} INFO - [2025-12-27T14:31:04.600+0000] {dag.py:3954} INFO - Setting next_dagrun for example_short_circuit_decorator to 2025-12-26 00:00:00+00:00, run_after=2025-12-27 00:00:00+00:00
[2025-12-27T14:31:04.720+0000] {processor.py:183} INFO - Processing /home/airflow/.local/lib/python3.12/site-packages/airflow/example_dags/example_short_circuit_decorator.py took 0.422 seconds
[2025-12-27T14:31:34.938+0000] {processor.py:161} INFO - Started process (PID=1582) to work on /home/airflow/.local/lib/python3.12/site-packages/airflow/example_dags/example_short_circuit_decorator.py
[2025-12-27T14:31:34.941+0000] {processor.py:830} INFO - Processing file /home/airflow/.local/lib/python3.12/site-packages/airflow/example_dags/example_short_circuit_decorator.py for tasks to queue
[2025-12-27T14:31:34.944+0000] {logging_mixin.py:188} INFO - [2025-12-27T14:31:34.943+0000] {dagbag.py:540} INFO - Filling up the DagBag from /home/airflow/.local/lib/python3.12/site-packages/airflow/example_dags/example_short_circuit_decorator.py
[2025-12-27T14:31:34.972+0000] {processor.py:840} INFO - DAG(s) 'example_short_circuit_decorator' retrieved from /home/airflow/.local/lib/python3.12/site-packages/airflow/example_dags/example_short_circuit_decorator.py
[2025-12-27T14:31:35.036+0000] {logging_mixin.py:188} INFO - [2025-12-27T14:31:35.036+0000] {dag.py:3096} INFO - Sync 1 DAGs
[2025-12-27T14:31:35.098+0000] {logging_mixin.py:188} INFO - [2025-12-27T14:31:35.097+0000] {dag.py:3954} INFO - Setting next_dagrun for example_short_circuit_decorator to 2025-12-26 00:00:00+00:00, run_after=2025-12-27 00:00:00+00:00
[2025-12-27T14:31:35.152+0000] {processor.py:183} INFO - Processing /home/airflow/.local/lib/python3.12/site-packages/airflow/example_dags/example_short_circuit_decorator.py took 0.232 seconds
[2025-12-27T14:32:05.852+0000] {processor.py:161} INFO - Started process (PID=1640) to work on /home/airflow/.local/lib/python3.12/site-packages/airflow/example_dags/example_short_circuit_decorator.py
[2025-12-27T14:32:05.855+0000] {processor.py:830} INFO - Processing file /home/airflow/.local/lib/python3.12/site-packages/airflow/example_dags/example_short_circuit_decorator.py for tasks to queue
[2025-12-27T14:32:05.858+0000] {logging_mixin.py:188} INFO - [2025-12-27T14:32:05.857+0000] {dagbag.py:540} INFO - Filling up the DagBag from /home/airflow/.local/lib/python3.12/site-packages/airflow/example_dags/example_short_circuit_decorator.py
[2025-12-27T14:32:05.885+0000] {processor.py:840} INFO - DAG(s) 'example_short_circuit_decorator' retrieved from /home/airflow/.local/lib/python3.12/site-packages/airflow/example_dags/example_short_circuit_decorator.py
[2025-12-27T14:32:05.951+0000] {logging_mixin.py:188} INFO - [2025-12-27T14:32:05.950+0000] {dag.py:3096} INFO - Sync 1 DAGs
[2025-12-27T14:32:06.009+0000] {logging_mixin.py:188} INFO - [2025-12-27T14:32:06.008+0000] {dag.py:3954} INFO - Setting next_dagrun for example_short_circuit_decorator to 2025-12-26 00:00:00+00:00, run_after=2025-12-27 00:00:00+00:00
[2025-12-27T14:32:06.065+0000] {processor.py:183} INFO - Processing /home/airflow/.local/lib/python3.12/site-packages/airflow/example_dags/example_short_circuit_decorator.py took 0.230 seconds
[2025-12-27T14:32:36.495+0000] {processor.py:161} INFO - Started process (PID=1698) to work on /home/airflow/.local/lib/python3.12/site-packages/airflow/example_dags/example_short_circuit_decorator.py
[2025-12-27T14:32:36.497+0000] {processor.py:830} INFO - Processing file /home/airflow/.local/lib/python3.12/site-packages/airflow/example_dags/example_short_circuit_decorator.py for tasks to queue
[2025-12-27T14:32:36.501+0000] {logging_mixin.py:188} INFO - [2025-12-27T14:32:36.500+0000] {dagbag.py:540} INFO - Filling up the DagBag from /home/airflow/.local/lib/python3.12/site-packages/airflow/example_dags/example_short_circuit_decorator.py
[2025-12-27T14:32:36.537+0000] {processor.py:840} INFO - DAG(s) 'example_short_circuit_decorator' retrieved from /home/airflow/.local/lib/python3.12/site-packages/airflow/example_dags/example_short_circuit_decorator.py
[2025-12-27T14:32:36.604+0000] {logging_mixin.py:188} INFO - [2025-12-27T14:32:36.604+0000] {dag.py:3096} INFO - Sync 1 DAGs
[2025-12-27T14:32:36.674+0000] {logging_mixin.py:188} INFO - [2025-12-27T14:32:36.673+0000] {dag.py:3954} INFO - Setting next_dagrun for example_short_circuit_decorator to 2025-12-26 00:00:00+00:00, run_after=2025-12-27 00:00:00+00:00
[2025-12-27T14:32:36.740+0000] {processor.py:183} INFO - Processing /home/airflow/.local/lib/python3.12/site-packages/airflow/example_dags/example_short_circuit_decorator.py took 0.266 seconds
[2025-12-27T14:33:07.250+0000] {processor.py:161} INFO - Started process (PID=1757) to work on /home/airflow/.local/lib/python3.12/site-packages/airflow/example_dags/example_short_circuit_decorator.py
[2025-12-27T14:33:07.252+0000] {processor.py:830} INFO - Processing file /home/airflow/.local/lib/python3.12/site-packages/airflow/example_dags/example_short_circuit_decorator.py for tasks to queue
[2025-12-27T14:33:07.255+0000] {logging_mixin.py:188} INFO - [2025-12-27T14:33:07.254+0000] {dagbag.py:540} INFO - Filling up the DagBag from /home/airflow/.local/lib/python3.12/site-packages/airflow/example_dags/example_short_circuit_decorator.py
[2025-12-27T14:33:07.284+0000] {processor.py:840} INFO - DAG(s) 'example_short_circuit_decorator' retrieved from /home/airflow/.local/lib/python3.12/site-packages/airflow/example_dags/example_short_circuit_decorator.py
[2025-12-27T14:33:07.353+0000] {logging_mixin.py:188} INFO - [2025-12-27T14:33:07.352+0000] {dag.py:3096} INFO - Sync 1 DAGs
[2025-12-27T14:33:07.412+0000] {logging_mixin.py:188} INFO - [2025-12-27T14:33:07.412+0000] {dag.py:3954} INFO - Setting next_dagrun for example_short_circuit_decorator to 2025-12-26 00:00:00+00:00, run_after=2025-12-27 00:00:00+00:00
[2025-12-27T14:33:07.464+0000] {processor.py:183} INFO - Processing /home/airflow/.local/lib/python3.12/site-packages/airflow/example_dags/example_short_circuit_decorator.py took 0.245 seconds
[2025-12-27T14:33:37.633+0000] {processor.py:161} INFO - Started process (PID=1815) to work on /home/airflow/.local/lib/python3.12/site-packages/airflow/example_dags/example_short_circuit_decorator.py
[2025-12-27T14:33:37.635+0000] {processor.py:830} INFO - Processing file /home/airflow/.local/lib/python3.12/site-packages/airflow/example_dags/example_short_circuit_decorator.py for tasks to queue
[2025-12-27T14:33:37.638+0000] {logging_mixin.py:188} INFO - [2025-12-27T14:33:37.637+0000] {dagbag.py:540} INFO - Filling up the DagBag from /home/airflow/.local/lib/python3.12/site-packages/airflow/example_dags/example_short_circuit_decorator.py
[2025-12-27T14:33:37.672+0000] {processor.py:840} INFO - DAG(s) 'example_short_circuit_decorator' retrieved from /home/airflow/.local/lib/python3.12/site-packages/airflow/example_dags/example_short_circuit_decorator.py
[2025-12-27T14:33:37.738+0000] {logging_mixin.py:188} INFO - [2025-12-27T14:33:37.737+0000] {dag.py:3096} INFO - Sync 1 DAGs
[2025-12-27T14:33:37.792+0000] {logging_mixin.py:188} INFO - [2025-12-27T14:33:37.792+0000] {dag.py:3954} INFO - Setting next_dagrun for example_short_circuit_decorator to 2025-12-26 00:00:00+00:00, run_after=2025-12-27 00:00:00+00:00
[2025-12-27T14:33:37.857+0000] {processor.py:183} INFO - Processing /home/airflow/.local/lib/python3.12/site-packages/airflow/example_dags/example_short_circuit_decorator.py took 0.243 seconds
[2025-12-27T14:34:08.366+0000] {processor.py:161} INFO - Started process (PID=1873) to work on /home/airflow/.local/lib/python3.12/site-packages/airflow/example_dags/example_short_circuit_decorator.py
[2025-12-27T14:34:08.369+0000] {processor.py:830} INFO - Processing file /home/airflow/.local/lib/python3.12/site-packages/airflow/example_dags/example_short_circuit_decorator.py for tasks to queue
[2025-12-27T14:34:08.372+0000] {logging_mixin.py:188} INFO - [2025-12-27T14:34:08.371+0000] {dagbag.py:540} INFO - Filling up the DagBag from /home/airflow/.local/lib/python3.12/site-packages/airflow/example_dags/example_short_circuit_decorator.py
[2025-12-27T14:34:08.398+0000] {processor.py:840} INFO - DAG(s) 'example_short_circuit_decorator' retrieved from /home/airflow/.local/lib/python3.12/site-packages/airflow/example_dags/example_short_circuit_decorator.py
[2025-12-27T14:34:08.460+0000] {logging_mixin.py:188} INFO - [2025-12-27T14:34:08.460+0000] {dag.py:3096} INFO - Sync 1 DAGs
[2025-12-27T14:34:08.523+0000] {logging_mixin.py:188} INFO - [2025-12-27T14:34:08.523+0000] {dag.py:3954} INFO - Setting next_dagrun for example_short_circuit_decorator to 2025-12-26 00:00:00+00:00, run_after=2025-12-27 00:00:00+00:00
[2025-12-27T14:34:08.570+0000] {processor.py:183} INFO - Processing /home/airflow/.local/lib/python3.12/site-packages/airflow/example_dags/example_short_circuit_decorator.py took 0.226 seconds
[2025-12-27T14:34:39.881+0000] {processor.py:161} INFO - Started process (PID=1931) to work on /home/airflow/.local/lib/python3.12/site-packages/airflow/example_dags/example_short_circuit_decorator.py
[2025-12-27T14:34:39.886+0000] {processor.py:830} INFO - Processing file /home/airflow/.local/lib/python3.12/site-packages/airflow/example_dags/example_short_circuit_decorator.py for tasks to queue
[2025-12-27T14:34:39.891+0000] {logging_mixin.py:188} INFO - [2025-12-27T14:34:39.889+0000] {dagbag.py:540} INFO - Filling up the DagBag from /home/airflow/.local/lib/python3.12/site-packages/airflow/example_dags/example_short_circuit_decorator.py
[2025-12-27T14:34:39.993+0000] {processor.py:840} INFO - DAG(s) 'example_short_circuit_decorator' retrieved from /home/airflow/.local/lib/python3.12/site-packages/airflow/example_dags/example_short_circuit_decorator.py
[2025-12-27T14:34:40.137+0000] {logging_mixin.py:188} INFO - [2025-12-27T14:34:40.135+0000] {dag.py:3096} INFO - Sync 1 DAGs
[2025-12-27T14:34:40.309+0000] {logging_mixin.py:188} INFO - [2025-12-27T14:34:40.306+0000] {dag.py:3954} INFO - Setting next_dagrun for example_short_circuit_decorator to 2025-12-26 00:00:00+00:00, run_after=2025-12-27 00:00:00+00:00
[2025-12-27T14:34:40.411+0000] {processor.py:183} INFO - Processing /home/airflow/.local/lib/python3.12/site-packages/airflow/example_dags/example_short_circuit_decorator.py took 0.569 seconds
[2025-12-27T14:35:10.710+0000] {processor.py:161} INFO - Started process (PID=1990) to work on /home/airflow/.local/lib/python3.12/site-packages/airflow/example_dags/example_short_circuit_decorator.py
[2025-12-27T14:35:10.713+0000] {processor.py:830} INFO - Processing file /home/airflow/.local/lib/python3.12/site-packages/airflow/example_dags/example_short_circuit_decorator.py for tasks to queue
[2025-12-27T14:35:10.717+0000] {logging_mixin.py:188} INFO - [2025-12-27T14:35:10.716+0000] {dagbag.py:540} INFO - Filling up the DagBag from /home/airflow/.local/lib/python3.12/site-packages/airflow/example_dags/example_short_circuit_decorator.py
[2025-12-27T14:35:10.746+0000] {processor.py:840} INFO - DAG(s) 'example_short_circuit_decorator' retrieved from /home/airflow/.local/lib/python3.12/site-packages/airflow/example_dags/example_short_circuit_decorator.py
[2025-12-27T14:35:10.817+0000] {logging_mixin.py:188} INFO - [2025-12-27T14:35:10.816+0000] {dag.py:3096} INFO - Sync 1 DAGs
[2025-12-27T14:35:10.896+0000] {logging_mixin.py:188} INFO - [2025-12-27T14:35:10.895+0000] {dag.py:3954} INFO - Setting next_dagrun for example_short_circuit_decorator to 2025-12-26 00:00:00+00:00, run_after=2025-12-27 00:00:00+00:00
[2025-12-27T14:35:10.949+0000] {processor.py:183} INFO - Processing /home/airflow/.local/lib/python3.12/site-packages/airflow/example_dags/example_short_circuit_decorator.py took 0.255 seconds
[2025-12-27T14:35:41.789+0000] {processor.py:161} INFO - Started process (PID=2048) to work on /home/airflow/.local/lib/python3.12/site-packages/airflow/example_dags/example_short_circuit_decorator.py
[2025-12-27T14:35:41.792+0000] {processor.py:830} INFO - Processing file /home/airflow/.local/lib/python3.12/site-packages/airflow/example_dags/example_short_circuit_decorator.py for tasks to queue
[2025-12-27T14:35:41.796+0000] {logging_mixin.py:188} INFO - [2025-12-27T14:35:41.794+0000] {dagbag.py:540} INFO - Filling up the DagBag from /home/airflow/.local/lib/python3.12/site-packages/airflow/example_dags/example_short_circuit_decorator.py
[2025-12-27T14:35:41.829+0000] {processor.py:840} INFO - DAG(s) 'example_short_circuit_decorator' retrieved from /home/airflow/.local/lib/python3.12/site-packages/airflow/example_dags/example_short_circuit_decorator.py
[2025-12-27T14:35:41.967+0000] {logging_mixin.py:188} INFO - [2025-12-27T14:35:41.967+0000] {dag.py:3096} INFO - Sync 1 DAGs
[2025-12-27T14:35:42.041+0000] {logging_mixin.py:188} INFO - [2025-12-27T14:35:42.040+0000] {dag.py:3954} INFO - Setting next_dagrun for example_short_circuit_decorator to 2025-12-26 00:00:00+00:00, run_after=2025-12-27 00:00:00+00:00
[2025-12-27T14:35:42.093+0000] {processor.py:183} INFO - Processing /home/airflow/.local/lib/python3.12/site-packages/airflow/example_dags/example_short_circuit_decorator.py took 0.326 seconds
[2025-12-27T14:36:25.533+0000] {processor.py:161} INFO - Started process (PID=2106) to work on /home/airflow/.local/lib/python3.12/site-packages/airflow/example_dags/example_short_circuit_decorator.py
[2025-12-27T14:36:25.563+0000] {processor.py:830} INFO - Processing file /home/airflow/.local/lib/python3.12/site-packages/airflow/example_dags/example_short_circuit_decorator.py for tasks to queue
[2025-12-27T14:36:25.568+0000] {logging_mixin.py:188} INFO - [2025-12-27T14:36:25.566+0000] {dagbag.py:540} INFO - Filling up the DagBag from /home/airflow/.local/lib/python3.12/site-packages/airflow/example_dags/example_short_circuit_decorator.py
[2025-12-27T14:36:25.677+0000] {processor.py:840} INFO - DAG(s) 'example_short_circuit_decorator' retrieved from /home/airflow/.local/lib/python3.12/site-packages/airflow/example_dags/example_short_circuit_decorator.py
[2025-12-27T14:36:25.775+0000] {logging_mixin.py:188} INFO - [2025-12-27T14:36:25.775+0000] {dag.py:3096} INFO - Sync 1 DAGs
[2025-12-27T14:36:25.894+0000] {logging_mixin.py:188} INFO - [2025-12-27T14:36:25.893+0000] {dag.py:3954} INFO - Setting next_dagrun for example_short_circuit_decorator to 2025-12-26 00:00:00+00:00, run_after=2025-12-27 00:00:00+00:00
[2025-12-27T14:36:26.046+0000] {processor.py:183} INFO - Processing /home/airflow/.local/lib/python3.12/site-packages/airflow/example_dags/example_short_circuit_decorator.py took 0.537 seconds
[2025-12-27T14:36:56.605+0000] {processor.py:161} INFO - Started process (PID=2162) to work on /home/airflow/.local/lib/python3.12/site-packages/airflow/example_dags/example_short_circuit_decorator.py
[2025-12-27T14:36:56.608+0000] {processor.py:830} INFO - Processing file /home/airflow/.local/lib/python3.12/site-packages/airflow/example_dags/example_short_circuit_decorator.py for tasks to queue
[2025-12-27T14:36:56.612+0000] {logging_mixin.py:188} INFO - [2025-12-27T14:36:56.611+0000] {dagbag.py:540} INFO - Filling up the DagBag from /home/airflow/.local/lib/python3.12/site-packages/airflow/example_dags/example_short_circuit_decorator.py
[2025-12-27T14:36:56.655+0000] {processor.py:840} INFO - DAG(s) 'example_short_circuit_decorator' retrieved from /home/airflow/.local/lib/python3.12/site-packages/airflow/example_dags/example_short_circuit_decorator.py
[2025-12-27T14:36:56.738+0000] {logging_mixin.py:188} INFO - [2025-12-27T14:36:56.737+0000] {dag.py:3096} INFO - Sync 1 DAGs
[2025-12-27T14:36:56.808+0000] {logging_mixin.py:188} INFO - [2025-12-27T14:36:56.807+0000] {dag.py:3954} INFO - Setting next_dagrun for example_short_circuit_decorator to 2025-12-26 00:00:00+00:00, run_after=2025-12-27 00:00:00+00:00
[2025-12-27T14:36:56.871+0000] {processor.py:183} INFO - Processing /home/airflow/.local/lib/python3.12/site-packages/airflow/example_dags/example_short_circuit_decorator.py took 0.291 seconds
[2025-12-27T14:37:28.392+0000] {processor.py:161} INFO - Started process (PID=2221) to work on /home/airflow/.local/lib/python3.12/site-packages/airflow/example_dags/example_short_circuit_decorator.py
[2025-12-27T14:37:28.396+0000] {processor.py:830} INFO - Processing file /home/airflow/.local/lib/python3.12/site-packages/airflow/example_dags/example_short_circuit_decorator.py for tasks to queue
[2025-12-27T14:37:28.400+0000] {logging_mixin.py:188} INFO - [2025-12-27T14:37:28.399+0000] {dagbag.py:540} INFO - Filling up the DagBag from /home/airflow/.local/lib/python3.12/site-packages/airflow/example_dags/example_short_circuit_decorator.py
[2025-12-27T14:37:28.492+0000] {processor.py:840} INFO - DAG(s) 'example_short_circuit_decorator' retrieved from /home/airflow/.local/lib/python3.12/site-packages/airflow/example_dags/example_short_circuit_decorator.py
[2025-12-27T14:37:28.804+0000] {logging_mixin.py:188} INFO - [2025-12-27T14:37:28.804+0000] {dag.py:3096} INFO - Sync 1 DAGs
[2025-12-27T14:37:29.078+0000] {logging_mixin.py:188} INFO - [2025-12-27T14:37:29.072+0000] {dag.py:3954} INFO - Setting next_dagrun for example_short_circuit_decorator to 2025-12-26 00:00:00+00:00, run_after=2025-12-27 00:00:00+00:00
[2025-12-27T14:37:29.213+0000] {processor.py:183} INFO - Processing /home/airflow/.local/lib/python3.12/site-packages/airflow/example_dags/example_short_circuit_decorator.py took 0.856 seconds
[2025-12-27T14:37:59.691+0000] {processor.py:161} INFO - Started process (PID=2279) to work on /home/airflow/.local/lib/python3.12/site-packages/airflow/example_dags/example_short_circuit_decorator.py
[2025-12-27T14:37:59.695+0000] {processor.py:830} INFO - Processing file /home/airflow/.local/lib/python3.12/site-packages/airflow/example_dags/example_short_circuit_decorator.py for tasks to queue
[2025-12-27T14:37:59.698+0000] {logging_mixin.py:188} INFO - [2025-12-27T14:37:59.697+0000] {dagbag.py:540} INFO - Filling up the DagBag from /home/airflow/.local/lib/python3.12/site-packages/airflow/example_dags/example_short_circuit_decorator.py
[2025-12-27T14:37:59.750+0000] {processor.py:840} INFO - DAG(s) 'example_short_circuit_decorator' retrieved from /home/airflow/.local/lib/python3.12/site-packages/airflow/example_dags/example_short_circuit_decorator.py
[2025-12-27T14:37:59.826+0000] {logging_mixin.py:188} INFO - [2025-12-27T14:37:59.826+0000] {dag.py:3096} INFO - Sync 1 DAGs
[2025-12-27T14:37:59.907+0000] {logging_mixin.py:188} INFO - [2025-12-27T14:37:59.906+0000] {dag.py:3954} INFO - Setting next_dagrun for example_short_circuit_decorator to 2025-12-26 00:00:00+00:00, run_after=2025-12-27 00:00:00+00:00
[2025-12-27T14:37:59.965+0000] {processor.py:183} INFO - Processing /home/airflow/.local/lib/python3.12/site-packages/airflow/example_dags/example_short_circuit_decorator.py took 0.296 seconds
[2025-12-27T14:38:30.902+0000] {processor.py:161} INFO - Started process (PID=2337) to work on /home/airflow/.local/lib/python3.12/site-packages/airflow/example_dags/example_short_circuit_decorator.py
[2025-12-27T14:38:30.905+0000] {processor.py:830} INFO - Processing file /home/airflow/.local/lib/python3.12/site-packages/airflow/example_dags/example_short_circuit_decorator.py for tasks to queue
[2025-12-27T14:38:30.907+0000] {logging_mixin.py:188} INFO - [2025-12-27T14:38:30.906+0000] {dagbag.py:540} INFO - Filling up the DagBag from /home/airflow/.local/lib/python3.12/site-packages/airflow/example_dags/example_short_circuit_decorator.py
[2025-12-27T14:38:30.943+0000] {processor.py:840} INFO - DAG(s) 'example_short_circuit_decorator' retrieved from /home/airflow/.local/lib/python3.12/site-packages/airflow/example_dags/example_short_circuit_decorator.py
[2025-12-27T14:38:31.050+0000] {logging_mixin.py:188} INFO - [2025-12-27T14:38:31.050+0000] {dag.py:3096} INFO - Sync 1 DAGs
[2025-12-27T14:38:31.122+0000] {logging_mixin.py:188} INFO - [2025-12-27T14:38:31.122+0000] {dag.py:3954} INFO - Setting next_dagrun for example_short_circuit_decorator to 2025-12-26 00:00:00+00:00, run_after=2025-12-27 00:00:00+00:00
[2025-12-27T14:38:31.191+0000] {processor.py:183} INFO - Processing /home/airflow/.local/lib/python3.12/site-packages/airflow/example_dags/example_short_circuit_decorator.py took 0.308 seconds
[2025-12-27T14:39:01.720+0000] {processor.py:161} INFO - Started process (PID=2401) to work on /home/airflow/.local/lib/python3.12/site-packages/airflow/example_dags/example_short_circuit_decorator.py
[2025-12-27T14:39:01.723+0000] {processor.py:830} INFO - Processing file /home/airflow/.local/lib/python3.12/site-packages/airflow/example_dags/example_short_circuit_decorator.py for tasks to queue
[2025-12-27T14:39:01.726+0000] {logging_mixin.py:188} INFO - [2025-12-27T14:39:01.725+0000] {dagbag.py:540} INFO - Filling up the DagBag from /home/airflow/.local/lib/python3.12/site-packages/airflow/example_dags/example_short_circuit_decorator.py
[2025-12-27T14:39:01.762+0000] {processor.py:840} INFO - DAG(s) 'example_short_circuit_decorator' retrieved from /home/airflow/.local/lib/python3.12/site-packages/airflow/example_dags/example_short_circuit_decorator.py
[2025-12-27T14:39:01.856+0000] {logging_mixin.py:188} INFO - [2025-12-27T14:39:01.855+0000] {dag.py:3096} INFO - Sync 1 DAGs
[2025-12-27T14:39:01.961+0000] {logging_mixin.py:188} INFO - [2025-12-27T14:39:01.959+0000] {dag.py:3954} INFO - Setting next_dagrun for example_short_circuit_decorator to 2025-12-26 00:00:00+00:00, run_after=2025-12-27 00:00:00+00:00
[2025-12-27T14:39:02.077+0000] {processor.py:183} INFO - Processing /home/airflow/.local/lib/python3.12/site-packages/airflow/example_dags/example_short_circuit_decorator.py took 0.385 seconds
[2025-12-27T14:39:33.148+0000] {processor.py:161} INFO - Started process (PID=2459) to work on /home/airflow/.local/lib/python3.12/site-packages/airflow/example_dags/example_short_circuit_decorator.py
[2025-12-27T14:39:33.160+0000] {processor.py:830} INFO - Processing file /home/airflow/.local/lib/python3.12/site-packages/airflow/example_dags/example_short_circuit_decorator.py for tasks to queue
[2025-12-27T14:39:33.167+0000] {logging_mixin.py:188} INFO - [2025-12-27T14:39:33.165+0000] {dagbag.py:540} INFO - Filling up the DagBag from /home/airflow/.local/lib/python3.12/site-packages/airflow/example_dags/example_short_circuit_decorator.py
[2025-12-27T14:39:33.266+0000] {processor.py:840} INFO - DAG(s) 'example_short_circuit_decorator' retrieved from /home/airflow/.local/lib/python3.12/site-packages/airflow/example_dags/example_short_circuit_decorator.py
[2025-12-27T14:39:33.475+0000] {logging_mixin.py:188} INFO - [2025-12-27T14:39:33.474+0000] {dag.py:3096} INFO - Sync 1 DAGs
[2025-12-27T14:39:33.642+0000] {logging_mixin.py:188} INFO - [2025-12-27T14:39:33.641+0000] {dag.py:3954} INFO - Setting next_dagrun for example_short_circuit_decorator to 2025-12-26 00:00:00+00:00, run_after=2025-12-27 00:00:00+00:00
[2025-12-27T14:39:33.888+0000] {processor.py:183} INFO - Processing /home/airflow/.local/lib/python3.12/site-packages/airflow/example_dags/example_short_circuit_decorator.py took 0.787 seconds
[2025-12-27T14:40:04.457+0000] {processor.py:161} INFO - Started process (PID=2511) to work on /home/airflow/.local/lib/python3.12/site-packages/airflow/example_dags/example_short_circuit_decorator.py
[2025-12-27T14:40:04.461+0000] {processor.py:830} INFO - Processing file /home/airflow/.local/lib/python3.12/site-packages/airflow/example_dags/example_short_circuit_decorator.py for tasks to queue
[2025-12-27T14:40:04.465+0000] {logging_mixin.py:188} INFO - [2025-12-27T14:40:04.464+0000] {dagbag.py:540} INFO - Filling up the DagBag from /home/airflow/.local/lib/python3.12/site-packages/airflow/example_dags/example_short_circuit_decorator.py
[2025-12-27T14:40:04.514+0000] {processor.py:840} INFO - DAG(s) 'example_short_circuit_decorator' retrieved from /home/airflow/.local/lib/python3.12/site-packages/airflow/example_dags/example_short_circuit_decorator.py
[2025-12-27T14:40:04.610+0000] {logging_mixin.py:188} INFO - [2025-12-27T14:40:04.610+0000] {dag.py:3096} INFO - Sync 1 DAGs
[2025-12-27T14:40:04.705+0000] {logging_mixin.py:188} INFO - [2025-12-27T14:40:04.704+0000] {dag.py:3954} INFO - Setting next_dagrun for example_short_circuit_decorator to 2025-12-26 00:00:00+00:00, run_after=2025-12-27 00:00:00+00:00
[2025-12-27T14:40:04.765+0000] {processor.py:183} INFO - Processing /home/airflow/.local/lib/python3.12/site-packages/airflow/example_dags/example_short_circuit_decorator.py took 0.327 seconds
[2025-12-27T14:40:34.962+0000] {processor.py:161} INFO - Started process (PID=2569) to work on /home/airflow/.local/lib/python3.12/site-packages/airflow/example_dags/example_short_circuit_decorator.py
[2025-12-27T14:40:34.965+0000] {processor.py:830} INFO - Processing file /home/airflow/.local/lib/python3.12/site-packages/airflow/example_dags/example_short_circuit_decorator.py for tasks to queue
[2025-12-27T14:40:34.967+0000] {logging_mixin.py:188} INFO - [2025-12-27T14:40:34.966+0000] {dagbag.py:540} INFO - Filling up the DagBag from /home/airflow/.local/lib/python3.12/site-packages/airflow/example_dags/example_short_circuit_decorator.py
[2025-12-27T14:40:34.994+0000] {processor.py:840} INFO - DAG(s) 'example_short_circuit_decorator' retrieved from /home/airflow/.local/lib/python3.12/site-packages/airflow/example_dags/example_short_circuit_decorator.py
[2025-12-27T14:40:35.054+0000] {logging_mixin.py:188} INFO - [2025-12-27T14:40:35.054+0000] {dag.py:3096} INFO - Sync 1 DAGs
[2025-12-27T14:40:35.107+0000] {logging_mixin.py:188} INFO - [2025-12-27T14:40:35.107+0000] {dag.py:3954} INFO - Setting next_dagrun for example_short_circuit_decorator to 2025-12-26 00:00:00+00:00, run_after=2025-12-27 00:00:00+00:00
[2025-12-27T14:40:35.157+0000] {processor.py:183} INFO - Processing /home/airflow/.local/lib/python3.12/site-packages/airflow/example_dags/example_short_circuit_decorator.py took 0.211 seconds
[2025-12-27T14:41:05.337+0000] {processor.py:161} INFO - Started process (PID=2627) to work on /home/airflow/.local/lib/python3.12/site-packages/airflow/example_dags/example_short_circuit_decorator.py
[2025-12-27T14:41:05.341+0000] {processor.py:830} INFO - Processing file /home/airflow/.local/lib/python3.12/site-packages/airflow/example_dags/example_short_circuit_decorator.py for tasks to queue
[2025-12-27T14:41:05.344+0000] {logging_mixin.py:188} INFO - [2025-12-27T14:41:05.342+0000] {dagbag.py:540} INFO - Filling up the DagBag from /home/airflow/.local/lib/python3.12/site-packages/airflow/example_dags/example_short_circuit_decorator.py
[2025-12-27T14:41:05.372+0000] {processor.py:840} INFO - DAG(s) 'example_short_circuit_decorator' retrieved from /home/airflow/.local/lib/python3.12/site-packages/airflow/example_dags/example_short_circuit_decorator.py
[2025-12-27T14:41:05.434+0000] {logging_mixin.py:188} INFO - [2025-12-27T14:41:05.434+0000] {dag.py:3096} INFO - Sync 1 DAGs
[2025-12-27T14:41:05.492+0000] {logging_mixin.py:188} INFO - [2025-12-27T14:41:05.491+0000] {dag.py:3954} INFO - Setting next_dagrun for example_short_circuit_decorator to 2025-12-26 00:00:00+00:00, run_after=2025-12-27 00:00:00+00:00
[2025-12-27T14:41:05.548+0000] {processor.py:183} INFO - Processing /home/airflow/.local/lib/python3.12/site-packages/airflow/example_dags/example_short_circuit_decorator.py took 0.234 seconds
[2025-12-27T14:41:35.888+0000] {processor.py:161} INFO - Started process (PID=2685) to work on /home/airflow/.local/lib/python3.12/site-packages/airflow/example_dags/example_short_circuit_decorator.py
[2025-12-27T14:41:35.891+0000] {processor.py:830} INFO - Processing file /home/airflow/.local/lib/python3.12/site-packages/airflow/example_dags/example_short_circuit_decorator.py for tasks to queue
[2025-12-27T14:41:35.894+0000] {logging_mixin.py:188} INFO - [2025-12-27T14:41:35.893+0000] {dagbag.py:540} INFO - Filling up the DagBag from /home/airflow/.local/lib/python3.12/site-packages/airflow/example_dags/example_short_circuit_decorator.py
[2025-12-27T14:41:35.920+0000] {processor.py:840} INFO - DAG(s) 'example_short_circuit_decorator' retrieved from /home/airflow/.local/lib/python3.12/site-packages/airflow/example_dags/example_short_circuit_decorator.py
[2025-12-27T14:41:35.979+0000] {logging_mixin.py:188} INFO - [2025-12-27T14:41:35.978+0000] {dag.py:3096} INFO - Sync 1 DAGs
[2025-12-27T14:41:36.034+0000] {logging_mixin.py:188} INFO - [2025-12-27T14:41:36.034+0000] {dag.py:3954} INFO - Setting next_dagrun for example_short_circuit_decorator to 2025-12-26 00:00:00+00:00, run_after=2025-12-27 00:00:00+00:00
[2025-12-27T14:41:36.087+0000] {processor.py:183} INFO - Processing /home/airflow/.local/lib/python3.12/site-packages/airflow/example_dags/example_short_circuit_decorator.py took 0.215 seconds
[2025-12-27T14:42:06.235+0000] {processor.py:161} INFO - Started process (PID=2743) to work on /home/airflow/.local/lib/python3.12/site-packages/airflow/example_dags/example_short_circuit_decorator.py
[2025-12-27T14:42:06.238+0000] {processor.py:830} INFO - Processing file /home/airflow/.local/lib/python3.12/site-packages/airflow/example_dags/example_short_circuit_decorator.py for tasks to queue
[2025-12-27T14:42:06.241+0000] {logging_mixin.py:188} INFO - [2025-12-27T14:42:06.240+0000] {dagbag.py:540} INFO - Filling up the DagBag from /home/airflow/.local/lib/python3.12/site-packages/airflow/example_dags/example_short_circuit_decorator.py
[2025-12-27T14:42:06.267+0000] {processor.py:840} INFO - DAG(s) 'example_short_circuit_decorator' retrieved from /home/airflow/.local/lib/python3.12/site-packages/airflow/example_dags/example_short_circuit_decorator.py
[2025-12-27T14:42:06.326+0000] {logging_mixin.py:188} INFO - [2025-12-27T14:42:06.326+0000] {dag.py:3096} INFO - Sync 1 DAGs
[2025-12-27T14:42:06.407+0000] {logging_mixin.py:188} INFO - [2025-12-27T14:42:06.406+0000] {dag.py:3954} INFO - Setting next_dagrun for example_short_circuit_decorator to 2025-12-26 00:00:00+00:00, run_after=2025-12-27 00:00:00+00:00
[2025-12-27T14:42:06.457+0000] {processor.py:183} INFO - Processing /home/airflow/.local/lib/python3.12/site-packages/airflow/example_dags/example_short_circuit_decorator.py took 0.236 seconds
[2025-12-27T14:42:36.790+0000] {processor.py:161} INFO - Started process (PID=2807) to work on /home/airflow/.local/lib/python3.12/site-packages/airflow/example_dags/example_short_circuit_decorator.py
[2025-12-27T14:42:36.793+0000] {processor.py:830} INFO - Processing file /home/airflow/.local/lib/python3.12/site-packages/airflow/example_dags/example_short_circuit_decorator.py for tasks to queue
[2025-12-27T14:42:36.795+0000] {logging_mixin.py:188} INFO - [2025-12-27T14:42:36.794+0000] {dagbag.py:540} INFO - Filling up the DagBag from /home/airflow/.local/lib/python3.12/site-packages/airflow/example_dags/example_short_circuit_decorator.py
[2025-12-27T14:42:36.822+0000] {processor.py:840} INFO - DAG(s) 'example_short_circuit_decorator' retrieved from /home/airflow/.local/lib/python3.12/site-packages/airflow/example_dags/example_short_circuit_decorator.py
[2025-12-27T14:42:36.888+0000] {logging_mixin.py:188} INFO - [2025-12-27T14:42:36.887+0000] {dag.py:3096} INFO - Sync 1 DAGs
[2025-12-27T14:42:36.942+0000] {logging_mixin.py:188} INFO - [2025-12-27T14:42:36.941+0000] {dag.py:3954} INFO - Setting next_dagrun for example_short_circuit_decorator to 2025-12-26 00:00:00+00:00, run_after=2025-12-27 00:00:00+00:00
[2025-12-27T14:42:36.999+0000] {processor.py:183} INFO - Processing /home/airflow/.local/lib/python3.12/site-packages/airflow/example_dags/example_short_circuit_decorator.py took 0.225 seconds
[2025-12-27T14:43:07.884+0000] {processor.py:161} INFO - Started process (PID=2865) to work on /home/airflow/.local/lib/python3.12/site-packages/airflow/example_dags/example_short_circuit_decorator.py
[2025-12-27T14:43:07.888+0000] {processor.py:830} INFO - Processing file /home/airflow/.local/lib/python3.12/site-packages/airflow/example_dags/example_short_circuit_decorator.py for tasks to queue
[2025-12-27T14:43:07.891+0000] {logging_mixin.py:188} INFO - [2025-12-27T14:43:07.890+0000] {dagbag.py:540} INFO - Filling up the DagBag from /home/airflow/.local/lib/python3.12/site-packages/airflow/example_dags/example_short_circuit_decorator.py
[2025-12-27T14:43:07.921+0000] {processor.py:840} INFO - DAG(s) 'example_short_circuit_decorator' retrieved from /home/airflow/.local/lib/python3.12/site-packages/airflow/example_dags/example_short_circuit_decorator.py
[2025-12-27T14:43:07.985+0000] {logging_mixin.py:188} INFO - [2025-12-27T14:43:07.984+0000] {dag.py:3096} INFO - Sync 1 DAGs
[2025-12-27T14:43:08.045+0000] {logging_mixin.py:188} INFO - [2025-12-27T14:43:08.044+0000] {dag.py:3954} INFO - Setting next_dagrun for example_short_circuit_decorator to 2025-12-26 00:00:00+00:00, run_after=2025-12-27 00:00:00+00:00
[2025-12-27T14:43:08.106+0000] {processor.py:183} INFO - Processing /home/airflow/.local/lib/python3.12/site-packages/airflow/example_dags/example_short_circuit_decorator.py took 0.239 seconds
[2025-12-27T14:43:38.485+0000] {processor.py:161} INFO - Started process (PID=2923) to work on /home/airflow/.local/lib/python3.12/site-packages/airflow/example_dags/example_short_circuit_decorator.py
[2025-12-27T14:43:38.488+0000] {processor.py:830} INFO - Processing file /home/airflow/.local/lib/python3.12/site-packages/airflow/example_dags/example_short_circuit_decorator.py for tasks to queue
[2025-12-27T14:43:38.491+0000] {logging_mixin.py:188} INFO - [2025-12-27T14:43:38.490+0000] {dagbag.py:540} INFO - Filling up the DagBag from /home/airflow/.local/lib/python3.12/site-packages/airflow/example_dags/example_short_circuit_decorator.py
[2025-12-27T14:43:38.527+0000] {processor.py:840} INFO - DAG(s) 'example_short_circuit_decorator' retrieved from /home/airflow/.local/lib/python3.12/site-packages/airflow/example_dags/example_short_circuit_decorator.py
[2025-12-27T14:43:38.597+0000] {logging_mixin.py:188} INFO - [2025-12-27T14:43:38.597+0000] {dag.py:3096} INFO - Sync 1 DAGs
[2025-12-27T14:43:38.656+0000] {logging_mixin.py:188} INFO - [2025-12-27T14:43:38.655+0000] {dag.py:3954} INFO - Setting next_dagrun for example_short_circuit_decorator to 2025-12-26 00:00:00+00:00, run_after=2025-12-27 00:00:00+00:00
[2025-12-27T14:43:38.712+0000] {processor.py:183} INFO - Processing /home/airflow/.local/lib/python3.12/site-packages/airflow/example_dags/example_short_circuit_decorator.py took 0.246 seconds
[2025-12-27T14:44:09.169+0000] {processor.py:161} INFO - Started process (PID=2982) to work on /home/airflow/.local/lib/python3.12/site-packages/airflow/example_dags/example_short_circuit_decorator.py
[2025-12-27T14:44:09.172+0000] {processor.py:830} INFO - Processing file /home/airflow/.local/lib/python3.12/site-packages/airflow/example_dags/example_short_circuit_decorator.py for tasks to queue
[2025-12-27T14:44:09.174+0000] {logging_mixin.py:188} INFO - [2025-12-27T14:44:09.173+0000] {dagbag.py:540} INFO - Filling up the DagBag from /home/airflow/.local/lib/python3.12/site-packages/airflow/example_dags/example_short_circuit_decorator.py
[2025-12-27T14:44:09.201+0000] {processor.py:840} INFO - DAG(s) 'example_short_circuit_decorator' retrieved from /home/airflow/.local/lib/python3.12/site-packages/airflow/example_dags/example_short_circuit_decorator.py
[2025-12-27T14:44:09.261+0000] {logging_mixin.py:188} INFO - [2025-12-27T14:44:09.261+0000] {dag.py:3096} INFO - Sync 1 DAGs
[2025-12-27T14:44:09.323+0000] {logging_mixin.py:188} INFO - [2025-12-27T14:44:09.322+0000] {dag.py:3954} INFO - Setting next_dagrun for example_short_circuit_decorator to 2025-12-26 00:00:00+00:00, run_after=2025-12-27 00:00:00+00:00
[2025-12-27T14:44:09.375+0000] {processor.py:183} INFO - Processing /home/airflow/.local/lib/python3.12/site-packages/airflow/example_dags/example_short_circuit_decorator.py took 0.220 seconds
[2025-12-27T14:44:40.016+0000] {processor.py:161} INFO - Started process (PID=3041) to work on /home/airflow/.local/lib/python3.12/site-packages/airflow/example_dags/example_short_circuit_decorator.py
[2025-12-27T14:44:40.019+0000] {processor.py:830} INFO - Processing file /home/airflow/.local/lib/python3.12/site-packages/airflow/example_dags/example_short_circuit_decorator.py for tasks to queue
[2025-12-27T14:44:40.022+0000] {logging_mixin.py:188} INFO - [2025-12-27T14:44:40.021+0000] {dagbag.py:540} INFO - Filling up the DagBag from /home/airflow/.local/lib/python3.12/site-packages/airflow/example_dags/example_short_circuit_decorator.py
[2025-12-27T14:44:40.056+0000] {processor.py:840} INFO - DAG(s) 'example_short_circuit_decorator' retrieved from /home/airflow/.local/lib/python3.12/site-packages/airflow/example_dags/example_short_circuit_decorator.py
[2025-12-27T14:44:40.115+0000] {logging_mixin.py:188} INFO - [2025-12-27T14:44:40.115+0000] {dag.py:3096} INFO - Sync 1 DAGs
[2025-12-27T14:44:40.175+0000] {logging_mixin.py:188} INFO - [2025-12-27T14:44:40.175+0000] {dag.py:3954} INFO - Setting next_dagrun for example_short_circuit_decorator to 2025-12-26 00:00:00+00:00, run_after=2025-12-27 00:00:00+00:00
[2025-12-27T14:44:40.228+0000] {processor.py:183} INFO - Processing /home/airflow/.local/lib/python3.12/site-packages/airflow/example_dags/example_short_circuit_decorator.py took 0.235 seconds
[2025-12-27T14:45:12.100+0000] {processor.py:161} INFO - Started process (PID=3100) to work on /home/airflow/.local/lib/python3.12/site-packages/airflow/example_dags/example_short_circuit_decorator.py
[2025-12-27T14:45:12.104+0000] {processor.py:830} INFO - Processing file /home/airflow/.local/lib/python3.12/site-packages/airflow/example_dags/example_short_circuit_decorator.py for tasks to queue
[2025-12-27T14:45:12.113+0000] {logging_mixin.py:188} INFO - [2025-12-27T14:45:12.108+0000] {dagbag.py:540} INFO - Filling up the DagBag from /home/airflow/.local/lib/python3.12/site-packages/airflow/example_dags/example_short_circuit_decorator.py
[2025-12-27T14:45:12.160+0000] {processor.py:840} INFO - DAG(s) 'example_short_circuit_decorator' retrieved from /home/airflow/.local/lib/python3.12/site-packages/airflow/example_dags/example_short_circuit_decorator.py
[2025-12-27T14:45:12.290+0000] {logging_mixin.py:188} INFO - [2025-12-27T14:45:12.289+0000] {dag.py:3096} INFO - Sync 1 DAGs
[2025-12-27T14:45:12.423+0000] {logging_mixin.py:188} INFO - [2025-12-27T14:45:12.422+0000] {dag.py:3954} INFO - Setting next_dagrun for example_short_circuit_decorator to 2025-12-26 00:00:00+00:00, run_after=2025-12-27 00:00:00+00:00
[2025-12-27T14:45:12.517+0000] {processor.py:183} INFO - Processing /home/airflow/.local/lib/python3.12/site-packages/airflow/example_dags/example_short_circuit_decorator.py took 0.460 seconds
[2025-12-27T14:45:43.157+0000] {processor.py:161} INFO - Started process (PID=3156) to work on /home/airflow/.local/lib/python3.12/site-packages/airflow/example_dags/example_short_circuit_decorator.py
[2025-12-27T14:45:43.160+0000] {processor.py:830} INFO - Processing file /home/airflow/.local/lib/python3.12/site-packages/airflow/example_dags/example_short_circuit_decorator.py for tasks to queue
[2025-12-27T14:45:43.163+0000] {logging_mixin.py:188} INFO - [2025-12-27T14:45:43.162+0000] {dagbag.py:540} INFO - Filling up the DagBag from /home/airflow/.local/lib/python3.12/site-packages/airflow/example_dags/example_short_circuit_decorator.py
[2025-12-27T14:45:43.195+0000] {processor.py:840} INFO - DAG(s) 'example_short_circuit_decorator' retrieved from /home/airflow/.local/lib/python3.12/site-packages/airflow/example_dags/example_short_circuit_decorator.py
[2025-12-27T14:45:43.262+0000] {logging_mixin.py:188} INFO - [2025-12-27T14:45:43.261+0000] {dag.py:3096} INFO - Sync 1 DAGs
[2025-12-27T14:45:43.319+0000] {logging_mixin.py:188} INFO - [2025-12-27T14:45:43.319+0000] {dag.py:3954} INFO - Setting next_dagrun for example_short_circuit_decorator to 2025-12-26 00:00:00+00:00, run_after=2025-12-27 00:00:00+00:00
[2025-12-27T14:45:43.373+0000] {processor.py:183} INFO - Processing /home/airflow/.local/lib/python3.12/site-packages/airflow/example_dags/example_short_circuit_decorator.py took 0.235 seconds
[2025-12-27T14:46:13.883+0000] {processor.py:161} INFO - Started process (PID=3214) to work on /home/airflow/.local/lib/python3.12/site-packages/airflow/example_dags/example_short_circuit_decorator.py
[2025-12-27T14:46:13.887+0000] {processor.py:830} INFO - Processing file /home/airflow/.local/lib/python3.12/site-packages/airflow/example_dags/example_short_circuit_decorator.py for tasks to queue
[2025-12-27T14:46:13.890+0000] {logging_mixin.py:188} INFO - [2025-12-27T14:46:13.889+0000] {dagbag.py:540} INFO - Filling up the DagBag from /home/airflow/.local/lib/python3.12/site-packages/airflow/example_dags/example_short_circuit_decorator.py
[2025-12-27T14:46:13.915+0000] {processor.py:840} INFO - DAG(s) 'example_short_circuit_decorator' retrieved from /home/airflow/.local/lib/python3.12/site-packages/airflow/example_dags/example_short_circuit_decorator.py
[2025-12-27T14:46:13.976+0000] {logging_mixin.py:188} INFO - [2025-12-27T14:46:13.976+0000] {dag.py:3096} INFO - Sync 1 DAGs
[2025-12-27T14:46:14.031+0000] {logging_mixin.py:188} INFO - [2025-12-27T14:46:14.030+0000] {dag.py:3954} INFO - Setting next_dagrun for example_short_circuit_decorator to 2025-12-26 00:00:00+00:00, run_after=2025-12-27 00:00:00+00:00
[2025-12-27T14:46:14.079+0000] {processor.py:183} INFO - Processing /home/airflow/.local/lib/python3.12/site-packages/airflow/example_dags/example_short_circuit_decorator.py took 0.217 seconds
[2025-12-27T14:46:44.428+0000] {processor.py:161} INFO - Started process (PID=3273) to work on /home/airflow/.local/lib/python3.12/site-packages/airflow/example_dags/example_short_circuit_decorator.py
[2025-12-27T14:46:44.431+0000] {processor.py:830} INFO - Processing file /home/airflow/.local/lib/python3.12/site-packages/airflow/example_dags/example_short_circuit_decorator.py for tasks to queue
[2025-12-27T14:46:44.434+0000] {logging_mixin.py:188} INFO - [2025-12-27T14:46:44.433+0000] {dagbag.py:540} INFO - Filling up the DagBag from /home/airflow/.local/lib/python3.12/site-packages/airflow/example_dags/example_short_circuit_decorator.py
[2025-12-27T14:46:44.461+0000] {processor.py:840} INFO - DAG(s) 'example_short_circuit_decorator' retrieved from /home/airflow/.local/lib/python3.12/site-packages/airflow/example_dags/example_short_circuit_decorator.py
[2025-12-27T14:46:44.528+0000] {logging_mixin.py:188} INFO - [2025-12-27T14:46:44.528+0000] {dag.py:3096} INFO - Sync 1 DAGs
[2025-12-27T14:46:44.609+0000] {logging_mixin.py:188} INFO - [2025-12-27T14:46:44.609+0000] {dag.py:3954} INFO - Setting next_dagrun for example_short_circuit_decorator to 2025-12-26 00:00:00+00:00, run_after=2025-12-27 00:00:00+00:00
[2025-12-27T14:46:44.673+0000] {processor.py:183} INFO - Processing /home/airflow/.local/lib/python3.12/site-packages/airflow/example_dags/example_short_circuit_decorator.py took 0.261 seconds
[2025-12-27T14:47:14.900+0000] {processor.py:161} INFO - Started process (PID=3331) to work on /home/airflow/.local/lib/python3.12/site-packages/airflow/example_dags/example_short_circuit_decorator.py
[2025-12-27T14:47:14.903+0000] {processor.py:830} INFO - Processing file /home/airflow/.local/lib/python3.12/site-packages/airflow/example_dags/example_short_circuit_decorator.py for tasks to queue
[2025-12-27T14:47:14.906+0000] {logging_mixin.py:188} INFO - [2025-12-27T14:47:14.905+0000] {dagbag.py:540} INFO - Filling up the DagBag from /home/airflow/.local/lib/python3.12/site-packages/airflow/example_dags/example_short_circuit_decorator.py
[2025-12-27T14:47:14.934+0000] {processor.py:840} INFO - DAG(s) 'example_short_circuit_decorator' retrieved from /home/airflow/.local/lib/python3.12/site-packages/airflow/example_dags/example_short_circuit_decorator.py
[2025-12-27T14:47:14.995+0000] {logging_mixin.py:188} INFO - [2025-12-27T14:47:14.994+0000] {dag.py:3096} INFO - Sync 1 DAGs
[2025-12-27T14:47:15.050+0000] {logging_mixin.py:188} INFO - [2025-12-27T14:47:15.050+0000] {dag.py:3954} INFO - Setting next_dagrun for example_short_circuit_decorator to 2025-12-26 00:00:00+00:00, run_after=2025-12-27 00:00:00+00:00
[2025-12-27T14:47:15.102+0000] {processor.py:183} INFO - Processing /home/airflow/.local/lib/python3.12/site-packages/airflow/example_dags/example_short_circuit_decorator.py took 0.219 seconds
[2025-12-27T14:47:45.361+0000] {processor.py:161} INFO - Started process (PID=3389) to work on /home/airflow/.local/lib/python3.12/site-packages/airflow/example_dags/example_short_circuit_decorator.py
[2025-12-27T14:47:45.364+0000] {processor.py:830} INFO - Processing file /home/airflow/.local/lib/python3.12/site-packages/airflow/example_dags/example_short_circuit_decorator.py for tasks to queue
[2025-12-27T14:47:45.367+0000] {logging_mixin.py:188} INFO - [2025-12-27T14:47:45.366+0000] {dagbag.py:540} INFO - Filling up the DagBag from /home/airflow/.local/lib/python3.12/site-packages/airflow/example_dags/example_short_circuit_decorator.py
[2025-12-27T14:47:45.393+0000] {processor.py:840} INFO - DAG(s) 'example_short_circuit_decorator' retrieved from /home/airflow/.local/lib/python3.12/site-packages/airflow/example_dags/example_short_circuit_decorator.py
[2025-12-27T14:47:45.452+0000] {logging_mixin.py:188} INFO - [2025-12-27T14:47:45.451+0000] {dag.py:3096} INFO - Sync 1 DAGs
[2025-12-27T14:47:45.509+0000] {logging_mixin.py:188} INFO - [2025-12-27T14:47:45.509+0000] {dag.py:3954} INFO - Setting next_dagrun for example_short_circuit_decorator to 2025-12-26 00:00:00+00:00, run_after=2025-12-27 00:00:00+00:00
[2025-12-27T14:47:45.567+0000] {processor.py:183} INFO - Processing /home/airflow/.local/lib/python3.12/site-packages/airflow/example_dags/example_short_circuit_decorator.py took 0.235 seconds
[2025-12-27T14:48:16.202+0000] {processor.py:161} INFO - Started process (PID=3448) to work on /home/airflow/.local/lib/python3.12/site-packages/airflow/example_dags/example_short_circuit_decorator.py
[2025-12-27T14:48:16.205+0000] {processor.py:830} INFO - Processing file /home/airflow/.local/lib/python3.12/site-packages/airflow/example_dags/example_short_circuit_decorator.py for tasks to queue
[2025-12-27T14:48:16.210+0000] {logging_mixin.py:188} INFO - [2025-12-27T14:48:16.208+0000] {dagbag.py:540} INFO - Filling up the DagBag from /home/airflow/.local/lib/python3.12/site-packages/airflow/example_dags/example_short_circuit_decorator.py
[2025-12-27T14:48:16.263+0000] {processor.py:840} INFO - DAG(s) 'example_short_circuit_decorator' retrieved from /home/airflow/.local/lib/python3.12/site-packages/airflow/example_dags/example_short_circuit_decorator.py
[2025-12-27T14:48:16.385+0000] {logging_mixin.py:188} INFO - [2025-12-27T14:48:16.384+0000] {dag.py:3096} INFO - Sync 1 DAGs
[2025-12-27T14:48:16.467+0000] {logging_mixin.py:188} INFO - [2025-12-27T14:48:16.465+0000] {dag.py:3954} INFO - Setting next_dagrun for example_short_circuit_decorator to 2025-12-26 00:00:00+00:00, run_after=2025-12-27 00:00:00+00:00
[2025-12-27T14:48:16.533+0000] {processor.py:183} INFO - Processing /home/airflow/.local/lib/python3.12/site-packages/airflow/example_dags/example_short_circuit_decorator.py took 0.356 seconds
[2025-12-27T14:48:46.907+0000] {processor.py:161} INFO - Started process (PID=3506) to work on /home/airflow/.local/lib/python3.12/site-packages/airflow/example_dags/example_short_circuit_decorator.py
[2025-12-27T14:48:46.918+0000] {processor.py:830} INFO - Processing file /home/airflow/.local/lib/python3.12/site-packages/airflow/example_dags/example_short_circuit_decorator.py for tasks to queue
[2025-12-27T14:48:46.927+0000] {logging_mixin.py:188} INFO - [2025-12-27T14:48:46.925+0000] {dagbag.py:540} INFO - Filling up the DagBag from /home/airflow/.local/lib/python3.12/site-packages/airflow/example_dags/example_short_circuit_decorator.py
[2025-12-27T14:48:47.022+0000] {processor.py:840} INFO - DAG(s) 'example_short_circuit_decorator' retrieved from /home/airflow/.local/lib/python3.12/site-packages/airflow/example_dags/example_short_circuit_decorator.py
[2025-12-27T14:48:47.152+0000] {logging_mixin.py:188} INFO - [2025-12-27T14:48:47.151+0000] {dag.py:3096} INFO - Sync 1 DAGs
[2025-12-27T14:48:47.213+0000] {logging_mixin.py:188} INFO - [2025-12-27T14:48:47.212+0000] {dag.py:3954} INFO - Setting next_dagrun for example_short_circuit_decorator to 2025-12-26 00:00:00+00:00, run_after=2025-12-27 00:00:00+00:00
[2025-12-27T14:48:47.275+0000] {processor.py:183} INFO - Processing /home/airflow/.local/lib/python3.12/site-packages/airflow/example_dags/example_short_circuit_decorator.py took 0.407 seconds
[2025-12-27T14:49:17.514+0000] {processor.py:161} INFO - Started process (PID=3564) to work on /home/airflow/.local/lib/python3.12/site-packages/airflow/example_dags/example_short_circuit_decorator.py
[2025-12-27T14:49:17.518+0000] {processor.py:830} INFO - Processing file /home/airflow/.local/lib/python3.12/site-packages/airflow/example_dags/example_short_circuit_decorator.py for tasks to queue
[2025-12-27T14:49:17.524+0000] {logging_mixin.py:188} INFO - [2025-12-27T14:49:17.521+0000] {dagbag.py:540} INFO - Filling up the DagBag from /home/airflow/.local/lib/python3.12/site-packages/airflow/example_dags/example_short_circuit_decorator.py
[2025-12-27T14:49:17.566+0000] {processor.py:840} INFO - DAG(s) 'example_short_circuit_decorator' retrieved from /home/airflow/.local/lib/python3.12/site-packages/airflow/example_dags/example_short_circuit_decorator.py
[2025-12-27T14:49:17.710+0000] {logging_mixin.py:188} INFO - [2025-12-27T14:49:17.709+0000] {dag.py:3096} INFO - Sync 1 DAGs
[2025-12-27T14:49:17.847+0000] {logging_mixin.py:188} INFO - [2025-12-27T14:49:17.846+0000] {dag.py:3954} INFO - Setting next_dagrun for example_short_circuit_decorator to 2025-12-26 00:00:00+00:00, run_after=2025-12-27 00:00:00+00:00
[2025-12-27T14:49:17.933+0000] {processor.py:183} INFO - Processing /home/airflow/.local/lib/python3.12/site-packages/airflow/example_dags/example_short_circuit_decorator.py took 0.447 seconds
[2025-12-27T14:49:48.569+0000] {processor.py:161} INFO - Started process (PID=3622) to work on /home/airflow/.local/lib/python3.12/site-packages/airflow/example_dags/example_short_circuit_decorator.py
[2025-12-27T14:49:48.575+0000] {processor.py:830} INFO - Processing file /home/airflow/.local/lib/python3.12/site-packages/airflow/example_dags/example_short_circuit_decorator.py for tasks to queue
[2025-12-27T14:49:48.581+0000] {logging_mixin.py:188} INFO - [2025-12-27T14:49:48.579+0000] {dagbag.py:540} INFO - Filling up the DagBag from /home/airflow/.local/lib/python3.12/site-packages/airflow/example_dags/example_short_circuit_decorator.py
[2025-12-27T14:49:48.657+0000] {processor.py:840} INFO - DAG(s) 'example_short_circuit_decorator' retrieved from /home/airflow/.local/lib/python3.12/site-packages/airflow/example_dags/example_short_circuit_decorator.py
[2025-12-27T14:49:48.816+0000] {logging_mixin.py:188} INFO - [2025-12-27T14:49:48.812+0000] {dag.py:3096} INFO - Sync 1 DAGs
[2025-12-27T14:49:48.939+0000] {logging_mixin.py:188} INFO - [2025-12-27T14:49:48.939+0000] {dag.py:3954} INFO - Setting next_dagrun for example_short_circuit_decorator to 2025-12-26 00:00:00+00:00, run_after=2025-12-27 00:00:00+00:00
[2025-12-27T14:49:49.057+0000] {processor.py:183} INFO - Processing /home/airflow/.local/lib/python3.12/site-packages/airflow/example_dags/example_short_circuit_decorator.py took 0.522 seconds
[2025-12-27T14:50:21.249+0000] {processor.py:161} INFO - Started process (PID=3671) to work on /home/airflow/.local/lib/python3.12/site-packages/airflow/example_dags/example_short_circuit_decorator.py
[2025-12-27T14:50:21.253+0000] {processor.py:830} INFO - Processing file /home/airflow/.local/lib/python3.12/site-packages/airflow/example_dags/example_short_circuit_decorator.py for tasks to queue
[2025-12-27T14:50:21.256+0000] {logging_mixin.py:188} INFO - [2025-12-27T14:50:21.255+0000] {dagbag.py:540} INFO - Filling up the DagBag from /home/airflow/.local/lib/python3.12/site-packages/airflow/example_dags/example_short_circuit_decorator.py
[2025-12-27T14:50:21.304+0000] {processor.py:840} INFO - DAG(s) 'example_short_circuit_decorator' retrieved from /home/airflow/.local/lib/python3.12/site-packages/airflow/example_dags/example_short_circuit_decorator.py
[2025-12-27T14:50:21.426+0000] {logging_mixin.py:188} INFO - [2025-12-27T14:50:21.425+0000] {dag.py:3096} INFO - Sync 1 DAGs
[2025-12-27T14:50:21.532+0000] {logging_mixin.py:188} INFO - [2025-12-27T14:50:21.531+0000] {dag.py:3954} INFO - Setting next_dagrun for example_short_circuit_decorator to 2025-12-26 00:00:00+00:00, run_after=2025-12-27 00:00:00+00:00
[2025-12-27T14:50:21.641+0000] {processor.py:183} INFO - Processing /home/airflow/.local/lib/python3.12/site-packages/airflow/example_dags/example_short_circuit_decorator.py took 0.419 seconds
[2025-12-27T14:50:54.360+0000] {processor.py:161} INFO - Started process (PID=3728) to work on /home/airflow/.local/lib/python3.12/site-packages/airflow/example_dags/example_short_circuit_decorator.py
[2025-12-27T14:50:54.363+0000] {processor.py:830} INFO - Processing file /home/airflow/.local/lib/python3.12/site-packages/airflow/example_dags/example_short_circuit_decorator.py for tasks to queue
[2025-12-27T14:50:54.367+0000] {logging_mixin.py:188} INFO - [2025-12-27T14:50:54.366+0000] {dagbag.py:540} INFO - Filling up the DagBag from /home/airflow/.local/lib/python3.12/site-packages/airflow/example_dags/example_short_circuit_decorator.py
[2025-12-27T14:50:54.397+0000] {processor.py:840} INFO - DAG(s) 'example_short_circuit_decorator' retrieved from /home/airflow/.local/lib/python3.12/site-packages/airflow/example_dags/example_short_circuit_decorator.py
[2025-12-27T14:50:54.474+0000] {logging_mixin.py:188} INFO - [2025-12-27T14:50:54.473+0000] {dag.py:3096} INFO - Sync 1 DAGs
[2025-12-27T14:50:54.560+0000] {logging_mixin.py:188} INFO - [2025-12-27T14:50:54.560+0000] {dag.py:3954} INFO - Setting next_dagrun for example_short_circuit_decorator to 2025-12-26 00:00:00+00:00, run_after=2025-12-27 00:00:00+00:00
[2025-12-27T14:50:54.622+0000] {processor.py:183} INFO - Processing /home/airflow/.local/lib/python3.12/site-packages/airflow/example_dags/example_short_circuit_decorator.py took 0.280 seconds
[2025-12-27T14:51:33.584+0000] {processor.py:161} INFO - Started process (PID=3784) to work on /home/airflow/.local/lib/python3.12/site-packages/airflow/example_dags/example_short_circuit_decorator.py
[2025-12-27T14:51:33.604+0000] {processor.py:830} INFO - Processing file /home/airflow/.local/lib/python3.12/site-packages/airflow/example_dags/example_short_circuit_decorator.py for tasks to queue
[2025-12-27T14:51:33.629+0000] {logging_mixin.py:188} INFO - [2025-12-27T14:51:33.627+0000] {dagbag.py:540} INFO - Filling up the DagBag from /home/airflow/.local/lib/python3.12/site-packages/airflow/example_dags/example_short_circuit_decorator.py
[2025-12-27T14:51:34.107+0000] {processor.py:840} INFO - DAG(s) 'example_short_circuit_decorator' retrieved from /home/airflow/.local/lib/python3.12/site-packages/airflow/example_dags/example_short_circuit_decorator.py
[2025-12-27T14:51:34.742+0000] {logging_mixin.py:188} INFO - [2025-12-27T14:51:34.741+0000] {dag.py:3096} INFO - Sync 1 DAGs
[2025-12-27T14:51:35.498+0000] {logging_mixin.py:188} INFO - [2025-12-27T14:51:35.493+0000] {dag.py:3954} INFO - Setting next_dagrun for example_short_circuit_decorator to 2025-12-26 00:00:00+00:00, run_after=2025-12-27 00:00:00+00:00
[2025-12-27T14:51:36.344+0000] {processor.py:183} INFO - Processing /home/airflow/.local/lib/python3.12/site-packages/airflow/example_dags/example_short_circuit_decorator.py took 2.901 seconds
[2025-12-27T14:53:17.212+0000] {processor.py:161} INFO - Started process (PID=3826) to work on /home/airflow/.local/lib/python3.12/site-packages/airflow/example_dags/example_short_circuit_decorator.py
[2025-12-27T14:53:17.369+0000] {processor.py:830} INFO - Processing file /home/airflow/.local/lib/python3.12/site-packages/airflow/example_dags/example_short_circuit_decorator.py for tasks to queue
[2025-12-27T14:53:17.385+0000] {logging_mixin.py:188} INFO - [2025-12-27T14:53:17.381+0000] {dagbag.py:540} INFO - Filling up the DagBag from /home/airflow/.local/lib/python3.12/site-packages/airflow/example_dags/example_short_circuit_decorator.py
[2025-12-27T14:53:17.877+0000] {processor.py:840} INFO - DAG(s) 'example_short_circuit_decorator' retrieved from /home/airflow/.local/lib/python3.12/site-packages/airflow/example_dags/example_short_circuit_decorator.py
[2025-12-27T14:53:18.465+0000] {logging_mixin.py:188} INFO - [2025-12-27T14:53:18.464+0000] {dag.py:3096} INFO - Sync 1 DAGs
[2025-12-27T14:53:21.101+0000] {logging_mixin.py:188} INFO - [2025-12-27T14:53:21.090+0000] {dag.py:3954} INFO - Setting next_dagrun for example_short_circuit_decorator to 2025-12-26 00:00:00+00:00, run_after=2025-12-27 00:00:00+00:00
[2025-12-27T14:53:21.817+0000] {processor.py:183} INFO - Processing /home/airflow/.local/lib/python3.12/site-packages/airflow/example_dags/example_short_circuit_decorator.py took 5.107 seconds
[2025-12-27T14:55:50.525+0000] {processor.py:161} INFO - Started process (PID=3889) to work on /home/airflow/.local/lib/python3.12/site-packages/airflow/example_dags/example_short_circuit_decorator.py
[2025-12-27T14:55:50.600+0000] {processor.py:830} INFO - Processing file /home/airflow/.local/lib/python3.12/site-packages/airflow/example_dags/example_short_circuit_decorator.py for tasks to queue
[2025-12-27T14:55:50.651+0000] {logging_mixin.py:188} INFO - [2025-12-27T14:55:50.645+0000] {dagbag.py:540} INFO - Filling up the DagBag from /home/airflow/.local/lib/python3.12/site-packages/airflow/example_dags/example_short_circuit_decorator.py
[2025-12-27T14:55:51.419+0000] {processor.py:840} INFO - DAG(s) 'example_short_circuit_decorator' retrieved from /home/airflow/.local/lib/python3.12/site-packages/airflow/example_dags/example_short_circuit_decorator.py
[2025-12-27T14:55:55.183+0000] {logging_mixin.py:188} INFO - [2025-12-27T14:55:55.150+0000] {dag.py:3096} INFO - Sync 1 DAGs
[2025-12-27T14:55:56.717+0000] {logging_mixin.py:188} INFO - [2025-12-27T14:55:56.713+0000] {dag.py:3954} INFO - Setting next_dagrun for example_short_circuit_decorator to 2025-12-26 00:00:00+00:00, run_after=2025-12-27 00:00:00+00:00
[2025-12-27T14:55:58.421+0000] {processor.py:183} INFO - Processing /home/airflow/.local/lib/python3.12/site-packages/airflow/example_dags/example_short_circuit_decorator.py took 8.389 seconds
