[2025-12-27T14:14:47.446+0000] {processor.py:161} INFO - Started process (PID=101) to work on /home/airflow/.local/lib/python3.12/site-packages/airflow/example_dags/example_params_ui_tutorial.py
[2025-12-27T14:14:47.464+0000] {processor.py:830} INFO - Processing file /home/airflow/.local/lib/python3.12/site-packages/airflow/example_dags/example_params_ui_tutorial.py for tasks to queue
[2025-12-27T14:14:47.471+0000] {logging_mixin.py:188} INFO - [2025-12-27T14:14:47.469+0000] {dagbag.py:540} INFO - Filling up the DagBag from /home/airflow/.local/lib/python3.12/site-packages/airflow/example_dags/example_params_ui_tutorial.py
[2025-12-27T14:14:47.558+0000] {processor.py:840} INFO - DAG(s) 'example_params_ui_tutorial' retrieved from /home/airflow/.local/lib/python3.12/site-packages/airflow/example_dags/example_params_ui_tutorial.py
[2025-12-27T14:14:48.953+0000] {logging_mixin.py:188} INFO - [2025-12-27T14:14:48.953+0000] {dag.py:3096} INFO - Sync 1 DAGs
[2025-12-27T14:14:49.064+0000] {logging_mixin.py:188} INFO - [2025-12-27T14:14:49.063+0000] {dag.py:3954} INFO - Setting next_dagrun for example_params_ui_tutorial to None, run_after=None
[2025-12-27T14:14:49.240+0000] {processor.py:183} INFO - Processing /home/airflow/.local/lib/python3.12/site-packages/airflow/example_dags/example_params_ui_tutorial.py took 1.823 seconds
[2025-12-27T14:15:27.843+0000] {processor.py:161} INFO - Started process (PID=158) to work on /home/airflow/.local/lib/python3.12/site-packages/airflow/example_dags/example_params_ui_tutorial.py
[2025-12-27T14:15:27.847+0000] {processor.py:830} INFO - Processing file /home/airflow/.local/lib/python3.12/site-packages/airflow/example_dags/example_params_ui_tutorial.py for tasks to queue
[2025-12-27T14:15:27.857+0000] {logging_mixin.py:188} INFO - [2025-12-27T14:15:27.855+0000] {dagbag.py:540} INFO - Filling up the DagBag from /home/airflow/.local/lib/python3.12/site-packages/airflow/example_dags/example_params_ui_tutorial.py
[2025-12-27T14:15:27.901+0000] {processor.py:840} INFO - DAG(s) 'example_params_ui_tutorial' retrieved from /home/airflow/.local/lib/python3.12/site-packages/airflow/example_dags/example_params_ui_tutorial.py
[2025-12-27T14:15:28.182+0000] {logging_mixin.py:188} INFO - [2025-12-27T14:15:28.181+0000] {dag.py:3096} INFO - Sync 1 DAGs
[2025-12-27T14:15:28.264+0000] {logging_mixin.py:188} INFO - [2025-12-27T14:15:28.263+0000] {dag.py:3954} INFO - Setting next_dagrun for example_params_ui_tutorial to None, run_after=None
[2025-12-27T14:15:28.399+0000] {processor.py:183} INFO - Processing /home/airflow/.local/lib/python3.12/site-packages/airflow/example_dags/example_params_ui_tutorial.py took 0.580 seconds
[2025-12-27T14:15:58.942+0000] {processor.py:161} INFO - Started process (PID=215) to work on /home/airflow/.local/lib/python3.12/site-packages/airflow/example_dags/example_params_ui_tutorial.py
[2025-12-27T14:15:58.944+0000] {processor.py:830} INFO - Processing file /home/airflow/.local/lib/python3.12/site-packages/airflow/example_dags/example_params_ui_tutorial.py for tasks to queue
[2025-12-27T14:15:58.949+0000] {logging_mixin.py:188} INFO - [2025-12-27T14:15:58.948+0000] {dagbag.py:540} INFO - Filling up the DagBag from /home/airflow/.local/lib/python3.12/site-packages/airflow/example_dags/example_params_ui_tutorial.py
[2025-12-27T14:15:58.979+0000] {processor.py:840} INFO - DAG(s) 'example_params_ui_tutorial' retrieved from /home/airflow/.local/lib/python3.12/site-packages/airflow/example_dags/example_params_ui_tutorial.py
[2025-12-27T14:15:59.126+0000] {logging_mixin.py:188} INFO - [2025-12-27T14:15:59.126+0000] {dag.py:3096} INFO - Sync 1 DAGs
[2025-12-27T14:15:59.158+0000] {logging_mixin.py:188} INFO - [2025-12-27T14:15:59.157+0000] {dag.py:3954} INFO - Setting next_dagrun for example_params_ui_tutorial to None, run_after=None
[2025-12-27T14:15:59.209+0000] {processor.py:183} INFO - Processing /home/airflow/.local/lib/python3.12/site-packages/airflow/example_dags/example_params_ui_tutorial.py took 0.284 seconds
[2025-12-27T14:16:30.053+0000] {processor.py:161} INFO - Started process (PID=273) to work on /home/airflow/.local/lib/python3.12/site-packages/airflow/example_dags/example_params_ui_tutorial.py
[2025-12-27T14:16:30.070+0000] {processor.py:830} INFO - Processing file /home/airflow/.local/lib/python3.12/site-packages/airflow/example_dags/example_params_ui_tutorial.py for tasks to queue
[2025-12-27T14:16:30.151+0000] {logging_mixin.py:188} INFO - [2025-12-27T14:16:30.146+0000] {dagbag.py:540} INFO - Filling up the DagBag from /home/airflow/.local/lib/python3.12/site-packages/airflow/example_dags/example_params_ui_tutorial.py
[2025-12-27T14:16:30.398+0000] {processor.py:840} INFO - DAG(s) 'example_params_ui_tutorial' retrieved from /home/airflow/.local/lib/python3.12/site-packages/airflow/example_dags/example_params_ui_tutorial.py
[2025-12-27T14:16:30.918+0000] {logging_mixin.py:188} INFO - [2025-12-27T14:16:30.917+0000] {dag.py:3096} INFO - Sync 1 DAGs
[2025-12-27T14:16:31.374+0000] {logging_mixin.py:188} INFO - [2025-12-27T14:16:31.372+0000] {dag.py:3954} INFO - Setting next_dagrun for example_params_ui_tutorial to None, run_after=None
[2025-12-27T14:16:31.594+0000] {processor.py:183} INFO - Processing /home/airflow/.local/lib/python3.12/site-packages/airflow/example_dags/example_params_ui_tutorial.py took 1.788 seconds
[2025-12-27T14:17:02.412+0000] {processor.py:161} INFO - Started process (PID=331) to work on /home/airflow/.local/lib/python3.12/site-packages/airflow/example_dags/example_params_ui_tutorial.py
[2025-12-27T14:17:02.438+0000] {processor.py:830} INFO - Processing file /home/airflow/.local/lib/python3.12/site-packages/airflow/example_dags/example_params_ui_tutorial.py for tasks to queue
[2025-12-27T14:17:02.454+0000] {logging_mixin.py:188} INFO - [2025-12-27T14:17:02.453+0000] {dagbag.py:540} INFO - Filling up the DagBag from /home/airflow/.local/lib/python3.12/site-packages/airflow/example_dags/example_params_ui_tutorial.py
[2025-12-27T14:17:02.571+0000] {processor.py:840} INFO - DAG(s) 'example_params_ui_tutorial' retrieved from /home/airflow/.local/lib/python3.12/site-packages/airflow/example_dags/example_params_ui_tutorial.py
[2025-12-27T14:17:03.592+0000] {logging_mixin.py:188} INFO - [2025-12-27T14:17:03.548+0000] {dag.py:3096} INFO - Sync 1 DAGs
[2025-12-27T14:17:04.495+0000] {logging_mixin.py:188} INFO - [2025-12-27T14:17:04.494+0000] {dag.py:3954} INFO - Setting next_dagrun for example_params_ui_tutorial to None, run_after=None
[2025-12-27T14:17:04.893+0000] {processor.py:183} INFO - Processing /home/airflow/.local/lib/python3.12/site-packages/airflow/example_dags/example_params_ui_tutorial.py took 2.569 seconds
[2025-12-27T14:17:48.676+0000] {processor.py:161} INFO - Started process (PID=379) to work on /home/airflow/.local/lib/python3.12/site-packages/airflow/example_dags/example_params_ui_tutorial.py
[2025-12-27T14:17:48.685+0000] {processor.py:830} INFO - Processing file /home/airflow/.local/lib/python3.12/site-packages/airflow/example_dags/example_params_ui_tutorial.py for tasks to queue
[2025-12-27T14:17:48.702+0000] {logging_mixin.py:188} INFO - [2025-12-27T14:17:48.700+0000] {dagbag.py:540} INFO - Filling up the DagBag from /home/airflow/.local/lib/python3.12/site-packages/airflow/example_dags/example_params_ui_tutorial.py
[2025-12-27T14:17:48.924+0000] {processor.py:840} INFO - DAG(s) 'example_params_ui_tutorial' retrieved from /home/airflow/.local/lib/python3.12/site-packages/airflow/example_dags/example_params_ui_tutorial.py
[2025-12-27T14:17:49.621+0000] {logging_mixin.py:188} INFO - [2025-12-27T14:17:49.620+0000] {dag.py:3096} INFO - Sync 1 DAGs
[2025-12-27T14:17:49.829+0000] {logging_mixin.py:188} INFO - [2025-12-27T14:17:49.828+0000] {dag.py:3954} INFO - Setting next_dagrun for example_params_ui_tutorial to None, run_after=None
[2025-12-27T14:17:50.018+0000] {processor.py:183} INFO - Processing /home/airflow/.local/lib/python3.12/site-packages/airflow/example_dags/example_params_ui_tutorial.py took 1.399 seconds
[2025-12-27T14:18:32.598+0000] {processor.py:161} INFO - Started process (PID=440) to work on /home/airflow/.local/lib/python3.12/site-packages/airflow/example_dags/example_params_ui_tutorial.py
[2025-12-27T14:18:32.615+0000] {processor.py:830} INFO - Processing file /home/airflow/.local/lib/python3.12/site-packages/airflow/example_dags/example_params_ui_tutorial.py for tasks to queue
[2025-12-27T14:18:32.623+0000] {logging_mixin.py:188} INFO - [2025-12-27T14:18:32.622+0000] {dagbag.py:540} INFO - Filling up the DagBag from /home/airflow/.local/lib/python3.12/site-packages/airflow/example_dags/example_params_ui_tutorial.py
[2025-12-27T14:18:32.719+0000] {processor.py:840} INFO - DAG(s) 'example_params_ui_tutorial' retrieved from /home/airflow/.local/lib/python3.12/site-packages/airflow/example_dags/example_params_ui_tutorial.py
[2025-12-27T14:18:33.249+0000] {logging_mixin.py:188} INFO - [2025-12-27T14:18:33.248+0000] {dag.py:3096} INFO - Sync 1 DAGs
[2025-12-27T14:18:33.324+0000] {logging_mixin.py:188} INFO - [2025-12-27T14:18:33.322+0000] {dag.py:3954} INFO - Setting next_dagrun for example_params_ui_tutorial to None, run_after=None
[2025-12-27T14:18:33.440+0000] {processor.py:183} INFO - Processing /home/airflow/.local/lib/python3.12/site-packages/airflow/example_dags/example_params_ui_tutorial.py took 0.880 seconds
[2025-12-27T14:19:03.597+0000] {processor.py:161} INFO - Started process (PID=498) to work on /home/airflow/.local/lib/python3.12/site-packages/airflow/example_dags/example_params_ui_tutorial.py
[2025-12-27T14:19:03.622+0000] {processor.py:830} INFO - Processing file /home/airflow/.local/lib/python3.12/site-packages/airflow/example_dags/example_params_ui_tutorial.py for tasks to queue
[2025-12-27T14:19:03.628+0000] {logging_mixin.py:188} INFO - [2025-12-27T14:19:03.627+0000] {dagbag.py:540} INFO - Filling up the DagBag from /home/airflow/.local/lib/python3.12/site-packages/airflow/example_dags/example_params_ui_tutorial.py
[2025-12-27T14:19:03.669+0000] {processor.py:840} INFO - DAG(s) 'example_params_ui_tutorial' retrieved from /home/airflow/.local/lib/python3.12/site-packages/airflow/example_dags/example_params_ui_tutorial.py
[2025-12-27T14:19:03.884+0000] {logging_mixin.py:188} INFO - [2025-12-27T14:19:03.883+0000] {dag.py:3096} INFO - Sync 1 DAGs
[2025-12-27T14:19:03.922+0000] {logging_mixin.py:188} INFO - [2025-12-27T14:19:03.921+0000] {dag.py:3954} INFO - Setting next_dagrun for example_params_ui_tutorial to None, run_after=None
[2025-12-27T14:19:03.985+0000] {processor.py:183} INFO - Processing /home/airflow/.local/lib/python3.12/site-packages/airflow/example_dags/example_params_ui_tutorial.py took 0.407 seconds
[2025-12-27T14:19:36.935+0000] {processor.py:161} INFO - Started process (PID=556) to work on /home/airflow/.local/lib/python3.12/site-packages/airflow/example_dags/example_params_ui_tutorial.py
[2025-12-27T14:19:36.938+0000] {processor.py:830} INFO - Processing file /home/airflow/.local/lib/python3.12/site-packages/airflow/example_dags/example_params_ui_tutorial.py for tasks to queue
[2025-12-27T14:19:36.945+0000] {logging_mixin.py:188} INFO - [2025-12-27T14:19:36.944+0000] {dagbag.py:540} INFO - Filling up the DagBag from /home/airflow/.local/lib/python3.12/site-packages/airflow/example_dags/example_params_ui_tutorial.py
[2025-12-27T14:19:36.987+0000] {processor.py:840} INFO - DAG(s) 'example_params_ui_tutorial' retrieved from /home/airflow/.local/lib/python3.12/site-packages/airflow/example_dags/example_params_ui_tutorial.py
[2025-12-27T14:19:37.349+0000] {logging_mixin.py:188} INFO - [2025-12-27T14:19:37.348+0000] {dag.py:3096} INFO - Sync 1 DAGs
[2025-12-27T14:19:37.491+0000] {logging_mixin.py:188} INFO - [2025-12-27T14:19:37.490+0000] {dag.py:3954} INFO - Setting next_dagrun for example_params_ui_tutorial to None, run_after=None
[2025-12-27T14:19:37.580+0000] {processor.py:183} INFO - Processing /home/airflow/.local/lib/python3.12/site-packages/airflow/example_dags/example_params_ui_tutorial.py took 0.663 seconds
[2025-12-27T14:20:11.083+0000] {processor.py:161} INFO - Started process (PID=614) to work on /home/airflow/.local/lib/python3.12/site-packages/airflow/example_dags/example_params_ui_tutorial.py
[2025-12-27T14:20:11.102+0000] {processor.py:830} INFO - Processing file /home/airflow/.local/lib/python3.12/site-packages/airflow/example_dags/example_params_ui_tutorial.py for tasks to queue
[2025-12-27T14:20:11.114+0000] {logging_mixin.py:188} INFO - [2025-12-27T14:20:11.111+0000] {dagbag.py:540} INFO - Filling up the DagBag from /home/airflow/.local/lib/python3.12/site-packages/airflow/example_dags/example_params_ui_tutorial.py
[2025-12-27T14:20:11.224+0000] {processor.py:840} INFO - DAG(s) 'example_params_ui_tutorial' retrieved from /home/airflow/.local/lib/python3.12/site-packages/airflow/example_dags/example_params_ui_tutorial.py
[2025-12-27T14:20:11.590+0000] {logging_mixin.py:188} INFO - [2025-12-27T14:20:11.589+0000] {dag.py:3096} INFO - Sync 1 DAGs
[2025-12-27T14:20:11.655+0000] {logging_mixin.py:188} INFO - [2025-12-27T14:20:11.654+0000] {dag.py:3954} INFO - Setting next_dagrun for example_params_ui_tutorial to None, run_after=None
[2025-12-27T14:20:11.768+0000] {processor.py:183} INFO - Processing /home/airflow/.local/lib/python3.12/site-packages/airflow/example_dags/example_params_ui_tutorial.py took 0.699 seconds
[2025-12-27T14:20:42.965+0000] {processor.py:161} INFO - Started process (PID=672) to work on /home/airflow/.local/lib/python3.12/site-packages/airflow/example_dags/example_params_ui_tutorial.py
[2025-12-27T14:20:42.968+0000] {processor.py:830} INFO - Processing file /home/airflow/.local/lib/python3.12/site-packages/airflow/example_dags/example_params_ui_tutorial.py for tasks to queue
[2025-12-27T14:20:42.973+0000] {logging_mixin.py:188} INFO - [2025-12-27T14:20:42.972+0000] {dagbag.py:540} INFO - Filling up the DagBag from /home/airflow/.local/lib/python3.12/site-packages/airflow/example_dags/example_params_ui_tutorial.py
[2025-12-27T14:20:43.009+0000] {processor.py:840} INFO - DAG(s) 'example_params_ui_tutorial' retrieved from /home/airflow/.local/lib/python3.12/site-packages/airflow/example_dags/example_params_ui_tutorial.py
[2025-12-27T14:20:43.346+0000] {logging_mixin.py:188} INFO - [2025-12-27T14:20:43.345+0000] {dag.py:3096} INFO - Sync 1 DAGs
[2025-12-27T14:20:43.393+0000] {logging_mixin.py:188} INFO - [2025-12-27T14:20:43.392+0000] {dag.py:3954} INFO - Setting next_dagrun for example_params_ui_tutorial to None, run_after=None
[2025-12-27T14:20:43.455+0000] {processor.py:183} INFO - Processing /home/airflow/.local/lib/python3.12/site-packages/airflow/example_dags/example_params_ui_tutorial.py took 0.523 seconds
[2025-12-27T14:21:20.171+0000] {processor.py:161} INFO - Started process (PID=730) to work on /home/airflow/.local/lib/python3.12/site-packages/airflow/example_dags/example_params_ui_tutorial.py
[2025-12-27T14:21:20.188+0000] {processor.py:830} INFO - Processing file /home/airflow/.local/lib/python3.12/site-packages/airflow/example_dags/example_params_ui_tutorial.py for tasks to queue
[2025-12-27T14:21:20.237+0000] {logging_mixin.py:188} INFO - [2025-12-27T14:21:20.230+0000] {dagbag.py:540} INFO - Filling up the DagBag from /home/airflow/.local/lib/python3.12/site-packages/airflow/example_dags/example_params_ui_tutorial.py
[2025-12-27T14:21:20.700+0000] {processor.py:840} INFO - DAG(s) 'example_params_ui_tutorial' retrieved from /home/airflow/.local/lib/python3.12/site-packages/airflow/example_dags/example_params_ui_tutorial.py
[2025-12-27T14:21:21.997+0000] {logging_mixin.py:188} INFO - [2025-12-27T14:21:21.990+0000] {dag.py:3096} INFO - Sync 1 DAGs
[2025-12-27T14:21:22.362+0000] {logging_mixin.py:188} INFO - [2025-12-27T14:21:22.361+0000] {dag.py:3954} INFO - Setting next_dagrun for example_params_ui_tutorial to None, run_after=None
[2025-12-27T14:21:22.779+0000] {processor.py:183} INFO - Processing /home/airflow/.local/lib/python3.12/site-packages/airflow/example_dags/example_params_ui_tutorial.py took 2.734 seconds
[2025-12-27T14:21:53.782+0000] {processor.py:161} INFO - Started process (PID=786) to work on /home/airflow/.local/lib/python3.12/site-packages/airflow/example_dags/example_params_ui_tutorial.py
[2025-12-27T14:21:53.786+0000] {processor.py:830} INFO - Processing file /home/airflow/.local/lib/python3.12/site-packages/airflow/example_dags/example_params_ui_tutorial.py for tasks to queue
[2025-12-27T14:21:53.796+0000] {logging_mixin.py:188} INFO - [2025-12-27T14:21:53.794+0000] {dagbag.py:540} INFO - Filling up the DagBag from /home/airflow/.local/lib/python3.12/site-packages/airflow/example_dags/example_params_ui_tutorial.py
[2025-12-27T14:21:53.875+0000] {processor.py:840} INFO - DAG(s) 'example_params_ui_tutorial' retrieved from /home/airflow/.local/lib/python3.12/site-packages/airflow/example_dags/example_params_ui_tutorial.py
[2025-12-27T14:21:54.431+0000] {logging_mixin.py:188} INFO - [2025-12-27T14:21:54.430+0000] {dag.py:3096} INFO - Sync 1 DAGs
[2025-12-27T14:21:54.652+0000] {logging_mixin.py:188} INFO - [2025-12-27T14:21:54.651+0000] {dag.py:3954} INFO - Setting next_dagrun for example_params_ui_tutorial to None, run_after=None
[2025-12-27T14:21:54.834+0000] {processor.py:183} INFO - Processing /home/airflow/.local/lib/python3.12/site-packages/airflow/example_dags/example_params_ui_tutorial.py took 1.078 seconds
[2025-12-27T14:22:56.520+0000] {processor.py:161} INFO - Started process (PID=850) to work on /home/airflow/.local/lib/python3.12/site-packages/airflow/example_dags/example_params_ui_tutorial.py
[2025-12-27T14:22:56.534+0000] {processor.py:830} INFO - Processing file /home/airflow/.local/lib/python3.12/site-packages/airflow/example_dags/example_params_ui_tutorial.py for tasks to queue
[2025-12-27T14:22:56.543+0000] {logging_mixin.py:188} INFO - [2025-12-27T14:22:56.542+0000] {dagbag.py:540} INFO - Filling up the DagBag from /home/airflow/.local/lib/python3.12/site-packages/airflow/example_dags/example_params_ui_tutorial.py
[2025-12-27T14:22:56.728+0000] {processor.py:840} INFO - DAG(s) 'example_params_ui_tutorial' retrieved from /home/airflow/.local/lib/python3.12/site-packages/airflow/example_dags/example_params_ui_tutorial.py
[2025-12-27T14:22:58.833+0000] {logging_mixin.py:188} INFO - [2025-12-27T14:22:58.831+0000] {dag.py:3096} INFO - Sync 1 DAGs
[2025-12-27T14:23:00.496+0000] {logging_mixin.py:188} INFO - [2025-12-27T14:23:00.495+0000] {dag.py:3954} INFO - Setting next_dagrun for example_params_ui_tutorial to None, run_after=None
[2025-12-27T14:23:02.437+0000] {processor.py:183} INFO - Processing /home/airflow/.local/lib/python3.12/site-packages/airflow/example_dags/example_params_ui_tutorial.py took 5.956 seconds
[2025-12-27T14:23:57.951+0000] {processor.py:161} INFO - Started process (PID=886) to work on /home/airflow/.local/lib/python3.12/site-packages/airflow/example_dags/example_params_ui_tutorial.py
[2025-12-27T14:23:57.955+0000] {processor.py:830} INFO - Processing file /home/airflow/.local/lib/python3.12/site-packages/airflow/example_dags/example_params_ui_tutorial.py for tasks to queue
[2025-12-27T14:23:57.969+0000] {logging_mixin.py:188} INFO - [2025-12-27T14:23:57.968+0000] {dagbag.py:540} INFO - Filling up the DagBag from /home/airflow/.local/lib/python3.12/site-packages/airflow/example_dags/example_params_ui_tutorial.py
[2025-12-27T14:23:58.083+0000] {processor.py:840} INFO - DAG(s) 'example_params_ui_tutorial' retrieved from /home/airflow/.local/lib/python3.12/site-packages/airflow/example_dags/example_params_ui_tutorial.py
[2025-12-27T14:23:58.495+0000] {logging_mixin.py:188} INFO - [2025-12-27T14:23:58.494+0000] {dag.py:3096} INFO - Sync 1 DAGs
[2025-12-27T14:23:58.585+0000] {logging_mixin.py:188} INFO - [2025-12-27T14:23:58.584+0000] {dag.py:3954} INFO - Setting next_dagrun for example_params_ui_tutorial to None, run_after=None
[2025-12-27T14:23:58.681+0000] {processor.py:183} INFO - Processing /home/airflow/.local/lib/python3.12/site-packages/airflow/example_dags/example_params_ui_tutorial.py took 0.785 seconds
[2025-12-27T14:24:28.896+0000] {processor.py:161} INFO - Started process (PID=944) to work on /home/airflow/.local/lib/python3.12/site-packages/airflow/example_dags/example_params_ui_tutorial.py
[2025-12-27T14:24:28.900+0000] {processor.py:830} INFO - Processing file /home/airflow/.local/lib/python3.12/site-packages/airflow/example_dags/example_params_ui_tutorial.py for tasks to queue
[2025-12-27T14:24:28.904+0000] {logging_mixin.py:188} INFO - [2025-12-27T14:24:28.902+0000] {dagbag.py:540} INFO - Filling up the DagBag from /home/airflow/.local/lib/python3.12/site-packages/airflow/example_dags/example_params_ui_tutorial.py
[2025-12-27T14:24:28.942+0000] {processor.py:840} INFO - DAG(s) 'example_params_ui_tutorial' retrieved from /home/airflow/.local/lib/python3.12/site-packages/airflow/example_dags/example_params_ui_tutorial.py
[2025-12-27T14:24:29.141+0000] {logging_mixin.py:188} INFO - [2025-12-27T14:24:29.140+0000] {dag.py:3096} INFO - Sync 1 DAGs
[2025-12-27T14:24:29.205+0000] {logging_mixin.py:188} INFO - [2025-12-27T14:24:29.204+0000] {dag.py:3954} INFO - Setting next_dagrun for example_params_ui_tutorial to None, run_after=None
[2025-12-27T14:24:29.299+0000] {processor.py:183} INFO - Processing /home/airflow/.local/lib/python3.12/site-packages/airflow/example_dags/example_params_ui_tutorial.py took 0.428 seconds
[2025-12-27T14:25:08.676+0000] {processor.py:161} INFO - Started process (PID=997) to work on /home/airflow/.local/lib/python3.12/site-packages/airflow/example_dags/example_params_ui_tutorial.py
[2025-12-27T14:25:08.682+0000] {processor.py:830} INFO - Processing file /home/airflow/.local/lib/python3.12/site-packages/airflow/example_dags/example_params_ui_tutorial.py for tasks to queue
[2025-12-27T14:25:08.686+0000] {logging_mixin.py:188} INFO - [2025-12-27T14:25:08.685+0000] {dagbag.py:540} INFO - Filling up the DagBag from /home/airflow/.local/lib/python3.12/site-packages/airflow/example_dags/example_params_ui_tutorial.py
[2025-12-27T14:25:08.765+0000] {processor.py:840} INFO - DAG(s) 'example_params_ui_tutorial' retrieved from /home/airflow/.local/lib/python3.12/site-packages/airflow/example_dags/example_params_ui_tutorial.py
[2025-12-27T14:25:09.059+0000] {logging_mixin.py:188} INFO - [2025-12-27T14:25:09.059+0000] {dag.py:3096} INFO - Sync 1 DAGs
[2025-12-27T14:25:09.118+0000] {logging_mixin.py:188} INFO - [2025-12-27T14:25:09.117+0000] {dag.py:3954} INFO - Setting next_dagrun for example_params_ui_tutorial to None, run_after=None
[2025-12-27T14:25:09.194+0000] {processor.py:183} INFO - Processing /home/airflow/.local/lib/python3.12/site-packages/airflow/example_dags/example_params_ui_tutorial.py took 0.546 seconds
[2025-12-27T14:26:22.706+0000] {processor.py:161} INFO - Started process (PID=1067) to work on /home/airflow/.local/lib/python3.12/site-packages/airflow/example_dags/example_params_ui_tutorial.py
[2025-12-27T14:26:22.712+0000] {processor.py:830} INFO - Processing file /home/airflow/.local/lib/python3.12/site-packages/airflow/example_dags/example_params_ui_tutorial.py for tasks to queue
[2025-12-27T14:26:22.715+0000] {logging_mixin.py:188} INFO - [2025-12-27T14:26:22.714+0000] {dagbag.py:540} INFO - Filling up the DagBag from /home/airflow/.local/lib/python3.12/site-packages/airflow/example_dags/example_params_ui_tutorial.py
[2025-12-27T14:26:22.770+0000] {processor.py:840} INFO - DAG(s) 'example_params_ui_tutorial' retrieved from /home/airflow/.local/lib/python3.12/site-packages/airflow/example_dags/example_params_ui_tutorial.py
[2025-12-27T14:26:23.021+0000] {logging_mixin.py:188} INFO - [2025-12-27T14:26:23.020+0000] {dag.py:3096} INFO - Sync 1 DAGs
[2025-12-27T14:26:23.080+0000] {logging_mixin.py:188} INFO - [2025-12-27T14:26:23.079+0000] {dag.py:3954} INFO - Setting next_dagrun for example_params_ui_tutorial to None, run_after=None
[2025-12-27T14:26:23.162+0000] {processor.py:183} INFO - Processing /home/airflow/.local/lib/python3.12/site-packages/airflow/example_dags/example_params_ui_tutorial.py took 0.492 seconds
[2025-12-27T14:27:05.749+0000] {processor.py:161} INFO - Started process (PID=1123) to work on /home/airflow/.local/lib/python3.12/site-packages/airflow/example_dags/example_params_ui_tutorial.py
[2025-12-27T14:27:05.761+0000] {processor.py:830} INFO - Processing file /home/airflow/.local/lib/python3.12/site-packages/airflow/example_dags/example_params_ui_tutorial.py for tasks to queue
[2025-12-27T14:27:05.785+0000] {logging_mixin.py:188} INFO - [2025-12-27T14:27:05.784+0000] {dagbag.py:540} INFO - Filling up the DagBag from /home/airflow/.local/lib/python3.12/site-packages/airflow/example_dags/example_params_ui_tutorial.py
[2025-12-27T14:27:06.142+0000] {processor.py:840} INFO - DAG(s) 'example_params_ui_tutorial' retrieved from /home/airflow/.local/lib/python3.12/site-packages/airflow/example_dags/example_params_ui_tutorial.py
[2025-12-27T14:27:08.103+0000] {logging_mixin.py:188} INFO - [2025-12-27T14:27:08.094+0000] {dag.py:3096} INFO - Sync 1 DAGs
[2025-12-27T14:27:08.213+0000] {logging_mixin.py:188} INFO - [2025-12-27T14:27:08.212+0000] {dag.py:3954} INFO - Setting next_dagrun for example_params_ui_tutorial to None, run_after=None
[2025-12-27T14:27:08.405+0000] {processor.py:183} INFO - Processing /home/airflow/.local/lib/python3.12/site-packages/airflow/example_dags/example_params_ui_tutorial.py took 2.711 seconds
[2025-12-27T14:27:52.431+0000] {processor.py:161} INFO - Started process (PID=1186) to work on /home/airflow/.local/lib/python3.12/site-packages/airflow/example_dags/example_params_ui_tutorial.py
[2025-12-27T14:27:52.435+0000] {processor.py:830} INFO - Processing file /home/airflow/.local/lib/python3.12/site-packages/airflow/example_dags/example_params_ui_tutorial.py for tasks to queue
[2025-12-27T14:27:52.440+0000] {logging_mixin.py:188} INFO - [2025-12-27T14:27:52.438+0000] {dagbag.py:540} INFO - Filling up the DagBag from /home/airflow/.local/lib/python3.12/site-packages/airflow/example_dags/example_params_ui_tutorial.py
[2025-12-27T14:27:52.497+0000] {processor.py:840} INFO - DAG(s) 'example_params_ui_tutorial' retrieved from /home/airflow/.local/lib/python3.12/site-packages/airflow/example_dags/example_params_ui_tutorial.py
[2025-12-27T14:27:52.747+0000] {logging_mixin.py:188} INFO - [2025-12-27T14:27:52.746+0000] {dag.py:3096} INFO - Sync 1 DAGs
[2025-12-27T14:27:52.804+0000] {logging_mixin.py:188} INFO - [2025-12-27T14:27:52.803+0000] {dag.py:3954} INFO - Setting next_dagrun for example_params_ui_tutorial to None, run_after=None
[2025-12-27T14:27:52.893+0000] {processor.py:183} INFO - Processing /home/airflow/.local/lib/python3.12/site-packages/airflow/example_dags/example_params_ui_tutorial.py took 0.493 seconds
[2025-12-27T14:28:23.572+0000] {processor.py:161} INFO - Started process (PID=1244) to work on /home/airflow/.local/lib/python3.12/site-packages/airflow/example_dags/example_params_ui_tutorial.py
[2025-12-27T14:28:23.576+0000] {processor.py:830} INFO - Processing file /home/airflow/.local/lib/python3.12/site-packages/airflow/example_dags/example_params_ui_tutorial.py for tasks to queue
[2025-12-27T14:28:23.581+0000] {logging_mixin.py:188} INFO - [2025-12-27T14:28:23.579+0000] {dagbag.py:540} INFO - Filling up the DagBag from /home/airflow/.local/lib/python3.12/site-packages/airflow/example_dags/example_params_ui_tutorial.py
[2025-12-27T14:28:23.624+0000] {processor.py:840} INFO - DAG(s) 'example_params_ui_tutorial' retrieved from /home/airflow/.local/lib/python3.12/site-packages/airflow/example_dags/example_params_ui_tutorial.py
[2025-12-27T14:28:23.789+0000] {logging_mixin.py:188} INFO - [2025-12-27T14:28:23.788+0000] {dag.py:3096} INFO - Sync 1 DAGs
[2025-12-27T14:28:23.839+0000] {logging_mixin.py:188} INFO - [2025-12-27T14:28:23.838+0000] {dag.py:3954} INFO - Setting next_dagrun for example_params_ui_tutorial to None, run_after=None
[2025-12-27T14:28:23.918+0000] {processor.py:183} INFO - Processing /home/airflow/.local/lib/python3.12/site-packages/airflow/example_dags/example_params_ui_tutorial.py took 0.364 seconds
[2025-12-27T14:28:55.227+0000] {processor.py:161} INFO - Started process (PID=1303) to work on /home/airflow/.local/lib/python3.12/site-packages/airflow/example_dags/example_params_ui_tutorial.py
[2025-12-27T14:28:55.235+0000] {processor.py:830} INFO - Processing file /home/airflow/.local/lib/python3.12/site-packages/airflow/example_dags/example_params_ui_tutorial.py for tasks to queue
[2025-12-27T14:28:55.238+0000] {logging_mixin.py:188} INFO - [2025-12-27T14:28:55.237+0000] {dagbag.py:540} INFO - Filling up the DagBag from /home/airflow/.local/lib/python3.12/site-packages/airflow/example_dags/example_params_ui_tutorial.py
[2025-12-27T14:28:55.319+0000] {processor.py:840} INFO - DAG(s) 'example_params_ui_tutorial' retrieved from /home/airflow/.local/lib/python3.12/site-packages/airflow/example_dags/example_params_ui_tutorial.py
[2025-12-27T14:28:55.616+0000] {logging_mixin.py:188} INFO - [2025-12-27T14:28:55.615+0000] {dag.py:3096} INFO - Sync 1 DAGs
[2025-12-27T14:28:55.720+0000] {logging_mixin.py:188} INFO - [2025-12-27T14:28:55.719+0000] {dag.py:3954} INFO - Setting next_dagrun for example_params_ui_tutorial to None, run_after=None
[2025-12-27T14:28:55.818+0000] {processor.py:183} INFO - Processing /home/airflow/.local/lib/python3.12/site-packages/airflow/example_dags/example_params_ui_tutorial.py took 0.651 seconds
[2025-12-27T14:29:27.625+0000] {processor.py:161} INFO - Started process (PID=1360) to work on /home/airflow/.local/lib/python3.12/site-packages/airflow/example_dags/example_params_ui_tutorial.py
[2025-12-27T14:29:27.635+0000] {processor.py:830} INFO - Processing file /home/airflow/.local/lib/python3.12/site-packages/airflow/example_dags/example_params_ui_tutorial.py for tasks to queue
[2025-12-27T14:29:27.642+0000] {logging_mixin.py:188} INFO - [2025-12-27T14:29:27.641+0000] {dagbag.py:540} INFO - Filling up the DagBag from /home/airflow/.local/lib/python3.12/site-packages/airflow/example_dags/example_params_ui_tutorial.py
[2025-12-27T14:29:27.731+0000] {processor.py:840} INFO - DAG(s) 'example_params_ui_tutorial' retrieved from /home/airflow/.local/lib/python3.12/site-packages/airflow/example_dags/example_params_ui_tutorial.py
[2025-12-27T14:29:28.112+0000] {logging_mixin.py:188} INFO - [2025-12-27T14:29:28.111+0000] {dag.py:3096} INFO - Sync 1 DAGs
[2025-12-27T14:29:28.242+0000] {logging_mixin.py:188} INFO - [2025-12-27T14:29:28.241+0000] {dag.py:3954} INFO - Setting next_dagrun for example_params_ui_tutorial to None, run_after=None
[2025-12-27T14:29:28.472+0000] {processor.py:183} INFO - Processing /home/airflow/.local/lib/python3.12/site-packages/airflow/example_dags/example_params_ui_tutorial.py took 0.887 seconds
[2025-12-27T14:30:03.064+0000] {processor.py:161} INFO - Started process (PID=1410) to work on /home/airflow/.local/lib/python3.12/site-packages/airflow/example_dags/example_params_ui_tutorial.py
[2025-12-27T14:30:03.106+0000] {processor.py:830} INFO - Processing file /home/airflow/.local/lib/python3.12/site-packages/airflow/example_dags/example_params_ui_tutorial.py for tasks to queue
[2025-12-27T14:30:03.109+0000] {logging_mixin.py:188} INFO - [2025-12-27T14:30:03.108+0000] {dagbag.py:540} INFO - Filling up the DagBag from /home/airflow/.local/lib/python3.12/site-packages/airflow/example_dags/example_params_ui_tutorial.py
[2025-12-27T14:30:03.144+0000] {processor.py:840} INFO - DAG(s) 'example_params_ui_tutorial' retrieved from /home/airflow/.local/lib/python3.12/site-packages/airflow/example_dags/example_params_ui_tutorial.py
[2025-12-27T14:30:03.446+0000] {logging_mixin.py:188} INFO - [2025-12-27T14:30:03.446+0000] {dag.py:3096} INFO - Sync 1 DAGs
[2025-12-27T14:30:03.524+0000] {logging_mixin.py:188} INFO - [2025-12-27T14:30:03.523+0000] {dag.py:3954} INFO - Setting next_dagrun for example_params_ui_tutorial to None, run_after=None
[2025-12-27T14:30:03.969+0000] {processor.py:183} INFO - Processing /home/airflow/.local/lib/python3.12/site-packages/airflow/example_dags/example_params_ui_tutorial.py took 0.933 seconds
[2025-12-27T14:30:34.708+0000] {processor.py:161} INFO - Started process (PID=1467) to work on /home/airflow/.local/lib/python3.12/site-packages/airflow/example_dags/example_params_ui_tutorial.py
[2025-12-27T14:30:34.713+0000] {processor.py:830} INFO - Processing file /home/airflow/.local/lib/python3.12/site-packages/airflow/example_dags/example_params_ui_tutorial.py for tasks to queue
[2025-12-27T14:30:34.721+0000] {logging_mixin.py:188} INFO - [2025-12-27T14:30:34.717+0000] {dagbag.py:540} INFO - Filling up the DagBag from /home/airflow/.local/lib/python3.12/site-packages/airflow/example_dags/example_params_ui_tutorial.py
[2025-12-27T14:30:34.791+0000] {processor.py:840} INFO - DAG(s) 'example_params_ui_tutorial' retrieved from /home/airflow/.local/lib/python3.12/site-packages/airflow/example_dags/example_params_ui_tutorial.py
[2025-12-27T14:30:34.957+0000] {logging_mixin.py:188} INFO - [2025-12-27T14:30:34.956+0000] {dag.py:3096} INFO - Sync 1 DAGs
[2025-12-27T14:30:34.988+0000] {logging_mixin.py:188} INFO - [2025-12-27T14:30:34.987+0000] {dag.py:3954} INFO - Setting next_dagrun for example_params_ui_tutorial to None, run_after=None
[2025-12-27T14:30:35.040+0000] {processor.py:183} INFO - Processing /home/airflow/.local/lib/python3.12/site-packages/airflow/example_dags/example_params_ui_tutorial.py took 0.363 seconds
[2025-12-27T14:31:05.332+0000] {processor.py:161} INFO - Started process (PID=1525) to work on /home/airflow/.local/lib/python3.12/site-packages/airflow/example_dags/example_params_ui_tutorial.py
[2025-12-27T14:31:05.334+0000] {processor.py:830} INFO - Processing file /home/airflow/.local/lib/python3.12/site-packages/airflow/example_dags/example_params_ui_tutorial.py for tasks to queue
[2025-12-27T14:31:05.337+0000] {logging_mixin.py:188} INFO - [2025-12-27T14:31:05.336+0000] {dagbag.py:540} INFO - Filling up the DagBag from /home/airflow/.local/lib/python3.12/site-packages/airflow/example_dags/example_params_ui_tutorial.py
[2025-12-27T14:31:05.371+0000] {processor.py:840} INFO - DAG(s) 'example_params_ui_tutorial' retrieved from /home/airflow/.local/lib/python3.12/site-packages/airflow/example_dags/example_params_ui_tutorial.py
[2025-12-27T14:31:05.516+0000] {logging_mixin.py:188} INFO - [2025-12-27T14:31:05.515+0000] {dag.py:3096} INFO - Sync 1 DAGs
[2025-12-27T14:31:05.547+0000] {logging_mixin.py:188} INFO - [2025-12-27T14:31:05.547+0000] {dag.py:3954} INFO - Setting next_dagrun for example_params_ui_tutorial to None, run_after=None
[2025-12-27T14:31:05.608+0000] {processor.py:183} INFO - Processing /home/airflow/.local/lib/python3.12/site-packages/airflow/example_dags/example_params_ui_tutorial.py took 0.293 seconds
[2025-12-27T14:31:35.966+0000] {processor.py:161} INFO - Started process (PID=1583) to work on /home/airflow/.local/lib/python3.12/site-packages/airflow/example_dags/example_params_ui_tutorial.py
[2025-12-27T14:31:35.969+0000] {processor.py:830} INFO - Processing file /home/airflow/.local/lib/python3.12/site-packages/airflow/example_dags/example_params_ui_tutorial.py for tasks to queue
[2025-12-27T14:31:35.971+0000] {logging_mixin.py:188} INFO - [2025-12-27T14:31:35.970+0000] {dagbag.py:540} INFO - Filling up the DagBag from /home/airflow/.local/lib/python3.12/site-packages/airflow/example_dags/example_params_ui_tutorial.py
[2025-12-27T14:31:36.003+0000] {processor.py:840} INFO - DAG(s) 'example_params_ui_tutorial' retrieved from /home/airflow/.local/lib/python3.12/site-packages/airflow/example_dags/example_params_ui_tutorial.py
[2025-12-27T14:31:36.146+0000] {logging_mixin.py:188} INFO - [2025-12-27T14:31:36.146+0000] {dag.py:3096} INFO - Sync 1 DAGs
[2025-12-27T14:31:36.179+0000] {logging_mixin.py:188} INFO - [2025-12-27T14:31:36.179+0000] {dag.py:3954} INFO - Setting next_dagrun for example_params_ui_tutorial to None, run_after=None
[2025-12-27T14:31:36.250+0000] {processor.py:183} INFO - Processing /home/airflow/.local/lib/python3.12/site-packages/airflow/example_dags/example_params_ui_tutorial.py took 0.301 seconds
[2025-12-27T14:32:06.999+0000] {processor.py:161} INFO - Started process (PID=1641) to work on /home/airflow/.local/lib/python3.12/site-packages/airflow/example_dags/example_params_ui_tutorial.py
[2025-12-27T14:32:07.001+0000] {processor.py:830} INFO - Processing file /home/airflow/.local/lib/python3.12/site-packages/airflow/example_dags/example_params_ui_tutorial.py for tasks to queue
[2025-12-27T14:32:07.004+0000] {logging_mixin.py:188} INFO - [2025-12-27T14:32:07.003+0000] {dagbag.py:540} INFO - Filling up the DagBag from /home/airflow/.local/lib/python3.12/site-packages/airflow/example_dags/example_params_ui_tutorial.py
[2025-12-27T14:32:07.042+0000] {processor.py:840} INFO - DAG(s) 'example_params_ui_tutorial' retrieved from /home/airflow/.local/lib/python3.12/site-packages/airflow/example_dags/example_params_ui_tutorial.py
[2025-12-27T14:32:07.280+0000] {logging_mixin.py:188} INFO - [2025-12-27T14:32:07.279+0000] {dag.py:3096} INFO - Sync 1 DAGs
[2025-12-27T14:32:07.334+0000] {logging_mixin.py:188} INFO - [2025-12-27T14:32:07.333+0000] {dag.py:3954} INFO - Setting next_dagrun for example_params_ui_tutorial to None, run_after=None
[2025-12-27T14:32:07.402+0000] {processor.py:183} INFO - Processing /home/airflow/.local/lib/python3.12/site-packages/airflow/example_dags/example_params_ui_tutorial.py took 0.427 seconds
[2025-12-27T14:32:37.782+0000] {processor.py:161} INFO - Started process (PID=1699) to work on /home/airflow/.local/lib/python3.12/site-packages/airflow/example_dags/example_params_ui_tutorial.py
[2025-12-27T14:32:37.786+0000] {processor.py:830} INFO - Processing file /home/airflow/.local/lib/python3.12/site-packages/airflow/example_dags/example_params_ui_tutorial.py for tasks to queue
[2025-12-27T14:32:37.789+0000] {logging_mixin.py:188} INFO - [2025-12-27T14:32:37.788+0000] {dagbag.py:540} INFO - Filling up the DagBag from /home/airflow/.local/lib/python3.12/site-packages/airflow/example_dags/example_params_ui_tutorial.py
[2025-12-27T14:32:37.837+0000] {processor.py:840} INFO - DAG(s) 'example_params_ui_tutorial' retrieved from /home/airflow/.local/lib/python3.12/site-packages/airflow/example_dags/example_params_ui_tutorial.py
[2025-12-27T14:32:38.070+0000] {logging_mixin.py:188} INFO - [2025-12-27T14:32:38.069+0000] {dag.py:3096} INFO - Sync 1 DAGs
[2025-12-27T14:32:38.120+0000] {logging_mixin.py:188} INFO - [2025-12-27T14:32:38.119+0000] {dag.py:3954} INFO - Setting next_dagrun for example_params_ui_tutorial to None, run_after=None
[2025-12-27T14:32:38.185+0000] {processor.py:183} INFO - Processing /home/airflow/.local/lib/python3.12/site-packages/airflow/example_dags/example_params_ui_tutorial.py took 0.430 seconds
[2025-12-27T14:33:08.444+0000] {processor.py:161} INFO - Started process (PID=1758) to work on /home/airflow/.local/lib/python3.12/site-packages/airflow/example_dags/example_params_ui_tutorial.py
[2025-12-27T14:33:08.446+0000] {processor.py:830} INFO - Processing file /home/airflow/.local/lib/python3.12/site-packages/airflow/example_dags/example_params_ui_tutorial.py for tasks to queue
[2025-12-27T14:33:08.449+0000] {logging_mixin.py:188} INFO - [2025-12-27T14:33:08.448+0000] {dagbag.py:540} INFO - Filling up the DagBag from /home/airflow/.local/lib/python3.12/site-packages/airflow/example_dags/example_params_ui_tutorial.py
[2025-12-27T14:33:08.479+0000] {processor.py:840} INFO - DAG(s) 'example_params_ui_tutorial' retrieved from /home/airflow/.local/lib/python3.12/site-packages/airflow/example_dags/example_params_ui_tutorial.py
[2025-12-27T14:33:08.623+0000] {logging_mixin.py:188} INFO - [2025-12-27T14:33:08.622+0000] {dag.py:3096} INFO - Sync 1 DAGs
[2025-12-27T14:33:08.666+0000] {logging_mixin.py:188} INFO - [2025-12-27T14:33:08.665+0000] {dag.py:3954} INFO - Setting next_dagrun for example_params_ui_tutorial to None, run_after=None
[2025-12-27T14:33:08.716+0000] {processor.py:183} INFO - Processing /home/airflow/.local/lib/python3.12/site-packages/airflow/example_dags/example_params_ui_tutorial.py took 0.288 seconds
[2025-12-27T14:33:38.976+0000] {processor.py:161} INFO - Started process (PID=1816) to work on /home/airflow/.local/lib/python3.12/site-packages/airflow/example_dags/example_params_ui_tutorial.py
[2025-12-27T14:33:38.979+0000] {processor.py:830} INFO - Processing file /home/airflow/.local/lib/python3.12/site-packages/airflow/example_dags/example_params_ui_tutorial.py for tasks to queue
[2025-12-27T14:33:38.982+0000] {logging_mixin.py:188} INFO - [2025-12-27T14:33:38.981+0000] {dagbag.py:540} INFO - Filling up the DagBag from /home/airflow/.local/lib/python3.12/site-packages/airflow/example_dags/example_params_ui_tutorial.py
[2025-12-27T14:33:39.018+0000] {processor.py:840} INFO - DAG(s) 'example_params_ui_tutorial' retrieved from /home/airflow/.local/lib/python3.12/site-packages/airflow/example_dags/example_params_ui_tutorial.py
[2025-12-27T14:33:39.186+0000] {logging_mixin.py:188} INFO - [2025-12-27T14:33:39.185+0000] {dag.py:3096} INFO - Sync 1 DAGs
[2025-12-27T14:33:39.224+0000] {logging_mixin.py:188} INFO - [2025-12-27T14:33:39.223+0000] {dag.py:3954} INFO - Setting next_dagrun for example_params_ui_tutorial to None, run_after=None
[2025-12-27T14:33:39.275+0000] {processor.py:183} INFO - Processing /home/airflow/.local/lib/python3.12/site-packages/airflow/example_dags/example_params_ui_tutorial.py took 0.320 seconds
[2025-12-27T14:34:09.596+0000] {processor.py:161} INFO - Started process (PID=1874) to work on /home/airflow/.local/lib/python3.12/site-packages/airflow/example_dags/example_params_ui_tutorial.py
[2025-12-27T14:34:09.599+0000] {processor.py:830} INFO - Processing file /home/airflow/.local/lib/python3.12/site-packages/airflow/example_dags/example_params_ui_tutorial.py for tasks to queue
[2025-12-27T14:34:09.602+0000] {logging_mixin.py:188} INFO - [2025-12-27T14:34:09.601+0000] {dagbag.py:540} INFO - Filling up the DagBag from /home/airflow/.local/lib/python3.12/site-packages/airflow/example_dags/example_params_ui_tutorial.py
[2025-12-27T14:34:09.634+0000] {processor.py:840} INFO - DAG(s) 'example_params_ui_tutorial' retrieved from /home/airflow/.local/lib/python3.12/site-packages/airflow/example_dags/example_params_ui_tutorial.py
[2025-12-27T14:34:09.766+0000] {logging_mixin.py:188} INFO - [2025-12-27T14:34:09.765+0000] {dag.py:3096} INFO - Sync 1 DAGs
[2025-12-27T14:34:09.798+0000] {logging_mixin.py:188} INFO - [2025-12-27T14:34:09.798+0000] {dag.py:3954} INFO - Setting next_dagrun for example_params_ui_tutorial to None, run_after=None
[2025-12-27T14:34:09.845+0000] {processor.py:183} INFO - Processing /home/airflow/.local/lib/python3.12/site-packages/airflow/example_dags/example_params_ui_tutorial.py took 0.265 seconds
[2025-12-27T14:34:40.415+0000] {processor.py:161} INFO - Started process (PID=1932) to work on /home/airflow/.local/lib/python3.12/site-packages/airflow/example_dags/example_params_ui_tutorial.py
[2025-12-27T14:34:40.420+0000] {processor.py:830} INFO - Processing file /home/airflow/.local/lib/python3.12/site-packages/airflow/example_dags/example_params_ui_tutorial.py for tasks to queue
[2025-12-27T14:34:40.424+0000] {logging_mixin.py:188} INFO - [2025-12-27T14:34:40.423+0000] {dagbag.py:540} INFO - Filling up the DagBag from /home/airflow/.local/lib/python3.12/site-packages/airflow/example_dags/example_params_ui_tutorial.py
[2025-12-27T14:34:40.484+0000] {processor.py:840} INFO - DAG(s) 'example_params_ui_tutorial' retrieved from /home/airflow/.local/lib/python3.12/site-packages/airflow/example_dags/example_params_ui_tutorial.py
[2025-12-27T14:34:40.856+0000] {logging_mixin.py:188} INFO - [2025-12-27T14:34:40.855+0000] {dag.py:3096} INFO - Sync 1 DAGs
[2025-12-27T14:34:40.950+0000] {logging_mixin.py:188} INFO - [2025-12-27T14:34:40.949+0000] {dag.py:3954} INFO - Setting next_dagrun for example_params_ui_tutorial to None, run_after=None
[2025-12-27T14:34:41.072+0000] {processor.py:183} INFO - Processing /home/airflow/.local/lib/python3.12/site-packages/airflow/example_dags/example_params_ui_tutorial.py took 0.696 seconds
[2025-12-27T14:35:11.431+0000] {processor.py:161} INFO - Started process (PID=1992) to work on /home/airflow/.local/lib/python3.12/site-packages/airflow/example_dags/example_params_ui_tutorial.py
[2025-12-27T14:35:11.435+0000] {processor.py:830} INFO - Processing file /home/airflow/.local/lib/python3.12/site-packages/airflow/example_dags/example_params_ui_tutorial.py for tasks to queue
[2025-12-27T14:35:11.439+0000] {logging_mixin.py:188} INFO - [2025-12-27T14:35:11.438+0000] {dagbag.py:540} INFO - Filling up the DagBag from /home/airflow/.local/lib/python3.12/site-packages/airflow/example_dags/example_params_ui_tutorial.py
[2025-12-27T14:35:11.472+0000] {processor.py:840} INFO - DAG(s) 'example_params_ui_tutorial' retrieved from /home/airflow/.local/lib/python3.12/site-packages/airflow/example_dags/example_params_ui_tutorial.py
[2025-12-27T14:35:11.655+0000] {logging_mixin.py:188} INFO - [2025-12-27T14:35:11.655+0000] {dag.py:3096} INFO - Sync 1 DAGs
[2025-12-27T14:35:11.688+0000] {logging_mixin.py:188} INFO - [2025-12-27T14:35:11.688+0000] {dag.py:3954} INFO - Setting next_dagrun for example_params_ui_tutorial to None, run_after=None
[2025-12-27T14:35:11.746+0000] {processor.py:183} INFO - Processing /home/airflow/.local/lib/python3.12/site-packages/airflow/example_dags/example_params_ui_tutorial.py took 0.337 seconds
[2025-12-27T14:35:42.187+0000] {processor.py:161} INFO - Started process (PID=2050) to work on /home/airflow/.local/lib/python3.12/site-packages/airflow/example_dags/example_params_ui_tutorial.py
[2025-12-27T14:35:42.190+0000] {processor.py:830} INFO - Processing file /home/airflow/.local/lib/python3.12/site-packages/airflow/example_dags/example_params_ui_tutorial.py for tasks to queue
[2025-12-27T14:35:42.193+0000] {logging_mixin.py:188} INFO - [2025-12-27T14:35:42.192+0000] {dagbag.py:540} INFO - Filling up the DagBag from /home/airflow/.local/lib/python3.12/site-packages/airflow/example_dags/example_params_ui_tutorial.py
[2025-12-27T14:35:42.228+0000] {processor.py:840} INFO - DAG(s) 'example_params_ui_tutorial' retrieved from /home/airflow/.local/lib/python3.12/site-packages/airflow/example_dags/example_params_ui_tutorial.py
[2025-12-27T14:35:42.400+0000] {logging_mixin.py:188} INFO - [2025-12-27T14:35:42.400+0000] {dag.py:3096} INFO - Sync 1 DAGs
[2025-12-27T14:35:42.434+0000] {logging_mixin.py:188} INFO - [2025-12-27T14:35:42.433+0000] {dag.py:3954} INFO - Setting next_dagrun for example_params_ui_tutorial to None, run_after=None
[2025-12-27T14:35:42.534+0000] {processor.py:183} INFO - Processing /home/airflow/.local/lib/python3.12/site-packages/airflow/example_dags/example_params_ui_tutorial.py took 0.364 seconds
[2025-12-27T14:36:26.244+0000] {processor.py:161} INFO - Started process (PID=2113) to work on /home/airflow/.local/lib/python3.12/site-packages/airflow/example_dags/example_params_ui_tutorial.py
[2025-12-27T14:36:26.249+0000] {processor.py:830} INFO - Processing file /home/airflow/.local/lib/python3.12/site-packages/airflow/example_dags/example_params_ui_tutorial.py for tasks to queue
[2025-12-27T14:36:26.255+0000] {logging_mixin.py:188} INFO - [2025-12-27T14:36:26.254+0000] {dagbag.py:540} INFO - Filling up the DagBag from /home/airflow/.local/lib/python3.12/site-packages/airflow/example_dags/example_params_ui_tutorial.py
[2025-12-27T14:36:26.320+0000] {processor.py:840} INFO - DAG(s) 'example_params_ui_tutorial' retrieved from /home/airflow/.local/lib/python3.12/site-packages/airflow/example_dags/example_params_ui_tutorial.py
[2025-12-27T14:36:27.186+0000] {logging_mixin.py:188} INFO - [2025-12-27T14:36:27.185+0000] {dag.py:3096} INFO - Sync 1 DAGs
[2025-12-27T14:36:27.275+0000] {logging_mixin.py:188} INFO - [2025-12-27T14:36:27.274+0000] {dag.py:3954} INFO - Setting next_dagrun for example_params_ui_tutorial to None, run_after=None
[2025-12-27T14:36:27.413+0000] {processor.py:183} INFO - Processing /home/airflow/.local/lib/python3.12/site-packages/airflow/example_dags/example_params_ui_tutorial.py took 1.194 seconds
[2025-12-27T14:36:57.626+0000] {processor.py:161} INFO - Started process (PID=2163) to work on /home/airflow/.local/lib/python3.12/site-packages/airflow/example_dags/example_params_ui_tutorial.py
[2025-12-27T14:36:57.630+0000] {processor.py:830} INFO - Processing file /home/airflow/.local/lib/python3.12/site-packages/airflow/example_dags/example_params_ui_tutorial.py for tasks to queue
[2025-12-27T14:36:57.634+0000] {logging_mixin.py:188} INFO - [2025-12-27T14:36:57.633+0000] {dagbag.py:540} INFO - Filling up the DagBag from /home/airflow/.local/lib/python3.12/site-packages/airflow/example_dags/example_params_ui_tutorial.py
[2025-12-27T14:36:57.672+0000] {processor.py:840} INFO - DAG(s) 'example_params_ui_tutorial' retrieved from /home/airflow/.local/lib/python3.12/site-packages/airflow/example_dags/example_params_ui_tutorial.py
[2025-12-27T14:36:57.858+0000] {logging_mixin.py:188} INFO - [2025-12-27T14:36:57.857+0000] {dag.py:3096} INFO - Sync 1 DAGs
[2025-12-27T14:36:57.900+0000] {logging_mixin.py:188} INFO - [2025-12-27T14:36:57.899+0000] {dag.py:3954} INFO - Setting next_dagrun for example_params_ui_tutorial to None, run_after=None
[2025-12-27T14:36:57.960+0000] {processor.py:183} INFO - Processing /home/airflow/.local/lib/python3.12/site-packages/airflow/example_dags/example_params_ui_tutorial.py took 0.356 seconds
[2025-12-27T14:37:29.429+0000] {processor.py:161} INFO - Started process (PID=2229) to work on /home/airflow/.local/lib/python3.12/site-packages/airflow/example_dags/example_params_ui_tutorial.py
[2025-12-27T14:37:29.469+0000] {processor.py:830} INFO - Processing file /home/airflow/.local/lib/python3.12/site-packages/airflow/example_dags/example_params_ui_tutorial.py for tasks to queue
[2025-12-27T14:37:29.476+0000] {logging_mixin.py:188} INFO - [2025-12-27T14:37:29.475+0000] {dagbag.py:540} INFO - Filling up the DagBag from /home/airflow/.local/lib/python3.12/site-packages/airflow/example_dags/example_params_ui_tutorial.py
[2025-12-27T14:37:29.693+0000] {processor.py:840} INFO - DAG(s) 'example_params_ui_tutorial' retrieved from /home/airflow/.local/lib/python3.12/site-packages/airflow/example_dags/example_params_ui_tutorial.py
[2025-12-27T14:37:30.436+0000] {logging_mixin.py:188} INFO - [2025-12-27T14:37:30.434+0000] {dag.py:3096} INFO - Sync 1 DAGs
[2025-12-27T14:37:30.575+0000] {logging_mixin.py:188} INFO - [2025-12-27T14:37:30.574+0000] {dag.py:3954} INFO - Setting next_dagrun for example_params_ui_tutorial to None, run_after=None
[2025-12-27T14:37:30.770+0000] {processor.py:183} INFO - Processing /home/airflow/.local/lib/python3.12/site-packages/airflow/example_dags/example_params_ui_tutorial.py took 1.397 seconds
[2025-12-27T14:38:01.030+0000] {processor.py:161} INFO - Started process (PID=2286) to work on /home/airflow/.local/lib/python3.12/site-packages/airflow/example_dags/example_params_ui_tutorial.py
[2025-12-27T14:38:01.033+0000] {processor.py:830} INFO - Processing file /home/airflow/.local/lib/python3.12/site-packages/airflow/example_dags/example_params_ui_tutorial.py for tasks to queue
[2025-12-27T14:38:01.038+0000] {logging_mixin.py:188} INFO - [2025-12-27T14:38:01.036+0000] {dagbag.py:540} INFO - Filling up the DagBag from /home/airflow/.local/lib/python3.12/site-packages/airflow/example_dags/example_params_ui_tutorial.py
[2025-12-27T14:38:01.074+0000] {processor.py:840} INFO - DAG(s) 'example_params_ui_tutorial' retrieved from /home/airflow/.local/lib/python3.12/site-packages/airflow/example_dags/example_params_ui_tutorial.py
[2025-12-27T14:38:01.236+0000] {logging_mixin.py:188} INFO - [2025-12-27T14:38:01.235+0000] {dag.py:3096} INFO - Sync 1 DAGs
[2025-12-27T14:38:01.269+0000] {logging_mixin.py:188} INFO - [2025-12-27T14:38:01.268+0000] {dag.py:3954} INFO - Setting next_dagrun for example_params_ui_tutorial to None, run_after=None
[2025-12-27T14:38:01.322+0000] {processor.py:183} INFO - Processing /home/airflow/.local/lib/python3.12/site-packages/airflow/example_dags/example_params_ui_tutorial.py took 0.319 seconds
[2025-12-27T14:38:31.988+0000] {processor.py:161} INFO - Started process (PID=2344) to work on /home/airflow/.local/lib/python3.12/site-packages/airflow/example_dags/example_params_ui_tutorial.py
[2025-12-27T14:38:31.992+0000] {processor.py:830} INFO - Processing file /home/airflow/.local/lib/python3.12/site-packages/airflow/example_dags/example_params_ui_tutorial.py for tasks to queue
[2025-12-27T14:38:31.995+0000] {logging_mixin.py:188} INFO - [2025-12-27T14:38:31.994+0000] {dagbag.py:540} INFO - Filling up the DagBag from /home/airflow/.local/lib/python3.12/site-packages/airflow/example_dags/example_params_ui_tutorial.py
[2025-12-27T14:38:32.032+0000] {processor.py:840} INFO - DAG(s) 'example_params_ui_tutorial' retrieved from /home/airflow/.local/lib/python3.12/site-packages/airflow/example_dags/example_params_ui_tutorial.py
[2025-12-27T14:38:32.169+0000] {logging_mixin.py:188} INFO - [2025-12-27T14:38:32.168+0000] {dag.py:3096} INFO - Sync 1 DAGs
[2025-12-27T14:38:32.201+0000] {logging_mixin.py:188} INFO - [2025-12-27T14:38:32.200+0000] {dag.py:3954} INFO - Setting next_dagrun for example_params_ui_tutorial to None, run_after=None
[2025-12-27T14:38:32.254+0000] {processor.py:183} INFO - Processing /home/airflow/.local/lib/python3.12/site-packages/airflow/example_dags/example_params_ui_tutorial.py took 0.285 seconds
[2025-12-27T14:39:03.509+0000] {processor.py:161} INFO - Started process (PID=2402) to work on /home/airflow/.local/lib/python3.12/site-packages/airflow/example_dags/example_params_ui_tutorial.py
[2025-12-27T14:39:03.516+0000] {processor.py:830} INFO - Processing file /home/airflow/.local/lib/python3.12/site-packages/airflow/example_dags/example_params_ui_tutorial.py for tasks to queue
[2025-12-27T14:39:03.521+0000] {logging_mixin.py:188} INFO - [2025-12-27T14:39:03.519+0000] {dagbag.py:540} INFO - Filling up the DagBag from /home/airflow/.local/lib/python3.12/site-packages/airflow/example_dags/example_params_ui_tutorial.py
[2025-12-27T14:39:03.576+0000] {processor.py:840} INFO - DAG(s) 'example_params_ui_tutorial' retrieved from /home/airflow/.local/lib/python3.12/site-packages/airflow/example_dags/example_params_ui_tutorial.py
[2025-12-27T14:39:03.841+0000] {logging_mixin.py:188} INFO - [2025-12-27T14:39:03.841+0000] {dag.py:3096} INFO - Sync 1 DAGs
[2025-12-27T14:39:03.914+0000] {logging_mixin.py:188} INFO - [2025-12-27T14:39:03.913+0000] {dag.py:3954} INFO - Setting next_dagrun for example_params_ui_tutorial to None, run_after=None
[2025-12-27T14:39:04.004+0000] {processor.py:183} INFO - Processing /home/airflow/.local/lib/python3.12/site-packages/airflow/example_dags/example_params_ui_tutorial.py took 0.529 seconds
[2025-12-27T14:39:34.540+0000] {processor.py:161} INFO - Started process (PID=2460) to work on /home/airflow/.local/lib/python3.12/site-packages/airflow/example_dags/example_params_ui_tutorial.py
[2025-12-27T14:39:34.544+0000] {processor.py:830} INFO - Processing file /home/airflow/.local/lib/python3.12/site-packages/airflow/example_dags/example_params_ui_tutorial.py for tasks to queue
[2025-12-27T14:39:34.549+0000] {logging_mixin.py:188} INFO - [2025-12-27T14:39:34.547+0000] {dagbag.py:540} INFO - Filling up the DagBag from /home/airflow/.local/lib/python3.12/site-packages/airflow/example_dags/example_params_ui_tutorial.py
[2025-12-27T14:39:34.770+0000] {processor.py:840} INFO - DAG(s) 'example_params_ui_tutorial' retrieved from /home/airflow/.local/lib/python3.12/site-packages/airflow/example_dags/example_params_ui_tutorial.py
[2025-12-27T14:39:35.523+0000] {logging_mixin.py:188} INFO - [2025-12-27T14:39:35.521+0000] {dag.py:3096} INFO - Sync 1 DAGs
[2025-12-27T14:39:35.642+0000] {logging_mixin.py:188} INFO - [2025-12-27T14:39:35.642+0000] {dag.py:3954} INFO - Setting next_dagrun for example_params_ui_tutorial to None, run_after=None
[2025-12-27T14:39:35.730+0000] {processor.py:183} INFO - Processing /home/airflow/.local/lib/python3.12/site-packages/airflow/example_dags/example_params_ui_tutorial.py took 1.223 seconds
[2025-12-27T14:40:06.252+0000] {processor.py:161} INFO - Started process (PID=2519) to work on /home/airflow/.local/lib/python3.12/site-packages/airflow/example_dags/example_params_ui_tutorial.py
[2025-12-27T14:40:06.256+0000] {processor.py:830} INFO - Processing file /home/airflow/.local/lib/python3.12/site-packages/airflow/example_dags/example_params_ui_tutorial.py for tasks to queue
[2025-12-27T14:40:06.258+0000] {logging_mixin.py:188} INFO - [2025-12-27T14:40:06.257+0000] {dagbag.py:540} INFO - Filling up the DagBag from /home/airflow/.local/lib/python3.12/site-packages/airflow/example_dags/example_params_ui_tutorial.py
[2025-12-27T14:40:06.294+0000] {processor.py:840} INFO - DAG(s) 'example_params_ui_tutorial' retrieved from /home/airflow/.local/lib/python3.12/site-packages/airflow/example_dags/example_params_ui_tutorial.py
[2025-12-27T14:40:06.485+0000] {logging_mixin.py:188} INFO - [2025-12-27T14:40:06.485+0000] {dag.py:3096} INFO - Sync 1 DAGs
[2025-12-27T14:40:06.536+0000] {logging_mixin.py:188} INFO - [2025-12-27T14:40:06.535+0000] {dag.py:3954} INFO - Setting next_dagrun for example_params_ui_tutorial to None, run_after=None
[2025-12-27T14:40:06.597+0000] {processor.py:183} INFO - Processing /home/airflow/.local/lib/python3.12/site-packages/airflow/example_dags/example_params_ui_tutorial.py took 0.363 seconds
[2025-12-27T14:40:37.306+0000] {processor.py:161} INFO - Started process (PID=2577) to work on /home/airflow/.local/lib/python3.12/site-packages/airflow/example_dags/example_params_ui_tutorial.py
[2025-12-27T14:40:37.309+0000] {processor.py:830} INFO - Processing file /home/airflow/.local/lib/python3.12/site-packages/airflow/example_dags/example_params_ui_tutorial.py for tasks to queue
[2025-12-27T14:40:37.312+0000] {logging_mixin.py:188} INFO - [2025-12-27T14:40:37.311+0000] {dagbag.py:540} INFO - Filling up the DagBag from /home/airflow/.local/lib/python3.12/site-packages/airflow/example_dags/example_params_ui_tutorial.py
[2025-12-27T14:40:37.357+0000] {processor.py:840} INFO - DAG(s) 'example_params_ui_tutorial' retrieved from /home/airflow/.local/lib/python3.12/site-packages/airflow/example_dags/example_params_ui_tutorial.py
[2025-12-27T14:40:37.545+0000] {logging_mixin.py:188} INFO - [2025-12-27T14:40:37.544+0000] {dag.py:3096} INFO - Sync 1 DAGs
[2025-12-27T14:40:37.588+0000] {logging_mixin.py:188} INFO - [2025-12-27T14:40:37.587+0000] {dag.py:3954} INFO - Setting next_dagrun for example_params_ui_tutorial to None, run_after=None
[2025-12-27T14:40:37.653+0000] {processor.py:183} INFO - Processing /home/airflow/.local/lib/python3.12/site-packages/airflow/example_dags/example_params_ui_tutorial.py took 0.368 seconds
[2025-12-27T14:41:07.860+0000] {processor.py:161} INFO - Started process (PID=2636) to work on /home/airflow/.local/lib/python3.12/site-packages/airflow/example_dags/example_params_ui_tutorial.py
[2025-12-27T14:41:07.862+0000] {processor.py:830} INFO - Processing file /home/airflow/.local/lib/python3.12/site-packages/airflow/example_dags/example_params_ui_tutorial.py for tasks to queue
[2025-12-27T14:41:07.865+0000] {logging_mixin.py:188} INFO - [2025-12-27T14:41:07.864+0000] {dagbag.py:540} INFO - Filling up the DagBag from /home/airflow/.local/lib/python3.12/site-packages/airflow/example_dags/example_params_ui_tutorial.py
[2025-12-27T14:41:07.898+0000] {processor.py:840} INFO - DAG(s) 'example_params_ui_tutorial' retrieved from /home/airflow/.local/lib/python3.12/site-packages/airflow/example_dags/example_params_ui_tutorial.py
[2025-12-27T14:41:08.061+0000] {logging_mixin.py:188} INFO - [2025-12-27T14:41:08.060+0000] {dag.py:3096} INFO - Sync 1 DAGs
[2025-12-27T14:41:08.096+0000] {logging_mixin.py:188} INFO - [2025-12-27T14:41:08.096+0000] {dag.py:3954} INFO - Setting next_dagrun for example_params_ui_tutorial to None, run_after=None
[2025-12-27T14:41:08.148+0000] {processor.py:183} INFO - Processing /home/airflow/.local/lib/python3.12/site-packages/airflow/example_dags/example_params_ui_tutorial.py took 0.306 seconds
[2025-12-27T14:41:38.518+0000] {processor.py:161} INFO - Started process (PID=2694) to work on /home/airflow/.local/lib/python3.12/site-packages/airflow/example_dags/example_params_ui_tutorial.py
[2025-12-27T14:41:38.522+0000] {processor.py:830} INFO - Processing file /home/airflow/.local/lib/python3.12/site-packages/airflow/example_dags/example_params_ui_tutorial.py for tasks to queue
[2025-12-27T14:41:38.524+0000] {logging_mixin.py:188} INFO - [2025-12-27T14:41:38.523+0000] {dagbag.py:540} INFO - Filling up the DagBag from /home/airflow/.local/lib/python3.12/site-packages/airflow/example_dags/example_params_ui_tutorial.py
[2025-12-27T14:41:38.556+0000] {processor.py:840} INFO - DAG(s) 'example_params_ui_tutorial' retrieved from /home/airflow/.local/lib/python3.12/site-packages/airflow/example_dags/example_params_ui_tutorial.py
[2025-12-27T14:41:38.691+0000] {logging_mixin.py:188} INFO - [2025-12-27T14:41:38.691+0000] {dag.py:3096} INFO - Sync 1 DAGs
[2025-12-27T14:41:38.723+0000] {logging_mixin.py:188} INFO - [2025-12-27T14:41:38.723+0000] {dag.py:3954} INFO - Setting next_dagrun for example_params_ui_tutorial to None, run_after=None
[2025-12-27T14:41:38.774+0000] {processor.py:183} INFO - Processing /home/airflow/.local/lib/python3.12/site-packages/airflow/example_dags/example_params_ui_tutorial.py took 0.276 seconds
[2025-12-27T14:42:08.896+0000] {processor.py:161} INFO - Started process (PID=2752) to work on /home/airflow/.local/lib/python3.12/site-packages/airflow/example_dags/example_params_ui_tutorial.py
[2025-12-27T14:42:08.899+0000] {processor.py:830} INFO - Processing file /home/airflow/.local/lib/python3.12/site-packages/airflow/example_dags/example_params_ui_tutorial.py for tasks to queue
[2025-12-27T14:42:08.902+0000] {logging_mixin.py:188} INFO - [2025-12-27T14:42:08.901+0000] {dagbag.py:540} INFO - Filling up the DagBag from /home/airflow/.local/lib/python3.12/site-packages/airflow/example_dags/example_params_ui_tutorial.py
[2025-12-27T14:42:08.934+0000] {processor.py:840} INFO - DAG(s) 'example_params_ui_tutorial' retrieved from /home/airflow/.local/lib/python3.12/site-packages/airflow/example_dags/example_params_ui_tutorial.py
[2025-12-27T14:42:09.075+0000] {logging_mixin.py:188} INFO - [2025-12-27T14:42:09.074+0000] {dag.py:3096} INFO - Sync 1 DAGs
[2025-12-27T14:42:09.107+0000] {logging_mixin.py:188} INFO - [2025-12-27T14:42:09.106+0000] {dag.py:3954} INFO - Setting next_dagrun for example_params_ui_tutorial to None, run_after=None
[2025-12-27T14:42:09.160+0000] {processor.py:183} INFO - Processing /home/airflow/.local/lib/python3.12/site-packages/airflow/example_dags/example_params_ui_tutorial.py took 0.281 seconds
[2025-12-27T14:42:39.327+0000] {processor.py:161} INFO - Started process (PID=2810) to work on /home/airflow/.local/lib/python3.12/site-packages/airflow/example_dags/example_params_ui_tutorial.py
[2025-12-27T14:42:39.330+0000] {processor.py:830} INFO - Processing file /home/airflow/.local/lib/python3.12/site-packages/airflow/example_dags/example_params_ui_tutorial.py for tasks to queue
[2025-12-27T14:42:39.334+0000] {logging_mixin.py:188} INFO - [2025-12-27T14:42:39.333+0000] {dagbag.py:540} INFO - Filling up the DagBag from /home/airflow/.local/lib/python3.12/site-packages/airflow/example_dags/example_params_ui_tutorial.py
[2025-12-27T14:42:39.373+0000] {processor.py:840} INFO - DAG(s) 'example_params_ui_tutorial' retrieved from /home/airflow/.local/lib/python3.12/site-packages/airflow/example_dags/example_params_ui_tutorial.py
[2025-12-27T14:42:39.553+0000] {logging_mixin.py:188} INFO - [2025-12-27T14:42:39.552+0000] {dag.py:3096} INFO - Sync 1 DAGs
[2025-12-27T14:42:39.592+0000] {logging_mixin.py:188} INFO - [2025-12-27T14:42:39.592+0000] {dag.py:3954} INFO - Setting next_dagrun for example_params_ui_tutorial to None, run_after=None
[2025-12-27T14:42:39.667+0000] {processor.py:183} INFO - Processing /home/airflow/.local/lib/python3.12/site-packages/airflow/example_dags/example_params_ui_tutorial.py took 0.357 seconds
[2025-12-27T14:43:10.241+0000] {processor.py:161} INFO - Started process (PID=2867) to work on /home/airflow/.local/lib/python3.12/site-packages/airflow/example_dags/example_params_ui_tutorial.py
[2025-12-27T14:43:10.244+0000] {processor.py:830} INFO - Processing file /home/airflow/.local/lib/python3.12/site-packages/airflow/example_dags/example_params_ui_tutorial.py for tasks to queue
[2025-12-27T14:43:10.248+0000] {logging_mixin.py:188} INFO - [2025-12-27T14:43:10.247+0000] {dagbag.py:540} INFO - Filling up the DagBag from /home/airflow/.local/lib/python3.12/site-packages/airflow/example_dags/example_params_ui_tutorial.py
[2025-12-27T14:43:10.287+0000] {processor.py:840} INFO - DAG(s) 'example_params_ui_tutorial' retrieved from /home/airflow/.local/lib/python3.12/site-packages/airflow/example_dags/example_params_ui_tutorial.py
[2025-12-27T14:43:10.492+0000] {logging_mixin.py:188} INFO - [2025-12-27T14:43:10.492+0000] {dag.py:3096} INFO - Sync 1 DAGs
[2025-12-27T14:43:10.538+0000] {logging_mixin.py:188} INFO - [2025-12-27T14:43:10.537+0000] {dag.py:3954} INFO - Setting next_dagrun for example_params_ui_tutorial to None, run_after=None
[2025-12-27T14:43:10.607+0000] {processor.py:183} INFO - Processing /home/airflow/.local/lib/python3.12/site-packages/airflow/example_dags/example_params_ui_tutorial.py took 0.385 seconds
[2025-12-27T14:43:40.905+0000] {processor.py:161} INFO - Started process (PID=2925) to work on /home/airflow/.local/lib/python3.12/site-packages/airflow/example_dags/example_params_ui_tutorial.py
[2025-12-27T14:43:40.911+0000] {processor.py:830} INFO - Processing file /home/airflow/.local/lib/python3.12/site-packages/airflow/example_dags/example_params_ui_tutorial.py for tasks to queue
[2025-12-27T14:43:40.915+0000] {logging_mixin.py:188} INFO - [2025-12-27T14:43:40.913+0000] {dagbag.py:540} INFO - Filling up the DagBag from /home/airflow/.local/lib/python3.12/site-packages/airflow/example_dags/example_params_ui_tutorial.py
[2025-12-27T14:43:40.974+0000] {processor.py:840} INFO - DAG(s) 'example_params_ui_tutorial' retrieved from /home/airflow/.local/lib/python3.12/site-packages/airflow/example_dags/example_params_ui_tutorial.py
[2025-12-27T14:43:41.300+0000] {logging_mixin.py:188} INFO - [2025-12-27T14:43:41.299+0000] {dag.py:3096} INFO - Sync 1 DAGs
[2025-12-27T14:43:41.344+0000] {logging_mixin.py:188} INFO - [2025-12-27T14:43:41.344+0000] {dag.py:3954} INFO - Setting next_dagrun for example_params_ui_tutorial to None, run_after=None
[2025-12-27T14:43:41.395+0000] {processor.py:183} INFO - Processing /home/airflow/.local/lib/python3.12/site-packages/airflow/example_dags/example_params_ui_tutorial.py took 0.522 seconds
[2025-12-27T14:44:11.518+0000] {processor.py:161} INFO - Started process (PID=2984) to work on /home/airflow/.local/lib/python3.12/site-packages/airflow/example_dags/example_params_ui_tutorial.py
[2025-12-27T14:44:11.522+0000] {processor.py:830} INFO - Processing file /home/airflow/.local/lib/python3.12/site-packages/airflow/example_dags/example_params_ui_tutorial.py for tasks to queue
[2025-12-27T14:44:11.525+0000] {logging_mixin.py:188} INFO - [2025-12-27T14:44:11.524+0000] {dagbag.py:540} INFO - Filling up the DagBag from /home/airflow/.local/lib/python3.12/site-packages/airflow/example_dags/example_params_ui_tutorial.py
[2025-12-27T14:44:11.570+0000] {processor.py:840} INFO - DAG(s) 'example_params_ui_tutorial' retrieved from /home/airflow/.local/lib/python3.12/site-packages/airflow/example_dags/example_params_ui_tutorial.py
[2025-12-27T14:44:11.725+0000] {logging_mixin.py:188} INFO - [2025-12-27T14:44:11.724+0000] {dag.py:3096} INFO - Sync 1 DAGs
[2025-12-27T14:44:11.763+0000] {logging_mixin.py:188} INFO - [2025-12-27T14:44:11.763+0000] {dag.py:3954} INFO - Setting next_dagrun for example_params_ui_tutorial to None, run_after=None
[2025-12-27T14:44:11.816+0000] {processor.py:183} INFO - Processing /home/airflow/.local/lib/python3.12/site-packages/airflow/example_dags/example_params_ui_tutorial.py took 0.318 seconds
[2025-12-27T14:44:42.443+0000] {processor.py:161} INFO - Started process (PID=3043) to work on /home/airflow/.local/lib/python3.12/site-packages/airflow/example_dags/example_params_ui_tutorial.py
[2025-12-27T14:44:42.447+0000] {processor.py:830} INFO - Processing file /home/airflow/.local/lib/python3.12/site-packages/airflow/example_dags/example_params_ui_tutorial.py for tasks to queue
[2025-12-27T14:44:42.450+0000] {logging_mixin.py:188} INFO - [2025-12-27T14:44:42.449+0000] {dagbag.py:540} INFO - Filling up the DagBag from /home/airflow/.local/lib/python3.12/site-packages/airflow/example_dags/example_params_ui_tutorial.py
[2025-12-27T14:44:42.504+0000] {processor.py:840} INFO - DAG(s) 'example_params_ui_tutorial' retrieved from /home/airflow/.local/lib/python3.12/site-packages/airflow/example_dags/example_params_ui_tutorial.py
[2025-12-27T14:44:42.919+0000] {logging_mixin.py:188} INFO - [2025-12-27T14:44:42.918+0000] {dag.py:3096} INFO - Sync 1 DAGs
[2025-12-27T14:44:43.107+0000] {logging_mixin.py:188} INFO - [2025-12-27T14:44:43.106+0000] {dag.py:3954} INFO - Setting next_dagrun for example_params_ui_tutorial to None, run_after=None
[2025-12-27T14:44:43.340+0000] {processor.py:183} INFO - Processing /home/airflow/.local/lib/python3.12/site-packages/airflow/example_dags/example_params_ui_tutorial.py took 0.921 seconds
[2025-12-27T14:45:13.957+0000] {processor.py:161} INFO - Started process (PID=3103) to work on /home/airflow/.local/lib/python3.12/site-packages/airflow/example_dags/example_params_ui_tutorial.py
[2025-12-27T14:45:13.986+0000] {processor.py:830} INFO - Processing file /home/airflow/.local/lib/python3.12/site-packages/airflow/example_dags/example_params_ui_tutorial.py for tasks to queue
[2025-12-27T14:45:13.990+0000] {logging_mixin.py:188} INFO - [2025-12-27T14:45:13.989+0000] {dagbag.py:540} INFO - Filling up the DagBag from /home/airflow/.local/lib/python3.12/site-packages/airflow/example_dags/example_params_ui_tutorial.py
[2025-12-27T14:45:14.030+0000] {processor.py:840} INFO - DAG(s) 'example_params_ui_tutorial' retrieved from /home/airflow/.local/lib/python3.12/site-packages/airflow/example_dags/example_params_ui_tutorial.py
[2025-12-27T14:45:14.336+0000] {logging_mixin.py:188} INFO - [2025-12-27T14:45:14.335+0000] {dag.py:3096} INFO - Sync 1 DAGs
[2025-12-27T14:45:14.413+0000] {logging_mixin.py:188} INFO - [2025-12-27T14:45:14.412+0000] {dag.py:3954} INFO - Setting next_dagrun for example_params_ui_tutorial to None, run_after=None
[2025-12-27T14:45:14.530+0000] {processor.py:183} INFO - Processing /home/airflow/.local/lib/python3.12/site-packages/airflow/example_dags/example_params_ui_tutorial.py took 0.595 seconds
[2025-12-27T14:45:45.161+0000] {processor.py:161} INFO - Started process (PID=3161) to work on /home/airflow/.local/lib/python3.12/site-packages/airflow/example_dags/example_params_ui_tutorial.py
[2025-12-27T14:45:45.165+0000] {processor.py:830} INFO - Processing file /home/airflow/.local/lib/python3.12/site-packages/airflow/example_dags/example_params_ui_tutorial.py for tasks to queue
[2025-12-27T14:45:45.168+0000] {logging_mixin.py:188} INFO - [2025-12-27T14:45:45.167+0000] {dagbag.py:540} INFO - Filling up the DagBag from /home/airflow/.local/lib/python3.12/site-packages/airflow/example_dags/example_params_ui_tutorial.py
[2025-12-27T14:45:45.199+0000] {processor.py:840} INFO - DAG(s) 'example_params_ui_tutorial' retrieved from /home/airflow/.local/lib/python3.12/site-packages/airflow/example_dags/example_params_ui_tutorial.py
[2025-12-27T14:45:45.385+0000] {logging_mixin.py:188} INFO - [2025-12-27T14:45:45.384+0000] {dag.py:3096} INFO - Sync 1 DAGs
[2025-12-27T14:45:45.426+0000] {logging_mixin.py:188} INFO - [2025-12-27T14:45:45.425+0000] {dag.py:3954} INFO - Setting next_dagrun for example_params_ui_tutorial to None, run_after=None
[2025-12-27T14:45:45.480+0000] {processor.py:183} INFO - Processing /home/airflow/.local/lib/python3.12/site-packages/airflow/example_dags/example_params_ui_tutorial.py took 0.340 seconds
[2025-12-27T14:46:16.206+0000] {processor.py:161} INFO - Started process (PID=3219) to work on /home/airflow/.local/lib/python3.12/site-packages/airflow/example_dags/example_params_ui_tutorial.py
[2025-12-27T14:46:16.209+0000] {processor.py:830} INFO - Processing file /home/airflow/.local/lib/python3.12/site-packages/airflow/example_dags/example_params_ui_tutorial.py for tasks to queue
[2025-12-27T14:46:16.212+0000] {logging_mixin.py:188} INFO - [2025-12-27T14:46:16.211+0000] {dagbag.py:540} INFO - Filling up the DagBag from /home/airflow/.local/lib/python3.12/site-packages/airflow/example_dags/example_params_ui_tutorial.py
[2025-12-27T14:46:16.242+0000] {processor.py:840} INFO - DAG(s) 'example_params_ui_tutorial' retrieved from /home/airflow/.local/lib/python3.12/site-packages/airflow/example_dags/example_params_ui_tutorial.py
[2025-12-27T14:46:16.387+0000] {logging_mixin.py:188} INFO - [2025-12-27T14:46:16.386+0000] {dag.py:3096} INFO - Sync 1 DAGs
[2025-12-27T14:46:16.417+0000] {logging_mixin.py:188} INFO - [2025-12-27T14:46:16.417+0000] {dag.py:3954} INFO - Setting next_dagrun for example_params_ui_tutorial to None, run_after=None
[2025-12-27T14:46:16.478+0000] {processor.py:183} INFO - Processing /home/airflow/.local/lib/python3.12/site-packages/airflow/example_dags/example_params_ui_tutorial.py took 0.288 seconds
[2025-12-27T14:46:46.912+0000] {processor.py:161} INFO - Started process (PID=3278) to work on /home/airflow/.local/lib/python3.12/site-packages/airflow/example_dags/example_params_ui_tutorial.py
[2025-12-27T14:46:46.928+0000] {processor.py:830} INFO - Processing file /home/airflow/.local/lib/python3.12/site-packages/airflow/example_dags/example_params_ui_tutorial.py for tasks to queue
[2025-12-27T14:46:46.943+0000] {logging_mixin.py:188} INFO - [2025-12-27T14:46:46.932+0000] {dagbag.py:540} INFO - Filling up the DagBag from /home/airflow/.local/lib/python3.12/site-packages/airflow/example_dags/example_params_ui_tutorial.py
[2025-12-27T14:46:47.081+0000] {processor.py:840} INFO - DAG(s) 'example_params_ui_tutorial' retrieved from /home/airflow/.local/lib/python3.12/site-packages/airflow/example_dags/example_params_ui_tutorial.py
[2025-12-27T14:46:47.413+0000] {logging_mixin.py:188} INFO - [2025-12-27T14:46:47.412+0000] {dag.py:3096} INFO - Sync 1 DAGs
[2025-12-27T14:46:47.460+0000] {logging_mixin.py:188} INFO - [2025-12-27T14:46:47.459+0000] {dag.py:3954} INFO - Setting next_dagrun for example_params_ui_tutorial to None, run_after=None
[2025-12-27T14:46:47.537+0000] {processor.py:183} INFO - Processing /home/airflow/.local/lib/python3.12/site-packages/airflow/example_dags/example_params_ui_tutorial.py took 0.693 seconds
[2025-12-27T14:47:18.174+0000] {processor.py:161} INFO - Started process (PID=3337) to work on /home/airflow/.local/lib/python3.12/site-packages/airflow/example_dags/example_params_ui_tutorial.py
[2025-12-27T14:47:18.177+0000] {processor.py:830} INFO - Processing file /home/airflow/.local/lib/python3.12/site-packages/airflow/example_dags/example_params_ui_tutorial.py for tasks to queue
[2025-12-27T14:47:18.180+0000] {logging_mixin.py:188} INFO - [2025-12-27T14:47:18.179+0000] {dagbag.py:540} INFO - Filling up the DagBag from /home/airflow/.local/lib/python3.12/site-packages/airflow/example_dags/example_params_ui_tutorial.py
[2025-12-27T14:47:18.210+0000] {processor.py:840} INFO - DAG(s) 'example_params_ui_tutorial' retrieved from /home/airflow/.local/lib/python3.12/site-packages/airflow/example_dags/example_params_ui_tutorial.py
[2025-12-27T14:47:18.350+0000] {logging_mixin.py:188} INFO - [2025-12-27T14:47:18.350+0000] {dag.py:3096} INFO - Sync 1 DAGs
[2025-12-27T14:47:18.384+0000] {logging_mixin.py:188} INFO - [2025-12-27T14:47:18.383+0000] {dag.py:3954} INFO - Setting next_dagrun for example_params_ui_tutorial to None, run_after=None
[2025-12-27T14:47:18.435+0000] {processor.py:183} INFO - Processing /home/airflow/.local/lib/python3.12/site-packages/airflow/example_dags/example_params_ui_tutorial.py took 0.278 seconds
[2025-12-27T14:47:48.726+0000] {processor.py:161} INFO - Started process (PID=3393) to work on /home/airflow/.local/lib/python3.12/site-packages/airflow/example_dags/example_params_ui_tutorial.py
[2025-12-27T14:47:48.729+0000] {processor.py:830} INFO - Processing file /home/airflow/.local/lib/python3.12/site-packages/airflow/example_dags/example_params_ui_tutorial.py for tasks to queue
[2025-12-27T14:47:48.733+0000] {logging_mixin.py:188} INFO - [2025-12-27T14:47:48.731+0000] {dagbag.py:540} INFO - Filling up the DagBag from /home/airflow/.local/lib/python3.12/site-packages/airflow/example_dags/example_params_ui_tutorial.py
[2025-12-27T14:47:48.776+0000] {processor.py:840} INFO - DAG(s) 'example_params_ui_tutorial' retrieved from /home/airflow/.local/lib/python3.12/site-packages/airflow/example_dags/example_params_ui_tutorial.py
[2025-12-27T14:47:48.947+0000] {logging_mixin.py:188} INFO - [2025-12-27T14:47:48.947+0000] {dag.py:3096} INFO - Sync 1 DAGs
[2025-12-27T14:47:48.980+0000] {logging_mixin.py:188} INFO - [2025-12-27T14:47:48.980+0000] {dag.py:3954} INFO - Setting next_dagrun for example_params_ui_tutorial to None, run_after=None
[2025-12-27T14:47:49.032+0000] {processor.py:183} INFO - Processing /home/airflow/.local/lib/python3.12/site-packages/airflow/example_dags/example_params_ui_tutorial.py took 0.326 seconds
[2025-12-27T14:48:19.265+0000] {processor.py:161} INFO - Started process (PID=3452) to work on /home/airflow/.local/lib/python3.12/site-packages/airflow/example_dags/example_params_ui_tutorial.py
[2025-12-27T14:48:19.268+0000] {processor.py:830} INFO - Processing file /home/airflow/.local/lib/python3.12/site-packages/airflow/example_dags/example_params_ui_tutorial.py for tasks to queue
[2025-12-27T14:48:19.273+0000] {logging_mixin.py:188} INFO - [2025-12-27T14:48:19.270+0000] {dagbag.py:540} INFO - Filling up the DagBag from /home/airflow/.local/lib/python3.12/site-packages/airflow/example_dags/example_params_ui_tutorial.py
[2025-12-27T14:48:19.313+0000] {processor.py:840} INFO - DAG(s) 'example_params_ui_tutorial' retrieved from /home/airflow/.local/lib/python3.12/site-packages/airflow/example_dags/example_params_ui_tutorial.py
[2025-12-27T14:48:19.528+0000] {logging_mixin.py:188} INFO - [2025-12-27T14:48:19.527+0000] {dag.py:3096} INFO - Sync 1 DAGs
[2025-12-27T14:48:19.591+0000] {logging_mixin.py:188} INFO - [2025-12-27T14:48:19.591+0000] {dag.py:3954} INFO - Setting next_dagrun for example_params_ui_tutorial to None, run_after=None
[2025-12-27T14:48:19.657+0000] {processor.py:183} INFO - Processing /home/airflow/.local/lib/python3.12/site-packages/airflow/example_dags/example_params_ui_tutorial.py took 0.414 seconds
[2025-12-27T14:48:49.963+0000] {processor.py:161} INFO - Started process (PID=3510) to work on /home/airflow/.local/lib/python3.12/site-packages/airflow/example_dags/example_params_ui_tutorial.py
[2025-12-27T14:48:49.968+0000] {processor.py:830} INFO - Processing file /home/airflow/.local/lib/python3.12/site-packages/airflow/example_dags/example_params_ui_tutorial.py for tasks to queue
[2025-12-27T14:48:49.973+0000] {logging_mixin.py:188} INFO - [2025-12-27T14:48:49.971+0000] {dagbag.py:540} INFO - Filling up the DagBag from /home/airflow/.local/lib/python3.12/site-packages/airflow/example_dags/example_params_ui_tutorial.py
[2025-12-27T14:48:50.036+0000] {processor.py:840} INFO - DAG(s) 'example_params_ui_tutorial' retrieved from /home/airflow/.local/lib/python3.12/site-packages/airflow/example_dags/example_params_ui_tutorial.py
[2025-12-27T14:48:50.398+0000] {logging_mixin.py:188} INFO - [2025-12-27T14:48:50.397+0000] {dag.py:3096} INFO - Sync 1 DAGs
[2025-12-27T14:48:50.472+0000] {logging_mixin.py:188} INFO - [2025-12-27T14:48:50.471+0000] {dag.py:3954} INFO - Setting next_dagrun for example_params_ui_tutorial to None, run_after=None
[2025-12-27T14:48:50.583+0000] {processor.py:183} INFO - Processing /home/airflow/.local/lib/python3.12/site-packages/airflow/example_dags/example_params_ui_tutorial.py took 0.657 seconds
[2025-12-27T14:49:21.465+0000] {processor.py:161} INFO - Started process (PID=3568) to work on /home/airflow/.local/lib/python3.12/site-packages/airflow/example_dags/example_params_ui_tutorial.py
[2025-12-27T14:49:21.468+0000] {processor.py:830} INFO - Processing file /home/airflow/.local/lib/python3.12/site-packages/airflow/example_dags/example_params_ui_tutorial.py for tasks to queue
[2025-12-27T14:49:21.472+0000] {logging_mixin.py:188} INFO - [2025-12-27T14:49:21.471+0000] {dagbag.py:540} INFO - Filling up the DagBag from /home/airflow/.local/lib/python3.12/site-packages/airflow/example_dags/example_params_ui_tutorial.py
[2025-12-27T14:49:21.503+0000] {processor.py:840} INFO - DAG(s) 'example_params_ui_tutorial' retrieved from /home/airflow/.local/lib/python3.12/site-packages/airflow/example_dags/example_params_ui_tutorial.py
[2025-12-27T14:49:21.676+0000] {logging_mixin.py:188} INFO - [2025-12-27T14:49:21.676+0000] {dag.py:3096} INFO - Sync 1 DAGs
[2025-12-27T14:49:21.729+0000] {logging_mixin.py:188} INFO - [2025-12-27T14:49:21.727+0000] {dag.py:3954} INFO - Setting next_dagrun for example_params_ui_tutorial to None, run_after=None
[2025-12-27T14:49:21.808+0000] {processor.py:183} INFO - Processing /home/airflow/.local/lib/python3.12/site-packages/airflow/example_dags/example_params_ui_tutorial.py took 0.361 seconds
[2025-12-27T14:49:52.201+0000] {processor.py:161} INFO - Started process (PID=3625) to work on /home/airflow/.local/lib/python3.12/site-packages/airflow/example_dags/example_params_ui_tutorial.py
[2025-12-27T14:49:52.207+0000] {processor.py:830} INFO - Processing file /home/airflow/.local/lib/python3.12/site-packages/airflow/example_dags/example_params_ui_tutorial.py for tasks to queue
[2025-12-27T14:49:52.213+0000] {logging_mixin.py:188} INFO - [2025-12-27T14:49:52.211+0000] {dagbag.py:540} INFO - Filling up the DagBag from /home/airflow/.local/lib/python3.12/site-packages/airflow/example_dags/example_params_ui_tutorial.py
[2025-12-27T14:49:52.252+0000] {processor.py:840} INFO - DAG(s) 'example_params_ui_tutorial' retrieved from /home/airflow/.local/lib/python3.12/site-packages/airflow/example_dags/example_params_ui_tutorial.py
[2025-12-27T14:49:52.527+0000] {logging_mixin.py:188} INFO - [2025-12-27T14:49:52.527+0000] {dag.py:3096} INFO - Sync 1 DAGs
[2025-12-27T14:49:52.573+0000] {logging_mixin.py:188} INFO - [2025-12-27T14:49:52.572+0000] {dag.py:3954} INFO - Setting next_dagrun for example_params_ui_tutorial to None, run_after=None
[2025-12-27T14:49:52.716+0000] {processor.py:183} INFO - Processing /home/airflow/.local/lib/python3.12/site-packages/airflow/example_dags/example_params_ui_tutorial.py took 0.541 seconds
[2025-12-27T14:50:26.543+0000] {processor.py:161} INFO - Started process (PID=3683) to work on /home/airflow/.local/lib/python3.12/site-packages/airflow/example_dags/example_params_ui_tutorial.py
[2025-12-27T14:50:26.547+0000] {processor.py:830} INFO - Processing file /home/airflow/.local/lib/python3.12/site-packages/airflow/example_dags/example_params_ui_tutorial.py for tasks to queue
[2025-12-27T14:50:26.551+0000] {logging_mixin.py:188} INFO - [2025-12-27T14:50:26.549+0000] {dagbag.py:540} INFO - Filling up the DagBag from /home/airflow/.local/lib/python3.12/site-packages/airflow/example_dags/example_params_ui_tutorial.py
[2025-12-27T14:50:26.620+0000] {processor.py:840} INFO - DAG(s) 'example_params_ui_tutorial' retrieved from /home/airflow/.local/lib/python3.12/site-packages/airflow/example_dags/example_params_ui_tutorial.py
[2025-12-27T14:50:26.948+0000] {logging_mixin.py:188} INFO - [2025-12-27T14:50:26.946+0000] {dag.py:3096} INFO - Sync 1 DAGs
[2025-12-27T14:50:27.046+0000] {logging_mixin.py:188} INFO - [2025-12-27T14:50:27.041+0000] {dag.py:3954} INFO - Setting next_dagrun for example_params_ui_tutorial to None, run_after=None
[2025-12-27T14:50:27.227+0000] {processor.py:183} INFO - Processing /home/airflow/.local/lib/python3.12/site-packages/airflow/example_dags/example_params_ui_tutorial.py took 0.708 seconds
[2025-12-27T14:50:58.851+0000] {processor.py:161} INFO - Started process (PID=3738) to work on /home/airflow/.local/lib/python3.12/site-packages/airflow/example_dags/example_params_ui_tutorial.py
[2025-12-27T14:50:58.854+0000] {processor.py:830} INFO - Processing file /home/airflow/.local/lib/python3.12/site-packages/airflow/example_dags/example_params_ui_tutorial.py for tasks to queue
[2025-12-27T14:50:58.858+0000] {logging_mixin.py:188} INFO - [2025-12-27T14:50:58.857+0000] {dagbag.py:540} INFO - Filling up the DagBag from /home/airflow/.local/lib/python3.12/site-packages/airflow/example_dags/example_params_ui_tutorial.py
[2025-12-27T14:50:58.908+0000] {processor.py:840} INFO - DAG(s) 'example_params_ui_tutorial' retrieved from /home/airflow/.local/lib/python3.12/site-packages/airflow/example_dags/example_params_ui_tutorial.py
[2025-12-27T14:50:59.227+0000] {logging_mixin.py:188} INFO - [2025-12-27T14:50:59.226+0000] {dag.py:3096} INFO - Sync 1 DAGs
[2025-12-27T14:50:59.294+0000] {logging_mixin.py:188} INFO - [2025-12-27T14:50:59.293+0000] {dag.py:3954} INFO - Setting next_dagrun for example_params_ui_tutorial to None, run_after=None
[2025-12-27T14:50:59.375+0000] {processor.py:183} INFO - Processing /home/airflow/.local/lib/python3.12/site-packages/airflow/example_dags/example_params_ui_tutorial.py took 0.545 seconds
[2025-12-27T14:51:37.993+0000] {processor.py:161} INFO - Started process (PID=3785) to work on /home/airflow/.local/lib/python3.12/site-packages/airflow/example_dags/example_params_ui_tutorial.py
[2025-12-27T14:51:38.110+0000] {processor.py:830} INFO - Processing file /home/airflow/.local/lib/python3.12/site-packages/airflow/example_dags/example_params_ui_tutorial.py for tasks to queue
[2025-12-27T14:51:38.134+0000] {logging_mixin.py:188} INFO - [2025-12-27T14:51:38.133+0000] {dagbag.py:540} INFO - Filling up the DagBag from /home/airflow/.local/lib/python3.12/site-packages/airflow/example_dags/example_params_ui_tutorial.py
[2025-12-27T14:51:39.354+0000] {processor.py:840} INFO - DAG(s) 'example_params_ui_tutorial' retrieved from /home/airflow/.local/lib/python3.12/site-packages/airflow/example_dags/example_params_ui_tutorial.py
[2025-12-27T14:51:42.441+0000] {logging_mixin.py:188} INFO - [2025-12-27T14:51:42.435+0000] {dag.py:3096} INFO - Sync 1 DAGs
[2025-12-27T14:51:42.777+0000] {logging_mixin.py:188} INFO - [2025-12-27T14:51:42.775+0000] {dag.py:3954} INFO - Setting next_dagrun for example_params_ui_tutorial to None, run_after=None
[2025-12-27T14:51:43.269+0000] {processor.py:183} INFO - Processing /home/airflow/.local/lib/python3.12/site-packages/airflow/example_dags/example_params_ui_tutorial.py took 5.368 seconds
[2025-12-27T14:55:54.289+0000] {processor.py:161} INFO - Started process (PID=3890) to work on /home/airflow/.local/lib/python3.12/site-packages/airflow/example_dags/example_params_ui_tutorial.py
[2025-12-27T14:55:54.640+0000] {processor.py:830} INFO - Processing file /home/airflow/.local/lib/python3.12/site-packages/airflow/example_dags/example_params_ui_tutorial.py for tasks to queue
[2025-12-27T14:55:54.700+0000] {logging_mixin.py:188} INFO - [2025-12-27T14:55:54.696+0000] {dagbag.py:540} INFO - Filling up the DagBag from /home/airflow/.local/lib/python3.12/site-packages/airflow/example_dags/example_params_ui_tutorial.py
[2025-12-27T14:56:00.976+0000] {processor.py:840} INFO - DAG(s) 'example_params_ui_tutorial' retrieved from /home/airflow/.local/lib/python3.12/site-packages/airflow/example_dags/example_params_ui_tutorial.py
[2025-12-27T14:56:08.924+0000] {logging_mixin.py:188} INFO - [2025-12-27T14:56:08.903+0000] {dag.py:3096} INFO - Sync 1 DAGs
[2025-12-27T14:56:12.829+0000] {logging_mixin.py:188} INFO - [2025-12-27T14:56:12.827+0000] {dag.py:3954} INFO - Setting next_dagrun for example_params_ui_tutorial to None, run_after=None
[2025-12-27T14:56:14.848+0000] {processor.py:183} INFO - Processing /home/airflow/.local/lib/python3.12/site-packages/airflow/example_dags/example_params_ui_tutorial.py took 21.920 seconds
