[2025-12-27T14:14:49.736+0000] {processor.py:161} INFO - Started process (PID=104) to work on /home/airflow/.local/lib/python3.12/site-packages/airflow/example_dags/tutorial.py
[2025-12-27T14:14:49.749+0000] {processor.py:830} INFO - Processing file /home/airflow/.local/lib/python3.12/site-packages/airflow/example_dags/tutorial.py for tasks to queue
[2025-12-27T14:14:49.768+0000] {logging_mixin.py:188} INFO - [2025-12-27T14:14:49.765+0000] {dagbag.py:540} INFO - Filling up the DagBag from /home/airflow/.local/lib/python3.12/site-packages/airflow/example_dags/tutorial.py
[2025-12-27T14:14:49.817+0000] {processor.py:840} INFO - DAG(s) 'tutorial' retrieved from /home/airflow/.local/lib/python3.12/site-packages/airflow/example_dags/tutorial.py
[2025-12-27T14:14:51.288+0000] {logging_mixin.py:188} INFO - [2025-12-27T14:14:51.287+0000] {dag.py:3096} INFO - Sync 1 DAGs
[2025-12-27T14:14:51.571+0000] {logging_mixin.py:188} INFO - [2025-12-27T14:14:51.570+0000] {dag.py:3954} INFO - Setting next_dagrun for tutorial to 2025-12-26 00:00:00+00:00, run_after=2025-12-27 00:00:00+00:00
[2025-12-27T14:14:51.913+0000] {processor.py:183} INFO - Processing /home/airflow/.local/lib/python3.12/site-packages/airflow/example_dags/tutorial.py took 2.232 seconds
[2025-12-27T14:15:29.622+0000] {processor.py:161} INFO - Started process (PID=161) to work on /home/airflow/.local/lib/python3.12/site-packages/airflow/example_dags/tutorial.py
[2025-12-27T14:15:29.627+0000] {processor.py:830} INFO - Processing file /home/airflow/.local/lib/python3.12/site-packages/airflow/example_dags/tutorial.py for tasks to queue
[2025-12-27T14:15:29.635+0000] {logging_mixin.py:188} INFO - [2025-12-27T14:15:29.633+0000] {dagbag.py:540} INFO - Filling up the DagBag from /home/airflow/.local/lib/python3.12/site-packages/airflow/example_dags/tutorial.py
[2025-12-27T14:15:29.670+0000] {processor.py:840} INFO - DAG(s) 'tutorial' retrieved from /home/airflow/.local/lib/python3.12/site-packages/airflow/example_dags/tutorial.py
[2025-12-27T14:15:29.772+0000] {logging_mixin.py:188} INFO - [2025-12-27T14:15:29.771+0000] {dag.py:3096} INFO - Sync 1 DAGs
[2025-12-27T14:15:29.886+0000] {logging_mixin.py:188} INFO - [2025-12-27T14:15:29.885+0000] {dag.py:3954} INFO - Setting next_dagrun for tutorial to 2025-12-26 00:00:00+00:00, run_after=2025-12-27 00:00:00+00:00
[2025-12-27T14:15:30.045+0000] {processor.py:183} INFO - Processing /home/airflow/.local/lib/python3.12/site-packages/airflow/example_dags/tutorial.py took 0.448 seconds
[2025-12-27T14:16:00.250+0000] {processor.py:161} INFO - Started process (PID=218) to work on /home/airflow/.local/lib/python3.12/site-packages/airflow/example_dags/tutorial.py
[2025-12-27T14:16:00.253+0000] {processor.py:830} INFO - Processing file /home/airflow/.local/lib/python3.12/site-packages/airflow/example_dags/tutorial.py for tasks to queue
[2025-12-27T14:16:00.259+0000] {logging_mixin.py:188} INFO - [2025-12-27T14:16:00.258+0000] {dagbag.py:540} INFO - Filling up the DagBag from /home/airflow/.local/lib/python3.12/site-packages/airflow/example_dags/tutorial.py
[2025-12-27T14:16:00.278+0000] {processor.py:840} INFO - DAG(s) 'tutorial' retrieved from /home/airflow/.local/lib/python3.12/site-packages/airflow/example_dags/tutorial.py
[2025-12-27T14:16:00.343+0000] {logging_mixin.py:188} INFO - [2025-12-27T14:16:00.342+0000] {dag.py:3096} INFO - Sync 1 DAGs
[2025-12-27T14:16:00.410+0000] {logging_mixin.py:188} INFO - [2025-12-27T14:16:00.410+0000] {dag.py:3954} INFO - Setting next_dagrun for tutorial to 2025-12-26 00:00:00+00:00, run_after=2025-12-27 00:00:00+00:00
[2025-12-27T14:16:00.464+0000] {processor.py:183} INFO - Processing /home/airflow/.local/lib/python3.12/site-packages/airflow/example_dags/tutorial.py took 0.233 seconds
[2025-12-27T14:16:32.335+0000] {processor.py:161} INFO - Started process (PID=276) to work on /home/airflow/.local/lib/python3.12/site-packages/airflow/example_dags/tutorial.py
[2025-12-27T14:16:32.346+0000] {processor.py:830} INFO - Processing file /home/airflow/.local/lib/python3.12/site-packages/airflow/example_dags/tutorial.py for tasks to queue
[2025-12-27T14:16:32.365+0000] {logging_mixin.py:188} INFO - [2025-12-27T14:16:32.362+0000] {dagbag.py:540} INFO - Filling up the DagBag from /home/airflow/.local/lib/python3.12/site-packages/airflow/example_dags/tutorial.py
[2025-12-27T14:16:32.444+0000] {processor.py:840} INFO - DAG(s) 'tutorial' retrieved from /home/airflow/.local/lib/python3.12/site-packages/airflow/example_dags/tutorial.py
[2025-12-27T14:16:33.132+0000] {logging_mixin.py:188} INFO - [2025-12-27T14:16:33.131+0000] {dag.py:3096} INFO - Sync 1 DAGs
[2025-12-27T14:16:33.250+0000] {logging_mixin.py:188} INFO - [2025-12-27T14:16:33.249+0000] {dag.py:3954} INFO - Setting next_dagrun for tutorial to 2025-12-26 00:00:00+00:00, run_after=2025-12-27 00:00:00+00:00
[2025-12-27T14:16:33.366+0000] {processor.py:183} INFO - Processing /home/airflow/.local/lib/python3.12/site-packages/airflow/example_dags/tutorial.py took 1.072 seconds
[2025-12-27T14:17:05.146+0000] {processor.py:161} INFO - Started process (PID=334) to work on /home/airflow/.local/lib/python3.12/site-packages/airflow/example_dags/tutorial.py
[2025-12-27T14:17:05.165+0000] {processor.py:830} INFO - Processing file /home/airflow/.local/lib/python3.12/site-packages/airflow/example_dags/tutorial.py for tasks to queue
[2025-12-27T14:17:05.185+0000] {logging_mixin.py:188} INFO - [2025-12-27T14:17:05.177+0000] {dagbag.py:540} INFO - Filling up the DagBag from /home/airflow/.local/lib/python3.12/site-packages/airflow/example_dags/tutorial.py
[2025-12-27T14:17:05.239+0000] {processor.py:840} INFO - DAG(s) 'tutorial' retrieved from /home/airflow/.local/lib/python3.12/site-packages/airflow/example_dags/tutorial.py
[2025-12-27T14:17:05.465+0000] {logging_mixin.py:188} INFO - [2025-12-27T14:17:05.459+0000] {dag.py:3096} INFO - Sync 1 DAGs
[2025-12-27T14:17:05.668+0000] {logging_mixin.py:188} INFO - [2025-12-27T14:17:05.667+0000] {dag.py:3954} INFO - Setting next_dagrun for tutorial to 2025-12-26 00:00:00+00:00, run_after=2025-12-27 00:00:00+00:00
[2025-12-27T14:17:05.919+0000] {processor.py:183} INFO - Processing /home/airflow/.local/lib/python3.12/site-packages/airflow/example_dags/tutorial.py took 0.833 seconds
[2025-12-27T14:17:50.401+0000] {processor.py:161} INFO - Started process (PID=388) to work on /home/airflow/.local/lib/python3.12/site-packages/airflow/example_dags/tutorial.py
[2025-12-27T14:17:50.407+0000] {processor.py:830} INFO - Processing file /home/airflow/.local/lib/python3.12/site-packages/airflow/example_dags/tutorial.py for tasks to queue
[2025-12-27T14:17:50.433+0000] {logging_mixin.py:188} INFO - [2025-12-27T14:17:50.423+0000] {dagbag.py:540} INFO - Filling up the DagBag from /home/airflow/.local/lib/python3.12/site-packages/airflow/example_dags/tutorial.py
[2025-12-27T14:17:50.513+0000] {processor.py:840} INFO - DAG(s) 'tutorial' retrieved from /home/airflow/.local/lib/python3.12/site-packages/airflow/example_dags/tutorial.py
[2025-12-27T14:17:50.690+0000] {logging_mixin.py:188} INFO - [2025-12-27T14:17:50.689+0000] {dag.py:3096} INFO - Sync 1 DAGs
[2025-12-27T14:17:50.847+0000] {logging_mixin.py:188} INFO - [2025-12-27T14:17:50.846+0000] {dag.py:3954} INFO - Setting next_dagrun for tutorial to 2025-12-26 00:00:00+00:00, run_after=2025-12-27 00:00:00+00:00
[2025-12-27T14:17:51.021+0000] {processor.py:183} INFO - Processing /home/airflow/.local/lib/python3.12/site-packages/airflow/example_dags/tutorial.py took 0.695 seconds
[2025-12-27T14:18:34.005+0000] {processor.py:161} INFO - Started process (PID=443) to work on /home/airflow/.local/lib/python3.12/site-packages/airflow/example_dags/tutorial.py
[2025-12-27T14:18:34.018+0000] {processor.py:830} INFO - Processing file /home/airflow/.local/lib/python3.12/site-packages/airflow/example_dags/tutorial.py for tasks to queue
[2025-12-27T14:18:34.027+0000] {logging_mixin.py:188} INFO - [2025-12-27T14:18:34.025+0000] {dagbag.py:540} INFO - Filling up the DagBag from /home/airflow/.local/lib/python3.12/site-packages/airflow/example_dags/tutorial.py
[2025-12-27T14:18:34.064+0000] {processor.py:840} INFO - DAG(s) 'tutorial' retrieved from /home/airflow/.local/lib/python3.12/site-packages/airflow/example_dags/tutorial.py
[2025-12-27T14:18:34.174+0000] {logging_mixin.py:188} INFO - [2025-12-27T14:18:34.173+0000] {dag.py:3096} INFO - Sync 1 DAGs
[2025-12-27T14:18:34.334+0000] {logging_mixin.py:188} INFO - [2025-12-27T14:18:34.333+0000] {dag.py:3954} INFO - Setting next_dagrun for tutorial to 2025-12-26 00:00:00+00:00, run_after=2025-12-27 00:00:00+00:00
[2025-12-27T14:18:34.440+0000] {processor.py:183} INFO - Processing /home/airflow/.local/lib/python3.12/site-packages/airflow/example_dags/tutorial.py took 0.453 seconds
[2025-12-27T14:19:04.757+0000] {processor.py:161} INFO - Started process (PID=501) to work on /home/airflow/.local/lib/python3.12/site-packages/airflow/example_dags/tutorial.py
[2025-12-27T14:19:04.760+0000] {processor.py:830} INFO - Processing file /home/airflow/.local/lib/python3.12/site-packages/airflow/example_dags/tutorial.py for tasks to queue
[2025-12-27T14:19:04.765+0000] {logging_mixin.py:188} INFO - [2025-12-27T14:19:04.764+0000] {dagbag.py:540} INFO - Filling up the DagBag from /home/airflow/.local/lib/python3.12/site-packages/airflow/example_dags/tutorial.py
[2025-12-27T14:19:04.782+0000] {processor.py:840} INFO - DAG(s) 'tutorial' retrieved from /home/airflow/.local/lib/python3.12/site-packages/airflow/example_dags/tutorial.py
[2025-12-27T14:19:04.850+0000] {logging_mixin.py:188} INFO - [2025-12-27T14:19:04.849+0000] {dag.py:3096} INFO - Sync 1 DAGs
[2025-12-27T14:19:04.911+0000] {logging_mixin.py:188} INFO - [2025-12-27T14:19:04.910+0000] {dag.py:3954} INFO - Setting next_dagrun for tutorial to 2025-12-26 00:00:00+00:00, run_after=2025-12-27 00:00:00+00:00
[2025-12-27T14:19:04.972+0000] {processor.py:183} INFO - Processing /home/airflow/.local/lib/python3.12/site-packages/airflow/example_dags/tutorial.py took 0.231 seconds
[2025-12-27T14:19:38.041+0000] {processor.py:161} INFO - Started process (PID=559) to work on /home/airflow/.local/lib/python3.12/site-packages/airflow/example_dags/tutorial.py
[2025-12-27T14:19:38.047+0000] {processor.py:830} INFO - Processing file /home/airflow/.local/lib/python3.12/site-packages/airflow/example_dags/tutorial.py for tasks to queue
[2025-12-27T14:19:38.057+0000] {logging_mixin.py:188} INFO - [2025-12-27T14:19:38.056+0000] {dagbag.py:540} INFO - Filling up the DagBag from /home/airflow/.local/lib/python3.12/site-packages/airflow/example_dags/tutorial.py
[2025-12-27T14:19:38.078+0000] {processor.py:840} INFO - DAG(s) 'tutorial' retrieved from /home/airflow/.local/lib/python3.12/site-packages/airflow/example_dags/tutorial.py
[2025-12-27T14:19:38.146+0000] {logging_mixin.py:188} INFO - [2025-12-27T14:19:38.145+0000] {dag.py:3096} INFO - Sync 1 DAGs
[2025-12-27T14:19:38.213+0000] {logging_mixin.py:188} INFO - [2025-12-27T14:19:38.213+0000] {dag.py:3954} INFO - Setting next_dagrun for tutorial to 2025-12-26 00:00:00+00:00, run_after=2025-12-27 00:00:00+00:00
[2025-12-27T14:19:38.269+0000] {processor.py:183} INFO - Processing /home/airflow/.local/lib/python3.12/site-packages/airflow/example_dags/tutorial.py took 0.252 seconds
[2025-12-27T14:20:11.907+0000] {processor.py:161} INFO - Started process (PID=617) to work on /home/airflow/.local/lib/python3.12/site-packages/airflow/example_dags/tutorial.py
[2025-12-27T14:20:11.921+0000] {processor.py:830} INFO - Processing file /home/airflow/.local/lib/python3.12/site-packages/airflow/example_dags/tutorial.py for tasks to queue
[2025-12-27T14:20:11.931+0000] {logging_mixin.py:188} INFO - [2025-12-27T14:20:11.930+0000] {dagbag.py:540} INFO - Filling up the DagBag from /home/airflow/.local/lib/python3.12/site-packages/airflow/example_dags/tutorial.py
[2025-12-27T14:20:11.958+0000] {processor.py:840} INFO - DAG(s) 'tutorial' retrieved from /home/airflow/.local/lib/python3.12/site-packages/airflow/example_dags/tutorial.py
[2025-12-27T14:20:12.054+0000] {logging_mixin.py:188} INFO - [2025-12-27T14:20:12.053+0000] {dag.py:3096} INFO - Sync 1 DAGs
[2025-12-27T14:20:12.183+0000] {logging_mixin.py:188} INFO - [2025-12-27T14:20:12.182+0000] {dag.py:3954} INFO - Setting next_dagrun for tutorial to 2025-12-26 00:00:00+00:00, run_after=2025-12-27 00:00:00+00:00
[2025-12-27T14:20:12.302+0000] {processor.py:183} INFO - Processing /home/airflow/.local/lib/python3.12/site-packages/airflow/example_dags/tutorial.py took 0.429 seconds
[2025-12-27T14:20:43.565+0000] {processor.py:161} INFO - Started process (PID=675) to work on /home/airflow/.local/lib/python3.12/site-packages/airflow/example_dags/tutorial.py
[2025-12-27T14:20:43.568+0000] {processor.py:830} INFO - Processing file /home/airflow/.local/lib/python3.12/site-packages/airflow/example_dags/tutorial.py for tasks to queue
[2025-12-27T14:20:43.572+0000] {logging_mixin.py:188} INFO - [2025-12-27T14:20:43.572+0000] {dagbag.py:540} INFO - Filling up the DagBag from /home/airflow/.local/lib/python3.12/site-packages/airflow/example_dags/tutorial.py
[2025-12-27T14:20:43.591+0000] {processor.py:840} INFO - DAG(s) 'tutorial' retrieved from /home/airflow/.local/lib/python3.12/site-packages/airflow/example_dags/tutorial.py
[2025-12-27T14:20:43.655+0000] {logging_mixin.py:188} INFO - [2025-12-27T14:20:43.655+0000] {dag.py:3096} INFO - Sync 1 DAGs
[2025-12-27T14:20:43.731+0000] {logging_mixin.py:188} INFO - [2025-12-27T14:20:43.730+0000] {dag.py:3954} INFO - Setting next_dagrun for tutorial to 2025-12-26 00:00:00+00:00, run_after=2025-12-27 00:00:00+00:00
[2025-12-27T14:20:43.799+0000] {processor.py:183} INFO - Processing /home/airflow/.local/lib/python3.12/site-packages/airflow/example_dags/tutorial.py took 0.256 seconds
[2025-12-27T14:21:29.046+0000] {processor.py:161} INFO - Started process (PID=739) to work on /home/airflow/.local/lib/python3.12/site-packages/airflow/example_dags/tutorial.py
[2025-12-27T14:21:29.069+0000] {processor.py:830} INFO - Processing file /home/airflow/.local/lib/python3.12/site-packages/airflow/example_dags/tutorial.py for tasks to queue
[2025-12-27T14:21:29.098+0000] {logging_mixin.py:188} INFO - [2025-12-27T14:21:29.097+0000] {dagbag.py:540} INFO - Filling up the DagBag from /home/airflow/.local/lib/python3.12/site-packages/airflow/example_dags/tutorial.py
[2025-12-27T14:21:29.213+0000] {processor.py:840} INFO - DAG(s) 'tutorial' retrieved from /home/airflow/.local/lib/python3.12/site-packages/airflow/example_dags/tutorial.py
[2025-12-27T14:21:29.655+0000] {logging_mixin.py:188} INFO - [2025-12-27T14:21:29.654+0000] {dag.py:3096} INFO - Sync 1 DAGs
[2025-12-27T14:21:29.931+0000] {logging_mixin.py:188} INFO - [2025-12-27T14:21:29.930+0000] {dag.py:3954} INFO - Setting next_dagrun for tutorial to 2025-12-26 00:00:00+00:00, run_after=2025-12-27 00:00:00+00:00
[2025-12-27T14:21:30.158+0000] {processor.py:183} INFO - Processing /home/airflow/.local/lib/python3.12/site-packages/airflow/example_dags/tutorial.py took 1.339 seconds
[2025-12-27T14:22:02.042+0000] {processor.py:161} INFO - Started process (PID=796) to work on /home/airflow/.local/lib/python3.12/site-packages/airflow/example_dags/tutorial.py
[2025-12-27T14:22:02.057+0000] {processor.py:830} INFO - Processing file /home/airflow/.local/lib/python3.12/site-packages/airflow/example_dags/tutorial.py for tasks to queue
[2025-12-27T14:22:02.091+0000] {logging_mixin.py:188} INFO - [2025-12-27T14:22:02.090+0000] {dagbag.py:540} INFO - Filling up the DagBag from /home/airflow/.local/lib/python3.12/site-packages/airflow/example_dags/tutorial.py
[2025-12-27T14:22:02.181+0000] {processor.py:840} INFO - DAG(s) 'tutorial' retrieved from /home/airflow/.local/lib/python3.12/site-packages/airflow/example_dags/tutorial.py
[2025-12-27T14:22:02.397+0000] {logging_mixin.py:188} INFO - [2025-12-27T14:22:02.396+0000] {dag.py:3096} INFO - Sync 1 DAGs
[2025-12-27T14:22:02.609+0000] {logging_mixin.py:188} INFO - [2025-12-27T14:22:02.609+0000] {dag.py:3954} INFO - Setting next_dagrun for tutorial to 2025-12-26 00:00:00+00:00, run_after=2025-12-27 00:00:00+00:00
[2025-12-27T14:22:02.811+0000] {processor.py:183} INFO - Processing /home/airflow/.local/lib/python3.12/site-packages/airflow/example_dags/tutorial.py took 0.853 seconds
[2025-12-27T14:23:16.463+0000] {processor.py:161} INFO - Started process (PID=859) to work on /home/airflow/.local/lib/python3.12/site-packages/airflow/example_dags/tutorial.py
[2025-12-27T14:23:16.549+0000] {processor.py:830} INFO - Processing file /home/airflow/.local/lib/python3.12/site-packages/airflow/example_dags/tutorial.py for tasks to queue
[2025-12-27T14:23:16.748+0000] {logging_mixin.py:188} INFO - [2025-12-27T14:23:16.744+0000] {dagbag.py:540} INFO - Filling up the DagBag from /home/airflow/.local/lib/python3.12/site-packages/airflow/example_dags/tutorial.py
[2025-12-27T14:23:17.142+0000] {processor.py:840} INFO - DAG(s) 'tutorial' retrieved from /home/airflow/.local/lib/python3.12/site-packages/airflow/example_dags/tutorial.py
[2025-12-27T14:23:18.796+0000] {logging_mixin.py:188} INFO - [2025-12-27T14:23:18.795+0000] {dag.py:3096} INFO - Sync 1 DAGs
[2025-12-27T14:23:20.465+0000] {logging_mixin.py:188} INFO - [2025-12-27T14:23:20.451+0000] {dag.py:3954} INFO - Setting next_dagrun for tutorial to 2025-12-26 00:00:00+00:00, run_after=2025-12-27 00:00:00+00:00
[2025-12-27T14:23:21.427+0000] {processor.py:183} INFO - Processing /home/airflow/.local/lib/python3.12/site-packages/airflow/example_dags/tutorial.py took 5.872 seconds
[2025-12-27T14:24:23.238+0000] {processor.py:161} INFO - Started process (PID=924) to work on /home/airflow/.local/lib/python3.12/site-packages/airflow/example_dags/tutorial.py
[2025-12-27T14:24:23.247+0000] {processor.py:830} INFO - Processing file /home/airflow/.local/lib/python3.12/site-packages/airflow/example_dags/tutorial.py for tasks to queue
[2025-12-27T14:24:23.252+0000] {logging_mixin.py:188} INFO - [2025-12-27T14:24:23.250+0000] {dagbag.py:540} INFO - Filling up the DagBag from /home/airflow/.local/lib/python3.12/site-packages/airflow/example_dags/tutorial.py
[2025-12-27T14:24:23.301+0000] {processor.py:840} INFO - DAG(s) 'tutorial' retrieved from /home/airflow/.local/lib/python3.12/site-packages/airflow/example_dags/tutorial.py
[2025-12-27T14:24:23.449+0000] {logging_mixin.py:188} INFO - [2025-12-27T14:24:23.448+0000] {dag.py:3096} INFO - Sync 1 DAGs
[2025-12-27T14:24:23.617+0000] {logging_mixin.py:188} INFO - [2025-12-27T14:24:23.616+0000] {dag.py:3954} INFO - Setting next_dagrun for tutorial to 2025-12-26 00:00:00+00:00, run_after=2025-12-27 00:00:00+00:00
[2025-12-27T14:24:23.805+0000] {processor.py:183} INFO - Processing /home/airflow/.local/lib/python3.12/site-packages/airflow/example_dags/tutorial.py took 0.593 seconds
[2025-12-27T14:25:01.251+0000] {processor.py:161} INFO - Started process (PID=987) to work on /home/airflow/.local/lib/python3.12/site-packages/airflow/example_dags/tutorial.py
[2025-12-27T14:25:01.262+0000] {processor.py:830} INFO - Processing file /home/airflow/.local/lib/python3.12/site-packages/airflow/example_dags/tutorial.py for tasks to queue
[2025-12-27T14:25:01.270+0000] {logging_mixin.py:188} INFO - [2025-12-27T14:25:01.267+0000] {dagbag.py:540} INFO - Filling up the DagBag from /home/airflow/.local/lib/python3.12/site-packages/airflow/example_dags/tutorial.py
[2025-12-27T14:25:01.363+0000] {processor.py:840} INFO - DAG(s) 'tutorial' retrieved from /home/airflow/.local/lib/python3.12/site-packages/airflow/example_dags/tutorial.py
[2025-12-27T14:25:01.596+0000] {logging_mixin.py:188} INFO - [2025-12-27T14:25:01.595+0000] {dag.py:3096} INFO - Sync 1 DAGs
[2025-12-27T14:25:06.829+0000] {logging_mixin.py:188} INFO - [2025-12-27T14:25:06.828+0000] {dag.py:3954} INFO - Setting next_dagrun for tutorial to 2025-12-26 00:00:00+00:00, run_after=2025-12-27 00:00:00+00:00
[2025-12-27T14:25:06.905+0000] {processor.py:183} INFO - Processing /home/airflow/.local/lib/python3.12/site-packages/airflow/example_dags/tutorial.py took 5.719 seconds
[2025-12-27T14:26:17.677+0000] {processor.py:161} INFO - Started process (PID=1056) to work on /home/airflow/.local/lib/python3.12/site-packages/airflow/example_dags/tutorial.py
[2025-12-27T14:26:17.682+0000] {processor.py:830} INFO - Processing file /home/airflow/.local/lib/python3.12/site-packages/airflow/example_dags/tutorial.py for tasks to queue
[2025-12-27T14:26:17.686+0000] {logging_mixin.py:188} INFO - [2025-12-27T14:26:17.684+0000] {dagbag.py:540} INFO - Filling up the DagBag from /home/airflow/.local/lib/python3.12/site-packages/airflow/example_dags/tutorial.py
[2025-12-27T14:26:17.728+0000] {processor.py:840} INFO - DAG(s) 'tutorial' retrieved from /home/airflow/.local/lib/python3.12/site-packages/airflow/example_dags/tutorial.py
[2025-12-27T14:26:17.820+0000] {logging_mixin.py:188} INFO - [2025-12-27T14:26:17.819+0000] {dag.py:3096} INFO - Sync 1 DAGs
[2025-12-27T14:26:17.937+0000] {logging_mixin.py:188} INFO - [2025-12-27T14:26:17.936+0000] {dag.py:3954} INFO - Setting next_dagrun for tutorial to 2025-12-26 00:00:00+00:00, run_after=2025-12-27 00:00:00+00:00
[2025-12-27T14:26:18.043+0000] {processor.py:183} INFO - Processing /home/airflow/.local/lib/python3.12/site-packages/airflow/example_dags/tutorial.py took 0.400 seconds
[2025-12-27T14:26:55.393+0000] {processor.py:161} INFO - Started process (PID=1115) to work on /home/airflow/.local/lib/python3.12/site-packages/airflow/example_dags/tutorial.py
[2025-12-27T14:26:55.398+0000] {processor.py:830} INFO - Processing file /home/airflow/.local/lib/python3.12/site-packages/airflow/example_dags/tutorial.py for tasks to queue
[2025-12-27T14:26:55.405+0000] {logging_mixin.py:188} INFO - [2025-12-27T14:26:55.402+0000] {dagbag.py:540} INFO - Filling up the DagBag from /home/airflow/.local/lib/python3.12/site-packages/airflow/example_dags/tutorial.py
[2025-12-27T14:26:55.443+0000] {processor.py:840} INFO - DAG(s) 'tutorial' retrieved from /home/airflow/.local/lib/python3.12/site-packages/airflow/example_dags/tutorial.py
[2025-12-27T14:26:55.557+0000] {logging_mixin.py:188} INFO - [2025-12-27T14:26:55.555+0000] {dag.py:3096} INFO - Sync 1 DAGs
[2025-12-27T14:26:56.519+0000] {logging_mixin.py:188} INFO - [2025-12-27T14:26:56.518+0000] {dag.py:3954} INFO - Setting next_dagrun for tutorial to 2025-12-26 00:00:00+00:00, run_after=2025-12-27 00:00:00+00:00
[2025-12-27T14:26:56.660+0000] {processor.py:183} INFO - Processing /home/airflow/.local/lib/python3.12/site-packages/airflow/example_dags/tutorial.py took 1.300 seconds
[2025-12-27T14:27:53.033+0000] {processor.py:161} INFO - Started process (PID=1188) to work on /home/airflow/.local/lib/python3.12/site-packages/airflow/example_dags/tutorial.py
[2025-12-27T14:27:53.048+0000] {processor.py:830} INFO - Processing file /home/airflow/.local/lib/python3.12/site-packages/airflow/example_dags/tutorial.py for tasks to queue
[2025-12-27T14:27:53.054+0000] {logging_mixin.py:188} INFO - [2025-12-27T14:27:53.051+0000] {dagbag.py:540} INFO - Filling up the DagBag from /home/airflow/.local/lib/python3.12/site-packages/airflow/example_dags/tutorial.py
[2025-12-27T14:27:53.093+0000] {processor.py:840} INFO - DAG(s) 'tutorial' retrieved from /home/airflow/.local/lib/python3.12/site-packages/airflow/example_dags/tutorial.py
[2025-12-27T14:27:53.219+0000] {logging_mixin.py:188} INFO - [2025-12-27T14:27:53.218+0000] {dag.py:3096} INFO - Sync 1 DAGs
[2025-12-27T14:27:53.369+0000] {logging_mixin.py:188} INFO - [2025-12-27T14:27:53.368+0000] {dag.py:3954} INFO - Setting next_dagrun for tutorial to 2025-12-26 00:00:00+00:00, run_after=2025-12-27 00:00:00+00:00
[2025-12-27T14:27:53.440+0000] {processor.py:183} INFO - Processing /home/airflow/.local/lib/python3.12/site-packages/airflow/example_dags/tutorial.py took 0.440 seconds
[2025-12-27T14:28:23.848+0000] {processor.py:161} INFO - Started process (PID=1246) to work on /home/airflow/.local/lib/python3.12/site-packages/airflow/example_dags/tutorial.py
[2025-12-27T14:28:23.852+0000] {processor.py:830} INFO - Processing file /home/airflow/.local/lib/python3.12/site-packages/airflow/example_dags/tutorial.py for tasks to queue
[2025-12-27T14:28:23.856+0000] {logging_mixin.py:188} INFO - [2025-12-27T14:28:23.854+0000] {dagbag.py:540} INFO - Filling up the DagBag from /home/airflow/.local/lib/python3.12/site-packages/airflow/example_dags/tutorial.py
[2025-12-27T14:28:23.881+0000] {processor.py:840} INFO - DAG(s) 'tutorial' retrieved from /home/airflow/.local/lib/python3.12/site-packages/airflow/example_dags/tutorial.py
[2025-12-27T14:28:23.966+0000] {logging_mixin.py:188} INFO - [2025-12-27T14:28:23.965+0000] {dag.py:3096} INFO - Sync 1 DAGs
[2025-12-27T14:28:24.047+0000] {logging_mixin.py:188} INFO - [2025-12-27T14:28:24.046+0000] {dag.py:3954} INFO - Setting next_dagrun for tutorial to 2025-12-26 00:00:00+00:00, run_after=2025-12-27 00:00:00+00:00
[2025-12-27T14:28:24.101+0000] {processor.py:183} INFO - Processing /home/airflow/.local/lib/python3.12/site-packages/airflow/example_dags/tutorial.py took 0.270 seconds
[2025-12-27T14:28:55.284+0000] {processor.py:161} INFO - Started process (PID=1304) to work on /home/airflow/.local/lib/python3.12/site-packages/airflow/example_dags/tutorial.py
[2025-12-27T14:28:55.288+0000] {processor.py:830} INFO - Processing file /home/airflow/.local/lib/python3.12/site-packages/airflow/example_dags/tutorial.py for tasks to queue
[2025-12-27T14:28:55.292+0000] {logging_mixin.py:188} INFO - [2025-12-27T14:28:55.291+0000] {dagbag.py:540} INFO - Filling up the DagBag from /home/airflow/.local/lib/python3.12/site-packages/airflow/example_dags/tutorial.py
[2025-12-27T14:28:55.325+0000] {processor.py:840} INFO - DAG(s) 'tutorial' retrieved from /home/airflow/.local/lib/python3.12/site-packages/airflow/example_dags/tutorial.py
[2025-12-27T14:28:55.424+0000] {logging_mixin.py:188} INFO - [2025-12-27T14:28:55.423+0000] {dag.py:3096} INFO - Sync 1 DAGs
[2025-12-27T14:28:55.527+0000] {logging_mixin.py:188} INFO - [2025-12-27T14:28:55.526+0000] {dag.py:3954} INFO - Setting next_dagrun for tutorial to 2025-12-26 00:00:00+00:00, run_after=2025-12-27 00:00:00+00:00
[2025-12-27T14:28:55.615+0000] {processor.py:183} INFO - Processing /home/airflow/.local/lib/python3.12/site-packages/airflow/example_dags/tutorial.py took 0.371 seconds
[2025-12-27T14:29:28.646+0000] {processor.py:161} INFO - Started process (PID=1362) to work on /home/airflow/.local/lib/python3.12/site-packages/airflow/example_dags/tutorial.py
[2025-12-27T14:29:28.702+0000] {processor.py:830} INFO - Processing file /home/airflow/.local/lib/python3.12/site-packages/airflow/example_dags/tutorial.py for tasks to queue
[2025-12-27T14:29:28.711+0000] {logging_mixin.py:188} INFO - [2025-12-27T14:29:28.710+0000] {dagbag.py:540} INFO - Filling up the DagBag from /home/airflow/.local/lib/python3.12/site-packages/airflow/example_dags/tutorial.py
[2025-12-27T14:29:28.751+0000] {processor.py:840} INFO - DAG(s) 'tutorial' retrieved from /home/airflow/.local/lib/python3.12/site-packages/airflow/example_dags/tutorial.py
[2025-12-27T14:29:28.819+0000] {logging_mixin.py:188} INFO - [2025-12-27T14:29:28.819+0000] {dag.py:3096} INFO - Sync 1 DAGs
[2025-12-27T14:29:29.180+0000] {logging_mixin.py:188} INFO - [2025-12-27T14:29:29.177+0000] {dag.py:3954} INFO - Setting next_dagrun for tutorial to 2025-12-26 00:00:00+00:00, run_after=2025-12-27 00:00:00+00:00
[2025-12-27T14:29:29.364+0000] {processor.py:183} INFO - Processing /home/airflow/.local/lib/python3.12/site-packages/airflow/example_dags/tutorial.py took 0.740 seconds
[2025-12-27T14:30:11.847+0000] {processor.py:161} INFO - Started process (PID=1424) to work on /home/airflow/.local/lib/python3.12/site-packages/airflow/example_dags/tutorial.py
[2025-12-27T14:30:11.852+0000] {processor.py:830} INFO - Processing file /home/airflow/.local/lib/python3.12/site-packages/airflow/example_dags/tutorial.py for tasks to queue
[2025-12-27T14:30:11.860+0000] {logging_mixin.py:188} INFO - [2025-12-27T14:30:11.854+0000] {dagbag.py:540} INFO - Filling up the DagBag from /home/airflow/.local/lib/python3.12/site-packages/airflow/example_dags/tutorial.py
[2025-12-27T14:30:11.903+0000] {processor.py:840} INFO - DAG(s) 'tutorial' retrieved from /home/airflow/.local/lib/python3.12/site-packages/airflow/example_dags/tutorial.py
[2025-12-27T14:30:12.007+0000] {logging_mixin.py:188} INFO - [2025-12-27T14:30:12.006+0000] {dag.py:3096} INFO - Sync 1 DAGs
[2025-12-27T14:30:12.128+0000] {logging_mixin.py:188} INFO - [2025-12-27T14:30:12.128+0000] {dag.py:3954} INFO - Setting next_dagrun for tutorial to 2025-12-26 00:00:00+00:00, run_after=2025-12-27 00:00:00+00:00
[2025-12-27T14:30:12.208+0000] {processor.py:183} INFO - Processing /home/airflow/.local/lib/python3.12/site-packages/airflow/example_dags/tutorial.py took 0.391 seconds
[2025-12-27T14:30:42.546+0000] {processor.py:161} INFO - Started process (PID=1483) to work on /home/airflow/.local/lib/python3.12/site-packages/airflow/example_dags/tutorial.py
[2025-12-27T14:30:42.549+0000] {processor.py:830} INFO - Processing file /home/airflow/.local/lib/python3.12/site-packages/airflow/example_dags/tutorial.py for tasks to queue
[2025-12-27T14:30:42.552+0000] {logging_mixin.py:188} INFO - [2025-12-27T14:30:42.551+0000] {dagbag.py:540} INFO - Filling up the DagBag from /home/airflow/.local/lib/python3.12/site-packages/airflow/example_dags/tutorial.py
[2025-12-27T14:30:42.578+0000] {processor.py:840} INFO - DAG(s) 'tutorial' retrieved from /home/airflow/.local/lib/python3.12/site-packages/airflow/example_dags/tutorial.py
[2025-12-27T14:30:42.657+0000] {logging_mixin.py:188} INFO - [2025-12-27T14:30:42.656+0000] {dag.py:3096} INFO - Sync 1 DAGs
[2025-12-27T14:30:42.743+0000] {logging_mixin.py:188} INFO - [2025-12-27T14:30:42.742+0000] {dag.py:3954} INFO - Setting next_dagrun for tutorial to 2025-12-26 00:00:00+00:00, run_after=2025-12-27 00:00:00+00:00
[2025-12-27T14:30:42.815+0000] {processor.py:183} INFO - Processing /home/airflow/.local/lib/python3.12/site-packages/airflow/example_dags/tutorial.py took 0.294 seconds
[2025-12-27T14:31:13.021+0000] {processor.py:161} INFO - Started process (PID=1541) to work on /home/airflow/.local/lib/python3.12/site-packages/airflow/example_dags/tutorial.py
[2025-12-27T14:31:13.025+0000] {processor.py:830} INFO - Processing file /home/airflow/.local/lib/python3.12/site-packages/airflow/example_dags/tutorial.py for tasks to queue
[2025-12-27T14:31:13.031+0000] {logging_mixin.py:188} INFO - [2025-12-27T14:31:13.029+0000] {dagbag.py:540} INFO - Filling up the DagBag from /home/airflow/.local/lib/python3.12/site-packages/airflow/example_dags/tutorial.py
[2025-12-27T14:31:13.054+0000] {processor.py:840} INFO - DAG(s) 'tutorial' retrieved from /home/airflow/.local/lib/python3.12/site-packages/airflow/example_dags/tutorial.py
[2025-12-27T14:31:13.121+0000] {logging_mixin.py:188} INFO - [2025-12-27T14:31:13.120+0000] {dag.py:3096} INFO - Sync 1 DAGs
[2025-12-27T14:31:13.184+0000] {logging_mixin.py:188} INFO - [2025-12-27T14:31:13.184+0000] {dag.py:3954} INFO - Setting next_dagrun for tutorial to 2025-12-26 00:00:00+00:00, run_after=2025-12-27 00:00:00+00:00
[2025-12-27T14:31:13.250+0000] {processor.py:183} INFO - Processing /home/airflow/.local/lib/python3.12/site-packages/airflow/example_dags/tutorial.py took 0.252 seconds
[2025-12-27T14:31:44.014+0000] {processor.py:161} INFO - Started process (PID=1599) to work on /home/airflow/.local/lib/python3.12/site-packages/airflow/example_dags/tutorial.py
[2025-12-27T14:31:44.017+0000] {processor.py:830} INFO - Processing file /home/airflow/.local/lib/python3.12/site-packages/airflow/example_dags/tutorial.py for tasks to queue
[2025-12-27T14:31:44.020+0000] {logging_mixin.py:188} INFO - [2025-12-27T14:31:44.019+0000] {dagbag.py:540} INFO - Filling up the DagBag from /home/airflow/.local/lib/python3.12/site-packages/airflow/example_dags/tutorial.py
[2025-12-27T14:31:44.039+0000] {processor.py:840} INFO - DAG(s) 'tutorial' retrieved from /home/airflow/.local/lib/python3.12/site-packages/airflow/example_dags/tutorial.py
[2025-12-27T14:31:44.101+0000] {logging_mixin.py:188} INFO - [2025-12-27T14:31:44.100+0000] {dag.py:3096} INFO - Sync 1 DAGs
[2025-12-27T14:31:44.165+0000] {logging_mixin.py:188} INFO - [2025-12-27T14:31:44.165+0000] {dag.py:3954} INFO - Setting next_dagrun for tutorial to 2025-12-26 00:00:00+00:00, run_after=2025-12-27 00:00:00+00:00
[2025-12-27T14:31:44.253+0000] {processor.py:183} INFO - Processing /home/airflow/.local/lib/python3.12/site-packages/airflow/example_dags/tutorial.py took 0.258 seconds
[2025-12-27T14:32:14.359+0000] {processor.py:161} INFO - Started process (PID=1656) to work on /home/airflow/.local/lib/python3.12/site-packages/airflow/example_dags/tutorial.py
[2025-12-27T14:32:14.364+0000] {processor.py:830} INFO - Processing file /home/airflow/.local/lib/python3.12/site-packages/airflow/example_dags/tutorial.py for tasks to queue
[2025-12-27T14:32:14.367+0000] {logging_mixin.py:188} INFO - [2025-12-27T14:32:14.366+0000] {dagbag.py:540} INFO - Filling up the DagBag from /home/airflow/.local/lib/python3.12/site-packages/airflow/example_dags/tutorial.py
[2025-12-27T14:32:14.395+0000] {processor.py:840} INFO - DAG(s) 'tutorial' retrieved from /home/airflow/.local/lib/python3.12/site-packages/airflow/example_dags/tutorial.py
[2025-12-27T14:32:14.484+0000] {logging_mixin.py:188} INFO - [2025-12-27T14:32:14.483+0000] {dag.py:3096} INFO - Sync 1 DAGs
[2025-12-27T14:32:14.602+0000] {logging_mixin.py:188} INFO - [2025-12-27T14:32:14.601+0000] {dag.py:3954} INFO - Setting next_dagrun for tutorial to 2025-12-26 00:00:00+00:00, run_after=2025-12-27 00:00:00+00:00
[2025-12-27T14:32:14.761+0000] {processor.py:183} INFO - Processing /home/airflow/.local/lib/python3.12/site-packages/airflow/example_dags/tutorial.py took 0.437 seconds
[2025-12-27T14:32:45.562+0000] {processor.py:161} INFO - Started process (PID=1713) to work on /home/airflow/.local/lib/python3.12/site-packages/airflow/example_dags/tutorial.py
[2025-12-27T14:32:45.565+0000] {processor.py:830} INFO - Processing file /home/airflow/.local/lib/python3.12/site-packages/airflow/example_dags/tutorial.py for tasks to queue
[2025-12-27T14:32:45.568+0000] {logging_mixin.py:188} INFO - [2025-12-27T14:32:45.567+0000] {dagbag.py:540} INFO - Filling up the DagBag from /home/airflow/.local/lib/python3.12/site-packages/airflow/example_dags/tutorial.py
[2025-12-27T14:32:45.591+0000] {processor.py:840} INFO - DAG(s) 'tutorial' retrieved from /home/airflow/.local/lib/python3.12/site-packages/airflow/example_dags/tutorial.py
[2025-12-27T14:32:45.659+0000] {logging_mixin.py:188} INFO - [2025-12-27T14:32:45.659+0000] {dag.py:3096} INFO - Sync 1 DAGs
[2025-12-27T14:32:45.728+0000] {logging_mixin.py:188} INFO - [2025-12-27T14:32:45.727+0000] {dag.py:3954} INFO - Setting next_dagrun for tutorial to 2025-12-26 00:00:00+00:00, run_after=2025-12-27 00:00:00+00:00
[2025-12-27T14:32:45.786+0000] {processor.py:183} INFO - Processing /home/airflow/.local/lib/python3.12/site-packages/airflow/example_dags/tutorial.py took 0.247 seconds
[2025-12-27T14:33:17.096+0000] {processor.py:161} INFO - Started process (PID=1772) to work on /home/airflow/.local/lib/python3.12/site-packages/airflow/example_dags/tutorial.py
[2025-12-27T14:33:17.108+0000] {processor.py:830} INFO - Processing file /home/airflow/.local/lib/python3.12/site-packages/airflow/example_dags/tutorial.py for tasks to queue
[2025-12-27T14:33:17.113+0000] {logging_mixin.py:188} INFO - [2025-12-27T14:33:17.112+0000] {dagbag.py:540} INFO - Filling up the DagBag from /home/airflow/.local/lib/python3.12/site-packages/airflow/example_dags/tutorial.py
[2025-12-27T14:33:17.174+0000] {processor.py:840} INFO - DAG(s) 'tutorial' retrieved from /home/airflow/.local/lib/python3.12/site-packages/airflow/example_dags/tutorial.py
[2025-12-27T14:33:17.299+0000] {logging_mixin.py:188} INFO - [2025-12-27T14:33:17.298+0000] {dag.py:3096} INFO - Sync 1 DAGs
[2025-12-27T14:33:17.496+0000] {logging_mixin.py:188} INFO - [2025-12-27T14:33:17.495+0000] {dag.py:3954} INFO - Setting next_dagrun for tutorial to 2025-12-26 00:00:00+00:00, run_after=2025-12-27 00:00:00+00:00
[2025-12-27T14:33:17.658+0000] {processor.py:183} INFO - Processing /home/airflow/.local/lib/python3.12/site-packages/airflow/example_dags/tutorial.py took 0.609 seconds
[2025-12-27T14:33:47.990+0000] {processor.py:161} INFO - Started process (PID=1830) to work on /home/airflow/.local/lib/python3.12/site-packages/airflow/example_dags/tutorial.py
[2025-12-27T14:33:47.993+0000] {processor.py:830} INFO - Processing file /home/airflow/.local/lib/python3.12/site-packages/airflow/example_dags/tutorial.py for tasks to queue
[2025-12-27T14:33:47.996+0000] {logging_mixin.py:188} INFO - [2025-12-27T14:33:47.995+0000] {dagbag.py:540} INFO - Filling up the DagBag from /home/airflow/.local/lib/python3.12/site-packages/airflow/example_dags/tutorial.py
[2025-12-27T14:33:48.016+0000] {processor.py:840} INFO - DAG(s) 'tutorial' retrieved from /home/airflow/.local/lib/python3.12/site-packages/airflow/example_dags/tutorial.py
[2025-12-27T14:33:48.095+0000] {logging_mixin.py:188} INFO - [2025-12-27T14:33:48.094+0000] {dag.py:3096} INFO - Sync 1 DAGs
[2025-12-27T14:33:48.162+0000] {logging_mixin.py:188} INFO - [2025-12-27T14:33:48.162+0000] {dag.py:3954} INFO - Setting next_dagrun for tutorial to 2025-12-26 00:00:00+00:00, run_after=2025-12-27 00:00:00+00:00
[2025-12-27T14:33:48.228+0000] {processor.py:183} INFO - Processing /home/airflow/.local/lib/python3.12/site-packages/airflow/example_dags/tutorial.py took 0.256 seconds
[2025-12-27T14:34:18.381+0000] {processor.py:161} INFO - Started process (PID=1888) to work on /home/airflow/.local/lib/python3.12/site-packages/airflow/example_dags/tutorial.py
[2025-12-27T14:34:18.384+0000] {processor.py:830} INFO - Processing file /home/airflow/.local/lib/python3.12/site-packages/airflow/example_dags/tutorial.py for tasks to queue
[2025-12-27T14:34:18.388+0000] {logging_mixin.py:188} INFO - [2025-12-27T14:34:18.386+0000] {dagbag.py:540} INFO - Filling up the DagBag from /home/airflow/.local/lib/python3.12/site-packages/airflow/example_dags/tutorial.py
[2025-12-27T14:34:18.415+0000] {processor.py:840} INFO - DAG(s) 'tutorial' retrieved from /home/airflow/.local/lib/python3.12/site-packages/airflow/example_dags/tutorial.py
[2025-12-27T14:34:18.504+0000] {logging_mixin.py:188} INFO - [2025-12-27T14:34:18.503+0000] {dag.py:3096} INFO - Sync 1 DAGs
[2025-12-27T14:34:18.566+0000] {logging_mixin.py:188} INFO - [2025-12-27T14:34:18.566+0000] {dag.py:3954} INFO - Setting next_dagrun for tutorial to 2025-12-26 00:00:00+00:00, run_after=2025-12-27 00:00:00+00:00
[2025-12-27T14:34:18.667+0000] {processor.py:183} INFO - Processing /home/airflow/.local/lib/python3.12/site-packages/airflow/example_dags/tutorial.py took 0.307 seconds
[2025-12-27T14:34:49.056+0000] {processor.py:161} INFO - Started process (PID=1946) to work on /home/airflow/.local/lib/python3.12/site-packages/airflow/example_dags/tutorial.py
[2025-12-27T14:34:49.059+0000] {processor.py:830} INFO - Processing file /home/airflow/.local/lib/python3.12/site-packages/airflow/example_dags/tutorial.py for tasks to queue
[2025-12-27T14:34:49.064+0000] {logging_mixin.py:188} INFO - [2025-12-27T14:34:49.062+0000] {dagbag.py:540} INFO - Filling up the DagBag from /home/airflow/.local/lib/python3.12/site-packages/airflow/example_dags/tutorial.py
[2025-12-27T14:34:49.084+0000] {processor.py:840} INFO - DAG(s) 'tutorial' retrieved from /home/airflow/.local/lib/python3.12/site-packages/airflow/example_dags/tutorial.py
[2025-12-27T14:34:49.149+0000] {logging_mixin.py:188} INFO - [2025-12-27T14:34:49.149+0000] {dag.py:3096} INFO - Sync 1 DAGs
[2025-12-27T14:34:49.220+0000] {logging_mixin.py:188} INFO - [2025-12-27T14:34:49.219+0000] {dag.py:3954} INFO - Setting next_dagrun for tutorial to 2025-12-26 00:00:00+00:00, run_after=2025-12-27 00:00:00+00:00
[2025-12-27T14:34:49.285+0000] {processor.py:183} INFO - Processing /home/airflow/.local/lib/python3.12/site-packages/airflow/example_dags/tutorial.py took 0.248 seconds
[2025-12-27T14:35:20.244+0000] {processor.py:161} INFO - Started process (PID=2005) to work on /home/airflow/.local/lib/python3.12/site-packages/airflow/example_dags/tutorial.py
[2025-12-27T14:35:20.251+0000] {processor.py:830} INFO - Processing file /home/airflow/.local/lib/python3.12/site-packages/airflow/example_dags/tutorial.py for tasks to queue
[2025-12-27T14:35:20.255+0000] {logging_mixin.py:188} INFO - [2025-12-27T14:35:20.253+0000] {dagbag.py:540} INFO - Filling up the DagBag from /home/airflow/.local/lib/python3.12/site-packages/airflow/example_dags/tutorial.py
[2025-12-27T14:35:20.295+0000] {processor.py:840} INFO - DAG(s) 'tutorial' retrieved from /home/airflow/.local/lib/python3.12/site-packages/airflow/example_dags/tutorial.py
[2025-12-27T14:35:20.397+0000] {logging_mixin.py:188} INFO - [2025-12-27T14:35:20.396+0000] {dag.py:3096} INFO - Sync 1 DAGs
[2025-12-27T14:35:20.486+0000] {logging_mixin.py:188} INFO - [2025-12-27T14:35:20.486+0000] {dag.py:3954} INFO - Setting next_dagrun for tutorial to 2025-12-26 00:00:00+00:00, run_after=2025-12-27 00:00:00+00:00
[2025-12-27T14:35:20.548+0000] {processor.py:183} INFO - Processing /home/airflow/.local/lib/python3.12/site-packages/airflow/example_dags/tutorial.py took 0.329 seconds
[2025-12-27T14:35:51.134+0000] {processor.py:161} INFO - Started process (PID=2063) to work on /home/airflow/.local/lib/python3.12/site-packages/airflow/example_dags/tutorial.py
[2025-12-27T14:35:51.139+0000] {processor.py:830} INFO - Processing file /home/airflow/.local/lib/python3.12/site-packages/airflow/example_dags/tutorial.py for tasks to queue
[2025-12-27T14:35:51.153+0000] {logging_mixin.py:188} INFO - [2025-12-27T14:35:51.142+0000] {dagbag.py:540} INFO - Filling up the DagBag from /home/airflow/.local/lib/python3.12/site-packages/airflow/example_dags/tutorial.py
[2025-12-27T14:35:51.211+0000] {processor.py:840} INFO - DAG(s) 'tutorial' retrieved from /home/airflow/.local/lib/python3.12/site-packages/airflow/example_dags/tutorial.py
[2025-12-27T14:35:51.335+0000] {logging_mixin.py:188} INFO - [2025-12-27T14:35:51.334+0000] {dag.py:3096} INFO - Sync 1 DAGs
[2025-12-27T14:35:51.471+0000] {logging_mixin.py:188} INFO - [2025-12-27T14:35:51.469+0000] {dag.py:3954} INFO - Setting next_dagrun for tutorial to 2025-12-26 00:00:00+00:00, run_after=2025-12-27 00:00:00+00:00
[2025-12-27T14:35:51.562+0000] {processor.py:183} INFO - Processing /home/airflow/.local/lib/python3.12/site-packages/airflow/example_dags/tutorial.py took 0.476 seconds
[2025-12-27T14:36:37.557+0000] {processor.py:161} INFO - Started process (PID=2136) to work on /home/airflow/.local/lib/python3.12/site-packages/airflow/example_dags/tutorial.py
[2025-12-27T14:36:37.560+0000] {processor.py:830} INFO - Processing file /home/airflow/.local/lib/python3.12/site-packages/airflow/example_dags/tutorial.py for tasks to queue
[2025-12-27T14:36:37.563+0000] {logging_mixin.py:188} INFO - [2025-12-27T14:36:37.562+0000] {dagbag.py:540} INFO - Filling up the DagBag from /home/airflow/.local/lib/python3.12/site-packages/airflow/example_dags/tutorial.py
[2025-12-27T14:36:37.587+0000] {processor.py:840} INFO - DAG(s) 'tutorial' retrieved from /home/airflow/.local/lib/python3.12/site-packages/airflow/example_dags/tutorial.py
[2025-12-27T14:36:37.670+0000] {logging_mixin.py:188} INFO - [2025-12-27T14:36:37.669+0000] {dag.py:3096} INFO - Sync 1 DAGs
[2025-12-27T14:36:37.798+0000] {logging_mixin.py:188} INFO - [2025-12-27T14:36:37.797+0000] {dag.py:3954} INFO - Setting next_dagrun for tutorial to 2025-12-26 00:00:00+00:00, run_after=2025-12-27 00:00:00+00:00
[2025-12-27T14:36:37.866+0000] {processor.py:183} INFO - Processing /home/airflow/.local/lib/python3.12/site-packages/airflow/example_dags/tutorial.py took 0.330 seconds
[2025-12-27T14:37:08.006+0000] {processor.py:161} INFO - Started process (PID=2195) to work on /home/airflow/.local/lib/python3.12/site-packages/airflow/example_dags/tutorial.py
[2025-12-27T14:37:08.009+0000] {processor.py:830} INFO - Processing file /home/airflow/.local/lib/python3.12/site-packages/airflow/example_dags/tutorial.py for tasks to queue
[2025-12-27T14:37:08.012+0000] {logging_mixin.py:188} INFO - [2025-12-27T14:37:08.011+0000] {dagbag.py:540} INFO - Filling up the DagBag from /home/airflow/.local/lib/python3.12/site-packages/airflow/example_dags/tutorial.py
[2025-12-27T14:37:08.032+0000] {processor.py:840} INFO - DAG(s) 'tutorial' retrieved from /home/airflow/.local/lib/python3.12/site-packages/airflow/example_dags/tutorial.py
[2025-12-27T14:37:08.098+0000] {logging_mixin.py:188} INFO - [2025-12-27T14:37:08.097+0000] {dag.py:3096} INFO - Sync 1 DAGs
[2025-12-27T14:37:08.159+0000] {logging_mixin.py:188} INFO - [2025-12-27T14:37:08.158+0000] {dag.py:3954} INFO - Setting next_dagrun for tutorial to 2025-12-26 00:00:00+00:00, run_after=2025-12-27 00:00:00+00:00
[2025-12-27T14:37:08.222+0000] {processor.py:183} INFO - Processing /home/airflow/.local/lib/python3.12/site-packages/airflow/example_dags/tutorial.py took 0.232 seconds
[2025-12-27T14:37:40.141+0000] {processor.py:161} INFO - Started process (PID=2254) to work on /home/airflow/.local/lib/python3.12/site-packages/airflow/example_dags/tutorial.py
[2025-12-27T14:37:40.147+0000] {processor.py:830} INFO - Processing file /home/airflow/.local/lib/python3.12/site-packages/airflow/example_dags/tutorial.py for tasks to queue
[2025-12-27T14:37:40.150+0000] {logging_mixin.py:188} INFO - [2025-12-27T14:37:40.149+0000] {dagbag.py:540} INFO - Filling up the DagBag from /home/airflow/.local/lib/python3.12/site-packages/airflow/example_dags/tutorial.py
[2025-12-27T14:37:40.179+0000] {processor.py:840} INFO - DAG(s) 'tutorial' retrieved from /home/airflow/.local/lib/python3.12/site-packages/airflow/example_dags/tutorial.py
[2025-12-27T14:37:40.264+0000] {logging_mixin.py:188} INFO - [2025-12-27T14:37:40.263+0000] {dag.py:3096} INFO - Sync 1 DAGs
[2025-12-27T14:37:40.414+0000] {logging_mixin.py:188} INFO - [2025-12-27T14:37:40.413+0000] {dag.py:3954} INFO - Setting next_dagrun for tutorial to 2025-12-26 00:00:00+00:00, run_after=2025-12-27 00:00:00+00:00
[2025-12-27T14:37:40.516+0000] {processor.py:183} INFO - Processing /home/airflow/.local/lib/python3.12/site-packages/airflow/example_dags/tutorial.py took 0.402 seconds
[2025-12-27T14:38:12.012+0000] {processor.py:161} INFO - Started process (PID=2312) to work on /home/airflow/.local/lib/python3.12/site-packages/airflow/example_dags/tutorial.py
[2025-12-27T14:38:12.015+0000] {processor.py:830} INFO - Processing file /home/airflow/.local/lib/python3.12/site-packages/airflow/example_dags/tutorial.py for tasks to queue
[2025-12-27T14:38:12.018+0000] {logging_mixin.py:188} INFO - [2025-12-27T14:38:12.017+0000] {dagbag.py:540} INFO - Filling up the DagBag from /home/airflow/.local/lib/python3.12/site-packages/airflow/example_dags/tutorial.py
[2025-12-27T14:38:12.049+0000] {processor.py:840} INFO - DAG(s) 'tutorial' retrieved from /home/airflow/.local/lib/python3.12/site-packages/airflow/example_dags/tutorial.py
[2025-12-27T14:38:12.116+0000] {logging_mixin.py:188} INFO - [2025-12-27T14:38:12.116+0000] {dag.py:3096} INFO - Sync 1 DAGs
[2025-12-27T14:38:12.189+0000] {logging_mixin.py:188} INFO - [2025-12-27T14:38:12.188+0000] {dag.py:3954} INFO - Setting next_dagrun for tutorial to 2025-12-26 00:00:00+00:00, run_after=2025-12-27 00:00:00+00:00
[2025-12-27T14:38:12.244+0000] {processor.py:183} INFO - Processing /home/airflow/.local/lib/python3.12/site-packages/airflow/example_dags/tutorial.py took 0.255 seconds
[2025-12-27T14:38:44.804+0000] {processor.py:161} INFO - Started process (PID=2370) to work on /home/airflow/.local/lib/python3.12/site-packages/airflow/example_dags/tutorial.py
[2025-12-27T14:38:44.809+0000] {processor.py:830} INFO - Processing file /home/airflow/.local/lib/python3.12/site-packages/airflow/example_dags/tutorial.py for tasks to queue
[2025-12-27T14:38:44.813+0000] {logging_mixin.py:188} INFO - [2025-12-27T14:38:44.812+0000] {dagbag.py:540} INFO - Filling up the DagBag from /home/airflow/.local/lib/python3.12/site-packages/airflow/example_dags/tutorial.py
[2025-12-27T14:38:44.845+0000] {processor.py:840} INFO - DAG(s) 'tutorial' retrieved from /home/airflow/.local/lib/python3.12/site-packages/airflow/example_dags/tutorial.py
[2025-12-27T14:38:44.929+0000] {logging_mixin.py:188} INFO - [2025-12-27T14:38:44.928+0000] {dag.py:3096} INFO - Sync 1 DAGs
[2025-12-27T14:38:45.008+0000] {logging_mixin.py:188} INFO - [2025-12-27T14:38:45.007+0000] {dag.py:3954} INFO - Setting next_dagrun for tutorial to 2025-12-26 00:00:00+00:00, run_after=2025-12-27 00:00:00+00:00
[2025-12-27T14:38:45.070+0000] {processor.py:183} INFO - Processing /home/airflow/.local/lib/python3.12/site-packages/airflow/example_dags/tutorial.py took 0.317 seconds
[2025-12-27T14:39:15.649+0000] {processor.py:161} INFO - Started process (PID=2428) to work on /home/airflow/.local/lib/python3.12/site-packages/airflow/example_dags/tutorial.py
[2025-12-27T14:39:15.653+0000] {processor.py:830} INFO - Processing file /home/airflow/.local/lib/python3.12/site-packages/airflow/example_dags/tutorial.py for tasks to queue
[2025-12-27T14:39:15.657+0000] {logging_mixin.py:188} INFO - [2025-12-27T14:39:15.656+0000] {dagbag.py:540} INFO - Filling up the DagBag from /home/airflow/.local/lib/python3.12/site-packages/airflow/example_dags/tutorial.py
[2025-12-27T14:39:15.694+0000] {processor.py:840} INFO - DAG(s) 'tutorial' retrieved from /home/airflow/.local/lib/python3.12/site-packages/airflow/example_dags/tutorial.py
[2025-12-27T14:39:15.844+0000] {logging_mixin.py:188} INFO - [2025-12-27T14:39:15.842+0000] {dag.py:3096} INFO - Sync 1 DAGs
[2025-12-27T14:39:15.981+0000] {logging_mixin.py:188} INFO - [2025-12-27T14:39:15.980+0000] {dag.py:3954} INFO - Setting next_dagrun for tutorial to 2025-12-26 00:00:00+00:00, run_after=2025-12-27 00:00:00+00:00
[2025-12-27T14:39:16.120+0000] {processor.py:183} INFO - Processing /home/airflow/.local/lib/python3.12/site-packages/airflow/example_dags/tutorial.py took 0.501 seconds
[2025-12-27T14:39:47.239+0000] {processor.py:161} INFO - Started process (PID=2486) to work on /home/airflow/.local/lib/python3.12/site-packages/airflow/example_dags/tutorial.py
[2025-12-27T14:39:47.242+0000] {processor.py:830} INFO - Processing file /home/airflow/.local/lib/python3.12/site-packages/airflow/example_dags/tutorial.py for tasks to queue
[2025-12-27T14:39:47.245+0000] {logging_mixin.py:188} INFO - [2025-12-27T14:39:47.244+0000] {dagbag.py:540} INFO - Filling up the DagBag from /home/airflow/.local/lib/python3.12/site-packages/airflow/example_dags/tutorial.py
[2025-12-27T14:39:47.268+0000] {processor.py:840} INFO - DAG(s) 'tutorial' retrieved from /home/airflow/.local/lib/python3.12/site-packages/airflow/example_dags/tutorial.py
[2025-12-27T14:39:47.332+0000] {logging_mixin.py:188} INFO - [2025-12-27T14:39:47.332+0000] {dag.py:3096} INFO - Sync 1 DAGs
[2025-12-27T14:39:47.396+0000] {logging_mixin.py:188} INFO - [2025-12-27T14:39:47.396+0000] {dag.py:3954} INFO - Setting next_dagrun for tutorial to 2025-12-26 00:00:00+00:00, run_after=2025-12-27 00:00:00+00:00
[2025-12-27T14:39:47.456+0000] {processor.py:183} INFO - Processing /home/airflow/.local/lib/python3.12/site-packages/airflow/example_dags/tutorial.py took 0.235 seconds
[2025-12-27T14:40:17.615+0000] {processor.py:161} INFO - Started process (PID=2542) to work on /home/airflow/.local/lib/python3.12/site-packages/airflow/example_dags/tutorial.py
[2025-12-27T14:40:17.618+0000] {processor.py:830} INFO - Processing file /home/airflow/.local/lib/python3.12/site-packages/airflow/example_dags/tutorial.py for tasks to queue
[2025-12-27T14:40:17.622+0000] {logging_mixin.py:188} INFO - [2025-12-27T14:40:17.621+0000] {dagbag.py:540} INFO - Filling up the DagBag from /home/airflow/.local/lib/python3.12/site-packages/airflow/example_dags/tutorial.py
[2025-12-27T14:40:17.643+0000] {processor.py:840} INFO - DAG(s) 'tutorial' retrieved from /home/airflow/.local/lib/python3.12/site-packages/airflow/example_dags/tutorial.py
[2025-12-27T14:40:17.701+0000] {logging_mixin.py:188} INFO - [2025-12-27T14:40:17.700+0000] {dag.py:3096} INFO - Sync 1 DAGs
[2025-12-27T14:40:17.763+0000] {logging_mixin.py:188} INFO - [2025-12-27T14:40:17.762+0000] {dag.py:3954} INFO - Setting next_dagrun for tutorial to 2025-12-26 00:00:00+00:00, run_after=2025-12-27 00:00:00+00:00
[2025-12-27T14:40:17.813+0000] {processor.py:183} INFO - Processing /home/airflow/.local/lib/python3.12/site-packages/airflow/example_dags/tutorial.py took 0.214 seconds
[2025-12-27T14:40:48.775+0000] {processor.py:161} INFO - Started process (PID=2601) to work on /home/airflow/.local/lib/python3.12/site-packages/airflow/example_dags/tutorial.py
[2025-12-27T14:40:48.779+0000] {processor.py:830} INFO - Processing file /home/airflow/.local/lib/python3.12/site-packages/airflow/example_dags/tutorial.py for tasks to queue
[2025-12-27T14:40:48.783+0000] {logging_mixin.py:188} INFO - [2025-12-27T14:40:48.782+0000] {dagbag.py:540} INFO - Filling up the DagBag from /home/airflow/.local/lib/python3.12/site-packages/airflow/example_dags/tutorial.py
[2025-12-27T14:40:48.806+0000] {processor.py:840} INFO - DAG(s) 'tutorial' retrieved from /home/airflow/.local/lib/python3.12/site-packages/airflow/example_dags/tutorial.py
[2025-12-27T14:40:48.863+0000] {logging_mixin.py:188} INFO - [2025-12-27T14:40:48.862+0000] {dag.py:3096} INFO - Sync 1 DAGs
[2025-12-27T14:40:48.941+0000] {logging_mixin.py:188} INFO - [2025-12-27T14:40:48.940+0000] {dag.py:3954} INFO - Setting next_dagrun for tutorial to 2025-12-26 00:00:00+00:00, run_after=2025-12-27 00:00:00+00:00
[2025-12-27T14:40:49.002+0000] {processor.py:183} INFO - Processing /home/airflow/.local/lib/python3.12/site-packages/airflow/example_dags/tutorial.py took 0.248 seconds
[2025-12-27T14:41:19.414+0000] {processor.py:161} INFO - Started process (PID=2659) to work on /home/airflow/.local/lib/python3.12/site-packages/airflow/example_dags/tutorial.py
[2025-12-27T14:41:19.417+0000] {processor.py:830} INFO - Processing file /home/airflow/.local/lib/python3.12/site-packages/airflow/example_dags/tutorial.py for tasks to queue
[2025-12-27T14:41:19.420+0000] {logging_mixin.py:188} INFO - [2025-12-27T14:41:19.419+0000] {dagbag.py:540} INFO - Filling up the DagBag from /home/airflow/.local/lib/python3.12/site-packages/airflow/example_dags/tutorial.py
[2025-12-27T14:41:19.438+0000] {processor.py:840} INFO - DAG(s) 'tutorial' retrieved from /home/airflow/.local/lib/python3.12/site-packages/airflow/example_dags/tutorial.py
[2025-12-27T14:41:19.498+0000] {logging_mixin.py:188} INFO - [2025-12-27T14:41:19.498+0000] {dag.py:3096} INFO - Sync 1 DAGs
[2025-12-27T14:41:19.568+0000] {logging_mixin.py:188} INFO - [2025-12-27T14:41:19.567+0000] {dag.py:3954} INFO - Setting next_dagrun for tutorial to 2025-12-26 00:00:00+00:00, run_after=2025-12-27 00:00:00+00:00
[2025-12-27T14:41:19.619+0000] {processor.py:183} INFO - Processing /home/airflow/.local/lib/python3.12/site-packages/airflow/example_dags/tutorial.py took 0.222 seconds
[2025-12-27T14:41:49.837+0000] {processor.py:161} INFO - Started process (PID=2717) to work on /home/airflow/.local/lib/python3.12/site-packages/airflow/example_dags/tutorial.py
[2025-12-27T14:41:49.840+0000] {processor.py:830} INFO - Processing file /home/airflow/.local/lib/python3.12/site-packages/airflow/example_dags/tutorial.py for tasks to queue
[2025-12-27T14:41:49.842+0000] {logging_mixin.py:188} INFO - [2025-12-27T14:41:49.841+0000] {dagbag.py:540} INFO - Filling up the DagBag from /home/airflow/.local/lib/python3.12/site-packages/airflow/example_dags/tutorial.py
[2025-12-27T14:41:49.861+0000] {processor.py:840} INFO - DAG(s) 'tutorial' retrieved from /home/airflow/.local/lib/python3.12/site-packages/airflow/example_dags/tutorial.py
[2025-12-27T14:41:49.915+0000] {logging_mixin.py:188} INFO - [2025-12-27T14:41:49.914+0000] {dag.py:3096} INFO - Sync 1 DAGs
[2025-12-27T14:41:49.976+0000] {logging_mixin.py:188} INFO - [2025-12-27T14:41:49.976+0000] {dag.py:3954} INFO - Setting next_dagrun for tutorial to 2025-12-26 00:00:00+00:00, run_after=2025-12-27 00:00:00+00:00
[2025-12-27T14:41:50.028+0000] {processor.py:183} INFO - Processing /home/airflow/.local/lib/python3.12/site-packages/airflow/example_dags/tutorial.py took 0.207 seconds
[2025-12-27T14:42:20.204+0000] {processor.py:161} INFO - Started process (PID=2775) to work on /home/airflow/.local/lib/python3.12/site-packages/airflow/example_dags/tutorial.py
[2025-12-27T14:42:20.207+0000] {processor.py:830} INFO - Processing file /home/airflow/.local/lib/python3.12/site-packages/airflow/example_dags/tutorial.py for tasks to queue
[2025-12-27T14:42:20.210+0000] {logging_mixin.py:188} INFO - [2025-12-27T14:42:20.209+0000] {dagbag.py:540} INFO - Filling up the DagBag from /home/airflow/.local/lib/python3.12/site-packages/airflow/example_dags/tutorial.py
[2025-12-27T14:42:20.232+0000] {processor.py:840} INFO - DAG(s) 'tutorial' retrieved from /home/airflow/.local/lib/python3.12/site-packages/airflow/example_dags/tutorial.py
[2025-12-27T14:42:20.283+0000] {logging_mixin.py:188} INFO - [2025-12-27T14:42:20.282+0000] {dag.py:3096} INFO - Sync 1 DAGs
[2025-12-27T14:42:20.351+0000] {logging_mixin.py:188} INFO - [2025-12-27T14:42:20.351+0000] {dag.py:3954} INFO - Setting next_dagrun for tutorial to 2025-12-26 00:00:00+00:00, run_after=2025-12-27 00:00:00+00:00
[2025-12-27T14:42:20.413+0000] {processor.py:183} INFO - Processing /home/airflow/.local/lib/python3.12/site-packages/airflow/example_dags/tutorial.py took 0.225 seconds
[2025-12-27T14:42:50.808+0000] {processor.py:161} INFO - Started process (PID=2832) to work on /home/airflow/.local/lib/python3.12/site-packages/airflow/example_dags/tutorial.py
[2025-12-27T14:42:50.815+0000] {processor.py:830} INFO - Processing file /home/airflow/.local/lib/python3.12/site-packages/airflow/example_dags/tutorial.py for tasks to queue
[2025-12-27T14:42:50.824+0000] {logging_mixin.py:188} INFO - [2025-12-27T14:42:50.823+0000] {dagbag.py:540} INFO - Filling up the DagBag from /home/airflow/.local/lib/python3.12/site-packages/airflow/example_dags/tutorial.py
[2025-12-27T14:42:50.885+0000] {processor.py:840} INFO - DAG(s) 'tutorial' retrieved from /home/airflow/.local/lib/python3.12/site-packages/airflow/example_dags/tutorial.py
[2025-12-27T14:42:50.995+0000] {logging_mixin.py:188} INFO - [2025-12-27T14:42:50.994+0000] {dag.py:3096} INFO - Sync 1 DAGs
[2025-12-27T14:42:51.183+0000] {logging_mixin.py:188} INFO - [2025-12-27T14:42:51.183+0000] {dag.py:3954} INFO - Setting next_dagrun for tutorial to 2025-12-26 00:00:00+00:00, run_after=2025-12-27 00:00:00+00:00
[2025-12-27T14:42:51.232+0000] {processor.py:183} INFO - Processing /home/airflow/.local/lib/python3.12/site-packages/airflow/example_dags/tutorial.py took 0.465 seconds
[2025-12-27T14:43:21.901+0000] {processor.py:161} INFO - Started process (PID=2890) to work on /home/airflow/.local/lib/python3.12/site-packages/airflow/example_dags/tutorial.py
[2025-12-27T14:43:21.904+0000] {processor.py:830} INFO - Processing file /home/airflow/.local/lib/python3.12/site-packages/airflow/example_dags/tutorial.py for tasks to queue
[2025-12-27T14:43:21.908+0000] {logging_mixin.py:188} INFO - [2025-12-27T14:43:21.907+0000] {dagbag.py:540} INFO - Filling up the DagBag from /home/airflow/.local/lib/python3.12/site-packages/airflow/example_dags/tutorial.py
[2025-12-27T14:43:21.939+0000] {processor.py:840} INFO - DAG(s) 'tutorial' retrieved from /home/airflow/.local/lib/python3.12/site-packages/airflow/example_dags/tutorial.py
[2025-12-27T14:43:22.008+0000] {logging_mixin.py:188} INFO - [2025-12-27T14:43:22.008+0000] {dag.py:3096} INFO - Sync 1 DAGs
[2025-12-27T14:43:22.097+0000] {logging_mixin.py:188} INFO - [2025-12-27T14:43:22.096+0000] {dag.py:3954} INFO - Setting next_dagrun for tutorial to 2025-12-26 00:00:00+00:00, run_after=2025-12-27 00:00:00+00:00
[2025-12-27T14:43:22.171+0000] {processor.py:183} INFO - Processing /home/airflow/.local/lib/python3.12/site-packages/airflow/example_dags/tutorial.py took 0.293 seconds
[2025-12-27T14:43:52.975+0000] {processor.py:161} INFO - Started process (PID=2948) to work on /home/airflow/.local/lib/python3.12/site-packages/airflow/example_dags/tutorial.py
[2025-12-27T14:43:52.978+0000] {processor.py:830} INFO - Processing file /home/airflow/.local/lib/python3.12/site-packages/airflow/example_dags/tutorial.py for tasks to queue
[2025-12-27T14:43:52.981+0000] {logging_mixin.py:188} INFO - [2025-12-27T14:43:52.980+0000] {dagbag.py:540} INFO - Filling up the DagBag from /home/airflow/.local/lib/python3.12/site-packages/airflow/example_dags/tutorial.py
[2025-12-27T14:43:53.004+0000] {processor.py:840} INFO - DAG(s) 'tutorial' retrieved from /home/airflow/.local/lib/python3.12/site-packages/airflow/example_dags/tutorial.py
[2025-12-27T14:43:53.070+0000] {logging_mixin.py:188} INFO - [2025-12-27T14:43:53.069+0000] {dag.py:3096} INFO - Sync 1 DAGs
[2025-12-27T14:43:53.149+0000] {logging_mixin.py:188} INFO - [2025-12-27T14:43:53.148+0000] {dag.py:3954} INFO - Setting next_dagrun for tutorial to 2025-12-26 00:00:00+00:00, run_after=2025-12-27 00:00:00+00:00
[2025-12-27T14:43:53.207+0000] {processor.py:183} INFO - Processing /home/airflow/.local/lib/python3.12/site-packages/airflow/example_dags/tutorial.py took 0.253 seconds
[2025-12-27T14:44:23.569+0000] {processor.py:161} INFO - Started process (PID=3007) to work on /home/airflow/.local/lib/python3.12/site-packages/airflow/example_dags/tutorial.py
[2025-12-27T14:44:23.572+0000] {processor.py:830} INFO - Processing file /home/airflow/.local/lib/python3.12/site-packages/airflow/example_dags/tutorial.py for tasks to queue
[2025-12-27T14:44:23.575+0000] {logging_mixin.py:188} INFO - [2025-12-27T14:44:23.574+0000] {dagbag.py:540} INFO - Filling up the DagBag from /home/airflow/.local/lib/python3.12/site-packages/airflow/example_dags/tutorial.py
[2025-12-27T14:44:23.597+0000] {processor.py:840} INFO - DAG(s) 'tutorial' retrieved from /home/airflow/.local/lib/python3.12/site-packages/airflow/example_dags/tutorial.py
[2025-12-27T14:44:23.656+0000] {logging_mixin.py:188} INFO - [2025-12-27T14:44:23.655+0000] {dag.py:3096} INFO - Sync 1 DAGs
[2025-12-27T14:44:23.772+0000] {logging_mixin.py:188} INFO - [2025-12-27T14:44:23.771+0000] {dag.py:3954} INFO - Setting next_dagrun for tutorial to 2025-12-26 00:00:00+00:00, run_after=2025-12-27 00:00:00+00:00
[2025-12-27T14:44:23.841+0000] {processor.py:183} INFO - Processing /home/airflow/.local/lib/python3.12/site-packages/airflow/example_dags/tutorial.py took 0.287 seconds
[2025-12-27T14:44:55.553+0000] {processor.py:161} INFO - Started process (PID=3066) to work on /home/airflow/.local/lib/python3.12/site-packages/airflow/example_dags/tutorial.py
[2025-12-27T14:44:55.559+0000] {processor.py:830} INFO - Processing file /home/airflow/.local/lib/python3.12/site-packages/airflow/example_dags/tutorial.py for tasks to queue
[2025-12-27T14:44:55.570+0000] {logging_mixin.py:188} INFO - [2025-12-27T14:44:55.568+0000] {dagbag.py:540} INFO - Filling up the DagBag from /home/airflow/.local/lib/python3.12/site-packages/airflow/example_dags/tutorial.py
[2025-12-27T14:44:55.626+0000] {processor.py:840} INFO - DAG(s) 'tutorial' retrieved from /home/airflow/.local/lib/python3.12/site-packages/airflow/example_dags/tutorial.py
[2025-12-27T14:44:55.811+0000] {logging_mixin.py:188} INFO - [2025-12-27T14:44:55.810+0000] {dag.py:3096} INFO - Sync 1 DAGs
[2025-12-27T14:44:56.000+0000] {logging_mixin.py:188} INFO - [2025-12-27T14:44:55.989+0000] {dag.py:3954} INFO - Setting next_dagrun for tutorial to 2025-12-26 00:00:00+00:00, run_after=2025-12-27 00:00:00+00:00
[2025-12-27T14:44:56.131+0000] {processor.py:183} INFO - Processing /home/airflow/.local/lib/python3.12/site-packages/airflow/example_dags/tutorial.py took 0.622 seconds
[2025-12-27T14:45:26.332+0000] {processor.py:161} INFO - Started process (PID=3125) to work on /home/airflow/.local/lib/python3.12/site-packages/airflow/example_dags/tutorial.py
[2025-12-27T14:45:26.344+0000] {processor.py:830} INFO - Processing file /home/airflow/.local/lib/python3.12/site-packages/airflow/example_dags/tutorial.py for tasks to queue
[2025-12-27T14:45:26.347+0000] {logging_mixin.py:188} INFO - [2025-12-27T14:45:26.345+0000] {dagbag.py:540} INFO - Filling up the DagBag from /home/airflow/.local/lib/python3.12/site-packages/airflow/example_dags/tutorial.py
[2025-12-27T14:45:26.371+0000] {processor.py:840} INFO - DAG(s) 'tutorial' retrieved from /home/airflow/.local/lib/python3.12/site-packages/airflow/example_dags/tutorial.py
[2025-12-27T14:45:26.469+0000] {logging_mixin.py:188} INFO - [2025-12-27T14:45:26.468+0000] {dag.py:3096} INFO - Sync 1 DAGs
[2025-12-27T14:45:26.626+0000] {logging_mixin.py:188} INFO - [2025-12-27T14:45:26.625+0000] {dag.py:3954} INFO - Setting next_dagrun for tutorial to 2025-12-26 00:00:00+00:00, run_after=2025-12-27 00:00:00+00:00
[2025-12-27T14:45:26.770+0000] {processor.py:183} INFO - Processing /home/airflow/.local/lib/python3.12/site-packages/airflow/example_dags/tutorial.py took 0.457 seconds
[2025-12-27T14:45:56.929+0000] {processor.py:161} INFO - Started process (PID=3182) to work on /home/airflow/.local/lib/python3.12/site-packages/airflow/example_dags/tutorial.py
[2025-12-27T14:45:56.932+0000] {processor.py:830} INFO - Processing file /home/airflow/.local/lib/python3.12/site-packages/airflow/example_dags/tutorial.py for tasks to queue
[2025-12-27T14:45:56.934+0000] {logging_mixin.py:188} INFO - [2025-12-27T14:45:56.933+0000] {dagbag.py:540} INFO - Filling up the DagBag from /home/airflow/.local/lib/python3.12/site-packages/airflow/example_dags/tutorial.py
[2025-12-27T14:45:56.956+0000] {processor.py:840} INFO - DAG(s) 'tutorial' retrieved from /home/airflow/.local/lib/python3.12/site-packages/airflow/example_dags/tutorial.py
[2025-12-27T14:45:57.026+0000] {logging_mixin.py:188} INFO - [2025-12-27T14:45:57.026+0000] {dag.py:3096} INFO - Sync 1 DAGs
[2025-12-27T14:45:57.095+0000] {logging_mixin.py:188} INFO - [2025-12-27T14:45:57.094+0000] {dag.py:3954} INFO - Setting next_dagrun for tutorial to 2025-12-26 00:00:00+00:00, run_after=2025-12-27 00:00:00+00:00
[2025-12-27T14:45:57.148+0000] {processor.py:183} INFO - Processing /home/airflow/.local/lib/python3.12/site-packages/airflow/example_dags/tutorial.py took 0.247 seconds
[2025-12-27T14:46:27.538+0000] {processor.py:161} INFO - Started process (PID=3240) to work on /home/airflow/.local/lib/python3.12/site-packages/airflow/example_dags/tutorial.py
[2025-12-27T14:46:27.541+0000] {processor.py:830} INFO - Processing file /home/airflow/.local/lib/python3.12/site-packages/airflow/example_dags/tutorial.py for tasks to queue
[2025-12-27T14:46:27.545+0000] {logging_mixin.py:188} INFO - [2025-12-27T14:46:27.543+0000] {dagbag.py:540} INFO - Filling up the DagBag from /home/airflow/.local/lib/python3.12/site-packages/airflow/example_dags/tutorial.py
[2025-12-27T14:46:27.578+0000] {processor.py:840} INFO - DAG(s) 'tutorial' retrieved from /home/airflow/.local/lib/python3.12/site-packages/airflow/example_dags/tutorial.py
[2025-12-27T14:46:27.678+0000] {logging_mixin.py:188} INFO - [2025-12-27T14:46:27.677+0000] {dag.py:3096} INFO - Sync 1 DAGs
[2025-12-27T14:46:27.763+0000] {logging_mixin.py:188} INFO - [2025-12-27T14:46:27.762+0000] {dag.py:3954} INFO - Setting next_dagrun for tutorial to 2025-12-26 00:00:00+00:00, run_after=2025-12-27 00:00:00+00:00
[2025-12-27T14:46:27.840+0000] {processor.py:183} INFO - Processing /home/airflow/.local/lib/python3.12/site-packages/airflow/example_dags/tutorial.py took 0.324 seconds
[2025-12-27T14:46:59.002+0000] {processor.py:161} INFO - Started process (PID=3300) to work on /home/airflow/.local/lib/python3.12/site-packages/airflow/example_dags/tutorial.py
[2025-12-27T14:46:59.007+0000] {processor.py:830} INFO - Processing file /home/airflow/.local/lib/python3.12/site-packages/airflow/example_dags/tutorial.py for tasks to queue
[2025-12-27T14:46:59.009+0000] {logging_mixin.py:188} INFO - [2025-12-27T14:46:59.008+0000] {dagbag.py:540} INFO - Filling up the DagBag from /home/airflow/.local/lib/python3.12/site-packages/airflow/example_dags/tutorial.py
[2025-12-27T14:46:59.030+0000] {processor.py:840} INFO - DAG(s) 'tutorial' retrieved from /home/airflow/.local/lib/python3.12/site-packages/airflow/example_dags/tutorial.py
[2025-12-27T14:46:59.090+0000] {logging_mixin.py:188} INFO - [2025-12-27T14:46:59.090+0000] {dag.py:3096} INFO - Sync 1 DAGs
[2025-12-27T14:46:59.152+0000] {logging_mixin.py:188} INFO - [2025-12-27T14:46:59.152+0000] {dag.py:3954} INFO - Setting next_dagrun for tutorial to 2025-12-26 00:00:00+00:00, run_after=2025-12-27 00:00:00+00:00
[2025-12-27T14:46:59.203+0000] {processor.py:183} INFO - Processing /home/airflow/.local/lib/python3.12/site-packages/airflow/example_dags/tutorial.py took 0.222 seconds
[2025-12-27T14:47:29.675+0000] {processor.py:161} INFO - Started process (PID=3358) to work on /home/airflow/.local/lib/python3.12/site-packages/airflow/example_dags/tutorial.py
[2025-12-27T14:47:29.678+0000] {processor.py:830} INFO - Processing file /home/airflow/.local/lib/python3.12/site-packages/airflow/example_dags/tutorial.py for tasks to queue
[2025-12-27T14:47:29.682+0000] {logging_mixin.py:188} INFO - [2025-12-27T14:47:29.680+0000] {dagbag.py:540} INFO - Filling up the DagBag from /home/airflow/.local/lib/python3.12/site-packages/airflow/example_dags/tutorial.py
[2025-12-27T14:47:29.702+0000] {processor.py:840} INFO - DAG(s) 'tutorial' retrieved from /home/airflow/.local/lib/python3.12/site-packages/airflow/example_dags/tutorial.py
[2025-12-27T14:47:29.766+0000] {logging_mixin.py:188} INFO - [2025-12-27T14:47:29.765+0000] {dag.py:3096} INFO - Sync 1 DAGs
[2025-12-27T14:47:29.859+0000] {logging_mixin.py:188} INFO - [2025-12-27T14:47:29.858+0000] {dag.py:3954} INFO - Setting next_dagrun for tutorial to 2025-12-26 00:00:00+00:00, run_after=2025-12-27 00:00:00+00:00
[2025-12-27T14:47:29.915+0000] {processor.py:183} INFO - Processing /home/airflow/.local/lib/python3.12/site-packages/airflow/example_dags/tutorial.py took 0.259 seconds
[2025-12-27T14:48:00.383+0000] {processor.py:161} INFO - Started process (PID=3416) to work on /home/airflow/.local/lib/python3.12/site-packages/airflow/example_dags/tutorial.py
[2025-12-27T14:48:00.386+0000] {processor.py:830} INFO - Processing file /home/airflow/.local/lib/python3.12/site-packages/airflow/example_dags/tutorial.py for tasks to queue
[2025-12-27T14:48:00.388+0000] {logging_mixin.py:188} INFO - [2025-12-27T14:48:00.388+0000] {dagbag.py:540} INFO - Filling up the DagBag from /home/airflow/.local/lib/python3.12/site-packages/airflow/example_dags/tutorial.py
[2025-12-27T14:48:00.408+0000] {processor.py:840} INFO - DAG(s) 'tutorial' retrieved from /home/airflow/.local/lib/python3.12/site-packages/airflow/example_dags/tutorial.py
[2025-12-27T14:48:00.463+0000] {logging_mixin.py:188} INFO - [2025-12-27T14:48:00.462+0000] {dag.py:3096} INFO - Sync 1 DAGs
[2025-12-27T14:48:00.525+0000] {logging_mixin.py:188} INFO - [2025-12-27T14:48:00.525+0000] {dag.py:3954} INFO - Setting next_dagrun for tutorial to 2025-12-26 00:00:00+00:00, run_after=2025-12-27 00:00:00+00:00
[2025-12-27T14:48:00.574+0000] {processor.py:183} INFO - Processing /home/airflow/.local/lib/python3.12/site-packages/airflow/example_dags/tutorial.py took 0.214 seconds
[2025-12-27T14:48:32.520+0000] {processor.py:161} INFO - Started process (PID=3475) to work on /home/airflow/.local/lib/python3.12/site-packages/airflow/example_dags/tutorial.py
[2025-12-27T14:48:32.524+0000] {processor.py:830} INFO - Processing file /home/airflow/.local/lib/python3.12/site-packages/airflow/example_dags/tutorial.py for tasks to queue
[2025-12-27T14:48:32.533+0000] {logging_mixin.py:188} INFO - [2025-12-27T14:48:32.531+0000] {dagbag.py:540} INFO - Filling up the DagBag from /home/airflow/.local/lib/python3.12/site-packages/airflow/example_dags/tutorial.py
[2025-12-27T14:48:32.569+0000] {processor.py:840} INFO - DAG(s) 'tutorial' retrieved from /home/airflow/.local/lib/python3.12/site-packages/airflow/example_dags/tutorial.py
[2025-12-27T14:48:32.675+0000] {logging_mixin.py:188} INFO - [2025-12-27T14:48:32.674+0000] {dag.py:3096} INFO - Sync 1 DAGs
[2025-12-27T14:48:32.835+0000] {logging_mixin.py:188} INFO - [2025-12-27T14:48:32.834+0000] {dag.py:3954} INFO - Setting next_dagrun for tutorial to 2025-12-26 00:00:00+00:00, run_after=2025-12-27 00:00:00+00:00
[2025-12-27T14:48:32.936+0000] {processor.py:183} INFO - Processing /home/airflow/.local/lib/python3.12/site-packages/airflow/example_dags/tutorial.py took 0.446 seconds
[2025-12-27T14:49:05.883+0000] {processor.py:161} INFO - Started process (PID=3533) to work on /home/airflow/.local/lib/python3.12/site-packages/airflow/example_dags/tutorial.py
[2025-12-27T14:49:05.887+0000] {processor.py:830} INFO - Processing file /home/airflow/.local/lib/python3.12/site-packages/airflow/example_dags/tutorial.py for tasks to queue
[2025-12-27T14:49:05.891+0000] {logging_mixin.py:188} INFO - [2025-12-27T14:49:05.890+0000] {dagbag.py:540} INFO - Filling up the DagBag from /home/airflow/.local/lib/python3.12/site-packages/airflow/example_dags/tutorial.py
[2025-12-27T14:49:05.922+0000] {processor.py:840} INFO - DAG(s) 'tutorial' retrieved from /home/airflow/.local/lib/python3.12/site-packages/airflow/example_dags/tutorial.py
[2025-12-27T14:49:06.020+0000] {logging_mixin.py:188} INFO - [2025-12-27T14:49:06.019+0000] {dag.py:3096} INFO - Sync 1 DAGs
[2025-12-27T14:49:06.153+0000] {logging_mixin.py:188} INFO - [2025-12-27T14:49:06.152+0000] {dag.py:3954} INFO - Setting next_dagrun for tutorial to 2025-12-26 00:00:00+00:00, run_after=2025-12-27 00:00:00+00:00
[2025-12-27T14:49:06.313+0000] {processor.py:183} INFO - Processing /home/airflow/.local/lib/python3.12/site-packages/airflow/example_dags/tutorial.py took 0.455 seconds
[2025-12-27T14:49:36.654+0000] {processor.py:161} INFO - Started process (PID=3591) to work on /home/airflow/.local/lib/python3.12/site-packages/airflow/example_dags/tutorial.py
[2025-12-27T14:49:36.657+0000] {processor.py:830} INFO - Processing file /home/airflow/.local/lib/python3.12/site-packages/airflow/example_dags/tutorial.py for tasks to queue
[2025-12-27T14:49:36.660+0000] {logging_mixin.py:188} INFO - [2025-12-27T14:49:36.659+0000] {dagbag.py:540} INFO - Filling up the DagBag from /home/airflow/.local/lib/python3.12/site-packages/airflow/example_dags/tutorial.py
[2025-12-27T14:49:36.684+0000] {processor.py:840} INFO - DAG(s) 'tutorial' retrieved from /home/airflow/.local/lib/python3.12/site-packages/airflow/example_dags/tutorial.py
[2025-12-27T14:49:36.738+0000] {logging_mixin.py:188} INFO - [2025-12-27T14:49:36.738+0000] {dag.py:3096} INFO - Sync 1 DAGs
[2025-12-27T14:49:36.795+0000] {logging_mixin.py:188} INFO - [2025-12-27T14:49:36.794+0000] {dag.py:3954} INFO - Setting next_dagrun for tutorial to 2025-12-26 00:00:00+00:00, run_after=2025-12-27 00:00:00+00:00
[2025-12-27T14:49:36.847+0000] {processor.py:183} INFO - Processing /home/airflow/.local/lib/python3.12/site-packages/airflow/example_dags/tutorial.py took 0.214 seconds
[2025-12-27T14:50:12.467+0000] {processor.py:161} INFO - Started process (PID=3648) to work on /home/airflow/.local/lib/python3.12/site-packages/airflow/example_dags/tutorial.py
[2025-12-27T14:50:12.474+0000] {processor.py:830} INFO - Processing file /home/airflow/.local/lib/python3.12/site-packages/airflow/example_dags/tutorial.py for tasks to queue
[2025-12-27T14:50:12.478+0000] {logging_mixin.py:188} INFO - [2025-12-27T14:50:12.477+0000] {dagbag.py:540} INFO - Filling up the DagBag from /home/airflow/.local/lib/python3.12/site-packages/airflow/example_dags/tutorial.py
[2025-12-27T14:50:12.513+0000] {processor.py:840} INFO - DAG(s) 'tutorial' retrieved from /home/airflow/.local/lib/python3.12/site-packages/airflow/example_dags/tutorial.py
[2025-12-27T14:50:12.653+0000] {logging_mixin.py:188} INFO - [2025-12-27T14:50:12.652+0000] {dag.py:3096} INFO - Sync 1 DAGs
[2025-12-27T14:50:12.835+0000] {logging_mixin.py:188} INFO - [2025-12-27T14:50:12.834+0000] {dag.py:3954} INFO - Setting next_dagrun for tutorial to 2025-12-26 00:00:00+00:00, run_after=2025-12-27 00:00:00+00:00
[2025-12-27T14:50:12.978+0000] {processor.py:183} INFO - Processing /home/airflow/.local/lib/python3.12/site-packages/airflow/example_dags/tutorial.py took 0.537 seconds
[2025-12-27T14:50:43.190+0000] {processor.py:161} INFO - Started process (PID=3704) to work on /home/airflow/.local/lib/python3.12/site-packages/airflow/example_dags/tutorial.py
[2025-12-27T14:50:43.194+0000] {processor.py:830} INFO - Processing file /home/airflow/.local/lib/python3.12/site-packages/airflow/example_dags/tutorial.py for tasks to queue
[2025-12-27T14:50:43.198+0000] {logging_mixin.py:188} INFO - [2025-12-27T14:50:43.196+0000] {dagbag.py:540} INFO - Filling up the DagBag from /home/airflow/.local/lib/python3.12/site-packages/airflow/example_dags/tutorial.py
[2025-12-27T14:50:43.235+0000] {processor.py:840} INFO - DAG(s) 'tutorial' retrieved from /home/airflow/.local/lib/python3.12/site-packages/airflow/example_dags/tutorial.py
[2025-12-27T14:50:43.343+0000] {logging_mixin.py:188} INFO - [2025-12-27T14:50:43.342+0000] {dag.py:3096} INFO - Sync 1 DAGs
[2025-12-27T14:50:43.455+0000] {logging_mixin.py:188} INFO - [2025-12-27T14:50:43.454+0000] {dag.py:3954} INFO - Setting next_dagrun for tutorial to 2025-12-26 00:00:00+00:00, run_after=2025-12-27 00:00:00+00:00
[2025-12-27T14:50:43.542+0000] {processor.py:183} INFO - Processing /home/airflow/.local/lib/python3.12/site-packages/airflow/example_dags/tutorial.py took 0.385 seconds
[2025-12-27T14:51:20.454+0000] {processor.py:161} INFO - Started process (PID=3760) to work on /home/airflow/.local/lib/python3.12/site-packages/airflow/example_dags/tutorial.py
[2025-12-27T14:51:20.788+0000] {processor.py:830} INFO - Processing file /home/airflow/.local/lib/python3.12/site-packages/airflow/example_dags/tutorial.py for tasks to queue
[2025-12-27T14:51:20.794+0000] {logging_mixin.py:188} INFO - [2025-12-27T14:51:20.792+0000] {dagbag.py:540} INFO - Filling up the DagBag from /home/airflow/.local/lib/python3.12/site-packages/airflow/example_dags/tutorial.py
[2025-12-27T14:51:20.941+0000] {processor.py:840} INFO - DAG(s) 'tutorial' retrieved from /home/airflow/.local/lib/python3.12/site-packages/airflow/example_dags/tutorial.py
[2025-12-27T14:51:21.113+0000] {logging_mixin.py:188} INFO - [2025-12-27T14:51:21.112+0000] {dag.py:3096} INFO - Sync 1 DAGs
[2025-12-27T14:51:21.276+0000] {logging_mixin.py:188} INFO - [2025-12-27T14:51:21.276+0000] {dag.py:3954} INFO - Setting next_dagrun for tutorial to 2025-12-26 00:00:00+00:00, run_after=2025-12-27 00:00:00+00:00
[2025-12-27T14:51:21.395+0000] {processor.py:183} INFO - Processing /home/airflow/.local/lib/python3.12/site-packages/airflow/example_dags/tutorial.py took 0.998 seconds
[2025-12-27T14:53:24.026+0000] {processor.py:161} INFO - Started process (PID=3828) to work on /home/airflow/.local/lib/python3.12/site-packages/airflow/example_dags/tutorial.py
[2025-12-27T14:53:24.083+0000] {processor.py:830} INFO - Processing file /home/airflow/.local/lib/python3.12/site-packages/airflow/example_dags/tutorial.py for tasks to queue
[2025-12-27T14:53:24.102+0000] {logging_mixin.py:188} INFO - [2025-12-27T14:53:24.099+0000] {dagbag.py:540} INFO - Filling up the DagBag from /home/airflow/.local/lib/python3.12/site-packages/airflow/example_dags/tutorial.py
[2025-12-27T14:53:24.372+0000] {processor.py:840} INFO - DAG(s) 'tutorial' retrieved from /home/airflow/.local/lib/python3.12/site-packages/airflow/example_dags/tutorial.py
[2025-12-27T14:53:26.898+0000] {logging_mixin.py:188} INFO - [2025-12-27T14:53:26.652+0000] {dag.py:3096} INFO - Sync 1 DAGs
[2025-12-27T14:53:30.872+0000] {logging_mixin.py:188} INFO - [2025-12-27T14:53:30.861+0000] {dag.py:3954} INFO - Setting next_dagrun for tutorial to 2025-12-26 00:00:00+00:00, run_after=2025-12-27 00:00:00+00:00
[2025-12-27T14:53:31.660+0000] {processor.py:183} INFO - Processing /home/airflow/.local/lib/python3.12/site-packages/airflow/example_dags/tutorial.py took 7.849 seconds
[2025-12-27T14:56:18.578+0000] {processor.py:161} INFO - Started process (PID=3893) to work on /home/airflow/.local/lib/python3.12/site-packages/airflow/example_dags/tutorial.py
[2025-12-27T14:56:18.752+0000] {processor.py:830} INFO - Processing file /home/airflow/.local/lib/python3.12/site-packages/airflow/example_dags/tutorial.py for tasks to queue
[2025-12-27T14:56:18.835+0000] {logging_mixin.py:188} INFO - [2025-12-27T14:56:18.776+0000] {dagbag.py:540} INFO - Filling up the DagBag from /home/airflow/.local/lib/python3.12/site-packages/airflow/example_dags/tutorial.py
[2025-12-27T14:56:20.069+0000] {processor.py:840} INFO - DAG(s) 'tutorial' retrieved from /home/airflow/.local/lib/python3.12/site-packages/airflow/example_dags/tutorial.py
[2025-12-27T14:56:20.928+0000] {logging_mixin.py:188} INFO - [2025-12-27T14:56:20.928+0000] {dag.py:3096} INFO - Sync 1 DAGs
[2025-12-27T14:56:22.373+0000] {logging_mixin.py:188} INFO - [2025-12-27T14:56:22.355+0000] {dag.py:3954} INFO - Setting next_dagrun for tutorial to 2025-12-26 00:00:00+00:00, run_after=2025-12-27 00:00:00+00:00
[2025-12-27T14:56:23.782+0000] {processor.py:183} INFO - Processing /home/airflow/.local/lib/python3.12/site-packages/airflow/example_dags/tutorial.py took 5.912 seconds
