[2025-12-28T20:15:37.627+0000] {local_task_job_runner.py:120} INFO - ::group::Pre task execution logs
[2025-12-28T20:15:37.684+0000] {taskinstance.py:2073} INFO - Dependencies all met for dep_context=non-requeueable deps ti=<TaskInstance: fetch_and_upsert_weather.load_weather_data_to_postgres scheduled__2025-12-28T20:00:00+00:00 [queued]>
[2025-12-28T20:15:37.707+0000] {taskinstance.py:2073} INFO - Dependencies all met for dep_context=requeueable deps ti=<TaskInstance: fetch_and_upsert_weather.load_weather_data_to_postgres scheduled__2025-12-28T20:00:00+00:00 [queued]>
[2025-12-28T20:15:37.710+0000] {taskinstance.py:2303} INFO - Starting attempt 1 of 2
[2025-12-28T20:15:37.764+0000] {taskinstance.py:2327} INFO - Executing <Task(PythonOperator): load_weather_data_to_postgres> on 2025-12-28 20:00:00+00:00
[2025-12-28T20:15:37.783+0000] {warnings.py:110} WARNING - /home/***/.local/lib/python3.12/site-packages/***/task/task_runner/standard_task_runner.py:61: DeprecationWarning: This process (pid=2804) is multi-threaded, use of fork() may lead to deadlocks in the child.
  pid = os.fork()

[2025-12-28T20:15:37.789+0000] {standard_task_runner.py:63} INFO - Started process 2806 to run task
[2025-12-28T20:15:37.791+0000] {standard_task_runner.py:90} INFO - Running: ['***', 'tasks', 'run', 'fetch_and_upsert_weather', 'load_weather_data_to_postgres', 'scheduled__2025-12-28T20:00:00+00:00', '--job-id', '123', '--raw', '--subdir', 'DAGS_FOLDER/etl.py', '--cfg-path', '/tmp/tmp7_89yxs3']
[2025-12-28T20:15:37.799+0000] {standard_task_runner.py:91} INFO - Job 123: Subtask load_weather_data_to_postgres
[2025-12-28T20:15:37.968+0000] {task_command.py:426} INFO - Running <TaskInstance: fetch_and_upsert_weather.load_weather_data_to_postgres scheduled__2025-12-28T20:00:00+00:00 [running]> on host 0ce276c6d749
[2025-12-28T20:15:38.237+0000] {taskinstance.py:2644} INFO - Exporting env vars: AIRFLOW_CTX_DAG_OWNER='***' AIRFLOW_CTX_DAG_ID='fetch_and_upsert_weather' AIRFLOW_CTX_TASK_ID='load_weather_data_to_postgres' AIRFLOW_CTX_EXECUTION_DATE='2025-12-28T20:00:00+00:00' AIRFLOW_CTX_TRY_NUMBER='1' AIRFLOW_CTX_DAG_RUN_ID='scheduled__2025-12-28T20:00:00+00:00'
[2025-12-28T20:15:38.245+0000] {taskinstance.py:430} INFO - ::endgroup::
[2025-12-28T20:15:38.279+0000] {logging_mixin.py:188} INFO - No transformed records to load.
[2025-12-28T20:15:38.280+0000] {python.py:237} INFO - Done. Returned value was: None
[2025-12-28T20:15:38.281+0000] {taskinstance.py:441} INFO - ::group::Post task execution logs
[2025-12-28T20:15:38.310+0000] {taskinstance.py:1205} INFO - Marking task as SUCCESS. dag_id=fetch_and_upsert_weather, task_id=load_weather_data_to_postgres, execution_date=20251228T200000, start_date=20251228T201537, end_date=20251228T201538
[2025-12-28T20:15:38.411+0000] {local_task_job_runner.py:240} INFO - Task exited with return code 0
[2025-12-28T20:15:38.472+0000] {taskinstance.py:3482} INFO - 0 downstream tasks scheduled from follow-on schedule check
[2025-12-28T20:15:38.481+0000] {local_task_job_runner.py:222} INFO - ::endgroup::
