[2025-12-28T19:00:42.961+0000] {local_task_job_runner.py:120} INFO - ::group::Pre task execution logs
[2025-12-28T19:00:43.026+0000] {taskinstance.py:2073} INFO - Dependencies all met for dep_context=non-requeueable deps ti=<TaskInstance: fetch_and_upsert_weather.transform_weather_data scheduled__2025-12-28T18:45:00+00:00 [queued]>
[2025-12-28T19:00:43.049+0000] {taskinstance.py:2073} INFO - Dependencies all met for dep_context=requeueable deps ti=<TaskInstance: fetch_and_upsert_weather.transform_weather_data scheduled__2025-12-28T18:45:00+00:00 [queued]>
[2025-12-28T19:00:43.052+0000] {taskinstance.py:2303} INFO - Starting attempt 1 of 2
[2025-12-28T19:00:43.217+0000] {taskinstance.py:2327} INFO - Executing <Task(PythonOperator): transform_weather_data> on 2025-12-28 18:45:00+00:00
[2025-12-28T19:00:43.244+0000] {warnings.py:110} WARNING - /home/***/.local/lib/python3.12/site-packages/***/task/task_runner/standard_task_runner.py:61: DeprecationWarning: This process (pid=1907) is multi-threaded, use of fork() may lead to deadlocks in the child.
  pid = os.fork()

[2025-12-28T19:00:43.252+0000] {standard_task_runner.py:63} INFO - Started process 1909 to run task
[2025-12-28T19:00:43.250+0000] {standard_task_runner.py:90} INFO - Running: ['***', 'tasks', 'run', 'fetch_and_upsert_weather', 'transform_weather_data', 'scheduled__2025-12-28T18:45:00+00:00', '--job-id', '102', '--raw', '--subdir', 'DAGS_FOLDER/etl.py', '--cfg-path', '/tmp/tmps88k02_l']
[2025-12-28T19:00:43.260+0000] {standard_task_runner.py:91} INFO - Job 102: Subtask transform_weather_data
[2025-12-28T19:00:43.424+0000] {task_command.py:426} INFO - Running <TaskInstance: fetch_and_upsert_weather.transform_weather_data scheduled__2025-12-28T18:45:00+00:00 [running]> on host 0ce276c6d749
[2025-12-28T19:00:43.682+0000] {taskinstance.py:2644} INFO - Exporting env vars: AIRFLOW_CTX_DAG_OWNER='***' AIRFLOW_CTX_DAG_ID='fetch_and_upsert_weather' AIRFLOW_CTX_TASK_ID='transform_weather_data' AIRFLOW_CTX_EXECUTION_DATE='2025-12-28T18:45:00+00:00' AIRFLOW_CTX_TRY_NUMBER='1' AIRFLOW_CTX_DAG_RUN_ID='scheduled__2025-12-28T18:45:00+00:00'
[2025-12-28T19:00:43.691+0000] {taskinstance.py:430} INFO - ::endgroup::
[2025-12-28T19:00:43.725+0000] {logging_mixin.py:188} INFO - No raw data to transform
[2025-12-28T19:00:43.727+0000] {python.py:237} INFO - Done. Returned value was: None
[2025-12-28T19:00:43.728+0000] {taskinstance.py:441} INFO - ::group::Post task execution logs
[2025-12-28T19:00:43.754+0000] {taskinstance.py:1205} INFO - Marking task as SUCCESS. dag_id=fetch_and_upsert_weather, task_id=transform_weather_data, execution_date=20251228T184500, start_date=20251228T190043, end_date=20251228T190043
[2025-12-28T19:00:43.834+0000] {local_task_job_runner.py:240} INFO - Task exited with return code 0
[2025-12-28T19:00:43.892+0000] {taskinstance.py:3482} INFO - 1 downstream tasks scheduled from follow-on schedule check
[2025-12-28T19:00:43.900+0000] {local_task_job_runner.py:222} INFO - ::endgroup::
