[2025-12-28T21:30:28.987+0000] {local_task_job_runner.py:120} INFO - ::group::Pre task execution logs
[2025-12-28T21:30:29.047+0000] {taskinstance.py:2073} INFO - Dependencies all met for dep_context=non-requeueable deps ti=<TaskInstance: fetch_and_upsert_weather.transform_weather_data scheduled__2025-12-28T21:15:00+00:00 [queued]>
[2025-12-28T21:30:29.067+0000] {taskinstance.py:2073} INFO - Dependencies all met for dep_context=requeueable deps ti=<TaskInstance: fetch_and_upsert_weather.transform_weather_data scheduled__2025-12-28T21:15:00+00:00 [queued]>
[2025-12-28T21:30:29.070+0000] {taskinstance.py:2303} INFO - Starting attempt 1 of 2
[2025-12-28T21:30:29.114+0000] {taskinstance.py:2327} INFO - Executing <Task(PythonOperator): transform_weather_data> on 2025-12-28 21:15:00+00:00
[2025-12-28T21:30:29.138+0000] {warnings.py:110} WARNING - /home/***/.local/lib/python3.12/site-packages/***/task/task_runner/standard_task_runner.py:61: DeprecationWarning: This process (pid=3698) is multi-threaded, use of fork() may lead to deadlocks in the child.
  pid = os.fork()

[2025-12-28T21:30:29.145+0000] {standard_task_runner.py:63} INFO - Started process 3700 to run task
[2025-12-28T21:30:29.146+0000] {standard_task_runner.py:90} INFO - Running: ['***', 'tasks', 'run', 'fetch_and_upsert_weather', 'transform_weather_data', 'scheduled__2025-12-28T21:15:00+00:00', '--job-id', '142', '--raw', '--subdir', 'DAGS_FOLDER/etl.py', '--cfg-path', '/tmp/tmp95dqvm43']
[2025-12-28T21:30:29.155+0000] {standard_task_runner.py:91} INFO - Job 142: Subtask transform_weather_data
[2025-12-28T21:30:29.373+0000] {task_command.py:426} INFO - Running <TaskInstance: fetch_and_upsert_weather.transform_weather_data scheduled__2025-12-28T21:15:00+00:00 [running]> on host 0ce276c6d749
[2025-12-28T21:30:29.620+0000] {taskinstance.py:2644} INFO - Exporting env vars: AIRFLOW_CTX_DAG_OWNER='***' AIRFLOW_CTX_DAG_ID='fetch_and_upsert_weather' AIRFLOW_CTX_TASK_ID='transform_weather_data' AIRFLOW_CTX_EXECUTION_DATE='2025-12-28T21:15:00+00:00' AIRFLOW_CTX_TRY_NUMBER='1' AIRFLOW_CTX_DAG_RUN_ID='scheduled__2025-12-28T21:15:00+00:00'
[2025-12-28T21:30:29.626+0000] {taskinstance.py:430} INFO - ::endgroup::
[2025-12-28T21:30:29.652+0000] {logging_mixin.py:188} INFO - No raw data to transform
[2025-12-28T21:30:29.653+0000] {python.py:237} INFO - Done. Returned value was: None
[2025-12-28T21:30:29.655+0000] {taskinstance.py:441} INFO - ::group::Post task execution logs
[2025-12-28T21:30:29.679+0000] {taskinstance.py:1205} INFO - Marking task as SUCCESS. dag_id=fetch_and_upsert_weather, task_id=transform_weather_data, execution_date=20251228T211500, start_date=20251228T213029, end_date=20251228T213029
[2025-12-28T21:30:29.726+0000] {local_task_job_runner.py:240} INFO - Task exited with return code 0
[2025-12-28T21:30:29.774+0000] {taskinstance.py:3482} INFO - 1 downstream tasks scheduled from follow-on schedule check
[2025-12-28T21:30:29.784+0000] {local_task_job_runner.py:222} INFO - ::endgroup::
