[2025-12-28T17:20:02.408+0000] {local_task_job_runner.py:120} INFO - ::group::Pre task execution logs
[2025-12-28T17:20:02.473+0000] {taskinstance.py:2073} INFO - Dependencies all met for dep_context=non-requeueable deps ti=<TaskInstance: fetch_and_upsert_weather.load_weather_data_to_postgres scheduled__2025-12-28T17:00:00+00:00 [queued]>
[2025-12-28T17:20:02.494+0000] {taskinstance.py:2073} INFO - Dependencies all met for dep_context=requeueable deps ti=<TaskInstance: fetch_and_upsert_weather.load_weather_data_to_postgres scheduled__2025-12-28T17:00:00+00:00 [queued]>
[2025-12-28T17:20:02.496+0000] {taskinstance.py:2303} INFO - Starting attempt 1 of 2
[2025-12-28T17:20:02.534+0000] {taskinstance.py:2327} INFO - Executing <Task(PythonOperator): load_weather_data_to_postgres> on 2025-12-28 17:00:00+00:00
[2025-12-28T17:20:02.556+0000] {warnings.py:110} WARNING - /home/***/.local/lib/python3.12/site-packages/***/task/task_runner/standard_task_runner.py:61: DeprecationWarning: This process (pid=738) is multi-threaded, use of fork() may lead to deadlocks in the child.
  pid = os.fork()

[2025-12-28T17:20:02.561+0000] {standard_task_runner.py:63} INFO - Started process 740 to run task
[2025-12-28T17:20:02.561+0000] {standard_task_runner.py:90} INFO - Running: ['***', 'tasks', 'run', 'fetch_and_upsert_weather', 'load_weather_data_to_postgres', 'scheduled__2025-12-28T17:00:00+00:00', '--job-id', '81', '--raw', '--subdir', 'DAGS_FOLDER/etl.py', '--cfg-path', '/tmp/tmp2_j6ubbq']
[2025-12-28T17:20:02.568+0000] {standard_task_runner.py:91} INFO - Job 81: Subtask load_weather_data_to_postgres
[2025-12-28T17:20:02.741+0000] {task_command.py:426} INFO - Running <TaskInstance: fetch_and_upsert_weather.load_weather_data_to_postgres scheduled__2025-12-28T17:00:00+00:00 [running]> on host 0ce276c6d749
[2025-12-28T17:20:03.020+0000] {taskinstance.py:2644} INFO - Exporting env vars: AIRFLOW_CTX_DAG_OWNER='***' AIRFLOW_CTX_DAG_ID='fetch_and_upsert_weather' AIRFLOW_CTX_TASK_ID='load_weather_data_to_postgres' AIRFLOW_CTX_EXECUTION_DATE='2025-12-28T17:00:00+00:00' AIRFLOW_CTX_TRY_NUMBER='1' AIRFLOW_CTX_DAG_RUN_ID='scheduled__2025-12-28T17:00:00+00:00'
[2025-12-28T17:20:03.028+0000] {taskinstance.py:430} INFO - ::endgroup::
[2025-12-28T17:20:03.085+0000] {taskinstance.py:441} INFO - ::group::Post task execution logs
[2025-12-28T17:20:03.089+0000] {taskinstance.py:2890} ERROR - Task failed with exception
Traceback (most recent call last):
  File "/home/airflow/.local/lib/python3.12/site-packages/airflow/models/taskinstance.py", line 465, in _execute_task
    result = _execute_callable(context=context, **execute_callable_kwargs)
             ^^^^^^^^^^^^^^^^^^^^^^^^^^^^^^^^^^^^^^^^^^^^^^^^^^^^^^^^^^^^^
  File "/home/airflow/.local/lib/python3.12/site-packages/airflow/models/taskinstance.py", line 432, in _execute_callable
    return execute_callable(context=context, **execute_callable_kwargs)
           ^^^^^^^^^^^^^^^^^^^^^^^^^^^^^^^^^^^^^^^^^^^^^^^^^^^^^^^^^^^^
  File "/home/airflow/.local/lib/python3.12/site-packages/airflow/models/baseoperator.py", line 400, in wrapper
    return func(self, *args, **kwargs)
           ^^^^^^^^^^^^^^^^^^^^^^^^^^^
  File "/home/airflow/.local/lib/python3.12/site-packages/airflow/operators/python.py", line 235, in execute
    return_value = self.execute_callable()
                   ^^^^^^^^^^^^^^^^^^^^^^^
  File "/home/airflow/.local/lib/python3.12/site-packages/airflow/operators/python.py", line 252, in execute_callable
    return self.python_callable(*self.op_args, **self.op_kwargs)
           ^^^^^^^^^^^^^^^^^^^^^^^^^^^^^^^^^^^^^^^^^^^^^^^^^^^^^
  File "/opt/airflow/dags/etl.py", line 42, in load_task
    load_weather_data(transformed)
TypeError: load_weather_data() takes 0 positional arguments but 1 was given
[2025-12-28T17:20:03.146+0000] {taskinstance.py:1205} INFO - Marking task as UP_FOR_RETRY. dag_id=fetch_and_upsert_weather, task_id=load_weather_data_to_postgres, execution_date=20251228T170000, start_date=20251228T172002, end_date=20251228T172003
[2025-12-28T17:20:03.194+0000] {standard_task_runner.py:110} ERROR - Failed to execute job 81 for task load_weather_data_to_postgres (load_weather_data() takes 0 positional arguments but 1 was given; 740)
[2025-12-28T17:20:03.269+0000] {local_task_job_runner.py:240} INFO - Task exited with return code 1
[2025-12-28T17:20:03.418+0000] {taskinstance.py:3482} INFO - 0 downstream tasks scheduled from follow-on schedule check
[2025-12-28T17:20:03.441+0000] {local_task_job_runner.py:222} INFO - ::endgroup::
