[2025-12-28T21:00:11.691+0000] {local_task_job_runner.py:120} INFO - ::group::Pre task execution logs
[2025-12-28T21:00:11.773+0000] {taskinstance.py:2073} INFO - Dependencies all met for dep_context=non-requeueable deps ti=<TaskInstance: fetch_and_upsert_weather.fetch_weather_data_task scheduled__2025-12-28T20:45:00+00:00 [queued]>
[2025-12-28T21:00:11.795+0000] {taskinstance.py:2073} INFO - Dependencies all met for dep_context=requeueable deps ti=<TaskInstance: fetch_and_upsert_weather.fetch_weather_data_task scheduled__2025-12-28T20:45:00+00:00 [queued]>
[2025-12-28T21:00:11.797+0000] {taskinstance.py:2303} INFO - Starting attempt 1 of 2
[2025-12-28T21:00:11.838+0000] {taskinstance.py:2327} INFO - Executing <Task(PythonOperator): fetch_weather_data_task> on 2025-12-28 20:45:00+00:00
[2025-12-28T21:00:11.871+0000] {warnings.py:110} WARNING - /home/***/.local/lib/python3.12/site-packages/***/task/task_runner/standard_task_runner.py:61: DeprecationWarning: This process (pid=3330) is multi-threaded, use of fork() may lead to deadlocks in the child.
  pid = os.fork()

[2025-12-28T21:00:11.885+0000] {standard_task_runner.py:63} INFO - Started process 3332 to run task
[2025-12-28T21:00:11.882+0000] {standard_task_runner.py:90} INFO - Running: ['***', 'tasks', 'run', 'fetch_and_upsert_weather', 'fetch_weather_data_task', 'scheduled__2025-12-28T20:45:00+00:00', '--job-id', '132', '--raw', '--subdir', 'DAGS_FOLDER/etl.py', '--cfg-path', '/tmp/tmpejvg_02j']
[2025-12-28T21:00:11.891+0000] {standard_task_runner.py:91} INFO - Job 132: Subtask fetch_weather_data_task
[2025-12-28T21:00:12.162+0000] {task_command.py:426} INFO - Running <TaskInstance: fetch_and_upsert_weather.fetch_weather_data_task scheduled__2025-12-28T20:45:00+00:00 [running]> on host 0ce276c6d749
[2025-12-28T21:00:12.714+0000] {taskinstance.py:2644} INFO - Exporting env vars: AIRFLOW_CTX_DAG_OWNER='***' AIRFLOW_CTX_DAG_ID='fetch_and_upsert_weather' AIRFLOW_CTX_TASK_ID='fetch_weather_data_task' AIRFLOW_CTX_EXECUTION_DATE='2025-12-28T20:45:00+00:00' AIRFLOW_CTX_TRY_NUMBER='1' AIRFLOW_CTX_DAG_RUN_ID='scheduled__2025-12-28T20:45:00+00:00'
[2025-12-28T21:00:12.721+0000] {taskinstance.py:430} INFO - ::endgroup::
[2025-12-28T21:00:14.209+0000] {logging_mixin.py:188} INFO - Error fetching weather data: 401
[2025-12-28T21:00:15.173+0000] {logging_mixin.py:188} INFO - Error fetching weather data: 401
[2025-12-28T21:00:16.054+0000] {logging_mixin.py:188} INFO - Error fetching weather data: 401
[2025-12-28T21:00:16.799+0000] {logging_mixin.py:188} INFO - Error fetching weather data: 401
[2025-12-28T21:00:16.804+0000] {python.py:237} INFO - Done. Returned value was: []
[2025-12-28T21:00:16.806+0000] {taskinstance.py:441} INFO - ::group::Post task execution logs
[2025-12-28T21:00:16.881+0000] {taskinstance.py:1205} INFO - Marking task as SUCCESS. dag_id=fetch_and_upsert_weather, task_id=fetch_weather_data_task, execution_date=20251228T204500, start_date=20251228T210011, end_date=20251228T210016
[2025-12-28T21:00:16.998+0000] {local_task_job_runner.py:240} INFO - Task exited with return code 0
[2025-12-28T21:00:17.071+0000] {taskinstance.py:3482} INFO - 1 downstream tasks scheduled from follow-on schedule check
[2025-12-28T21:00:17.079+0000] {local_task_job_runner.py:222} INFO - ::endgroup::
