[2025-12-28T17:04:31.447+0000] {local_task_job_runner.py:120} INFO - ::group::Pre task execution logs
[2025-12-28T17:04:31.525+0000] {taskinstance.py:2073} INFO - Dependencies all met for dep_context=non-requeueable deps ti=<TaskInstance: fetch_and_upsert_weather.upsert_weather_data scheduled__2025-12-28T15:30:00+00:00 [queued]>
[2025-12-28T17:04:31.545+0000] {taskinstance.py:2073} INFO - Dependencies all met for dep_context=requeueable deps ti=<TaskInstance: fetch_and_upsert_weather.upsert_weather_data scheduled__2025-12-28T15:30:00+00:00 [queued]>
[2025-12-28T17:04:31.547+0000] {taskinstance.py:2303} INFO - Starting attempt 5 of 6
[2025-12-28T17:04:31.585+0000] {taskinstance.py:2327} INFO - Executing <Task(PythonOperator): upsert_weather_data> on 2025-12-28 15:30:00+00:00
[2025-12-28T17:04:31.607+0000] {warnings.py:110} WARNING - /home/***/.local/lib/python3.12/site-packages/***/task/task_runner/standard_task_runner.py:61: DeprecationWarning: This process (pid=550) is multi-threaded, use of fork() may lead to deadlocks in the child.
  pid = os.fork()

[2025-12-28T17:04:31.611+0000] {standard_task_runner.py:63} INFO - Started process 552 to run task
[2025-12-28T17:04:31.611+0000] {standard_task_runner.py:90} INFO - Running: ['***', 'tasks', 'run', 'fetch_and_upsert_weather', 'upsert_weather_data', 'scheduled__2025-12-28T15:30:00+00:00', '--job-id', '70', '--raw', '--subdir', 'DAGS_FOLDER/etl.py', '--cfg-path', '/tmp/tmpsl4n452m']
[2025-12-28T17:04:31.618+0000] {standard_task_runner.py:91} INFO - Job 70: Subtask upsert_weather_data
[2025-12-28T17:04:31.796+0000] {task_command.py:426} INFO - Running <TaskInstance: fetch_and_upsert_weather.upsert_weather_data scheduled__2025-12-28T15:30:00+00:00 [running]> on host 0ce276c6d749
[2025-12-28T17:04:32.154+0000] {taskinstance.py:2644} INFO - Exporting env vars: AIRFLOW_CTX_DAG_OWNER='***' AIRFLOW_CTX_DAG_ID='fetch_and_upsert_weather' AIRFLOW_CTX_TASK_ID='upsert_weather_data' AIRFLOW_CTX_EXECUTION_DATE='2025-12-28T15:30:00+00:00' AIRFLOW_CTX_TRY_NUMBER='5' AIRFLOW_CTX_DAG_RUN_ID='scheduled__2025-12-28T15:30:00+00:00'
[2025-12-28T17:04:32.159+0000] {taskinstance.py:430} INFO - ::endgroup::
[2025-12-28T17:04:32.187+0000] {logging_mixin.py:188} INFO - No weather data to upsert.
[2025-12-28T17:04:32.188+0000] {python.py:237} INFO - Done. Returned value was: None
[2025-12-28T17:04:32.189+0000] {taskinstance.py:441} INFO - ::group::Post task execution logs
[2025-12-28T17:04:32.211+0000] {taskinstance.py:1205} INFO - Marking task as SUCCESS. dag_id=fetch_and_upsert_weather, task_id=upsert_weather_data, execution_date=20251228T153000, start_date=20251228T170431, end_date=20251228T170432
[2025-12-28T17:04:32.276+0000] {local_task_job_runner.py:240} INFO - Task exited with return code 0
[2025-12-28T17:04:32.341+0000] {taskinstance.py:3482} INFO - 1 downstream tasks scheduled from follow-on schedule check
[2025-12-28T17:04:32.349+0000] {local_task_job_runner.py:222} INFO - ::endgroup::
