[2025-12-28T21:15:19.453+0000] {local_task_job_runner.py:120} INFO - ::group::Pre task execution logs
[2025-12-28T21:15:19.530+0000] {taskinstance.py:2073} INFO - Dependencies all met for dep_context=non-requeueable deps ti=<TaskInstance: fetch_and_upsert_weather.fetch_weather_data_task scheduled__2025-12-28T21:00:00+00:00 [queued]>
[2025-12-28T21:15:19.559+0000] {taskinstance.py:2073} INFO - Dependencies all met for dep_context=requeueable deps ti=<TaskInstance: fetch_and_upsert_weather.fetch_weather_data_task scheduled__2025-12-28T21:00:00+00:00 [queued]>
[2025-12-28T21:15:19.561+0000] {taskinstance.py:2303} INFO - Starting attempt 1 of 2
[2025-12-28T21:15:19.614+0000] {taskinstance.py:2327} INFO - Executing <Task(PythonOperator): fetch_weather_data_task> on 2025-12-28 21:00:00+00:00
[2025-12-28T21:15:19.659+0000] {warnings.py:110} WARNING - /home/***/.local/lib/python3.12/site-packages/***/task/task_runner/standard_task_runner.py:61: DeprecationWarning: This process (pid=3509) is multi-threaded, use of fork() may lead to deadlocks in the child.
  pid = os.fork()

[2025-12-28T21:15:19.669+0000] {standard_task_runner.py:63} INFO - Started process 3511 to run task
[2025-12-28T21:15:19.671+0000] {standard_task_runner.py:90} INFO - Running: ['***', 'tasks', 'run', 'fetch_and_upsert_weather', 'fetch_weather_data_task', 'scheduled__2025-12-28T21:00:00+00:00', '--job-id', '136', '--raw', '--subdir', 'DAGS_FOLDER/etl.py', '--cfg-path', '/tmp/tmp87byb2cm']
[2025-12-28T21:15:19.682+0000] {standard_task_runner.py:91} INFO - Job 136: Subtask fetch_weather_data_task
[2025-12-28T21:15:19.896+0000] {task_command.py:426} INFO - Running <TaskInstance: fetch_and_upsert_weather.fetch_weather_data_task scheduled__2025-12-28T21:00:00+00:00 [running]> on host 0ce276c6d749
[2025-12-28T21:15:20.197+0000] {taskinstance.py:2644} INFO - Exporting env vars: AIRFLOW_CTX_DAG_OWNER='***' AIRFLOW_CTX_DAG_ID='fetch_and_upsert_weather' AIRFLOW_CTX_TASK_ID='fetch_weather_data_task' AIRFLOW_CTX_EXECUTION_DATE='2025-12-28T21:00:00+00:00' AIRFLOW_CTX_TRY_NUMBER='1' AIRFLOW_CTX_DAG_RUN_ID='scheduled__2025-12-28T21:00:00+00:00'
[2025-12-28T21:15:20.207+0000] {taskinstance.py:430} INFO - ::endgroup::
[2025-12-28T21:15:21.253+0000] {logging_mixin.py:188} INFO - Error fetching weather data: 401
[2025-12-28T21:15:22.037+0000] {logging_mixin.py:188} INFO - Error fetching weather data: 401
[2025-12-28T21:15:22.842+0000] {logging_mixin.py:188} INFO - Error fetching weather data: 401
[2025-12-28T21:15:23.651+0000] {logging_mixin.py:188} INFO - Error fetching weather data: 401
[2025-12-28T21:15:23.655+0000] {python.py:237} INFO - Done. Returned value was: []
[2025-12-28T21:15:23.656+0000] {taskinstance.py:441} INFO - ::group::Post task execution logs
[2025-12-28T21:15:23.723+0000] {taskinstance.py:1205} INFO - Marking task as SUCCESS. dag_id=fetch_and_upsert_weather, task_id=fetch_weather_data_task, execution_date=20251228T210000, start_date=20251228T211519, end_date=20251228T211523
[2025-12-28T21:15:23.793+0000] {local_task_job_runner.py:240} INFO - Task exited with return code 0
[2025-12-28T21:15:23.857+0000] {taskinstance.py:3482} INFO - 1 downstream tasks scheduled from follow-on schedule check
[2025-12-28T21:15:23.865+0000] {local_task_job_runner.py:222} INFO - ::endgroup::
