[2025-12-28T19:00:11.819+0000] {local_task_job_runner.py:120} INFO - ::group::Pre task execution logs
[2025-12-28T19:00:11.881+0000] {taskinstance.py:2073} INFO - Dependencies all met for dep_context=non-requeueable deps ti=<TaskInstance: fetch_and_upsert_weather.fetch_weather_data_task scheduled__2025-12-28T18:45:00+00:00 [queued]>
[2025-12-28T19:00:11.899+0000] {taskinstance.py:2073} INFO - Dependencies all met for dep_context=requeueable deps ti=<TaskInstance: fetch_and_upsert_weather.fetch_weather_data_task scheduled__2025-12-28T18:45:00+00:00 [queued]>
[2025-12-28T19:00:11.902+0000] {taskinstance.py:2303} INFO - Starting attempt 1 of 2
[2025-12-28T19:00:11.938+0000] {taskinstance.py:2327} INFO - Executing <Task(PythonOperator): fetch_weather_data_task> on 2025-12-28 18:45:00+00:00
[2025-12-28T19:00:11.966+0000] {warnings.py:110} WARNING - /home/***/.local/lib/python3.12/site-packages/***/task/task_runner/standard_task_runner.py:61: DeprecationWarning: This process (pid=1894) is multi-threaded, use of fork() may lead to deadlocks in the child.
  pid = os.fork()

[2025-12-28T19:00:11.972+0000] {standard_task_runner.py:63} INFO - Started process 1896 to run task
[2025-12-28T19:00:11.970+0000] {standard_task_runner.py:90} INFO - Running: ['***', 'tasks', 'run', 'fetch_and_upsert_weather', 'fetch_weather_data_task', 'scheduled__2025-12-28T18:45:00+00:00', '--job-id', '100', '--raw', '--subdir', 'DAGS_FOLDER/etl.py', '--cfg-path', '/tmp/tmpx4n63rfe']
[2025-12-28T19:00:11.977+0000] {standard_task_runner.py:91} INFO - Job 100: Subtask fetch_weather_data_task
[2025-12-28T19:00:12.145+0000] {task_command.py:426} INFO - Running <TaskInstance: fetch_and_upsert_weather.fetch_weather_data_task scheduled__2025-12-28T18:45:00+00:00 [running]> on host 0ce276c6d749
[2025-12-28T19:00:12.378+0000] {taskinstance.py:2644} INFO - Exporting env vars: AIRFLOW_CTX_DAG_OWNER='***' AIRFLOW_CTX_DAG_ID='fetch_and_upsert_weather' AIRFLOW_CTX_TASK_ID='fetch_weather_data_task' AIRFLOW_CTX_EXECUTION_DATE='2025-12-28T18:45:00+00:00' AIRFLOW_CTX_TRY_NUMBER='1' AIRFLOW_CTX_DAG_RUN_ID='scheduled__2025-12-28T18:45:00+00:00'
[2025-12-28T19:00:12.382+0000] {taskinstance.py:430} INFO - ::endgroup::
[2025-12-28T19:00:22.599+0000] {logging_mixin.py:188} INFO - Error fetching weather data: 401
[2025-12-28T19:00:23.518+0000] {logging_mixin.py:188} INFO - Error fetching weather data: 401
[2025-12-28T19:00:24.748+0000] {logging_mixin.py:188} INFO - Error fetching weather data: 401
[2025-12-28T19:00:25.961+0000] {logging_mixin.py:188} INFO - Error fetching weather data: 401
[2025-12-28T19:00:25.966+0000] {python.py:237} INFO - Done. Returned value was: []
[2025-12-28T19:00:25.971+0000] {taskinstance.py:441} INFO - ::group::Post task execution logs
[2025-12-28T19:00:26.163+0000] {taskinstance.py:1205} INFO - Marking task as SUCCESS. dag_id=fetch_and_upsert_weather, task_id=fetch_weather_data_task, execution_date=20251228T184500, start_date=20251228T190011, end_date=20251228T190026
[2025-12-28T19:00:26.306+0000] {local_task_job_runner.py:240} INFO - Task exited with return code 0
[2025-12-28T19:00:26.477+0000] {taskinstance.py:3482} INFO - 1 downstream tasks scheduled from follow-on schedule check
[2025-12-28T19:00:26.486+0000] {local_task_job_runner.py:222} INFO - ::endgroup::
