[2025-12-28T19:15:33.086+0000] {local_task_job_runner.py:120} INFO - ::group::Pre task execution logs
[2025-12-28T19:15:33.137+0000] {taskinstance.py:2073} INFO - Dependencies all met for dep_context=non-requeueable deps ti=<TaskInstance: fetch_and_upsert_weather.transform_weather_data scheduled__2025-12-28T19:00:00+00:00 [queued]>
[2025-12-28T19:15:33.156+0000] {taskinstance.py:2073} INFO - Dependencies all met for dep_context=requeueable deps ti=<TaskInstance: fetch_and_upsert_weather.transform_weather_data scheduled__2025-12-28T19:00:00+00:00 [queued]>
[2025-12-28T19:15:33.158+0000] {taskinstance.py:2303} INFO - Starting attempt 1 of 2
[2025-12-28T19:15:33.207+0000] {taskinstance.py:2327} INFO - Executing <Task(PythonOperator): transform_weather_data> on 2025-12-28 19:00:00+00:00
[2025-12-28T19:15:33.228+0000] {warnings.py:110} WARNING - /home/***/.local/lib/python3.12/site-packages/***/task/task_runner/standard_task_runner.py:61: DeprecationWarning: This process (pid=2083) is multi-threaded, use of fork() may lead to deadlocks in the child.
  pid = os.fork()

[2025-12-28T19:15:33.236+0000] {standard_task_runner.py:63} INFO - Started process 2085 to run task
[2025-12-28T19:15:33.233+0000] {standard_task_runner.py:90} INFO - Running: ['***', 'tasks', 'run', 'fetch_and_upsert_weather', 'transform_weather_data', 'scheduled__2025-12-28T19:00:00+00:00', '--job-id', '106', '--raw', '--subdir', 'DAGS_FOLDER/etl.py', '--cfg-path', '/tmp/tmp96_emsw5']
[2025-12-28T19:15:33.241+0000] {standard_task_runner.py:91} INFO - Job 106: Subtask transform_weather_data
[2025-12-28T19:15:33.399+0000] {task_command.py:426} INFO - Running <TaskInstance: fetch_and_upsert_weather.transform_weather_data scheduled__2025-12-28T19:00:00+00:00 [running]> on host 0ce276c6d749
[2025-12-28T19:15:33.645+0000] {taskinstance.py:2644} INFO - Exporting env vars: AIRFLOW_CTX_DAG_OWNER='***' AIRFLOW_CTX_DAG_ID='fetch_and_upsert_weather' AIRFLOW_CTX_TASK_ID='transform_weather_data' AIRFLOW_CTX_EXECUTION_DATE='2025-12-28T19:00:00+00:00' AIRFLOW_CTX_TRY_NUMBER='1' AIRFLOW_CTX_DAG_RUN_ID='scheduled__2025-12-28T19:00:00+00:00'
[2025-12-28T19:15:33.650+0000] {taskinstance.py:430} INFO - ::endgroup::
[2025-12-28T19:15:33.678+0000] {logging_mixin.py:188} INFO - No raw data to transform
[2025-12-28T19:15:33.680+0000] {python.py:237} INFO - Done. Returned value was: None
[2025-12-28T19:15:33.681+0000] {taskinstance.py:441} INFO - ::group::Post task execution logs
[2025-12-28T19:15:33.704+0000] {taskinstance.py:1205} INFO - Marking task as SUCCESS. dag_id=fetch_and_upsert_weather, task_id=transform_weather_data, execution_date=20251228T190000, start_date=20251228T191533, end_date=20251228T191533
[2025-12-28T19:15:33.776+0000] {local_task_job_runner.py:240} INFO - Task exited with return code 0
[2025-12-28T19:15:33.825+0000] {taskinstance.py:3482} INFO - 1 downstream tasks scheduled from follow-on schedule check
[2025-12-28T19:15:33.833+0000] {local_task_job_runner.py:222} INFO - ::endgroup::
