[2025-12-28T19:45:18.218+0000] {local_task_job_runner.py:120} INFO - ::group::Pre task execution logs
[2025-12-28T19:45:18.394+0000] {taskinstance.py:2073} INFO - Dependencies all met for dep_context=non-requeueable deps ti=<TaskInstance: fetch_and_upsert_weather.fetch_weather_data_task scheduled__2025-12-28T19:30:00+00:00 [queued]>
[2025-12-28T19:45:18.417+0000] {taskinstance.py:2073} INFO - Dependencies all met for dep_context=requeueable deps ti=<TaskInstance: fetch_and_upsert_weather.fetch_weather_data_task scheduled__2025-12-28T19:30:00+00:00 [queued]>
[2025-12-28T19:45:18.419+0000] {taskinstance.py:2303} INFO - Starting attempt 1 of 2
[2025-12-28T19:45:18.462+0000] {taskinstance.py:2327} INFO - Executing <Task(PythonOperator): fetch_weather_data_task> on 2025-12-28 19:30:00+00:00
[2025-12-28T19:45:18.485+0000] {warnings.py:110} WARNING - /home/***/.local/lib/python3.12/site-packages/***/task/task_runner/standard_task_runner.py:61: DeprecationWarning: This process (pid=2422) is multi-threaded, use of fork() may lead to deadlocks in the child.
  pid = os.fork()

[2025-12-28T19:45:18.518+0000] {standard_task_runner.py:63} INFO - Started process 2431 to run task
[2025-12-28T19:45:18.512+0000] {standard_task_runner.py:90} INFO - Running: ['***', 'tasks', 'run', 'fetch_and_upsert_weather', 'fetch_weather_data_task', 'scheduled__2025-12-28T19:30:00+00:00', '--job-id', '112', '--raw', '--subdir', 'DAGS_FOLDER/etl.py', '--cfg-path', '/tmp/tmpxvrxiorw']
[2025-12-28T19:45:18.597+0000] {standard_task_runner.py:91} INFO - Job 112: Subtask fetch_weather_data_task
[2025-12-28T19:45:19.424+0000] {task_command.py:426} INFO - Running <TaskInstance: fetch_and_upsert_weather.fetch_weather_data_task scheduled__2025-12-28T19:30:00+00:00 [running]> on host 0ce276c6d749
[2025-12-28T19:45:20.862+0000] {taskinstance.py:2644} INFO - Exporting env vars: AIRFLOW_CTX_DAG_OWNER='***' AIRFLOW_CTX_DAG_ID='fetch_and_upsert_weather' AIRFLOW_CTX_TASK_ID='fetch_weather_data_task' AIRFLOW_CTX_EXECUTION_DATE='2025-12-28T19:30:00+00:00' AIRFLOW_CTX_TRY_NUMBER='1' AIRFLOW_CTX_DAG_RUN_ID='scheduled__2025-12-28T19:30:00+00:00'
[2025-12-28T19:45:20.926+0000] {taskinstance.py:430} INFO - ::endgroup::
[2025-12-28T19:45:22.506+0000] {logging_mixin.py:188} INFO - Error fetching weather data: 401
[2025-12-28T19:45:23.512+0000] {logging_mixin.py:188} INFO - Error fetching weather data: 401
[2025-12-28T19:45:24.424+0000] {logging_mixin.py:188} INFO - Error fetching weather data: 401
[2025-12-28T19:45:25.305+0000] {logging_mixin.py:188} INFO - Error fetching weather data: 401
[2025-12-28T19:45:25.311+0000] {python.py:237} INFO - Done. Returned value was: []
[2025-12-28T19:45:25.314+0000] {taskinstance.py:441} INFO - ::group::Post task execution logs
[2025-12-28T19:45:25.403+0000] {taskinstance.py:1205} INFO - Marking task as SUCCESS. dag_id=fetch_and_upsert_weather, task_id=fetch_weather_data_task, execution_date=20251228T193000, start_date=20251228T194518, end_date=20251228T194525
[2025-12-28T19:45:25.506+0000] {local_task_job_runner.py:240} INFO - Task exited with return code 0
[2025-12-28T19:45:25.595+0000] {taskinstance.py:3482} INFO - 1 downstream tasks scheduled from follow-on schedule check
[2025-12-28T19:45:25.606+0000] {local_task_job_runner.py:222} INFO - ::endgroup::
